This is pdfTeX, Version 3.141592653-2.6-1.40.24 (TeX Live 2022) (preloaded format=pdflatex 2022.6.24)  18 MAR 2025 21:06
entering extended mode
 restricted \write18 enabled.
 file:line:error style messages enabled.
 %&-line parsing enabled.
**flu.tex
(./flu.tex
LaTeX2e <2021-11-15> patch level 1
L3 programming layer <2022-02-24>
(/usr/local/texlive/2022/texmf-dist/tex/latex/base/article.cls
Document Class: article 2021/10/04 v1.4n Standard LaTeX document class
(/usr/local/texlive/2022/texmf-dist/tex/latex/base/size12.clo
File: size12.clo 2021/10/04 v1.4n Standard LaTeX file (size option)
)
\c@part=\count185
\c@section=\count186
\c@subsection=\count187
\c@subsubsection=\count188
\c@paragraph=\count189
\c@subparagraph=\count190
\c@figure=\count191
\c@table=\count192
\abovecaptionskip=\skip47
\belowcaptionskip=\skip48
\bibindent=\dimen138
)
(/usr/local/texlive/2022/texmf-dist/tex/latex/graphics/graphicx.sty
Package: graphicx 2021/09/16 v1.2d Enhanced LaTeX Graphics (DPC,SPQR)

(/usr/local/texlive/2022/texmf-dist/tex/latex/graphics/keyval.sty
Package: keyval 2014/10/28 v1.15 key=value parser (DPC)
\KV@toks@=\toks16
)
(/usr/local/texlive/2022/texmf-dist/tex/latex/graphics/graphics.sty
Package: graphics 2021/03/04 v1.4d Standard LaTeX Graphics (DPC,SPQR)

(/usr/local/texlive/2022/texmf-dist/tex/latex/graphics/trig.sty
Package: trig 2021/08/11 v1.11 sin cos tan (DPC)
)
(/usr/local/texlive/2022/texmf-dist/tex/latex/graphics-cfg/graphics.cfg
File: graphics.cfg 2016/06/04 v1.11 sample graphics configuration
)
Package graphics Info: Driver file: pdftex.def on input line 107.

(/usr/local/texlive/2022/texmf-dist/tex/latex/graphics-def/pdftex.def
File: pdftex.def 2020/10/05 v1.2a Graphics/color driver for pdftex
))
\Gin@req@height=\dimen139
\Gin@req@width=\dimen140
)
(/usr/local/texlive/2022/texmf-dist/tex/latex/amsmath/amsmath.sty
Package: amsmath 2021/10/15 v2.17l AMS math features
\@mathmargin=\skip49

For additional information on amsmath, use the `?' option.
(/usr/local/texlive/2022/texmf-dist/tex/latex/amsmath/amstext.sty
Package: amstext 2021/08/26 v2.01 AMS text

(/usr/local/texlive/2022/texmf-dist/tex/latex/amsmath/amsgen.sty
File: amsgen.sty 1999/11/30 v2.0 generic functions
\@emptytoks=\toks17
\ex@=\dimen141
))
(/usr/local/texlive/2022/texmf-dist/tex/latex/amsmath/amsbsy.sty
Package: amsbsy 1999/11/29 v1.2d Bold Symbols
\pmbraise@=\dimen142
)
(/usr/local/texlive/2022/texmf-dist/tex/latex/amsmath/amsopn.sty
Package: amsopn 2021/08/26 v2.02 operator names
)
\inf@bad=\count193
LaTeX Info: Redefining \frac on input line 234.
\uproot@=\count194
\leftroot@=\count195
LaTeX Info: Redefining \overline on input line 399.
\classnum@=\count196
\DOTSCASE@=\count197
LaTeX Info: Redefining \ldots on input line 496.
LaTeX Info: Redefining \dots on input line 499.
LaTeX Info: Redefining \cdots on input line 620.
\Mathstrutbox@=\box50
\strutbox@=\box51
\big@size=\dimen143
LaTeX Font Info:    Redeclaring font encoding OML on input line 743.
LaTeX Font Info:    Redeclaring font encoding OMS on input line 744.
\macc@depth=\count198
\c@MaxMatrixCols=\count199
\dotsspace@=\muskip16
\c@parentequation=\count266
\dspbrk@lvl=\count267
\tag@help=\toks18
\row@=\count268
\column@=\count269
\maxfields@=\count270
\andhelp@=\toks19
\eqnshift@=\dimen144
\alignsep@=\dimen145
\tagshift@=\dimen146
\tagwidth@=\dimen147
\totwidth@=\dimen148
\lineht@=\dimen149
\@envbody=\toks20
\multlinegap=\skip50
\multlinetaggap=\skip51
\mathdisplay@stack=\toks21
LaTeX Info: Redefining \[ on input line 2938.
LaTeX Info: Redefining \] on input line 2939.
)
(/usr/local/texlive/2022/texmf-dist/tex/latex/wrapfig/wrapfig.sty
\wrapoverhang=\dimen150
\WF@size=\dimen151
\c@WF@wrappedlines=\count271
\WF@box=\box52
\WF@everypar=\toks22
Package: wrapfig 2003/01/31  v 3.6
)
(/usr/local/texlive/2022/texmf-dist/tex/latex/preprint/fullpage.sty
Package: fullpage 1999/02/23 1.1 (PWD)
\FP@margin=\skip52
)
(/usr/local/texlive/2022/texmf-dist/tex/latex/tools/layout.sty
Package: layout 2021-03-10 v1.2e Show layout parameters
\oneinch=\count272
\cnt@paperwidth=\count273
\cnt@paperheight=\count274
\cnt@hoffset=\count275
\cnt@voffset=\count276
\cnt@textheight=\count277
\cnt@textwidth=\count278
\cnt@topmargin=\count279
\cnt@oddsidemargin=\count280
\cnt@evensidemargin=\count281
\cnt@headheight=\count282
\cnt@headsep=\count283
\cnt@marginparsep=\count284
\cnt@marginparwidth=\count285
\cnt@marginparpush=\count286
\cnt@footskip=\count287
\fheight=\count288
\ref@top=\count289
\ref@hoffset=\count290
\ref@voffset=\count291
\ref@head=\count292
\ref@body=\count293
\ref@foot=\count294
\ref@margin=\count295
\ref@marginwidth=\count296
\ref@marginpar=\count297
\Interval=\count298
\ExtraYPos=\count299
\PositionX=\count300
\PositionY=\count301
\ArrowLength=\count302
)
(/usr/local/texlive/2022/texmf-dist/tex/latex/tools/indentfirst.sty
Package: indentfirst 1995/11/23 v1.03 Indent first paragraph (DPC)
)
(/usr/local/texlive/2022/texmf-dist/tex/latex/placeins/placeins.sty
Package: placeins 2005/04/18  v 2.2
)
(/usr/local/texlive/2022/texmf-dist/tex/latex/caption/subcaption.sty
Package: subcaption 2022/01/07 v1.5 Sub-captions (AR)

(/usr/local/texlive/2022/texmf-dist/tex/latex/caption/caption.sty
Package: caption 2022/03/01 v3.6b Customizing captions (AR)

(/usr/local/texlive/2022/texmf-dist/tex/latex/caption/caption3.sty
Package: caption3 2022/03/17 v2.3b caption3 kernel (AR)
\caption@tempdima=\dimen152
\captionmargin=\dimen153
\caption@leftmargin=\dimen154
\caption@rightmargin=\dimen155
\caption@width=\dimen156
\caption@indent=\dimen157
\caption@parindent=\dimen158
\caption@hangindent=\dimen159
Package caption Info: Standard document class detected.
)
\c@caption@flags=\count303
\c@continuedfloat=\count304
Package caption Info: wrapfig package is loaded.
)
\c@subfigure=\count305
\c@subtable=\count306
)
(/usr/local/texlive/2022/texmf-dist/tex/latex/l3backend/l3backend-pdftex.def
File: l3backend-pdftex.def 2022-02-07 L3 backend support: PDF output (pdfTeX)
\l__color_backend_stack_int=\count307
\l__pdf_internal_box=\box53
)
(./flu.aux)
\openout1 = `flu.aux'.

LaTeX Font Info:    Checking defaults for OML/cmm/m/it on input line 10.
LaTeX Font Info:    ... okay on input line 10.
LaTeX Font Info:    Checking defaults for OMS/cmsy/m/n on input line 10.
LaTeX Font Info:    ... okay on input line 10.
LaTeX Font Info:    Checking defaults for OT1/cmr/m/n on input line 10.
LaTeX Font Info:    ... okay on input line 10.
LaTeX Font Info:    Checking defaults for T1/cmr/m/n on input line 10.
LaTeX Font Info:    ... okay on input line 10.
LaTeX Font Info:    Checking defaults for TS1/cmr/m/n on input line 10.
LaTeX Font Info:    ... okay on input line 10.
LaTeX Font Info:    Checking defaults for OMX/cmex/m/n on input line 10.
LaTeX Font Info:    ... okay on input line 10.
LaTeX Font Info:    Checking defaults for U/cmr/m/n on input line 10.
LaTeX Font Info:    ... okay on input line 10.

(/usr/local/texlive/2022/texmf-dist/tex/context/base/mkii/supp-pdf.mkii
[Loading MPS to PDF converter (version 2006.09.02).]
\scratchcounter=\count308
\scratchdimen=\dimen160
\scratchbox=\box54
\nofMPsegments=\count309
\nofMParguments=\count310
\everyMPshowfont=\toks23
\MPscratchCnt=\count311
\MPscratchDim=\dimen161
\MPnumerator=\count312
\makeMPintoPDFobject=\count313
\everyMPtoPDFconversion=\toks24
) (/usr/local/texlive/2022/texmf-dist/tex/latex/epstopdf-pkg/epstopdf-base.sty
Package: epstopdf-base 2020-01-24 v2.11 Base part for package epstopdf
Package epstopdf-base Info: Redefining graphics rule for `.eps' on input line 4
85.

(/usr/local/texlive/2022/texmf-dist/tex/latex/latexconfig/epstopdf-sys.cfg
File: epstopdf-sys.cfg 2010/07/13 v1.3 Configuration of (r)epstopdf for TeX Liv
e
))
Package caption Info: Begin \AtBeginDocument code.
Package caption Info: End \AtBeginDocument code.

[1

{/usr/local/texlive/2022/texmf-var/fonts/map/pdftex/updmap/pdftex.map}]
<../Pictures/SH_Corrs.PNG, id=13, 1055.945pt x 592.2125pt>
File: ../Pictures/SH_Corrs.PNG Graphic file (type png)
<use ../Pictures/SH_Corrs.PNG>
Package pdftex.def Info: ../Pictures/SH_Corrs.PNG  used on input line 56.
(pdftex.def)             Requested size: 256.07481pt x 143.61588pt.
<../Pictures/flu_cases.png, id=15, 1033.8625pt x 570.13pt>
File: ../Pictures/flu_cases.png Graphic file (type png)
<use ../Pictures/flu_cases.png>
Package pdftex.def Info: ../Pictures/flu_cases.png  used on input line 62.
(pdftex.def)             Requested size: 256.07481pt x 141.20982pt.


LaTeX Warning: Reference `fig:so_corrs' on page 2 undefined on input line 68.


LaTeX Warning: Reference `fig:so_cases' on page 2 undefined on input line 71.

[2 <../Pictures/SH_Corrs.PNG> <../Pictures/flu_cases.png>]

Package caption Warning: \label without proper reference on input line 129.
See the caption package documentation for explanation.


LaTeX Warning: Reference `fig:archtypes' on page 3 undefined on input line 93.

<../Pictures/modelarchsum.png, id=27, 269.005pt x 432.61626pt>
File: ../Pictures/modelarchsum.png Graphic file (type png)
<use ../Pictures/modelarchsum.png>
Package pdftex.def Info: ../Pictures/modelarchsum.png  used on input line 117.
(pdftex.def)             Requested size: 153.64644pt x 247.09552pt.
<../Pictures/modelarchtypes.png, id=28, 1008.76875pt x 565.11125pt>
File: ../Pictures/modelarchtypes.png Graphic file (type png)
<use ../Pictures/modelarchtypes.png>
Package pdftex.def Info: ../Pictures/modelarchtypes.png  used on input line 126
.
(pdftex.def)             Requested size: 504.38315pt x 282.55493pt.
[3 <../Pictures/modelarchtypes.png> <../Pictures/modelarchsum.png>]
Overfull \hbox (78.79951pt too wide) detected at line 141
[]\OML/cmm/m/it/12 MSE[] \OT1/cmr/m/n/12 = []
 []

<Pictures/TrainEx.png, id=34, 648.17157pt x 371.13657pt>
File: Pictures/TrainEx.png Graphic file (type png)
<use Pictures/TrainEx.png>
Package pdftex.def Info: Pictures/TrainEx.png  used on input line 145.
(pdftex.def)             Requested size: 324.08499pt x 185.56783pt.

Overfull \hbox (16.7921pt too wide) in paragraph at lines 145--146
 [] 
 []


Package caption Warning: \label without proper reference on input line 164.
See the caption package documentation for explanation.


LaTeX Warning: Reference `fig:full' on page 4 undefined on input line 153.


Underfull \hbox (badness 5288) in paragraph at lines 153--154
\OT1/cmr/m/n/12 while si-mul-ta-ne-ously al-low-ing the
 []

<../Pictures/ModelVariation.PNG, id=35, 1062.97125pt x 571.13374pt>
File: ../Pictures/ModelVariation.PNG Graphic file (type png)
<use ../Pictures/ModelVariation.PNG>
Package pdftex.def Info: ../Pictures/ModelVariation.PNG  used on input line 161
.
(pdftex.def)             Requested size: 531.48433pt x 285.56618pt.

Overfull \hbox (19.3347pt too wide) in paragraph at lines 161--162
 [] 
 []

[4 <./Pictures/TrainEx.png>] [5 <../Pictures/ModelVariation.PNG>]
<../Pictures/modelvariationzoom.png, id=44, 1061.9675pt x 570.13pt>
File: ../Pictures/modelvariationzoom.png Graphic file (type png)
<use ../Pictures/modelvariationzoom.png>
Package pdftex.def Info: ../Pictures/modelvariationzoom.png  used on input line
 171.
(pdftex.def)             Requested size: 530.98245pt x 285.0643pt.

Overfull \hbox (18.83282pt too wide) in paragraph at lines 171--172
 [] 
 []


Package caption Warning: \label without proper reference on input line 196.
See the caption package documentation for explanation.


LaTeX Warning: Reference `fig:peakfits' on page 6 undefined on input line 187.

<../Pictures/TwoPeakFits.PNG, id=45, 1725.0849pt x 2279.3958pt>
File: ../Pictures/TwoPeakFits.PNG Graphic file (type png)
<use ../Pictures/TwoPeakFits.PNG>
Package pdftex.def Info: ../Pictures/TwoPeakFits.PNG  used on input line 193.
(pdftex.def)             Requested size: 517.52946pt x 683.82404pt.

Overfull \hbox (5.37984pt too wide) in paragraph at lines 193--194
 [] 
 []


LaTeX Warning: `!h' float specifier changed to `!ht'.

[6

 <../Pictures/modelvariationzoom.png>] [7 <../Pictures/TwoPeakFits.PNG>]
<../Pictures/lorenzians.png, id=56, 1061.9675pt x 575.14874pt>
File: ../Pictures/lorenzians.png Graphic file (type png)
<use ../Pictures/lorenzians.png>
Package pdftex.def Info: ../Pictures/lorenzians.png  used on input line 206.
(pdftex.def)             Requested size: 530.98245pt x 287.57367pt.

Overfull \hbox (18.83282pt too wide) in paragraph at lines 206--207
 [] 
 []

<../Pictures/Forecasts.png, id=57, 1062.97125pt x 569.12625pt>
File: ../Pictures/Forecasts.png Graphic file (type png)
<use ../Pictures/Forecasts.png>
Package pdftex.def Info: ../Pictures/Forecasts.png  used on input line 218.
(pdftex.def)             Requested size: 531.48433pt x 284.56242pt.

Overfull \hbox (19.3347pt too wide) in paragraph at lines 218--219
 [][] 
 []


LaTeX Warning: `!h' float specifier changed to `!ht'.

[8

 <../Pictures/lorenzians.png>] [9 <../Pictures/Forecasts.png>] (./flu.aux)

LaTeX Warning: There were undefined references.

 ) 
Here is how much of TeX's memory you used:
 3749 strings out of 478268
 65495 string characters out of 5846347
 361090 words of memory out of 5000000
 21935 multiletter control sequences out of 15000+600000
 476920 words of font info for 55 fonts, out of 8000000 for 9000
 1141 hyphenation exceptions out of 8191
 67i,8n,77p,996b,528s stack positions out of 10000i,1000n,20000p,200000b,200000s
</usr/local/texlive/2022/texmf-dist/fonts/type1/public/amsfonts/cm/cmbx10.pfb
></usr/local/texlive/2022/texmf-dist/fonts/type1/public/amsfonts/cm/cmbx12.pfb>
</usr/local/texlive/2022/texmf-dist/fonts/type1/public/amsfonts/cm/cmex10.pfb><
/usr/local/texlive/2022/texmf-dist/fonts/type1/public/amsfonts/cm/cmmi10.pfb></
usr/local/texlive/2022/texmf-dist/fonts/type1/public/amsfonts/cm/cmmi12.pfb></u
sr/local/texlive/2022/texmf-dist/fonts/type1/public/amsfonts/cm/cmmi6.pfb></usr
/local/texlive/2022/texmf-dist/fonts/type1/public/amsfonts/cm/cmmi8.pfb></usr/l
ocal/texlive/2022/texmf-dist/fonts/type1/public/amsfonts/cm/cmr10.pfb></usr/loc
al/texlive/2022/texmf-dist/fonts/type1/public/amsfonts/cm/cmr12.pfb></usr/local
/texlive/2022/texmf-dist/fonts/type1/public/amsfonts/cm/cmr17.pfb></usr/local/t
exlive/2022/texmf-dist/fonts/type1/public/amsfonts/cm/cmr7.pfb></usr/local/texl
ive/2022/texmf-dist/fonts/type1/public/amsfonts/cm/cmr8.pfb></usr/local/texlive
/2022/texmf-dist/fonts/type1/public/amsfonts/cm/cmsy10.pfb></usr/local/texlive/
2022/texmf-dist/fonts/type1/public/amsfonts/cm/cmsy8.pfb>
Output written on flu.pdf (9 pages, 3747171 bytes).
PDF statistics:
 125 PDF objects out of 1000 (max. 8388607)
 65 compressed objects within 1 object stream
 0 named destinations out of 1000 (max. 500000)
 51 words of extra memory for PDF output out of 10000 (max. 10000000)

