starting log for model: models/gru1_fcast_23_new_22-23.pth
Train loss: 10.707894609381583 Val loss: 1.1809913268218433 Time: 0.24146737499904702
Train loss: 6.26278484824039 Val loss: 0.7499388660388632 Time: 0.2130518750000192
Train loss: 5.743299758683065 Val loss: 0.7026896258798357 Time: 0.22466416700081027
Train loss: 5.401471915923963 Val loss: 0.663133535018634 Time: 0.21257429100114678
Train loss: 5.061502321580903 Val loss: 0.6204204171559502 Time: 0.21643570800006273
Train loss: 4.715669645310925 Val loss: 0.5739763177790647 Time: 0.21724904099937703
Train loss: 4.375477209885517 Val loss: 0.528175371162812 Time: 0.2166342500004248
Train loss: 4.073384141972868 Val loss: 0.49293783569156724 Time: 0.21321908299978531
Train loss: 3.7940501664401722 Val loss: 0.44414076323507873 Time: 0.2162343330001022
Train loss: 3.5562882807354583 Val loss: 0.4058728558930803 Time: 0.2177143339995382
Train loss: 3.366104025210673 Val loss: 0.3731389458276802 Time: 0.23806395899919153
Train loss: 3.2145181357767196 Val loss: 0.3463404854733522 Time: 0.21156537500064587
Train loss: 3.0782913728834416 Val loss: 0.32241057832115766 Time: 0.260144207999474
Train loss: 2.953657548046573 Val loss: 0.301798214850648 Time: 0.21216995800023142
Train loss: 2.837322252768253 Val loss: 0.2847652706631022 Time: 0.2237249999998312
Train loss: 2.7499158334118095 Val loss: 0.27499275660679107 Time: 0.23783470799935458
Train loss: 2.6203841606651395 Val loss: 0.2630028540444714 Time: 0.21166454199919826
Train loss: 2.5450572909756914 Val loss: 0.2767651542100469 Time: 0.21350570800132118
Train loss: 2.3859653663572615 Val loss: 0.27238717974685744 Time: 0.21918416700100352
Train loss: 2.362745064712456 Val loss: 0.26831183114773377 Time: 0.20964658399861946
Train loss: 2.367390866828158 Val loss: 0.2703658987675165 Time: 0.2132170419990871
Train loss: 2.2471618219539433 Val loss: 0.26773337738536673 Time: 0.2172420000006241
Train loss: 2.198858036279365 Val loss: 0.24644106011238412 Time: 0.21155908299988369
Train loss: 2.1271780920849714 Val loss: 0.24267412882780126 Time: 0.21547395800007507
Train loss: 2.058318663243922 Val loss: 0.23634663302393016 Time: 0.21154174999901443
Train loss: 1.974374205365045 Val loss: 0.24006817946019224 Time: 0.2169376249985362
Train loss: 1.9313037486538622 Val loss: 0.23618126510764934 Time: 0.21231237499887357
Train loss: 1.8559321878419093 Val loss: 0.22553653176342695 Time: 0.21640779100016516
Train loss: 1.7590545466167207 Val loss: 0.21115005282161622 Time: 0.21536216700042132
Train loss: 1.718461356275096 Val loss: 0.1984716847384383 Time: 0.21246229200005473
Train loss: 1.6265621087365005 Val loss: 0.18434050427257012 Time: 0.2178604170003382
Train loss: 1.5519022829370268 Val loss: 0.18041458698438612 Time: 0.21165479199953552
Train loss: 1.4820949229391873 Val loss: 0.16373243981935084 Time: 0.21176195800035202
Train loss: 1.4519562732267897 Val loss: 0.15897806762235944 Time: 0.2156197919994156
Train loss: 1.3464228396296145 Val loss: 0.14168370954689152 Time: 0.21287670799938496
Train loss: 1.3457982772903678 Val loss: 0.136412145837319 Time: 0.2209156669996446
Train loss: 1.2460520547601561 Val loss: 0.13250168977007812 Time: 0.2123472090006544
Train loss: 1.3153453116655918 Val loss: 0.13237434549518276 Time: 0.21769770900027652
Train loss: 1.131117063260767 Val loss: 0.15601920167686262 Time: 0.21212104100050055
Train loss: 1.3520217802435308 Val loss: 0.24544608220069197 Time: 0.2212151250005263
Train loss: 1.0706661358572127 Val loss: 0.1813405603740069 Time: 0.21119837499827554
Train loss: 1.183920345821872 Val loss: 0.24181806320737662 Time: 0.21337537499857717
Train loss: 0.9628846830104383 Val loss: 0.18609731101545243 Time: 0.21791750000011234
Train loss: 1.2044832690570004 Val loss: 0.6177860148668781 Time: 0.21327299999938987
Train loss: 0.9234166341098291 Val loss: 0.2798841889418342 Time: 0.2203856670003006
Train loss: 1.2649880507170792 Val loss: 0.62546533458951 Time: 0.21270299999923736
Train loss: 0.9019859916754678 Val loss: 0.25621451251239385 Time: 0.21632341700023971
Train loss: 1.083311131313863 Val loss: 0.35808503568911604 Time: 0.21912299999894458
Train loss: 0.9491625578081084 Val loss: 0.3444349981864818 Time: 0.21491970799979754
Train loss: 0.8963630753108163 Val loss: 0.7383576757248184 Time: 0.21090895799898135
Train loss: 0.8254145012878951 Val loss: 0.3177506622917073 Time: 0.21609291700042377
Train loss: 0.9077127278898729 Val loss: 0.3811227190495471 Time: 0.21470904200032237
Train loss: 1.0468619344209742 Val loss: 0.7268833661990322 Time: 0.21065691699914169
Train loss: 0.9582046250043277 Val loss: 0.3167733866020516 Time: 0.21784670799934247
Train loss: 1.0781985479092668 Val loss: 0.7317515534515044 Time: 0.21356520900008036
Train loss: 0.8027754331189891 Val loss: 0.7932169710273916 Time: 0.2100483330013958
Train loss: 0.9228195096271463 Val loss: 0.7217044670846593 Time: 0.22579145899908326
Train loss: 0.9908580162063743 Val loss: 0.29969550425430325 Time: 0.24471641700074542
Train loss: 1.0222556917268406 Val loss: 0.7946016638843331 Time: 0.2128979579993029
Train loss: 0.821619975479843 Val loss: 0.649447153291122 Time: 0.21430683299877273
Train loss: 0.7690202941920337 Val loss: 0.2911355047725591 Time: 0.21710950000124285
Train loss: 0.7693613868797655 Val loss: 0.42739317802083243 Time: 0.21191716599969368
Train loss: 0.9654872531715171 Val loss: 0.7558520581868016 Time: 0.2136657920000289
Train loss: 0.8743668597482013 Val loss: 0.31115422312629737 Time: 0.21287620899965987
Train loss: 0.9008045671199056 Val loss: 0.7678771474648569 Time: 0.21616487499886716
Train loss: 0.7763254376913926 Val loss: 0.7550439324044825 Time: 0.2145759579998412
Train loss: 0.8097953315320439 Val loss: 0.7457586446006667 Time: 0.2109958330001973
Train loss: 0.8987677493778046 Val loss: 0.2987338888410371 Time: 0.21520400000008522
Train loss: 0.998081424104214 Val loss: 0.7981104003554913 Time: 0.22120750000067346
Train loss: 0.7629337003452292 Val loss: 0.6619874455685084 Time: 0.21269129200118186
Train loss: 0.669863818856502 Val loss: 0.3340566371695354 Time: 0.21201858299900778
Train loss: 0.7022255965190141 Val loss: 0.8085613376319783 Time: 0.22069650000048568
Train loss: 0.7032422781926755 Val loss: 0.6521096917863632 Time: 0.21119591699971352
Train loss: 0.5980629934735759 Val loss: 0.304621163415795 Time: 0.21278908400017826
Train loss: 0.775030528906747 Val loss: 0.794162441315113 Time: 0.21485862499866926
Train loss: 0.9038304285411556 Val loss: 0.27960054546447716 Time: 0.2182375000011234
Train loss: 0.7541461047114509 Val loss: 0.8353618112817568 Time: 0.21966804200019396
Train loss: 0.7875148828644911 Val loss: 0.6486417362997163 Time: 0.2102612090002367
Train loss: 0.7187423781499298 Val loss: 0.29469143153583716 Time: 0.21443737499976123
Train loss: 0.7675237651700115 Val loss: 0.801442223119126 Time: 0.21244304199899489
Train loss: 0.6404744797674979 Val loss: 0.6490707177207247 Time: 0.2145221249993483
Train loss: 0.6220498438886342 Val loss: 0.2936650636429901 Time: 0.216548624999632
Train loss: 0.7180577570390412 Val loss: 1.9503351510964155 Time: 0.21652479200020025
Shrinking learning rate to 5e-05
Train loss: 0.576564882763364 Val loss: 0.3223953944920987 Time: 0.21262374999969325
Train loss: 0.5386195026978982 Val loss: 0.32913999103125563 Time: 0.22168362499905925
Train loss: 0.5153441786408592 Val loss: 0.3315667609756524 Time: 0.21287204199870757
Train loss: 0.5009087288094918 Val loss: 0.331614021844233 Time: 0.21646504199998162
Train loss: 0.48937588705734303 Val loss: 0.3306498456408903 Time: 0.2159205000007205
Train loss: 0.47976036173757386 Val loss: 0.3291700277361088 Time: 0.2131682079998427
Train loss: 0.4722220263687369 Val loss: 0.3272782604849603 Time: 0.21758541700000933
Train loss: 0.46602663482527706 Val loss: 0.32545632645787914 Time: 0.21422404199984157
Train loss: 0.46042458648289064 Val loss: 0.32341608957676254 Time: 0.21642841699940618
Train loss: 0.4557441335623764 Val loss: 0.3214896193381113 Time: 0.2113494589993934
Train loss: 0.4519184158572429 Val loss: 0.3192941860741241 Time: 0.22048575000007986
Train loss: 0.44787499425107846 Val loss: 0.3171468529057471 Time: 0.21764333300052385
Train loss: 0.44477034621062916 Val loss: 0.31534205917216374 Time: 0.2109766249996028
Train loss: 0.44175668435608056 Val loss: 0.3141309117639589 Time: 0.21318283300024632
Train loss: 0.4393564712143281 Val loss: 0.31292565348386014 Time: 0.2181197499994596
Train loss: 0.43675505225822064 Val loss: 0.31168035228414503 Time: 0.21107904099881125
Train loss: 0.434701640726356 Val loss: 0.31014453180544205 Time: 0.21451058399907197
Train loss: 0.43280627511140324 Val loss: 0.3085569285851883 Time: 0.2164389999998093
Train loss: 0.4305719772365473 Val loss: 0.3086231124239877 Time: 0.25831995800035656
Train loss: 0.4288906786895099 Val loss: 0.30736681040943015 Time: 0.21680312500029686
Train loss: 0.42699886628516825 Val loss: 0.30663128146402 Time: 0.21688758299933397
Train loss: 0.42550211094375356 Val loss: 0.3057247268210083 Time: 0.2184694159986975
Train loss: 0.42382353804039496 Val loss: 0.30497967865509745 Time: 0.21172412499981874
Train loss: 0.4222601626615088 Val loss: 0.30472771582089425 Time: 0.21863545900123427
Train loss: 0.4208842806806068 Val loss: 0.30366299974411165 Time: 0.21143887500147684
Train loss: 0.41936516172921756 Val loss: 0.3031931569270276 Time: 0.2137950419983099
Train loss: 0.417845317982229 Val loss: 0.3027016640063488 Time: 0.21223600000121223
Train loss: 0.41645979020187074 Val loss: 0.30215188800417875 Time: 0.21217449999858218
Train loss: 0.41526080288402234 Val loss: 0.30151230048517014 Time: 0.22395112500089454
Train loss: 0.4138629375881786 Val loss: 0.30122031577054625 Time: 0.2155506669987517
Train loss: 0.412563203516922 Val loss: 0.3000291705284837 Time: 0.2167646670004615
Train loss: 0.411228855966562 Val loss: 0.29978076616773863 Time: 0.21259679200011306
Train loss: 0.41011545496722235 Val loss: 0.29919226370613633 Time: 0.21966845899987675
Train loss: 0.40889901463167355 Val loss: 0.29880800191986495 Time: 0.21289841700127
Train loss: 0.40763873075251045 Val loss: 0.2981165348663235 Time: 0.21785083399845462
Train loss: 0.4065547428971934 Val loss: 0.29752366538647795 Time: 0.2114745420003601
Train loss: 0.4053207771842331 Val loss: 0.29711002530038655 Time: 0.2150270839993027
Train loss: 0.4041102686793643 Val loss: 0.29688939875262366 Time: 0.2188356249989738
Train loss: 0.40302067000188657 Val loss: 0.29649222472493814 Time: 0.2162733750010375
Train loss: 0.4020066506199633 Val loss: 0.29587806592327914 Time: 0.2222256250006467
Train loss: 0.4006191218401902 Val loss: 0.2959482427938816 Time: 0.21289112500016927
Train loss: 0.3997264429843179 Val loss: 0.29514551760212143 Time: 0.214895458000683
Train loss: 0.3984121493319639 Val loss: 0.29451643814224504 Time: 0.2146404170016467
Train loss: 0.39745921072752743 Val loss: 0.294090152301269 Time: 0.2130269170011161
Train loss: 0.39640183914114235 Val loss: 0.29318208194521705 Time: 0.22325779200036777
Train loss: 0.3951625135733874 Val loss: 0.2931388919818448 Time: 0.21340183400025126
Train loss: 0.3942873666013895 Val loss: 0.29290969819897184 Time: 0.21791420900080993
Train loss: 0.3931775219821181 Val loss: 0.29261705717155817 Time: 0.21260941599939542
Train loss: 0.3921368753770725 Val loss: 0.292424002594102 Time: 0.21697170800143795
Train loss: 0.3911869842285549 Val loss: 0.29261424172547623 Time: 0.21522387500044715
Train loss: 0.3902906514201092 Val loss: 0.29184534124020145 Time: 0.2134577500000887
Train loss: 0.38917353685486994 Val loss: 0.2914230656388618 Time: 0.21221949999926437
Train loss: 0.3880710821555997 Val loss: 0.2917716122509525 Time: 0.21977749999859952
Train loss: 0.3873001721170377 Val loss: 0.2909883035598473 Time: 0.21435254200150666
Train loss: 0.38626615978577333 Val loss: 0.2907172211801313 Time: 0.2121221659999719
Train loss: 0.3853063764522553 Val loss: 0.29038038150772677 Time: 0.21684920900042925
Train loss: 0.38434969390523666 Val loss: 0.29054163570817737 Time: 0.2116838750007446
Train loss: 0.38362209752373655 Val loss: 0.2897499597204814 Time: 0.21189970900013577
Train loss: 0.382625131384144 Val loss: 0.2896816529902128 Time: 0.22015979200114089
Train loss: 0.3817296054402557 Val loss: 0.2896705470821631 Time: 0.2116735420004261
Train loss: 0.3805678818624738 Val loss: 0.28914197173281886 Time: 0.21492600000055972
Train loss: 0.3797628676464635 Val loss: 0.289030819251707 Time: 0.2118537500009552
Train loss: 0.3786765318375436 Val loss: 0.2888538304411604 Time: 0.21209129099952406
Train loss: 0.3779550913077281 Val loss: 0.28851157773175495 Time: 0.21543587500127614
Train loss: 0.37700065861930576 Val loss: 0.2885708888213942 Time: 0.21240716700049234
Train loss: 0.37613846673923046 Val loss: 0.289205392980752 Time: 0.2178702080000221
Train loss: 0.37523168152717545 Val loss: 0.2888888333871031 Time: 0.21213900000111607
Train loss: 0.37440400306800825 Val loss: 0.2879741549977458 Time: 0.2212025419994461
Train loss: 0.37332220501152324 Val loss: 0.2881357611165664 Time: 0.2129889580010058
Train loss: 0.3724795986523697 Val loss: 0.2877707057324872 Time: 0.21318779099965468
Train loss: 0.37152520739880845 Val loss: 0.2880280697785379 Time: 0.21216779200040037
Train loss: 0.3707712576720583 Val loss: 0.28803833309514165 Time: 0.22289674999956333
Train loss: 0.3698310490937269 Val loss: 0.2881141442048386 Time: 0.2160627499997645
Train loss: 0.3690833256357884 Val loss: 0.2883325581205501 Time: 0.21209420800005319
Train loss: 0.3681961450246334 Val loss: 0.28874183496109873 Time: 0.2136242080014199
Train loss: 0.3672806376288827 Val loss: 0.2882821659598363 Time: 0.2104581670009793
Train loss: 0.3664992334230135 Val loss: 0.28873940112927055 Time: 0.21700491699994018
Train loss: 0.3657687375506171 Val loss: 0.288942277717461 Time: 0.21494087500104797
Train loss: 0.3649677795387207 Val loss: 0.2891336560895765 Time: 0.2112329999999929
Train loss: 0.36416636333512376 Val loss: 0.288907668756812 Time: 0.21437554200019804
Train loss: 0.3631505265117214 Val loss: 0.28860247713504245 Time: 0.21245041600013792
Train loss: 0.3625068763851811 Val loss: 0.2890639036555123 Time: 0.2132311250006751
Train loss: 0.3616434562977542 Val loss: 0.28887958336519715 Time: 0.21387474999937695
Train loss: 0.36093462685683964 Val loss: 0.2891707254680437 Time: 0.2194605419990694
Train loss: 0.36022664947271466 Val loss: 0.2894641659322342 Time: 0.21168941700125288
Train loss: 0.3592958260705261 Val loss: 0.2898882542964686 Time: 0.21555683400038106
Train loss: 0.35857575414040443 Val loss: 0.28949796318625937 Time: 0.2206517080012418
Train loss: 0.3579300170265247 Val loss: 0.28972721340523444 Time: 0.2118453330003831
Train loss: 0.35701950254361847 Val loss: 0.29030098491782663 Time: 0.21357454099961615
Train loss: 0.3562899987477737 Val loss: 0.2897317830506985 Time: 0.2130869580014405
Train loss: 0.3555814175011287 Val loss: 0.2900885351031567 Time: 0.21980475000054867
Train loss: 0.3548952642820229 Val loss: 0.2902649985935441 Time: 0.21251137500075856
Train loss: 0.3540290017901633 Val loss: 0.29043716478813925 Time: 0.21506550000049174
Train loss: 0.3532401095066904 Val loss: 0.2902666388053154 Time: 0.21335304199965321
Train loss: 0.3525089723223047 Val loss: 0.2900096203918462 Time: 0.21608683300109988
Train loss: 0.35185364264005337 Val loss: 0.29075069671544435 Time: 0.21693387500090466
Train loss: 0.35100788916455117 Val loss: 0.2907265101013592 Time: 0.21474833300089813
Train loss: 0.3502261779819955 Val loss: 0.2909895055508499 Time: 0.2146056249985122
Train loss: 0.3494674262865063 Val loss: 0.2912753638537205 Time: 0.2122670829994604
Train loss: 0.34872426763151054 Val loss: 0.2914448138596963 Time: 0.21962812499987194
Train loss: 0.3480356292131894 Val loss: 0.2913617810936559 Time: 0.21039695800027403
Train loss: 0.34728150639737443 Val loss: 0.29137414649927307 Time: 0.2144450420000794
Train loss: 0.3466082847893759 Val loss: 0.2916078284713512 Time: 0.21127083300052618
Train loss: 0.34582114628400973 Val loss: 0.2913906297876139 Time: 0.21901379199880466
Train loss: 0.34497623987354586 Val loss: 0.29163493591881445 Time: 0.21404758300013782
Train loss: 0.34429129943703796 Val loss: 0.2918877431549276 Time: 0.22677704200032167
Train loss: 0.34360322823121914 Val loss: 0.29183684065508414 Time: 0.25835533300050884
Train loss: 0.34295197150455525 Val loss: 0.2921930933555226 Time: 0.220084083999609
Train loss: 0.34223898823094334 Val loss: 0.2923887774594603 Time: 0.21379433399852132
Train loss: 0.34140342239213695 Val loss: 0.29265865702979715 Time: 0.21295549999922514
Train loss: 0.3408238788788509 Val loss: 0.29293049454821435 Time: 0.21577166699898953
Train loss: 0.34007097832754063 Val loss: 0.2926598378520102 Time: 0.21510408299945993
Train loss: 0.3392602875545965 Val loss: 0.2929230592068189 Time: 0.21643158400001994
Train loss: 0.3386168197540158 Val loss: 0.2932197519868649 Time: 0.21332791700115195
Train loss: 0.3379855895070101 Val loss: 0.29387506842252176 Time: 0.2247512079993612
Train loss: 0.3372745371399368 Val loss: 0.29407171012210126 Time: 0.21277358299994376
Train loss: 0.3365065625124526 Val loss: 0.2939052281066596 Time: 0.2170652090007934
Train loss: 0.33576760355067137 Val loss: 0.29477891060613365 Time: 0.21242612500100222
Train loss: 0.3351993710067802 Val loss: 0.2945631088512195 Time: 0.21999274999870977
Train loss: 0.3343617915140129 Val loss: 0.294922292194435 Time: 0.21462370799963537
Train loss: 0.3337035856107313 Val loss: 0.2947552348746893 Time: 0.2126875829999335
Train loss: 0.3329255002870859 Val loss: 0.2951887783297003 Time: 0.2224776250004652
Train loss: 0.33224709758727133 Val loss: 0.29571322612116535 Time: 0.21219720800036157
Train loss: 0.3315670493954883 Val loss: 0.2955943618349654 Time: 0.2133781659995293
Train loss: 0.3307250048400938 Val loss: 0.29621710283643016 Time: 0.22073374999854423
Train loss: 0.3300682608927161 Val loss: 0.29600779234620506 Time: 0.21363799999926414
Train loss: 0.329335157745966 Val loss: 0.2965721357324057 Time: 0.21617912500005332
Train loss: 0.3286805256811789 Val loss: 0.2967504057698221 Time: 0.21508999999969092
Train loss: 0.32808804520815915 Val loss: 0.2969719213744299 Time: 0.2214370420006162
Train loss: 0.3272739775247544 Val loss: 0.297162939131306 Time: 0.21194804100014153
Train loss: 0.3266459490566769 Val loss: 0.2979183855475907 Time: 0.21515220899891574
Train loss: 0.3260301659295557 Val loss: 0.2976840157087608 Time: 0.21291399999972782
Train loss: 0.32533036090413603 Val loss: 0.2982591257672362 Time: 0.21812099999988277
Train loss: 0.32452064610414766 Val loss: 0.2986863939432199 Time: 0.21694687499984866
Train loss: 0.3239807324029229 Val loss: 0.2987058336667201 Time: 0.2182936660010455
Train loss: 0.3232442595000933 Val loss: 0.2990331787503033 Time: 0.21217354199870897
Train loss: 0.3226031487323162 Val loss: 0.29903585495930185 Time: 0.22386762499991164
Train loss: 0.3219857046640868 Val loss: 0.2996160399026546 Time: 0.2143895409990364
Train loss: 0.3213142123585673 Val loss: 0.29911400744566435 Time: 0.21466704200065578
Train loss: 0.32072422663981115 Val loss: 0.2995531442278564 Time: 0.21186654200027988
Train loss: 0.3199184407412208 Val loss: 0.2993717743999531 Time: 0.2206856249995326
Train loss: 0.3190976080318393 Val loss: 0.2992214892444472 Time: 0.2117021249996469
Train loss: 0.31869747209126587 Val loss: 0.29911635489802985 Time: 0.212926874999539
Train loss: 0.3178471620824155 Val loss: 0.2998947423000478 Time: 0.2184748750005383
Train loss: 0.31724546566452005 Val loss: 0.2998337833287879 Time: 0.21275862500078802
Train loss: 0.3164623273346052 Val loss: 0.30015357816330146 Time: 0.21218491699983133
Train loss: 0.3158743598035034 Val loss: 0.2999621551876214 Time: 0.22070404100122687
Train loss: 0.3151826217016982 Val loss: 0.30004130136902835 Time: 0.22033295899927907
Train loss: 0.31448800041555103 Val loss: 0.3008494890659958 Time: 0.22689600000012433
Train loss: 0.31399717701904706 Val loss: 0.3008063644063065 Time: 0.2149535000007745
Train loss: 0.31327981532844973 Val loss: 0.30116180226780326 Time: 0.2122793750004348
Train loss: 0.31255947664874384 Val loss: 0.3013679141349726 Time: 0.25452387499899487
Train loss: 0.3120688264808722 Val loss: 0.30192716148290294 Time: 0.22786583299966878
Train loss: 0.3113367245238843 Val loss: 0.3016974562224057 Time: 0.21658354200008034
Train loss: 0.3106269571841729 Val loss: 0.30142601385317863 Time: 0.21437329199943633
Train loss: 0.31002166103508433 Val loss: 0.3019554590948129 Time: 0.2193712919997779
Train loss: 0.30948114012057015 Val loss: 0.3017638012490794 Time: 0.21230779200050165
Train loss: 0.3087674047089699 Val loss: 0.302413924658299 Time: 0.21275345800131618
Train loss: 0.3083386282606 Val loss: 0.30273602449528114 Time: 0.21832295800049906
Train loss: 0.3075954148468649 Val loss: 0.3036268738869653 Time: 0.21280375000060303
Train loss: 0.3069433791161007 Val loss: 0.3036637416394488 Time: 0.212370875000488
Train loss: 0.3064665398720019 Val loss: 0.3040308000254098 Time: 0.2213070420002623
Train loss: 0.3057453743636245 Val loss: 0.3039360087431601 Time: 0.21462133400018502
Train loss: 0.3050239832160777 Val loss: 0.3040990217978056 Time: 0.21614587499971094
Train loss: 0.30467252805815903 Val loss: 0.30453999084421485 Time: 0.22382529199967394
Train loss: 0.303871608174179 Val loss: 0.3051227530618728 Time: 0.212380042001314
Train loss: 0.3032629633638475 Val loss: 0.30508063742602204 Time: 0.2107069159992534
Complete
 Total time: 54.36099195799943