starting log for model: models/gru1_fcast_19_new_23-24.pth
Train loss: 13.491317779982552 Val loss: 1.4581097887844 Time: 0.2554346659890143
Train loss: 7.463112294775954 Val loss: 0.8728151884166174 Time: 0.29463870800100267
Train loss: 6.549335539868565 Val loss: 0.7781072462850515 Time: 0.23399475000042003
Train loss: 6.213569478727632 Val loss: 0.7564513041137559 Time: 0.23272541598998941
Train loss: 5.8854241260518165 Val loss: 0.7150905826707307 Time: 0.23365858299075626
Train loss: 5.58816769296875 Val loss: 0.6789392739835998 Time: 0.232606666002539
Train loss: 5.268654899253875 Val loss: 0.6429566078033948 Time: 0.23213483300060034
Train loss: 4.972719301309025 Val loss: 0.6085978152772668 Time: 0.23577949999889825
Train loss: 4.676038113660892 Val loss: 0.5744127209423868 Time: 0.2335599999933038
Train loss: 4.3814002412682385 Val loss: 0.5416403186349241 Time: 0.23249700000451412
Train loss: 4.091941415764444 Val loss: 0.5097260062163035 Time: 0.23238037500414066
Train loss: 3.831629956144826 Val loss: 0.48369967693402366 Time: 0.23242862499319017
Train loss: 3.5923181859194493 Val loss: 0.46131980823545216 Time: 0.2328623749926919
Train loss: 3.3735334049708197 Val loss: 0.4426982518567026 Time: 0.2317732910014456
Train loss: 3.1658347753601923 Val loss: 0.42132053760828797 Time: 0.23220912499527913
Train loss: 2.9785975679608967 Val loss: 0.4079374985472298 Time: 0.23201420799887273
Train loss: 2.8288077237223312 Val loss: 0.397234051862155 Time: 0.2361705830116989
Train loss: 2.6659900185763945 Val loss: 0.3832567803053671 Time: 0.2322087499924237
Train loss: 2.5529597827097703 Val loss: 0.37818699830333563 Time: 0.23215162500855513
Train loss: 2.4261795816573795 Val loss: 0.3764105104433273 Time: 0.23338337500172202
Train loss: 2.3107075298276527 Val loss: 0.36566289768844196 Time: 0.23310708400094882
Train loss: 2.1898769612172018 Val loss: 0.3555220199421782 Time: 0.23248187500576023
Train loss: 2.0719986944871636 Val loss: 0.30436314808766124 Time: 0.23212345800129697
Train loss: 1.9641938475774268 Val loss: 0.29210036825172675 Time: 0.23178175000066403
Train loss: 1.866766405773654 Val loss: 0.29704154396748206 Time: 0.23307008300616872
Train loss: 1.8036665800200211 Val loss: 0.2883902804283333 Time: 0.23599558300338686
Train loss: 1.7417331284337898 Val loss: 0.27290243813362036 Time: 0.23276987500139512
Train loss: 1.6990295250588048 Val loss: 0.26939425100590203 Time: 0.2318996249960037
Train loss: 1.643906636919354 Val loss: 0.2726898666680051 Time: 0.2320401250035502
Train loss: 1.6077391303717832 Val loss: 0.23901159553963175 Time: 0.23204874999646563
Train loss: 1.5168618577136215 Val loss: 0.2476299671832806 Time: 0.2325355000066338
Train loss: 1.4760651462123775 Val loss: 0.22927280145720833 Time: 0.2323720830027014
Train loss: 1.4257946751358048 Val loss: 0.22463837823527272 Time: 0.23240679199807346
Train loss: 1.378584387372527 Val loss: 0.20136484826232473 Time: 0.23388249998970423
Train loss: 1.3296129815153321 Val loss: 0.2072506326488878 Time: 0.23468591600249056
Train loss: 1.2497132240203257 Val loss: 0.2296084124348753 Time: 0.2320798750006361
Train loss: 1.2506855473015577 Val loss: 0.307169504362205 Time: 0.23202283399587031
Train loss: 1.325071055728234 Val loss: 0.18621590265317436 Time: 0.23211708299641032
Train loss: 1.1553736630530693 Val loss: 0.15552379341144623 Time: 0.23214179200294893
Train loss: 1.0268618646547907 Val loss: 0.22884610004111677 Time: 0.2316877499979455
Train loss: 1.2104285722853234 Val loss: 0.27095505286675936 Time: 0.23139691600226797
Train loss: 1.1164303510575166 Val loss: 0.16534267100057176 Time: 0.23200045801058877
Train loss: 1.0610709723571006 Val loss: 0.1960600674240747 Time: 0.2359253750037169
Train loss: 1.0372426177231109 Val loss: 0.11767203721188514 Time: 0.23193029100366402
Train loss: 1.124290273703636 Val loss: 0.3257020821829785 Time: 0.2326666250010021
Train loss: 1.3194285993121424 Val loss: 0.19248786333010784 Time: 0.23215454099408817
Train loss: 1.247393599146812 Val loss: 0.27195210325894176 Time: 0.23299883300205693
Train loss: 1.0708279585190112 Val loss: 0.10709682208343237 Time: 0.23223487500217743
Train loss: 0.9719841774536029 Val loss: 0.27089002655840294 Time: 0.23236150000593625
Train loss: 1.0959232557465892 Val loss: 0.14836213950996488 Time: 0.23156341699359473
Train loss: 1.1236470384056325 Val loss: 0.2322878585795405 Time: 0.23176224999770056
Train loss: 0.9920327896298886 Val loss: 0.14782745256113378 Time: 0.23539295900263824
Train loss: 1.0668855032599236 Val loss: 0.28459519661606913 Time: 0.23264287499478087
Train loss: 1.15210694020341 Val loss: 0.19208116777051878 Time: 0.23189020800055005
Train loss: 0.9154941731243795 Val loss: 0.16982695270827264 Time: 0.23205362500448246
Train loss: 0.8066061734747993 Val loss: 0.23126121155468812 Time: 0.23179358399647754
Train loss: 1.0229529658542802 Val loss: 0.17118149293047066 Time: 0.23129462500219233
Train loss: 1.071092381205716 Val loss: 0.22453349959883043 Time: 0.23172145801072475
Train loss: 1.0333026330689936 Val loss: 0.15356827390459651 Time: 0.23185554199153557
Train loss: 0.7992230656762196 Val loss: 0.2135981275138589 Time: 0.2318329160043504
Train loss: 1.0410488641706372 Val loss: 0.15398912338419782 Time: 0.23606158400070854
Train loss: 1.227270167812847 Val loss: 0.23882144576211775 Time: 0.2321994160010945
Train loss: 0.8894587735261457 Val loss: 0.09071939137274528 Time: 0.23193987499689683
Train loss: 0.8748296067936678 Val loss: 0.2044400350742905 Time: 0.2320746670011431
Train loss: 0.8692983058711548 Val loss: 0.18741779316410642 Time: 0.23171550000552088
Train loss: 1.0177272124599988 Val loss: 0.20868345190672513 Time: 0.2315115420060465
Train loss: 0.7486365456997017 Val loss: 0.1417930878034288 Time: 0.23149599999305792
Train loss: 1.0486225565685672 Val loss: 0.2117377461270768 Time: 0.23129045798850711
Train loss: 0.9259167255366947 Val loss: 0.20790710386583608 Time: 0.2313538750022417
Train loss: 0.8717006566448617 Val loss: 0.15226857987695136 Time: 0.2345945830020355
Train loss: 0.6222368867324803 Val loss: 0.12273506296148137 Time: 0.23103720899962354
Train loss: 0.9004769472301888 Val loss: 0.1876850602474078 Time: 0.23119087499799207
Train loss: 0.8561702575780714 Val loss: 0.24861039351776218 Time: 0.23158216700539924
Train loss: 0.9673778166848415 Val loss: 0.15060142674812385 Time: 0.23109183300402947
Train loss: 0.6385750953153888 Val loss: 0.16468382174643256 Time: 0.2312256669974886
Train loss: 0.8933026509924646 Val loss: 0.1379175620855154 Time: 0.23145845800172538
Train loss: 0.9471998723593282 Val loss: 0.2680896802991968 Time: 0.23106691699649673
Train loss: 0.7916230024847124 Val loss: 0.1301720819641783 Time: 0.23290166701190174
Train loss: 0.7007849475376242 Val loss: 0.1509704490681962 Time: 0.24290029199619312
Train loss: 0.6467237709340168 Val loss: 0.19769112820284795 Time: 0.2503119169996353
Shrinking learning rate to 5e-05
Train loss: 1.2027325104581053 Val loss: 0.12028296016147533 Time: 0.250036249999539
Train loss: 0.6443460791455067 Val loss: 0.12033726062672097 Time: 0.24712304200511426
Train loss: 0.5265597320246798 Val loss: 0.11689672996186436 Time: 0.24935104198812041
Train loss: 0.47891616167713913 Val loss: 0.11573530831403646 Time: 0.26867933399626054
Train loss: 0.4560324090786061 Val loss: 0.11557059055913765 Time: 0.320764957999927
Train loss: 0.44422429457982937 Val loss: 0.11525731544096549 Time: 0.25861566700041294
Train loss: 0.4343464898564542 Val loss: 0.11534797060871763 Time: 0.24236795800970867
Train loss: 0.4279249211295415 Val loss: 0.1158953545243311 Time: 0.2564470000070287
Train loss: 0.4234138753665997 Val loss: 0.11665023292108216 Time: 0.25741725000261795
Train loss: 0.41883907874139936 Val loss: 0.11752957114775116 Time: 0.2547044579987414
Train loss: 0.41481914998646907 Val loss: 0.11847158800458037 Time: 0.291034124995349
Train loss: 0.41086779898998316 Val loss: 0.11942726261896366 Time: 0.2519862920016749
Train loss: 0.40773740040562956 Val loss: 0.12041920881897233 Time: 0.23513054200157057
Train loss: 0.40564954987816737 Val loss: 0.12121555806483655 Time: 0.23736329200619366
Train loss: 0.4022191304997955 Val loss: 0.12207054852378822 Time: 0.23581812500196975
Train loss: 0.39914597364502513 Val loss: 0.12293334410436965 Time: 0.23305912500654813
Train loss: 0.39645992125022644 Val loss: 0.12347339718799596 Time: 0.23378970799967647
Train loss: 0.3939183178944461 Val loss: 0.12384680321366187 Time: 0.24322533298982307
Train loss: 0.3916693283567696 Val loss: 0.12429183912590795 Time: 0.25168058299459517
Train loss: 0.38933420228431714 Val loss: 0.12490024703566037 Time: 0.23696441699576098
Train loss: 0.3868857329503044 Val loss: 0.12525318015561474 Time: 0.23554279099334963
Train loss: 0.38488008921297023 Val loss: 0.12557462978153283 Time: 0.25506358400161844
Train loss: 0.3826973982045274 Val loss: 0.12603131121072092 Time: 0.2864726249972591
Train loss: 0.38052642061688324 Val loss: 0.1262793308676453 Time: 0.25092362498980947
Train loss: 0.37864856640806366 Val loss: 0.1266948744498058 Time: 0.2634761249937583
Train loss: 0.376517661015785 Val loss: 0.12693640692343286 Time: 0.23688870799378492
Train loss: 0.374585742729451 Val loss: 0.12723526493040244 Time: 0.23541129200020805
Train loss: 0.37279036005027777 Val loss: 0.12743913057375808 Time: 0.23627791700710077
Train loss: 0.3708362938162937 Val loss: 0.12778529435275607 Time: 0.2495735000120476
Train loss: 0.369074414133852 Val loss: 0.12809552928555643 Time: 0.2563759999902686
Train loss: 0.3670266980663932 Val loss: 0.12820568503213786 Time: 0.31632945899036713
Train loss: 0.36532792291605776 Val loss: 0.12838455553363973 Time: 0.252759958995739
Train loss: 0.3649126674112928 Val loss: 0.12812578308845599 Time: 0.2452337919967249
Train loss: 0.36234817102902994 Val loss: 0.1281958444467735 Time: 0.23735812499944586
Train loss: 0.36025719089224495 Val loss: 0.12834843061648982 Time: 0.23486004199367017
Train loss: 0.3597089959279458 Val loss: 0.12801648892038583 Time: 0.2432426659943303
Train loss: 0.3571876769460687 Val loss: 0.12795987219451446 Time: 0.2527561250026338
Train loss: 0.35376459709253183 Val loss: 0.12776345090035804 Time: 0.24276262499915902
Train loss: 0.3508109858186401 Val loss: 0.12787346501308236 Time: 0.24739245799719356
Train loss: 0.34827689282544083 Val loss: 0.1278507519128895 Time: 0.2347889579978073
Train loss: 0.34599768258404784 Val loss: 0.12810858218557594 Time: 0.2333239580038935
Train loss: 0.34484339672871567 Val loss: 0.12799403564946996 Time: 0.2339348749956116
Train loss: 0.34201857816651304 Val loss: 0.12814719617067943 Time: 0.2509468329953961
Train loss: 0.3394275485031022 Val loss: 0.12824715149547358 Time: 0.25120483300997876
Train loss: 0.33690055707520905 Val loss: 0.12839449284592272 Time: 0.24267379200318828
Train loss: 0.33449075384144544 Val loss: 0.12845157926132036 Time: 0.24081429200305138
Train loss: 0.33219892960621 Val loss: 0.12860068031349078 Time: 0.24058183399029076
Train loss: 0.3300152361342459 Val loss: 0.12878915436862712 Time: 0.24263799999607727
Train loss: 0.3280776585996735 Val loss: 0.1290108229967376 Time: 0.23750008299248293
Train loss: 0.3261711265009606 Val loss: 0.1293357792127333 Time: 0.24149250000482425
Train loss: 0.32424808802723337 Val loss: 0.12960285505888214 Time: 0.2408262080134591
Train loss: 0.32238927165256204 Val loss: 0.1296688936704974 Time: 0.2353141250059707
Train loss: 0.32072381916851 Val loss: 0.12982575065448265 Time: 0.2346887909952784
Train loss: 0.3190912541271942 Val loss: 0.12994716610627596 Time: 0.2339034580072621
Train loss: 0.3174318443079791 Val loss: 0.13007515046965867 Time: 0.26806820899946615
Train loss: 0.31603278571686033 Val loss: 0.13005306239546865 Time: 0.24043245799839497
Train loss: 0.3145420040111677 Val loss: 0.13017063361707104 Time: 0.3061113750009099
Train loss: 0.31290497897100167 Val loss: 0.13044371910126237 Time: 0.260714125004597
Train loss: 0.3116539800525615 Val loss: 0.1304524831256261 Time: 0.3133815839973977
Train loss: 0.3101885623951883 Val loss: 0.13021831579987433 Time: 0.2523986669984879
Train loss: 0.3088074093590407 Val loss: 0.13026585672042823 Time: 0.2468459580122726
Train loss: 0.30722323206426694 Val loss: 0.13050378659985112 Time: 0.24923925001348834
Train loss: 0.30603279728180155 Val loss: 0.1303289025926921 Time: 0.23516237500007264
Train loss: 0.3046990626901618 Val loss: 0.13015884884802736 Time: 0.23648254199360963
Train loss: 0.30349139443229944 Val loss: 0.12984967274248718 Time: 0.2326162910030689
Train loss: 0.3022986608881313 Val loss: 0.12955445554059164 Time: 0.2326068340044003
Train loss: 0.3010721866212904 Val loss: 0.12929737170609776 Time: 0.23234737500024494
Train loss: 0.29994094617014344 Val loss: 0.12895189188503411 Time: 0.2324055000062799
Train loss: 0.29892159141488195 Val loss: 0.1286216525535501 Time: 0.24923029099591076
Train loss: 0.2978443686875085 Val loss: 0.128330322905051 Time: 0.25452341699565295
Train loss: 0.2967538649277952 Val loss: 0.12804115850259232 Time: 0.24822150000545662
Train loss: 0.29581982937880724 Val loss: 0.12749620795672523 Time: 0.23538883299625013
Train loss: 0.29467451947729373 Val loss: 0.1272777686506713 Time: 0.23521483399963472
Train loss: 0.29383538307833845 Val loss: 0.1270546029400243 Time: 0.23169604199938476
Train loss: 0.29290505156085067 Val loss: 0.12690945402452464 Time: 0.23289179199491628
Train loss: 0.2915602643991049 Val loss: 0.12644181931189208 Time: 0.24396516600972973
Train loss: 0.29112429098136294 Val loss: 0.12627738041488773 Time: 0.29191508299845736
Train loss: 0.2901014457165374 Val loss: 0.12590191696976374 Time: 0.2320185419957852
Train loss: 0.2891053126691503 Val loss: 0.1255462901597194 Time: 0.23198100000445265
Train loss: 0.28837230719643614 Val loss: 0.12531697483126653 Time: 0.23169941699597985
Train loss: 0.28726011211077257 Val loss: 0.12495732201430987 Time: 0.2355144999892218
Train loss: 0.28633447390266875 Val loss: 0.12459095867596975 Time: 0.23195504200703
Train loss: 0.28572961134730335 Val loss: 0.12428707516781556 Time: 0.23127124999882653
Train loss: 0.2847772992703206 Val loss: 0.12390806247859266 Time: 0.23151137499371544
Train loss: 0.2839692637100868 Val loss: 0.12334420537445304 Time: 0.2313569169928087
Train loss: 0.2830083877164178 Val loss: 0.12309219801210164 Time: 0.23207325000839774
Train loss: 0.28230217516436046 Val loss: 0.12269185653797814 Time: 0.231231707992265
Train loss: 0.28152539525045484 Val loss: 0.12237185254534873 Time: 0.2325974999985192
Train loss: 0.28072902056593696 Val loss: 0.12197195164228046 Time: 0.23161591700045392
Train loss: 0.27967021296186445 Val loss: 0.12168141820666045 Time: 0.23474354200880043
Train loss: 0.2791466241729452 Val loss: 0.12126839745972232 Time: 0.23184616598882712
Train loss: 0.27833150508891036 Val loss: 0.12082645312519304 Time: 0.2316309579910012
Train loss: 0.2776779657302715 Val loss: 0.12060693547361036 Time: 0.23127433299669065
Train loss: 0.2767797158787495 Val loss: 0.12026074511997843 Time: 0.23086475000309292
Train loss: 0.2758401434017358 Val loss: 0.12008462030369786 Time: 0.23219695799343754
Train loss: 0.27542625268245136 Val loss: 0.11978643442074273 Time: 0.231670542008942
Train loss: 0.274585393793334 Val loss: 0.11935060218290552 Time: 0.23171120800543576
Train loss: 0.27393386702190625 Val loss: 0.11914541012665568 Time: 0.23195408399624284
Train loss: 0.2731324703001512 Val loss: 0.11886629530763912 Time: 0.23518683400470763
Train loss: 0.27215083254467 Val loss: 0.11866218742564738 Time: 0.23147287499159575
Train loss: 0.27181932851066914 Val loss: 0.11811891119290455 Time: 0.23216733399021905
Train loss: 0.27102566046670873 Val loss: 0.1176960924505891 Time: 0.23222508300386835
Train loss: 0.2703739252934314 Val loss: 0.11744958997718524 Time: 0.23179133399389684
Train loss: 0.2702724188930739 Val loss: 0.1167764636339526 Time: 0.2308587500010617
Train loss: 0.26948720810466753 Val loss: 0.11633965285851365 Time: 0.2310951249965001
Train loss: 0.26888984682639805 Val loss: 0.11592270591872626 Time: 0.23037900000053924
Train loss: 0.2679203082641024 Val loss: 0.11556440203452409 Time: 0.23344837500189897
Train loss: 0.2672721464708445 Val loss: 0.11516495294887352 Time: 0.23354633399867453
Train loss: 0.2663433611269035 Val loss: 0.11492793180657614 Time: 0.23207270800776314
Train loss: 0.2659108677606383 Val loss: 0.11475560566466496 Time: 0.23144420800963417
Train loss: 0.26499415117783176 Val loss: 0.11440923617882422 Time: 0.2316309579910012
Train loss: 0.2644009934943483 Val loss: 0.11415566871023565 Time: 0.2317050410056254
Train loss: 0.26358075854288515 Val loss: 0.11393900337050389 Time: 0.23134774999925867
Train loss: 0.2628733805937249 Val loss: 0.11372503825490535 Time: 0.23149233299773186
Train loss: 0.26237850867580864 Val loss: 0.1133608525422365 Time: 0.23168858300778084
Train loss: 0.26167261710125955 Val loss: 0.11323994467351671 Time: 0.23559045800357126
Train loss: 0.2610877583783594 Val loss: 0.11291958082950478 Time: 0.2317381250031758
Train loss: 0.26027396870266983 Val loss: 0.11277565105780327 Time: 0.23216433299239725
Train loss: 0.25991823337663433 Val loss: 0.11244185771090336 Time: 0.23192137500154786
Train loss: 0.25855485861558286 Val loss: 0.11221700864598996 Time: 0.23160512499453034
Train loss: 0.25747490887505053 Val loss: 0.11205306392184684 Time: 0.23099745900253765
Train loss: 0.25678194336566174 Val loss: 0.11180795900856316 Time: 0.23111370801052544
Train loss: 0.256070054578883 Val loss: 0.11173729671387322 Time: 0.2312791249860311
Train loss: 0.25507439908996155 Val loss: 0.11149849619163173 Time: 0.2315166250045877
Train loss: 0.2546008139644673 Val loss: 0.11139365922818806 Time: 0.23533933400176466
Train loss: 0.2538395224949972 Val loss: 0.11110538814111329 Time: 0.23174333400675096
Train loss: 0.2530337835328345 Val loss: 0.11104500084895301 Time: 0.23107150000578258
Train loss: 0.25253472391673526 Val loss: 0.11080285288789726 Time: 0.2316124169883551
Train loss: 0.251826130094992 Val loss: 0.11056775295269534 Time: 0.23095562499656808
Train loss: 0.25106093425714904 Val loss: 0.11027948116581364 Time: 0.23181079200003296
Train loss: 0.25067524187446466 Val loss: 0.11012524371183678 Time: 0.23109945899341255
Train loss: 0.24856142700654793 Val loss: 0.11013560872169777 Time: 0.2310600839991821
Train loss: 0.24775123569943036 Val loss: 0.11008795504709935 Time: 0.2312768749980023
Train loss: 0.24678413264488475 Val loss: 0.10991960922513452 Time: 0.2350341249984922
Train loss: 0.2460614069145688 Val loss: 0.10992652976954309 Time: 0.23174379199917894
Train loss: 0.2452033983146245 Val loss: 0.1100754570774784 Time: 0.2310716250067344
Train loss: 0.24432216482014013 Val loss: 0.1098726161271959 Time: 0.23137008299818262
Train loss: 0.24351128974095637 Val loss: 0.10985182115697224 Time: 0.23190658299427014
Train loss: 0.2428154800255662 Val loss: 0.10968458639950303 Time: 0.23095329198986292
Train loss: 0.24214821187118662 Val loss: 0.10983496700461208 Time: 0.23103166700457223
Train loss: 0.24146318206102313 Val loss: 0.10962947271767465 Time: 0.2312820829974953
Train loss: 0.24073460988474182 Val loss: 0.10941106346476463 Time: 0.23110679199453443
Train loss: 0.2402002406708803 Val loss: 0.10913058242782708 Time: 0.23459758301032707
Train loss: 0.23951919771575447 Val loss: 0.10898754100104265 Time: 0.2317076250037644
Train loss: 0.2390069491022384 Val loss: 0.10867966460750743 Time: 0.23099495799397118
Train loss: 0.2386610199703707 Val loss: 0.10885435812558077 Time: 0.23210191600082908
Train loss: 0.23804770740745695 Val loss: 0.10840796457575747 Time: 0.23194920900277793
Train loss: 0.2373463792853272 Val loss: 0.10853517330957156 Time: 0.23085604199150112
Train loss: 0.2367897032812749 Val loss: 0.10832652290716174 Time: 0.23143566699582152
Train loss: 0.23629960546009077 Val loss: 0.10808812823564865 Time: 0.23114112501207273
Train loss: 0.23578596936912533 Val loss: 0.10770041113637698 Time: 0.23387504200218245
Train loss: 0.23532912803884898 Val loss: 0.10775082224369233 Time: 0.2327145840099547
Train loss: 0.23481611631442334 Val loss: 0.10752499137558366 Time: 0.2313576249871403
Train loss: 0.23432541179388977 Val loss: 0.10745717763080731 Time: 0.2317283329903148
Train loss: 0.23388867394449436 Val loss: 0.10727169395416648 Time: 0.2311525840050308
Train loss: 0.23346467409963267 Val loss: 0.10717641777989123 Time: 0.2479393339890521
Train loss: 0.2327686059758456 Val loss: 0.10705595085153122 Time: 0.26069600001210347
Train loss: 0.2327521433424664 Val loss: 0.10684056972944989 Time: 0.2493947499897331
Train loss: 0.23202260154379317 Val loss: 0.10651780622192507 Time: 0.3388387500017416
Train loss: 0.23179580230159846 Val loss: 0.10651748168580814 Time: 0.23951975000090897
Train loss: 0.2310069615199426 Val loss: 0.10642232018721512 Time: 0.23679912500665523
Train loss: 0.23065911871083333 Val loss: 0.10622546464463392 Time: 0.23473158400156535
Train loss: 0.23040491636958116 Val loss: 0.10613801829495002 Time: 0.2349065000016708
Train loss: 0.22990008968783826 Val loss: 0.1062048399301497 Time: 0.2520179580023978
Train loss: 0.22975018746483666 Val loss: 0.10599078088149914 Time: 0.250696417002473
Train loss: 0.22908886475084 Val loss: 0.105830478107739 Time: 0.25371970800915733
Train loss: 0.22859326692695947 Val loss: 0.10574547936189554 Time: 0.2649466669972753
Train loss: 0.22814644551366037 Val loss: 0.10553414842472837 Time: 0.25279045799106825
Train loss: 0.2281101472064817 Val loss: 0.10554080340951173 Time: 0.2355037910019746
Train loss: 0.22742882119613306 Val loss: 0.10533072064209219 Time: 0.24841300000844058
Complete
 Total time: 60.04369133300497