starting log for model: models/gru_comb_alpha_1.0_22-23.pth
Train loss: 13.64956517143139 Val loss: 13.669851067568185 Time: 0.2774512079995475
Train loss: 11.206523028397783 Val loss: 11.227598820949009 Time: 0.2568207500007702
Train loss: 8.478065811920857 Val loss: 8.498844039164924 Time: 0.2560469580021163
Train loss: 6.93292014385743 Val loss: 6.9522697539194995 Time: 0.2562143750001269
Train loss: 6.5729530099706395 Val loss: 6.590562958949642 Time: 0.2573391659971094
Train loss: 6.3455537880034 Val loss: 6.36229112539244 Time: 0.2562917089999246
Train loss: 5.889983695776551 Val loss: 5.9069686197727425 Time: 0.254887167000561
Train loss: 5.62265890993177 Val loss: 5.638038247761087 Time: 0.25482108399955905
Train loss: 5.649489431415611 Val loss: 5.66413933794388 Time: 0.2677473750009085
Train loss: 5.149060987738283 Val loss: 5.164682399953853 Time: 0.2552490000016405
Train loss: 5.364873946660509 Val loss: 5.378672441956876 Time: 0.25437787500050035
Train loss: 4.990216132343979 Val loss: 5.005096987034317 Time: 0.25564400000075693
Train loss: 4.692560355929821 Val loss: 4.705565843684777 Time: 0.2546630840006401
Train loss: 4.738274580965216 Val loss: 4.751080197212235 Time: 0.2568762080009037
Train loss: 4.571053136430992 Val loss: 4.584201973495642 Time: 0.254348457998276
Train loss: 4.43252937580384 Val loss: 4.444335440185258 Time: 0.255210374998569
Train loss: 4.063865566687738 Val loss: 4.075324107165792 Time: 0.26615112500076066
Train loss: 4.117244250399869 Val loss: 4.127693869071881 Time: 0.2563455419985985
Train loss: 3.937986765786377 Val loss: 3.9477143302782234 Time: 0.25463295800000196
Train loss: 3.930731486051964 Val loss: 3.9380827514584693 Time: 0.25403225000263774
Train loss: 3.809183729426479 Val loss: 3.8157520470504704 Time: 0.25587491700207465
Train loss: 3.580819923646102 Val loss: 3.5874988615760017 Time: 0.2564578750025248
Train loss: 3.5547908040886096 Val loss: 3.560406753936829 Time: 0.2567395830010355
Train loss: 3.27381532874044 Val loss: 3.278159217825136 Time: 0.25580962499952875
Train loss: 3.025034195180962 Val loss: 3.0292270043410237 Time: 0.26702408300116076
Train loss: 3.1547404292662917 Val loss: 3.1579308231385195 Time: 0.256992792001256
Train loss: 2.8985554314874946 Val loss: 2.9008428220090563 Time: 0.25661708299958264
Train loss: 2.856217830460654 Val loss: 2.857523673192344 Time: 0.2570122500001162
Train loss: 2.6174688350877915 Val loss: 2.6186893405326286 Time: 0.2557062500018219
Train loss: 2.64431733605859 Val loss: 2.6449128543491907 Time: 0.257002290996752
Train loss: 2.6516929463565475 Val loss: 2.652074837674364 Time: 0.25593270800163737
Train loss: 2.4413584328801994 Val loss: 2.4419285513531706 Time: 0.25551774999985355
Train loss: 2.30982466233041 Val loss: 2.309859118466874 Time: 0.26872383299996727
Train loss: 2.4065458713183716 Val loss: 2.4071011753273397 Time: 0.25671849999707774
Train loss: 2.271160428013115 Val loss: 2.2711621411517187 Time: 0.2553027079993626
Train loss: 2.0223551227284418 Val loss: 2.0223583451888807 Time: 0.2568916249983886
Train loss: 2.055397143916764 Val loss: 2.0554767709935593 Time: 0.2556205830005638
Train loss: 2.1197202198002856 Val loss: 2.119728082571934 Time: 0.2557479589995637
Train loss: 1.9135763035360478 Val loss: 1.9135986424615545 Time: 0.2544817910020356
Train loss: 1.8604806606203113 Val loss: 1.860496561182647 Time: 0.25513066699932097
Train loss: 1.8174120663970719 Val loss: 1.8174532322054218 Time: 0.2668510410003364
Train loss: 1.6181742925376739 Val loss: 1.6182184972137978 Time: 0.257473834000848
Train loss: 1.7398656970095203 Val loss: 1.7403793809822967 Time: 0.25540458300019964
Train loss: 1.824538142699943 Val loss: 1.8249150946073844 Time: 0.25480270799744176
Train loss: 1.656189400885978 Val loss: 1.6562919875188482 Time: 0.2997087500007183
Train loss: 1.6647367798337882 Val loss: 1.6656870324130921 Time: 0.25578062500062515
Train loss: 1.5766793670376344 Val loss: 1.5768197309260883 Time: 0.25395970799945644
Train loss: 1.4200198080649242 Val loss: 1.420955595400783 Time: 0.2629727909989015
Train loss: 1.6959557560463558 Val loss: 1.6972257356117328 Time: 0.257913292000012
Train loss: 1.5912992071937282 Val loss: 1.5920027571377366 Time: 0.255416084000899
Train loss: 1.4476547312818653 Val loss: 1.4488768407570898 Time: 0.2542431250003574
Train loss: 1.4615331958335034 Val loss: 1.4639269038122333 Time: 0.2553429999970831
Train loss: 1.2671379475829951 Val loss: 1.2686491546799863 Time: 0.2540073330019368
Train loss: 1.4684770547265487 Val loss: 1.4694613667548428 Time: 0.2553145840029174
Train loss: 1.3241117434915282 Val loss: 1.326277763965056 Time: 0.2575612499967974
Train loss: 1.2145567447661278 Val loss: 1.2156943742147033 Time: 0.2631399579986464
Train loss: 1.2279239919149347 Val loss: 1.2307653949171324 Time: 0.25668566699823714
Train loss: 1.257880380028297 Val loss: 1.2601820451576158 Time: 0.2552462909989117
Train loss: 1.241786713488743 Val loss: 1.245508213412282 Time: 0.2551789169992844
Train loss: 1.3523195841362856 Val loss: 1.3539665117293118 Time: 0.25587424999685027
Train loss: 1.228988684802431 Val loss: 1.2304705748640394 Time: 0.2551282500025991
Train loss: 1.1840653287763558 Val loss: 1.1863035135161715 Time: 0.2555887080015964
Train loss: 1.2627709575060209 Val loss: 1.2648389119916097 Time: 0.25646312499884516
Train loss: 1.2159445645179403 Val loss: 1.2215114249585035 Time: 0.3153475420003815
Train loss: 1.1189636717283804 Val loss: 1.1198457830988386 Time: 0.3009476250008447
Train loss: 1.1570126454379412 Val loss: 1.1597863708167984 Time: 0.29521083300278406
Train loss: 1.1931584426545712 Val loss: 1.1961197211077599 Time: 0.28940687499925843
Train loss: 1.1197242131240728 Val loss: 1.1282292578050266 Time: 0.2563269999991462
Train loss: 1.0862768584752018 Val loss: 1.0889932440515502 Time: 0.2574116670002695
Train loss: 1.0916904148425584 Val loss: 1.0955038190555628 Time: 0.25721858300312306
Train loss: 1.1338492655042671 Val loss: 1.1445503825225962 Time: 0.25511829199967906
Train loss: 1.0679782263586226 Val loss: 1.068622705680852 Time: 0.2734742909997294
Train loss: 1.172456081751272 Val loss: 1.1758648200551824 Time: 0.2768672499987588
Train loss: 1.079992042232357 Val loss: 1.0840447804502538 Time: 0.2560611670014623
Train loss: 1.0318878051069902 Val loss: 1.0386424456147059 Time: 0.2562218329985626
Train loss: 0.9743911569287746 Val loss: 0.9773927830647173 Time: 0.25625175000095624
Train loss: 0.9860125207520696 Val loss: 0.9890932394784561 Time: 0.25626324999757344
Train loss: 0.899020258874323 Val loss: 0.9067468490254895 Time: 0.2556876660019043
Train loss: 1.0172979242073055 Val loss: 1.0187823442757722 Time: 0.25645450000229175
Train loss: 0.9201889477008933 Val loss: 0.9243303343561168 Time: 0.2651527919988439
Train loss: 0.9536944266425103 Val loss: 0.9561595603371559 Time: 0.2565248339997197
Train loss: 0.8856405348271759 Val loss: 0.8910174523197472 Time: 0.2543355000016163
Train loss: 0.9437313650373103 Val loss: 0.9493420824765529 Time: 0.25648575000013807
Train loss: 0.8353960417624791 Val loss: 0.8474370367203635 Time: 0.25535462500192807
Train loss: 0.8598291129003641 Val loss: 0.8648354675067743 Time: 0.2563176250005199
Train loss: 0.8665181894228979 Val loss: 0.8852647033954623 Time: 0.25499000000127126
Train loss: 0.8456802987454743 Val loss: 0.8541537094355593 Time: 0.254989665998437
Train loss: 0.9703513289891177 Val loss: 0.9738586250548661 Time: 0.26510454200251843
Train loss: 0.85516419279167 Val loss: 0.8702055012254822 Time: 0.2551194169973314
Train loss: 0.7497665539372136 Val loss: 0.7569144600649883 Time: 0.2554114579979796
Train loss: 0.9001132661369837 Val loss: 0.912432090196819 Time: 0.2557090829977824
Train loss: 0.7390935588722556 Val loss: 0.7466835299742539 Time: 0.2555577089988219
Train loss: 0.8965230324286324 Val loss: 0.9093909725294004 Time: 0.2553859170002397
Train loss: 0.8305811698104506 Val loss: 0.8378319922374775 Time: 0.25586824999845703
Train loss: 0.6711917058162129 Val loss: 0.6863161670441713 Time: 0.2555952500006242
Train loss: 0.7477112614497772 Val loss: 0.7700569268514761 Time: 0.2668670419989212
Train loss: 0.7225032496548955 Val loss: 0.7267959243444563 Time: 0.255509083999641
Train loss: 0.7391548660537275 Val loss: 0.7575537581199473 Time: 0.2557522909992258
Train loss: 0.6950365244815382 Val loss: 0.7140020602530304 Time: 0.25546516699978383
Train loss: 0.7252043111965918 Val loss: 0.744166848106381 Time: 0.25534220800182084
Train loss: 0.8947923061481688 Val loss: 0.9022463603298578 Time: 0.25474570900041726
Train loss: 0.8006020679088977 Val loss: 0.8198719371320599 Time: 0.2542886670016742
Train loss: 0.6421513816274 Val loss: 0.6584494778994359 Time: 0.2553739590002806
Train loss: 0.6736628175946553 Val loss: 0.700086846596742 Time: 0.2666846659994917
Train loss: 0.6951976656293191 Val loss: 0.7083975518614085 Time: 0.25572245799776283
Train loss: 0.7875074281509917 Val loss: 0.8050730017109998 Time: 0.2539032910026435
Train loss: 0.657816390388497 Val loss: 0.6808877634945221 Time: 0.25524708399825613
Train loss: 0.63393822932305 Val loss: 0.6511983167614882 Time: 0.25467133300116984
Train loss: 0.6659505520232436 Val loss: 0.6934527177743802 Time: 0.25493366699811304
Train loss: 0.666777164518237 Val loss: 0.6907810978617662 Time: 0.2551555409991124
Train loss: 0.5926853412505757 Val loss: 0.6159798345684482 Time: 0.25500833300247905
Train loss: 0.684133855287488 Val loss: 0.7278185602793563 Time: 0.2649564580024162
Train loss: 0.615881044753936 Val loss: 0.6311478498589401 Time: 0.2546890420017007
Train loss: 0.6564697891125901 Val loss: 0.6817443238892796 Time: 0.25559120799880475
Train loss: 0.6511882430997957 Val loss: 0.6875580195132632 Time: 0.25382237500161864
Train loss: 0.6653571470078872 Val loss: 0.699389702992692 Time: 0.25525479199859546
Train loss: 0.6185372398528607 Val loss: 0.6571412030921686 Time: 0.2540672920003999
Train loss: 0.6068178894362859 Val loss: 0.6563184073610416 Time: 0.2555610000017623
Train loss: 0.6648013807712516 Val loss: 0.6805678269867145 Time: 0.25388245900103357
Train loss: 0.6093566622346351 Val loss: 0.664166259794682 Time: 0.2656412090000231
Shrinking learning rate to 1e-05
Train loss: 0.7942388905510462 Val loss: 0.8205296246843854 Time: 0.2561487919992942
Train loss: 0.7097161121365412 Val loss: 0.7391604788470366 Time: 0.2551475420004863
Train loss: 0.648180317275596 Val loss: 0.6805268180926697 Time: 0.2541850000015984
Train loss: 0.6968326169137526 Val loss: 0.7257206158353404 Time: 0.25640704200122855
Train loss: 0.6981697398369429 Val loss: 0.7240642576007117 Time: 0.25468370800081175
Train loss: 0.6626803599461102 Val loss: 0.6900106529200309 Time: 0.255723708000005
Train loss: 0.6041032451610953 Val loss: 0.6358010601489125 Time: 0.25405425000280957
Train loss: 0.6316649967541386 Val loss: 0.6611782652434169 Time: 0.2665674170020793
Train loss: 0.5957676786256911 Val loss: 0.6270724716633592 Time: 0.254709124998044
Train loss: 0.5950118247408867 Val loss: 0.6258476808169179 Time: 0.2542199999988952
Shrinking learning rate to 1.0000000000000002e-06
Train loss: 0.917990951757929 Val loss: 0.9344872057459935 Time: 0.25645220799924573
Train loss: 0.7893033809468752 Val loss: 0.8097028078475378 Time: 0.2546260000017355
Train loss: 0.8904655177007408 Val loss: 0.9098040105760186 Time: 0.25565337499938323
Train loss: 0.7759511944053479 Val loss: 0.7993808037661718 Time: 0.25860779199865647
Train loss: 0.7233348411661211 Val loss: 0.7493823809004764 Time: 0.2555556249972142
Train loss: 0.7065018831342125 Val loss: 0.7342384172167408 Time: 0.2667497500005993
Train loss: 0.6939315995161968 Val loss: 0.7230725006813824 Time: 0.2565199169985135
Train loss: 0.771190988603081 Val loss: 0.7982820634262457 Time: 0.2549539579995326
Train loss: 0.6293685154858597 Val loss: 0.662905232426031 Time: 0.2550702909975371
Train loss: 0.7738175902386502 Val loss: 0.8016374825951194 Time: 0.25564133299849345
Shrinking learning rate to 1.0000000000000002e-07
Learning rate getting small
Complete
 Total time: 36.31803070800015