starting log for model: models/gru_lin1_fcast_25_new_22-23.pth
Train loss: 14.653634735843298 Val loss: 1.6952859016358004 Time: 0.49501587499980815
Train loss: 14.148262541473446 Val loss: 1.6765843262387963 Time: 0.432683500002895
Train loss: 13.152609524880617 Val loss: 1.5354606207869237 Time: 0.41435016699688276
Train loss: 9.983711433709964 Val loss: 1.2126693755586126 Time: 0.4143596669964609
Train loss: 7.339758071296778 Val loss: 0.9420515786768668 Time: 0.4170356670001638
Train loss: 6.648904670352607 Val loss: 0.8717192673827981 Time: 0.4177144160057651
Train loss: 6.504546549975032 Val loss: 0.8586465244924804 Time: 0.4153725409996696
Train loss: 6.335575827180138 Val loss: 0.8394252791236061 Time: 0.42813187499996275
Train loss: 6.204749934918733 Val loss: 0.8249451444698902 Time: 0.41693620799924247
Train loss: 6.074199231886098 Val loss: 0.8097692169535693 Time: 0.4176622919985675
Train loss: 6.024238839561894 Val loss: 0.8015798146645435 Time: 0.412384999995993
Train loss: 5.874766733696915 Val loss: 0.7849655167480781 Time: 0.41511183300463017
Train loss: 5.79230620590598 Val loss: 0.7740166459795623 Time: 0.41231270899879746
Train loss: 5.664004649472492 Val loss: 0.7618405774238024 Time: 0.4219632919994183
Train loss: 5.534974079008921 Val loss: 0.7438412373454291 Time: 0.41895458300132304
Train loss: 5.431063816545081 Val loss: 0.7342308641241659 Time: 0.4153555409939145
Train loss: 5.34211510749615 Val loss: 0.7219498454671066 Time: 0.4116694170006667
Train loss: 5.204294750255276 Val loss: 0.7067182247009476 Time: 0.46169408300193027
Train loss: 5.1104375271356455 Val loss: 0.6905426218627282 Time: 0.41930724999838276
Train loss: 4.986908394872746 Val loss: 0.6784544889131149 Time: 0.4213058750028722
Train loss: 4.846757138742435 Val loss: 0.6581581859977104 Time: 0.41314300000522053
Train loss: 4.751383195472414 Val loss: 0.6481094458405782 Time: 0.41387433400086593
Train loss: 4.613235234955056 Val loss: 0.625728672234236 Time: 0.412696125000366
Train loss: 4.496087834292506 Val loss: 0.6157823803980496 Time: 0.41570316700381227
Train loss: 4.361558947895544 Val loss: 0.5930729256282681 Time: 0.41194145799818216
Train loss: 4.195755163951403 Val loss: 0.5791649357133755 Time: 0.41944149999471847
Train loss: 3.996654699507989 Val loss: 0.5522002932659931 Time: 0.4130492500044056
Train loss: 3.9049073568454205 Val loss: 0.5396220414529317 Time: 0.41163295899605146
Train loss: 3.7957320184844434 Val loss: 0.5249759441933667 Time: 0.42327308299718425
Train loss: 3.598850834899366 Val loss: 0.5013056100216355 Time: 0.40934383300191257
Train loss: 3.4487382979237395 Val loss: 0.48099888556341175 Time: 0.4202443329995731
Train loss: 3.277495081302078 Val loss: 0.4608815687156835 Time: 0.41214400000171736
Train loss: 3.1909938729268843 Val loss: 0.44983643727229355 Time: 0.4116284169940627
Train loss: 3.1256579268471114 Val loss: 0.4381169152711173 Time: 0.429687208001269
Train loss: 2.994760691043389 Val loss: 0.4247340286253985 Time: 0.41301004200067837
Train loss: 2.8961305226126406 Val loss: 0.4113639772888571 Time: 0.4201360000006389
Train loss: 2.82091552499773 Val loss: 0.39911975880374534 Time: 0.4118264589997125
Train loss: 2.7783845662216247 Val loss: 0.39254563997525516 Time: 0.4182699160010088
Train loss: 2.6490538233006795 Val loss: 0.37940858645631664 Time: 0.41682091600523563
Train loss: 2.54204166464244 Val loss: 0.36549958365910307 Time: 0.4128603330027545
Train loss: 2.499203234908231 Val loss: 0.3608423547856954 Time: 0.4192780000012135
Train loss: 2.5080399546167125 Val loss: 0.35736629398560427 Time: 0.4101308329991298
Train loss: 2.4645948345810638 Val loss: 0.34419305824966256 Time: 0.4199414999966393
Train loss: 2.405169109611194 Val loss: 0.3437005578450128 Time: 0.41501783300191164
Train loss: 2.364326645879686 Val loss: 0.34489898698813143 Time: 0.41042620799998986
Train loss: 2.39742010481363 Val loss: 0.33877138810184076 Time: 0.4114480830030516
Train loss: 2.278554177632074 Val loss: 0.3298996233279502 Time: 0.4117986670025857
Train loss: 2.31183135000947 Val loss: 0.32428264177383614 Time: 0.4131209580009454
Train loss: 2.2473253510726074 Val loss: 0.32464048041760746 Time: 0.4198888749961043
Train loss: 2.2360579091128727 Val loss: 0.32028011886361607 Time: 0.41512733299896354
Train loss: 2.241329805625927 Val loss: 0.3191629191005414 Time: 0.41380483400280355
Train loss: 2.1983859765807363 Val loss: 0.31631290214377344 Time: 0.4155404169941903
Train loss: 2.173656748217123 Val loss: 0.31262371212012036 Time: 0.4180862499997602
Train loss: 2.1957723674253344 Val loss: 0.317762133745735 Time: 0.4214277090068208
Train loss: 2.1358526354640333 Val loss: 0.31157977128253206 Time: 0.41764570800296497
Train loss: 2.1103925522750093 Val loss: 0.3042917572621236 Time: 0.4222412910021376
Train loss: 2.084395561411125 Val loss: 0.3082887796763426 Time: 0.41871112499939045
Train loss: 2.0327856168574434 Val loss: 0.3158448528935561 Time: 0.42041279100521933
Train loss: 2.076860594305903 Val loss: 0.2997714766057509 Time: 0.4234782909989008
Train loss: 1.963737192838714 Val loss: 0.30164617386701187 Time: 0.4240969589955057
Train loss: 1.998313482166962 Val loss: 0.3050198289661919 Time: 0.4206634169968311
Train loss: 1.9313034009875913 Val loss: 0.29668309751420835 Time: 0.4326866249975865
Train loss: 1.9400750596664933 Val loss: 0.2933864065322011 Time: 0.44592000000557164
Train loss: 1.9301018738670468 Val loss: 0.29885994755925693 Time: 0.43847720800113166
Train loss: 1.889043877423921 Val loss: 0.28616236943554996 Time: 0.4273205420031445
Train loss: 1.8532107462831178 Val loss: 0.28949098646740695 Time: 0.42654720800055657
Train loss: 1.8466634194167155 Val loss: 0.30144144614860163 Time: 0.45589054199808743
Train loss: 1.760567415121956 Val loss: 0.2884122295613244 Time: 0.43180029199720593
Train loss: 1.798232308943966 Val loss: 0.29524208685316605 Time: 0.42824416600342374
Train loss: 1.7811136039875848 Val loss: 0.292154540131175 Time: 0.43277445800049463
Train loss: 1.7894289137897754 Val loss: 0.30914209773405316 Time: 0.4296660000036354
Train loss: 1.7238649960145587 Val loss: 0.2971991140224695 Time: 0.43162908399972366
Train loss: 1.6700634215305126 Val loss: 0.2868206693948964 Time: 0.43288787500205217
Train loss: 1.685952503780035 Val loss: 0.30134550041982966 Time: 0.43588350000209175
Train loss: 1.6152244982362567 Val loss: 0.2954984604647392 Time: 0.4364657909973175
Train loss: 1.6665416493932312 Val loss: 0.2989151397286951 Time: 0.4376931670049089
Train loss: 1.554797251552805 Val loss: 0.30069554354146344 Time: 0.43720137500349665
Train loss: 1.610023593251043 Val loss: 0.3075994886612818 Time: 0.44331554200471146
Train loss: 1.574934751232091 Val loss: 0.311871468135053 Time: 0.43723100000352133
Train loss: 1.6133420497749786 Val loss: 0.30962051301784327 Time: 0.44293425000068964
Train loss: 1.531781788190051 Val loss: 0.28582028501987583 Time: 0.4386749580007745
Train loss: 1.471642773840502 Val loss: 0.3433869342799095 Time: 0.442002167001192
Train loss: 1.468403723368251 Val loss: 0.30000740895024436 Time: 0.43971745899762027
Train loss: 1.4620804429208978 Val loss: 0.31642438637908 Time: 0.43925704199500615
Train loss: 1.4247360366852355 Val loss: 0.32299369113532933 Time: 0.44199458400544245
Train loss: 1.381111754137706 Val loss: 0.3607662644972413 Time: 0.443654290997074
Train loss: 1.4285549867255094 Val loss: 0.34691108064514786 Time: 0.4907987080005114
Train loss: 1.3404330914698104 Val loss: 0.3354447148076637 Time: 0.4425580000024638
Train loss: 1.3862300718286313 Val loss: 0.31792670689895697 Time: 0.4402443340004538
Train loss: 1.41678215449019 Val loss: 0.33166884047711503 Time: 0.44732658300199546
Train loss: 1.326850720514142 Val loss: 0.32221073556534763 Time: 0.4462756659995648
Train loss: 1.250929927739591 Val loss: 0.3099872201241076 Time: 0.4477137909998419
Train loss: 1.2974982141919784 Val loss: 0.3724634274329321 Time: 0.44372733299678657
Train loss: 1.2733830022118946 Val loss: 0.3819521429820941 Time: 0.4436260420043254
Train loss: 1.2566119340646225 Val loss: 0.37980866066830876 Time: 0.47000362499966286
Train loss: 1.238853214586424 Val loss: 0.3296826928464859 Time: 0.45041687500634
Train loss: 1.128383726517356 Val loss: 0.3651259591191061 Time: 0.4547093750006752
Train loss: 1.1757753346202122 Val loss: 0.390321642384465 Time: 0.44758333299978403
Train loss: 1.2553326797766902 Val loss: 0.38446824023993964 Time: 0.45495595799729927
Train loss: 1.2036528876095716 Val loss: 0.39722920536940154 Time: 0.44826458299939986
Train loss: 1.142187340912744 Val loss: 0.43741820637937523 Time: 0.4532759170033387
Train loss: 1.1819052980719935 Val loss: 0.40266222339833707 Time: 0.45310525000240887
Train loss: 1.110887886295302 Val loss: 0.41693393119831024 Time: 0.45571283400204265
Train loss: 1.1915752281078211 Val loss: 0.4218343290437284 Time: 0.45236362500145333
Train loss: 1.0350366023559199 Val loss: 0.42304715289000716 Time: 0.45348737499443814
Train loss: 1.0754843224447939 Val loss: 0.3941855793224964 Time: 0.4509062920042197
Train loss: 1.0034698831968285 Val loss: 0.4465314231801759 Time: 0.45097037500090664
Train loss: 1.0864885179661314 Val loss: 0.4773705554551499 Time: 0.4518893749991548
Train loss: 0.9908742070419783 Val loss: 0.4591626193103836 Time: 0.4496876249977504
Train loss: 0.9840008932006028 Val loss: 0.4387784599512481 Time: 0.45450145799986785
Train loss: 0.9916864419356957 Val loss: 0.33816796150568346 Time: 0.45453891700162785
Train loss: 0.9259353213588923 Val loss: 0.44191772032864457 Time: 0.45329387500532903
Train loss: 1.0084224779303597 Val loss: 0.5723469442129578 Time: 0.4508108749942039
Train loss: 1.0368024995454022 Val loss: 0.3346606661970939 Time: 0.4537161659973208
Train loss: 1.1533158133743806 Val loss: 0.32339697615308743 Time: 0.45476741599850357
Train loss: 1.0038166517274192 Val loss: 0.5414156573608709 Time: 0.45594387500023004
Train loss: 1.0474217100803287 Val loss: 0.6219572847792898 Time: 0.4663368330002413
Train loss: 0.9790217897073035 Val loss: 0.5641716831975848 Time: 0.46145200000319164
Train loss: 0.9148371066809147 Val loss: 0.5376266468620204 Time: 0.4588281670003198
Train loss: 0.8848005512807902 Val loss: 0.6161883200120553 Time: 0.45682420799857937
Train loss: 1.002434298174304 Val loss: 0.6105608205640058 Time: 0.45468704100494506
Train loss: 0.9076742137531291 Val loss: 0.561801741525485 Time: 0.4533322080023936
Train loss: 0.9381756226533184 Val loss: 0.5440340268241294 Time: 0.458738583001832
Train loss: 0.9007966044833138 Val loss: 0.6034940514221282 Time: 0.4565983339998638
Train loss: 0.9467024735136693 Val loss: 0.5514343605068753 Time: 0.4592362499970477
Train loss: 0.8813649138629849 Val loss: 0.5368156143352107 Time: 0.4571442080050474
Train loss: 0.8175154747208908 Val loss: 0.5854851877933829 Time: 0.4580216250033118
Train loss: 0.8506922413172271 Val loss: 0.5586751793544142 Time: 0.4710563750049914
Train loss: 0.7227600591978494 Val loss: 0.5537936717513554 Time: 0.45852304200525396
Train loss: 0.8385975407605857 Val loss: 0.5960151148169267 Time: 0.4717771249997895
Train loss: 0.8134094457771903 Val loss: 0.5400236217923134 Time: 0.4573104169976432
Train loss: 0.7344626633898148 Val loss: 0.5221025429401939 Time: 0.4713322079987847
Train loss: 0.8296364283724269 Val loss: 0.611448730922947 Time: 0.46084041699941736
Train loss: 0.8779678891705238 Val loss: 0.4936726689737536 Time: 0.4686664999971981
Train loss: 0.7139336449511691 Val loss: 0.560287966297383 Time: 0.464565832997323
Train loss: 0.8319008885943333 Val loss: 0.5790444682306093 Time: 0.4706640000003972
Train loss: 0.829350988688887 Val loss: 0.536677942658809 Time: 0.46470270799909486
Train loss: 0.7613171912790947 Val loss: 0.553915035982776 Time: 0.46443895799893653
Train loss: 0.8026405654153523 Val loss: 0.627286002037571 Time: 0.467191208001168
Train loss: 1.0411736003953251 Val loss: 0.534267250654773 Time: 0.468563834001543
Train loss: 0.766693498458233 Val loss: 0.532040549867385 Time: 0.47098354199988535
Train loss: 0.7835128889687937 Val loss: 0.6295746378544241 Time: 0.4644987499996205
Train loss: 0.9429798863637444 Val loss: 0.5677172977555904 Time: 0.46914008300518617
Train loss: 0.6969164145989124 Val loss: 0.5313964850812518 Time: 0.46829045800404856
Train loss: 0.7794628230202862 Val loss: 0.6027345284697925 Time: 0.4658406250018743
Train loss: 0.7722341319397259 Val loss: 0.5444694322427642 Time: 0.4663740410032915
Train loss: 0.6614949077927198 Val loss: 0.6018007521064722 Time: 0.4620083749978221
Train loss: 0.7777562038969208 Val loss: 0.5554121237065195 Time: 0.4636447919983766
Train loss: 0.8739914691575592 Val loss: 0.6071270002245354 Time: 0.46703749999869615
Train loss: 0.8460045250401738 Val loss: 0.5750361353527987 Time: 0.47461000000475906
Train loss: 0.8294233312985284 Val loss: 0.5935641215756917 Time: 0.46539391699479893
Train loss: 0.8129940395416213 Val loss: 0.5440070448114146 Time: 0.5164216249977471
Train loss: 0.7418259101283411 Val loss: 0.6523666568836458 Time: 0.4715402500005439
Train loss: 0.7889919583889506 Val loss: 0.5867378784092651 Time: 0.47442204099934315
Train loss: 0.6917486469244949 Val loss: 0.5757712091518685 Time: 0.4738567079984932
Train loss: 0.7116584797928136 Val loss: 0.5436899407265227 Time: 0.4719767079950543
Shrinking learning rate to 1e-05
Train loss: 1.1231991161654455 Val loss: 0.5785562863354979 Time: 0.47300299999915296
Train loss: 0.8860985302541593 Val loss: 0.5745091132381049 Time: 0.47537129199918127
Train loss: 0.7905133605893013 Val loss: 0.5746852243595201 Time: 0.4710925839972333
Train loss: 0.7724651847235151 Val loss: 0.5754348719409548 Time: 0.4702553750030347
Train loss: 0.7882095742436412 Val loss: 0.5687997873728377 Time: 0.4860439999974915
Train loss: 0.730692899033226 Val loss: 0.5706760489059909 Time: 0.4750270829972578
Train loss: 0.728965179124792 Val loss: 0.568384714679501 Time: 0.4774433330021566
Train loss: 0.6952053349095628 Val loss: 0.5659936442461649 Time: 0.4735101659971406
Train loss: 0.7114842637897623 Val loss: 0.5591756843100942 Time: 0.4771721669967519
Train loss: 0.7644672625399096 Val loss: 0.5612357346628691 Time: 0.46823445899644867
Shrinking learning rate to 1.0000000000000002e-06
Train loss: 1.4872282455704067 Val loss: 0.6098210292442552 Time: 0.48481745799654163
Train loss: 1.3572904364195608 Val loss: 0.6015765348102299 Time: 0.47485979199700523
Train loss: 1.239972706379589 Val loss: 0.5945006681660382 Time: 0.47407262500200886
Train loss: 1.1916348439097533 Val loss: 0.5889949058367849 Time: 0.4804138339968631
Train loss: 1.087433560738412 Val loss: 0.5835158233144057 Time: 0.48321970899996813
Train loss: 1.089753226237491 Val loss: 0.5802494474566872 Time: 0.48755829100264236
Train loss: 0.923359413148594 Val loss: 0.574894431240567 Time: 0.47579050000058487
Train loss: 0.9662906003039602 Val loss: 0.5732554990892484 Time: 0.47112462500081165
Train loss: 0.8566310011190978 Val loss: 0.5698185977844357 Time: 0.48032750000129454
Train loss: 0.8679235834133294 Val loss: 0.5684694245660613 Time: 0.4748154160042759
Shrinking learning rate to 1.0000000000000002e-07
Learning rate getting small
Complete
 Total time: 78.4151908749991