starting log for model: models/gru_lin1_fcast_24_new_23-24.pth
Train loss: 17.484919228386232 Val loss: 1.9582814871193486 Time: 0.46768579199851956
Train loss: 16.399872661046338 Val loss: 1.8499126869636955 Time: 0.4621665830054553
Train loss: 14.28931256623423 Val loss: 1.6226658833348637 Time: 0.4533266670041485
Train loss: 10.298647703097004 Val loss: 1.2110137882406233 Time: 0.4555489159974968
Train loss: 8.386994428349503 Val loss: 0.9749049328918945 Time: 0.4604888329922687
Train loss: 7.977917633611035 Val loss: 0.9192253646621387 Time: 0.5121237080020364
Train loss: 7.6486361141154795 Val loss: 0.8781900801923938 Time: 0.4541647500009276
Train loss: 7.443351658882506 Val loss: 0.8501599690151738 Time: 0.45421054199687205
Train loss: 7.277073015923936 Val loss: 0.8265029286912717 Time: 0.4575276250106981
Train loss: 7.194964757600159 Val loss: 0.8095353251281984 Time: 0.45489950000774115
Train loss: 6.912894627296423 Val loss: 0.7788787131849538 Time: 0.4532471659913426
Train loss: 6.772628955670797 Val loss: 0.7583158486077723 Time: 0.45228225000028033
Train loss: 6.5004193001534105 Val loss: 0.7307399144342608 Time: 0.4568268330040155
Train loss: 6.347011024187793 Val loss: 0.7092395134820675 Time: 0.4587774579995312
Train loss: 6.21055479978558 Val loss: 0.6944600849991592 Time: 0.45559566700831056
Train loss: 6.098884864017128 Val loss: 0.6788139251141173 Time: 0.4553829580108868
Train loss: 5.913617830535771 Val loss: 0.658513775300695 Time: 0.44859695799823385
Train loss: 5.789756643048674 Val loss: 0.641457418448277 Time: 0.4544359170104144
Train loss: 5.5503781504877985 Val loss: 0.6173044216760998 Time: 0.44883870900957845
Train loss: 5.424074666474377 Val loss: 0.6027829450528035 Time: 0.448542209007428
Train loss: 5.269472450040393 Val loss: 0.5811366044575135 Time: 0.44818820799991954
Train loss: 4.982286855517853 Val loss: 0.554223294907626 Time: 0.45522175000223797
Train loss: 4.878100496173133 Val loss: 0.5417605949772355 Time: 0.46187879200442694
Train loss: 4.550082854863213 Val loss: 0.5097982199069576 Time: 0.44735312499688007
Train loss: 4.441550605944025 Val loss: 0.49730180182573597 Time: 0.4628177090053214
Train loss: 4.284700617912648 Val loss: 0.4773004338796838 Time: 0.4549783749971539
Train loss: 4.1439227371076015 Val loss: 0.465490212077945 Time: 0.46877741599746514
Train loss: 3.830478580748931 Val loss: 0.43448503699947 Time: 0.4597479999938514
Train loss: 3.8363489220376437 Val loss: 0.4307284591003497 Time: 0.4523394999996526
Train loss: 3.6187419841500894 Val loss: 0.40902007406249985 Time: 0.4535795410047285
Train loss: 3.427073609826383 Val loss: 0.38702031683407423 Time: 0.5493467079941183
Train loss: 3.406502821251773 Val loss: 0.38377328671636773 Time: 0.5213327079982264
Train loss: 3.2338380287195623 Val loss: 0.3678259546697363 Time: 0.4727419170085341
Train loss: 3.139160048450492 Val loss: 0.35991579800026197 Time: 0.46548216600785963
Train loss: 3.07468336215395 Val loss: 0.34768274169178776 Time: 0.47030062500562053
Train loss: 3.023221471846952 Val loss: 0.34882247092024615 Time: 0.49312783300410956
Train loss: 2.967194122617748 Val loss: 0.3348699850118789 Time: 0.5068262080021668
Train loss: 2.785450157389505 Val loss: 0.31860305045374027 Time: 0.4894241250003688
Train loss: 2.783049852622213 Val loss: 0.3217239889104221 Time: 0.5096895409951685
Train loss: 2.7823103999553496 Val loss: 0.30908727991215 Time: 0.48254562499641906
Train loss: 2.6833499658403914 Val loss: 0.30144267119285645 Time: 0.4695106669969391
Train loss: 2.709647353938304 Val loss: 0.30321259389472327 Time: 0.5376192499970784
Train loss: 2.568609057070513 Val loss: 0.28396721919635354 Time: 0.48019033299351577
Train loss: 2.5914635631247336 Val loss: 0.2776330463492908 Time: 0.4776529159862548
Train loss: 2.491275116998395 Val loss: 0.2734951090388228 Time: 0.47970541700487956
Train loss: 2.414397908660959 Val loss: 0.26615019894202974 Time: 0.4704120829992462
Train loss: 2.4595155041895174 Val loss: 0.271828210529471 Time: 0.46862408400920685
Train loss: 2.491010970572421 Val loss: 0.2728615851336658 Time: 0.47494904199265875
Train loss: 2.4332528201499315 Val loss: 0.2682869949748815 Time: 0.4801368330081459
Train loss: 2.396703027882289 Val loss: 0.26309365262173406 Time: 0.4716515000036452
Train loss: 2.3309024404443557 Val loss: 0.2593006970838833 Time: 0.4872540000069421
Train loss: 2.456610664067611 Val loss: 0.2574485723678182 Time: 0.46950233400275465
Train loss: 2.331909803015648 Val loss: 0.247684538180189 Time: 0.5319699160027085
Train loss: 2.2662201283577232 Val loss: 0.2370785052776341 Time: 0.47351604199502617
Train loss: 2.267863866654949 Val loss: 0.258966857977753 Time: 0.4735577090032166
Train loss: 2.198140874520959 Val loss: 0.2526097876594997 Time: 0.48578925000038
Train loss: 2.1646565634339794 Val loss: 0.24856586426818683 Time: 0.481134874993586
Train loss: 2.22029540057623 Val loss: 0.23194410839650342 Time: 0.484034833003534
Train loss: 2.2784868897409183 Val loss: 0.25896163216716034 Time: 0.4830281250033295
Train loss: 2.155651155548867 Val loss: 0.2386758576383738 Time: 0.48445637500844896
Train loss: 2.0659349008824393 Val loss: 0.2418392658565359 Time: 0.5290925419976702
Train loss: 2.1002384243304597 Val loss: 0.23407421484271837 Time: 0.49245962499117013
Train loss: 2.0571662599179543 Val loss: 0.2335237725599396 Time: 0.4867482090048725
Train loss: 2.0375035336259657 Val loss: 0.2209670203582653 Time: 0.6251592080079718
Train loss: 2.08389507498093 Val loss: 0.2143402833972633 Time: 0.4990429579920601
Train loss: 1.9352645965673938 Val loss: 0.1938236636214494 Time: 0.4956577920092968
Train loss: 2.0004995912828782 Val loss: 0.22824943013350812 Time: 0.49390229101118166
Train loss: 2.0127016206102724 Val loss: 0.20297039254015306 Time: 0.5106082919955952
Train loss: 2.0366174155156047 Val loss: 0.21113491726419117 Time: 0.49335841700667515
Train loss: 1.9099284263793237 Val loss: 0.19806818787011568 Time: 0.535500541998772
Train loss: 1.9136622943438357 Val loss: 0.19804469015692994 Time: 0.6943483329960145
Train loss: 1.871540088649411 Val loss: 0.19049206763097373 Time: 0.5177713330049301
Train loss: 1.9152754278111388 Val loss: 0.19834081992719493 Time: 0.5202412090002326
Train loss: 1.9194876165040569 Val loss: 0.19552635740811877 Time: 0.5100085419981042
Train loss: 1.8224505689970831 Val loss: 0.19372400567483608 Time: 0.5815396669931943
Train loss: 1.8094540181520486 Val loss: 0.2067472955062062 Time: 0.667599207998137
Train loss: 1.8591553812423207 Val loss: 0.21351561006636183 Time: 0.502030958989053
Train loss: 1.821718932423238 Val loss: 0.19171908563258125 Time: 0.5015200420020847
Train loss: 1.8150796372749696 Val loss: 0.19033049133678479 Time: 0.5160259999975096
Train loss: 1.7603364139496875 Val loss: 0.18072557876203088 Time: 0.5647561250079889
Train loss: 1.740030489819822 Val loss: 0.20080253517675486 Time: 0.5666566669970052
Train loss: 1.7193954924028692 Val loss: 0.19982973471247759 Time: 0.5046362499997485
Train loss: 1.673329062733984 Val loss: 0.20222608115999907 Time: 0.542706583000836
Train loss: 1.7327274947326998 Val loss: 0.1985488585733065 Time: 0.5266453329968499
Train loss: 1.8196441023045544 Val loss: 0.19443067146826284 Time: 0.5079244170046877
Train loss: 1.7118241948769573 Val loss: 0.20306860733263757 Time: 0.5025397919962415
Train loss: 1.5849327117279008 Val loss: 0.1880842706919324 Time: 0.494953166009509
Train loss: 1.6627891351658377 Val loss: 0.17503441589399696 Time: 0.5008693330019014
Train loss: 1.6550057230873136 Val loss: 0.20143189725544286 Time: 0.640726875004475
Train loss: 1.593169488876569 Val loss: 0.19082513231824047 Time: 0.533597000001464
Train loss: 1.6478420546056185 Val loss: 0.19825288768541088 Time: 0.5035630829952424
Train loss: 1.7097927481562984 Val loss: 0.20493850567426783 Time: 0.5033014999935403
Train loss: 1.5699506862410288 Val loss: 0.2047678505541432 Time: 0.49796074999903794
Train loss: 1.6399359647636311 Val loss: 0.19209957460964727 Time: 0.5590808749984717
Train loss: 1.570865549278551 Val loss: 0.17630277846814477 Time: 0.5006333329947665
Train loss: 1.636171010279698 Val loss: 0.17933248507762273 Time: 0.5043928329978371
Train loss: 1.5956867160699346 Val loss: 0.20150783353321308 Time: 0.5026452909951331
Train loss: 1.4699728716636677 Val loss: 0.17975422097505953 Time: 0.5000366250023944
Train loss: 1.5224357809505733 Val loss: 0.1786888763011447 Time: 0.5020502910047071
Train loss: 1.5556452735887953 Val loss: 0.1879655804935998 Time: 0.519550375000108
Train loss: 1.4082152085068174 Val loss: 0.17456036192599167 Time: 0.5319393340032548
Train loss: 1.4468878989625864 Val loss: 0.1829493910352149 Time: 0.5100270419934532
Train loss: 1.3846469327889892 Val loss: 0.17119897036874016 Time: 0.5149303340003826
Train loss: 1.4257148222136422 Val loss: 0.19168648106337938 Time: 0.5217352080071578
Train loss: 1.4820552481936318 Val loss: 0.17879539230496722 Time: 0.515844791996642
Train loss: 1.3532627999301212 Val loss: 0.17175455275019094 Time: 0.5099659589905059
Train loss: 1.4806752239611343 Val loss: 0.18701556224640611 Time: 0.5220952090021456
Train loss: 1.4173707906849602 Val loss: 0.17979399753556544 Time: 0.5154754579998553
Train loss: 1.4074033495462452 Val loss: 0.20982851625168433 Time: 0.5602888749999693
Train loss: 1.372334789476497 Val loss: 0.17012004493277738 Time: 0.6261101249983767
Train loss: 1.5016096768802072 Val loss: 0.19727031640719456 Time: 0.5559085420100018
Train loss: 1.461026484364631 Val loss: 0.19006605714239705 Time: 0.5109564169979421
Train loss: 1.466376999765032 Val loss: 0.17773107815213995 Time: 0.5096587080042809
Train loss: 1.349099690991907 Val loss: 0.20880189896401632 Time: 0.5105807920044754
Train loss: 1.2367931411692723 Val loss: 0.16354267949702236 Time: 0.5281301249924581
Train loss: 1.3538373212736823 Val loss: 0.1844330262216518 Time: 0.53973216599843
Train loss: 1.2367222434667045 Val loss: 0.16441207142078898 Time: 0.5208285830012755
Train loss: 1.5925665473886248 Val loss: 0.19015779197700183 Time: 0.5306882090080762
Train loss: 1.328975628326413 Val loss: 0.2300687110440117 Time: 0.6062625000049593
Train loss: 1.1634919569766593 Val loss: 0.16112778860322763 Time: 0.5701276250038063
Train loss: 1.2974770264207791 Val loss: 0.1641285619549902 Time: 0.5609095830004662
Train loss: 1.2792832214967547 Val loss: 0.16787086365414378 Time: 0.5318902500002878
Train loss: 1.1599598022278101 Val loss: 0.157581558366077 Time: 0.5258329579955898
Train loss: 1.224743018579944 Val loss: 0.16511703589706317 Time: 0.6085333749942947
Train loss: 1.174335109456779 Val loss: 0.1565419043702247 Time: 0.5316136670007836
Train loss: 1.2487160768033903 Val loss: 0.1693249614304685 Time: 0.5204939579998609
Train loss: 1.172007532126643 Val loss: 0.157106271585852 Time: 0.5177019590046257
Train loss: 1.1860197436256135 Val loss: 0.15655680870028288 Time: 0.5583467499964172
Train loss: 1.291896640533638 Val loss: 0.2624292499190633 Time: 0.5279544579971116
Train loss: 1.117747301690514 Val loss: 0.16133723632562694 Time: 0.5361434999940684
Train loss: 1.3515075787373472 Val loss: 0.21097760965906967 Time: 0.5236453329998767
Train loss: 1.348171921435977 Val loss: 0.1702165759566842 Time: 0.5238548750057817
Train loss: 1.1506860543479451 Val loss: 0.24602690147088613 Time: 0.6781191250047414
Train loss: 1.2223631329560352 Val loss: 0.160899236926523 Time: 0.5732999580068281
Train loss: 1.1473496310849214 Val loss: 0.15299774550600684 Time: 0.5322327080066316
Train loss: 1.0867434475195958 Val loss: 0.15662871315643717 Time: 0.5295031670102617
Train loss: 1.2056852502746036 Val loss: 0.19221570470208132 Time: 0.6114586249896092
Train loss: 1.0845509067286088 Val loss: 0.19264368393612344 Time: 0.6912229579902487
Train loss: 1.0207374324958218 Val loss: 0.1614428589070785 Time: 0.5527377090038499
Train loss: 1.1118226017028192 Val loss: 0.14954077860082648 Time: 0.5307210419996409
Train loss: 1.1638802566798623 Val loss: 0.16573322575172378 Time: 0.5188071250013309
Train loss: 1.0390428397432747 Val loss: 0.16502543048765597 Time: 0.5443365829996765
Train loss: 1.1442670315590817 Val loss: 0.18203006153582446 Time: 0.5649440419947496
Train loss: 1.2261449472144061 Val loss: 0.15863334370746124 Time: 0.6994813329947647
Train loss: 1.0666179752150242 Val loss: 0.20446937747465696 Time: 0.5282575000019278
Train loss: 1.1131207100721865 Val loss: 0.1515500906056307 Time: 0.5718332499964163
Train loss: 1.446349543580471 Val loss: 0.17729298666825657 Time: 0.554942040995229
Train loss: 1.1407512420911132 Val loss: 0.1566861972964726 Time: 0.5286032080039149
Shrinking learning rate to 1e-05
Train loss: 1.3821860371660293 Val loss: 0.19120219636071817 Time: 0.5347480000054929
Train loss: 1.2705547505175225 Val loss: 0.17684517382407264 Time: 0.5229965830076253
Train loss: 1.2404975367651936 Val loss: 0.17107055672393362 Time: 0.5226104999892414
Train loss: 1.165450965316456 Val loss: 0.16444436753862418 Time: 0.5265340409969212
Train loss: 1.1388720803822707 Val loss: 0.16093934080284986 Time: 0.5284225409995997
Train loss: 1.147901411515471 Val loss: 0.16090007274471096 Time: 0.5248242079978809
Train loss: 1.0917656536132778 Val loss: 0.15586461019369216 Time: 0.5258111250004731
Train loss: 1.085920639969686 Val loss: 0.1558798760872058 Time: 0.5295567909925012
Train loss: 1.048748817120753 Val loss: 0.151397620996074 Time: 0.5282779160042992
Train loss: 1.1146643834328713 Val loss: 0.15647435747344937 Time: 0.5226450829941314
Shrinking learning rate to 1.0000000000000002e-06
Train loss: 1.6705174091906656 Val loss: 0.21269616566117275 Time: 0.5272878749965457
Train loss: 1.6155179811233893 Val loss: 0.21163576162888892 Time: 0.5288151669956278
Train loss: 1.5058791891972705 Val loss: 0.2061081871729368 Time: 0.5254045410110848
Train loss: 1.4515714037934941 Val loss: 0.20495808848370772 Time: 0.5252164160046959
Train loss: 1.3481395979508193 Val loss: 0.1996265268494491 Time: 0.5264414580015
Train loss: 1.4170594759320743 Val loss: 0.20551793568819 Time: 0.5260375829966506
Train loss: 1.3372161370663207 Val loss: 0.20173646492116434 Time: 0.533067458003643
Train loss: 1.3952156563233444 Val loss: 0.20590337814078566 Time: 0.5265292909898562
Train loss: 1.3562813408360554 Val loss: 0.20386558815117703 Time: 0.5251908339996589
Train loss: 1.292490639966438 Val loss: 0.19945927289950643 Time: 0.5263339169905521
Shrinking learning rate to 1.0000000000000002e-07
Learning rate getting small
Complete
 Total time: 86.61653054199996