starting log for model: models\gru_lin1_new_24-25.pth
Train loss: 2.051480580925501 Val loss: 0.5543566766379348 Time: 1.6063763999845833
Train loss: 2.732025985785409 Val loss: 0.5058119163306629 Time: 1.5143195999553427
Train loss: 2.0842749823265265 Val loss: 0.5349845871235124 Time: 1.5500602000392973
Train loss: 1.909966027496779 Val loss: 0.5195608391590698 Time: 1.5757784999441355
Train loss: 1.6843213827322154 Val loss: 0.5196663998465804 Time: 1.8313180999830365
Train loss: 1.5855898263660748 Val loss: 0.5155719603796315 Time: 2.0482283000601456
Train loss: 1.6474983935331124 Val loss: 0.5096264352633679 Time: 1.7494578000623733
Train loss: 1.4487665724407606 Val loss: 0.4835615475760512 Time: 1.5976695999270305
Train loss: 1.3320983266440756 Val loss: 0.4542979989925912 Time: 1.667434100061655
Train loss: 1.3328031551032247 Val loss: 0.49790252755155046 Time: 1.6237727999687195
Train loss: 1.2536602512294621 Val loss: 0.4357467389110632 Time: 1.6571149000665173
Train loss: 1.2011402732446275 Val loss: 0.4403840807912182 Time: 1.7112711999798194
Train loss: 1.1609896529513468 Val loss: 0.43179671341257 Time: 1.6225163000635803
Train loss: 1.091233324821527 Val loss: 0.43419064930574214 Time: 1.7656768000451848
Train loss: 1.1929917478780139 Val loss: 0.4039368913501033 Time: 1.948781199986115
Train loss: 1.167542785788413 Val loss: 0.49816059832443943 Time: 2.6041144999908283
Train loss: 1.169191117916407 Val loss: 0.3646170766218174 Time: 1.3946539999451488
Train loss: 1.1522451311793134 Val loss: 0.4357472642506271 Time: 1.623926499974914
Train loss: 1.1190291007102937 Val loss: 0.4219963133849989 Time: 1.7901143999770284
Train loss: 1.13166810976319 Val loss: 0.37930137692391497 Time: 1.6172179999994114
Train loss: 0.9568737697956955 Val loss: 0.292385431838928 Time: 2.027760700089857
Train loss: 1.0365844569018279 Val loss: 0.36063085898736913 Time: 1.4406642001122236
Train loss: 0.9860627949006897 Val loss: 0.3709311815184483 Time: 1.5974908999633044
Train loss: 1.0252822566266904 Val loss: 0.3630926743253543 Time: 1.9972025000024587
Train loss: 0.9701161674760581 Val loss: 0.43056392929384657 Time: 1.7532772000413388
Train loss: 0.9363676866848998 Val loss: 0.3953746803147548 Time: 1.5014270999236032
Train loss: 0.9883535507847725 Val loss: 0.1594463999425095 Time: 1.579859699937515
Train loss: 1.0850264100756277 Val loss: 0.4217997072769151 Time: 1.4826920999912545
Train loss: 0.8507539863829692 Val loss: 0.3970919722948553 Time: 1.4837149999802932
Train loss: 0.9150025919510867 Val loss: 0.2109717195579661 Time: 1.5803032999392599
Train loss: 1.0299490338167203 Val loss: 0.48328348213634925 Time: 1.448581200093031
Train loss: 0.8707012235564662 Val loss: 0.19273115228018034 Time: 1.600983800017275
Train loss: 0.8297211655269336 Val loss: 0.285192737247515 Time: 1.5777950000483543
Train loss: 0.8394580639342166 Val loss: 0.2238758761061734 Time: 1.757737800013274
Train loss: 0.7550213108945485 Val loss: 0.2781544574322464 Time: 1.7813724000006914
Train loss: 1.0488505038236466 Val loss: 0.2921851884717339 Time: 1.7281663999892771
Train loss: 0.7849582844880234 Val loss: 0.18884356601583352 Time: 1.336384700029157
Train loss: 0.9068203740671805 Val loss: 0.2167557036946634 Time: 1.7283975000027567
Train loss: 0.8972793711913027 Val loss: 0.4802201459623266 Time: 1.5680225000251085
Train loss: 0.8776894786459479 Val loss: 0.29432513854214853 Time: 2.7836345999967307
Train loss: 0.8821399602057731 Val loss: 0.1993302805420132 Time: 2.069470199989155
Train loss: 0.9709741035675936 Val loss: 0.5045521687436437 Time: 2.8423904000082985
Train loss: 0.8847813553390687 Val loss: 0.36505802566509815 Time: 1.8255627999315038
Train loss: 0.8061025854175909 Val loss: 0.2216962940539327 Time: 1.6138278000289574
Shrinking learning rate to 1e-05
Train loss: 0.9926953194531247 Val loss: 0.25787877815182014 Time: 1.675533500034362
Train loss: 0.9521070892059635 Val loss: 0.2693832284399242 Time: 1.4363370999926701
Train loss: 0.7979340091744067 Val loss: 0.27504768353255726 Time: 1.611453999998048
Train loss: 0.7856177801034221 Val loss: 0.2840904748206487 Time: 1.6739434000337496
Train loss: 0.8703967829137937 Val loss: 0.2909946268894764 Time: 1.5532426999416202
Train loss: 0.7692984741867122 Val loss: 0.294707455138523 Time: 1.4396504999604076
Train loss: 0.7360987716881553 Val loss: 0.2985490041150068 Time: 1.800133500015363
Train loss: 0.7319146966793824 Val loss: 0.3069213235352479 Time: 1.8643386999610811
Train loss: 0.7969911825156704 Val loss: 0.3141921798806073 Time: 1.8782188999466598
Train loss: 0.7498213913329899 Val loss: 0.3206737848155605 Time: 1.8741264999844134
Train loss: 0.7408037972015222 Val loss: 0.3215073521321395 Time: 1.5669552999315783
Train loss: 0.7135461419868037 Val loss: 0.3224680901076525 Time: 1.6421918999403715
Train loss: 0.6848783444183084 Val loss: 0.3154455330232783 Time: 1.5531058000633493
Train loss: 0.7590645254696753 Val loss: 0.3187482380566859 Time: 1.5221897000446916
Train loss: 0.6608756860267917 Val loss: 0.317084824763796 Time: 1.3938884000526741
Train loss: 0.6797759610221519 Val loss: 0.3228169661978882 Time: 1.2200484999921173
Train loss: 0.6913802293685904 Val loss: 0.31882377049352234 Time: 1.7111647001001984
Train loss: 0.6799815998771592 Val loss: 0.31078221713762805 Time: 1.8280174999963492
Train loss: 0.7033153959398195 Val loss: 0.3119832498881663 Time: 1.6638022999977693
Train loss: 0.7056134135189005 Val loss: 0.30872187444804944 Time: 1.4705048999749124
Train loss: 0.6977639990885187 Val loss: 0.30565842770565915 Time: 1.5815233000321314
Train loss: 0.6503099761658788 Val loss: 0.3047231437644976 Time: 1.5571306999772787
Train loss: 0.6801107265980217 Val loss: 0.3085664103204629 Time: 1.5948332999832928
Train loss: 0.680537804684672 Val loss: 0.304871323144976 Time: 1.6030683000572026
Train loss: 0.6393083061405642 Val loss: 0.30194781397163495 Time: 1.4562626000260934
Train loss: 0.6643204758111665 Val loss: 0.3052893280803682 Time: 1.4336330000078306
Train loss: 0.6563124808291185 Val loss: 0.302464383991255 Time: 1.7627891999436542
Train loss: 0.6463529076529255 Val loss: 0.2980618998387275 Time: 1.7413345999084413
Train loss: 0.6557280123528244 Val loss: 0.29794134299435343 Time: 1.8966204999014735
Train loss: 0.6360722256703752 Val loss: 0.2953750064087669 Time: 1.470115500036627
Train loss: 0.6200967505432482 Val loss: 0.2918339208617731 Time: 1.6799195000203326
Train loss: 0.6560803112994478 Val loss: 0.2963231040404664 Time: 1.6160219999728724
Train loss: 0.6378592013498674 Val loss: 0.29405452233347823 Time: 1.521334100048989
Train loss: 0.6186995239682744 Val loss: 0.2939644118730004 Time: 1.6233022999949753
Train loss: 0.67001158701148 Val loss: 0.29873733691490156 Time: 1.5298570999875665
Train loss: 0.696009232079227 Val loss: 0.2865129147148309 Time: 1.536777500063181
Train loss: 0.6052551379413496 Val loss: 0.2869913185918641 Time: 1.8531156999524683
Train loss: 0.6463159184183951 Val loss: 0.28335901858230883 Time: 1.8152614999562502
Train loss: 0.6076677115192695 Val loss: 0.2884168870906251 Time: 1.7592038000002503
Train loss: 0.5904850030322208 Val loss: 0.2866671255666098 Time: 1.4516822999576107
Train loss: 0.6088492031198536 Val loss: 0.2903333801674602 Time: 1.5421946999849752
Train loss: 0.6598263748255813 Val loss: 0.2835418862090455 Time: 1.6265115999849513
Train loss: 0.5791403295109347 Val loss: 0.2863068251466538 Time: 1.1776992999948561
Train loss: 0.60274605175975 Val loss: 0.2844318043707014 Time: 1.7215283000841737
Train loss: 0.6393107700088558 Val loss: 0.28194296368530786 Time: 1.7192225999897346
Train loss: 0.6035543539620205 Val loss: 0.294082692551715 Time: 1.8549679000861943
Train loss: 0.6207949795806513 Val loss: 0.29559033079887825 Time: 1.8339171999832615
Train loss: 0.6189637439631106 Val loss: 0.28545841992719834 Time: 1.7941018999554217
Train loss: 0.6341882414861324 Val loss: 0.28640767716355003 Time: 1.9020240000681952
Train loss: 0.6276558403725523 Val loss: 0.289485694299013 Time: 1.5152600000146776
Train loss: 0.5919243110134076 Val loss: 0.28688028608963495 Time: 1.5214477999834344
Train loss: 0.6050753441415102 Val loss: 0.2722886898771635 Time: 1.5380274000344798
Shrinking learning rate to 1.0000000000000002e-06
Train loss: 0.6594516030413189 Val loss: 0.2885058536817274 Time: 1.5025688000023365
Train loss: 0.6112239659763186 Val loss: 0.28739233393536606 Time: 1.673401499981992
Train loss: 0.592425056676781 Val loss: 0.2854778015083617 Time: 1.5878390000434592
Train loss: 0.6020072549628885 Val loss: 0.2860816379545387 Time: 1.604201800073497
Train loss: 0.5725126458143848 Val loss: 0.2860498072806789 Time: 1.9349308999953791
Train loss: 0.6163253684367476 Val loss: 0.2860484116102833 Time: 1.8229787000454962
Train loss: 0.5924797791359291 Val loss: 0.2850249762297167 Time: 1.7328794000204653
Train loss: 0.5816926214815874 Val loss: 0.285209514936294 Time: 1.5850284000625834
Train loss: 0.614303188661184 Val loss: 0.2845353181883857 Time: 1.575135299935937
Train loss: 0.6429882809459313 Val loss: 0.2861057035447494 Time: 1.603941599954851
Train loss: 0.6340022311529054 Val loss: 0.28521861513185304 Time: 1.6096925999736413
Train loss: 0.615566488823454 Val loss: 0.28331857939824284 Time: 1.465865800040774
Train loss: 0.5784074221230529 Val loss: 0.2844963860267609 Time: 1.8151112000923604
Train loss: 0.5944600460599503 Val loss: 0.2849569632739426 Time: 1.5739311000797898
Shrinking learning rate to 1.0000000000000002e-07
Learning rate getting small
Complete
 Total time: 184.7970680000726