starting log for model: models/gru_comb_fcast_19_new_22-23.pth
Train loss: 14.222458028860927 Val loss: 1.7163593639960826 Time: 0.35430787500808947
Train loss: 11.559865756822465 Val loss: 1.3519225125571273 Time: 0.414926875004312
Train loss: 8.65308653162694 Val loss: 1.0462918828312966 Time: 0.3574390410067281
Train loss: 7.158244935906396 Val loss: 0.8873392718855996 Time: 0.330101209008717
Train loss: 6.4409131485080025 Val loss: 0.8082589547372843 Time: 0.3232282500102883
Train loss: 6.199216134061569 Val loss: 0.7806431638323333 Time: 0.3294605830014916
Train loss: 5.88413635809755 Val loss: 0.7412935130521603 Time: 0.32168999999703374
Train loss: 5.636956461020233 Val loss: 0.7172632277555682 Time: 0.31765599999926053
Train loss: 5.853786826869062 Val loss: 0.7248573783977376 Time: 0.34291116699751
Train loss: 5.549469819446731 Val loss: 0.6912182029295441 Time: 0.3182891250035027
Train loss: 5.252357826687659 Val loss: 0.6632512662161106 Time: 0.325156999999308
Train loss: 5.411377554992583 Val loss: 0.6709307806431463 Time: 0.3262587500066729
Train loss: 5.0537956288426695 Val loss: 0.632709896361545 Time: 0.3248140829964541
Train loss: 4.901451587729326 Val loss: 0.6052758058469779 Time: 0.323303166005644
Train loss: 4.860171945001241 Val loss: 0.6005441082761078 Time: 0.34662879099778365
Train loss: 4.610936090674394 Val loss: 0.57539136447102 Time: 0.32417191700369585
Train loss: 4.643395461284271 Val loss: 0.565453271674618 Time: 0.3301552079938119
Train loss: 4.691613431900002 Val loss: 0.5652274438872311 Time: 0.3266534589929506
Train loss: 4.288753960579135 Val loss: 0.5379529560879952 Time: 0.32588899999973364
Train loss: 4.081089693539582 Val loss: 0.5108131242505858 Time: 0.33328800000890624
Train loss: 4.010015246070665 Val loss: 0.49959463102431007 Time: 0.3291379159927601
Train loss: 4.014617855507591 Val loss: 0.5009760032501213 Time: 0.34306366700911894
Train loss: 3.509378803662083 Val loss: 0.4410484639147839 Time: 0.3365615840011742
Train loss: 3.5953259055385587 Val loss: 0.44191922851768756 Time: 0.3289297080045799
Train loss: 3.4794840488616074 Val loss: 0.4173328915391803 Time: 0.32925183400220703
Train loss: 3.3454612993782007 Val loss: 0.41093469997433746 Time: 0.32834154200099874
Train loss: 3.1398020074583 Val loss: 0.3862549394745006 Time: 0.3331090419960674
Train loss: 2.808708679189153 Val loss: 0.34824045122280733 Time: 0.34366054099518806
Train loss: 2.9445050393028094 Val loss: 0.3644541266311433 Time: 0.3557219170033932
Train loss: 2.8435362313492263 Val loss: 0.3462298888220303 Time: 0.3326990420027869
Train loss: 2.7429445604250136 Val loss: 0.3267176841182064 Time: 0.35508391600160394
Train loss: 2.587783037548178 Val loss: 0.30805496138208927 Time: 0.33092291599314194
Train loss: 2.529709538115579 Val loss: 0.3093177360170786 Time: 0.33375674999842886
Train loss: 2.393617546452724 Val loss: 0.28552342488816623 Time: 0.3482062500115717
Train loss: 2.259885246331919 Val loss: 0.27635979381452513 Time: 0.3365592500049388
Train loss: 2.255928388672982 Val loss: 0.27072635030686454 Time: 0.33643616699555423
Train loss: 2.2208631689470764 Val loss: 0.257761564598886 Time: 0.33408333400439005
Train loss: 2.2234166135211373 Val loss: 0.2786012775677989 Time: 0.3374421249900479
Train loss: 2.056880070975641 Val loss: 0.2471111617710822 Time: 0.33640654099872336
Train loss: 2.004062775897567 Val loss: 0.2416866899345378 Time: 0.3413461250020191
Train loss: 2.0258384214479577 Val loss: 0.24370547510431254 Time: 0.33427787499385886
Train loss: 1.7648344709009658 Val loss: 0.21515272756060477 Time: 0.3346164999966277
Train loss: 1.887808857361648 Val loss: 0.22863927045553417 Time: 0.3366123329906259
Train loss: 1.8598202986942738 Val loss: 0.22158057047719157 Time: 0.33982329099671915
Train loss: 1.668552914488508 Val loss: 0.21485803989899843 Time: 0.33919766699546017
Train loss: 1.7328700399268655 Val loss: 0.20309722223580412 Time: 0.34398466600396205
Train loss: 1.583593320549646 Val loss: 0.19217165054849955 Time: 0.34062341701064724
Train loss: 1.7207843305184716 Val loss: 0.21298457687111463 Time: 0.33695537500898354
Train loss: 1.6048618013655513 Val loss: 0.1919499364584938 Time: 0.33604420800111257
Train loss: 1.5634920678395297 Val loss: 0.19035682275995064 Time: 0.3492908750049537
Train loss: 1.4910424783728047 Val loss: 0.19491073214033372 Time: 0.33956733300874475
Train loss: 1.3911412189160757 Val loss: 0.18268882143650897 Time: 0.3524294579983689
Train loss: 1.3375089873052453 Val loss: 0.18267205396511652 Time: 0.34464275000209454
Train loss: 1.3886200508462174 Val loss: 0.17828184510720535 Time: 0.33868329199322034
Train loss: 1.374218050928178 Val loss: 0.1742809240547915 Time: 0.34095754199370276
Train loss: 1.2706863683557552 Val loss: 0.1730970613234919 Time: 0.343297542000073
Train loss: 1.299456351519686 Val loss: 0.17899955818718138 Time: 0.34109841600002255
Train loss: 1.292509088300692 Val loss: 0.17082417424526253 Time: 0.34590400000161026
Train loss: 1.290518956069679 Val loss: 0.17740821387422268 Time: 0.34411383399856277
Train loss: 1.2787068172799714 Val loss: 0.16658788265457777 Time: 0.3451510830054758
Train loss: 1.088006527012709 Val loss: 0.1591201113154534 Time: 0.3396427080006106
Train loss: 1.1180724043510928 Val loss: 0.15649950148684288 Time: 0.33686970800044946
Train loss: 1.0704149547948987 Val loss: 0.15719987603071253 Time: 0.3427204170002369
Train loss: 1.0348972091791246 Val loss: 0.15126734158625113 Time: 0.3470345839887159
Train loss: 1.1785967086962374 Val loss: 0.16247265173282574 Time: 0.3401222090033116
Train loss: 1.1060035242390427 Val loss: 0.15164281618519043 Time: 0.3384258750011213
Train loss: 1.1618545697349454 Val loss: 0.16519026925418762 Time: 0.3396496670029592
Train loss: 1.12346898590555 Val loss: 0.15122012399888643 Time: 0.3400668329995824
Train loss: 1.0254620396283798 Val loss: 0.15625594060193768 Time: 0.3371384579950245
Train loss: 1.0488706329285633 Val loss: 0.1486053548846143 Time: 0.3488700419984525
Train loss: 1.107634068280089 Val loss: 0.16412690820705647 Time: 0.3571807090047514
Train loss: 0.9604616272628022 Val loss: 0.14499528118445984 Time: 0.34225975000299513
Train loss: 0.8665891208462142 Val loss: 0.14600939880437164 Time: 0.3548082910128869
Train loss: 0.9839165124326357 Val loss: 0.1431818975756918 Time: 0.33754770799714606
Train loss: 0.9165170330054448 Val loss: 0.13729716506495723 Time: 0.3424109579937067
Train loss: 0.919482299407747 Val loss: 0.14562994638982948 Time: 0.3558650420018239
Train loss: 0.8796276512267411 Val loss: 0.13691438887508742 Time: 0.3391076670086477
Train loss: 0.8829741635353265 Val loss: 0.13658679632656168 Time: 0.3381174579990329
Train loss: 0.9512685130351315 Val loss: 0.14889712747290945 Time: 0.3417476660106331
Train loss: 0.8895740723017376 Val loss: 0.14389328493297776 Time: 0.34101437499339227
Train loss: 0.9369404402417629 Val loss: 0.14167193857337346 Time: 0.3395622920070309
Train loss: 0.8641105055888332 Val loss: 0.1621446621067357 Time: 0.3544155420095194
Train loss: 0.8725228029428758 Val loss: 0.1453256589530401 Time: 0.34032991700223647
Train loss: 0.8488382115403041 Val loss: 0.14934513799894403 Time: 0.3495154169941088
Train loss: 0.815249525338424 Val loss: 0.16181446950920036 Time: 0.3446689999982482
Train loss: 0.8174283192080907 Val loss: 0.14245480932385818 Time: 0.33986245800042525
Train loss: 0.8023627156273783 Val loss: 0.15084290875345524 Time: 0.3458362910023425
Train loss: 0.7154441821642763 Val loss: 0.14706677964438794 Time: 0.3572792500053765
Train loss: 0.715049244258914 Val loss: 0.138080470828802 Time: 0.3392752919899067
Train loss: 0.7392169939236943 Val loss: 0.1346550133843259 Time: 0.34302066601230763
Train loss: 0.8304609441527795 Val loss: 0.14814079392392593 Time: 0.3425037910055835
Train loss: 0.8140705640269488 Val loss: 0.15751735438283182 Time: 0.3422066250059288
Train loss: 0.7424057154420076 Val loss: 0.12629181387107175 Time: 0.34322245900693815
Train loss: 0.6922832183728302 Val loss: 0.1804189066754782 Time: 0.35926300000573974
Train loss: 0.7695982821057328 Val loss: 0.14273078305860126 Time: 0.34299954200105276
Train loss: 0.6510481860240347 Val loss: 0.1754016695092246 Time: 0.34417941598803736
Train loss: 0.7766780519918461 Val loss: 0.13765980400372296 Time: 0.3507540419959696
Train loss: 0.7220812302930533 Val loss: 0.16498823875887259 Time: 0.3411240829882445
Train loss: 0.7088576739981676 Val loss: 0.15988620469443202 Time: 0.3407183340023039
Train loss: 0.689935887044328 Val loss: 0.15980317488264578 Time: 0.36255008399893995
Train loss: 0.7581129876627237 Val loss: 0.15013165539614537 Time: 0.34309916700294707
Train loss: 0.7150439910091961 Val loss: 0.23477593481776435 Time: 0.3425172499992186
Train loss: 0.6648920511529042 Val loss: 0.251475728150152 Time: 0.3443457499961369
Train loss: 0.6723917623643354 Val loss: 0.14704495345710888 Time: 0.34484754099685233
Train loss: 0.7156430974077566 Val loss: 0.22101570386935082 Time: 0.3431887500046287
Shrinking learning rate to 1e-05
Train loss: 0.7299317899544991 Val loss: 0.16153872936755886 Time: 0.36640712499502115
Train loss: 0.7062661379199275 Val loss: 0.1555356646464506 Time: 0.3475600840029074
Train loss: 0.6568227523831291 Val loss: 0.14815084985839994 Time: 0.44935320799413603
Train loss: 0.7247769034161564 Val loss: 0.1519281680539837 Time: 0.34173437498975545
Train loss: 0.7416428961000685 Val loss: 0.14923748849424198 Time: 0.343841624999186
Train loss: 0.6702176462427474 Val loss: 0.1482960047579339 Time: 0.3572997079900233
Train loss: 0.5545878504744506 Val loss: 0.14430472100355565 Time: 0.36381966700719204
Train loss: 0.680400920843585 Val loss: 0.1520383400074282 Time: 0.33944808300293516
Train loss: 0.7214082701117386 Val loss: 0.14796026750821367 Time: 0.33902770800341386
Train loss: 0.6970050365088909 Val loss: 0.14237714281677735 Time: 0.36473500001011416
Train loss: 0.6988690042953876 Val loss: 0.14543980216311322 Time: 0.3415811250015395
Train loss: 0.6479163182860361 Val loss: 0.14348578998680275 Time: 0.3635190000059083
Train loss: 0.6371199630544737 Val loss: 0.1425690546398855 Time: 0.34156391699798405
Train loss: 0.6779301635974946 Val loss: 0.14425354511770944 Time: 0.347159750002902
Train loss: 0.6650674877326708 Val loss: 0.14186597806722415 Time: 0.34387849998893216
Train loss: 0.6288325065026878 Val loss: 0.14011851862247 Time: 0.3430898749938933
Shrinking learning rate to 1.0000000000000002e-06
Train loss: 0.616977555151621 Val loss: 0.14594703979368892 Time: 0.34932954200485256
Train loss: 0.6409321067728371 Val loss: 0.14704913675955616 Time: 0.4358527500007767
Train loss: 0.6311572952858082 Val loss: 0.14602258736331605 Time: 0.34798837499693036
Train loss: 0.5673768346529471 Val loss: 0.14330088729302373 Time: 0.3592862499936018
Train loss: 0.7131160111182595 Val loss: 0.14905927774032818 Time: 0.35183800000231713
Train loss: 0.7188591925821548 Val loss: 0.148618743060781 Time: 0.35194500000216067
Train loss: 0.5885578576253181 Val loss: 0.14292355744437546 Time: 0.38858475000597537
Train loss: 0.7711226379795062 Val loss: 0.15094946651946686 Time: 0.35918404199765064
Train loss: 0.6288574995847256 Val loss: 0.14400066565232786 Time: 0.35036579200823326
Train loss: 0.5975549836991831 Val loss: 0.14277806055889247 Time: 0.34894229100609664
Shrinking learning rate to 1.0000000000000002e-07
Learning rate getting small
Complete
 Total time: 45.33029479099787