starting log for model: models/gru_comb_new_23-24.pth
Train loss: 14.72563227689841 Val loss: 1.6508010229581351 Time: 0.3441003750049276
Train loss: 10.597189935717097 Val loss: 1.215598338671916 Time: 0.35107433299708646
Train loss: 8.023295619910177 Val loss: 0.9506066653497706 Time: 0.31423070799792185
Train loss: 7.287337779020497 Val loss: 0.8598422346666375 Time: 0.333193291000498
Train loss: 6.533747669634545 Val loss: 0.7740560305150654 Time: 0.3568657499999972
Train loss: 6.178538393674945 Val loss: 0.734060802760127 Time: 0.42196749999857275
Train loss: 5.916960350314525 Val loss: 0.7051153333537711 Time: 0.35162654099985957
Train loss: 5.668594763278236 Val loss: 0.6750133141201214 Time: 0.36820191600418184
Train loss: 5.569295963454721 Val loss: 0.6539551201742292 Time: 0.3232336250002845
Train loss: 5.015510824276783 Val loss: 0.5904853246760314 Time: 0.38821229099994525
Train loss: 5.353842042378261 Val loss: 0.6153532197846147 Time: 0.3198262079968117
Train loss: 4.943986372437806 Val loss: 0.582012220439463 Time: 0.34155720900162123
Train loss: 4.427137993559759 Val loss: 0.5215746685932279 Time: 0.32597974999953294
Train loss: 4.235097568918821 Val loss: 0.5188667541703762 Time: 0.3658325420037727
Train loss: 4.095941686704975 Val loss: 0.4884201970154911 Time: 0.32456758299667854
Train loss: 4.124519369914797 Val loss: 0.4705654047321158 Time: 0.3140153749991441
Train loss: 3.7217351099283245 Val loss: 0.44570567064449307 Time: 0.36787420800101245
Train loss: 3.7600392819588606 Val loss: 0.4470014415626993 Time: 0.3191188749988214
Train loss: 3.534293488608114 Val loss: 0.4153942800765841 Time: 0.3147579169963137
Train loss: 3.412775248755228 Val loss: 0.40955056139114615 Time: 0.3523431249996065
Train loss: 3.243369468168667 Val loss: 0.388095921503215 Time: 0.31320158400194487
Train loss: 3.166622264205829 Val loss: 0.3729225774230194 Time: 0.31598008400032995
Train loss: 3.066854436916281 Val loss: 0.36562742911610774 Time: 0.31936237499758136
Train loss: 2.890933838694565 Val loss: 0.33200193394291777 Time: 0.317528499996115
Train loss: 2.798722451390759 Val loss: 0.3328675523360935 Time: 0.3141184170017368
Train loss: 2.663307062672909 Val loss: 0.31641964824575014 Time: 0.43964395899820374
Train loss: 2.5694395966832246 Val loss: 0.2936551976006215 Time: 0.31995487499807496
Train loss: 2.4096808216212153 Val loss: 0.26484755761750206 Time: 0.3242829169976176
Train loss: 2.376821077231985 Val loss: 0.2811920068738537 Time: 0.3140739160007797
Train loss: 2.335144673650582 Val loss: 0.2581620622712995 Time: 0.3154692919997615
Train loss: 2.186462143821217 Val loss: 0.2348079756222957 Time: 0.3196727080066921
Train loss: 2.2985345668000434 Val loss: 0.2369238157965649 Time: 0.34026104099757504
Train loss: 2.0584152809014977 Val loss: 0.24030157271136857 Time: 0.38093779100017855
Train loss: 2.1153203920376313 Val loss: 0.22439978764758411 Time: 0.4260210840002401
Train loss: 1.9890710947643662 Val loss: 0.22419313549505657 Time: 0.40351537500100676
Train loss: 2.028184309898709 Val loss: 0.20388172399119747 Time: 0.32691583300038474
Train loss: 1.9824077540158278 Val loss: 0.20710870167432388 Time: 0.3198507499982952
Train loss: 1.6815710062232085 Val loss: 0.17054771279829056 Time: 0.3327559579993249
Train loss: 1.9725896198342596 Val loss: 0.19790589321618265 Time: 0.3106249169941293
Train loss: 1.7582200680885531 Val loss: 0.17814010167999705 Time: 0.31113883400394116
Train loss: 1.633154963908055 Val loss: 0.17262751327321613 Time: 0.3335873329997412
Train loss: 1.7957003520493098 Val loss: 0.17972523566198895 Time: 0.32402895899576833
Train loss: 1.6216609297759987 Val loss: 0.1622942566046587 Time: 0.32318233299884014
Train loss: 1.494448745151912 Val loss: 0.15289248910624512 Time: 0.3497118750019581
Train loss: 1.5756843467198571 Val loss: 0.16411316946231433 Time: 0.31593200000497745
Train loss: 1.5273367679736882 Val loss: 0.15310124845750012 Time: 0.3286958329990739
Train loss: 1.4363236341338663 Val loss: 0.14788275218841554 Time: 0.3338401669971063
Train loss: 1.5924167851183597 Val loss: 0.16831251448996573 Time: 0.31629404200066347
Train loss: 1.45861327792921 Val loss: 0.1493683230932571 Time: 0.3146419170006993
Train loss: 1.35290647121899 Val loss: 0.14386436842072048 Time: 0.34986508400470484
Train loss: 1.4775206792377924 Val loss: 0.15372567808385135 Time: 0.3209606669988716
Train loss: 1.3771972172363434 Val loss: 0.13793478129766903 Time: 0.37014074999751756
Train loss: 1.3243850482798365 Val loss: 0.13254738069848052 Time: 0.31987450000451645
Train loss: 1.344688802625484 Val loss: 0.14949513155120914 Time: 0.32382541699917056
Train loss: 1.309178412509152 Val loss: 0.1309191617051873 Time: 0.32114279200322926
Train loss: 1.3619417323050769 Val loss: 0.13695685654891815 Time: 0.31625345799693605
Train loss: 1.2269539889630812 Val loss: 0.12395086127847109 Time: 0.33562375000474276
Train loss: 1.1810362781051253 Val loss: 0.12508720659675165 Time: 0.32593291599914664
Train loss: 1.21458327291937 Val loss: 0.12163971977684714 Time: 0.3081444580020616
Train loss: 1.1720975102118132 Val loss: 0.133213626129466 Time: 0.31090395800129045
Train loss: 1.2424284177053622 Val loss: 0.12527524710968618 Time: 0.3118244159995811
Train loss: 1.0825320166968702 Val loss: 0.11422372977134355 Time: 0.3578724589970079
Train loss: 1.0071169218750278 Val loss: 0.12465083430030428 Time: 0.4357052080013091
Train loss: 1.2126654943794257 Val loss: 0.12806948043788233 Time: 0.31503391599835595
Train loss: 1.0300573857933273 Val loss: 0.1118637768791744 Time: 0.3051539169973694
Train loss: 1.1486600160335456 Val loss: 0.11721046920997703 Time: 0.3054680840068613
Train loss: 1.171904688490641 Val loss: 0.1277936642239732 Time: 0.31175475000054576
Train loss: 1.0807964386389148 Val loss: 0.1360073645817493 Time: 0.3256716669930029
Train loss: 0.9725839225257857 Val loss: 0.10441588745504002 Time: 0.3485593340010382
Train loss: 1.0449001925930048 Val loss: 0.16554587085433756 Time: 0.30816587500157766
Train loss: 0.9936994018059124 Val loss: 0.16465014369236283 Time: 0.30886129099963
Train loss: 0.9674119012655851 Val loss: 0.1053591388693803 Time: 0.3060860839977977
Train loss: 1.0836892272159275 Val loss: 0.12853305214639327 Time: 0.33297787500487175
Train loss: 1.086973118928995 Val loss: 0.11553427541639476 Time: 0.33450837500276975
Train loss: 1.0334978464761804 Val loss: 0.16792417400155976 Time: 0.32299520800006576
Train loss: 1.0477967232394114 Val loss: 0.1102508933032115 Time: 0.35070224999799393
Train loss: 1.0661363273797626 Val loss: 0.14391483946211145 Time: 0.32645466700341785
Train loss: 0.8867953578604642 Val loss: 0.11645414133231435 Time: 0.31893833299545804
Train loss: 0.9841787419333059 Val loss: 0.10818806767133485 Time: 0.3203578329994343
Train loss: 1.047625238142139 Val loss: 0.10952195935400383 Time: 0.32819833399844356
Train loss: 1.0639416204264194 Val loss: 0.11199863112924013 Time: 0.3201143330006744
Train loss: 0.9212315218839819 Val loss: 0.10501996378866196 Time: 0.3935939579969272
Train loss: 0.9180093880269169 Val loss: 0.10949747205112816 Time: 0.32243791699875146
Train loss: 0.9580271593050789 Val loss: 0.15084847480318425 Time: 0.3176362079975661
Train loss: 0.8132962073623986 Val loss: 0.10930527714849156 Time: 0.3157710000014049
Train loss: 0.9114850476330076 Val loss: 0.1232200702292581 Time: 0.31682945800275775
Train loss: 0.8891478058939593 Val loss: 0.09682794026913803 Time: 0.3234391670048353
Train loss: 0.9146674105628279 Val loss: 0.11727867562226306 Time: 0.4541287920001196
Train loss: 0.8650973722404167 Val loss: 0.1291520091261218 Time: 0.42568120800569886
Train loss: 0.7359821870401846 Val loss: 0.07892356163059006 Time: 0.36001737500191666
Train loss: 0.85906372412407 Val loss: 0.16556566389049357 Time: 0.32110745800309815
Train loss: 0.8572486442733407 Val loss: 0.0867008147574899 Time: 0.31874100000277394
Train loss: 0.7926193905648233 Val loss: 0.0857841133002623 Time: 0.3190963750021183
Train loss: 0.8005868410555923 Val loss: 0.08121064624121027 Time: 0.33677124999667285
Train loss: 0.867527543416486 Val loss: 0.08741714148080836 Time: 0.32655516600061674
Train loss: 0.8360667205353138 Val loss: 0.12348695928118777 Time: 0.3263601669968921
Train loss: 0.8133324469179186 Val loss: 0.09668297700536732 Time: 0.3300361250003334
Train loss: 0.8814929075096334 Val loss: 0.09671276701709246 Time: 0.32429345900163753
Train loss: 0.7401622857775871 Val loss: 0.07565467498790361 Time: 0.3289918750015204
Shrinking learning rate to 1e-05
Train loss: 1.6120572192701026 Val loss: 0.1667757453924474 Time: 0.3584101250016829
Train loss: 1.0565212567653361 Val loss: 0.1240713366418992 Time: 0.3253281670040451
Train loss: 0.9795687631416001 Val loss: 0.12141738631630955 Time: 0.3264391250049812
Train loss: 0.9349474385349481 Val loss: 0.11455707232367907 Time: 0.32506049999938114
Train loss: 0.8149532424791914 Val loss: 0.10791642014546918 Time: 0.3255872500012629
Train loss: 0.9481771728487729 Val loss: 0.11468186583283058 Time: 0.3241886249961681
Train loss: 0.825682545148233 Val loss: 0.10508433665287172 Time: 0.33974108300026273
Train loss: 0.8228059319879435 Val loss: 0.10178277145089566 Time: 0.3270522499951767
Train loss: 0.8143248039730153 Val loss: 0.10062144698956876 Time: 0.3314717079992988
Train loss: 0.7927160707970415 Val loss: 0.09725076257828792 Time: 0.3316160829999717
Shrinking learning rate to 1.0000000000000002e-06
Train loss: 2.1880113501566143 Val loss: 0.21953184046587915 Time: 0.3438187920037308
Train loss: 2.0347025747520284 Val loss: 0.20362432307636885 Time: 0.3323965829986264
Train loss: 1.8500548717638026 Val loss: 0.1850178449185276 Time: 0.39592766600253526
Train loss: 1.6860603271275068 Val loss: 0.16899722489226895 Time: 0.33938908299751347
Train loss: 1.6355433192170423 Val loss: 0.16488087982447733 Time: 0.3347939579980448
Train loss: 1.5573827123009778 Val loss: 0.15838901513436912 Time: 0.33391312500316417
Train loss: 1.3091216159321846 Val loss: 0.13587523372692153 Time: 0.33185270900139585
Train loss: 1.2295353272953662 Val loss: 0.13018624360156858 Time: 0.33816512499470264
Train loss: 1.2416587034882123 Val loss: 0.13347838013163663 Time: 0.3463164589993539
Train loss: 1.1001156549797315 Val loss: 0.12311956073304249 Time: 0.333665165999264
Shrinking learning rate to 1.0000000000000002e-07
Learning rate getting small
Complete
 Total time: 40.19738066600257