starting log for model: models/gru_comb_fcast_20_new_22-23.pth
Train loss: 13.385022079619148 Val loss: 1.5238198451489393 Time: 0.3187085839890642
Train loss: 10.075829906591252 Val loss: 1.1958253182283864 Time: 0.28379412498907186
Train loss: 7.781929519616899 Val loss: 0.9601446473487172 Time: 0.28996633300266694
Train loss: 6.798056098919581 Val loss: 0.88342908301023 Time: 0.3047416249901289
Train loss: 6.2482868647044825 Val loss: 0.8220862111473224 Time: 0.3215804999927059
Train loss: 6.308632468123225 Val loss: 0.8291240049934057 Time: 0.29007337499933783
Train loss: 5.8676227873301485 Val loss: 0.7872297821635266 Time: 0.29138500000408385
Train loss: 5.694816176118631 Val loss: 0.7711322816106286 Time: 0.3035177499987185
Train loss: 5.517412771736314 Val loss: 0.750510158508978 Time: 0.28355262501281686
Train loss: 5.143022437677191 Val loss: 0.7201931627412629 Time: 0.36769170900515746
Train loss: 5.044987078788669 Val loss: 0.7071693923675298 Time: 0.3080348750081612
Train loss: 4.720439601898251 Val loss: 0.6043120966392994 Time: 0.2831194580066949
Train loss: 4.493906072144986 Val loss: 0.5759517190474134 Time: 0.3110923339991132
Train loss: 4.422675914681911 Val loss: 0.557012351000909 Time: 0.30059633299242705
Train loss: 4.302456881978693 Val loss: 0.5430788255098985 Time: 0.28087329199479427
Train loss: 4.062471554613294 Val loss: 0.5204463364949143 Time: 0.2794391670031473
Train loss: 3.8359129097630813 Val loss: 0.4929727731873964 Time: 0.2795312090020161
Train loss: 3.8466220284034094 Val loss: 0.5174000643199749 Time: 0.28035654200357385
Train loss: 3.470002528326379 Val loss: 0.47761187558620927 Time: 0.27960174999316223
Train loss: 3.2896654734086765 Val loss: 0.45067629112155777 Time: 0.28529008400801104
Train loss: 3.1541676638545226 Val loss: 0.4800308331911396 Time: 0.2790818329958711
Train loss: 3.087802349612275 Val loss: 0.47289087685346465 Time: 0.279719500002102
Train loss: 2.879010902736024 Val loss: 0.43962999164480604 Time: 0.27866758400341496
Train loss: 2.75478355265332 Val loss: 0.43382507431557593 Time: 0.2788528329983819
Train loss: 2.6597576146683153 Val loss: 0.41767934145724195 Time: 0.27938187500694767
Train loss: 2.474985019123843 Val loss: 0.40246164317150307 Time: 0.27841137499490287
Train loss: 2.4203128109639067 Val loss: 0.3926665417169744 Time: 0.27809983400220517
Train loss: 2.1852174192961513 Val loss: 0.37594746636401966 Time: 0.28715058299712837
Train loss: 2.3563439633556413 Val loss: 0.3823981241916246 Time: 0.277934333003941
Train loss: 2.1529605894155353 Val loss: 0.3710706328430976 Time: 0.278700166993076
Train loss: 2.149713673373542 Val loss: 0.3709862873614307 Time: 0.27784954200615175
Train loss: 1.983112665108024 Val loss: 0.359701379389408 Time: 0.2785506670043105
Train loss: 1.9654086186510114 Val loss: 0.35930489323524695 Time: 0.27742329200555105
Train loss: 1.7925424374437275 Val loss: 0.3505408134865177 Time: 0.2777111670002341
Train loss: 1.793536797245153 Val loss: 0.3496942225055344 Time: 0.28854999999748543
Train loss: 1.7474418761844568 Val loss: 0.34931946712526374 Time: 0.2790480830008164
Train loss: 1.6901913369537667 Val loss: 0.34451652881921224 Time: 0.27613487499183975
Train loss: 1.7411270919041861 Val loss: 0.3477773654506881 Time: 0.2778077919938369
Train loss: 1.4472333916562086 Val loss: 0.33325715168430914 Time: 0.27887266599282157
Train loss: 1.6702238951639288 Val loss: 0.34336061063135 Time: 0.27709833400149364
Train loss: 1.637478913786186 Val loss: 0.34348148955424407 Time: 0.2766128329967614
Train loss: 1.6030364140098734 Val loss: 0.34016883861113983 Time: 0.30418645800091326
Train loss: 1.5619821467878623 Val loss: 0.33923608495482255 Time: 0.2786157089867629
Train loss: 1.4979457282046837 Val loss: 0.3359622484671481 Time: 0.27843704201222863
Train loss: 1.3940596128048321 Val loss: 0.3309561471611882 Time: 0.2773205840057926
Train loss: 1.402868864237405 Val loss: 0.3319482628869307 Time: 0.27829250000650063
Train loss: 1.6028956262533232 Val loss: 0.34041414068239195 Time: 0.2796765420062002
Train loss: 1.2580458709481093 Val loss: 0.32950232946163205 Time: 0.2777020840003388
Train loss: 1.3063650953995456 Val loss: 0.32731339038290325 Time: 0.2817568339960417
Train loss: 1.2268892017035569 Val loss: 0.32479275140134417 Time: 0.2873627080116421
Train loss: 1.3747427606765257 Val loss: 0.33006861431204737 Time: 0.2783238749980228
Train loss: 1.2861246462450708 Val loss: 0.3265569078713178 Time: 0.27726508300111163
Train loss: 1.3184895668600323 Val loss: 0.327756147212482 Time: 0.27789654200023506
Train loss: 1.1630996571970904 Val loss: 0.32188257722485863 Time: 0.28845520899631083
Train loss: 1.2602922443063562 Val loss: 0.3255057109485656 Time: 0.28068862500367686
Train loss: 1.2163175635969488 Val loss: 0.3238449681641358 Time: 0.2789502090017777
Train loss: 1.1756595113415642 Val loss: 0.3224415842278417 Time: 0.2880319999967469
Train loss: 1.2252979950894058 Val loss: 0.3249717200086849 Time: 0.27778858300007414
Train loss: 1.1571582726381444 Val loss: 0.3221134533273278 Time: 0.27805737500602845
Train loss: 1.0474651723262411 Val loss: 0.31874928963757065 Time: 0.27757445799943525
Train loss: 1.2051875946261452 Val loss: 0.32354429501283355 Time: 0.279098332990543
Train loss: 1.2338879515514876 Val loss: 0.3254771526900585 Time: 0.2765924159903079
Train loss: 1.1343364515820566 Val loss: 0.32097106871193676 Time: 0.2778500830027042
Train loss: 1.013809320250104 Val loss: 0.3171145221004691 Time: 0.28777779200754594
Train loss: 1.016482270894329 Val loss: 0.3199632126139703 Time: 0.278581666003447
Train loss: 0.9748086547729926 Val loss: 0.31649425080478394 Time: 0.2797587079985533
Train loss: 1.0014230673721425 Val loss: 0.31657257855663895 Time: 0.2780295410047984
Train loss: 1.006661696966129 Val loss: 0.31749716205070616 Time: 0.27710420900257304
Train loss: 0.9476234804593204 Val loss: 0.3147897886159596 Time: 0.2770882500044536
Train loss: 0.9816913646996008 Val loss: 0.3161737423510481 Time: 0.27933145800489
Train loss: 0.8849205394142814 Val loss: 0.3135478454129808 Time: 0.28039883299788926
Train loss: 0.9045214550193066 Val loss: 0.3149182160225478 Time: 0.28362191701307893
Train loss: 0.9338838331077284 Val loss: 0.31622039998393114 Time: 0.2782734999927925
Train loss: 0.858030014064866 Val loss: 0.31279399380156625 Time: 0.27806574999704026
Train loss: 0.9117461329748764 Val loss: 0.3162886462179766 Time: 0.2785442080057692
Train loss: 1.0209445452228465 Val loss: 0.3215311251534891 Time: 0.27880179199564736
Train loss: 0.88400391566434 Val loss: 0.31674629413026967 Time: 0.2762116670055548
Train loss: 0.9064374096516303 Val loss: 0.31693168750666273 Time: 0.2773209169972688
Train loss: 0.8356042009833085 Val loss: 0.3169068543870709 Time: 0.2842360409995308
Train loss: 0.8472139811864281 Val loss: 0.3214489516419344 Time: 0.27769041700230446
Train loss: 0.7802555909242415 Val loss: 0.32367022682556057 Time: 0.27864733400929254
Train loss: 0.9088487657308657 Val loss: 0.1529768672673655 Time: 0.2782295829965733
Train loss: 0.7747197812781241 Val loss: 0.32497842437696484 Time: 0.27792104199761525
Train loss: 0.8219268992623938 Val loss: 0.13548362137173084 Time: 0.27689924999140203
Train loss: 0.9003068853975265 Val loss: 0.3265919792917851 Time: 0.27776229099254124
Train loss: 0.7833470529557189 Val loss: 0.3142945092613393 Time: 0.2871776249958202
Train loss: 0.824032451918024 Val loss: 0.3276372315469986 Time: 0.2766339160007192
Train loss: 0.8420867787783237 Val loss: 0.32125553313951366 Time: 0.2779702500120038
Train loss: 0.7555713440189891 Val loss: 0.1431641835503452 Time: 0.2774781660118606
Train loss: 0.8265686172776441 Val loss: 0.14647511623148793 Time: 0.2794631249998929
Train loss: 0.8526765287156195 Val loss: 0.17369629876558945 Time: 0.29510579199995846
Train loss: 0.7685905952047776 Val loss: 0.3317285284528354 Time: 0.27792045900423545
Train loss: 0.7512658111184933 Val loss: 0.14135690583291555 Time: 0.28801554199890234
Train loss: 0.7890498562255175 Val loss: 0.1377647248072325 Time: 0.28827670800092164
Train loss: 0.6856824066450478 Val loss: 0.1549148960155981 Time: 0.2795898330077762
Train loss: 0.7050234088187324 Val loss: 0.15334201629029065 Time: 0.278213333003805
Train loss: 0.6884861525778092 Val loss: 0.1521287834815877 Time: 0.27972237500944175
Train loss: 0.626248834877515 Val loss: 0.1338898397695791 Time: 0.2807494580047205
Train loss: 0.6603745533614358 Val loss: 0.1378058554894779 Time: 0.2808634169923607
Train loss: 0.6564888623766265 Val loss: 0.1628638053564324 Time: 0.2818822500121314
Train loss: 0.6661643884021178 Val loss: 0.17804694704838483 Time: 0.2899532919982448
Train loss: 0.7114045210926179 Val loss: 0.13783000575787943 Time: 0.2811030829907395
Train loss: 0.6308091456489571 Val loss: 0.13127430918679026 Time: 0.2814567079913104
Train loss: 0.6572504029464223 Val loss: 0.18484291099988642 Time: 0.2810489589901408
Train loss: 0.6242912538902738 Val loss: 0.1517137556059662 Time: 0.2835934579925379
Train loss: 0.6161915292543796 Val loss: 0.19296056177557955 Time: 0.2842769999988377
Train loss: 0.6117007332838087 Val loss: 0.14706008887564917 Time: 0.2825529999972787
Train loss: 0.6543863390044464 Val loss: 0.19255723777572853 Time: 0.2917714170034742
Train loss: 0.5472178767337468 Val loss: 0.14351644748646172 Time: 0.2864593340054853
Train loss: 0.5911463081755466 Val loss: 0.1269395117757724 Time: 0.2873344999970868
Train loss: 0.5073789803895465 Val loss: 0.18123121174085816 Time: 0.2907239589985693
Train loss: 0.587130426102874 Val loss: 0.16649684559262629 Time: 0.28661420798744075
Train loss: 0.537950121134662 Val loss: 0.15932500930808452 Time: 0.3381535420048749
Train loss: 0.6075766041797976 Val loss: 0.15285337715792416 Time: 0.2867664160003187
Train loss: 0.6607489628939511 Val loss: 0.15241163871921762 Time: 0.29356629199173767
Train loss: 0.5499208284501549 Val loss: 0.18124058025988962 Time: 0.2870704579981975
Train loss: 0.58356967840799 Val loss: 0.18547143337556954 Time: 0.28736416599713266
Train loss: 0.5984132460555998 Val loss: 0.18461064576266115 Time: 0.28650216599635314
Train loss: 0.5292132866229871 Val loss: 0.2095869581619303 Time: 0.29004483300377615
Train loss: 0.5550906496547441 Val loss: 0.18245540767882518 Time: 0.28656312500243075
Shrinking learning rate to 1e-05
Train loss: 0.7284423898806303 Val loss: 0.1595826753913842 Time: 0.2914532499999041
Train loss: 0.5709718777588249 Val loss: 0.1508192439581018 Time: 0.29603154100186657
Train loss: 0.47241363122722646 Val loss: 0.14459539632984025 Time: 0.28926700000010896
Train loss: 0.6066520257439727 Val loss: 0.14652949588970055 Time: 0.29163158299343195
Train loss: 0.5715633588386178 Val loss: 0.14783713098929335 Time: 0.2905329170025652
Train loss: 0.603732259422948 Val loss: 0.15098490233795012 Time: 0.2886362090066541
Train loss: 0.5764597102195239 Val loss: 0.14755626649816247 Time: 0.29119808299583383
Train loss: 0.4698836033442291 Val loss: 0.14619724761215003 Time: 0.295329833010328
Train loss: 0.4652774939040186 Val loss: 0.14198078680723955 Time: 0.2990745830029482
Train loss: 0.5868129255461343 Val loss: 0.14984265540803932 Time: 0.29256129200803116
Train loss: 0.5326860087724299 Val loss: 0.1468277859817946 Time: 0.29242291700211354
Train loss: 0.4473035911358014 Val loss: 0.14589498895144176 Time: 0.2934347499976866
Train loss: 0.4528853333460958 Val loss: 0.14849830788924084 Time: 0.2935272499889834
Train loss: 0.5303719039487866 Val loss: 0.1508604545690368 Time: 0.291991334001068
Train loss: 0.5654832461498538 Val loss: 0.15210394832026164 Time: 0.2926392079971265
Train loss: 0.49779538508384125 Val loss: 0.15012975790782904 Time: 0.30310920800548047
Train loss: 0.46847685054123467 Val loss: 0.14998866482228385 Time: 0.29570783299277537
Train loss: 0.5784983011165252 Val loss: 0.1529283632597477 Time: 0.297331708992715
Train loss: 0.47346738286466916 Val loss: 0.15327734881523433 Time: 0.3000534169987077
Train loss: 0.5030488590475954 Val loss: 0.14905285688122244 Time: 0.2957536249887198
Train loss: 0.4819893194153124 Val loss: 0.15033847111218165 Time: 0.3112135420087725
Shrinking learning rate to 1.0000000000000002e-06
Train loss: 0.5776746307021199 Val loss: 0.14996342043776448 Time: 0.29737391701200977
Train loss: 0.47082593142445717 Val loss: 0.1466122695102058 Time: 0.3011957499984419
Train loss: 0.5181455038378004 Val loss: 0.1478827836060314 Time: 0.29706320900004357
Train loss: 0.45610470619558896 Val loss: 0.14528633084241377 Time: 0.3022849590051919
Train loss: 0.5786012079952174 Val loss: 0.14966754321684958 Time: 0.29548179199628066
Train loss: 0.520359745571378 Val loss: 0.14786650586124123 Time: 0.29813654099416453
Train loss: 0.5364206885480114 Val loss: 0.14896360206189327 Time: 0.29522679098590743
Train loss: 0.5509537072399349 Val loss: 0.14970399227825462 Time: 0.2991102910018526
Train loss: 0.4685938858404626 Val loss: 0.14666391240419038 Time: 0.30485266700270586
Train loss: 0.4366603388763153 Val loss: 0.14571973173258215 Time: 0.29719420899346005
Train loss: 0.48712102136525637 Val loss: 0.1478119462603442 Time: 0.29880037500697654
Train loss: 0.4856233249993134 Val loss: 0.14767116462617205 Time: 0.2979624170111492
Train loss: 0.5037188202704925 Val loss: 0.1480609222303751 Time: 0.2998130000050878
Train loss: 0.4688235689371911 Val loss: 0.14736637608930273 Time: 0.2968751250009518
Train loss: 0.521569600966231 Val loss: 0.1488036432715784 Time: 0.3027377499965951
Train loss: 0.47359137036669985 Val loss: 0.14698666849398273 Time: 0.3022083329997258
Train loss: 0.4702219791530604 Val loss: 0.14751116987434762 Time: 0.30343637500482146
Train loss: 0.4548927171522479 Val loss: 0.14720075470634048 Time: 0.311804500001017
Train loss: 0.4785328191828171 Val loss: 0.14772405407276268 Time: 0.30095175000315066
Shrinking learning rate to 1.0000000000000002e-07
Learning rate getting small
Complete
 Total time: 46.25509125000099