starting log for model: models/gru_lin1_fcast_19_new_23-24.pth
Train loss: 17.201809206890175 Val loss: 1.9098974254451717 Time: 0.4867896659998223
Train loss: 16.707309907580672 Val loss: 1.8601400012377856 Time: 0.4578564590046881
Train loss: 15.43509935842032 Val loss: 1.7119108764995357 Time: 0.4474404999928083
Train loss: 10.79874972949267 Val loss: 1.215385323048733 Time: 0.44794945800094865
Train loss: 7.891781570095816 Val loss: 0.9177806050924808 Time: 0.44853774999501184
Train loss: 7.434687721640884 Val loss: 0.8603965524809316 Time: 0.5063139169942588
Train loss: 7.10146379465607 Val loss: 0.8192880955731221 Time: 0.44900241699360777
Train loss: 6.916983495299917 Val loss: 0.7967971338209312 Time: 0.4479354590002913
Train loss: 6.809073757539245 Val loss: 0.7824397632902914 Time: 0.4485304999980144
Train loss: 6.608982022124728 Val loss: 0.7607641053819281 Time: 0.4480000409967033
Train loss: 6.421719626729795 Val loss: 0.7424134117398885 Time: 0.4517061670048861
Train loss: 6.355628220612912 Val loss: 0.731326851313236 Time: 0.4484344160009641
Train loss: 6.192182080246525 Val loss: 0.7125471697513814 Time: 0.4495815419941209
Train loss: 6.162599759599118 Val loss: 0.7039706983507911 Time: 0.44802962499670684
Train loss: 5.9567949832639755 Val loss: 0.6834789894344269 Time: 0.45179579200339504
Train loss: 5.818925736285131 Val loss: 0.6678322421820174 Time: 0.4468190420011524
Train loss: 5.632410609496756 Val loss: 0.6468857075511252 Time: 0.4465827910025837
Train loss: 5.474492749107185 Val loss: 0.6304088989591902 Time: 0.4474320000008447
Train loss: 5.320134443408975 Val loss: 0.6117721755767079 Time: 0.44701270799851045
Train loss: 5.118145791136733 Val loss: 0.5896263259594892 Time: 0.4500628749956377
Train loss: 5.012491249156611 Val loss: 0.5767557773653776 Time: 0.4470866250048857
Train loss: 4.766010739493746 Val loss: 0.5490286298651647 Time: 0.44768425000074785
Train loss: 4.589625515938073 Val loss: 0.5337992025821818 Time: 0.44738854200113565
Train loss: 4.4502684534312476 Val loss: 0.5185157712053311 Time: 0.44860474999586586
Train loss: 4.222448676215976 Val loss: 0.49338247923124184 Time: 0.4500430409971159
Train loss: 4.002577593640659 Val loss: 0.47004761592814137 Time: 0.44649462500819936
Train loss: 3.8527881172825857 Val loss: 0.4544592093227882 Time: 0.44704745900526177
Train loss: 3.6960360465217548 Val loss: 0.4337082143255228 Time: 0.44725016700976994
Train loss: 3.559653339189623 Val loss: 0.42005064877864573 Time: 0.44960420799907297
Train loss: 3.4683229943977114 Val loss: 0.4085455552641986 Time: 0.4469870000029914
Train loss: 3.287321112002436 Val loss: 0.39196190174778417 Time: 0.44663287499861326
Train loss: 3.139146652106831 Val loss: 0.3793154570370764 Time: 0.4450151250057388
Train loss: 3.091812451749423 Val loss: 0.3719888715076168 Time: 0.45148495900502894
Train loss: 2.978203941629289 Val loss: 0.3598027571634894 Time: 0.4513459170120768
Train loss: 2.8433491952212187 Val loss: 0.35203443513266947 Time: 0.4594685420015594
Train loss: 2.75844867646731 Val loss: 0.34020270088530635 Time: 0.4465383750066394
Train loss: 2.7582056671574993 Val loss: 0.34193350169808323 Time: 0.4465703330060933
Train loss: 2.728185250150057 Val loss: 0.3373260291262637 Time: 0.4509399999951711
Train loss: 2.609759082858222 Val loss: 0.32904681702508287 Time: 0.4473670419974951
Train loss: 2.6512074518094693 Val loss: 0.32602782988097295 Time: 0.44589741701202
Train loss: 2.5388256831585263 Val loss: 0.31764584563504356 Time: 0.4448797079967335
Train loss: 2.439345580872782 Val loss: 0.3008196622693278 Time: 0.45076170899847057
Train loss: 2.42786809820063 Val loss: 0.29990692072372793 Time: 0.4453309579985216
Train loss: 2.485769449513441 Val loss: 0.3034450715161114 Time: 0.4467564999940805
Train loss: 2.416987204012827 Val loss: 0.3087984803423717 Time: 0.4465147909941152
Train loss: 2.285395348228917 Val loss: 0.286532715017816 Time: 0.4435192919918336
Train loss: 2.3053851467439976 Val loss: 0.279742567079225 Time: 0.45370062500296626
Train loss: 2.2872283436090584 Val loss: 0.2875168195373976 Time: 0.4471630829939386
Train loss: 2.2750983665600994 Val loss: 0.28570474390260603 Time: 0.44737958299811
Train loss: 2.2309595707087766 Val loss: 0.27975239331370827 Time: 0.44507466700451914
Train loss: 2.168555220739851 Val loss: 0.2725433767137226 Time: 0.44552304199896753
Train loss: 2.151276988529908 Val loss: 0.2709503592887682 Time: 0.450523958003032
Train loss: 2.1548342297774425 Val loss: 0.2812933246369038 Time: 0.4448273329908261
Train loss: 2.0818688407671875 Val loss: 0.26515980945634765 Time: 0.4474126669956604
Train loss: 2.0769484754415837 Val loss: 0.2760121639606167 Time: 0.44683387500117533
Train loss: 2.1077533677535882 Val loss: 0.258658275962134 Time: 0.44934587499301415
Train loss: 2.0268938436119726 Val loss: 0.2609438000362239 Time: 0.4488280420046067
Train loss: 1.9927794687527012 Val loss: 0.26087607475534996 Time: 0.44633508299011737
Train loss: 2.0123311669562227 Val loss: 0.23989126800892507 Time: 0.4472665840003174
Train loss: 1.8936949418048443 Val loss: 0.2433814398168046 Time: 0.446312374988338
Train loss: 1.9357834952252944 Val loss: 0.23852359955539437 Time: 0.45074370900692884
Train loss: 1.8556105917518693 Val loss: 0.24491412537805288 Time: 0.44692420899809804
Train loss: 1.8670208045767112 Val loss: 0.24433411783449918 Time: 0.447604125001817
Train loss: 1.851203778341472 Val loss: 0.22762915388766314 Time: 0.44784733299457
Train loss: 1.7273846287519783 Val loss: 0.21834613721169663 Time: 0.4527081249980256
Train loss: 1.8099988636473547 Val loss: 0.22568048659120088 Time: 0.4449770420033019
Train loss: 1.7562421765337177 Val loss: 0.23528209210419745 Time: 0.44541208299051505
Train loss: 1.7126356351866017 Val loss: 0.22869615967949686 Time: 0.4525421250000363
Train loss: 1.6850426325281385 Val loss: 0.21543984953061907 Time: 0.4488248750130879
Train loss: 1.612166982488568 Val loss: 0.21612040474885752 Time: 0.451788749996922
Train loss: 1.6943238739501112 Val loss: 0.22541431750157379 Time: 0.4466963750019204
Train loss: 1.6120686230227186 Val loss: 0.19988846687022083 Time: 0.448293499997817
Train loss: 1.5553704094246619 Val loss: 0.20116130153676123 Time: 0.4506344999972498
Train loss: 1.6427972609141586 Val loss: 0.20026075100979188 Time: 0.450656875007553
Train loss: 1.5772281202585106 Val loss: 0.2150572856562515 Time: 0.45058712500031106
Train loss: 1.4767667247728085 Val loss: 0.17811646804922882 Time: 0.45057804200041573
Train loss: 1.4621815119268096 Val loss: 0.19999347353958022 Time: 0.45217495900578797
Train loss: 1.3941177503924473 Val loss: 0.2003109113979614 Time: 0.4533285000070464
Train loss: 1.4195530239983256 Val loss: 0.19751861274858198 Time: 0.4564331250003306
Train loss: 1.4181054772007542 Val loss: 0.23732472213238315 Time: 0.45386575000884477
Train loss: 1.3891156216442904 Val loss: 0.16411980526712774 Time: 0.4534150840045186
Train loss: 1.2372345176728174 Val loss: 0.17033823689245794 Time: 0.45533220800280105
Train loss: 1.2878972844807635 Val loss: 0.163678753583597 Time: 0.45776908300467767
Train loss: 1.26544156933672 Val loss: 0.18159376319073714 Time: 0.4567632090038387
Train loss: 1.2747266120422154 Val loss: 0.18768420237306613 Time: 0.460313125004177
Train loss: 1.2299404189412755 Val loss: 0.19276875386216363 Time: 0.5291782080021221
Train loss: 1.3361192176934686 Val loss: 0.2166022520996297 Time: 0.4585427910060389
Train loss: 1.2969593370791301 Val loss: 0.1853613324187509 Time: 0.46379512500425335
Train loss: 1.1280314073610427 Val loss: 0.11908098623383821 Time: 0.464086000007228
Train loss: 1.1433830610585733 Val loss: 0.15220905074630336 Time: 0.4656401250103954
Train loss: 1.1859228291465058 Val loss: 0.20987231191806371 Time: 0.4644290409923997
Train loss: 1.3234169342884368 Val loss: 0.2009064898785995 Time: 0.46218662499450147
Train loss: 1.2429953780238634 Val loss: 0.18407546576772701 Time: 0.46510425000451505
Train loss: 1.1602252554162078 Val loss: 0.12082108839420493 Time: 0.4656973749952158
Train loss: 1.1004832078089635 Val loss: 0.1486976740482077 Time: 0.46742933300265577
Train loss: 1.1035971470000732 Val loss: 0.15186121094174895 Time: 0.4684925000037765
Train loss: 1.1379803703973446 Val loss: 0.2040186049540734 Time: 0.47352633299306035
Train loss: 1.0751455658865439 Val loss: 0.15261211741056316 Time: 0.46823795899399556
Train loss: 0.9967219604931756 Val loss: 0.10139602524148256 Time: 0.4661737909918884
Train loss: 0.896824835513371 Val loss: 0.09515480172065044 Time: 0.46997383299458306
Train loss: 1.0760297359972846 Val loss: 0.1499231364024379 Time: 0.4734950419951929
Train loss: 0.9834447295215156 Val loss: 0.14904273966761797 Time: 0.4700453330005985
Train loss: 1.2076129797397979 Val loss: 0.2178554930369512 Time: 0.47069191599439364
Train loss: 1.069188277241878 Val loss: 0.14473104418624175 Time: 0.48727833399607334
Train loss: 1.0975507749499798 Val loss: 0.13559350263542064 Time: 0.4741898329957621
Train loss: 0.9585972895910118 Val loss: 0.09696937064523178 Time: 0.4754260420013452
Train loss: 0.9773636354219093 Val loss: 0.1061604992302396 Time: 0.47491416599950753
Train loss: 0.9776672815222511 Val loss: 0.1407414905007098 Time: 0.4734950420097448
Train loss: 0.8619426441507869 Val loss: 0.1747336567045518 Time: 0.4727987079968443
Train loss: 1.0796967620033604 Val loss: 0.1537119721950486 Time: 0.4745834589994047
Train loss: 0.9327021023696922 Val loss: 0.17580970092025855 Time: 0.4748655000003055
Train loss: 0.906121148490687 Val loss: 0.11979970478559085 Time: 0.47452099999645725
Train loss: 0.9474023774918345 Val loss: 0.121410751476138 Time: 0.4765873750002356
Train loss: 0.8297742123690739 Val loss: 0.13687991877567332 Time: 0.4792286660085665
Train loss: 0.8929535801225015 Val loss: 0.16187424346362708 Time: 0.4766488750028657
Train loss: 0.8790862646815241 Val loss: 0.1040228349331823 Time: 0.47781516700342763
Train loss: 0.8352060561354815 Val loss: 0.10796873621070088 Time: 0.4789606660051504
Train loss: 0.8089730644016271 Val loss: 0.08209652117356704 Time: 0.48593300000356976
Train loss: 0.8510033354802999 Val loss: 0.11974313132165966 Time: 0.47775762499077246
Train loss: 0.7945897321160302 Val loss: 0.1449087694150573 Time: 0.48025404098734725
Train loss: 0.9513649895013359 Val loss: 0.11363876431417613 Time: 0.4795054169953801
Train loss: 0.8882139826835385 Val loss: 0.1541528936809355 Time: 0.48176191600214224
Train loss: 0.908234811482302 Val loss: 0.1300872347389244 Time: 0.4778485839924542
Train loss: 0.9376103320388047 Val loss: 0.13471543975353775 Time: 0.47735237500455696
Train loss: 0.8842581505610951 Val loss: 0.09569032769444201 Time: 0.48066625000501517
Train loss: 0.7549417188442362 Val loss: 0.12993786819720748 Time: 0.4838223749975441
Train loss: 0.8918031044440795 Val loss: 0.14642054922765768 Time: 0.48111200000857934
Train loss: 0.8758597095257956 Val loss: 0.15663925423311315 Time: 0.4776427079923451
Train loss: 0.9030555031704566 Val loss: 0.18206320709891483 Time: 0.4871087079955032
Train loss: 1.1048530642480898 Val loss: 0.11825835863157218 Time: 0.48323216699645855
Train loss: 0.6928071644697127 Val loss: 0.07013151501236659 Time: 0.4858582500019111
Train loss: 0.6795510840746282 Val loss: 0.11187826589144984 Time: 0.48111783400236163
Train loss: 0.8175065570635383 Val loss: 0.1323516751979012 Time: 0.48359837499447167
Train loss: 0.7719535495423209 Val loss: 0.16196925766928297 Time: 0.48367516600410454
Train loss: 0.7979863444057984 Val loss: 0.16789044188659533 Time: 0.48338854100438766
Train loss: 0.8070113597994979 Val loss: 0.10000215217223578 Time: 0.48238037498958874
Train loss: 0.7646543596127718 Val loss: 0.08477101761237511 Time: 0.48388670799613465
Train loss: 0.6564186616762706 Val loss: 0.11735966123283331 Time: 0.4965123330039205
Train loss: 0.7798656342021031 Val loss: 0.1270040962988805 Time: 0.4972134999989066
Train loss: 0.6694583157193676 Val loss: 0.09645800834695244 Time: 0.4819775829964783
Train loss: 0.8101582621176817 Val loss: 0.13373171862152788 Time: 0.4855359170032898
Train loss: 0.6409834096070748 Val loss: 0.2028637235559312 Time: 0.4851570000028005
Train loss: 1.0127839612366252 Val loss: 0.10724843445391118 Time: 0.4830254169937689
Train loss: 0.6887905234306118 Val loss: 0.06934061680732188 Time: 0.4828273339953739
Train loss: 0.8609320545355432 Val loss: 0.11687503914513546 Time: 0.48542516700399574
Train loss: 0.7002528765585794 Val loss: 0.150728224923015 Time: 0.4876368750119582
Train loss: 0.6868111812459796 Val loss: 0.08503281720129402 Time: 0.4891645830066409
Train loss: 0.6383308260636511 Val loss: 0.12866315557241775 Time: 0.4921794999972917
Train loss: 0.5716558882828338 Val loss: 0.1334376458710955 Time: 0.483745582998381
Train loss: 0.8010338651618234 Val loss: 0.10166513505946659 Time: 0.5490867500047898
Train loss: 0.6876208705567741 Val loss: 0.09580093874111192 Time: 0.4898689999972703
Train loss: 0.7510991695230587 Val loss: 0.1254725488859836 Time: 0.4936906660004752
Train loss: 0.5326906424518754 Val loss: 0.15656581061426325 Time: 0.4871329589950619
Train loss: 0.5831194060661069 Val loss: 0.1384928315149051 Time: 0.48831704100302886
Train loss: 0.7681440237352462 Val loss: 0.12294368976378822 Time: 0.49021466699196026
Train loss: 0.5887884592817745 Val loss: 0.061243574480018596 Time: 0.4932162080076523
Train loss: 0.5871089218127281 Val loss: 0.08447517430956462 Time: 0.48904170900641475
Train loss: 0.6754333798363845 Val loss: 0.07865452660392204 Time: 0.49095308300456963
Train loss: 0.7444508081025243 Val loss: 0.1435634337510289 Time: 0.48984037499758415
Train loss: 0.5547665671870163 Val loss: 0.2032716913168094 Time: 0.49519170899293385
Train loss: 0.6785220187679559 Val loss: 0.13775168419123976 Time: 0.49344812500930857
Train loss: 0.6336661982937812 Val loss: 0.09871157715655018 Time: 0.4912908749975031
Shrinking learning rate to 1e-05
Train loss: 0.8978735983492232 Val loss: 0.11083263145571512 Time: 0.49481483300041873
Train loss: 0.5765109148701768 Val loss: 0.08412375739435726 Time: 0.4920160829933593
Train loss: 0.5069846978852937 Val loss: 0.07910977672680634 Time: 0.4947506660100771
Train loss: 0.48739507952140215 Val loss: 0.07751012789988763 Time: 0.4931924999982584
Train loss: 0.4767711022335561 Val loss: 0.07979498225645923 Time: 0.49028370800078847
Train loss: 0.4658257036722837 Val loss: 0.07725042641476992 Time: 0.4933074580039829
Train loss: 0.4770024909605921 Val loss: 0.08305597488381804 Time: 0.49294941598782316
Train loss: 0.4729790833794558 Val loss: 0.07957464797255266 Time: 0.49295625000377186
Train loss: 0.43499163989610423 Val loss: 0.074884690664206 Time: 0.4921422920015175
Train loss: 0.4041301769957093 Val loss: 0.07369267719122248 Time: 0.4915070840070257
Train loss: 0.4291452125759001 Val loss: 0.07241112149608911 Time: 0.49603337500593625
Train loss: 0.46941523849257294 Val loss: 0.07466273848305098 Time: 0.4931484580010874
Train loss: 0.43979238784828767 Val loss: 0.07271146753134064 Time: 0.4926112499961164
Train loss: 0.41318875761372453 Val loss: 0.07024758243777438 Time: 0.4932356250064913
Train loss: 0.42409669296000985 Val loss: 0.06858085910622656 Time: 0.49845150001056027
Train loss: 0.4222763287995335 Val loss: 0.07247812068104995 Time: 0.49461325000447687
Train loss: 0.42679987630037175 Val loss: 0.06960463761204788 Time: 0.49300562500138767
Train loss: 0.4413135222415081 Val loss: 0.07235989101247127 Time: 0.4968640839942964
Train loss: 0.41527220548749 Val loss: 0.07283094792108939 Time: 0.49907449999591336
Shrinking learning rate to 1.0000000000000002e-06
Train loss: 0.4772576224600602 Val loss: 0.07700326806958663 Time: 0.503668416000437
Train loss: 0.44097681385366294 Val loss: 0.07400669763244061 Time: 0.4967257079988485
Train loss: 0.4382942203145035 Val loss: 0.07365675921215421 Time: 0.4944395830098074
Train loss: 0.4303331292667547 Val loss: 0.07175676764893735 Time: 0.4951744999998482
Train loss: 0.42838799778461123 Val loss: 0.07108492854389706 Time: 0.4968251670070458
Train loss: 0.43234172545629335 Val loss: 0.06999938887007241 Time: 0.4971417499909876
Train loss: 0.4190566592938785 Val loss: 0.06945923981460324 Time: 0.49589900000137277
Train loss: 0.4821980880192065 Val loss: 0.07356118644787052 Time: 0.5020963749993825
Train loss: 0.43725893244834424 Val loss: 0.07059746450858138 Time: 0.5070925830077613
Train loss: 0.4272812175462395 Val loss: 0.06963378623355239 Time: 0.49555854201025795
Shrinking learning rate to 1.0000000000000002e-07
Learning rate getting small
Complete
 Total time: 89.91488741700596