starting log for model: models/gru_lin1_alpha_0.0_22-23.pth
Train loss: 14.470905586097047 Val loss: 0.7813541889190674 Time: 0.4243728330002341
Train loss: 14.375768833408372 Val loss: 0.7756550908088684 Time: 0.3741595409992442
Train loss: 13.836620210204217 Val loss: 0.7863237261772156 Time: 0.37084404100096435
Train loss: 11.952264508639828 Val loss: 0.6529272198677063 Time: 0.3744572089999565
Train loss: 8.2708181152735 Val loss: 0.513610303401947 Time: 0.37239887499890756
Train loss: 7.020526212174175 Val loss: 0.4781409204006195 Time: 0.3849710829999822
Train loss: 6.790554264268589 Val loss: 0.4618106484413147 Time: 0.3720171669992851
Train loss: 6.672870904909223 Val loss: 0.45319873094558716 Time: 0.37154862500028685
Train loss: 6.525775489456635 Val loss: 0.44706961512565613 Time: 0.3733642500010319
Train loss: 6.396692947476783 Val loss: 0.44083771109580994 Time: 0.37505516600140254
Train loss: 6.240697220888129 Val loss: 0.4322601854801178 Time: 0.3833904579987575
Train loss: 6.150853013031956 Val loss: 0.4301084280014038 Time: 0.37430275000224356
Train loss: 5.972477116678456 Val loss: 0.41968968510627747 Time: 0.37225770900113275
Train loss: 5.843190025012667 Val loss: 0.4188448488712311 Time: 0.3712351249996573
Train loss: 5.744741797165629 Val loss: 0.41375473141670227 Time: 0.3719117920009012
Train loss: 5.618586461093422 Val loss: 0.410653680562973 Time: 0.3729678330018942
Train loss: 5.475069762390582 Val loss: 0.401281476020813 Time: 0.38376037499983795
Train loss: 5.33443313094935 Val loss: 0.3995479345321655 Time: 0.37241674999677343
Train loss: 5.183426520526915 Val loss: 0.38872671127319336 Time: 0.37102079200121807
Train loss: 5.019028769013357 Val loss: 0.3867086172103882 Time: 0.4329320409997308
Train loss: 4.865635362839541 Val loss: 0.3780660033226013 Time: 0.37242849999893224
Train loss: 4.656911616068555 Val loss: 0.36418166756629944 Time: 0.3823049169986916
Train loss: 4.493034796105647 Val loss: 0.35145556926727295 Time: 0.37213633400097024
Train loss: 4.296962600967941 Val loss: 0.3381286859512329 Time: 0.3722680840000976
Train loss: 4.082287837100001 Val loss: 0.3182883858680725 Time: 0.3724247079990164
Train loss: 3.8920661183891525 Val loss: 0.2991751432418823 Time: 0.37205762500161654
Train loss: 3.7147264836110554 Val loss: 0.27222245931625366 Time: 0.37116383299871814
Train loss: 3.514570234801967 Val loss: 0.25784051418304443 Time: 0.38287333300104365
Train loss: 3.4119083832026718 Val loss: 0.22946220636367798 Time: 0.3742605409970565
Train loss: 3.236358179283261 Val loss: 0.21637195348739624 Time: 0.3735972079994099
Train loss: 3.133548166615615 Val loss: 0.198985755443573 Time: 0.37219987500066054
Train loss: 3.025806342360678 Val loss: 0.18365424871444702 Time: 0.3746247080016474
Train loss: 2.885132050446059 Val loss: 0.1692851185798645 Time: 0.38335429200014914
Train loss: 2.8661305483586688 Val loss: 0.15598410367965698 Time: 0.3721573750008247
Train loss: 2.779524024584026 Val loss: 0.1461334228515625 Time: 0.4118085420013813
Train loss: 2.637725144767053 Val loss: 0.1563013792037964 Time: 0.4375972079978965
Train loss: 2.5956551170106392 Val loss: 0.1452818512916565 Time: 0.4282118749979418
Train loss: 2.4936749579782784 Val loss: 0.15636378526687622 Time: 0.3844685000003665
Train loss: 2.4624977639101715 Val loss: 0.15685802698135376 Time: 0.371531667002273
Train loss: 2.3522241634579046 Val loss: 0.14718371629714966 Time: 0.3690201249992242
Train loss: 2.2633537920063933 Val loss: 0.14010685682296753 Time: 0.4803023749991553
Train loss: 2.259081016006939 Val loss: 0.13598138093948364 Time: 0.3726439579986618
Train loss: 2.153871451858663 Val loss: 0.12138998508453369 Time: 0.3843812910017732
Train loss: 2.1947597498453906 Val loss: 0.1309623122215271 Time: 0.37159766599870636
Train loss: 2.076930821490295 Val loss: 0.13779139518737793 Time: 0.371923708000395
Train loss: 2.0966903818337537 Val loss: 0.13059604167938232 Time: 0.3728975829981209
Train loss: 1.991430642955308 Val loss: 0.141135573387146 Time: 0.3706847920002474
Train loss: 1.8944191011566573 Val loss: 0.14726072549819946 Time: 0.372096999999485
Train loss: 1.9399884518607884 Val loss: 0.16646134853363037 Time: 0.3827205410016177
Train loss: 1.8639893595796266 Val loss: 0.15351831912994385 Time: 0.3712847079987114
Train loss: 1.8384859647632048 Val loss: 0.14943617582321167 Time: 0.3726304169977084
Train loss: 1.745035491885219 Val loss: 0.15683120489120483 Time: 0.3719245840002259
Train loss: 1.7250294659410486 Val loss: 0.15286189317703247 Time: 0.3714637080011016
Train loss: 1.7273203905208874 Val loss: 0.1479230523109436 Time: 0.3824841249988822
Train loss: 1.6835310965022785 Val loss: 0.12775719165802002 Time: 0.37213087499912945
Train loss: 1.6168360401570485 Val loss: 0.17313528060913086 Time: 0.3713674579994404
Train loss: 1.5510475637032641 Val loss: 0.15797501802444458 Time: 0.3714087920016027
Train loss: 1.4705849201101087 Val loss: 0.1666610836982727 Time: 0.37163650000002235
Train loss: 1.5409294296281075 Val loss: 0.13164979219436646 Time: 0.37306016700313194
Train loss: 1.4580079263058252 Val loss: 0.1965956687927246 Time: 0.38100383399796556
Train loss: 1.455965177129039 Val loss: 0.1790066361427307 Time: 0.37281349999830127
Train loss: 1.4243955480770296 Val loss: 0.17024260759353638 Time: 0.37257229199894937
Train loss: 1.4083477476807076 Val loss: 0.16557925939559937 Time: 0.3708247920003487
Train loss: 1.3631776533500108 Val loss: 0.1690664291381836 Time: 0.3711593330008327
Train loss: 1.2933544330906273 Val loss: 0.1661926507949829 Time: 0.3832107909984188
Train loss: 1.2460108051129026 Val loss: 0.1988198161125183 Time: 0.3707844579985249
Train loss: 1.3499836240638228 Val loss: 0.21317124366760254 Time: 0.3715302080017864
Train loss: 1.2438788152507811 Val loss: 0.13813495635986328 Time: 0.37186745800136123
Train loss: 1.1342277233865383 Val loss: 0.16633254289627075 Time: 0.37142612500247196
Train loss: 1.1523682021218689 Val loss: 0.12752175331115723 Time: 0.3699564160015143
Train loss: 1.1609495661154998 Val loss: 0.13301551342010498 Time: 0.3815312080005242
Train loss: 1.1017918952062473 Val loss: 0.20718222856521606 Time: 0.3767257500003325
Train loss: 1.1395998703761023 Val loss: 0.14027929306030273 Time: 0.37253320799936773
Train loss: 1.039081048854328 Val loss: 0.19549262523651123 Time: 0.37127708299885853
Train loss: 1.1050836243919093 Val loss: 0.16059905290603638 Time: 0.37197837499843445
Train loss: 1.0277833810410613 Val loss: 0.11793684959411621 Time: 0.38096616699840524
Train loss: 1.0866158365417107 Val loss: 0.15210765600204468 Time: 0.370959291998588
Train loss: 0.9797510740181608 Val loss: 0.12804073095321655 Time: 0.3716589579998981
Train loss: 0.9290941192302427 Val loss: 0.21200644969940186 Time: 0.36999079100132803
Train loss: 0.9771278335814912 Val loss: 0.10534113645553589 Time: 0.37026712499937275
Train loss: 0.9559378535438157 Val loss: 0.18829339742660522 Time: 0.37121441699855495
Train loss: 0.8756785539127705 Val loss: 0.21749353408813477 Time: 0.3826074589997006
Train loss: 0.9358772995694835 Val loss: 0.21862757205963135 Time: 0.37172675000329036
Train loss: 0.9190400618833507 Val loss: 0.21028554439544678 Time: 0.3720432499976596
Train loss: 0.9643372151373661 Val loss: 0.15554940700531006 Time: 0.37155620799967437
Train loss: 0.8664093868308242 Val loss: 0.17540597915649414 Time: 0.3734987910029304
Train loss: 0.8071452873725491 Val loss: 0.15966534614562988 Time: 0.3823407500021858
Train loss: 0.796488723262911 Val loss: 0.20974737405776978 Time: 0.3717732090008212
Train loss: 0.8012018745486458 Val loss: 0.15015006065368652 Time: 0.371844917000999
Train loss: 0.7735690415963234 Val loss: 0.1870071291923523 Time: 0.4149400839996815
Train loss: 0.8316987622178758 Val loss: 0.12996834516525269 Time: 0.3709165420004865
Train loss: 0.7995704667041998 Val loss: 0.13830691576004028 Time: 0.37128329099869006
Train loss: 0.8362516245848983 Val loss: 0.1807078719139099 Time: 0.38288687499880325
Train loss: 0.7282140246653626 Val loss: 0.23199617862701416 Time: 0.3712204590010515
Train loss: 0.7460813818493648 Val loss: 0.17193740606307983 Time: 0.40959229200234404
Train loss: 0.7654155076692826 Val loss: 0.19294357299804688 Time: 0.38140758400186314
Train loss: 0.7199099673680189 Val loss: 0.09832864999771118 Time: 0.37371074999828124
Train loss: 0.7048430454028383 Val loss: 0.1354096531867981 Time: 0.38716808300159755
Train loss: 0.8154132485407786 Val loss: 0.27613765001296997 Time: 0.3715707499977725
Train loss: 0.8247024954044271 Val loss: 0.1593114137649536 Time: 0.371525250000559
Train loss: 0.7250488042702159 Val loss: 0.1963750720024109 Time: 0.3721144590017502
Train loss: 0.6506637430576916 Val loss: 0.236322820186615 Time: 0.3688940409992938
Train loss: 0.7045949848370938 Val loss: 0.3037012219429016 Time: 0.36982233299931977
Train loss: 0.6827904687324917 Val loss: 0.12923091650009155 Time: 0.38293454199811094
Train loss: 0.692138007515112 Val loss: 0.2605363130569458 Time: 0.3704401249997318
Train loss: 0.7086801857620886 Val loss: 0.12046301364898682 Time: 0.3691454999971029
Train loss: 0.8128847408408433 Val loss: 0.16723483800888062 Time: 0.3717342500021914
Train loss: 0.7186751283981216 Val loss: 0.2687649726867676 Time: 0.37035966699841083
Train loss: 0.629862539613498 Val loss: 0.17521882057189941 Time: 0.38679729199793655
Train loss: 0.6461799409482722 Val loss: 0.15531057119369507 Time: 0.3853014170017559
Train loss: 0.5982340490670168 Val loss: 0.12031883001327515 Time: 0.3717974580031296
Train loss: 0.5844225430933889 Val loss: 0.1543370485305786 Time: 0.37139987499904237
Train loss: 0.6314229275035297 Val loss: 0.2571883797645569 Time: 0.3726546670004609
Train loss: 0.6430187059824606 Val loss: 0.19567137956619263 Time: 0.3705972079987987
Train loss: 0.5969212646462978 Val loss: 0.11414587497711182 Time: 0.38401066699952935
Train loss: 0.6012041851315857 Val loss: 0.15448743104934692 Time: 0.37126537500080303
Train loss: 0.6135918404615204 Val loss: 0.10916179418563843 Time: 0.4421307090015034
Train loss: 0.6472791595964935 Val loss: 0.29004746675491333 Time: 0.3699713329988299
Train loss: 0.670709399115083 Val loss: 0.18667232990264893 Time: 0.37059662499814294
Train loss: 0.6045103947110233 Val loss: 0.17884016036987305 Time: 0.3822319579994655
Train loss: 0.5964064628285257 Val loss: 0.1966128945350647 Time: 0.3698018749964831
Shrinking learning rate to 1e-05
Train loss: 0.9673154206872887 Val loss: 0.16580647230148315 Time: 0.37224350000178674
Train loss: 0.9114782920847304 Val loss: 0.17709487676620483 Time: 0.37216237500251736
Train loss: 0.8149419967883205 Val loss: 0.17801904678344727 Time: 0.3695662499994796
Train loss: 0.7921106551528716 Val loss: 0.1898478865623474 Time: 0.40178787500190083
Train loss: 0.7481388227358958 Val loss: 0.19449084997177124 Time: 0.37843558299937285
Train loss: 0.7825970855108126 Val loss: 0.19229459762573242 Time: 0.37172812500284635
Train loss: 0.7419850007144078 Val loss: 0.19385021924972534 Time: 0.3708549170005426
Train loss: 0.7901805326142224 Val loss: 0.19555532932281494 Time: 0.37130679199981387
Train loss: 0.6830310473465051 Val loss: 0.1937764286994934 Time: 0.370491416000732
Train loss: 0.6898818854172113 Val loss: 0.1950419545173645 Time: 0.381083000000217
Shrinking learning rate to 1.0000000000000002e-06
Train loss: 1.0229324781701479 Val loss: 0.15178781747817993 Time: 0.37077325000063865
Train loss: 1.0023366414845043 Val loss: 0.1506187915802002 Time: 0.3732324169977801
Train loss: 0.9787514270216207 Val loss: 0.150276780128479 Time: 0.37061787499987986
Train loss: 0.9105900718450357 Val loss: 0.150030255317688 Time: 0.37129770899991854
Train loss: 0.9348453060863733 Val loss: 0.1496107578277588 Time: 0.3813570419988537
Train loss: 0.9550045305999113 Val loss: 0.14965206384658813 Time: 0.37180179200004204
Train loss: 0.8960897272887998 Val loss: 0.14943110942840576 Time: 0.37024058400129434
Train loss: 0.9394801091413889 Val loss: 0.14973026514053345 Time: 0.3821860829993966
Train loss: 0.8851619238795791 Val loss: 0.1501847505569458 Time: 0.37219304099926376
Train loss: 0.8456181153576665 Val loss: 0.15106403827667236 Time: 0.3706292500028212
Shrinking learning rate to 1.0000000000000002e-07
Learning rate getting small
Complete
 Total time: 53.413540916000784