starting log for model: models/gru_comb_fcast_20_new_23-24.pth
Train loss: 16.7219000672103 Val loss: 1.864368490505151 Time: 0.35258516599424183
Train loss: 14.851855643768005 Val loss: 1.672366763587204 Time: 0.3169732499954989
Train loss: 13.039756851426887 Val loss: 1.4909852867780262 Time: 0.37055945899919607
Train loss: 10.918293720797543 Val loss: 1.2803675417943607 Time: 0.33704029201180674
Train loss: 9.508516115639289 Val loss: 1.1344385613752292 Time: 0.33475787499628495
Train loss: 8.337145981227955 Val loss: 1.0130817175782068 Time: 0.3262184589984827
Train loss: 7.585854202922064 Val loss: 0.9308158536660094 Time: 0.3188663749897387
Train loss: 7.469510811030389 Val loss: 0.9085554039625182 Time: 0.3218448330007959
Train loss: 7.153892945089012 Val loss: 0.8675337092339721 Time: 0.33453370799543336
Train loss: 6.854577997447808 Val loss: 0.8334093942055341 Time: 0.3235225829994306
Train loss: 6.744897185299351 Val loss: 0.8179213500513312 Time: 0.32436395800323226
Train loss: 6.340486183822463 Val loss: 0.7747125065827717 Time: 0.3251582079974469
Train loss: 6.367208470878879 Val loss: 0.7743414197088789 Time: 0.3269880839943653
Train loss: 6.204473325135086 Val loss: 0.7514424738066912 Time: 0.32662845800223295
Train loss: 6.1479504168601125 Val loss: 0.7444218572347773 Time: 0.3387673329998506
Train loss: 5.991988221373305 Val loss: 0.7317559999383633 Time: 0.3272179170016898
Train loss: 5.675096865163795 Val loss: 0.695139610111052 Time: 0.38205174999893643
Train loss: 5.9491205299527365 Val loss: 0.7171791467416642 Time: 0.33034800000314135
Train loss: 5.639092989341433 Val loss: 0.6915748664527597 Time: 0.32876950000354555
Train loss: 5.485968530110142 Val loss: 0.6772803201415307 Time: 0.33169529199949466
Train loss: 5.147591325994888 Val loss: 0.6403859900102199 Time: 0.34692770800029393
Train loss: 5.346142447539336 Val loss: 0.6536732798793315 Time: 0.3350392499996815
Train loss: 5.309103562940308 Val loss: 0.6594892459711212 Time: 0.334221291996073
Train loss: 5.4107528029712455 Val loss: 0.663248541081983 Time: 0.3359971250029048
Train loss: 5.268412949020288 Val loss: 0.6416609916749154 Time: 0.3383921249915147
Train loss: 5.157868462495429 Val loss: 0.6252513854332779 Time: 0.33685529200010933
Train loss: 4.761407565993892 Val loss: 0.5914647024293523 Time: 0.34782483300659806
Train loss: 4.710297683383331 Val loss: 0.5812629805462517 Time: 0.3347339159954572
Train loss: 4.7551789314643145 Val loss: 0.58196394856608 Time: 0.3364948339876719
Train loss: 4.44312613676326 Val loss: 0.5582476995003289 Time: 0.3372771249996731
Train loss: 4.6301127159346205 Val loss: 0.5673107474105393 Time: 0.33773754100548103
Train loss: 4.386234227919649 Val loss: 0.5471542091371007 Time: 0.3447525410010712
Train loss: 4.299720789035863 Val loss: 0.5358647709149716 Time: 0.3460510000004433
Train loss: 4.227406396505456 Val loss: 0.5281300003458862 Time: 0.3419285419950029
Train loss: 4.0371435782013805 Val loss: 0.5089105297687841 Time: 0.3388181250047637
Train loss: 3.9282753445773615 Val loss: 0.4912544361015361 Time: 0.340802666003583
Train loss: 3.925905656950662 Val loss: 0.500252457936878 Time: 0.33994874999916647
Train loss: 3.862648170899817 Val loss: 0.48214256247484966 Time: 0.34221562500169966
Train loss: 3.5745408077153478 Val loss: 0.45864749108202807 Time: 0.34340108299511485
Train loss: 3.650237950773093 Val loss: 0.4639161779623924 Time: 0.34308695800427813
Train loss: 3.5538292343884734 Val loss: 0.45546003820483444 Time: 0.34143179199600127
Train loss: 3.302006531563528 Val loss: 0.4250979655997193 Time: 0.34175041600246914
Train loss: 3.1297214576820114 Val loss: 0.4119803940573778 Time: 0.3405576670047594
Train loss: 3.106633232222805 Val loss: 0.4162317808183223 Time: 0.34253500000340864
Train loss: 3.2031132228380077 Val loss: 0.4086657427250769 Time: 0.35299366600520443
Train loss: 3.1763954418579643 Val loss: 0.3991861195290797 Time: 0.3439419159985846
Train loss: 2.995097218984313 Val loss: 0.38729752358654757 Time: 0.3633056249964284
Train loss: 2.9840246702936657 Val loss: 0.39276184630409355 Time: 0.34492995800974313
Train loss: 2.984712531024144 Val loss: 0.37851939966432735 Time: 0.34409487499215174
Train loss: 2.5626366459459007 Val loss: 0.34276286684025453 Time: 0.34344770800089464
Train loss: 2.7456828165485945 Val loss: 0.34928017549506857 Time: 0.35649025000748225
Train loss: 2.7067370515416513 Val loss: 0.35768652853673205 Time: 0.34707125001295935
Train loss: 2.6427842310904737 Val loss: 0.3376259089237105 Time: 0.3447208750003483
Train loss: 2.5663607394617856 Val loss: 0.31928645882053486 Time: 0.3471245839900803
Train loss: 2.514038051963965 Val loss: 0.31459479481253355 Time: 0.34576866700081155
Train loss: 2.357130540613081 Val loss: 0.3069297706038533 Time: 0.3483872080105357
Train loss: 2.5147125768460032 Val loss: 0.3075653444705142 Time: 0.3558659160044044
Train loss: 2.3497875831587294 Val loss: 0.30285654386525024 Time: 0.3501347919955151
Train loss: 2.5047899826182913 Val loss: 0.3160346858214121 Time: 0.34885316700092517
Train loss: 2.414394262095792 Val loss: 0.30915955475273543 Time: 0.3512428749963874
Train loss: 2.438480751558269 Val loss: 0.29272064955436955 Time: 0.35122641699854285
Train loss: 2.283247527987381 Val loss: 0.30514837604194 Time: 0.3507993749954039
Train loss: 2.314565196672362 Val loss: 0.2744563203790658 Time: 0.3569630000129109
Train loss: 2.36729959365979 Val loss: 0.27884564150254476 Time: 0.3531183750019409
Train loss: 2.1462953073543645 Val loss: 0.2699348947653301 Time: 0.3529830000043148
Train loss: 2.301046660563994 Val loss: 0.2822840585672881 Time: 0.3505471660027979
Train loss: 2.2289465683882326 Val loss: 0.26636606103773347 Time: 0.35064229200361297
Train loss: 2.1452896982503393 Val loss: 0.25378462627509774 Time: 0.3507144579925807
Train loss: 2.1382072218170585 Val loss: 0.2593353445041873 Time: 0.3568295840086648
Train loss: 2.0353158285434603 Val loss: 0.256713117803283 Time: 0.4037452909979038
Train loss: 2.225022192502479 Val loss: 0.26391441139043303 Time: 0.3619314579991624
Train loss: 2.0429298477866737 Val loss: 0.2519964784194837 Time: 0.3781920000037644
Train loss: 1.9224970066243827 Val loss: 0.2380340109272636 Time: 0.3773245000047609
Train loss: 1.9286858157269142 Val loss: 0.24198750668867533 Time: 0.39699574999394827
Train loss: 1.950651240355727 Val loss: 0.22304901247514014 Time: 0.3806983329996001
Train loss: 1.8840344190199438 Val loss: 0.2527078625448194 Time: 0.37086633300350513
Train loss: 1.7954971330088174 Val loss: 0.22539491047502852 Time: 0.4312277080025524
Train loss: 1.8855600013540652 Val loss: 0.22960975357658023 Time: 0.364574833001825
Train loss: 1.9758079073337491 Val loss: 0.26128859109141855 Time: 0.4011158330104081
Train loss: 1.7850176192164966 Val loss: 0.22332953346912307 Time: 0.38542616699123755
Train loss: 1.7280511762136603 Val loss: 0.2156663564090628 Time: 0.37721066700760275
Train loss: 1.6956261220298519 Val loss: 0.2105798256083794 Time: 0.38264133299526293
Train loss: 1.782512944126438 Val loss: 0.24951296408019766 Time: 0.3759519589948468
Train loss: 1.9058372495645575 Val loss: 0.2433971714417217 Time: 0.361898041999666
Train loss: 1.8488326960734014 Val loss: 0.2523566768856428 Time: 0.37050116699538194
Train loss: 1.932431257167047 Val loss: 0.26037884185955423 Time: 0.36266958400665317
Train loss: 1.5970879916034164 Val loss: 0.2254290496463019 Time: 0.36529687499569263
Train loss: 1.6084617667943704 Val loss: 0.20016605548828173 Time: 0.3662677079992136
Train loss: 1.7180886456957096 Val loss: 0.21049265693077282 Time: 0.36164295799972024
Train loss: 1.7898886661795022 Val loss: 0.22218947829248498 Time: 0.3859086670126999
Train loss: 1.6177268861190406 Val loss: 0.23310876390140106 Time: 0.3644564170099329
Train loss: 1.7023601758317213 Val loss: 0.23263301917458656 Time: 0.3641628339973977
Train loss: 1.6294300069964658 Val loss: 0.23474994810358832 Time: 0.3625316669931635
Train loss: 1.5528043378513985 Val loss: 0.21677280191676387 Time: 0.3684334589925129
Train loss: 1.6893232234928348 Val loss: 0.21628318583715425 Time: 0.3642779159999918
Train loss: 1.536134080850033 Val loss: 0.18554624747583 Time: 0.3698024580080528
Train loss: 1.5494061852761654 Val loss: 0.19610597471753458 Time: 0.3658236249902984
Train loss: 1.5945689187323844 Val loss: 0.1983520035083392 Time: 0.36492191700381227
Train loss: 1.486828361842325 Val loss: 0.19224253668483723 Time: 0.37271987499843817
Train loss: 1.5154446710671436 Val loss: 0.1944388227337829 Time: 0.3628267090098234
Train loss: 1.6039799511945603 Val loss: 0.207205254136963 Time: 0.3616879159962991
Train loss: 1.6008681500984494 Val loss: 0.19797699636606816 Time: 0.3714535409962991
Train loss: 1.5386052668267496 Val loss: 0.19824464110667805 Time: 0.36616441600199323
Train loss: 1.4317708022890514 Val loss: 0.17984297895864318 Time: 0.36385304099530913
Train loss: 1.5136318425458057 Val loss: 0.1876513908358676 Time: 0.3672789160045795
Train loss: 1.416129527986758 Val loss: 0.22713973611440066 Time: 0.3659139579976909
Train loss: 1.5404094569814362 Val loss: 0.19364991295896425 Time: 0.3735373340023216
Train loss: 1.4141636719479678 Val loss: 0.21118378941007387 Time: 0.37128370799473487
Train loss: 1.4832198439103657 Val loss: 0.20786147592789175 Time: 0.3650282500020694
Train loss: 1.4381674924143546 Val loss: 0.20286168311474412 Time: 0.3653982500109123
Train loss: 1.5340380780309033 Val loss: 0.1848878399462364 Time: 0.36544908399810083
Train loss: 1.333694387307304 Val loss: 0.18662214020605505 Time: 0.3674259580002399
Train loss: 1.2566758551045645 Val loss: 0.20794932457892554 Time: 0.3739139169920236
Train loss: 1.3784107374046641 Val loss: 0.19252426692100588 Time: 0.36327237499062903
Train loss: 1.2881911753291926 Val loss: 0.20053197425552968 Time: 0.3650333339901408
Train loss: 1.5230232316096317 Val loss: 0.21109968043856214 Time: 0.3628412090038182
Train loss: 1.302545001876787 Val loss: 0.19829817570114935 Time: 0.36628920800285414
Train loss: 1.3216433370155052 Val loss: 0.16428461100714042 Time: 0.37614812499668915
Train loss: 1.2728185103674008 Val loss: 0.2127636468027362 Time: 0.3691866669978481
Train loss: 1.218433385719221 Val loss: 0.20174499881156485 Time: 0.37187233300937805
Train loss: 1.3611564008320878 Val loss: 0.21209652174599805 Time: 0.3673048339987872
Train loss: 1.3279218781058155 Val loss: 0.20761620529896682 Time: 0.3708845829969505
Train loss: 1.3417050170065536 Val loss: 0.1973486509270208 Time: 0.3672884999978123
Train loss: 1.3020714747130242 Val loss: 0.20032434485912157 Time: 0.37462895800126716
Train loss: 1.3261229857907826 Val loss: 0.19059863701369134 Time: 0.3656906669930322
Train loss: 1.2463704309999173 Val loss: 0.21246784182434633 Time: 0.3666736659943126
Train loss: 1.2016185696002424 Val loss: 0.18316424036620083 Time: 0.3657883749983739
Train loss: 1.3385714241397082 Val loss: 0.1896374349869007 Time: 0.36660320799273904
Train loss: 1.3202247593835637 Val loss: 0.18757736500887653 Time: 0.37014870799612254
Train loss: 1.1172437696872644 Val loss: 0.18627861435851048 Time: 0.3714414159912849
Train loss: 1.216271714553642 Val loss: 0.18515388935669427 Time: 0.36521250000805594
Train loss: 1.2474526597137476 Val loss: 0.18439953541682033 Time: 0.3658863750024466
Train loss: 1.3188043694882987 Val loss: 0.18816115969886751 Time: 0.3671146249980666
Train loss: 1.1250612556650248 Val loss: 0.16915787006864091 Time: 0.36501329200109467
Train loss: 1.168503498767496 Val loss: 0.17430462844948053 Time: 0.37558399999397807
Train loss: 1.2550658120572429 Val loss: 0.18260620461132268 Time: 0.3685091250081314
Train loss: 1.2602876531239087 Val loss: 0.18721433477908545 Time: 0.37074525000934955
Train loss: 1.2072278223544757 Val loss: 0.18278920047665892 Time: 0.38784550000855234
Train loss: 1.1090077356231456 Val loss: 0.17153064988568328 Time: 0.36985329100571107
Train loss: 1.1264985196954191 Val loss: 0.17435027195932057 Time: 0.4297235419944627
Train loss: 1.292833881660954 Val loss: 0.18280987887618355 Time: 0.3703691660048207
Train loss: 1.1625060464446335 Val loss: 0.18986915944907534 Time: 0.36667420899902936
Train loss: 1.15581131962864 Val loss: 0.17516812378771343 Time: 0.369165084004635
Train loss: 1.2892550813102694 Val loss: 0.2013862015144543 Time: 0.3692905839998275
Train loss: 1.2839556372674856 Val loss: 0.1903370759210729 Time: 0.36619737499859184
Train loss: 1.0660603831187672 Val loss: 0.16685689118033983 Time: 0.38156487500236835
Train loss: 1.1718002648458992 Val loss: 0.1873135222186768 Time: 0.36957470800552983
Train loss: 1.1937827238799361 Val loss: 0.1924282395846671 Time: 0.36899474999518134
Train loss: 1.2136187887067678 Val loss: 0.18196125802956784 Time: 0.36960387500585057
Train loss: 1.1752535377827442 Val loss: 0.19739530064206393 Time: 0.3680642919935053
Train loss: 1.071828491141912 Val loss: 0.17427633594486863 Time: 0.37236462500004563
Train loss: 1.1817540135692752 Val loss: 0.1784583281431009 Time: 0.376790082998923
Train loss: 1.0539235851830426 Val loss: 0.17746278032203205 Time: 0.3688932500081137
Train loss: 1.1333170514963635 Val loss: 0.17982712121301644 Time: 0.36602029200003017
Train loss: 1.1814349252601382 Val loss: 0.18803277888453332 Time: 0.3698887089994969
Train loss: 1.1568507361830598 Val loss: 0.1829832027033355 Time: 0.36904354199941736
Train loss: 1.0904013782813564 Val loss: 0.17390282145662295 Time: 0.3772879999887664
Train loss: 1.1162630578704125 Val loss: 0.1764209423173552 Time: 0.3701982920028968
Train loss: 1.0318414742583712 Val loss: 0.16198488797075247 Time: 0.37091270899691153
Train loss: 1.1667169993002022 Val loss: 0.17020019641403916 Time: 0.3702339169976767
Train loss: 1.1205032378705297 Val loss: 0.17328416141129893 Time: 0.36829954099084716
Train loss: 1.0874367918700125 Val loss: 0.17254724277540276 Time: 0.37117204199603293
Train loss: 1.1030792202644497 Val loss: 0.17072163524720427 Time: 0.3820574160054093
Train loss: 1.1148910989969067 Val loss: 0.14772984754551846 Time: 0.376923749994603
Train loss: 1.1279632151735797 Val loss: 0.17602826731155197 Time: 0.3732493749994319
Train loss: 1.0654027024280062 Val loss: 0.17313075860551064 Time: 0.373301999992691
Train loss: 1.0283411983815824 Val loss: 0.15805340526472042 Time: 0.3742134579952108
Train loss: 1.0762661020710311 Val loss: 0.1792772029514567 Time: 0.3812682499992661
Train loss: 1.0136363752058664 Val loss: 0.15904772342782375 Time: 0.36789704200054985
Train loss: 0.9940060359557918 Val loss: 0.1534188051067621 Time: 0.3740220000036061
Train loss: 0.9929162371589904 Val loss: 0.165862939749379 Time: 0.37156949999916833
Train loss: 1.1891265953785393 Val loss: 0.1787219359825117 Time: 0.3712753750005504
Train loss: 0.972549460451525 Val loss: 0.15874820803757309 Time: 0.3688863749994198
Train loss: 1.0725953706556481 Val loss: 0.16252381722233197 Time: 0.381245750002563
Train loss: 0.9853966903656186 Val loss: 0.16794936894833257 Time: 0.36856904199521523
Train loss: 0.9683392007029408 Val loss: 0.16488348781261586 Time: 0.3721065840072697
Train loss: 1.0072239212919243 Val loss: 0.15510863771621353 Time: 0.37484091699298006
Train loss: 1.024431667488642 Val loss: 0.17229604065529214 Time: 0.3809654169890564
Train loss: 1.1435908593964115 Val loss: 0.17616054832962186 Time: 0.38348954200046137
Train loss: 1.0003404222452161 Val loss: 0.15643965757390293 Time: 0.3719891660002759
Train loss: 0.9935595887526576 Val loss: 0.14599117442687773 Time: 0.37024116700922605
Train loss: 0.9138626843665159 Val loss: 0.17077440919717837 Time: 0.37202175000857096
Train loss: 1.0508446744856599 Val loss: 0.1697058139130405 Time: 0.37451675000193063
Train loss: 0.989110435804335 Val loss: 0.14842783140646013 Time: 0.3745642499998212
Train loss: 0.9343897970679773 Val loss: 0.15774116661990145 Time: 0.38206137499946635
Train loss: 0.9985974790255199 Val loss: 0.16577403559017623 Time: 0.3888238340005046
Train loss: 0.9475988485319213 Val loss: 0.15425106266267696 Time: 0.3726110419956967
Train loss: 1.0152179296927102 Val loss: 0.1670121192176691 Time: 0.3760374999983469
Train loss: 1.1180641011679953 Val loss: 0.16461567251927597 Time: 0.37496370800363366
Train loss: 0.9445791031949398 Val loss: 0.15422812077327092 Time: 0.38225733299623244
Train loss: 0.9974584122410557 Val loss: 0.15351493601270835 Time: 0.37788212500163354
Shrinking learning rate to 5e-06
Train loss: 1.134833001083373 Val loss: 0.1727650945865567 Time: 0.3790757079987088
Train loss: 1.0830632404722143 Val loss: 0.16665778348733953 Time: 0.377415541006485
Train loss: 1.0178923418967685 Val loss: 0.15801858156689969 Time: 0.3756724589911755
Train loss: 0.9377230964736398 Val loss: 0.15296891416452507 Time: 0.3822902499960037
Train loss: 0.9038555417120733 Val loss: 0.15103078273539114 Time: 0.3780353749898495
Train loss: 0.9737813189835274 Val loss: 0.15242626909533033 Time: 0.37320366699714214
Train loss: 0.9698529567881167 Val loss: 0.15342214234701249 Time: 0.37422887499269564
Train loss: 0.9679639096800656 Val loss: 0.15258474528911975 Time: 0.3725127910001902
Train loss: 0.9699085248071704 Val loss: 0.15119770551779957 Time: 0.37201700000150595
Train loss: 0.9812614696401836 Val loss: 0.15417515653822228 Time: 0.38111737500003073
Train loss: 0.9156692408189322 Val loss: 0.15036626183816665 Time: 0.37292916601290926
Train loss: 0.9178856156153081 Val loss: 0.14898707763197386 Time: 0.3746571670053527
Train loss: 0.9182081805903006 Val loss: 0.1489190789810772 Time: 0.3767104169965023
Train loss: 0.8433367401983931 Val loss: 0.1437262708272043 Time: 0.37794299999950454
Train loss: 0.9818684995099147 Val loss: 0.15475572345459948 Time: 0.3798213330010185
Train loss: 0.9968795307197809 Val loss: 0.1543245382898107 Time: 0.37539491600182373
Train loss: 0.948445680779189 Val loss: 0.15002069739164903 Time: 0.37466662500810344
Train loss: 0.8648571077714848 Val loss: 0.14712318622724765 Time: 0.3741943749919301
Train loss: 0.905436102226961 Val loss: 0.1458755262731443 Time: 0.3743099590064958
Train loss: 1.0397398302353622 Val loss: 0.15468475016803648 Time: 0.37538004100497346
Train loss: 0.9446571155182113 Val loss: 0.15110799969639357 Time: 0.38296391599578783
Train loss: 0.9602829662392018 Val loss: 0.15056389104897244 Time: 0.37623362500744406
Train loss: 0.9442336124193673 Val loss: 0.14952528990034375 Time: 0.3764140419953037
Shrinking learning rate to 5.000000000000001e-07
Learning rate getting small
Complete
 Total time: 78.03659033299482