starting log for model: models/gru_lin1_alpha_1.0_22-23.pth
Train loss: 14.470905586097047 Val loss: 14.491984779535068 Time: 0.41025854199688183
Train loss: 14.375768833408372 Val loss: 14.396679143868326 Time: 0.38393358300163527
Train loss: 13.836620210204217 Val loss: 13.858945264477416 Time: 0.3720539169989934
Train loss: 11.952264508639828 Val loss: 11.970085247772275 Time: 0.37141999999948894
Train loss: 8.2708181152735 Val loss: 8.28675013739988 Time: 0.37207199999829754
Train loss: 7.020526212174175 Val loss: 7.036789540378924 Time: 0.3708271670002432
Train loss: 6.790554264268589 Val loss: 6.80623951172673 Time: 0.38184104199899593
Train loss: 6.672870904909223 Val loss: 6.688243058032111 Time: 0.3719758749975881
Train loss: 6.525775489456635 Val loss: 6.541071546739233 Time: 0.3713241250006831
Train loss: 6.396692947476783 Val loss: 6.41186545022768 Time: 0.3698679169974639
Train loss: 6.240697220888129 Val loss: 6.2556495003118675 Time: 0.37123433299711905
Train loss: 6.150853013031956 Val loss: 6.165872691498109 Time: 0.38629745800062665
Train loss: 5.972477116678456 Val loss: 5.987204885506459 Time: 0.38094579199969303
Train loss: 5.843190025012667 Val loss: 5.858182369629124 Time: 0.37158983400149737
Train loss: 5.744741797165629 Val loss: 5.759622495777956 Time: 0.371940374996484
Train loss: 5.618586461093422 Val loss: 5.633573489903386 Time: 0.3700042079981358
Train loss: 5.475069762390582 Val loss: 5.48975552516149 Time: 0.3701350419978553
Train loss: 5.33443313094935 Val loss: 5.349375232731296 Time: 0.4269940000012866
Train loss: 5.183426520526915 Val loss: 5.197982199830914 Time: 0.37333120800030883
Train loss: 5.019028769013357 Val loss: 5.033904383161096 Time: 0.37189500000022235
Train loss: 4.865635362839541 Val loss: 4.88030136231186 Time: 0.37304533300266485
Train loss: 4.656911616068555 Val loss: 4.671129851210049 Time: 0.37095920800129534
Train loss: 4.493034796105647 Val loss: 4.506759667009669 Time: 0.38192337500004214
Train loss: 4.296962600967941 Val loss: 4.310245770530989 Time: 0.37281720800092444
Train loss: 4.082287837100001 Val loss: 4.094677213348215 Time: 0.3712435839988757
Train loss: 3.8920661183891525 Val loss: 3.9035476731105265 Time: 0.37224187499668915
Train loss: 3.7147264836110554 Val loss: 3.7246876265530706 Time: 0.41426816699822666
Train loss: 3.514570234801967 Val loss: 3.5240155598564162 Time: 0.37127725000027567
Train loss: 3.4119083832026718 Val loss: 3.4196157268789658 Time: 0.3861040830015554
Train loss: 3.236358179283261 Val loss: 3.2435830630445732 Time: 0.3719487089983886
Train loss: 3.133548166615615 Val loss: 3.1398597808452418 Time: 0.3713655000028666
Train loss: 3.025806342360678 Val loss: 3.0313747548828354 Time: 0.37164158299856354
Train loss: 2.885132050446059 Val loss: 2.8900941852963338 Time: 0.3710167919998639
Train loss: 2.8661305483586688 Val loss: 2.8703719899754296 Time: 0.381128124998213
Train loss: 2.779524024584026 Val loss: 2.7833628546264126 Time: 0.37240845799897215
Train loss: 2.637725144767053 Val loss: 2.642351994053287 Time: 0.3703355840007134
Train loss: 2.5956551170106392 Val loss: 2.5997177352124683 Time: 0.3713669579992711
Train loss: 2.4936749579782784 Val loss: 2.4985724783145584 Time: 0.3713406670030963
Train loss: 2.4624977639101715 Val loss: 2.4674885365267816 Time: 0.3702761669992469
Train loss: 2.3522241634579046 Val loss: 2.3568244655676587 Time: 0.38096862499878625
Train loss: 2.2633537920063933 Val loss: 2.2676861156514874 Time: 0.3711075419996632
Train loss: 2.259081016006939 Val loss: 2.2631698948256522 Time: 0.37207741599922883
Train loss: 2.153871451858663 Val loss: 2.1572894473414013 Time: 0.37068804199952865
Train loss: 2.1947597498453906 Val loss: 2.1986635683441453 Time: 0.3707249580002099
Train loss: 2.076930821490295 Val loss: 2.081496602409919 Time: 0.3799034580006264
Train loss: 2.0966903818337537 Val loss: 2.1007536465222416 Time: 0.3711012079984357
Train loss: 1.991430642955308 Val loss: 1.9964256198958952 Time: 0.3721456249986659
Train loss: 1.8944191011566573 Val loss: 1.9001340616128783 Time: 0.37238195900135906
Train loss: 1.9399884518607884 Val loss: 1.9471169902984395 Time: 0.36999754199860035
Train loss: 1.8639893595796266 Val loss: 1.8703005659344034 Time: 0.37100904200269724
Train loss: 1.8384859647632048 Val loss: 1.8445492168212692 Time: 0.3817027089971816
Train loss: 1.745035491885219 Val loss: 1.7520687471576892 Time: 0.3709640000015497
Train loss: 1.7250294659410486 Val loss: 1.7317890797526487 Time: 0.3724140830017859
Train loss: 1.7273203905208874 Val loss: 1.7336426854788207 Time: 0.37143345900040003
Train loss: 1.6835310965022785 Val loss: 1.6883716572219838 Time: 0.37100891700174543
Train loss: 1.6168360401570485 Val loss: 1.6260795202395015 Time: 0.38032420799936517
Train loss: 1.5510475637032641 Val loss: 1.5590717274037313 Time: 0.37092283300080453
Train loss: 1.4705849201101087 Val loss: 1.4799986229975814 Time: 0.37246508300086134
Train loss: 1.5409294296281075 Val loss: 1.546542975438712 Time: 0.37084829099694616
Train loss: 1.4580079263058252 Val loss: 1.4712025591870996 Time: 0.3690836669993587
Train loss: 1.455965177129039 Val loss: 1.466928073490834 Time: 0.37215495800046483
Train loss: 1.4243955480770296 Val loss: 1.4345331027278208 Time: 0.3811701250015176
Train loss: 1.4083477476807076 Val loss: 1.4180479080550548 Time: 0.3693793340025877
Train loss: 1.3631776533500108 Val loss: 1.3736217718332724 Time: 0.3715804589992331
Train loss: 1.2933544330906273 Val loss: 1.3039883767785052 Time: 0.3709706660010852
Train loss: 1.2460108051129026 Val loss: 1.2617734526202076 Time: 0.37110520799978985
Train loss: 1.3499836240638228 Val loss: 1.3667105634944383 Time: 0.3812874159993953
Train loss: 1.2438788152507811 Val loss: 1.2515253785673817 Time: 0.37034041700098896
Train loss: 1.1342277233865383 Val loss: 1.1463590377036983 Time: 0.37058579099903
Train loss: 1.1523682021218689 Val loss: 1.1594025490868736 Time: 0.37151095800072653
Train loss: 1.1609495661154998 Val loss: 1.1685448309218527 Time: 0.3699268340023991
Train loss: 1.1017918952062473 Val loss: 1.1211020721483944 Time: 0.37041758300256333
Train loss: 1.1395998703761023 Val loss: 1.1482012648585298 Time: 0.4113852499976929
Train loss: 1.039081048854328 Val loss: 1.057311114388794 Time: 0.3725549580012739
Train loss: 1.1050836243919093 Val loss: 1.1166923805119628 Time: 0.3728961250017164
Train loss: 1.0277833810410613 Val loss: 1.0345278047671702 Time: 0.36968141599936644
Train loss: 1.0866158365417107 Val loss: 1.0972104243205485 Time: 0.372324292002304
Train loss: 0.9797510740181608 Val loss: 0.9880822819091402 Time: 0.3817565830031526
Train loss: 0.9290941192302427 Val loss: 0.9529756644859119 Time: 0.3716514170009759
Train loss: 0.9771278335814912 Val loss: 0.9827896815643733 Time: 0.3711649580000085
Train loss: 0.9559378535438157 Val loss: 0.9743056929693119 Time: 0.3709297079985845
Train loss: 0.8756785539127705 Val loss: 0.9022839725678982 Time: 0.3700284169972292
Train loss: 0.9358772995694835 Val loss: 0.9610745731285154 Time: 0.3707029170000169
Train loss: 0.9190400618833507 Val loss: 0.9427908811227665 Time: 0.3800142500003858
Train loss: 0.9643372151373661 Val loss: 0.9768018645142905 Time: 0.37062929199964856
Train loss: 0.8664093868308242 Val loss: 0.8839866984929203 Time: 0.3696519580007589
Train loss: 0.8071452873725491 Val loss: 0.8227858395035239 Time: 0.37009191600009217
Train loss: 0.796488723262911 Val loss: 0.823643276673289 Time: 0.37031199999910314
Train loss: 0.8012018745486458 Val loss: 0.8151499766880753 Time: 0.37958141600029194
Train loss: 0.7735690415963234 Val loss: 0.795852202663924 Time: 0.37040333400000236
Train loss: 0.8316987622178758 Val loss: 0.8417924933258438 Time: 0.371284958000615
Train loss: 0.7995704667041998 Val loss: 0.8114442273949743 Time: 0.3698251249988971
Train loss: 0.8362516245848983 Val loss: 0.8555536889012494 Time: 0.3709369999996852
Train loss: 0.7282140246653626 Val loss: 0.7642760578592416 Time: 0.3699736250018759
Train loss: 0.7460813818493648 Val loss: 0.7656369243616442 Time: 0.38132066700200085
Train loss: 0.7654155076692826 Val loss: 0.7893593109236618 Time: 0.4143355830019573
Train loss: 0.7199099673680189 Val loss: 0.7265940300650663 Time: 0.37795408300007693
Train loss: 0.7048430454028383 Val loss: 0.717732187399253 Time: 0.378885750000336
Train loss: 0.8154132485407786 Val loss: 0.8609011369782892 Time: 0.3727378330004285
Train loss: 0.8247024954044271 Val loss: 0.8399490058819508 Time: 0.3803538749998552
Train loss: 0.7250488042702159 Val loss: 0.7511717097159756 Time: 0.37064050000117277
Train loss: 0.6506637430576916 Val loss: 0.692251241870176 Time: 0.37288841599729494
Train loss: 0.7045949848370938 Val loss: 0.7672604022541474 Time: 0.36991412499992293
Train loss: 0.6827904687324917 Val loss: 0.694912551312314 Time: 0.36969766699985485
Train loss: 0.692138007515112 Val loss: 0.7395499928120453 Time: 0.3704587920001359
Train loss: 0.7086801857620886 Val loss: 0.7188455629335027 Time: 0.3799918330005312
Train loss: 0.8128847408408433 Val loss: 0.8299090871509611 Time: 0.3689896249998128
Train loss: 0.7186751283981216 Val loss: 0.7672864854286016 Time: 0.3690577499983192
Train loss: 0.629862539613498 Val loss: 0.6537801265647135 Time: 0.3704465419978078
Train loss: 0.6461799409482722 Val loss: 0.6645824927038211 Time: 0.3712167909980053
Train loss: 0.5982340490670168 Val loss: 0.6102135677931795 Time: 0.3800310829974478
Train loss: 0.5844225430933889 Val loss: 0.6044581320694381 Time: 0.36995424999986426
Train loss: 0.6314229275035297 Val loss: 0.6817923261984148 Time: 0.3698970410005131
Train loss: 0.6430187059824606 Val loss: 0.6721311962888608 Time: 0.37015825000344194
Train loss: 0.5969212646462978 Val loss: 0.6077370129926479 Time: 0.3719950829981826
Train loss: 0.6012041851315857 Val loss: 0.6207357236150991 Time: 0.36961874999906286
Train loss: 0.6135918404615204 Val loss: 0.6232264788909274 Time: 0.3805038329992385
Train loss: 0.6472791595964935 Val loss: 0.7092939048228777 Time: 0.3685736250008631
Train loss: 0.670709399115083 Val loss: 0.696202310260889 Time: 0.3823010419982893
Train loss: 0.6045103947110233 Val loss: 0.6304098827547036 Time: 0.36996204199749627
Train loss: 0.5964064628285257 Val loss: 0.6279787410423143 Time: 0.36928879100014456
Shrinking learning rate to 1e-05
Train loss: 0.9673154206872887 Val loss: 0.9814229003627788 Time: 0.3817447919973347
Train loss: 0.9114782920847304 Val loss: 0.9285231673569241 Time: 0.372160166996764
Train loss: 0.8149419967883205 Val loss: 0.834159001118505 Time: 0.37158208300024853
Train loss: 0.7921106551528716 Val loss: 0.8145437434778451 Time: 0.3706484169997566
Train loss: 0.7481388227358958 Val loss: 0.7730060729434111 Time: 0.3708607500011567
Train loss: 0.7825970855108126 Val loss: 0.8058755552354597 Time: 0.37103858300179127
Train loss: 0.7419850007144078 Val loss: 0.766889593610662 Time: 0.3823475409990351
Train loss: 0.7901805326142224 Val loss: 0.8140191404070611 Time: 0.37074883300010697
Train loss: 0.6830310473465051 Val loss: 0.7099864195594121 Time: 0.370704625001963
Train loss: 0.6898818854172113 Val loss: 0.7169228548796306 Time: 0.37212233299942454
Shrinking learning rate to 1.0000000000000002e-06
Train loss: 1.0229324781701479 Val loss: 1.0341326783494027 Time: 0.370253541997954
Train loss: 1.0023366414845043 Val loss: 1.0135900370660298 Time: 0.3864154589973623
Train loss: 0.9787514270216207 Val loss: 0.990220918049423 Time: 0.38086249999832944
Train loss: 0.9105900718450357 Val loss: 0.922866922396419 Time: 0.371177583001554
Train loss: 0.9348453060863733 Val loss: 0.9467413190357339 Time: 0.3748822499983362
Train loss: 0.9550045305999113 Val loss: 0.9666588817571068 Time: 0.37132991700127604
Train loss: 0.8960897272887998 Val loss: 0.9084637889412652 Time: 0.3698629999998957
Train loss: 0.9394801091413889 Val loss: 0.951336968571794 Time: 0.38093804199888837
Train loss: 0.8851619238795791 Val loss: 0.8978123917534497 Time: 0.37041683300049044
Train loss: 0.8456181153576665 Val loss: 0.8590054369336132 Time: 0.3704093330015894
Shrinking learning rate to 1.0000000000000002e-07
Learning rate getting small
Complete
 Total time: 52.97232887500286