starting log for model: models/gru_comb_alpha_10_22-23.pth
Train loss: 13.64956517143139 Val loss: 136.49768179626943 Time: 0.26171583399991505
Train loss: 11.206523028397783 Val loss: 112.06733982521021 Time: 0.2580692089977674
Train loss: 8.478065811920857 Val loss: 84.78273846259576 Time: 0.2605699170017033
Train loss: 6.93292014385743 Val loss: 69.33113907271806 Time: 0.2637193330010632
Train loss: 6.5729530099706395 Val loss: 65.73129342993948 Time: 0.30544033399928594
Train loss: 6.3455537880034 Val loss: 63.45721379900187 Time: 0.2557838749999064
Train loss: 5.889983695776551 Val loss: 58.901537874573584 Time: 0.25666695900144987
Train loss: 5.62265890993177 Val loss: 56.228129115321764 Time: 0.25625112499983516
Train loss: 5.649489431415611 Val loss: 56.496361185227094 Time: 0.2557626669986348
Train loss: 5.149060987738283 Val loss: 51.49217436447774 Time: 0.25577412499842467
Train loss: 5.364873946660509 Val loss: 53.65012107283618 Time: 0.26581104100114317
Train loss: 4.990216132343979 Val loss: 49.90365160539581 Time: 0.2562848749985278
Train loss: 4.692560355929821 Val loss: 46.92690589224512 Time: 0.25477070800116053
Train loss: 4.738274580965216 Val loss: 47.384028084343264 Time: 0.2557320410014654
Train loss: 4.571053136430992 Val loss: 45.71184812021153 Time: 0.2549168750010722
Train loss: 4.43252937580384 Val loss: 44.3264759209879 Time: 0.2564390000006824
Train loss: 4.063865566687738 Val loss: 40.63980312015994 Time: 0.2558222920015396
Train loss: 4.117244250399869 Val loss: 41.17348877863523 Time: 0.2557501670016791
Train loss: 3.937986765786377 Val loss: 39.380841603714366 Time: 0.26623091700093937
Train loss: 3.930731486051964 Val loss: 39.30805066759127 Time: 0.2563912080004229
Train loss: 3.809183729426479 Val loss: 38.09249468665428 Time: 0.25501174999953946
Train loss: 3.580819923646102 Val loss: 35.8088677468908 Time: 0.2566377500006638
Train loss: 3.5547908040886096 Val loss: 35.54847007503896 Time: 0.2563239579976653
Train loss: 3.27381532874044 Val loss: 32.73858796161349 Time: 0.25598604200058617
Train loss: 3.025034195180962 Val loss: 30.25076152038536 Time: 0.2568175419983163
Train loss: 3.1547404292662917 Val loss: 31.547723491757814 Time: 0.2571436250000261
Train loss: 2.8985554314874946 Val loss: 28.985783143278386 Time: 0.26647124999726657
Train loss: 2.856217830460654 Val loss: 28.562308918432173 Time: 0.25665229199876194
Train loss: 2.6174688350877915 Val loss: 26.17481042959332 Time: 0.2555902909989527
Train loss: 2.64431733605859 Val loss: 26.443232919053624 Time: 0.25739754100141
Train loss: 2.6516929463565475 Val loss: 26.516967655419712 Time: 0.25569425000139745
Train loss: 2.4413584328801994 Val loss: 24.413641347239558 Time: 0.25614362499982235
Train loss: 2.30982466233041 Val loss: 23.098250068943187 Time: 0.255220791001193
Train loss: 2.4065458713183716 Val loss: 24.065514249927276 Time: 0.256306625000434
Train loss: 2.271160428013115 Val loss: 22.711604451445073 Time: 0.26630370800194214
Train loss: 2.0223551227284418 Val loss: 20.223551549530715 Time: 0.2567891669968958
Train loss: 2.055397143916764 Val loss: 20.553979402028016 Time: 0.2566599590027181
Train loss: 2.1197202198002856 Val loss: 21.197202984281464 Time: 0.2543471659992065
Train loss: 1.9135763035360478 Val loss: 19.135765269265935 Time: 0.2554940000009083
Train loss: 1.8604806606203113 Val loss: 18.604808196266074 Time: 0.25535504200161085
Train loss: 1.8174120663970719 Val loss: 18.174124780597708 Time: 0.25653999999849475
Train loss: 1.6181742925376739 Val loss: 16.181747345904125 Time: 0.2561591250014317
Train loss: 1.7398656970095203 Val loss: 17.39870834599972 Time: 0.2672135419998085
Train loss: 1.824538142699943 Val loss: 18.245419126045164 Time: 0.25465408400123124
Train loss: 1.656189400885978 Val loss: 16.56190426783761 Time: 0.2553486670003622
Train loss: 1.6647367798337882 Val loss: 16.647462850445255 Time: 0.25434175000191317
Train loss: 1.5766793670376344 Val loss: 15.766807707383736 Time: 0.25531087499985006
Train loss: 1.4200198080649242 Val loss: 14.20029168990829 Time: 0.2558621669995773
Train loss: 1.6959557560463558 Val loss: 16.959684605494076 Time: 0.25545341600081883
Train loss: 1.5912992071937282 Val loss: 15.913062442328867 Time: 0.25524754200159805
Train loss: 1.4476547312818653 Val loss: 14.476669574835105 Time: 0.2645928329984599
Train loss: 1.4615331958335034 Val loss: 14.615571523190988 Time: 0.25577262500155484
Train loss: 1.2671379475829951 Val loss: 12.671530685751819 Time: 0.2552929999983462
Train loss: 1.4684770547265487 Val loss: 14.684869011127153 Time: 0.2557034580022446
Train loss: 1.3241117434915282 Val loss: 13.241334212350107 Time: 0.30032570799812675
Train loss: 1.2145567447661278 Val loss: 12.145681263351582 Time: 0.29126499999983935
Train loss: 1.2279239919149347 Val loss: 12.279524384903352 Time: 0.2948436250007944
Train loss: 1.257880380028297 Val loss: 12.579034175265237 Time: 0.2923337920001359
Train loss: 1.241786713488743 Val loss: 12.418239836933317 Time: 0.2601116659971012
Train loss: 1.3523195841362856 Val loss: 13.523360633403945 Time: 0.2564755419989524
Train loss: 1.228988684802431 Val loss: 12.290035125477662 Time: 0.25464670899964403
Train loss: 1.1840653287763558 Val loss: 11.840877315655142 Time: 0.2545813750002708
Train loss: 1.2627709575060209 Val loss: 12.627916538140198 Time: 0.2568653339985758
Train loss: 1.2159445645179403 Val loss: 12.160003592737784 Time: 0.277250458002527
Train loss: 1.1189636717283804 Val loss: 11.189724962842574 Time: 0.2550358749977022
Train loss: 1.1570126454379412 Val loss: 11.570404156059519 Time: 0.26585720799994306
Train loss: 1.1931584426545712 Val loss: 11.931880918184408 Time: 0.25495191699883435
Train loss: 1.1197242131240728 Val loss: 11.198095833236263 Time: 0.25401508399954764
Train loss: 1.0862768584752018 Val loss: 10.863040559539789 Time: 0.25597533299878705
Train loss: 1.0916904148425584 Val loss: 10.917286148197176 Time: 0.25619287500012433
Train loss: 1.1338492655042671 Val loss: 11.339567765558996 Time: 0.25534779200097546
Train loss: 1.0679782263586226 Val loss: 10.679846730769665 Time: 0.2549047499996959
Train loss: 1.172456081751272 Val loss: 11.724902181893134 Time: 0.25500133400055347
Train loss: 1.079992042232357 Val loss: 10.800326448920789 Time: 0.26635349999924074
Train loss: 1.0318878051069902 Val loss: 10.319555703631632 Time: 0.2583121249990654
Train loss: 0.9743911569287746 Val loss: 9.744212189591604 Time: 0.2565905830015254
Train loss: 0.9860125207520696 Val loss: 9.860433755838898 Time: 0.2562143750001269
Train loss: 0.899020258874323 Val loss: 8.990978534564338 Time: 0.25528520900115836
Train loss: 1.0172979242073055 Val loss: 10.17312779129707 Time: 0.256121834001533
Train loss: 0.9201889477008933 Val loss: 9.202304538246262 Time: 0.25531937499908963
Train loss: 0.9536944266425103 Val loss: 9.537191095197462 Time: 0.2559823329975188
Train loss: 0.8856405348271759 Val loss: 8.856944655822685 Time: 0.26636833399970783
Train loss: 0.9437313650373103 Val loss: 9.437876373195627 Time: 0.2565603330003796
Train loss: 0.8353960417624791 Val loss: 8.355173106755762 Time: 0.25609158400038723
Train loss: 0.8598291129003641 Val loss: 8.598793207280272 Time: 0.25559112500195624
Train loss: 0.8665181894228979 Val loss: 8.6670766168617 Time: 0.2563829999999143
Train loss: 0.8456802987454743 Val loss: 8.457654530676916 Time: 0.2550350420024188
Train loss: 0.9703513289891177 Val loss: 9.703864646985627 Time: 0.2560640420015261
Train loss: 0.85516419279167 Val loss: 8.55315915209304 Time: 0.2553358750010375
Train loss: 0.7497665539372136 Val loss: 7.498383702821632 Time: 0.2662452079966897
Train loss: 0.9001132661369837 Val loss: 9.002372888018135 Time: 0.25730120799926226
Train loss: 0.7390935588722556 Val loss: 7.391698443647034 Time: 0.25565791700137197
Train loss: 0.8965230324286324 Val loss: 8.966526259413174 Time: 0.25599687499925494
Train loss: 0.8305811698104506 Val loss: 8.30653991334193 Time: 0.25520370800222736
Train loss: 0.6711917058162129 Val loss: 6.713446370593683 Time: 0.2555215840002347
Train loss: 0.7477112614497772 Val loss: 7.479380227664243 Time: 0.2557215829983761
Train loss: 0.7225032496548955 Val loss: 7.225463026413619 Time: 0.2554190839982766
Train loss: 0.7391548660537275 Val loss: 7.393411214150146 Time: 0.2651924580022751
Train loss: 0.6950365244815382 Val loss: 6.952287408329706 Time: 0.25512350000281003
Train loss: 0.7252043111965918 Val loss: 7.253963902767561 Time: 0.2548072499994305
Train loss: 0.8947923061481688 Val loss: 8.9486715403898 Time: 0.25630187500064494
Train loss: 0.8006020679088977 Val loss: 8.007970619086773 Time: 0.25459958300052676
Train loss: 0.6421513816274 Val loss: 6.423164096503991 Time: 0.25502279099964653
Train loss: 0.6736628175946553 Val loss: 6.739321863654027 Time: 0.25612837500011665
Train loss: 0.6951976656293191 Val loss: 6.953309048707114 Time: 0.2546771670022281
Train loss: 0.7875074281509917 Val loss: 7.876850228866226 Time: 0.26412141599939787
Train loss: 0.657816390388497 Val loss: 6.580511081168998 Time: 0.2544409590009309
Train loss: 0.63393822932305 Val loss: 6.34113155744936 Time: 0.2561990419999347
Train loss: 0.6659505520232436 Val loss: 6.662311934160311 Time: 0.25644412499968894
Train loss: 0.666777164518237 Val loss: 6.670214797916041 Time: 0.25588141700063716
Train loss: 0.5926853412505757 Val loss: 5.929228163613946 Time: 0.254456750000827
Train loss: 0.684133855287488 Val loss: 6.845845011376517 Time: 0.2978077919979114
Train loss: 0.615881044753936 Val loss: 6.160355856264664 Time: 0.25624258300013025
Train loss: 0.6564697891125901 Val loss: 6.5672734936875115 Time: 0.26491070900010527
Train loss: 0.6511882430997957 Val loss: 6.515619901236218 Time: 0.25564645800113794
Train loss: 0.6653571470078872 Val loss: 6.657060847778488 Time: 0.2554894169988984
Train loss: 0.6185372398528607 Val loss: 6.189351981604872 Time: 0.2554363339986594
Train loss: 0.6068178894362859 Val loss: 6.073328658560466 Time: 0.2552899170004821
Train loss: 0.6648013807712516 Val loss: 6.649608956832749 Time: 0.25512275000073714
Train loss: 0.6093566622346351 Val loss: 6.099291389974203 Time: 0.254887167000561
Shrinking learning rate to 1e-05
Train loss: 0.7942388905510462 Val loss: 7.945061042943385 Time: 0.25654533399938373
Train loss: 0.7097161121365412 Val loss: 7.100166000614628 Time: 0.2668010410015995
Train loss: 0.648180317275596 Val loss: 6.485117685654522 Time: 0.2553900419989077
Train loss: 0.6968326169137526 Val loss: 6.97127422468378 Time: 0.25410016699970583
Train loss: 0.6981697398369429 Val loss: 6.984334372430156 Time: 0.2548205000020971
Train loss: 0.6626803599461102 Val loss: 6.629592399802226 Time: 0.2552692499994009
Train loss: 0.6041032451610953 Val loss: 6.044284518343669 Time: 0.2544972920004511
Train loss: 0.6316649967541386 Val loss: 6.319669520057712 Time: 0.2550973339966731
Train loss: 0.5957676786256911 Val loss: 5.960888645774842 Time: 0.25453495799956727
Train loss: 0.5950118247408867 Val loss: 5.953280894275895 Time: 0.2644596249992901
Shrinking learning rate to 1.0000000000000002e-06
Train loss: 0.917990951757929 Val loss: 9.181573813956753 Time: 0.2566833749988291
Train loss: 0.7893033809468752 Val loss: 7.895099842768223 Time: 0.25463766699976986
Train loss: 0.8904655177007408 Val loss: 8.906609810744545 Time: 0.25520775000040885
Train loss: 0.7759511944053479 Val loss: 7.761889913110038 Time: 0.2552892910025548
Train loss: 0.7233348411661211 Val loss: 7.235999578830904 Time: 0.25585270800002036
Train loss: 0.7065018831342125 Val loss: 7.067846364322274 Time: 0.25520262500140234
Train loss: 0.6939315995161968 Val loss: 6.94229063473615 Time: 0.2554759170016041
Train loss: 0.771190988603081 Val loss: 7.714666084941409 Time: 0.26463191700167954
Train loss: 0.6293685154858597 Val loss: 6.2971272376680165 Time: 0.2548497919997317
Train loss: 0.7738175902386502 Val loss: 7.741007381911856 Time: 0.2546018749999348
Shrinking learning rate to 1.0000000000000002e-07
Learning rate getting small
Complete
 Total time: 36.339314583001396