starting log for model: models/gru_lin1_alpha_0.05_22-23.pth
Train loss: 14.470905586097047 Val loss: 1.06490945143036 Time: 0.416847874999803
Train loss: 14.375768833408372 Val loss: 1.0574959308558605 Time: 0.3762559170027089
Train loss: 13.836620210204217 Val loss: 1.047346718834217 Time: 0.3716187499994703
Train loss: 11.952264508639828 Val loss: 0.8851302286417521 Time: 0.3736063340002147
Train loss: 8.2708181152735 Val loss: 0.659402475352103 Time: 0.37136316699979943
Train loss: 7.020526212174175 Val loss: 0.5931595152242888 Time: 0.3844801669984008
Train loss: 6.790554264268589 Val loss: 0.5731911924076716 Time: 0.370206750001671
Train loss: 6.672870904909223 Val loss: 0.5627673631392023 Time: 0.3714145410012861
Train loss: 6.525775489456635 Val loss: 0.5534759300236866 Time: 0.37068620799982455
Train loss: 6.396692947476783 Val loss: 0.5446394120745769 Time: 0.37061495799935074
Train loss: 6.240697220888129 Val loss: 0.5331178316829291 Time: 0.38318404099845793
Train loss: 6.150853013031956 Val loss: 0.5287492239310139 Time: 0.3844845829989936
Train loss: 5.972477116678456 Val loss: 0.5150879915681649 Time: 0.3733857499973965
Train loss: 5.843190025012667 Val loss: 0.5106742421514749 Time: 0.37148974999945494
Train loss: 5.744741797165629 Val loss: 0.5036845476684408 Time: 0.3707004589996359
Train loss: 5.618586461093422 Val loss: 0.49755173591484136 Time: 0.3726758749980945
Train loss: 5.475069762390582 Val loss: 0.4857651647195911 Time: 0.38226879200010444
Train loss: 5.33443313094935 Val loss: 0.48039462326335924 Time: 0.37256937499842024
Train loss: 5.183426520526915 Val loss: 0.4672025602364857 Time: 0.3726941250024538
Train loss: 5.019028769013357 Val loss: 0.46099910963604895 Time: 0.3707389579976734
Train loss: 4.865635362839541 Val loss: 0.44957749229539046 Time: 0.37225424999996903
Train loss: 4.656911616068555 Val loss: 0.4322561179336346 Time: 0.3723420409987739
Train loss: 4.493034796105647 Val loss: 0.41712039193322015 Time: 0.3826452920002339
Train loss: 4.296962600967941 Val loss: 0.400612939442051 Time: 0.37283204100094736
Train loss: 4.082287837100001 Val loss: 0.37811397956282905 Time: 0.3714379170014581
Train loss: 3.8920661183891525 Val loss: 0.356898042875809 Time: 0.371493291000661
Train loss: 3.7147264836110554 Val loss: 0.32954976782921996 Time: 0.38239904200236197
Train loss: 3.514570234801967 Val loss: 0.3120292303496046 Time: 0.39352216699990095
Train loss: 3.4119083832026718 Val loss: 0.2859295388512856 Time: 0.4998710840009153
Train loss: 3.236358179283261 Val loss: 0.27018855993081226 Time: 0.39680104199942434
Train loss: 3.133548166615615 Val loss: 0.25326496234319434 Time: 0.37874141599968425
Train loss: 3.025806342360678 Val loss: 0.23794462197020386 Time: 0.3724647500021092
Train loss: 2.885132050446059 Val loss: 0.22241272163227643 Time: 0.38422329199966043
Train loss: 2.8661305483586688 Val loss: 0.21182021008707572 Time: 0.37361574999886216
Train loss: 2.779524024584026 Val loss: 0.2016664617193772 Time: 0.37206070800311863
Train loss: 2.637725144767053 Val loss: 0.20450942762951022 Time: 0.3725680419993296
Train loss: 2.5956551170106392 Val loss: 0.19480857278592692 Time: 0.3702580829994986
Train loss: 2.4936749579782784 Val loss: 0.1999891755398419 Time: 0.37279616700107
Train loss: 2.4624977639101715 Val loss: 0.19940957530078537 Time: 0.3815909170007217
Train loss: 2.3522241634579046 Val loss: 0.18840234242420645 Time: 0.37080791600237717
Train loss: 2.2633537920063933 Val loss: 0.18010235228415486 Time: 0.3724416669974744
Train loss: 2.259081016006939 Val loss: 0.1767754325533283 Time: 0.372117499999149
Train loss: 2.153871451858663 Val loss: 0.16227579627489946 Time: 0.371360041997832
Train loss: 2.1947597498453906 Val loss: 0.17086121011295177 Time: 0.3865359580013319
Train loss: 2.076930821490295 Val loss: 0.1725415100224437 Time: 0.37043058299968834
Train loss: 2.0966903818337537 Val loss: 0.16746821338841708 Time: 0.36996108400126104
Train loss: 1.991430642955308 Val loss: 0.172724462915859 Time: 0.37087891700139153
Train loss: 1.8944191011566573 Val loss: 0.17509363381152396 Time: 0.37122008300138987
Train loss: 1.9399884518607884 Val loss: 0.19266101977052288 Time: 0.3711578750007902
Train loss: 1.8639893595796266 Val loss: 0.1795940286870598 Time: 0.3817169579997426
Train loss: 1.8384859647632048 Val loss: 0.17544585276159727 Time: 0.3723163750000822
Train loss: 1.745035491885219 Val loss: 0.17946837882333141 Time: 0.3719901670010586
Train loss: 1.7250294659410486 Val loss: 0.17551659474698864 Time: 0.37154841699884855
Train loss: 1.7273203905208874 Val loss: 0.17129015947730108 Time: 0.3718918339982338
Train loss: 1.6835310965022785 Val loss: 0.15299539993924482 Time: 0.3813824589997239
Train loss: 1.6168360401570485 Val loss: 0.19107909970344558 Time: 0.41316070800166926
Train loss: 1.5510475637032641 Val loss: 0.17598431089730177 Time: 0.37200845899860724
Train loss: 1.4705849201101087 Val loss: 0.1821605523641735 Time: 0.371792791000189
Train loss: 1.5409294296281075 Val loss: 0.15253795118774502 Time: 0.37159725000310573
Train loss: 1.4580079263058252 Val loss: 0.20967671489935455 Time: 0.3805742919976183
Train loss: 1.455965177129039 Val loss: 0.19324327226495355 Time: 0.37342262499805656
Train loss: 1.4243955480770296 Val loss: 0.18453943246282342 Time: 0.3720120420002786
Train loss: 1.4083477476807076 Val loss: 0.17993081889434198 Time: 0.37604374999864376
Train loss: 1.3631776533500108 Val loss: 0.18228848221436963 Time: 0.3700219999991532
Train loss: 1.2933544330906273 Val loss: 0.17833090422652795 Time: 0.3706873750015802
Train loss: 1.2460108051129026 Val loss: 0.20835228963263364 Time: 0.3815077500003099
Train loss: 1.3499836240638228 Val loss: 0.2236025907495117 Time: 0.38076612500299234
Train loss: 1.2438788152507811 Val loss: 0.15149043678105742 Time: 0.386855791999551
Train loss: 1.1342277233865383 Val loss: 0.1757347323313928 Time: 0.37163779199909186
Train loss: 1.1523682021218689 Val loss: 0.13993455166864832 Time: 0.4536102089987253
Train loss: 1.1609495661154998 Val loss: 0.14512972317231762 Time: 0.4444548749997921
Train loss: 1.1017918952062473 Val loss: 0.21438129415624133 Time: 0.4067082080000546
Train loss: 1.1395998703761023 Val loss: 0.15141003838220693 Time: 0.390227917003358
Train loss: 1.039081048854328 Val loss: 0.20227849635362516 Time: 0.3710818340005062
Train loss: 1.1050836243919093 Val loss: 0.1698383947656235 Time: 0.37414370799888275
Train loss: 1.0277833810410613 Val loss: 0.1286465980430329 Time: 0.4092988749980577
Train loss: 1.0866158365417107 Val loss: 0.1615195776213969 Time: 0.3704309999993711
Train loss: 0.9797510740181608 Val loss: 0.13709197350914945 Time: 0.37185725000017555
Train loss: 0.9290941192302427 Val loss: 0.21703634354668705 Time: 0.37102333400252974
Train loss: 0.9771278335814912 Val loss: 0.11611934394252742 Time: 0.37187441700007184
Train loss: 0.9559378535438157 Val loss: 0.19426514474822393 Time: 0.37209679200168466
Train loss: 0.8756785539127705 Val loss: 0.22185686758494438 Time: 0.3813972499992815
Train loss: 0.9358772995694835 Val loss: 0.22357925007547766 Time: 0.37102724999931525
Train loss: 0.9190400618833507 Val loss: 0.21524775671317878 Time: 0.37121004200162133
Train loss: 0.9643372151373661 Val loss: 0.16285110893374607 Time: 0.37061349999930826
Train loss: 0.8664093868308242 Val loss: 0.18067628673353864 Time: 0.3721152500002063
Train loss: 0.8071452873725491 Val loss: 0.16468676797825346 Time: 0.38188166699910653
Train loss: 0.796488723262911 Val loss: 0.21349460564576905 Time: 0.37046770899905823
Train loss: 0.8012018745486458 Val loss: 0.1554022259292202 Time: 0.37029899999834015
Train loss: 0.7735690415963234 Val loss: 0.19096515133410016 Time: 0.372018082998693
Train loss: 0.8316987622178758 Val loss: 0.13645907013709688 Time: 0.37173354100013967
Train loss: 0.7995704667041998 Val loss: 0.1439690427665573 Time: 0.3709235419992183
Train loss: 0.8362516245848983 Val loss: 0.18548214717515613 Time: 0.38168670799859683
Train loss: 0.7282140246653626 Val loss: 0.23483604080684842 Time: 0.37226095799996983
Train loss: 0.7460813818493648 Val loss: 0.17593767411943367 Time: 0.40809174999958486
Train loss: 0.7654155076692826 Val loss: 0.19670250280488097 Time: 0.3791940840019379
Train loss: 0.7199099673680189 Val loss: 0.10471007264423964 Time: 0.3720392079994781
Train loss: 0.7048430454028383 Val loss: 0.13992063276300892 Time: 0.3847216250032943
Train loss: 0.8154132485407786 Val loss: 0.2791312391500189 Time: 0.37399904199992307
Train loss: 0.8247024954044271 Val loss: 0.16456142339747787 Time: 0.37248608300069463
Train loss: 0.7250488042702159 Val loss: 0.19969328562920247 Time: 0.3719223339976452
Train loss: 0.6506637430576916 Val loss: 0.2385516371926208 Time: 0.3723814590011898
Train loss: 0.7045949848370938 Val loss: 0.30573774291254185 Time: 0.3726081249988056
Train loss: 0.6827904687324917 Val loss: 0.13366426912205623 Time: 0.3813663750006526
Train loss: 0.692138007515112 Val loss: 0.26282467154916095 Time: 0.3747627079974336
Train loss: 0.7086801857620886 Val loss: 0.12556634370572975 Time: 0.37121333299728576
Train loss: 0.8128847408408433 Val loss: 0.17210300708757606 Time: 0.3710986670012062
Train loss: 0.7186751283981216 Val loss: 0.2711564961304893 Time: 0.37179558299976634
Train loss: 0.629862539613498 Val loss: 0.17802654894601647 Time: 0.38662879199910094
Train loss: 0.6461799409482722 Val loss: 0.15863557234971482 Time: 0.43549062500096625
Train loss: 0.5982340490670168 Val loss: 0.1239811711487724 Time: 0.37339279200023157
Train loss: 0.5844225430933889 Val loss: 0.15707895728365254 Time: 0.371539790998213
Train loss: 0.6314229275035297 Val loss: 0.2591188915717277 Time: 0.3718408749991795
Train loss: 0.6430187059824606 Val loss: 0.19829516237655778 Time: 0.37971883400314255
Train loss: 0.5969212646462978 Val loss: 0.11798333892867154 Time: 0.37393066699951305
Train loss: 0.6012041851315857 Val loss: 0.1573848230700027 Time: 0.3720122079976136
Train loss: 0.6135918404615204 Val loss: 0.11339106965070077 Time: 0.3718427090025216
Train loss: 0.6472791595964935 Val loss: 0.29184749227475365 Time: 0.3717257500029518
Train loss: 0.670709399115083 Val loss: 0.18966071416199162 Time: 0.37060120800015284
Train loss: 0.6045103947110233 Val loss: 0.1813763628602308 Time: 0.38082958399900235
Train loss: 0.5964064628285257 Val loss: 0.19886146426524057 Time: 0.371555375000753
Shrinking learning rate to 1e-05
Train loss: 0.9673154206872887 Val loss: 0.17271662938122392 Time: 0.3712430840023444
Train loss: 0.9114782920847304 Val loss: 0.18286491481197675 Time: 0.37213891700230306
Train loss: 0.8149419967883205 Val loss: 0.18262285498537834 Time: 0.37136233300043386
Train loss: 0.7921106551528716 Val loss: 0.19393508774125096 Time: 0.3789733330013405
Train loss: 0.7481388227358958 Val loss: 0.1980554719465071 Time: 0.3738628749997588
Train loss: 0.7825970855108126 Val loss: 0.1962354651220502 Time: 0.37639354200291564
Train loss: 0.7419850007144078 Val loss: 0.19736834056246075 Time: 0.38628262500060373
Train loss: 0.7901805326142224 Val loss: 0.1995065162140346 Time: 0.3710112080007093
Train loss: 0.6830310473465051 Val loss: 0.19676288483509285 Time: 0.3724362499997369
Train loss: 0.6898818854172113 Val loss: 0.19806869152271567 Time: 0.3838252499990631
Shrinking learning rate to 1.0000000000000002e-06
Train loss: 1.0229324781701479 Val loss: 0.16017340188691617 Time: 0.3731162910007697
Train loss: 1.0023366414845043 Val loss: 0.15873788846471365 Time: 0.37091099999815924
Train loss: 0.9787514270216207 Val loss: 0.1580442866272785 Time: 0.3709260830000858
Train loss: 0.9105900718450357 Val loss: 0.15678652112999866 Time: 0.3703615410013299
Train loss: 0.9348453060863733 Val loss: 0.15674252206588868 Time: 0.38233274999947753
Train loss: 0.9550045305999113 Val loss: 0.1570854046282123 Time: 0.37136604199986323
Train loss: 0.8960897272887998 Val loss: 0.15600352067625098 Time: 0.3689638330033631
Train loss: 0.9394801091413889 Val loss: 0.15692580886436505 Time: 0.371005791999778
Train loss: 0.8851619238795791 Val loss: 0.1565702346506753 Time: 0.37092445799862617
Train loss: 0.8456181153576665 Val loss: 0.15686943186296226 Time: 0.3706815830009873
Shrinking learning rate to 1.0000000000000002e-07
Learning rate getting small
Complete
 Total time: 53.46191604200067