starting log for model: models/gru_lin1_alpha_0.1_22-23.pth
Train loss: 14.470905586097047 Val loss: 1.6445623896218473 Time: 0.45525937500133296
Train loss: 14.375768833408372 Val loss: 1.6334834297946426 Time: 0.37082629099677433
Train loss: 13.836620210204217 Val loss: 1.59148534104576 Time: 0.37206466600036947
Train loss: 11.952264508639828 Val loss: 1.361939875063905 Time: 0.37277362500026356
Train loss: 8.2708181152735 Val loss: 0.9735809502655662 Time: 0.37155704099859577
Train loss: 7.020526212174175 Val loss: 0.8494095730092748 Time: 0.38887841700125136
Train loss: 6.790554264268589 Val loss: 0.8212096852653108 Time: 0.37338508399989223
Train loss: 6.672870904909223 Val loss: 0.8066356989784986 Time: 0.3722758750009234
Train loss: 6.525775489456635 Val loss: 0.7910301499668215 Time: 0.37205854099738644
Train loss: 6.396692947476783 Val loss: 0.7768620818183785 Time: 0.3713920419977512
Train loss: 6.240697220888129 Val loss: 0.7591520835638365 Time: 0.37234162499953527
Train loss: 6.150853013031956 Val loss: 0.7505485911765352 Time: 0.3837627499997325
Train loss: 5.972477116678456 Val loss: 0.7299618215201974 Time: 0.37144420799813815
Train loss: 5.843190025012667 Val loss: 0.7189295543445406 Time: 0.3720497920003254
Train loss: 5.744741797165629 Val loss: 0.7079643782922451 Time: 0.3719830410009308
Train loss: 5.618586461093422 Val loss: 0.6959321687978932 Time: 0.372073458001978
Train loss: 5.475069762390582 Val loss: 0.6788156686670388 Time: 0.38051633299983223
Train loss: 5.33443313094935 Val loss: 0.6664835483900713 Time: 0.37222495899914065
Train loss: 5.183426520526915 Val loss: 0.6479101488588447 Time: 0.37011237499973504
Train loss: 5.019028769013357 Val loss: 0.6336008621100574 Time: 0.37059175000104005
Train loss: 4.865635362839541 Val loss: 0.6161801503695749 Time: 0.3709023330011405
Train loss: 4.656911616068555 Val loss: 0.591182328042807 Time: 0.37045424999814713
Train loss: 4.493034796105647 Val loss: 0.5704337244230429 Time: 0.3827226249995874
Train loss: 4.296962600967941 Val loss: 0.5467813861172299 Time: 0.37005641699943226
Train loss: 4.082287837100001 Val loss: 0.5176468259613393 Time: 0.37158245899991016
Train loss: 3.8920661183891525 Val loss: 0.4909048309325636 Time: 0.37070754199885414
Train loss: 3.7147264836110554 Val loss: 0.4605398960313894 Time: 0.3705032910002046
Train loss: 3.514570234801967 Val loss: 0.4358942189427801 Time: 0.38347937499929685
Train loss: 3.4119083832026718 Val loss: 0.41117404137782565 Time: 0.37170987500212505
Train loss: 3.236358179283261 Val loss: 0.38930317864370007 Time: 0.3716144999998505
Train loss: 3.133548166615615 Val loss: 0.3711961368258704 Time: 0.37204258400015533
Train loss: 3.025806342360678 Val loss: 0.3539546910065877 Time: 0.37156729200069094
Train loss: 2.885132050446059 Val loss: 0.33451056912706 Time: 0.37182633300108137
Train loss: 2.8661305483586688 Val loss: 0.32630979728333875 Time: 0.4239140829995449
Train loss: 2.779524024584026 Val loss: 0.3140262971579154 Time: 0.3712465839998913
Train loss: 2.637725144767053 Val loss: 0.30660407781758653 Time: 0.37201795800137916
Train loss: 2.5956551170106392 Val loss: 0.2974576796442919 Time: 0.37445012500029407
Train loss: 2.4936749579782784 Val loss: 0.29433617056601363 Time: 0.3711027080025815
Train loss: 2.4624977639101715 Val loss: 0.2919647119107189 Time: 0.3835413750020962
Train loss: 2.3522241634579046 Val loss: 0.2774754610674469 Time: 0.37159329199857893
Train loss: 2.2633537920063933 Val loss: 0.2661909750662271 Time: 0.3712790409990703
Train loss: 2.259081016006939 Val loss: 0.26367670797975007 Time: 0.3703772500011837
Train loss: 2.153871451858663 Val loss: 0.24723905595625617 Time: 0.3701200830000744
Train loss: 2.1947597498453906 Val loss: 0.2555794021783109 Time: 0.3750027920032153
Train loss: 2.076930821490295 Val loss: 0.2492446287490418 Time: 0.3746549160023278
Train loss: 2.0966903818337537 Val loss: 0.247015043418543 Time: 0.372641208999994
Train loss: 1.991430642955308 Val loss: 0.2440844323842313 Time: 0.3715147500006424
Train loss: 1.8944191011566573 Val loss: 0.2399457409134991 Time: 0.3705067910013895
Train loss: 1.9399884518607884 Val loss: 0.2556265488738737 Time: 0.37066066700208467
Train loss: 1.8639893595796266 Val loss: 0.24147968368942335 Time: 0.37862570799916284
Train loss: 1.8384859647632048 Val loss: 0.23692082447724758 Time: 0.3712830420008686
Train loss: 1.745035491885219 Val loss: 0.2346220695224939 Time: 0.37089695900067454
Train loss: 1.7250294659410486 Val loss: 0.23048649628408835 Time: 0.3713557919982122
Train loss: 1.7273203905208874 Val loss: 0.22741500988298569 Time: 0.37253716600025655
Train loss: 1.6835310965022785 Val loss: 0.21134017495319177 Time: 0.3763513330013666
Train loss: 1.6168360401570485 Val loss: 0.2368911420866338 Time: 0.37570058300116216
Train loss: 1.5510475637032641 Val loss: 0.22139013475880515 Time: 0.3717730830030632
Train loss: 1.4705849201101087 Val loss: 0.22226586983168425 Time: 0.37071191599898157
Train loss: 1.5409294296281075 Val loss: 0.202672896204105 Time: 0.3704747910014703
Train loss: 1.4580079263058252 Val loss: 0.2447605526218733 Time: 0.37131316699742456
Train loss: 1.455965177129039 Val loss: 0.2307416775384541 Time: 0.3814701250012149
Train loss: 1.4243955480770296 Val loss: 0.22197200772634243 Time: 0.37193283300075564
Train loss: 1.4083477476807076 Val loss: 0.21737277871428243 Time: 0.3718994999981078
Train loss: 1.3631776533500108 Val loss: 0.21717732526086805 Time: 0.3716607919996022
Train loss: 1.2933544330906273 Val loss: 0.21058882704031312 Time: 0.3711136669990083
Train loss: 1.2460108051129026 Val loss: 0.23463748324510436 Time: 0.37947875000099884
Train loss: 1.3499836240638228 Val loss: 0.2523222879160644 Time: 0.37358291700002155
Train loss: 1.2438788152507811 Val loss: 0.1858860167921143 Time: 0.3705175409995718
Train loss: 1.1342277233865383 Val loss: 0.2013237196937456 Time: 0.37281970900221495
Train loss: 1.1523682021218689 Val loss: 0.17187589214362647 Time: 0.370855915996799
Train loss: 1.1609495661154998 Val loss: 0.17655357759346538 Time: 0.37062883299950045
Train loss: 1.1017918952062473 Val loss: 0.23465704685065644 Time: 0.3845872080019035
Train loss: 1.1395998703761023 Val loss: 0.18073505113040633 Time: 0.37183016700146254
Train loss: 1.039081048854328 Val loss: 0.2213916456932039 Time: 0.3711452499992447
Train loss: 1.1050836243919093 Val loss: 0.1949465412960883 Time: 0.370611624999583
Train loss: 1.0277833810410613 Val loss: 0.15643684756356843 Time: 0.37084116700134473
Train loss: 1.0866158365417107 Val loss: 0.1869333538367853 Time: 0.40325916599977063
Train loss: 0.9797510740181608 Val loss: 0.16122515453064817 Time: 0.43841225000142003
Train loss: 0.9290941192302427 Val loss: 0.23147115055234682 Time: 0.43648237499655806
Train loss: 0.9771278335814912 Val loss: 0.14368209025950457 Time: 0.3840122090005025
Train loss: 0.9559378535438157 Val loss: 0.21116954163144144 Time: 0.3733750000028522
Train loss: 0.8756785539127705 Val loss: 0.23446016008689888 Time: 0.37221895800030325
Train loss: 0.9358772995694835 Val loss: 0.23781648063829383 Time: 0.3799502500005474
Train loss: 0.9190400618833507 Val loss: 0.2294915173490187 Time: 0.39491512500171666
Train loss: 0.9643372151373661 Val loss: 0.1830166130838742 Time: 0.3715992500001448
Train loss: 0.8664093868308242 Val loss: 0.19563718915312114 Time: 0.37678549999691313
Train loss: 0.8071452873725491 Val loss: 0.1789074003753924 Time: 0.3703676250006538
Train loss: 0.796488723262911 Val loss: 0.22436110132324588 Time: 0.38463183299973025
Train loss: 0.8012018745486458 Val loss: 0.1701889689495426 Time: 0.37063983400003053
Train loss: 0.7735690415963234 Val loss: 0.20237528749807296 Time: 0.3711457909994351
Train loss: 0.8316987622178758 Val loss: 0.15430164955612669 Time: 0.37061183400146547
Train loss: 0.7995704667041998 Val loss: 0.15975585203463002 Time: 0.37122495799849275
Train loss: 0.8362516245848983 Val loss: 0.19911931791733037 Time: 0.3768677080006455
Train loss: 0.7282140246653626 Val loss: 0.24315670575727644 Time: 0.3745133749980596
Train loss: 0.7460813818493648 Val loss: 0.18742690811919985 Time: 0.40753925000171876
Train loss: 0.7654155076692826 Val loss: 0.2075712681347274 Time: 0.38079366700185346
Train loss: 0.7199099673680189 Val loss: 0.12186561049586798 Time: 0.3710465000003751
Train loss: 0.7048430454028383 Val loss: 0.15265585924784025 Time: 0.36954720800349605
Train loss: 0.8154132485407786 Val loss: 0.2879253191604444 Time: 0.3824024159985129
Train loss: 0.8247024954044271 Val loss: 0.17939194133252234 Time: 0.3698431670018181
Train loss: 0.7250488042702159 Val loss: 0.2093325741247376 Time: 0.37047441599861486
Train loss: 0.6506637430576916 Val loss: 0.24511652005985565 Time: 0.369670790998498
Train loss: 0.7045949848370938 Val loss: 0.3117674985244412 Time: 0.4314415840017318
Train loss: 0.6827904687324917 Val loss: 0.14615970040121523 Time: 0.38173954100057017
Train loss: 0.692138007515112 Val loss: 0.26957321943356455 Time: 0.37035275000016554
Train loss: 0.7086801857620886 Val loss: 0.13976270501930718 Time: 0.36989558300047065
Train loss: 0.8128847408408433 Val loss: 0.18594436550424268 Time: 0.37048533300185227
Train loss: 0.7186751283981216 Val loss: 0.2782077460192284 Time: 0.3703744589984126
Train loss: 0.629862539613498 Val loss: 0.18619587339866353 Time: 0.3718787079997128
Train loss: 0.6461799409482722 Val loss: 0.16821670156482962 Time: 0.39500075000250945
Train loss: 0.5982340490670168 Val loss: 0.13437060925066382 Time: 0.37077549999958137
Train loss: 0.5844225430933889 Val loss: 0.16503157769920163 Time: 0.37302954199913074
Train loss: 0.6314229275035297 Val loss: 0.26482600291453484 Time: 0.37018616699788254
Train loss: 0.6430187059824606 Val loss: 0.20596606357303285 Time: 0.3713683749992924
Train loss: 0.5969212646462978 Val loss: 0.1288116094774062 Time: 0.3823832910020428
Train loss: 0.6012041851315857 Val loss: 0.16577343295722646 Time: 0.3722845829979633
Train loss: 0.6135918404615204 Val loss: 0.125224784993376 Time: 0.3713813750000554
Train loss: 0.6472791595964935 Val loss: 0.29718215975294004 Time: 0.375621625000349
Train loss: 0.670709399115083 Val loss: 0.1983559168058683 Time: 0.37051433300075587
Train loss: 0.6045103947110233 Val loss: 0.18878064290138089 Time: 0.37103900000147405
Train loss: 0.5964064628285257 Val loss: 0.2054595750664661 Time: 0.37950166600057855
Shrinking learning rate to 1e-05
Train loss: 0.9673154206872887 Val loss: 0.19196035394856084 Time: 0.37314741700174636
Train loss: 0.9114782920847304 Val loss: 0.19917460216165675 Time: 0.37075816599826794
Train loss: 0.8149419967883205 Val loss: 0.1957858156225331 Time: 0.3706588749992079
Train loss: 0.7921106551528716 Val loss: 0.20571002146773756 Time: 0.37159416600115946
Train loss: 0.7481388227358958 Val loss: 0.20838379904298834 Time: 0.3818010830000276
Train loss: 0.7825970855108126 Val loss: 0.20760971619493757 Time: 0.3759767500014277
Train loss: 0.7419850007144078 Val loss: 0.2075652305084312 Time: 0.3806859579999582
Train loss: 0.7901805326142224 Val loss: 0.21091642792295617 Time: 0.37095695799871464
Train loss: 0.6830310473465051 Val loss: 0.20546196347723947 Time: 0.37108004200126743
Train loss: 0.6898818854172113 Val loss: 0.20688338304518744 Time: 0.37174283300191746
Shrinking learning rate to 1.0000000000000002e-06
Train loss: 1.0229324781701479 Val loss: 0.1830394768451398 Time: 0.38260162499864236
Train loss: 1.0023366414845043 Val loss: 0.18092210424849736 Time: 0.3715768330002902
Train loss: 0.9787514270216207 Val loss: 0.17933949426925405 Time: 0.37054941700262134
Train loss: 0.9105900718450357 Val loss: 0.1755016247791402 Time: 0.3718854169965198
Train loss: 0.9348453060863733 Val loss: 0.17641637203194474 Time: 0.371949250002217
Train loss: 0.9550045305999113 Val loss: 0.1775276788227877 Time: 0.37947670799985644
Train loss: 0.8960897272887998 Val loss: 0.17423956054389408 Time: 0.3706587920023594
Train loss: 0.9394801091413889 Val loss: 0.17676363046106972 Time: 0.3706899999997404
Train loss: 0.8851619238795791 Val loss: 0.1743289293683467 Time: 0.36959174999719835
Train loss: 0.8456181153576665 Val loss: 0.17312147073851486 Time: 0.3814840000013646
Shrinking learning rate to 1.0000000000000002e-07
Learning rate getting small
Complete
 Total time: 53.209123291999276