starting log for model: models/gru_comb_new_22-23.pth
Train loss: 11.897827260433026 Val loss: 1.3187134502860582 Time: 0.31277454199153
Train loss: 6.861555845939108 Val loss: 0.8116436414195849 Time: 0.29873166600009426
Train loss: 6.273979411385157 Val loss: 0.7655534113156971 Time: 0.29003637499408796
Train loss: 5.630411790741139 Val loss: 0.714614588958668 Time: 0.37246062500344124
Train loss: 5.175729924048824 Val loss: 0.6549270056255558 Time: 0.35052662499947473
Train loss: 4.855825617038285 Val loss: 0.6253855005663256 Time: 0.29215620800096076
Train loss: 4.485869933886818 Val loss: 0.5688382771072457 Time: 0.2887441250059055
Train loss: 3.9284742554793866 Val loss: 0.5156454709793352 Time: 0.29846766700211447
Train loss: 3.686407015960665 Val loss: 0.49514106772335026 Time: 0.2881017920008162
Train loss: 3.423014267981534 Val loss: 0.47315586701081497 Time: 0.2901708330027759
Train loss: 2.9929015509269448 Val loss: 0.40868469039508115 Time: 0.2898734170012176
Train loss: 2.625062030389458 Val loss: 0.31948107153413846 Time: 0.28936987499764655
Train loss: 2.4520386189977756 Val loss: 0.2945264203231565 Time: 0.28973962500458583
Train loss: 2.2470515218855995 Val loss: 0.2802001700659722 Time: 0.29233495800872333
Train loss: 2.126224875616794 Val loss: 0.2564104540862982 Time: 0.29987729199638125
Train loss: 1.836225598393817 Val loss: 0.23774926529843013 Time: 0.2915823750081472
Train loss: 1.8212101627941708 Val loss: 0.2133989676189851 Time: 0.2928413750050822
Train loss: 1.5793938381742691 Val loss: 0.19951711214850287 Time: 0.2916887499886798
Train loss: 1.544180368492647 Val loss: 0.18876153623932143 Time: 0.292504666998866
Train loss: 1.598313455355509 Val loss: 0.18866297174513458 Time: 0.293280916986987
Train loss: 1.423045304327644 Val loss: 0.19924746015019829 Time: 0.294504000004963
Train loss: 1.4719169681370943 Val loss: 0.22195548577091792 Time: 0.30351945899019483
Train loss: 1.1579424307984993 Val loss: 0.15495046701076895 Time: 0.2923984160006512
Train loss: 1.3684227866403447 Val loss: 0.298556897327337 Time: 0.29597508399456274
Train loss: 1.2921038748364708 Val loss: 0.2536856775623509 Time: 0.29607770800066646
Train loss: 1.503270931390909 Val loss: 0.24515628707490644 Time: 0.3135363749897806
Train loss: 1.2125358392289645 Val loss: 0.16091563591322539 Time: 0.2948026660014875
Train loss: 1.3173374032975858 Val loss: 0.19394063270448003 Time: 0.2983027080044849
Train loss: 1.1074871002484663 Val loss: 0.16956224267081216 Time: 0.3087003749969881
Train loss: 1.3633610850047457 Val loss: 0.17331901487997142 Time: 0.29636570799630135
Train loss: 0.9200389545481897 Val loss: 0.144797272230327 Time: 0.2973913339956198
Train loss: 0.9305772928321936 Val loss: 0.13838308013521117 Time: 0.30031820898875594
Train loss: 0.904755737436929 Val loss: 0.13731427824337641 Time: 0.2980525419989135
Train loss: 0.8159971082811524 Val loss: 0.15427720213793164 Time: 0.29820799999288283
Train loss: 0.7954662655270468 Val loss: 0.1668223953047816 Time: 0.3014824999991106
Train loss: 0.8486152752757405 Val loss: 0.22591414856893843 Time: 0.30759358398790937
Train loss: 0.6967951119159059 Val loss: 0.16784409859457639 Time: 0.2998352920112666
Train loss: 0.8115988428703247 Val loss: 0.27290474606319565 Time: 0.29788974999974016
Train loss: 0.6642067804886196 Val loss: 0.12920696208660487 Time: 0.2988503749947995
Train loss: 0.8134308900090588 Val loss: 0.2962330260776521 Time: 0.29987495800014585
Train loss: 0.7856177787227807 Val loss: 0.25745339149587093 Time: 0.30169179099902976
Train loss: 0.6685515932720136 Val loss: 0.21849995740092398 Time: 0.3015690410102252
Train loss: 0.7194679367119505 Val loss: 0.3557374186226553 Time: 0.30930362500657793
Train loss: 0.6197853623735696 Val loss: 0.22276891756432615 Time: 0.3031950830045389
Train loss: 0.5204495534819067 Val loss: 0.3116495729679508 Time: 0.3051476249966072
Train loss: 0.7298384083995728 Val loss: 0.27759519733444926 Time: 0.30422458400425967
Train loss: 0.703178435150619 Val loss: 0.25575846233560795 Time: 0.30484229199646506
Train loss: 0.83449785653535 Val loss: 0.3244842260953112 Time: 0.3057261659996584
Train loss: 0.45851563495404557 Val loss: 0.2646922416210609 Time: 0.3123256660037441
Train loss: 0.569924561429886 Val loss: 0.3248546816268729 Time: 0.30859537499782164
Train loss: 0.49751609642140693 Val loss: 0.25170849365897086 Time: 0.30422320899378974
Train loss: 0.4019600715733489 Val loss: 0.26031589747991707 Time: 0.30240883299848065
Train loss: 0.40152625947501974 Val loss: 0.28606296129869774 Time: 0.3042142919875914
Train loss: 0.4455941037077569 Val loss: 0.364360098333058 Time: 0.30733654099458363
Train loss: 0.3791616732962837 Val loss: 0.24213200689001602 Time: 0.3046587080025347
Train loss: 0.4488218867839038 Val loss: 0.29821951193668694 Time: 0.316147584002465
Train loss: 0.5382589639814803 Val loss: 0.3108721030201635 Time: 0.3063867500022752
Train loss: 0.4524168834472988 Val loss: 0.29903488083092 Time: 0.30629362500621937
Train loss: 0.4188090602982584 Val loss: 0.21107352047605618 Time: 0.30375012500735465
Train loss: 0.3681570896213744 Val loss: 0.3312289967384385 Time: 0.30602741600887384
Train loss: 0.5536074519956315 Val loss: 0.2610588946575944 Time: 0.3079774169891607
Train loss: 0.33542553404237196 Val loss: 0.30320577657691966 Time: 0.3074039999919478
Train loss: 0.5691334345347379 Val loss: 0.26771452327579526 Time: 0.3247621660120785
Train loss: 0.5303903679973416 Val loss: 0.34534634289853 Time: 0.3075360419898061
Train loss: 0.2638892226300129 Val loss: 0.3100337704918919 Time: 0.30652287500561215
Train loss: 0.3342332051008725 Val loss: 0.2709436020934433 Time: 0.3100002499995753
Train loss: 0.36025606535770294 Val loss: 0.3349054848856383 Time: 0.30710495900711976
Train loss: 0.36391613198881656 Val loss: 0.3025413900036783 Time: 0.30606529099168256
Train loss: 0.3535086571390682 Val loss: 0.31999088209435145 Time: 0.3147269589971984
Train loss: 0.30983253312541237 Val loss: 0.3263029512440971 Time: 0.3107618329959223
Train loss: 0.31177954526964413 Val loss: 0.30772098762169836 Time: 0.30837841700122226
Train loss: 0.3116301330106097 Val loss: 0.23328680972300336 Time: 0.328675500000827
Train loss: 0.2894404586067285 Val loss: 0.26999122525921254 Time: 0.3081251249968773
Train loss: 0.5037768537533829 Val loss: 0.33319469468047147 Time: 0.30837554100435227
Shrinking learning rate to 2.9999999999999997e-05
Train loss: 0.39535269469762824 Val loss: 0.30310021903704953 Time: 0.3091156669979682
Train loss: 0.4262707689847076 Val loss: 0.3022863354954107 Time: 0.31713558299816214
Train loss: 0.39728467434097525 Val loss: 0.3074620442130129 Time: 0.31128549999266397
Train loss: 0.3146749024916673 Val loss: 0.30529831380506484 Time: 0.3096704580093501
Train loss: 0.35622423421286187 Val loss: 0.30290427500360523 Time: 0.3627169160026824
Train loss: 0.261417507963307 Val loss: 0.30633286263991943 Time: 0.3166167500021402
Train loss: 0.2611862096288449 Val loss: 0.3063875977534226 Time: 0.3112855409999611
Train loss: 0.2540241481031593 Val loss: 0.3050165967690752 Time: 0.32098816700454336
Train loss: 0.21637766916497192 Val loss: 0.30022947656555016 Time: 0.3115557500132127
Train loss: 0.23972916380276388 Val loss: 0.30438320094343363 Time: 0.31366179199540056
Train loss: 0.2330266502484868 Val loss: 0.3041303444163396 Time: 0.3118924160080496
Train loss: 0.20737031856407384 Val loss: 0.3014030369215822 Time: 0.3129099999932805
Train loss: 0.23975827087276258 Val loss: 0.2969680897070671 Time: 0.31348150000849273
Train loss: 0.26748975145391274 Val loss: 0.30370087969114296 Time: 0.3137046669871779
Train loss: 0.21298028663489532 Val loss: 0.30327362760823934 Time: 0.3221678330010036
Train loss: 0.2387215972864709 Val loss: 0.304723863192886 Time: 0.3138812919933116
Train loss: 0.19422628981267565 Val loss: 0.30641200227762844 Time: 0.3145823329978157
Train loss: 0.21088515590843926 Val loss: 0.29745551785724206 Time: 0.31563512499269564
Train loss: 0.25816640808737645 Val loss: 0.3055058870274331 Time: 0.3151335000002291
Train loss: 0.21831889946659544 Val loss: 0.29685466700107654 Time: 0.3140551660035271
Train loss: 0.17128877235458972 Val loss: 0.2970999575591309 Time: 0.3214673330076039
Train loss: 0.24513513711968926 Val loss: 0.2930161876571235 Time: 0.3128002080047736
Train loss: 0.18537851973712094 Val loss: 0.2976820240383458 Time: 0.31696945799922105
Train loss: 0.193280747968803 Val loss: 0.296091528457962 Time: 0.3125356669916073
Train loss: 0.22274429232526316 Val loss: 0.2940575122914533 Time: 0.3165620000072522
Train loss: 0.23182930665321866 Val loss: 0.29338996639943665 Time: 0.31696108300820924
Train loss: 0.2917053385629682 Val loss: 0.288957124869635 Time: 0.31525970800430514
Train loss: 0.1907120393488242 Val loss: 0.2974271024986422 Time: 0.32284304199856706
Train loss: 0.21896799470015882 Val loss: 0.2902980861491717 Time: 0.31377758299640846
Train loss: 0.19575809994144255 Val loss: 0.28982521933637995 Time: 0.31516170800023247
Shrinking learning rate to 3e-06
Train loss: 0.18932586536693918 Val loss: 0.29707198415142333 Time: 0.317987208996783
Train loss: 0.1858158576725728 Val loss: 0.2967425677117142 Time: 0.31584304200077895
Train loss: 0.2316418721004183 Val loss: 0.2959684760336142 Time: 0.3160922909883084
Train loss: 0.23956029489872321 Val loss: 0.2962213399041109 Time: 0.325512459006859
Train loss: 0.18918763708531472 Val loss: 0.2961023967700679 Time: 0.3173669579991838
Train loss: 0.19382322628675297 Val loss: 0.29659674739956365 Time: 0.3187367499922402
Train loss: 0.2015900976960836 Val loss: 0.2957995619929171 Time: 0.3173409580049338
Train loss: 0.17881067530534267 Val loss: 0.29452858275258625 Time: 0.31651183299254626
Train loss: 0.21297236515674633 Val loss: 0.2937041346928359 Time: 0.3167468750034459
Train loss: 0.20556622793638368 Val loss: 0.2933013925560848 Time: 0.3174692500033416
Shrinking learning rate to 3.0000000000000004e-07
Learning rate getting small
Complete
 Total time: 35.329192749995855