starting log for model: models/gru_fcast_23_new_22-23.pth
Train loss: 14.810966039917162 Val loss: 1.7437436721327209 Time: 0.4019166250000126
Train loss: 13.907833891916084 Val loss: 1.6642324579959857 Time: 0.3570846670008905
Train loss: 13.258138508723995 Val loss: 1.5999405340398 Time: 0.365887208001368
Train loss: 11.828279461522321 Val loss: 1.4091105234671553 Time: 0.3484969170003751
Train loss: 9.496749292257547 Val loss: 1.1660413009792514 Time: 0.3383465000006254
Train loss: 7.519052600206017 Val loss: 0.9656455744913928 Time: 0.3395847080009844
Train loss: 6.814446442615253 Val loss: 0.8880216618867528 Time: 0.3390002500000264
Train loss: 6.598138715358115 Val loss: 0.8603919849805974 Time: 0.3344539589998021
Train loss: 6.4998177078824995 Val loss: 0.8569230868701511 Time: 0.33727770899895404
Train loss: 6.393359183481266 Val loss: 0.8439313648645452 Time: 0.34452295799928834
Train loss: 6.301390352918084 Val loss: 0.8332885756348102 Time: 0.34869937499934167
Train loss: 6.224299978252288 Val loss: 0.8237760912638759 Time: 0.4078793749995384
Train loss: 6.150113168181854 Val loss: 0.8149476864080155 Time: 0.33314441699985764
Train loss: 6.076592224973751 Val loss: 0.8065843770078193 Time: 0.3355017499998212
Train loss: 6.0063553803654415 Val loss: 0.7986937504792335 Time: 0.3340072079990932
Train loss: 5.93219243703081 Val loss: 0.7903049016674948 Time: 0.34201500000017404
Train loss: 5.850708923309732 Val loss: 0.7811924678796278 Time: 0.33478112499869894
Train loss: 5.768925174056562 Val loss: 0.7721672752315075 Time: 0.3336442910003825
Train loss: 5.684498761174337 Val loss: 0.762839135538463 Time: 0.3358946250009467
Train loss: 5.5975985736377005 Val loss: 0.753560558666037 Time: 0.33302970899967477
Train loss: 5.510271718526958 Val loss: 0.744282481686018 Time: 0.3306760409996059
Train loss: 5.4259827611285445 Val loss: 0.7355532499927503 Time: 0.33814104100019904
Train loss: 5.340116075776831 Val loss: 0.7265746784023972 Time: 0.3356550000007701
Train loss: 5.249693214793265 Val loss: 0.7172461524355928 Time: 0.33479637500022363
Train loss: 5.160398380057316 Val loss: 0.7081893411693667 Time: 0.33548691699979827
Train loss: 5.061408348129646 Val loss: 0.660928057578988 Time: 0.3324632500007283
Train loss: 4.96408999415433 Val loss: 0.6487302671120792 Time: 0.3365333749989077
Train loss: 4.8620905835048225 Val loss: 0.6361405967809248 Time: 0.3653515829992102
Train loss: 4.7601972996033055 Val loss: 0.6231158459056868 Time: 0.3374085830000695
Train loss: 4.658043996177845 Val loss: 0.6103616126683065 Time: 0.336826791999556
Train loss: 4.557808548278125 Val loss: 0.5976328164376691 Time: 0.34020295800110034
Train loss: 4.4582484352954665 Val loss: 0.5847762667917729 Time: 0.3335506669991446
Train loss: 4.359130308700892 Val loss: 0.5723653685197789 Time: 0.3322384579987556
Train loss: 4.258839292126254 Val loss: 0.5595186957442452 Time: 0.3434945829994831
Train loss: 4.16483321173007 Val loss: 0.5470103221466573 Time: 0.35025308299918834
Train loss: 4.071471941166138 Val loss: 0.5343794198592475 Time: 0.3442226250008389
Train loss: 3.9774021645763113 Val loss: 0.5224180924873263 Time: 0.3386331660003634
Train loss: 3.8876129102239014 Val loss: 0.5107034955884957 Time: 0.3391425840000011
Train loss: 3.80508051187228 Val loss: 0.5000220227267164 Time: 0.34108008300063375
Train loss: 3.727163120381409 Val loss: 0.48947670349010275 Time: 0.33464908299902163
Train loss: 3.6548969147719106 Val loss: 0.4798354734322975 Time: 0.33754987500105926
Train loss: 3.5829412380270753 Val loss: 0.47048664991115735 Time: 0.33844254200084833
Train loss: 3.5199554272769547 Val loss: 0.4619863881110004 Time: 0.33457566699871677
Train loss: 3.459289063528767 Val loss: 0.45398019198842127 Time: 0.33785883400014427
Train loss: 3.4044464766442033 Val loss: 0.44624275534384494 Time: 0.3416840840000077
Train loss: 3.3477549126600366 Val loss: 0.43864970114830837 Time: 0.33983495800021046
Train loss: 3.2928075488949284 Val loss: 0.4309591111500113 Time: 0.3367764579998038
Train loss: 3.239553725082029 Val loss: 0.42425137720534173 Time: 0.34305537500040373
Train loss: 3.1888378075078814 Val loss: 0.4173938082781207 Time: 0.3372568750000937
Train loss: 3.1414565714795977 Val loss: 0.41087052654437234 Time: 0.3353105830010463
Train loss: 3.094780433144683 Val loss: 0.40475457610806825 Time: 0.35343833299884864
Train loss: 3.0536107351612145 Val loss: 0.3989513104446669 Time: 0.33556733400109806
Train loss: 3.0150350752305997 Val loss: 0.3938703757178014 Time: 0.33439425000142364
Train loss: 2.976169339610884 Val loss: 0.3884086364163377 Time: 0.3438863749997836
Train loss: 2.93881950785269 Val loss: 0.3834061531115664 Time: 0.3368995420005376
Train loss: 2.9019823896540684 Val loss: 0.37854954597252805 Time: 0.34010612499878334
Train loss: 2.8694954930834555 Val loss: 0.3744383000994052 Time: 0.3367877079999744
Train loss: 2.8350766983478906 Val loss: 0.3701001138934299 Time: 0.33167012500052806
Train loss: 2.801740689194589 Val loss: 0.36599872747316936 Time: 0.33937195900034567
Train loss: 2.7749190569417266 Val loss: 0.36242739899426907 Time: 0.34074970800065785
Train loss: 2.737444175865768 Val loss: 0.357985234785346 Time: 0.3321899590009707
Train loss: 2.7061163787995355 Val loss: 0.3542503276241889 Time: 0.342195166998863
Train loss: 2.673995064832301 Val loss: 0.3503879884759448 Time: 0.3359255420000409
Train loss: 2.6385193745940843 Val loss: 0.3462260068266252 Time: 0.3347342500001105
Train loss: 2.6099677991217125 Val loss: 0.34274886349855627 Time: 0.3386135420005303
Train loss: 2.574193025644341 Val loss: 0.33848201257607413 Time: 0.33846837500095717
Train loss: 2.551525215452898 Val loss: 0.33559886535622957 Time: 0.33098537499972736
Train loss: 2.5100250137682316 Val loss: 0.32998916920672905 Time: 0.3355428329996357
Train loss: 2.4868801809216166 Val loss: 0.326854219664025 Time: 0.3329514590004692
Train loss: 2.4456843969101065 Val loss: 0.32209724924699373 Time: 0.33648795900080586
Train loss: 2.4179450171557733 Val loss: 0.3187390497232212 Time: 0.33669908299998497
Train loss: 2.3823540287075424 Val loss: 0.31493454361050044 Time: 0.3364070420011558
Train loss: 2.3549884781537607 Val loss: 0.31186950203408603 Time: 0.3340134999998554
Train loss: 2.314664865532074 Val loss: 0.30797402847674876 Time: 0.33599770799992257
Train loss: 2.289134279936434 Val loss: 0.3052994073996112 Time: 0.32990358299866784
Train loss: 2.2488077374693134 Val loss: 0.30164380036540106 Time: 0.3374332080002205
Train loss: 2.222941904361903 Val loss: 0.2993979867621266 Time: 0.3320166670000617
Train loss: 2.1866613895893465 Val loss: 0.29642354924012343 Time: 0.3466229169989674
Train loss: 2.1580950210774557 Val loss: 0.29426104317027396 Time: 0.3338487500004703
Train loss: 2.1275477015343753 Val loss: 0.2920010746330274 Time: 0.3340082499998971
Train loss: 2.091195223359609 Val loss: 0.28937776841704377 Time: 0.33841758299968205
Train loss: 2.0734820727994965 Val loss: 0.28815534127221604 Time: 0.3352343330006988
Train loss: 2.0341653349120925 Val loss: 0.2855537570430456 Time: 0.3385579580008198
Train loss: 2.0119195493252855 Val loss: 0.2839817706465709 Time: 0.33762250000108907
Train loss: 1.9700694105706025 Val loss: 0.28119225831501 Time: 0.33229395800117345
Train loss: 1.95118371572657 Val loss: 0.27973844151930205 Time: 0.3396787910005514
Train loss: 1.9144906983979446 Val loss: 0.2773585670324604 Time: 0.3357964170008927
Train loss: 1.8956492179753965 Val loss: 0.2760950022047004 Time: 0.3379132499994739
Train loss: 1.8653596505661199 Val loss: 0.2739020839895639 Time: 0.3363472090004507
Train loss: 1.828370915269673 Val loss: 0.35152607081916865 Time: 0.3377745000016148
Train loss: 1.8010234046560498 Val loss: 0.35008681753985466 Time: 0.33098070900086896
Train loss: 1.7620915620144721 Val loss: 0.3481416411422597 Time: 0.3371761250000418
Train loss: 1.7384839186193926 Val loss: 0.3468319149868795 Time: 0.3321369590012182
Train loss: 1.7077804762579376 Val loss: 0.34548012648845267 Time: 0.3948935419994086
Train loss: 1.6758992864691322 Val loss: 0.3439760173274273 Time: 0.33185129099911137
Train loss: 1.6451013911489696 Val loss: 0.5267859467768223 Time: 0.3409689590007474
Train loss: 1.623638050083514 Val loss: 0.5260699501137923 Time: 0.3326202909993299
Train loss: 1.5892920338828702 Val loss: 0.52505793638262 Time: 0.33066512500045064
Train loss: 1.5723106468880532 Val loss: 0.5246233846446664 Time: 0.3359691670011671
Train loss: 1.544567531754752 Val loss: 0.5241906245275331 Time: 0.3361301250006363
Train loss: 1.5344700104069204 Val loss: 0.5236771470413555 Time: 0.3299686250011291
Train loss: 1.497339510527667 Val loss: 0.5230061051940389 Time: 0.3376587919992744
Train loss: 1.4897858342952865 Val loss: 0.5228589543607263 Time: 0.3382947089994559
Train loss: 1.460812669464283 Val loss: 0.5223783361976005 Time: 0.3366376659996604
Train loss: 1.4510268780989861 Val loss: 0.5218611449059684 Time: 0.3318302499992569
Train loss: 1.4206895774226584 Val loss: 0.5216411673622142 Time: 0.3437593750004453
Train loss: 1.4085759431444487 Val loss: 0.5209992376431021 Time: 0.33174604200030444
Train loss: 1.383247663596741 Val loss: 0.5208603142310727 Time: 0.33931795799981046
Train loss: 1.376904102501661 Val loss: 0.5202749950405432 Time: 0.33937641699958476
Train loss: 1.3520862509643528 Val loss: 0.5199336144163635 Time: 0.33342295799957355
Train loss: 1.3342578052452239 Val loss: 0.5191634929568005 Time: 0.3333494170001359
Train loss: 1.3197741952048414 Val loss: 0.5187474037584028 Time: 0.3310646249992715
Train loss: 1.3093119335626153 Val loss: 0.518470528402497 Time: 0.3355134169996745
Train loss: 1.2875246325854954 Val loss: 0.5180442456670648 Time: 0.3403536250007164
Train loss: 1.2772522404102347 Val loss: 0.5176705984434404 Time: 0.33264012499967066
Train loss: 1.2648443637197169 Val loss: 0.5173424954464152 Time: 0.3370087910006987
Train loss: 1.2583105828134968 Val loss: 0.5169534890083393 Time: 0.3330924159999995
Train loss: 1.2406075670485848 Val loss: 0.5166765586116604 Time: 0.3318861250008922
Train loss: 1.2261402349908506 Val loss: 0.5159453926501699 Time: 0.336581292000119
Train loss: 1.2176311242237725 Val loss: 0.5156156037009453 Time: 0.3380949160000455
Train loss: 1.204734263608234 Val loss: 0.5150351677394551 Time: 0.3322051670002111
Train loss: 1.1926027448516416 Val loss: 0.5146870087284673 Time: 0.3376117499992688
Train loss: 1.186990491225071 Val loss: 0.5143083595749314 Time: 0.3318846250003844
Train loss: 1.1766503440455676 Val loss: 0.5139392242491714 Time: 0.3341452909990039
Train loss: 1.1666964994086184 Val loss: 0.5136190561379721 Time: 0.3360707909996563
Train loss: 1.1531917659757305 Val loss: 0.5131706922188464 Time: 0.3346185840000544
Train loss: 1.143529495738111 Val loss: 0.5129509746319165 Time: 0.33766904100048123
Train loss: 1.1325726802963842 Val loss: 0.5126674668853952 Time: 0.3316892500006361
Train loss: 1.1250721119024547 Val loss: 0.5125031826395788 Time: 0.33607237500109477
Train loss: 1.1117167257974039 Val loss: 0.512211253710479 Time: 0.33034479200068745
Train loss: 1.1051328288829936 Val loss: 0.5120852149467108 Time: 0.33684050000010757
Train loss: 1.09678888302882 Val loss: 0.5118952872631576 Time: 0.33265579199905915
Train loss: 1.089758999891279 Val loss: 0.5117417027450475 Time: 0.34044249999897147
Train loss: 1.0838010342022102 Val loss: 0.5117294308572883 Time: 0.33448458400016534
Train loss: 1.0768215020120238 Val loss: 0.5115149290820611 Time: 0.3311349169998721
Train loss: 1.0705680882170014 Val loss: 0.5114923166347217 Time: 0.3322980829998414
Train loss: 1.0657176932586503 Val loss: 0.5114828725292935 Time: 0.33919529100057844
Train loss: 1.0579545455559192 Val loss: 0.5112887041981758 Time: 0.33143941600064863
Train loss: 1.0533385123816608 Val loss: 0.5112576047686934 Time: 0.335261416999856
Train loss: 1.049845624631537 Val loss: 0.5112421961820525 Time: 0.3330476669998461
Train loss: 1.0427326217641308 Val loss: 0.511233475281601 Time: 0.3371563339987915
Train loss: 1.0379871138790406 Val loss: 0.5112020504632135 Time: 0.3312429580000753
Train loss: 1.032727517284668 Val loss: 0.5110989630992344 Time: 0.33532999999988533
Train loss: 1.0277493433253149 Val loss: 0.5112709639867539 Time: 0.3345925419998821
Train loss: 1.0244822731025955 Val loss: 0.5108833471943922 Time: 0.3361233750001702
Train loss: 1.0160514904610416 Val loss: 0.5114028784551465 Time: 0.33310187499955646
Train loss: 1.01697989709875 Val loss: 0.5109380003378923 Time: 0.3313318750006147
Train loss: 1.0085721552343898 Val loss: 0.5119620744765472 Time: 0.335779957998966
Train loss: 1.006342885612943 Val loss: 0.5109120309165182 Time: 0.33252866600014386
Train loss: 0.9930921327154678 Val loss: 0.5117441374999865 Time: 0.3342417910007498
Train loss: 0.9966524992084302 Val loss: 0.5118686200481912 Time: 0.3353570420003962
Train loss: 0.9892721705550509 Val loss: 0.5114073089686634 Time: 0.35202620800009754
Train loss: 0.982289890322388 Val loss: 0.5122670723249687 Time: 0.3325482500004
Train loss: 0.9824175898904235 Val loss: 0.5115548354890372 Time: 0.3359933749998163
Train loss: 0.9778123729047492 Val loss: 0.512781127584507 Time: 0.33387083299930964
Train loss: 0.9777836618791014 Val loss: 0.5111598289863013 Time: 0.3341904999997496
Train loss: 0.9651431885883159 Val loss: 0.5128438010976353 Time: 0.3364914169997064
Train loss: 0.9665332789501413 Val loss: 0.512151767193671 Time: 0.3356275000005553
Train loss: 0.9559752852147803 Val loss: 0.5121213541126975 Time: 0.3315034580009524
Train loss: 0.9493568614133496 Val loss: 0.5130343660616173 Time: 0.33410341600028914
Train loss: 0.9477974518857835 Val loss: 0.5130148425843548 Time: 0.3297720410009788
Train loss: 0.9440125453242212 Val loss: 0.512207572255096 Time: 0.3350116250003339
Train loss: 0.9357959900786741 Val loss: 0.5141187710458437 Time: 0.33435874999850057
Train loss: 0.9396001733043824 Val loss: 0.5120015040116871 Time: 0.3336319590016501
Train loss: 0.9284626643660943 Val loss: 0.5126764193709765 Time: 0.33064550000017334
Train loss: 0.9314459126996439 Val loss: 0.5159177253413768 Time: 0.33361641699957545
Train loss: 0.9410367761551104 Val loss: 0.5099277051120078 Time: 0.33112774999972316
Train loss: 0.9164077343208135 Val loss: 0.5179936973563132 Time: 0.3358750000006694
Train loss: 0.9359563396881825 Val loss: 0.4127782128855883 Time: 0.33538550000048417
Train loss: 0.9033415936834004 Val loss: 0.41802205500403 Time: 0.3365819159989769
Train loss: 0.9268077345258376 Val loss: 0.4138781229497315 Time: 0.33187866600019333
Train loss: 0.9061820124049582 Val loss: 0.41382199460526364 Time: 0.33522037500006263
Train loss: 0.9083406715270961 Val loss: 0.41675190503432646 Time: 0.3322684169997956
Train loss: 0.9146575790781617 Val loss: 0.41259262513668293 Time: 0.3367233329990995
Train loss: 0.8912941203793974 Val loss: 0.4181728471643805 Time: 0.38349700000071607
Train loss: 0.9027521577610571 Val loss: 0.4165589101192985 Time: 0.3317659170006664
Train loss: 0.8891651714353017 Val loss: 0.41639215825147186 Time: 0.3354477080010838
Train loss: 0.8845059363025811 Val loss: 0.41893249054038695 Time: 0.3310160420005559
Train loss: 0.8854504719497527 Val loss: 0.41509170967317083 Time: 0.33225470899924403
Train loss: 0.8742352584857507 Val loss: 0.42559336575975637 Time: 0.33813287500015576
Train loss: 0.8967049999250776 Val loss: 0.412460416566799 Time: 0.3349457500007702
Train loss: 0.8507879303120589 Val loss: 0.42112436437123346 Time: 0.3342195829991397
Train loss: 0.8966443439229188 Val loss: 0.41290879465991104 Time: 0.3318344170002092
Train loss: 0.8530293020838258 Val loss: 0.41356052996391957 Time: 0.337985000000117
Train loss: 0.8884670432815069 Val loss: 0.4173680067016738 Time: 0.330132582999795
Train loss: 0.8994750426427913 Val loss: 0.4099884890182781 Time: 0.331938249999439
Train loss: 0.8577475349421688 Val loss: 0.4233695747924947 Time: 0.3315389579984185
Train loss: 0.9274624449256805 Val loss: 0.4106488665616998 Time: 0.3390107920004084
Train loss: 0.8353954584125631 Val loss: 0.4220856119462174 Time: 0.33430979200056754
Train loss: 0.9093207925988667 Val loss: 0.41236171435351493 Time: 0.3322289589996217
Train loss: 0.8435674311745913 Val loss: 0.41567859751866404 Time: 0.33510608400138153
Train loss: 0.8769439427675785 Val loss: 0.42168673202377827 Time: 0.3325501669987716
Train loss: 0.8741570591994048 Val loss: 0.4102760468512296 Time: 0.33319462499821384
Train loss: 0.845137922927143 Val loss: 0.4310617857541941 Time: 0.3361247920001915
Train loss: 0.8981017648637533 Val loss: 0.40999128324221973 Time: 0.3302364579994901
Train loss: 0.819580020413099 Val loss: 0.4276767887228759 Time: 0.3387882079987321
Train loss: 0.8915801281113644 Val loss: 0.41074148393835186 Time: 0.33468470799925853
Train loss: 0.8141840072873521 Val loss: 0.4214874339515303 Time: 0.3305865000002086
Train loss: 0.8703031613262642 Val loss: 0.4124443500693947 Time: 0.3362534999996569
Train loss: 0.8149644866269483 Val loss: 0.41685627805533537 Time: 0.3748251249999157
Train loss: 0.8553994628984327 Val loss: 0.4118808530037554 Time: 0.33037037500071165
Train loss: 0.8176452065136033 Val loss: 0.41508064642063147 Time: 0.33629437499985215
Train loss: 0.8377169319696245 Val loss: 0.4148321397081418 Time: 0.3321527910011355
Train loss: 0.8238565992969029 Val loss: 0.4121260168331313 Time: 0.33011016699856555
Train loss: 0.8184840604571623 Val loss: 0.41586317038703274 Time: 0.3325198749989795
Train loss: 0.8357628445210228 Val loss: 0.4098610965171593 Time: 0.3326355830013199
Train loss: 0.8029394111057329 Val loss: 0.4159064606229145 Time: 0.33555141699980595
Train loss: 0.828866464879809 Val loss: 0.4100752255956293 Time: 0.3354619170004298
Train loss: 0.795354352066024 Val loss: 0.41486908707522085 Time: 0.3328251669991005
Train loss: 0.822084450237881 Val loss: 0.4138607211702917 Time: 0.33054824999999255
Train loss: 0.7975471535967138 Val loss: 0.41006313282436596 Time: 0.33295779199943354
Train loss: 0.8001061180848197 Val loss: 0.41702955809221853 Time: 0.3439050420001877
Train loss: 0.7970195310826966 Val loss: 0.41047435618719963 Time: 0.33092224999927566
Train loss: 0.786782356668553 Val loss: 0.41107668028473093 Time: 0.335517332998279
Train loss: 0.7816703357284007 Val loss: 0.4127930346020694 Time: 0.3303100409993931
Train loss: 0.7733478685990116 Val loss: 0.41317930799617747 Time: 0.3366586249994725
Train loss: 0.7687831952459021 Val loss: 0.41318179390082577 Time: 0.33380754200152296
Train loss: 0.7751851657473381 Val loss: 0.41717660996848205 Time: 0.34126670799923886
Train loss: 0.7638228354758287 Val loss: 0.40987032051828853 Time: 0.33328616700055136
Train loss: 0.7595674128457457 Val loss: 0.4150520475767039 Time: 0.3314318330012611
Train loss: 0.7659691278657199 Val loss: 0.40768253188480685 Time: 0.3344952909992571
Train loss: 0.7526393207024245 Val loss: 0.40856768211214245 Time: 0.3310775840000133
Train loss: 0.7600316461884518 Val loss: 0.4073626786117172 Time: 0.33401895799943304
Train loss: 0.7740544325866274 Val loss: 0.40762305480709515 Time: 0.33502904099987063
Train loss: 0.7703503788830339 Val loss: 0.40836521569435275 Time: 0.33257570800014946
Train loss: 0.7767108958065432 Val loss: 0.40754828116376624 Time: 0.3288404579998314
Train loss: 0.823660153935009 Val loss: 0.41019276217841205 Time: 0.3367144580006425
Train loss: 0.8521205292028498 Val loss: 0.40941647396189185 Time: 0.3326567909989535
Train loss: 0.8115521541500925 Val loss: 0.4135694733026775 Time: 0.3348313330006931
Train loss: 0.7610333729782646 Val loss: 0.4210101937406938 Time: 0.3357287920007366
Train loss: 0.7643774877620828 Val loss: 0.42310839068319445 Time: 0.33424633299910056
Shrinking learning rate to 1e-05
Train loss: 0.9290820490096507 Val loss: 0.41122399589078124 Time: 0.3337617079996562
Train loss: 0.8833756874423138 Val loss: 0.4102956902210452 Time: 0.33661929199843144
Train loss: 0.8609142269290544 Val loss: 0.40994497953850806 Time: 0.3315767500007496
Train loss: 0.8426048715155083 Val loss: 0.409650974866294 Time: 0.334763999999268
Train loss: 0.8279502511187786 Val loss: 0.4094126984164002 Time: 0.3358840839991899
Train loss: 0.8145582937185536 Val loss: 0.40918596900849324 Time: 0.3364980000005744
Train loss: 0.804308462085622 Val loss: 0.4090029402662062 Time: 0.33188454099945375
Train loss: 0.7956546866604324 Val loss: 0.4088359452936559 Time: 0.3333643749992916
Train loss: 0.7878229895707003 Val loss: 0.40870057908396396 Time: 0.33201050000025134
Train loss: 0.7820730041368478 Val loss: 0.4085915508674302 Time: 0.337652917000014
Shrinking learning rate to 1.0000000000000002e-06
Train loss: 0.9596653425083161 Val loss: 0.4125167116053779 Time: 0.33614904199930606
Train loss: 0.9392978344404241 Val loss: 0.4117869133694797 Time: 0.33435487499991723
Train loss: 0.9224822096551861 Val loss: 0.41120935080681875 Time: 0.3350821250005538
Train loss: 0.9085516247865009 Val loss: 0.4107459548675157 Time: 0.33450229200025206
Train loss: 0.8971765000484879 Val loss: 0.4103811033545814 Time: 0.3310070839997934
Train loss: 0.8882512718780617 Val loss: 0.41010138593839585 Time: 0.3355966660001286
Train loss: 0.881501283662601 Val loss: 0.40989277943311125 Time: 0.34224875000109023
Train loss: 0.8757824364198825 Val loss: 0.40971984012304374 Time: 0.34037487499881536
Train loss: 0.8706606113948965 Val loss: 0.4095721082245832 Time: 0.3336760829988634
Complete
 Total time: 84.52611204099958