starting log for model: models/gru_lin1_fcast_24_new_22-23.pth
Train loss: 16.191319421867156 Val loss: 2.2242575826849063 Time: 0.6378019170006155
Train loss: 14.269559931465608 Val loss: 1.5893878549520268 Time: 0.5228572080013691
Train loss: 9.588280236941529 Val loss: 1.0109456496750493 Time: 0.4553685829996539
Train loss: 7.56588647426251 Val loss: 0.9326600001126951 Time: 0.4661907500012603
Train loss: 6.68948991737566 Val loss: 0.8418633786678 Time: 0.5053504999996221
Train loss: 6.231675157477682 Val loss: 0.7895346806005249 Time: 0.459657834000609
Train loss: 5.731375027136124 Val loss: 0.711478811069711 Time: 0.46360837499923946
Train loss: 5.3571921839327885 Val loss: 0.6835377828790429 Time: 0.43983079200006614
Train loss: 5.031640724125259 Val loss: 0.5862238507719171 Time: 0.46765512499951
Train loss: 7.504450542026603 Val loss: 2.388540092973384 Time: 0.4719343340002524
Train loss: 11.33431861867522 Val loss: 1.1557134795625652 Time: 0.5282308330006344
Train loss: 5.007111196870632 Val loss: 0.6581355940505651 Time: 0.44374045800032036
Train loss: 4.204525821791094 Val loss: 0.5891252589529303 Time: 0.4397864580005262
Train loss: 4.008292227560419 Val loss: 0.5162082880167892 Time: 0.45806400000037684
Train loss: 3.3809677779244263 Val loss: 0.4779638774418055 Time: 0.4651974579992384
Train loss: 2.8867824412305936 Val loss: 0.46595707998754654 Time: 0.45112333399993076
Train loss: 2.972393069201896 Val loss: 0.328695485509685 Time: 0.45927545800077496
Train loss: 3.2879569608412 Val loss: 0.38533434304936276 Time: 0.46651979199850757
Train loss: 3.2350992203720352 Val loss: 0.33892615803038756 Time: 0.46281229099986376
Train loss: 2.5770347514279877 Val loss: 0.35377406332004185 Time: 0.452955832999578
Train loss: 2.251248694610325 Val loss: 0.31185574699738583 Time: 0.45924870900125825
Train loss: 2.393556144309927 Val loss: 0.260575807873515 Time: 0.4541071670009842
Train loss: 3.25014351232349 Val loss: 0.4701878457411128 Time: 0.4585082499997952
Train loss: 2.1915179742887574 Val loss: 0.363767709475098 Time: 0.48320745899945905
Train loss: 2.0243333164499546 Val loss: 0.5405007225515677 Time: 0.46433641700059525
Train loss: 2.4050447080158515 Val loss: 0.40419851352031744 Time: 0.46113033300025563
Train loss: 1.8778478467855564 Val loss: 0.2824901796016083 Time: 0.47199725000064063
Train loss: 1.7953107789852458 Val loss: 0.27574393033187533 Time: 0.4855643749997398
Train loss: 1.9076530564609016 Val loss: 0.2204055949048978 Time: 0.4648037919996568
Train loss: 1.8513595528660716 Val loss: 0.4685472579226404 Time: 0.4556533329996455
Train loss: 2.6156589416501674 Val loss: 0.333697052938504 Time: 0.5373490000001766
Train loss: 2.2181067131769225 Val loss: 0.2770137927837066 Time: 0.47086816699993506
Train loss: 2.325698567962517 Val loss: 0.31982788641027027 Time: 0.48240404200078046
Train loss: 1.7328959839676692 Val loss: 0.26996662016641604 Time: 0.480415666999761
Train loss: 1.8095227491503039 Val loss: 0.2097274918073714 Time: 0.48055166700032714
Train loss: 1.828435632372475 Val loss: 0.26458278200808966 Time: 0.479764375000741
Train loss: 1.6173451510018992 Val loss: 0.26008901369558257 Time: 0.5002217499986727
Train loss: 2.2447716481772666 Val loss: 0.2829882988010392 Time: 0.48458320800091315
Train loss: 1.6824097819519181 Val loss: 0.19579161945641896 Time: 0.4878406249990803
Train loss: 1.6342637076470652 Val loss: 0.19197479011545748 Time: 0.48203970800022944
Train loss: 1.628298367148659 Val loss: 0.19574355391131246 Time: 0.4887219579995872
Train loss: 1.52789545573836 Val loss: 0.21222185726027318 Time: 0.4868449160003365
Train loss: 2.289221682025129 Val loss: 0.2684619518624256 Time: 0.4960327079988929
Train loss: 2.3952152243378464 Val loss: 0.26565295537135597 Time: 0.4961772500009829
Train loss: 1.4654643062041472 Val loss: 0.2613685689128477 Time: 0.5007646659996681
Train loss: 2.539530372682151 Val loss: 0.27588479304411934 Time: 0.4913106250005512
Train loss: 1.6631287214993442 Val loss: 0.20221773163140713 Time: 0.4824630420007452
Train loss: 1.6233936312491295 Val loss: 0.23569128827367986 Time: 0.5038334589989972
Train loss: 1.7910219895464865 Val loss: 0.22834653241114275 Time: 0.502181500000006
Train loss: 1.359545581728355 Val loss: 0.2004193381107354 Time: 0.4952882919988042
Train loss: 1.279509546651326 Val loss: 0.1750725806791107 Time: 0.49804066700016847
Train loss: 1.1762768529382854 Val loss: 0.18681531697869386 Time: 0.4872508750013367
Train loss: 3.1194928679393 Val loss: 0.3415019974796085 Time: 0.5030772499994782
Train loss: 1.5627778128311718 Val loss: 0.2507829380362135 Time: 0.4991887920004956
Train loss: 1.419422813821953 Val loss: 0.18840077339238565 Time: 0.5004846250012633
Train loss: 1.0322268126666927 Val loss: 0.15742123139097747 Time: 0.4911113750004006
Train loss: 1.0018796799387157 Val loss: 0.14914499896511418 Time: 0.49165775000074063
Train loss: 1.4694167521766524 Val loss: 0.18925462421247552 Time: 0.49771720900025684
Train loss: 1.8608622176859484 Val loss: 0.21598875428980746 Time: 0.5020883329998469
Train loss: 1.4014934162553594 Val loss: 0.283566177587353 Time: 0.5069207079995977
Train loss: 1.2424801782470922 Val loss: 0.19770164240401897 Time: 0.48483287499948347
Train loss: 1.200941247254434 Val loss: 0.20782150118261364 Time: 0.5084032499999012
Train loss: 1.3564089236829204 Val loss: 0.2912425203264912 Time: 0.5133957079997344
Train loss: 0.9340963800733562 Val loss: 0.13910839769309324 Time: 0.4845311249991937
Train loss: 1.2210716224794425 Val loss: 0.17744053523908476 Time: 0.4990851250004198
Train loss: 0.6924745076341456 Val loss: 0.15264734708449237 Time: 0.4932018750005227
Train loss: 0.793292913913735 Val loss: 0.15086553679159465 Time: 0.49016916600157856
Train loss: 0.9388298078637902 Val loss: 0.14707318638983005 Time: 0.4924406669997552
Train loss: 0.7018990128489462 Val loss: 0.36843435793617363 Time: 0.481350416001078
Train loss: 1.3188319917357205 Val loss: 0.169855136078729 Time: 0.4936382500000036
Train loss: 0.8727804193933721 Val loss: 0.18463769115601494 Time: 0.5069215420007822
Train loss: 1.1889353133735057 Val loss: 0.2622975306035389 Time: 0.5057154999994964
Train loss: 0.9087419045483447 Val loss: 0.1434442349781011 Time: 0.5131626250004047
Train loss: 1.253734291852652 Val loss: 0.16039700204658727 Time: 0.520287166998969
Train loss: 0.8380704953014986 Val loss: 0.29750326933686 Time: 0.5231232919995819
Shrinking learning rate to 0.0001
Train loss: 0.7192455290893491 Val loss: 0.1351894579821675 Time: 0.5775965829998313
Train loss: 0.5379442282385583 Val loss: 0.11790245193990648 Time: 0.5492295410003862
Train loss: 0.4996146918490858 Val loss: 0.11508553372324165 Time: 0.5195400419997895
Train loss: 0.4317392136554048 Val loss: 0.11422435387288736 Time: 0.5390359169996373
Train loss: 0.4238286896849184 Val loss: 0.11270511279399853 Time: 0.4968961249996937
Train loss: 0.37264863639168944 Val loss: 0.11034049509926708 Time: 0.4935219999988476
Train loss: 0.3714720755351415 Val loss: 0.11101497834949266 Time: 0.5111893749999581
Train loss: 0.3624571835417285 Val loss: 0.10934231513914042 Time: 0.47279833399989
Train loss: 0.38348388234607356 Val loss: 0.11071216894171824 Time: 0.49546845800068695
Train loss: 0.359384566180438 Val loss: 0.10837956306644814 Time: 0.4895662090002588
Train loss: 0.33750441047639246 Val loss: 0.10861501234461036 Time: 0.5051773750001303
Train loss: 0.33812073246923546 Val loss: 0.10758464874865344 Time: 0.49683899999945424
Train loss: 0.35181345356992466 Val loss: 0.10891451359689136 Time: 0.49812095900051645
Train loss: 0.3695491442464629 Val loss: 0.10909283795436049 Time: 0.4982835829996475
Train loss: 0.329039525613382 Val loss: 0.10675269525315581 Time: 0.5157396670001617
Train loss: 0.4169453305310924 Val loss: 0.11215321908041517 Time: 0.5106539579992386
Train loss: 0.344858554766021 Val loss: 0.10729079207915611 Time: 0.5044130409987702
Train loss: 0.3217377874670291 Val loss: 0.10621310798261653 Time: 0.4944301249997807
Train loss: 0.3370430032689491 Val loss: 0.10881604997949083 Time: 0.5176583749998827
Train loss: 0.29654172949268087 Val loss: 0.1060385688959494 Time: 0.5022479580002255
Train loss: 0.31156765745209913 Val loss: 0.1065445397549826 Time: 0.5090340830010973
Train loss: 0.3390453341982358 Val loss: 0.11079984563641294 Time: 0.5009580830010236
Train loss: 0.3272732681764374 Val loss: 0.10897709454630242 Time: 0.5085193750001054
Train loss: 0.30988459865510265 Val loss: 0.10759321897020235 Time: 0.524349125000299
Train loss: 0.2862003674498761 Val loss: 0.10649754246468247 Time: 0.5153767919982783
Train loss: 0.3042924048806137 Val loss: 0.11041964129708016 Time: 0.5152390000002924
Train loss: 0.3619699715234219 Val loss: 0.11791663463770667 Time: 0.5107029999999213
Train loss: 0.3161264015773675 Val loss: 0.10962956810319151 Time: 0.5005022920013289
Train loss: 0.2901819749410244 Val loss: 0.1090015466344123 Time: 0.5064086670008692
Train loss: 0.30161665233104173 Val loss: 0.1123950031823055 Time: 0.5242139999991196
Train loss: 0.27878403120143513 Val loss: 0.10792688293470849 Time: 0.5184393750005256
Train loss: 0.41774471403100044 Val loss: 0.1112789603683042 Time: 0.5055886250011099
Train loss: 0.30568759694326003 Val loss: 0.11330969722277605 Time: 0.5003730839998752
Train loss: 0.307405043026046 Val loss: 0.1115182356980053 Time: 0.5060742080004275
Train loss: 0.3167817412040499 Val loss: 0.10858867515155608 Time: 0.5136677909995342
Train loss: 0.29165435018183705 Val loss: 0.11084534979000071 Time: 0.48827329099913186
Train loss: 0.3003912378534883 Val loss: 0.11048550237944525 Time: 0.49382499999956053
Train loss: 0.2644326005766921 Val loss: 0.10752472698436596 Time: 0.5118179590008367
Train loss: 0.2785206454339715 Val loss: 0.10845910159027601 Time: 0.5035513750008249
Train loss: 0.26849136771783133 Val loss: 0.10755142080696328 Time: 0.5161609580009099
Train loss: 0.35336347271274526 Val loss: 0.1159920040590868 Time: 0.5267463330001192
Train loss: 0.3059480634420044 Val loss: 0.11083741714809656 Time: 0.497218458000134
Train loss: 0.2806519256719078 Val loss: 0.10622754591695908 Time: 0.5068168750003679
Train loss: 0.25029561805820677 Val loss: 0.10701478614504109 Time: 0.5116475000013452
Train loss: 0.25802881977540437 Val loss: 0.10647654088384162 Time: 0.5163317080005072
Train loss: 0.2605016327783902 Val loss: 0.1088644982167423 Time: 0.5293355419998989
Train loss: 0.2419325704202775 Val loss: 0.10482860346781189 Time: 0.5256722079993779
Train loss: 0.2381288875359875 Val loss: 0.10616821589797833 Time: 0.5104154170003312
Train loss: 0.28572486309872946 Val loss: 0.10643127190895635 Time: 0.5124242499987304
Train loss: 0.3008546555219205 Val loss: 0.10756023430112359 Time: 0.5053231250003591
Train loss: 0.29244852744267824 Val loss: 0.10670220962295283 Time: 0.5273976249991392
Train loss: 0.2607493475172298 Val loss: 0.1072021748112089 Time: 0.5076169580006535
Train loss: 0.26587691241711475 Val loss: 0.10968840279455183 Time: 0.5163487080008053
Train loss: 0.270200457505684 Val loss: 0.10765301782278133 Time: 0.5243343750007625
Train loss: 0.27113172849969747 Val loss: 0.11668921319946629 Time: 0.5146932499992545
Train loss: 0.23305313437031927 Val loss: 0.1065325935536382 Time: 0.5563046669994947
Train loss: 0.26800508779924215 Val loss: 0.108367977072664 Time: 0.5144163339991792
Train loss: 0.26380826210273767 Val loss: 0.10619078346451595 Time: 0.5257664589989872
Train loss: 0.24616381849988223 Val loss: 0.10718640921670322 Time: 0.522388334000425
Train loss: 0.2806388344123718 Val loss: 0.11621215909942657 Time: 0.5152925420006795
Train loss: 0.2611179499550167 Val loss: 0.11660955954433846 Time: 0.5181752919997962
Train loss: 0.2550377309960403 Val loss: 0.10671040510012875 Time: 0.5078729580000072
Train loss: 0.2533769470034599 Val loss: 0.1054602635395086 Time: 0.5231050420006795
Train loss: 0.23418929257639864 Val loss: 0.10569301102467606 Time: 0.500152208000145
Train loss: 0.42665852059881204 Val loss: 0.11246795018571723 Time: 0.5123303750006016
Shrinking learning rate to 1e-05
Train loss: 0.26117087599444133 Val loss: 0.10927237589623806 Time: 0.5021944579984847
Train loss: 0.22881423841840487 Val loss: 0.10873486587814293 Time: 0.5116802089996781
Train loss: 0.3504603259012926 Val loss: 0.11198519468161224 Time: 0.5141675409995514
Train loss: 0.2403017912477754 Val loss: 0.10897913557010368 Time: 0.5213162500003818
Train loss: 0.368813423190975 Val loss: 0.11292305385627055 Time: 0.5135350839991588
Train loss: 0.24528914845951988 Val loss: 0.11025265094134022 Time: 0.524620041000162
Train loss: 0.2648330239916987 Val loss: 0.1103583733701604 Time: 0.5222655830002623
Train loss: 0.23204539845480682 Val loss: 0.10926501485950552 Time: 0.5216737080008897
Train loss: 0.23581518357402875 Val loss: 0.10912772687506637 Time: 0.5220207500005927
Train loss: 0.3033505201635336 Val loss: 0.11164637679292043 Time: 0.527280291000352
Train loss: 0.2190656424898041 Val loss: 0.10912881896545436 Time: 0.5019672090002132
Train loss: 0.23847766729433406 Val loss: 0.11018372265937587 Time: 0.5239257089997409
Train loss: 0.2592938795962516 Val loss: 0.11051218811814442 Time: 0.5269790410002315
Train loss: 0.26645848712499065 Val loss: 0.11186727692953341 Time: 0.5193074999988312
Train loss: 0.22653663781381894 Val loss: 0.11008632327654347 Time: 0.5081392909996794
Train loss: 0.23713961912842763 Val loss: 0.10980658478383581 Time: 0.5034364169987384
Train loss: 0.251365628688462 Val loss: 0.11003650244013741 Time: 0.5252419999997073
Train loss: 0.26376241394722655 Val loss: 0.11120022050636758 Time: 0.5138201249992562
Train loss: 0.24731018770493307 Val loss: 0.11076121551734923 Time: 0.5063079579995247
Train loss: 0.23872268006483255 Val loss: 0.11015312537407405 Time: 0.5141312499999913
Shrinking learning rate to 1.0000000000000002e-06
Train loss: 0.2830415100719259 Val loss: 0.11073293605425875 Time: 0.508294625000417
Train loss: 0.2754903093583918 Val loss: 0.1105234884373535 Time: 0.5329805410001427
Train loss: 0.2471408861257709 Val loss: 0.10986073546417366 Time: 0.5308976250016713
Train loss: 0.30277961716954227 Val loss: 0.11140958877480038 Time: 0.5202905000005558
Train loss: 0.236813717310846 Val loss: 0.10977958121651589 Time: 0.5125681660010741
Train loss: 0.22194703841105934 Val loss: 0.1094479388952257 Time: 0.5242862079994666
Train loss: 0.21565531536099414 Val loss: 0.10930345362081532 Time: 0.5234802919985668
Train loss: 0.22855461345166717 Val loss: 0.10966488927817933 Time: 0.5032232920002571
Train loss: 0.36551226465974906 Val loss: 0.11343683998472583 Time: 0.5126728749983158
Train loss: 0.2218125635607615 Val loss: 0.1096261451315351 Time: 0.5099174169990874
Train loss: 0.23229946950058888 Val loss: 0.10983245405683117 Time: 0.5120935830000235
Train loss: 0.22712230989320048 Val loss: 0.10970892654162703 Time: 0.5214890419993026
Train loss: 0.24037677242318978 Val loss: 0.10999437015013178 Time: 0.5262645839993638
Train loss: 0.23626935787250858 Val loss: 0.10991858511491844 Time: 0.5250851250002597
Train loss: 0.2621100180954734 Val loss: 0.11047304172266403 Time: 0.4994306249991496
Train loss: 0.2724941462846395 Val loss: 0.11086796792906706 Time: 0.5324826249998296
Shrinking learning rate to 1.0000000000000002e-07
Learning rate getting small
Complete
 Total time: 88.5528743750001