starting log for model: models/gru_lin1_alpha_0.01_22-23.pth
Train loss: 14.470905586097047 Val loss: 0.7946414785232062 Time: 0.45026449999932083
Train loss: 14.375768833408372 Val loss: 0.7888644324932348 Time: 0.37226716700024554
Train loss: 13.836620210204217 Val loss: 0.798404789710936 Time: 0.37235320899708313
Train loss: 11.952264508639828 Val loss: 0.6637767826104053 Time: 0.43328637500235345
Train loss: 8.2708181152735 Val loss: 0.520227053304837 Time: 0.36961437500212924
Train loss: 7.020526212174175 Val loss: 0.4832675434902845 Time: 0.3855638339991856
Train loss: 6.790554264268589 Val loss: 0.4667764322835775 Time: 0.3725134589985828
Train loss: 6.672870904909223 Val loss: 0.45808493791222726 Time: 0.3724521250005637
Train loss: 6.525775489456635 Val loss: 0.45180727677017507 Time: 0.3719331249994866
Train loss: 6.396692947476783 Val loss: 0.4454544371657136 Time: 0.3728003329997591
Train loss: 6.240697220888129 Val loss: 0.4367419124970558 Time: 0.39741558300011093
Train loss: 6.150853013031956 Val loss: 0.43448424495789395 Time: 0.37484587500148336
Train loss: 5.972477116678456 Val loss: 0.42391801102988197 Time: 0.3728401250009483
Train loss: 5.843190025012667 Val loss: 0.4229010456274673 Time: 0.3740330410000752
Train loss: 5.744741797165629 Val loss: 0.41772381258592095 Time: 0.37343816599968704
Train loss: 5.618586461093422 Val loss: 0.4144795492445852 Time: 0.3724043750007695
Train loss: 5.475069762390582 Val loss: 0.4049993356633399 Time: 0.38084941700071795
Train loss: 5.33443313094935 Val loss: 0.4030932518311075 Time: 0.3721320000004198
Train loss: 5.183426520526915 Val loss: 0.3921673712927209 Time: 0.3721650419975049
Train loss: 5.019028769013357 Val loss: 0.3899520734695341 Time: 0.3719136250001611
Train loss: 4.865635362839541 Val loss: 0.38118413347978775 Time: 0.37303262500063283
Train loss: 4.656911616068555 Val loss: 0.3671470680413478 Time: 0.3822522909977124
Train loss: 4.493034796105647 Val loss: 0.35431589484086723 Time: 0.3724195839968161
Train loss: 4.296962600967941 Val loss: 0.34084805562379145 Time: 0.37386408299789764
Train loss: 4.082287837100001 Val loss: 0.32089562785584425 Time: 0.37098237499958486
Train loss: 3.8920661183891525 Val loss: 0.3016961786314041 Time: 0.37298337500033085
Train loss: 3.7147264836110554 Val loss: 0.2747453123185062 Time: 0.3714145410012861
Train loss: 3.514570234801967 Val loss: 0.2602248088628606 Time: 0.38339020800049184
Train loss: 3.4119083832026718 Val loss: 0.23198494785400195 Time: 0.3715268339983595
Train loss: 3.236358179283261 Val loss: 0.21877893793145017 Time: 0.3727157499997702
Train loss: 3.133548166615615 Val loss: 0.2014379390301128 Time: 0.37255370799903176
Train loss: 3.025806342360678 Val loss: 0.18613015197171837 Time: 0.3726419580016227
Train loss: 2.885132050446059 Val loss: 0.17172609023514712 Time: 0.3815881249975064
Train loss: 2.8661305483586688 Val loss: 0.15859543194168443 Time: 0.37364112499926705
Train loss: 2.779524024584026 Val loss: 0.14875332821364887 Time: 0.37341391700101667
Train loss: 2.637725144767053 Val loss: 0.15851145237787265 Time: 0.37137862500094343
Train loss: 2.5956551170106392 Val loss: 0.14758237992178247 Time: 0.3704395829990972
Train loss: 2.4936749579782784 Val loss: 0.1583397449239785 Time: 0.372696750000614
Train loss: 2.4624977639101715 Val loss: 0.15877918677272965 Time: 0.3828102500010573
Train loss: 2.3522241634579046 Val loss: 0.14905147498282384 Time: 0.3706190839984629
Train loss: 2.2633537920063933 Val loss: 0.14192324815755344 Time: 0.37165024999922025
Train loss: 2.259081016006939 Val loss: 0.1378451329060887 Time: 0.37078995800038683
Train loss: 2.153871451858663 Val loss: 0.12328602800778556 Time: 0.3715603330019803
Train loss: 2.1947597498453906 Val loss: 0.1327886450656188 Time: 0.38243204099853756
Train loss: 2.076930821490295 Val loss: 0.13934788391435943 Time: 0.3720946670000558
Train loss: 2.0966903818337537 Val loss: 0.13226842842511732 Time: 0.37504187500235275
Train loss: 1.991430642955308 Val loss: 0.1425336089344847 Time: 0.3698107079981128
Train loss: 1.8944191011566573 Val loss: 0.14847425247273943 Time: 0.3710925829982443
Train loss: 1.9399884518607884 Val loss: 0.16758799502043722 Time: 0.37137566700039315
Train loss: 1.8639893595796266 Val loss: 0.15464578863242895 Time: 0.4490326660015853
Train loss: 1.8384859647632048 Val loss: 0.1505628563389024 Time: 0.3723327919979056
Train loss: 1.745035491885219 Val loss: 0.15779905485908646 Time: 0.39022066599864047
Train loss: 1.7250294659410486 Val loss: 0.1538321522033121 Time: 0.45072287500079256
Train loss: 1.7273203905208874 Val loss: 0.1489281470311676 Time: 0.43794516699927044
Train loss: 1.6835310965022785 Val loss: 0.1288616611550273 Time: 0.39891583300050115
Train loss: 1.6168360401570485 Val loss: 0.17388858867009518 Time: 0.37204204199952073
Train loss: 1.5510475637032641 Val loss: 0.1587346250013228 Time: 0.37112662499930593
Train loss: 1.4705849201101087 Val loss: 0.16730863342998228 Time: 0.3734413750025851
Train loss: 1.5409294296281075 Val loss: 0.13254853501841984 Time: 0.3943600000020524
Train loss: 1.4580079263058252 Val loss: 0.19713557694991468 Time: 0.38264520799930324
Train loss: 1.455965177129039 Val loss: 0.179597770706758 Time: 0.37254295899765566
Train loss: 1.4243955480770296 Val loss: 0.1708374540549729 Time: 0.3716073329997016
Train loss: 1.4083477476807076 Val loss: 0.16617712080739308 Time: 0.3736580420008977
Train loss: 1.3631776533500108 Val loss: 0.16961510190132167 Time: 0.3724487079998653
Train loss: 1.2933544330906273 Val loss: 0.1666951521407346 Time: 0.37347087499802
Train loss: 1.2460108051129026 Val loss: 0.19920987317816707 Time: 0.37882325000100536
Train loss: 1.3499836240638228 Val loss: 0.21359827879764487 Time: 0.37265829099851544
Train loss: 1.2438788152507811 Val loss: 0.13869387015742368 Time: 0.37080450000212295
Train loss: 1.1342277233865383 Val loss: 0.16671881141367825 Time: 0.3716171250016487
Train loss: 1.1523682021218689 Val loss: 0.12804137149717584 Time: 0.36956758399901446
Train loss: 1.1609495661154998 Val loss: 0.1335211863335572 Time: 0.38096791700081667
Train loss: 1.1017918952062473 Val loss: 0.2074749873389167 Time: 0.42031566700097756
Train loss: 1.1395998703761023 Val loss: 0.14074142548643745 Time: 0.3703990829999384
Train loss: 1.039081048854328 Val loss: 0.19576857629474617 Time: 0.3700839579978492
Train loss: 1.1050836243919093 Val loss: 0.16097880846871052 Time: 0.3708887089997006
Train loss: 1.0277833810410613 Val loss: 0.11838384332340122 Time: 0.38125624999884167
Train loss: 1.0866158365417107 Val loss: 0.15249528652407157 Time: 0.3719197919999715
Train loss: 0.9797510740181608 Val loss: 0.12841503027191933 Time: 0.37160791700080154
Train loss: 0.9290941192302427 Val loss: 0.21220993450445205 Time: 0.37497575000088545
Train loss: 0.9771278335814912 Val loss: 0.1057933500275882 Time: 0.37423395800215076
Train loss: 0.9559378535438157 Val loss: 0.18853589905489432 Time: 0.3717301659999066
Train loss: 0.8756785539127705 Val loss: 0.2176697467796683 Time: 0.38211587499972666
Train loss: 0.9358772995694835 Val loss: 0.21882779050356982 Time: 0.3726653330013505
Train loss: 0.9190400618833507 Val loss: 0.21048627899514988 Time: 0.37023616699661943
Train loss: 0.9643372151373661 Val loss: 0.1558480434466647 Time: 0.37269158299750416
Train loss: 0.8664093868308242 Val loss: 0.17561982816984906 Time: 0.3710639999990235
Train loss: 0.8071452873725491 Val loss: 0.15986923128387331 Time: 0.3817737500030489
Train loss: 0.796488723262911 Val loss: 0.20989854776238565 Time: 0.3730807089996233
Train loss: 0.8012018745486458 Val loss: 0.15036366967683307 Time: 0.3694880830007605
Train loss: 0.7735690415963234 Val loss: 0.18716705713072684 Time: 0.37195587499809335
Train loss: 0.8316987622178758 Val loss: 0.13023418532820688 Time: 0.37206249999871943
Train loss: 0.7995704667041998 Val loss: 0.13853784407221528 Time: 0.3728830840009323
Train loss: 0.8362516245848983 Val loss: 0.18090126215595115 Time: 0.3817905000032624
Train loss: 0.7282140246653626 Val loss: 0.23211044023074315 Time: 0.37059379200218245
Train loss: 0.7460813818493648 Val loss: 0.17209920205083645 Time: 0.4079297909993329
Train loss: 0.7654155076692826 Val loss: 0.19309533513575802 Time: 0.3768857499999285
Train loss: 0.7199099673680189 Val loss: 0.09859183762606298 Time: 0.37104008400274324
Train loss: 0.7048430454028383 Val loss: 0.1355929738151436 Time: 0.3889812500019616
Train loss: 0.8154132485407786 Val loss: 0.2762580164108819 Time: 0.37381816700144554
Train loss: 0.8247024954044271 Val loss: 0.15952473155088173 Time: 0.37331229200208327
Train loss: 0.7250488042702159 Val loss: 0.19650887634101782 Time: 0.3729780829999072
Train loss: 0.6506637430576916 Val loss: 0.23641237630802694 Time: 0.37143600000126753
Train loss: 0.7045949848370938 Val loss: 0.30378294491112784 Time: 0.37161616700177547
Train loss: 0.6827904687324917 Val loss: 0.1294111666815226 Time: 0.38291320800271933
Train loss: 0.692138007515112 Val loss: 0.2606282331664234 Time: 0.37009774999751244
Train loss: 0.7086801857620886 Val loss: 0.12067129077773704 Time: 0.37137629200151423
Train loss: 0.8128847408408433 Val loss: 0.16743228244291997 Time: 0.37055579099978786
Train loss: 0.7186751283981216 Val loss: 0.2688610420595307 Time: 0.36952124999879743
Train loss: 0.629862539613498 Val loss: 0.17533199298612995 Time: 0.38455633299963665
Train loss: 0.6461799409482722 Val loss: 0.15544493679795499 Time: 0.38425408299735864
Train loss: 0.5982340490670168 Val loss: 0.12046746138899796 Time: 0.3730372499994701
Train loss: 0.5844225430933889 Val loss: 0.1544476594837803 Time: 0.3739449579989014
Train loss: 0.6314229275035297 Val loss: 0.2572658783773232 Time: 0.37107174999982817
Train loss: 0.6430187059824606 Val loss: 0.19577700602205908 Time: 0.37175520900200354
Train loss: 0.5969212646462978 Val loss: 0.11430184720252397 Time: 0.38188095800069277
Train loss: 0.6012041851315857 Val loss: 0.154604369276708 Time: 0.371741666996968
Train loss: 0.6135918404615204 Val loss: 0.10933410631864048 Time: 0.37175270800071303
Train loss: 0.6472791595964935 Val loss: 0.29011968220371975 Time: 0.3709659579981235
Train loss: 0.670709399115083 Val loss: 0.18679278321468828 Time: 0.3714017499987676
Train loss: 0.6045103947110233 Val loss: 0.17894229864080008 Time: 0.3820884169981582
Train loss: 0.5964064628285257 Val loss: 0.1967033308420242 Time: 0.3721609169988369
Shrinking learning rate to 1e-05
Train loss: 0.9673154206872887 Val loss: 0.1660883986597873 Time: 0.3738336669994169
Train loss: 0.9114782920847304 Val loss: 0.17732928309935572 Time: 0.37125437499707914
Train loss: 0.8149419967883205 Val loss: 0.1782054826976435 Time: 0.36994845799927134
Train loss: 0.7921106551528716 Val loss: 0.19001306260673398 Time: 0.3730716249992838
Train loss: 0.7481388227358958 Val loss: 0.19463468830748154 Time: 0.46840787500332226
Train loss: 0.7825970855108126 Val loss: 0.19245378171360347 Time: 0.37263529100164305
Train loss: 0.7419850007144078 Val loss: 0.1939921691133307 Time: 0.37063408299945877
Train loss: 0.7901805326142224 Val loss: 0.19571490835898744 Time: 0.3700371669983724
Train loss: 0.6830310473465051 Val loss: 0.19389677011413517 Time: 0.3711138340004254
Train loss: 0.6898818854172113 Val loss: 0.19516392526165374 Time: 0.3825482079992071
Shrinking learning rate to 1.0000000000000002e-06
Train loss: 1.0229324781701479 Val loss: 0.15213211567673277 Time: 0.3695205000003625
Train loss: 1.0023366414845043 Val loss: 0.1509519402040465 Time: 0.37271054099983303
Train loss: 0.9787514270216207 Val loss: 0.1505951728355624 Time: 0.3691119580034865
Train loss: 0.9105900718450357 Val loss: 0.15030633698745013 Time: 0.37199266699826694
Train loss: 0.9348453060863733 Val loss: 0.14990254311527693 Time: 0.3742435000021942
Train loss: 0.9550045305999113 Val loss: 0.14995647228075862 Time: 0.37552024999968125
Train loss: 0.8960897272887998 Val loss: 0.14969954624159496 Time: 0.41632604200276546
Train loss: 0.9394801091413889 Val loss: 0.15002471325285605 Time: 0.38348949999999604
Train loss: 0.8851619238795791 Val loss: 0.15044537368427335 Time: 0.37223262499901466
Train loss: 0.8456181153576665 Val loss: 0.15130053093151405 Time: 0.37318512500132783
Shrinking learning rate to 1.0000000000000002e-07
Learning rate getting small
Complete
 Total time: 53.49086008300219