starting log for model: models/gru_comb_fcast_24_new_22-23.pth
Train loss: 13.446066409661398 Val loss: 1.547436327123491 Time: 0.38044804200762883
Train loss: 10.725271886178689 Val loss: 1.2695566166585068 Time: 0.291604541009292
Train loss: 7.872438580526268 Val loss: 0.9766771019730051 Time: 0.3066191669786349
Train loss: 6.4534181364678105 Val loss: 0.8313936579825161 Time: 0.31180733296787366
Train loss: 6.212938791657598 Val loss: 0.802705622453099 Time: 0.29364837502362207
Train loss: 6.013240252891042 Val loss: 0.7818379626456988 Time: 0.2959115409757942
Train loss: 5.75279386697602 Val loss: 0.754758623161433 Time: 0.2821493750088848
Train loss: 5.897163578239294 Val loss: 0.7686385707200697 Time: 0.2801340409787372
Train loss: 5.527798324314944 Val loss: 0.7367862689012861 Time: 0.28040749998763204
Train loss: 5.376248963391367 Val loss: 0.7317115276797639 Time: 0.2799562499858439
Train loss: 5.152210445070887 Val loss: 0.7113407323198498 Time: 0.27883004205068573
Train loss: 5.371043487023908 Val loss: 0.7158892864868059 Time: 0.28049558302154765
Train loss: 4.950891202199468 Val loss: 0.6867586306030261 Time: 0.2952751250122674
Train loss: 4.666480305723809 Val loss: 0.6059628665247094 Time: 0.27871025004424155
Train loss: 4.710437197925386 Val loss: 0.5965327113489468 Time: 0.2776477920124307
Train loss: 4.6224809293180575 Val loss: 0.5794260356281102 Time: 0.2800859590061009
Train loss: 4.418365944642308 Val loss: 0.5464162462578779 Time: 0.2804361670278013
Train loss: 4.403272553824198 Val loss: 0.5388878366253832 Time: 0.2784372919704765
Train loss: 4.431844824462218 Val loss: 0.5343262004109137 Time: 0.27901012502843514
Train loss: 4.426325219933323 Val loss: 0.5264907080415363 Time: 0.2922109579667449
Train loss: 3.9239643054147457 Val loss: 0.46248977332197 Time: 0.2800023329909891
Train loss: 3.999668060540447 Val loss: 0.4714444049187637 Time: 0.27945066697429866
Train loss: 3.5482451317519974 Val loss: 0.41939216187809614 Time: 0.27919758297502995
Train loss: 3.5323507698075716 Val loss: 0.41026033847193427 Time: 0.278593415976502
Train loss: 3.5237311448169084 Val loss: 0.4016404148600321 Time: 0.27918925002450123
Train loss: 3.453146436932524 Val loss: 0.39141503449742293 Time: 0.27753133297665045
Train loss: 3.652878074750422 Val loss: 0.3894765225788396 Time: 0.2909961249679327
Train loss: 3.472962328197284 Val loss: 0.3693671814048309 Time: 0.27738754195161164
Train loss: 3.161641755322655 Val loss: 0.33478836073117485 Time: 0.2786046669934876
Train loss: 3.1676318221998097 Val loss: 0.3320875432297442 Time: 0.27943220897577703
Train loss: 3.025342077778396 Val loss: 0.309340353572478 Time: 0.2783034169697203
Train loss: 3.014373983534637 Val loss: 0.31680776107894504 Time: 0.2796447500004433
Train loss: 2.9015260482350613 Val loss: 0.2932879552360637 Time: 0.27948866703081876
Train loss: 2.838180079290197 Val loss: 0.28776259450623376 Time: 0.28411216603126377
Train loss: 2.9864444200849203 Val loss: 0.30206242062336097 Time: 0.2879685829975642
Train loss: 2.7592470372638154 Val loss: 0.2766311008710819 Time: 0.2812233750009909
Train loss: 2.688076616931679 Val loss: 0.2688803639175178 Time: 0.27996770798927173
Train loss: 2.664949438763011 Val loss: 0.26686591261286147 Time: 0.27993704203981906
Train loss: 2.5621057678432706 Val loss: 0.2562206012932726 Time: 0.30359650001628324
Train loss: 2.5200856770261275 Val loss: 0.2528319911856685 Time: 0.2866198749979958
Train loss: 2.4318523297498906 Val loss: 0.24321143595916642 Time: 0.2851614580140449
Train loss: 2.26252307196701 Val loss: 0.22662521715602524 Time: 0.29796870896825567
Train loss: 2.475159127426534 Val loss: 0.24777596751064163 Time: 0.2843579159816727
Train loss: 2.237426839782864 Val loss: 0.22380481144958977 Time: 0.28317120898282155
Train loss: 2.208727888448794 Val loss: 0.22323606579690525 Time: 0.28602699999464676
Train loss: 2.2011775263727813 Val loss: 0.22064535755763418 Time: 0.2825574579765089
Train loss: 2.2364510113651477 Val loss: 0.22396861339531915 Time: 0.346891583991237
Train loss: 1.9993361017202114 Val loss: 0.20539347092871843 Time: 0.2865249579772353
Train loss: 2.1798572809831 Val loss: 0.21845216372301343 Time: 0.33085445896722376
Train loss: 2.057749392714328 Val loss: 0.2104004512274591 Time: 0.2858630840200931
Train loss: 1.9103055725840328 Val loss: 0.19469330313091768 Time: 0.2854226249619387
Train loss: 2.002084579790335 Val loss: 0.20955514032846906 Time: 0.2883963749627583
Train loss: 1.8665101616663584 Val loss: 0.2005253978234174 Time: 0.28374229196924716
Train loss: 2.023178354081665 Val loss: 0.20244001851257626 Time: 0.28663670795504004
Train loss: 1.9506331530700423 Val loss: 0.19506340440911676 Time: 0.28526675002649426
Train loss: 1.884817666062503 Val loss: 0.19159233894617647 Time: 0.3003905840450898
Train loss: 1.8267713562903976 Val loss: 0.18773886205089366 Time: 0.3280995839741081
Train loss: 1.657213240066575 Val loss: 0.20144512448580035 Time: 0.29994633299065754
Train loss: 1.659819871019085 Val loss: 0.17570525469178222 Time: 0.3180902920430526
Train loss: 1.8345441302632453 Val loss: 0.19650432003973517 Time: 0.2874195839976892
Train loss: 1.6613067910212465 Val loss: 0.17734438505265562 Time: 0.3375712919514626
Train loss: 1.7684576214113648 Val loss: 0.1890346939163014 Time: 0.30297929100925103
Train loss: 1.7235780048168439 Val loss: 0.19900723526002148 Time: 0.29060683300485834
Train loss: 1.6721634353452264 Val loss: 0.20524532547310054 Time: 0.29219954198924825
Train loss: 1.592165174152826 Val loss: 0.1978889014746128 Time: 0.30331833398668095
Train loss: 1.6885336525049794 Val loss: 0.2062756054318638 Time: 0.3011017919634469
Train loss: 1.4608059863931182 Val loss: 0.1826137911865471 Time: 0.29825158399762586
Train loss: 1.5818002484419793 Val loss: 0.16692950908956686 Time: 0.29191054101102054
Train loss: 1.5400863161359641 Val loss: 0.1654454383634014 Time: 0.36535945802461356
Train loss: 1.58003370503879 Val loss: 0.19106659899586817 Time: 0.29941137501737103
Train loss: 1.405032913291576 Val loss: 0.16813415185074237 Time: 0.29420566698536277
Train loss: 1.4661879645844502 Val loss: 0.15920982292416927 Time: 0.29510462505277246
Train loss: 1.4741294565691163 Val loss: 0.18570173558842556 Time: 0.29425645899027586
Train loss: 1.4011366421524314 Val loss: 0.15871004931500188 Time: 0.30608624999877065
Train loss: 1.4235260791449171 Val loss: 0.16778177364870156 Time: 0.2940999580314383
Train loss: 1.4055510018199726 Val loss: 0.16540120083173637 Time: 0.3043474580044858
Train loss: 1.4674222616707344 Val loss: 0.1771839917217043 Time: 0.2929772920324467
Train loss: 1.2753169328537526 Val loss: 0.1717271451479987 Time: 0.29431395803112537
Train loss: 1.3056184077640811 Val loss: 0.203978686016449 Time: 0.2964269579970278
Train loss: 1.3653994142123764 Val loss: 0.19532119451027272 Time: 0.2944101669709198
Train loss: 1.2768903292143818 Val loss: 0.15457189949273237 Time: 0.29486891702981666
Train loss: 1.3098130083121298 Val loss: 0.14459183458070732 Time: 0.2973342500044964
Train loss: 1.2113105193949707 Val loss: 0.19169950280994644 Time: 0.30325191596057266
Train loss: 1.367968044988336 Val loss: 0.17724084344139795 Time: 0.3698464999906719
Train loss: 1.3558429179758988 Val loss: 0.15329455647467685 Time: 0.3334395829588175
Train loss: 1.24913482153017 Val loss: 0.20531513855493957 Time: 0.2920762919820845
Train loss: 1.2811328792504355 Val loss: 0.14947169780648348 Time: 0.2960150839644484
Train loss: 1.1681352950125268 Val loss: 0.1601149506403196 Time: 0.29904766601976007
Train loss: 1.1345884722016706 Val loss: 0.13055900195084577 Time: 0.30636058299569413
Train loss: 1.0847286792812536 Val loss: 0.16630039367032787 Time: 0.2976735830307007
Train loss: 1.1966515593872913 Val loss: 0.15792479963835437 Time: 0.2967665000469424
Train loss: 1.1448669468182562 Val loss: 0.17575583414143853 Time: 0.3000462080235593
Train loss: 1.0765100757030623 Val loss: 0.13501642130650698 Time: 0.29879808297846466
Train loss: 1.0773086867214032 Val loss: 0.12721266478102322 Time: 0.2994203340495005
Train loss: 1.0354705912574356 Val loss: 0.15561256967950635 Time: 0.29964550002478063
Train loss: 1.1238715610930234 Val loss: 0.12967357603833574 Time: 0.312150375044439
Train loss: 1.0928647625942842 Val loss: 0.16666606274667745 Time: 0.2995982499560341
Train loss: 1.133773312484557 Val loss: 0.15561542097258038 Time: 0.3024952919804491
Train loss: 1.0243841179747568 Val loss: 0.15272405134657024 Time: 0.29696012497879565
Train loss: 1.0155745057126282 Val loss: 0.12224094321954708 Time: 0.30047304200707003
Train loss: 0.9580931857612995 Val loss: 0.13227657675761978 Time: 0.3032249170355499
Train loss: 0.9425322883421501 Val loss: 0.16263882826615136 Time: 0.3004681669990532
Train loss: 0.9057977085161397 Val loss: 0.13647163681152485 Time: 0.31339312496129423
Train loss: 1.0347011673867996 Val loss: 0.12232815361443423 Time: 0.302218625030946
Train loss: 1.02336787306655 Val loss: 0.10783669038444757 Time: 0.3029593339888379
Train loss: 1.0285824764757194 Val loss: 0.1321546920897644 Time: 0.30246416601585224
Train loss: 0.9568321757370484 Val loss: 0.13283409373019311 Time: 0.30382962501607835
Train loss: 0.9273323033444878 Val loss: 0.1285142379774695 Time: 0.2990858340053819
Train loss: 0.95396508374581 Val loss: 0.13742059391698774 Time: 0.30060245899949223
Train loss: 0.9393511809860087 Val loss: 0.1873386710054021 Time: 0.3126560420496389
Train loss: 0.9426419218445687 Val loss: 0.15411300298349104 Time: 0.3064758330001496
Train loss: 0.9007076622872603 Val loss: 0.11242938786969729 Time: 0.3023702499922365
Train loss: 0.8130411260626502 Val loss: 0.15447492643686253 Time: 0.30598312499932945
Train loss: 1.0026761631712588 Val loss: 0.16277780336210376 Time: 0.3037073750165291
Train loss: 0.9458232097558978 Val loss: 0.11726327699127577 Time: 0.30486966704484075
Train loss: 0.9368147883085385 Val loss: 0.1656111131272415 Time: 0.31306041596690193
Train loss: 0.8987253621699622 Val loss: 0.1402803231256758 Time: 0.3075333330198191
Train loss: 0.8750654258784181 Val loss: 0.1371899960556329 Time: 0.3048702499945648
Train loss: 0.8842286218231976 Val loss: 0.16500970989909186 Time: 0.3060661249910481
Train loss: 0.8871115298390713 Val loss: 0.12902706407483033 Time: 0.30397725000511855
Train loss: 0.8503567900000037 Val loss: 0.12355420447457266 Time: 0.3058842910104431
Train loss: 0.8681229631112046 Val loss: 0.11679137680728385 Time: 0.3071682910085656
Shrinking learning rate to 1e-05
Train loss: 0.992522832138885 Val loss: 0.13209144540835527 Time: 0.3161124170292169
Train loss: 0.8741192527788471 Val loss: 0.11123255694890849 Time: 0.3155499169952236
Train loss: 0.9298676381872804 Val loss: 0.1166407883495605 Time: 0.30529487499734387
Train loss: 0.9328902453624162 Val loss: 0.10936268244107115 Time: 0.3087349580018781
Train loss: 0.843700934169263 Val loss: 0.10371823285310515 Time: 0.30515733297215775
Train loss: 0.8774043185554854 Val loss: 0.10668539502040472 Time: 0.30761724995682016
Train loss: 0.8212880849491624 Val loss: 0.09795137298934023 Time: 0.3041978750261478
Train loss: 0.8830760841829886 Val loss: 0.106559969356214 Time: 0.3170736249885522
Train loss: 0.7608379622036274 Val loss: 0.09492328271916234 Time: 0.30357791599817574
Train loss: 0.8131859104899777 Val loss: 0.10480320753407799 Time: 0.3054728340357542
Train loss: 0.8258433882996172 Val loss: 0.10191616799032437 Time: 0.30881454097107053
Train loss: 0.9171017091457259 Val loss: 0.10568451229862516 Time: 0.3079043749603443
Train loss: 0.815950259530581 Val loss: 0.09907125117564741 Time: 0.32350691704778
Train loss: 0.8285836737985601 Val loss: 0.1019453733463742 Time: 0.3178582079708576
Train loss: 0.8193459854345173 Val loss: 0.10109614199747241 Time: 0.3071642920258455
Train loss: 0.8273790551853359 Val loss: 0.09807124964438127 Time: 0.3069503750302829
Train loss: 0.8574567467157692 Val loss: 0.1047077005729603 Time: 0.3086903329822235
Train loss: 0.7958380437081907 Val loss: 0.09307714498057237 Time: 0.31123258295701817
Shrinking learning rate to 1.0000000000000002e-06
Train loss: 0.8579706902094699 Val loss: 0.10284306126257384 Time: 0.30959379102569073
Train loss: 0.8219136607469988 Val loss: 0.10016332822398608 Time: 0.3094855829840526
Train loss: 0.9106742514931909 Val loss: 0.10738090185579632 Time: 0.3155767919961363
Train loss: 0.7305773606741184 Val loss: 0.09171576105230167 Time: 0.30825920798815787
Train loss: 0.7513174483516165 Val loss: 0.09325261170302458 Time: 0.30696491699200124
Train loss: 0.7972603395401374 Val loss: 0.09658814652295325 Time: 0.3095684580039233
Train loss: 0.854904324078035 Val loss: 0.10133928316527158 Time: 0.3076948750531301
Train loss: 0.8070840432310504 Val loss: 0.09718483787357131 Time: 0.3162659170338884
Train loss: 0.8475187779909503 Val loss: 0.10121823765607868 Time: 0.313325833005365
Train loss: 0.8108410028696689 Val loss: 0.0985276647560748 Time: 0.3176243750494905
Train loss: 0.8451413176122742 Val loss: 0.10082704059540684 Time: 0.30825299996649846
Train loss: 0.8421768964488887 Val loss: 0.10106688554383009 Time: 0.30940841598203406
Train loss: 0.7307756664792535 Val loss: 0.0908915065865537 Time: 0.31034441699739546
Shrinking learning rate to 1.0000000000000002e-07
Learning rate getting small
Complete
 Total time: 46.105130499985535