starting log for model: models/gru_comb_fcast_19_new_23-24.pth
Train loss: 16.264394959402406 Val loss: 1.8174034225334559 Time: 0.41758074999961536
Train loss: 15.040699724269075 Val loss: 1.6934695975895204 Time: 0.3129362080071587
Train loss: 13.121935713306812 Val loss: 1.4907027066812568 Time: 0.3855149589944631
Train loss: 10.9316879973411 Val loss: 1.2837585068820185 Time: 0.3306415840052068
Train loss: 8.986139480385134 Val loss: 1.0886537119895179 Time: 0.32406350001110695
Train loss: 7.881136300014685 Val loss: 0.9703193345272706 Time: 0.32267091699759476
Train loss: 7.025163312258243 Val loss: 0.880150561251324 Time: 0.32641754200449213
Train loss: 6.701956650172633 Val loss: 0.8401483548901837 Time: 0.3324774159991648
Train loss: 6.607517526131631 Val loss: 0.8220728412091097 Time: 0.34503233300347347
Train loss: 6.37694501022515 Val loss: 0.7970861078653307 Time: 0.32893329100625124
Train loss: 6.196944830018069 Val loss: 0.7759617997309904 Time: 0.33052987499104347
Train loss: 6.00502779606208 Val loss: 0.7361636334830722 Time: 0.33010674999968614
Train loss: 5.900601034633068 Val loss: 0.725882878848109 Time: 0.32918595800583716
Train loss: 5.933955770973914 Val loss: 0.718769624101498 Time: 0.3335764579969691
Train loss: 5.580639620508358 Val loss: 0.6858577229926919 Time: 0.34322795800107997
Train loss: 5.545320314593054 Val loss: 0.6821970732001754 Time: 0.33080587499716785
Train loss: 5.420449961963104 Val loss: 0.6681750104108714 Time: 0.33126929198624566
Train loss: 5.231989374043179 Val loss: 0.6466603114246655 Time: 0.3327072909887647
Train loss: 5.022950622302908 Val loss: 0.6265535835371261 Time: 0.3331357920105802
Train loss: 4.898213229723762 Val loss: 0.6093816455017398 Time: 0.33301400000345893
Train loss: 4.816874893723497 Val loss: 0.6048394864984026 Time: 0.33691633300622925
Train loss: 4.6495784161463405 Val loss: 0.5860343147232656 Time: 0.338267958999495
Train loss: 4.7422965553545 Val loss: 0.5865098863622619 Time: 0.33600012499664444
Train loss: 4.659078631994808 Val loss: 0.577015255171435 Time: 0.33676058299897704
Train loss: 4.5440117581630375 Val loss: 0.5664527721083813 Time: 0.3430480420065578
Train loss: 4.534061148072961 Val loss: 0.5654049118830968 Time: 0.33248704198922496
Train loss: 4.45584688776929 Val loss: 0.5514041556992187 Time: 0.3358877919963561
Train loss: 4.05493057749549 Val loss: 0.5221795057665133 Time: 0.35422587499488145
Train loss: 4.220895789573063 Val loss: 0.5288582765514711 Time: 0.34058583399746567
Train loss: 4.1584871174816715 Val loss: 0.5194795196122816 Time: 0.3625957920012297
Train loss: 3.8076903760288303 Val loss: 0.48645767546430196 Time: 0.33504745799291413
Train loss: 3.8267442496090327 Val loss: 0.49045603906605667 Time: 0.3554742910055211
Train loss: 3.7169617148848713 Val loss: 0.47957086770286794 Time: 0.346976208005799
Train loss: 3.5181979323383565 Val loss: 0.45404630454020445 Time: 0.34198599999945145
Train loss: 3.5269821575663585 Val loss: 0.45466904270573527 Time: 0.33876704100111965
Train loss: 3.500411283787301 Val loss: 0.450683916047271 Time: 0.34082175001094583
Train loss: 3.48243665977148 Val loss: 0.4446871401674734 Time: 0.3403871659975266
Train loss: 3.267973290032754 Val loss: 0.424748395596037 Time: 0.34242408399586566
Train loss: 3.000918439132654 Val loss: 0.39664633088922063 Time: 0.35145537501375657
Train loss: 3.2270198338910414 Val loss: 0.4138335505974697 Time: 0.3433652079984313
Train loss: 3.1915299657787557 Val loss: 0.4015153380212547 Time: 0.3463438339967979
Train loss: 3.1518298935594657 Val loss: 0.405764498618535 Time: 0.3778848329966422
Train loss: 2.87943639615912 Val loss: 0.3757820217884569 Time: 0.355679375003092
Train loss: 2.9385173365062656 Val loss: 0.38028314726431617 Time: 0.34640391600260045
Train loss: 2.8833947088895107 Val loss: 0.3729934763788477 Time: 0.3651275000011083
Train loss: 2.7547929503566877 Val loss: 0.35677410747296706 Time: 0.34570654200797435
Train loss: 2.6947686359315934 Val loss: 0.35692191090843545 Time: 0.34590637499059085
Train loss: 2.8200556274204445 Val loss: 0.35884471778392174 Time: 0.3491627079929458
Train loss: 2.6142320012529012 Val loss: 0.3382496579335184 Time: 0.34636908301035874
Train loss: 2.400776144113962 Val loss: 0.3256948867001527 Time: 0.3466160829993896
Train loss: 2.4890909976534754 Val loss: 0.3333603367847301 Time: 0.36665670800721273
Train loss: 2.3957330477344385 Val loss: 0.31929495906106825 Time: 0.34537212501163594
Train loss: 2.340380757918325 Val loss: 0.3061069673452245 Time: 0.34938050000346266
Train loss: 2.404170968406447 Val loss: 0.3209923535547934 Time: 0.34871820799889974
Train loss: 2.2112050398988696 Val loss: 0.30370828308422676 Time: 0.3503553750051651
Train loss: 2.2706429537123523 Val loss: 0.30231972058405143 Time: 0.3502128330001142
Train loss: 2.135635804614914 Val loss: 0.29171054486132547 Time: 0.35872983300941996
Train loss: 2.002047940508337 Val loss: 0.28427342750198115 Time: 0.3467598329880275
Train loss: 2.037152766470328 Val loss: 0.275642796790615 Time: 0.35194195801159367
Train loss: 2.1517392135907105 Val loss: 0.29822504668419897 Time: 0.3547364170080982
Train loss: 2.062397475825633 Val loss: 0.2694675657237969 Time: 0.35386529100651387
Train loss: 2.036164350002926 Val loss: 0.2744685760819543 Time: 0.35267729198676534
Train loss: 1.8627024300503217 Val loss: 0.2541842750534623 Time: 0.3696624580043135
Train loss: 1.8925438966014099 Val loss: 0.2574097894943453 Time: 0.3569440000137547
Train loss: 1.8319385434263609 Val loss: 0.2508941797501437 Time: 0.35864833400410134
Train loss: 1.777266830853975 Val loss: 0.25121069681810076 Time: 0.3539645420096349
Train loss: 1.7566101091530877 Val loss: 0.24181744215460435 Time: 0.3534312909905566
Train loss: 1.7248165236939919 Val loss: 0.22610055147963018 Time: 0.35889133300224785
Train loss: 1.7039369880555029 Val loss: 0.2501009589711454 Time: 0.3634182089881506
Train loss: 1.8863313912502804 Val loss: 0.2473526141546175 Time: 0.35760245799610857
Train loss: 1.7991860387521683 Val loss: 0.25648393273605413 Time: 0.4618294579995563
Train loss: 1.7902539312711996 Val loss: 0.23159761456765007 Time: 0.37270479199651163
Train loss: 1.7683248313506605 Val loss: 0.23963488309604256 Time: 0.35681654200016055
Train loss: 1.6480219989760911 Val loss: 0.2319062752914199 Time: 0.36620491699432023
Train loss: 1.6061995954454764 Val loss: 0.22242903150109494 Time: 0.355502875012462
Train loss: 1.6154806988595851 Val loss: 0.22575682398218685 Time: 0.38137583299248945
Train loss: 1.6433796214366012 Val loss: 0.22979377157809672 Time: 0.35517991600499954
Train loss: 1.633349800205302 Val loss: 0.23195024508496054 Time: 0.3572852079960285
Train loss: 1.632185646587868 Val loss: 0.22570133985962518 Time: 0.36462712500360794
Train loss: 1.5251008776861283 Val loss: 0.21881043067174086 Time: 0.36756866700307
Train loss: 1.5834985329632674 Val loss: 0.2205741884431835 Time: 0.3626542080019135
Train loss: 1.6089707991224032 Val loss: 0.2136666415567099 Time: 0.3617237089929404
Train loss: 1.6559188612328235 Val loss: 0.21407057321549297 Time: 0.3610780830058502
Train loss: 1.5326652929291509 Val loss: 0.210911060262152 Time: 0.35582108299422543
Train loss: 1.3788491971512826 Val loss: 0.20410906899333484 Time: 0.36420666601043195
Train loss: 1.3161757170447999 Val loss: 0.18829250109880438 Time: 0.3620523330027936
Train loss: 1.3571269213051664 Val loss: 0.18416868890186783 Time: 0.35956308399909176
Train loss: 1.3701407333672044 Val loss: 0.19870223676397689 Time: 0.35743008299323265
Train loss: 1.437518821992363 Val loss: 0.1925053955816293 Time: 0.35902058400097303
Train loss: 1.5644104112327284 Val loss: 0.212854634405665 Time: 0.3589628749905387
Train loss: 1.3439404629442606 Val loss: 0.19990576865070117 Time: 0.37226058400119655
Train loss: 1.274153611641346 Val loss: 0.1878866769863659 Time: 0.3596310830034781
Train loss: 1.3355612323750279 Val loss: 0.19047757634530216 Time: 0.3616529580031056
Train loss: 1.3307717130360022 Val loss: 0.19047016340664538 Time: 0.35963966698909644
Train loss: 1.311966498113612 Val loss: 0.19148094066322435 Time: 0.36265187499520835
Train loss: 1.3218616360270623 Val loss: 0.18593853332268542 Time: 0.3594493330019759
Train loss: 1.3253682396460817 Val loss: 0.18523333451678453 Time: 0.37073404200782534
Train loss: 1.207043347502264 Val loss: 0.19346554398649546 Time: 0.36458987499645445
Train loss: 1.1629298576302292 Val loss: 0.1846917742207524 Time: 0.36380162500427105
Train loss: 1.3298559678265711 Val loss: 0.1890279506077395 Time: 0.3628938330075471
Train loss: 1.226321803242236 Val loss: 0.18220173503578876 Time: 0.3646393749950221
Train loss: 1.3731730278031549 Val loss: 0.19543705001593736 Time: 0.40265104100399185
Train loss: 1.235116495578155 Val loss: 0.17462017916102854 Time: 0.3670383330027107
Train loss: 1.1653954987397293 Val loss: 0.18435836773659697 Time: 0.36493216700910125
Train loss: 1.1657063967606156 Val loss: 0.18148998635020766 Time: 0.36505554099858273
Train loss: 1.2349126422969574 Val loss: 0.1708907234872677 Time: 0.36651195799640846
Train loss: 1.1218610889063427 Val loss: 0.1829092040149436 Time: 0.36430595799174625
Train loss: 1.2286457853713557 Val loss: 0.18134316085635455 Time: 0.3822978329990292
Train loss: 1.2748086293497636 Val loss: 0.18560456572713716 Time: 0.3634999170026276
Train loss: 1.2575023779406251 Val loss: 0.19259655181849455 Time: 0.36258179099240806
Train loss: 1.0793535430049133 Val loss: 0.17090209137524054 Time: 0.38703574999817647
Train loss: 1.0590747691512945 Val loss: 0.1816469572130728 Time: 0.37194929100223817
Train loss: 1.0692136603855573 Val loss: 0.16970127536589635 Time: 0.38358633300231304
Train loss: 1.1381117331013542 Val loss: 0.18177032622303949 Time: 0.3636639999895124
Train loss: 1.0101934378359374 Val loss: 0.16323927215762457 Time: 0.3634122910007136
Train loss: 1.0172080926349594 Val loss: 0.17434576494072318 Time: 0.3670850830094423
Train loss: 1.044170278994681 Val loss: 0.17621242282015903 Time: 0.3633292910089949
Train loss: 1.016721255702521 Val loss: 0.1691912822465705 Time: 0.36497570799838286
Train loss: 1.0356607135718718 Val loss: 0.19395267440197037 Time: 0.38161537499399856
Train loss: 0.9960753273368006 Val loss: 0.1610124172735525 Time: 0.36647524998988956
Train loss: 1.0046632642533666 Val loss: 0.17211038750036828 Time: 0.3653445410018321
Train loss: 1.1458448416387537 Val loss: 0.18042884660690411 Time: 0.3642255829909118
Train loss: 0.9270607116930876 Val loss: 0.16280785497182473 Time: 0.36594291700748727
Train loss: 1.0640450100829861 Val loss: 0.16846301984837297 Time: 0.372617667002487
Train loss: 0.9390036343097918 Val loss: 0.16014398177605996 Time: 0.3814093330001924
Train loss: 0.8859393881921314 Val loss: 0.16002663691060928 Time: 0.3677620829985244
Train loss: 1.0037337778990434 Val loss: 0.16331319157807184 Time: 0.39018383400980383
Train loss: 0.9560206715906929 Val loss: 0.16613120910968976 Time: 0.3669254580017878
Train loss: 0.9651287400587858 Val loss: 0.17675787317858654 Time: 0.36627633300668094
Train loss: 1.0666127638440912 Val loss: 0.16990832912372217 Time: 0.38078691699774936
Train loss: 0.9836800107946608 Val loss: 0.16361912654667915 Time: 0.36587412501103245
Train loss: 0.9499737533645316 Val loss: 0.17702508593941907 Time: 0.36850120800954755
Train loss: 0.9526353018160023 Val loss: 0.1631392869088198 Time: 0.3685337079950841
Train loss: 0.9648531748771081 Val loss: 0.16401933776801778 Time: 0.36960066699248273
Train loss: 0.9468237303971492 Val loss: 0.16073148505948864 Time: 0.37050308399193455
Shrinking learning rate to 5e-06
Train loss: 1.0704514353472376 Val loss: 0.16597958083178896 Time: 0.37559675000375137
Train loss: 0.896521933537521 Val loss: 0.15442600563644368 Time: 0.3675019579968648
Train loss: 0.9513866604776036 Val loss: 0.15944938874345357 Time: 0.36705416699987836
Train loss: 0.9877095846478596 Val loss: 0.16149603631748619 Time: 0.4000858329964103
Train loss: 0.8920932422364274 Val loss: 0.15719601216206963 Time: 0.3688457499956712
Train loss: 0.9079652652967525 Val loss: 0.15689177374511132 Time: 0.382307916006539
Train loss: 0.9559347594594385 Val loss: 0.16015227913527919 Time: 0.3688913330115611
Train loss: 1.0140853309349467 Val loss: 0.16618094282801033 Time: 0.36974704200110864
Train loss: 0.9659042986136583 Val loss: 0.16250886387228483 Time: 0.3692856250127079
Train loss: 0.9375972623323037 Val loss: 0.16014060691616122 Time: 0.3697959170094691
Shrinking learning rate to 5.000000000000001e-07
Learning rate getting small
Complete
 Total time: 52.12245058400731