starting log for model: models/gru_lin1_fcast_20_new_23-24.pth
Train loss: 17.09225536212098 Val loss: 1.9238770452003995 Time: 0.553577333004796
Train loss: 16.861158282514282 Val loss: 1.8988003536190832 Time: 0.4991921250039013
Train loss: 15.905693517399136 Val loss: 1.7796123481086512 Time: 0.5125132500106702
Train loss: 12.379334178310732 Val loss: 1.3974183518944263 Time: 0.4634752499987371
Train loss: 8.597222964888275 Val loss: 1.0036645786890763 Time: 0.4992205419985112
Train loss: 7.388927046755013 Val loss: 0.875569981963554 Time: 0.46378558401193004
Train loss: 7.022042243315312 Val loss: 0.8311774011744238 Time: 0.47072129099979065
Train loss: 6.826764418942307 Val loss: 0.8102090469606451 Time: 0.4634914999915054
Train loss: 6.6386545195782 Val loss: 0.7872732932208776 Time: 0.4887196670024423
Train loss: 6.4142535468896975 Val loss: 0.7626579047854122 Time: 0.4617184590024408
Train loss: 6.222309332653339 Val loss: 0.7396180436305569 Time: 0.500757000001613
Train loss: 6.072025184489897 Val loss: 0.7222789946931535 Time: 0.4701575000071898
Train loss: 5.88628215054726 Val loss: 0.7040172885512431 Time: 0.466325165994931
Train loss: 5.815249802073879 Val loss: 0.6915459600919379 Time: 0.46392654099327046
Train loss: 5.549907844324252 Val loss: 0.666409689609961 Time: 0.4747551670006942
Train loss: 5.452228729456161 Val loss: 0.6559790966876192 Time: 0.5689763749978738
Train loss: 5.194828373906686 Val loss: 0.6302495248359306 Time: 0.4739869580080267
Train loss: 5.075695533518058 Val loss: 0.6155829820363761 Time: 0.4773294590122532
Train loss: 4.964161154403769 Val loss: 0.599382514891855 Time: 0.48507504200097173
Train loss: 4.819343306948895 Val loss: 0.585259932145474 Time: 0.4860477920010453
Train loss: 4.70523745243014 Val loss: 0.572726711183484 Time: 0.4778777920000721
Train loss: 4.523168283722725 Val loss: 0.5505846111635954 Time: 0.4815694589924533
Train loss: 4.3248771672955115 Val loss: 0.5339234182716838 Time: 0.4861994999955641
Train loss: 4.269063058591025 Val loss: 0.5245281951289373 Time: 0.5044399579928722
Train loss: 4.109483417552401 Val loss: 0.5110992698061957 Time: 0.5017340829945169
Train loss: 3.986054190979325 Val loss: 0.48547168859001694 Time: 0.4951988750108285
Train loss: 3.905372682182204 Val loss: 0.4838202234995804 Time: 0.49235508299898356
Train loss: 3.773449767075757 Val loss: 0.46511720832675835 Time: 0.49917541700415313
Train loss: 3.71962181412981 Val loss: 0.45844270287019007 Time: 0.48166983400005847
Train loss: 3.5887830856852645 Val loss: 0.44426831652876625 Time: 0.5011284579959465
Train loss: 3.437399358848687 Val loss: 0.41983794037921024 Time: 0.4865963750053197
Train loss: 3.4361340544220713 Val loss: 0.4270590608905749 Time: 0.4933150840079179
Train loss: 3.2952931377321235 Val loss: 0.4012424196503989 Time: 0.4866917920007836
Train loss: 3.2721982227026363 Val loss: 0.40486846749103556 Time: 0.4859917080029845
Train loss: 3.1057405357857775 Val loss: 0.38470966738732115 Time: 0.5439206250011921
Train loss: 3.133803344552348 Val loss: 0.38745244856919125 Time: 0.5581515410012798
Train loss: 3.1389384664994293 Val loss: 0.3872460342519456 Time: 0.49508858400804456
Train loss: 3.0142599535505 Val loss: 0.3685754900516678 Time: 0.49807033299293835
Train loss: 2.9355746081805476 Val loss: 0.34828932810830526 Time: 0.5018748329894152
Train loss: 2.8164310579562652 Val loss: 0.3390763735323868 Time: 0.512986333007575
Train loss: 2.7704258958143697 Val loss: 0.3381446362211395 Time: 0.49870529100007843
Train loss: 2.7254370537062513 Val loss: 0.32723121524287846 Time: 0.5004392499977257
Train loss: 2.697807048267384 Val loss: 0.33235189326531966 Time: 0.5616577920009149
Train loss: 2.58546090122619 Val loss: 0.31640692272457377 Time: 0.5108731670043198
Train loss: 2.548924892332069 Val loss: 0.30862538645395043 Time: 0.5042912499920931
Train loss: 2.442769241504948 Val loss: 0.2948437718428277 Time: 0.5027887910109712
Train loss: 2.3676946135366084 Val loss: 0.2856413002055782 Time: 0.50288083300984
Train loss: 2.310595531865269 Val loss: 0.2915294603336896 Time: 0.5095644169923617
Train loss: 2.3268616376452584 Val loss: 0.2827270861125498 Time: 0.5115159160050098
Train loss: 2.1342136257893287 Val loss: 0.24936840953313244 Time: 0.5018831659981515
Train loss: 2.0992769527048827 Val loss: 0.253764025424657 Time: 0.5122358749940759
Train loss: 2.0732837115678073 Val loss: 0.2569009915674385 Time: 0.5271643340092851
Train loss: 2.013388316786706 Val loss: 0.2495765173970456 Time: 0.5089002499880735
Train loss: 1.9564323145689855 Val loss: 0.24449254933469006 Time: 0.5003877920098603
Train loss: 1.8939307764487479 Val loss: 0.23019582909148978 Time: 0.5007743339956505
Train loss: 1.8718956112202125 Val loss: 0.21642369945524245 Time: 0.5095126669912133
Train loss: 1.8842677985537648 Val loss: 0.22830666490016685 Time: 0.5011781659995904
Train loss: 1.782725704323044 Val loss: 0.2157701426580433 Time: 0.500679916003719
Train loss: 1.77138688242297 Val loss: 0.21917017972846728 Time: 0.5107502500031842
Train loss: 1.7233797514402363 Val loss: 0.20956672672043447 Time: 0.5148666669992963
Train loss: 1.7093704994127172 Val loss: 0.2179308172327881 Time: 0.5009370839979965
Train loss: 1.6015953693558638 Val loss: 0.21061457810818446 Time: 0.5580382499902043
Train loss: 1.6586783656847786 Val loss: 0.18739595783199905 Time: 0.509655500005465
Train loss: 1.5479552837941244 Val loss: 0.20023759376648795 Time: 0.5140367080020951
Train loss: 1.5667121383598968 Val loss: 0.19853112887458477 Time: 0.5036105830076849
Train loss: 1.5128926197521402 Val loss: 0.16915839225391915 Time: 0.5080337499966845
Train loss: 1.545941911737124 Val loss: 0.17395545694953035 Time: 0.5106796250038315
Train loss: 1.487057717517974 Val loss: 0.1839622419603152 Time: 0.5123571660078596
Train loss: 1.4718108769732796 Val loss: 0.19782158119875642 Time: 0.5143405419948976
Train loss: 1.5431457314417685 Val loss: 0.1862246574383691 Time: 0.5140953340014676
Train loss: 1.3702225702456445 Val loss: 0.1796782002773367 Time: 0.5134487920004176
Train loss: 1.4711477955663383 Val loss: 0.1941870346178291 Time: 0.5197129170119297
Train loss: 1.3850633673875308 Val loss: 0.19550251773533164 Time: 0.5126869999949122
Train loss: 1.372380688479627 Val loss: 0.1777349676946171 Time: 0.5190368750045309
Train loss: 1.3526226338964449 Val loss: 0.1803668917496846 Time: 0.5144097909942502
Train loss: 1.3611450798894236 Val loss: 0.17315193177933128 Time: 0.5198010419990169
Train loss: 1.2916657471982234 Val loss: 0.17103539111059854 Time: 0.514560583003913
Train loss: 1.3180184304936233 Val loss: 0.18890646760772495 Time: 0.5324033330107341
Train loss: 1.3023879309462254 Val loss: 0.1670105935196291 Time: 0.5194125410052948
Train loss: 1.2451123291874566 Val loss: 0.16987479681528164 Time: 0.5231593750067987
Train loss: 1.3080130672487842 Val loss: 0.1795700399943116 Time: 0.5197877500031609
Train loss: 1.2694029712077395 Val loss: 0.16224020143668683 Time: 0.5397680000023684
Train loss: 1.2151400665105854 Val loss: 0.1574114737215849 Time: 0.5188256249966798
Train loss: 1.2025441258271456 Val loss: 0.17003404905658792 Time: 0.5261017500015441
Train loss: 1.2031702398083333 Val loss: 0.1584063984780637 Time: 0.5204506659938488
Train loss: 1.1775731259314242 Val loss: 0.15824826122550345 Time: 0.5209644999995362
Train loss: 1.067809124950337 Val loss: 0.1476131676119348 Time: 0.5200023329962278
Train loss: 1.1623023267823136 Val loss: 0.1618759287750667 Time: 0.5369358750031097
Train loss: 1.1843310414942971 Val loss: 0.15518598036778175 Time: 0.5256374580058036
Train loss: 1.1198408436777072 Val loss: 0.1523383604860085 Time: 0.5209620829991763
Train loss: 1.0649908126031704 Val loss: 0.14712160792870282 Time: 0.5240869999979623
Train loss: 1.141652805731269 Val loss: 0.16501408916100876 Time: 0.531924542010529
Train loss: 1.0792932175561036 Val loss: 0.14728856104954147 Time: 0.521098583994899
Train loss: 1.0584079765633732 Val loss: 0.14867017180725756 Time: 0.5192957499966724
Train loss: 1.1021716750663737 Val loss: 0.1673799657957674 Time: 0.5214216250024037
Train loss: 1.1388786415223535 Val loss: 0.15391620933275313 Time: 0.5304832919937326
Train loss: 0.9923433291011552 Val loss: 0.1413630511337797 Time: 0.5208953750116052
Train loss: 1.0229454561683031 Val loss: 0.14305395853506367 Time: 0.5280121250107186
Train loss: 0.9746556594957383 Val loss: 0.14460890603868226 Time: 0.5245731250033714
Train loss: 0.9636564005845889 Val loss: 0.15254923653874933 Time: 0.5315927500050748
Train loss: 1.0036875614644885 Val loss: 0.14252868422156975 Time: 0.5231983330013463
Train loss: 0.9448579775892585 Val loss: 0.13766081253377727 Time: 0.524470874996041
Train loss: 0.9800324362660486 Val loss: 0.14853193058977496 Time: 0.5246754999971017
Train loss: 0.970076904687039 Val loss: 0.1394147232462067 Time: 0.5335644580045482
Train loss: 1.0741632079104875 Val loss: 0.148184787442416 Time: 0.5227808330091648
Train loss: 0.9048177704915048 Val loss: 0.140540379248208 Time: 0.5224487499945099
Train loss: 0.9451315267322258 Val loss: 0.14548630477880603 Time: 0.5295762910100166
Train loss: 0.9807310063990222 Val loss: 0.1410431974073384 Time: 0.5289527499990072
Train loss: 0.9268420675214522 Val loss: 0.14463482255871643 Time: 0.5246965420083143
Train loss: 0.9090609115191555 Val loss: 0.13579286039541155 Time: 0.5234670420031762
Train loss: 0.9064677796421012 Val loss: 0.1497798129109886 Time: 0.5252089580026222
Train loss: 1.1572012329177035 Val loss: 0.15801885048455241 Time: 0.5311822920048144
Train loss: 1.030448098365997 Val loss: 0.15329358922741024 Time: 0.5251052919920767
Train loss: 0.8972647875758106 Val loss: 0.13840285996092447 Time: 0.5242810420022579
Train loss: 0.8169564233094357 Val loss: 0.12979573248537524 Time: 0.5313626659917645
Train loss: 0.7919692845087241 Val loss: 0.13279595401386385 Time: 0.5277682919986546
Train loss: 0.822828659525868 Val loss: 0.14358017063177705 Time: 0.5307794170075795
Train loss: 0.8779564227384355 Val loss: 0.13361427976448897 Time: 0.5262015000043903
Train loss: 0.8335373333744656 Val loss: 0.1306786845779594 Time: 0.5353268750041025
Train loss: 0.8391080749077187 Val loss: 0.15067160031585 Time: 0.5301706659956835
Train loss: 0.8681252252371445 Val loss: 0.13603811210310543 Time: 0.5294462090096204
Train loss: 0.8279988195541321 Val loss: 0.13029564482484388 Time: 0.5840532500005793
Train loss: 0.7379142436682165 Val loss: 0.1251677827774521 Time: 0.5363827919936739
Train loss: 0.8060339011198749 Val loss: 0.08158722779852455 Time: 0.5306183750071796
Train loss: 0.775862111565139 Val loss: 0.1267103892391012 Time: 0.5341836670122575
Train loss: 0.7186078065072934 Val loss: 0.12768481647257776 Time: 0.5380759999970905
Train loss: 0.8033142880397115 Val loss: 0.1606285812796213 Time: 0.5590777920006076
Train loss: 1.002200835535775 Val loss: 0.1424234829106682 Time: 0.5340392910002265
Train loss: 0.7389544425479002 Val loss: 0.10857798967719424 Time: 0.5295472920115571
Train loss: 0.756508683509626 Val loss: 0.12724353833606233 Time: 0.5353307500045048
Train loss: 0.8863382770752679 Val loss: 0.08894576655282636 Time: 0.536514083010843
Train loss: 0.6432795436416825 Val loss: 0.06600356235553492 Time: 0.5318167910008924
Train loss: 0.6463911864949301 Val loss: 0.12339888648533177 Time: 0.5313978749909438
Train loss: 0.6638882592113191 Val loss: 0.120054093725824 Time: 0.5308550829940941
Train loss: 0.7228089402441267 Val loss: 0.1239928031244495 Time: 0.5450047079939395
Train loss: 0.7077473546810422 Val loss: 0.07366739646421458 Time: 0.5335693749948405
Train loss: 0.6959655840581718 Val loss: 0.10793004764080352 Time: 0.5343091249960708
Train loss: 0.6289780777447334 Val loss: 0.06921484517476571 Time: 0.5413057090045186
Train loss: 0.7560882288257549 Val loss: 0.13322052471999823 Time: 0.5319213750044582
Train loss: 0.7933838436387504 Val loss: 0.13150402526094107 Time: 0.532234458005405
Train loss: 0.7674223665118209 Val loss: 0.08771981753193138 Time: 0.5318788339936873
Train loss: 0.6241078560446205 Val loss: 0.06255416019339127 Time: 0.5412316669971915
Train loss: 0.6045797348873236 Val loss: 0.06093876089089604 Time: 0.5325371249928139
Train loss: 0.6195514938257709 Val loss: 0.1202317729316448 Time: 0.5327463330031605
Train loss: 0.6190923654089637 Val loss: 0.11763234737043793 Time: 0.5421173340000678
Train loss: 0.7085135691044115 Val loss: 0.12288102546024686 Time: 0.5389715420024004
Train loss: 0.6414369718446586 Val loss: 0.12006820842893788 Time: 0.5367801249958575
Train loss: 0.6119400883525827 Val loss: 0.06999340358636658 Time: 0.5363178749976214
Train loss: 0.6004649152320525 Val loss: 0.06019370503541344 Time: 0.5330468329921132
Train loss: 0.6082171639763292 Val loss: 0.1177997005980681 Time: 0.5460579579957994
Train loss: 0.6185232636525484 Val loss: 0.11763746812433028 Time: 0.5350161670066882
Train loss: 0.5732011985879675 Val loss: 0.0906541129332594 Time: 0.5345612499950221
Train loss: 0.5668403667001058 Val loss: 0.12598287239391626 Time: 0.5356915419979487
Train loss: 0.6354747297276333 Val loss: 0.1521442267047059 Time: 0.5480522919970099
Train loss: 0.964753733112385 Val loss: 0.14353782817253904 Time: 0.535924249998061
Train loss: 0.7122070077380442 Val loss: 0.07947539480538172 Time: 0.5339360000070883
Train loss: 0.5139808776872243 Val loss: 0.05915723070654248 Time: 0.5327929589984706
Train loss: 0.5572967486333562 Val loss: 0.061760318984315096 Time: 0.5407848749891855
Train loss: 0.5018052323125772 Val loss: 0.12226754359428632 Time: 0.537032916006865
Train loss: 0.5638016727122377 Val loss: 0.12123914811595661 Time: 0.5363995829975465
Train loss: 0.599432281588911 Val loss: 0.06816717057175807 Time: 0.5409217920096125
Train loss: 0.5657348661244441 Val loss: 0.11600321319561344 Time: 0.5371150419960031
Train loss: 0.539893626690926 Val loss: 0.11449743709115626 Time: 0.542816541987122
Train loss: 0.6893206549151083 Val loss: 0.12159803523919362 Time: 0.5394478750095004
Train loss: 0.5328127033402836 Val loss: 0.12728340439233346 Time: 0.5476595420041122
Train loss: 0.922688150248149 Val loss: 0.1449355599990729 Time: 0.5373294169985456
Train loss: 0.6125572874540239 Val loss: 0.061608879505098114 Time: 0.5384381659969222
Train loss: 0.5057495576856752 Val loss: 0.05156790067381787 Time: 0.5378785000066273
Shrinking learning rate to 1e-05
Train loss: 0.9200729154065641 Val loss: 0.13633977058468028 Time: 0.5471312919980846
Train loss: 0.6049845942170222 Val loss: 0.06101345977776414 Time: 0.5431487500027288
Train loss: 0.5017651563120182 Val loss: 0.050511298810881844 Time: 0.5371132500004023
Train loss: 0.4816784335994342 Val loss: 0.04985524312241596 Time: 0.5329031250003027
Train loss: 0.5383303152066505 Val loss: 0.05547172222304706 Time: 0.5491646659938851
Train loss: 0.5155604196271923 Val loss: 0.05275575302358059 Time: 0.5398345409921603
Train loss: 0.43823714224881094 Val loss: 0.0452072126424764 Time: 0.5541060419927817
Train loss: 0.4712779761203676 Val loss: 0.049450316790359196 Time: 0.5417517919995589
Train loss: 0.47110561946394114 Val loss: 0.048069248178743536 Time: 0.5449167500046315
Train loss: 0.4512018336473993 Val loss: 0.0466594135561249 Time: 0.5360744159988826
Train loss: 0.48936075578592764 Val loss: 0.05063159608114617 Time: 0.5354463330004364
Train loss: 0.44922651430136096 Val loss: 0.046446045829043874 Time: 0.5943231660057791
Train loss: 0.4297430682365757 Val loss: 0.043511158010819895 Time: 0.5371647080028197
Train loss: 0.4096512531361869 Val loss: 0.04248987302444572 Time: 0.5415749999956461
Train loss: 0.43146102513090234 Val loss: 0.0448066598273269 Time: 0.539525041996967
Train loss: 0.41042113051985485 Val loss: 0.041569962364244234 Time: 0.5416256669996073
Train loss: 0.40079738785465313 Val loss: 0.04239152885476878 Time: 0.5374930409889203
Train loss: 0.3941911444721633 Val loss: 0.03980890386902447 Time: 0.5396637500089128
Train loss: 0.4141957767755687 Val loss: 0.04228166145952223 Time: 0.5358458750124555
Train loss: 0.3706837336171178 Val loss: 0.03752490434883219 Time: 0.5472145410021767
Train loss: 0.4171940760779467 Val loss: 0.042248501139399056 Time: 0.541560291996575
Train loss: 0.3765414567678391 Val loss: 0.03795016188070622 Time: 0.5329294159892015
Train loss: 0.39684433171353994 Val loss: 0.04171734134173597 Time: 0.5418332089902833
Train loss: 0.40431347289044695 Val loss: 0.04077825258585626 Time: 0.5441802919958718
Train loss: 0.3733555422105894 Val loss: 0.03766114271000699 Time: 0.5384965840057703
Train loss: 0.43397547339497144 Val loss: 0.04415098634642039 Time: 0.5423245830024825
Train loss: 0.38408595913290355 Val loss: 0.03887088749679498 Time: 0.5417602499946952
Train loss: 0.391308988321704 Val loss: 0.039687316381617155 Time: 0.5463212079921504
Train loss: 0.3713162917937698 Val loss: 0.037687882678081826 Time: 0.541996082989499
Shrinking learning rate to 1.0000000000000002e-06
Train loss: 0.4064777478584247 Val loss: 0.04105247217215247 Time: 0.5436667500034673
Train loss: 0.40037471295568494 Val loss: 0.04038137348159884 Time: 0.5481511669931933
Train loss: 0.4150683443521679 Val loss: 0.04174536165679781 Time: 0.53944274999958
Train loss: 0.3644500244701314 Val loss: 0.03672357833061155 Time: 0.5462604170024861
Train loss: 0.42706014552142335 Val loss: 0.042880855220832965 Time: 0.6395127499999944
Train loss: 0.4071415385296906 Val loss: 0.040835500417087396 Time: 0.5720673750038259
Train loss: 0.4075944085955392 Val loss: 0.040829052528875635 Time: 0.5720825419994071
Train loss: 0.38325137098052764 Val loss: 0.038418892983124585 Time: 0.5828215000074124
Train loss: 0.40620189385516525 Val loss: 0.040755531392749636 Time: 0.5507392910076305
Train loss: 0.3645759672775597 Val loss: 0.03655006344558939 Time: 0.5826844580005854
Train loss: 0.34594075367819976 Val loss: 0.034681591855708876 Time: 0.5615532919910038
Train loss: 0.3688936481170165 Val loss: 0.03697872799294348 Time: 0.592693667000276
Train loss: 0.40125262597745337 Val loss: 0.04031429006614304 Time: 0.5840077079919865
Train loss: 0.38562111413874156 Val loss: 0.038785930125866286 Time: 0.5948377089953283
Train loss: 0.38213602535293534 Val loss: 0.03842953487866976 Time: 0.5782779580040369
Train loss: 0.37077970949419914 Val loss: 0.03725500502010783 Time: 0.5834797919960693
Train loss: 0.43241173735252403 Val loss: 0.04339838288783757 Time: 0.5650142919912469
Train loss: 0.3908088043995799 Val loss: 0.03922933017537321 Time: 0.5772828749904875
Train loss: 0.3945280857744398 Val loss: 0.039577161875352034 Time: 0.5477851670002565
Train loss: 0.38659628453764583 Val loss: 0.03884369132654196 Time: 0.5552727500034962
Shrinking learning rate to 1.0000000000000002e-07
Learning rate getting small
Complete
 Total time: 114.65585229200951