starting log for model: models/gru_comb_fcast_23_new_22-23.pth
Train loss: 17.66418216386949 Val loss: 2.0867030799611426 Time: 0.3113014580012532
Train loss: 11.361199452738262 Val loss: 1.3682390675034235 Time: 0.3115806249988964
Train loss: 8.245062377715414 Val loss: 1.0557817621750236 Time: 0.3301273750112159
Train loss: 6.941785896188378 Val loss: 0.9238223039749074 Time: 0.33452054199005943
Train loss: 6.223836881569714 Val loss: 0.8496010636139827 Time: 0.31469704100163653
Train loss: 6.170512667523906 Val loss: 0.8539383199490294 Time: 0.32212095901195426
Train loss: 5.624684490144148 Val loss: 0.7630101488924467 Time: 0.31639933299447875
Train loss: 5.311014021596895 Val loss: 0.7380354205839837 Time: 0.3201934579992667
Train loss: 5.459094015270059 Val loss: 0.708635396685987 Time: 0.3167972499941243
Train loss: 5.018182150207559 Val loss: 0.664315865416921 Time: 0.32066745799966156
Train loss: 5.046814119992223 Val loss: 0.6605548440400686 Time: 0.38154283398762345
Train loss: 4.986474730839387 Val loss: 0.6518939869297812 Time: 0.31990775000303984
Train loss: 4.711034375659189 Val loss: 0.596060758735057 Time: 0.3278367500024615
Train loss: 4.644953045101989 Val loss: 0.57626026139941 Time: 0.32390537500032224
Train loss: 4.24263462122417 Val loss: 0.54195800070812 Time: 0.3225449580058921
Train loss: 3.88271854164185 Val loss: 0.49172959046831827 Time: 0.3234215410047909
Train loss: 4.109564771860515 Val loss: 0.5001642427904673 Time: 0.3211929999961285
Train loss: 3.7079239611191497 Val loss: 0.4568485723997182 Time: 0.3236309999920195
Train loss: 3.4130044546601637 Val loss: 0.525568113206556 Time: 0.3293097919959109
Train loss: 3.521505714312375 Val loss: 0.5089512219739893 Time: 0.3237200000003213
Train loss: 3.2465831629062816 Val loss: 0.48622943958563175 Time: 0.32302479099598713
Train loss: 3.0492430899934675 Val loss: 0.47023996066975376 Time: 0.3226740419922862
Train loss: 3.009137219965259 Val loss: 0.4595179416512259 Time: 0.32535400000051595
Train loss: 2.9127154240168807 Val loss: 0.4579482842711551 Time: 0.32571779200225137
Train loss: 2.6521241976689325 Val loss: 0.4263822184195163 Time: 0.335973749999539
Train loss: 2.6265065510434376 Val loss: 0.42089307445176694 Time: 0.3265983750025043
Train loss: 2.551695229059739 Val loss: 0.4046556559547444 Time: 0.32601316600630525
Train loss: 2.653689482415345 Val loss: 0.41894735659096877 Time: 0.3256410419999156
Train loss: 2.3337558938897374 Val loss: 0.39605590572868465 Time: 0.3265257500024745
Train loss: 2.2824957206278302 Val loss: 0.39212710367652354 Time: 0.3275995000003604
Train loss: 2.299315481394788 Val loss: 0.3835644545111864 Time: 0.3571822920057457
Train loss: 2.2406420597074406 Val loss: 0.3861340460979307 Time: 0.3273069169954397
Train loss: 2.118041042150743 Val loss: 0.3806436054117173 Time: 0.32578095799544826
Train loss: 2.073362235615459 Val loss: 0.3739790134545654 Time: 0.3267120420059655
Train loss: 2.294939750839035 Val loss: 0.38772824773904113 Time: 0.32551212499674875
Train loss: 1.9843546748432814 Val loss: 0.3702496865583475 Time: 0.38864549998834264
Train loss: 2.165554644202878 Val loss: 0.383338727081849 Time: 0.33147412500693463
Train loss: 2.0622347522121345 Val loss: 0.374993229614844 Time: 0.3889984160050517
Train loss: 2.024478228618943 Val loss: 0.3705677680296557 Time: 0.3281998750026105
Train loss: 1.7845336356803507 Val loss: 0.3584174945383269 Time: 0.3280979999981355
Train loss: 1.8542827688816033 Val loss: 0.36156577209035734 Time: 0.3292309170064982
Train loss: 1.8431924714619285 Val loss: 0.3671447202882869 Time: 0.32779183398815803
Train loss: 1.7387134482184194 Val loss: 0.35788050396750776 Time: 0.3297014159907121
Train loss: 1.705779857699837 Val loss: 0.35134680048281186 Time: 0.3340572920133127
Train loss: 1.6394388156593749 Val loss: 0.3532785226764033 Time: 0.3295424169918988
Train loss: 1.7204278841365905 Val loss: 0.35447621147440195 Time: 0.3327512909891084
Train loss: 1.6864545265520139 Val loss: 0.3478300478911988 Time: 0.3277746249950724
Train loss: 1.6019408541081201 Val loss: 0.35719458255020187 Time: 0.3287960000016028
Train loss: 1.568647665058819 Val loss: 0.3432972450523534 Time: 0.32778937500552274
Train loss: 1.5221905616721827 Val loss: 0.35587228002800014 Time: 0.33797845800290816
Train loss: 1.6677417721898564 Val loss: 0.3531968820617242 Time: 0.3319537500065053
Train loss: 1.481406589649212 Val loss: 0.34355447144313533 Time: 0.329931750005926
Train loss: 1.4723162073926517 Val loss: 0.34717895600370574 Time: 0.33159933298884425
Train loss: 1.697770157236505 Val loss: 0.3613010080415761 Time: 0.3365830830007326
Train loss: 1.3858270854141779 Val loss: 0.3497561737234231 Time: 0.3331547919951845
Train loss: 1.3365355244356194 Val loss: 0.3561708281608057 Time: 0.33722937499987893
Train loss: 1.426499789697317 Val loss: 0.3523462010862535 Time: 0.3321142089989735
Train loss: 1.451235003245849 Val loss: 0.3579434824142921 Time: 0.3302617500012275
Train loss: 1.5567423125556852 Val loss: 0.3549013379520347 Time: 0.3316825410001911
Train loss: 1.4374642034553062 Val loss: 0.3496687034901717 Time: 0.33468220799113624
Train loss: 1.4159008588639495 Val loss: 0.3455322673789116 Time: 0.3321934169944143
Train loss: 1.3448831243172208 Val loss: 0.35812055660818437 Time: 0.3381391250004526
Train loss: 1.2659159596773542 Val loss: 0.34992555919788443 Time: 0.3309583750087768
Train loss: 1.3260931085681094 Val loss: 0.3582675095317985 Time: 0.3313919999927748
Train loss: 1.1941886365758023 Val loss: 0.3544848660511682 Time: 0.33478379099688027
Train loss: 1.2632849008379239 Val loss: 0.3476076665160359 Time: 0.33254099999612663
Train loss: 1.2659987515431048 Val loss: 0.36245008746038193 Time: 0.3308462499990128
Train loss: 1.2786900402409351 Val loss: 0.3443156777496635 Time: 0.34227241699409205
Train loss: 1.3359770571054423 Val loss: 0.3436428190024238 Time: 0.3330000830028439
Train loss: 1.1760006770620723 Val loss: 0.3583433427905951 Time: 0.332537708003656
Train loss: 1.2576615787310175 Val loss: 0.3646046243072635 Time: 0.3339246250106953
Train loss: 1.2330763634852815 Val loss: 0.36491791918938066 Time: 0.3337026669905754
Train loss: 1.1676474453499068 Val loss: 0.34350262250427555 Time: 0.33271508300094865
Train loss: 1.2456426792194577 Val loss: 0.37077011113298736 Time: 0.3387440000078641
Train loss: 1.2094911237555834 Val loss: 0.332908028818502 Time: 0.33681554200302344
Train loss: 1.1553699186261852 Val loss: 0.3350547826501687 Time: 0.33718874999613035
Train loss: 1.2157342323714317 Val loss: 0.35646656187268055 Time: 0.3346201249951264
Train loss: 1.1644294497227605 Val loss: 0.37218169316149086 Time: 0.335521583998343
Train loss: 1.2631619369576592 Val loss: 0.3644959340971437 Time: 0.35550704099296127
Train loss: 1.027737384221446 Val loss: 0.32421205069728803 Time: 0.3454570839967346
Train loss: 1.1010195587206617 Val loss: 0.37613534212819716 Time: 0.33692941699700896
Train loss: 1.0884287477629186 Val loss: 0.34820009314484784 Time: 0.33294716700038407
Train loss: 0.9731532901558424 Val loss: 0.3691705866149025 Time: 0.3367136250017211
Train loss: 1.058315725167418 Val loss: 0.3292255031173975 Time: 0.3343365000037011
Train loss: 1.0158255235623486 Val loss: 0.3259375329425409 Time: 0.3341878329956671
Train loss: 0.9949099839360542 Val loss: 0.33234134242564506 Time: 0.3422977079899283
Train loss: 1.044647516182959 Val loss: 0.32720202719287605 Time: 0.33605974999954924
Train loss: 1.1050864185896785 Val loss: 0.32871256437005275 Time: 0.333318707998842
Train loss: 1.0340060662518056 Val loss: 0.3189765383408116 Time: 0.3358074999996461
Train loss: 0.8846224012068828 Val loss: 0.33562764455138727 Time: 0.3329723750066478
Train loss: 0.9159595134431245 Val loss: 0.3335512432294196 Time: 0.3348020420089597
Train loss: 1.025378407742096 Val loss: 0.317040875073324 Time: 0.3364542920025997
Train loss: 0.9486962841431463 Val loss: 0.3679325041511801 Time: 0.3400450419867411
Train loss: 1.0241836822010706 Val loss: 0.3243286368097311 Time: 0.3364919580053538
Train loss: 0.9991603463614922 Val loss: 0.3368464243490898 Time: 0.33654179199947976
Train loss: 0.9402364116698578 Val loss: 0.33851115687609357 Time: 0.3376762500120094
Train loss: 1.0270365062486602 Val loss: 0.32017664365147874 Time: 0.3365050829888787
Train loss: 0.9207346925303241 Val loss: 0.32065554109405053 Time: 0.3463342909963103
Train loss: 0.9325525108020267 Val loss: 0.345556711532157 Time: 0.34523395900032483
Shrinking learning rate to 1e-05
Train loss: 0.9657353513015323 Val loss: 0.32956999020693034 Time: 0.3401144999952521
Train loss: 1.0401045016130972 Val loss: 0.33189023250013633 Time: 0.33924499999557156
Train loss: 0.885130886037885 Val loss: 0.32809550297957596 Time: 0.33959891700942535
Train loss: 0.9953179500543285 Val loss: 0.3285982780585476 Time: 0.3374756669945782
Train loss: 0.9336206386272679 Val loss: 0.327659049248257 Time: 0.33513470900652464
Train loss: 0.9466383777766509 Val loss: 0.33033877196274036 Time: 0.34503570800006855
Train loss: 0.9999800038009887 Val loss: 0.33223354011289447 Time: 0.3373553749988787
Train loss: 0.9194409891718607 Val loss: 0.3314003576055812 Time: 0.33924883299914654
Train loss: 0.9579000342796604 Val loss: 0.33068744798391164 Time: 0.3363189579977188
Train loss: 0.8752821039309922 Val loss: 0.32849282353696996 Time: 0.3379600420012139
Train loss: 0.8631641232133065 Val loss: 0.32693666892718376 Time: 0.3386535830068169
Train loss: 0.9456121581110839 Val loss: 0.3303442324516752 Time: 0.3509341249882709
Train loss: 0.8350462477153329 Val loss: 0.32971002082081546 Time: 0.33966016600606963
Train loss: 0.8750084235663818 Val loss: 0.33068978658468495 Time: 0.3432139999931678
Train loss: 0.9006166565303304 Val loss: 0.3304779621091897 Time: 0.33866375000798143
Train loss: 0.8657483464801352 Val loss: 0.3283676587177721 Time: 0.3386033330025384
Train loss: 0.8600763085218546 Val loss: 0.32813294142334365 Time: 0.3426502500078641
Train loss: 0.8506836562506521 Val loss: 0.3251668572520381 Time: 0.3479617499979213
Train loss: 0.8445210879915237 Val loss: 0.3250242232564664 Time: 0.34159908299625386
Train loss: 0.9669207413285479 Val loss: 0.3310274243057276 Time: 0.3435249169997405
Train loss: 0.9575917262420752 Val loss: 0.33086930380836305 Time: 0.33552633300132584
Train loss: 0.8855839033208355 Val loss: 0.3286149006450463 Time: 0.33971966699755285
Shrinking learning rate to 1.0000000000000002e-06
Train loss: 0.8775357161231057 Val loss: 0.33032967509393873 Time: 0.3399617079994641
Train loss: 0.9000237043727308 Val loss: 0.3304335364516424 Time: 0.3480249999993248
Train loss: 0.9153809802509159 Val loss: 0.3309849298147607 Time: 0.3387183750019176
Train loss: 0.8264840674664962 Val loss: 0.3285286223528842 Time: 0.33875737500784453
Train loss: 0.895149659945754 Val loss: 0.3301830614786575 Time: 0.3362344579945784
Train loss: 0.8187135056603028 Val loss: 0.32778668367229985 Time: 0.3644465840043267
Train loss: 0.8523294268192743 Val loss: 0.3283829730130397 Time: 0.4110468330036383
Train loss: 0.7844942898901479 Val loss: 0.3264238805406085 Time: 0.33816954199573956
Train loss: 0.8237162167732066 Val loss: 0.3273900870891503 Time: 0.33855341700837016
Train loss: 0.9534673622817706 Val loss: 0.33105859935135157 Time: 0.34386520899715833
Train loss: 0.8186788180098468 Val loss: 0.327223706821716 Time: 0.3395832079986576
Train loss: 0.8436770644637548 Val loss: 0.3280068457173899 Time: 0.3398582079971675
Train loss: 0.8938979961233713 Val loss: 0.3293039404273547 Time: 0.34615416699671187
Train loss: 0.8740369113274653 Val loss: 0.3286852346458772 Time: 0.34297300000616815
Train loss: 0.8236096092673648 Val loss: 0.32726628565658294 Time: 0.33825762500055134
Train loss: 0.8596202806791169 Val loss: 0.3280622499776047 Time: 0.3381883330002893
Train loss: 0.8543492633850107 Val loss: 0.3276889482763714 Time: 0.3381319159962004
Shrinking learning rate to 1.0000000000000002e-07
Learning rate getting small
Complete
 Total time: 46.53116216599301