starting log for model: models/gru_comb_alpha_0.1_22-23.pth
Train loss: 13.64956517143139 Val loss: 1.5547685146135912 Time: 0.25792204100071103
Train loss: 11.206523028397783 Val loss: 1.3147921820675208 Time: 0.25523629099916434
Train loss: 8.478065811920857 Val loss: 1.0351454438389436 Time: 0.2556712499972491
Train loss: 6.93292014385743 Val loss: 0.8656366601356568 Time: 0.2555695829978504
Train loss: 6.5729530099706395 Val loss: 0.8147674252876038 Time: 0.25578287499956787
Train loss: 6.3455537880034 Val loss: 0.784446312100165 Time: 0.2664755830010108
Train loss: 5.889983695776551 Val loss: 0.7397901174194135 Time: 0.25523345900001004
Train loss: 5.62265890993177 Val loss: 0.6995176895233886 Time: 0.25482820799879846
Train loss: 5.649489431415611 Val loss: 0.6963554496975048 Time: 0.25416458300242084
Train loss: 5.149060987738283 Val loss: 0.6528732859439386 Time: 0.25670787499984726
Train loss: 5.364873946660509 Val loss: 0.660351042208008 Time: 0.255708084001526
Train loss: 4.990216132343979 Val loss: 0.6306832585291652 Time: 0.2541924580000341
Train loss: 4.692560355929821 Val loss: 0.5851738563444773 Time: 0.2546942500011937
Train loss: 4.738274580965216 Val loss: 0.5882427184142353 Time: 0.2678284169996914
Train loss: 4.571053136430992 Val loss: 0.5738695195656283 Time: 0.2552458749996731
Train loss: 4.43252937580384 Val loss: 0.5488843267905781 Time: 0.2550051670004905
Train loss: 4.063865566687738 Val loss: 0.5083436512611433 Time: 0.2548165420012083
Train loss: 4.117244250399869 Val loss: 0.5056416334691196 Time: 0.25458891699963715
Train loss: 3.937986765786377 Val loss: 0.48144165134570427 Time: 0.2559351250019972
Train loss: 3.930731486051964 Val loss: 0.4608169289954832 Time: 0.2553472090003197
Train loss: 3.809183729426479 Val loss: 0.44179385112030317 Time: 0.25475187499978347
Train loss: 3.580819923646102 Val loss: 0.4196420730623218 Time: 0.2662642089999281
Train loss: 3.5547908040886096 Val loss: 0.40782835758977587 Time: 0.25615579199802596
Train loss: 3.27381532874044 Val loss: 0.3682929795461639 Time: 0.2564101660027518
Train loss: 3.025034195180962 Val loss: 0.3418957160230343 Time: 0.25529837499925634
Train loss: 3.1547404292662917 Val loss: 0.34592452853408967 Time: 0.2554526670028281
Train loss: 2.8985554314874946 Val loss: 0.3119001835361214 Time: 0.25404587499724585
Train loss: 2.856217830460654 Val loss: 0.2983974711081068 Time: 0.25366125000073225
Train loss: 2.6174688350877915 Val loss: 0.2736826457595221 Time: 0.25424191699858056
Train loss: 2.64431733605859 Val loss: 0.2703219840475177 Time: 0.26582616700034123
Train loss: 2.6516929463565475 Val loss: 0.26896136838959894 Time: 0.2538114159979159
Train loss: 2.4413584328801994 Val loss: 0.249772620790359 Time: 0.2551398750001681
Train loss: 2.30982466233041 Val loss: 0.23132677355176706 Time: 0.2552682499990624
Train loss: 2.4065458713183716 Val loss: 0.24614562317935845 Time: 0.2539849579989095
Train loss: 2.271160428013115 Val loss: 0.2271331735477505 Time: 0.2534009579976555
Train loss: 2.0223551227284418 Val loss: 0.20226773433594322 Time: 0.2534785419993568
Train loss: 2.055397143916764 Val loss: 0.206334464075029 Time: 0.2531012079998618
Train loss: 2.1197202198002856 Val loss: 0.21205063526483206 Time: 0.267111584002123
Train loss: 1.9135763035360478 Val loss: 0.191580890671712 Time: 0.2544848750003439
Train loss: 1.8604806606203113 Val loss: 0.18620700447536126 Time: 0.2557119999983115
Train loss: 1.8174120663970719 Val loss: 0.1821524042089926 Time: 0.2566229170006409
Train loss: 1.6181742925376739 Val loss: 0.16225887989684507 Time: 0.2540818749985192
Train loss: 1.7398656970095203 Val loss: 0.1790504748784615 Time: 0.2554894160020922
Train loss: 1.824538142699943 Val loss: 0.1861855598605623 Time: 0.25375454199820524
Train loss: 1.656189400885978 Val loss: 0.16664168034484023 Time: 0.25459420799961663
Train loss: 1.6647367798337882 Val loss: 0.17572202274921775 Time: 0.26571675000013784
Train loss: 1.5766793670376344 Val loss: 0.1590654445819318 Time: 0.25483075000011013
Train loss: 1.4200198080649242 Val loss: 0.15107319867209085 Time: 0.2544960000013816
Train loss: 1.6959557560463558 Val loss: 0.18185689544443723 Time: 0.2560254999989411
Train loss: 1.5912992071937282 Val loss: 0.16601790140500336 Time: 0.25382170800003223
Train loss: 1.4476547312818653 Val loss: 0.15651492225824187 Time: 0.25627995900140377
Train loss: 1.4615331958335034 Val loss: 0.16841463715250768 Time: 0.2563133750009001
Train loss: 1.2671379475829951 Val loss: 0.14102654093271627 Time: 0.25394429199877777
Train loss: 1.4684770547265487 Val loss: 0.15638445168633341 Time: 0.26629925000088406
Train loss: 1.3241117434915282 Val loss: 0.15255660270370544 Time: 0.25427816699811956
Train loss: 1.2145567447661278 Val loss: 0.13234880469031401 Time: 0.25393020900082774
Train loss: 1.2279239919149347 Val loss: 0.14853989600245324 Time: 0.2541429170014453
Train loss: 1.257880380028297 Val loss: 0.14703185703139257 Time: 0.25405112500084215
Train loss: 1.241786713488743 Val loss: 0.15708854286119223 Time: 0.25314608400003635
Train loss: 1.3523195841362856 Val loss: 0.15081359296260322 Time: 0.25387462499929825
Train loss: 1.228988684802431 Val loss: 0.13692618488643685 Time: 0.25347762499950477
Train loss: 1.1840653287763558 Val loss: 0.13901593577232768 Time: 0.26422933399953763
Train loss: 1.2627709575060209 Val loss: 0.14550906184376686 Time: 0.25388037499942584
Train loss: 1.2159445645179403 Val loss: 0.16838702195608088 Time: 0.2548953750010696
Train loss: 1.1189636717283804 Val loss: 0.12039799110812155 Time: 0.25471050000123796
Train loss: 1.1570126454379412 Val loss: 0.14075846989126548 Time: 0.25532158400164917
Train loss: 1.1931584426545712 Val loss: 0.14598489181351063 Time: 0.2530999580012576
Train loss: 1.1197242131240728 Val loss: 0.1779234887403022 Time: 0.25411912499839673
Train loss: 1.0862768584752018 Val loss: 0.13307458985002685 Time: 0.252458791997924
Train loss: 1.0916904148425584 Val loss: 0.1423324816224231 Time: 0.2869526249996852
Train loss: 1.1338492655042671 Val loss: 0.19297036771717244 Time: 0.26595666599678225
Train loss: 1.0679782263586226 Val loss: 0.1130609129642797 Time: 0.25287637499786797
Train loss: 1.172456081751272 Val loss: 0.14748336870378612 Time: 0.2548491670022486
Train loss: 1.079992042232357 Val loss: 0.14294790256969028 Time: 0.2544811670013587
Train loss: 1.0318878051069902 Val loss: 0.15695098574797375 Time: 0.2603065830007836
Train loss: 0.9743911569287746 Val loss: 0.12390684788585223 Time: 0.25656795800023247
Train loss: 0.9860125207520696 Val loss: 0.12572570227656116 Time: 0.25462387500010664
Train loss: 0.899020258874323 Val loss: 0.14844122274443727 Time: 0.2676359159995627
Train loss: 1.0172979242073055 Val loss: 0.11563454967054654 Time: 0.25514449999900535
Train loss: 0.9201889477008933 Val loss: 0.12691077391113006 Time: 0.25534508299824665
Train loss: 0.9536944266425103 Val loss: 0.11748776961559347 Time: 0.2630887090017495
Train loss: 0.8856405348271759 Val loss: 0.13189592479942844 Time: 0.25545270799921127
Train loss: 0.9437313650373103 Val loss: 0.13974186595034832 Time: 0.2556882089993451
Train loss: 0.8353960417624791 Val loss: 0.16505105294695133 Time: 0.2559077910009364
Train loss: 0.8598291129003641 Val loss: 0.12659914494396937 Time: 0.2568074999981036
Train loss: 0.8665181894228979 Val loss: 0.20086901255078107 Time: 0.2676860419996956
Train loss: 0.8456802987454743 Val loss: 0.1468166997761272 Time: 0.3002311250020284
Train loss: 0.9703513289891177 Val loss: 0.12741560712690075 Time: 0.25578049999967334
Train loss: 0.85516419279167 Val loss: 0.1823866105184107 Time: 0.2552742500010936
Train loss: 0.7497665539372136 Val loss: 0.12802778333868403 Time: 0.2555102500009525
Train loss: 0.9001132661369837 Val loss: 0.17444330386663026 Time: 0.255721249999624
Train loss: 0.7390935588722556 Val loss: 0.12938159859895354 Time: 0.2567610000005516
Train loss: 0.8965230324286324 Val loss: 0.17685001758464194 Time: 0.26641079199907836
Train loss: 0.8305811698104506 Val loss: 0.13782604387183459 Time: 0.2585271659991122
Train loss: 0.6711917058162129 Val loss: 0.15822944811029974 Time: 0.25493720799931907
Train loss: 0.7477112614497772 Val loss: 0.19876182077579876 Time: 0.2558763330016518
Train loss: 0.7225032496548955 Val loss: 0.10696485095323208 Time: 0.2559852079975826
Train loss: 0.7391548660537275 Val loss: 0.18166254316963848 Time: 0.25561691699840594
Train loss: 0.6950365244815382 Val loss: 0.17763425735434543 Time: 0.2558060419978574
Train loss: 0.7252043111965918 Val loss: 0.18199510370403824 Time: 0.25460212499820045
Train loss: 0.8947923061481688 Val loss: 0.14629339116288517 Time: 0.2665569159980805
Train loss: 0.8006020679088977 Val loss: 0.19399989398985024 Time: 0.2550150829993072
Train loss: 0.6421513816274 Val loss: 0.15912542848118477 Time: 0.2553429590006999
Train loss: 0.6736628175946553 Val loss: 0.20208467751488757 Time: 0.25590208300127415
Train loss: 0.6951976656293191 Val loss: 0.15284075088060456 Time: 0.2553421670017997
Train loss: 0.7875074281509917 Val loss: 0.1848682454747165 Time: 0.2543850409965671
Train loss: 0.657816390388497 Val loss: 0.18765118450854013 Time: 0.2549143329997605
Train loss: 0.63393822932305 Val loss: 0.16186520917641345 Time: 0.3093067500012694
Train loss: 0.6659505520232436 Val loss: 0.2045028983315686 Time: 0.26788787500117905
Train loss: 0.666777164518237 Val loss: 0.19243870689483658 Time: 0.25450979200104484
Train loss: 0.5926853412505757 Val loss: 0.17795505612090512 Time: 0.2559723749982368
Train loss: 0.684133855287488 Val loss: 0.2576065140016816 Time: 0.257745208000415
Train loss: 0.615881044753936 Val loss: 0.15110010492132514 Time: 0.25661399999808054
Train loss: 0.6564697891125901 Val loss: 0.19527484471354128 Time: 0.2559957500016026
Train loss: 0.6511882430997957 Val loss: 0.23006599819424903 Time: 0.2558442080007808
Train loss: 0.6653571470078872 Val loss: 0.22555004967517853 Time: 0.25585366700033774
Train loss: 0.6185372398528607 Val loss: 0.23037388499453534 Time: 0.2669155409967061
Train loss: 0.6068178894362859 Val loss: 0.2573095031482996 Time: 0.2558997909982281
Train loss: 0.6648013807712516 Val loss: 0.16009778266050248 Time: 0.2581812499993248
Train loss: 0.6093566622346351 Val loss: 0.2711354537090625 Time: 0.2557024999987334
Shrinking learning rate to 1e-05
Train loss: 0.7942388905510462 Val loss: 0.22082029769380127 Time: 0.25769312500051456
Train loss: 0.7097161121365412 Val loss: 0.2183992290770163 Time: 0.2561165829974925
Train loss: 0.648180317275596 Val loss: 0.21721050544777118 Time: 0.2561454579990823
Train loss: 0.6968326169137526 Val loss: 0.21436061488413813 Time: 0.25632287500047823
Train loss: 0.6981697398369429 Val loss: 0.20421183454228392 Time: 0.2656902500020806
Train loss: 0.6626803599461102 Val loss: 0.20337377972443807 Time: 0.2575282090001565
Train loss: 0.6041032451610953 Val loss: 0.20724783371716193 Time: 0.25672716700137244
Train loss: 0.6316649967541386 Val loss: 0.20529499990777267 Time: 0.25619204100075876
Train loss: 0.5957676786256911 Val loss: 0.20452420172659286 Time: 0.2558547499975248
Train loss: 0.5950118247408867 Val loss: 0.20294491547769777 Time: 0.25707020799745806
Shrinking learning rate to 1.0000000000000002e-06
Train loss: 0.917990951757929 Val loss: 0.19744878847088654 Time: 0.25803487499797484
Train loss: 0.7893033809468752 Val loss: 0.19710100997650995 Time: 0.2567787500011036
Train loss: 0.8904655177007408 Val loss: 0.20674570812546597 Time: 0.26791404100004
Train loss: 0.7759511944053479 Val loss: 0.20719656341685705 Time: 0.2563521249976475
Train loss: 0.7233348411661211 Val loss: 0.20878887250928194 Time: 0.25690587499775575
Train loss: 0.7065018831342125 Val loss: 0.21202026212953853 Time: 0.2548532079999859
Train loss: 0.6939315995161968 Val loss: 0.21472817021199533 Time: 0.27298508300009416
Train loss: 0.771190988603081 Val loss: 0.22015010173627736 Time: 0.2774878339987481
Train loss: 0.6293685154858597 Val loss: 0.21748486424527153 Time: 0.25671616600084235
Train loss: 0.7738175902386502 Val loss: 0.2231970590494336 Time: 0.25730120799926226
Shrinking learning rate to 1.0000000000000002e-07
Learning rate getting small
Complete
 Total time: 36.21598754099978