starting log for model: models/gru_comb_alpha_0.0_22-23.pth
Train loss: 13.64956517143139 Val loss: 0.7444453239440918 Time: 0.24983770800099592
Train loss: 11.206523028397783 Val loss: 0.6876168251037598 Time: 0.24861600000076578
Train loss: 8.478065811920857 Val loss: 0.5939276814460754 Time: 0.25010425000073155
Train loss: 6.93292014385743 Val loss: 0.5183367729187012 Time: 0.24849491700297222
Train loss: 6.5729530099706395 Val loss: 0.48146530985832214 Time: 0.25836945800256217
Train loss: 6.3455537880034 Val loss: 0.4611892104148865 Time: 0.24930195799970534
Train loss: 5.889983695776551 Val loss: 0.447627454996109 Time: 0.25173816599999554
Train loss: 5.62265890993177 Val loss: 0.4161514937877655 Time: 0.24980549999963841
Train loss: 5.649489431415611 Val loss: 0.40711620450019836 Time: 0.24777066699971328
Train loss: 5.149060987738283 Val loss: 0.4013916254043579 Time: 0.24771016700105974
Train loss: 5.364873946660509 Val loss: 0.38502568006515503 Time: 0.24824483300108113
Train loss: 4.990216132343979 Val loss: 0.38566669821739197 Time: 0.24866195899812737
Train loss: 4.692560355929821 Val loss: 0.3496100902557373 Time: 0.2624522500009334
Train loss: 4.738274580965216 Val loss: 0.34859293699264526 Time: 0.24865187500108732
Train loss: 4.571053136430992 Val loss: 0.34695959091186523 Time: 0.2497352079990378
Train loss: 4.43252937580384 Val loss: 0.32372957468032837 Time: 0.2512470419969759
Train loss: 4.063865566687738 Val loss: 0.30539029836654663 Time: 0.24815166700136615
Train loss: 4.117244250399869 Val loss: 0.29352420568466187 Time: 0.24759054199967068
Train loss: 3.937986765786377 Val loss: 0.2769632935523987 Time: 0.25161962499987567
Train loss: 3.930731486051964 Val loss: 0.24051141738891602 Time: 0.24973612500252784
Train loss: 3.809183729426479 Val loss: 0.22379231452941895 Time: 0.27215520800018567
Train loss: 3.580819923646102 Val loss: 0.21880757808685303 Time: 0.24896520899710595
Train loss: 3.5547908040886096 Val loss: 0.1998964548110962 Time: 0.24983995799993863
Train loss: 3.27381532874044 Val loss: 0.16870403289794922 Time: 0.2500639999998384
Train loss: 3.025034195180962 Val loss: 0.15932470560073853 Time: 0.249848874998861
Train loss: 3.1547404292662917 Val loss: 0.14191514253616333 Time: 0.25038066699926276
Train loss: 2.8985554314874946 Val loss: 0.11517590284347534 Time: 0.25038779199894634
Train loss: 2.856217830460654 Val loss: 0.08637851476669312 Time: 0.24867987499965238
Train loss: 2.6174688350877915 Val loss: 0.07994222640991211 Time: 0.2589544590009609
Train loss: 2.64431733605859 Val loss: 0.05612337589263916 Time: 0.24948654100080603
Train loss: 2.6516929463565475 Val loss: 0.04500514268875122 Time: 0.24739349999799742
Train loss: 2.4413584328801994 Val loss: 0.05276411771774292 Time: 0.2481149169980199
Train loss: 2.30982466233041 Val loss: 0.012616515159606934 Time: 0.24706541699924855
Train loss: 2.4065458713183716 Val loss: 0.05170142650604248 Time: 0.2485861669993028
Train loss: 2.271160428013115 Val loss: 0.0027895569801330566 Time: 0.24770108300072025
Train loss: 2.0223551227284418 Val loss: 0.00361025333404541 Time: 0.249874582998018
Train loss: 2.055397143916764 Val loss: 0.018092453479766846 Time: 0.2498911250004312
Train loss: 2.1197202198002856 Val loss: 0.0057735443115234375 Time: 0.25744612500056974
Train loss: 1.9135763035360478 Val loss: 0.009246349334716797 Time: 0.24810720900131855
Train loss: 1.8604806606203113 Val loss: 0.007691919803619385 Time: 0.24791487499896903
Train loss: 1.8174120663970719 Val loss: 0.012232422828674316 Time: 0.24705820799863432
Train loss: 1.6181742925376739 Val loss: 0.011960923671722412 Time: 0.24883820800096146
Train loss: 1.7398656970095203 Val loss: 0.04228174686431885 Time: 0.24929599999813945
Train loss: 1.824538142699943 Val loss: 0.037090003490448 Time: 0.24843287499970756
Train loss: 1.656189400885978 Val loss: 0.018434107303619385 Time: 0.24813524999990477
Train loss: 1.6647367798337882 Val loss: 0.05625605583190918 Time: 0.2575598749972414
Train loss: 1.5766793670376344 Val loss: 0.021038949489593506 Time: 0.2504185409998172
Train loss: 1.4200198080649242 Val loss: 0.05156111717224121 Time: 0.24796183399666916
Train loss: 1.6959557560463558 Val loss: 0.06564503908157349 Time: 0.24872350000077859
Train loss: 1.5912992071937282 Val loss: 0.047324538230895996 Time: 0.24781083299967577
Train loss: 1.4476547312818653 Val loss: 0.05949687957763672 Time: 0.2485857079991547
Train loss: 1.4615331958335034 Val loss: 0.083682119846344 Time: 0.2471972090024792
Train loss: 1.2671379475829951 Val loss: 0.061903953552246094 Time: 0.24646691700036172
Train loss: 1.4684770547265487 Val loss: 0.053775906562805176 Time: 0.25705987499895855
Train loss: 1.3241117434915282 Val loss: 0.07576805353164673 Time: 0.24921600000016042
Train loss: 1.2145567447661278 Val loss: 0.05258065462112427 Time: 0.2481885000015609
Train loss: 1.2279239919149347 Val loss: 0.0835830569267273 Time: 0.24830787500104634
Train loss: 1.257880380028297 Val loss: 0.0761297345161438 Time: 0.24734150000222144
Train loss: 1.241786713488743 Val loss: 0.0962105393409729 Time: 0.24844574999951874
Train loss: 1.3523195841362856 Val loss: 0.06676119565963745 Time: 0.24675212500005728
Train loss: 1.228988684802431 Val loss: 0.06037092208862305 Time: 0.24719175000063842
Train loss: 1.1840653287763558 Val loss: 0.07283765077590942 Time: 0.2574967500004277
Train loss: 1.2627709575060209 Val loss: 0.07229787111282349 Time: 0.2493514160014456
Train loss: 1.2159445645179403 Val loss: 0.11648595333099365 Time: 0.24792879100277787
Train loss: 1.1189636717283804 Val loss: 0.044439613819122314 Time: 0.24778637499912293
Train loss: 1.1570126454379412 Val loss: 0.08016335964202881 Time: 0.24764712500109454
Train loss: 1.1931584426545712 Val loss: 0.0841149091720581 Time: 0.248014458000398
Train loss: 1.1197242131240728 Val loss: 0.1382712721824646 Time: 0.24689199999920675
Train loss: 1.0862768584752018 Val loss: 0.0768691897392273 Time: 0.24664333300097496
Train loss: 1.0916904148425584 Val loss: 0.09132719039916992 Time: 0.25214579200110165
Train loss: 1.1338492655042671 Val loss: 0.15614551305770874 Time: 0.2526542080013314
Train loss: 1.0679782263586226 Val loss: 0.037107884883880615 Time: 0.24724266699922737
Train loss: 1.172456081751272 Val loss: 0.08946961164474487 Time: 0.24893791599970427
Train loss: 1.079992042232357 Val loss: 0.09364974498748779 Time: 0.24789279100150452
Train loss: 1.0318878051069902 Val loss: 0.11826109886169434 Time: 0.24843058300029952
Train loss: 0.9743911569287746 Val loss: 0.076541006565094 Time: 0.24776091600142536
Train loss: 0.9860125207520696 Val loss: 0.07800477743148804 Time: 0.24899558299875935
Train loss: 0.899020258874323 Val loss: 0.11812037229537964 Time: 0.4653753750026226
Train loss: 1.0172979242073055 Val loss: 0.05497634410858154 Time: 0.3152916670005652
Train loss: 0.9201889477008933 Val loss: 0.08740061521530151 Time: 0.28771045800021966
Train loss: 0.9536944266425103 Val loss: 0.06861519813537598 Time: 0.2773957080025866
Train loss: 0.8856405348271759 Val loss: 0.09773916006088257 Time: 0.3529688750022615
Train loss: 0.9437313650373103 Val loss: 0.10306066274642944 Time: 0.25659341699793003
Train loss: 0.8353960417624791 Val loss: 0.14234811067581177 Time: 0.2553716250004072
Train loss: 0.8598291129003641 Val loss: 0.09292083978652954 Time: 0.3651121670009161
Train loss: 0.8665181894228979 Val loss: 0.18121761083602905 Time: 0.285898250000173
Train loss: 0.8456802987454743 Val loss: 0.12001413106918335 Time: 0.2768214999996417
Train loss: 0.9703513289891177 Val loss: 0.08257675170898438 Time: 0.2940701670013368
Train loss: 0.85516419279167 Val loss: 0.16109567880630493 Time: 0.26519679199918755
Train loss: 0.7497665539372136 Val loss: 0.10377675294876099 Time: 0.2690095830002974
Train loss: 0.9001132661369837 Val loss: 0.14942699670791626 Time: 0.26444620799884433
Train loss: 0.7390935588722556 Val loss: 0.10619324445724487 Time: 0.2572323750027863
Train loss: 0.8965230324286324 Val loss: 0.15244144201278687 Time: 0.2876685000010184
Train loss: 0.8305811698104506 Val loss: 0.10998803377151489 Time: 0.28552187500099535
Train loss: 0.6711917058162129 Val loss: 0.14328843355178833 Time: 0.2589298340026289
Train loss: 0.7477112614497772 Val loss: 0.1841617226600647 Time: 0.25467029199717217
Train loss: 0.7225032496548955 Val loss: 0.07887566089630127 Time: 0.25632258400219143
Train loss: 0.7391548660537275 Val loss: 0.1659451127052307 Time: 0.33076008400166756
Train loss: 0.6950365244815382 Val loss: 0.1634722352027893 Time: 0.2617836660028843
Train loss: 0.7252043111965918 Val loss: 0.16692215204238892 Time: 0.2813329589989735
Train loss: 0.8947923061481688 Val loss: 0.11573773622512817 Time: 0.2580041670007631
Train loss: 0.8006020679088977 Val loss: 0.17670971155166626 Time: 0.2567918330023531
Train loss: 0.6421513816274 Val loss: 0.14559298753738403 Time: 0.2561265000003914
Train loss: 0.6736628175946553 Val loss: 0.1905255913734436 Time: 0.2563112089992501
Train loss: 0.6951976656293191 Val loss: 0.13611501455307007 Time: 0.25476883300143527
Train loss: 0.7875074281509917 Val loss: 0.16725605726242065 Time: 0.2554687499978172
Train loss: 0.657816390388497 Val loss: 0.17574340105056763 Time: 0.25507633300003363
Train loss: 0.63393822932305 Val loss: 0.14893478155136108 Time: 0.26537187500071013
Train loss: 0.6659505520232436 Val loss: 0.1933559775352478 Time: 0.2555357080018439
Train loss: 0.666777164518237 Val loss: 0.18051797151565552 Time: 0.25482299999930547
Train loss: 0.5926853412505757 Val loss: 0.16779524087905884 Time: 0.25528100000155973
Train loss: 0.684133855287488 Val loss: 0.24835604429244995 Time: 0.25503945799937355
Train loss: 0.615881044753936 Val loss: 0.13797879219055176 Time: 0.25494295899989083
Train loss: 0.6564697891125901 Val loss: 0.1839095950126648 Time: 0.2543769580006483
Train loss: 0.6511882430997957 Val loss: 0.22065788507461548 Time: 0.2550626660013222
Train loss: 0.6653571470078872 Val loss: 0.2155129313468933 Time: 0.26550508400032413
Train loss: 0.6185372398528607 Val loss: 0.22191494703292847 Time: 0.25703175000307965
Train loss: 0.6068178894362859 Val loss: 0.2500517964363098 Time: 0.2552632499973697
Train loss: 0.6648013807712516 Val loss: 0.14564234018325806 Time: 0.2619677920010872
Train loss: 0.6093566622346351 Val loss: 0.26419931650161743 Time: 0.2692510830020183
Shrinking learning rate to 1e-05
Train loss: 0.7942388905510462 Val loss: 0.2060423493385315 Time: 0.25676470799953677
Train loss: 0.7097161121365412 Val loss: 0.20654600858688354 Time: 0.2577542500002892
Train loss: 0.648180317275596 Val loss: 0.20731383562088013 Time: 0.2545374159999483
Train loss: 0.6968326169137526 Val loss: 0.2027183175086975 Time: 0.26589991599757923
Train loss: 0.6981697398369429 Val loss: 0.1919063925743103 Time: 0.2542944169981638
Train loss: 0.6626803599461102 Val loss: 0.19227439165115356 Time: 0.25713679200271145
Train loss: 0.6041032451610953 Val loss: 0.1982479691505432 Time: 0.2539471250020142
Train loss: 0.6316649967541386 Val loss: 0.19533568620681763 Time: 0.25433024999802
Train loss: 0.5957676786256911 Val loss: 0.19565469026565552 Time: 0.254128500000661
Train loss: 0.5950118247408867 Val loss: 0.1940264105796814 Time: 0.25449412500165636
Shrinking learning rate to 1.0000000000000002e-06
Train loss: 0.917990951757929 Val loss: 0.17481118440628052 Time: 0.2548801659977471
Train loss: 0.7893033809468752 Val loss: 0.18060678243637085 Time: 0.2803569579991745
Train loss: 0.8904655177007408 Val loss: 0.1865864396095276 Time: 0.2905188749973604
Train loss: 0.7759511944053479 Val loss: 0.19211822748184204 Time: 0.260470291999809
Train loss: 0.7233348411661211 Val loss: 0.19585877656936646 Time: 0.2621039580008073
Train loss: 0.7065018831342125 Val loss: 0.19990283250808716 Time: 0.28546908299904317
Train loss: 0.6939315995161968 Val loss: 0.20320624113082886 Time: 0.28018504200008465
Train loss: 0.771190988603081 Val loss: 0.20620065927505493 Time: 0.25666574999922886
Train loss: 0.6293685154858597 Val loss: 0.2081792950630188 Time: 0.27279720899969107
Train loss: 0.7738175902386502 Val loss: 0.2093537449836731 Time: 0.30501795899908757
Shrinking learning rate to 1.0000000000000002e-07
Learning rate getting small
Complete
 Total time: 36.49931433399979