starting log for model: models/gru_comb_alpha_0.05_22-23.pth
Train loss: 13.64956517143139 Val loss: 1.0099383217628224 Time: 0.2694167909976386
Train loss: 11.206523028397783 Val loss: 0.8870074938413988 Time: 0.26879641599953175
Train loss: 8.478065811920857 Val loss: 0.7296876664478193 Time: 0.2557323330001964
Train loss: 6.93292014385743 Val loss: 0.6235675299937719 Time: 0.2536332499985292
Train loss: 6.5729530099706395 Val loss: 0.5829392101884856 Time: 0.25617508299910696
Train loss: 6.3455537880034 Val loss: 0.5597862270494133 Time: 0.2548570409999229
Train loss: 5.889983695776551 Val loss: 0.5358172340524123 Time: 0.2567275410001457
Train loss: 5.62265890993177 Val loss: 0.502212901890599 Time: 0.2547855420016276
Train loss: 5.649489431415611 Val loss: 0.4955153186893812 Time: 0.2549452079983894
Train loss: 5.149060987738283 Val loss: 0.4768619397513008 Time: 0.26684937499885564
Train loss: 5.364873946660509 Val loss: 0.46925414805681465 Time: 0.2560124999981781
Train loss: 4.990216132343979 Val loss: 0.4593413161611637 Time: 0.25539637499969103
Train loss: 4.692560355929821 Val loss: 0.42104337299586525 Time: 0.25405154199688695
Train loss: 4.738274580965216 Val loss: 0.4214797156835796 Time: 0.2555145000005723
Train loss: 4.571053136430992 Val loss: 0.4154723512653013 Time: 0.25400299999819254
Train loss: 4.43252937580384 Val loss: 0.39232528492453334 Time: 0.2546357920000446
Train loss: 4.063865566687738 Val loss: 0.3668115901885926 Time: 0.2555185419987538
Train loss: 4.117244250399869 Val loss: 0.35851877198612436 Time: 0.26721700000052806
Train loss: 3.937986765786377 Val loss: 0.339820563524581 Time: 0.25538500000038766
Train loss: 3.930731486051964 Val loss: 0.3106000111606986 Time: 0.2551117500006512
Train loss: 3.809183729426479 Val loss: 0.2938668095477149 Time: 0.255282874997647
Train loss: 3.580819923646102 Val loss: 0.28272324726167547 Time: 0.25398424999730196
Train loss: 3.5547908040886096 Val loss: 0.26748819936237744 Time: 0.255127917000209
Train loss: 3.27381532874044 Val loss: 0.2350653477924214 Time: 0.2538194590015337
Train loss: 3.025034195180962 Val loss: 0.21968486866372325 Time: 0.2543616659968393
Train loss: 3.1547404292662917 Val loss: 0.2121812329617719 Time: 0.26507008300177404
Train loss: 2.8985554314874946 Val loss: 0.18512035968343354 Time: 0.25595733299996937
Train loss: 2.856217830460654 Val loss: 0.16690176317493843 Time: 0.25452979100009543
Train loss: 2.6174688350877915 Val loss: 0.15335780814817762 Time: 0.25561145800020313
Train loss: 2.64431733605859 Val loss: 0.14363449709605441 Time: 0.2551215410021541
Train loss: 2.6516929463565475 Val loss: 0.1400148262607483 Time: 0.3026708340003097
Train loss: 2.4413584328801994 Val loss: 0.13298356895880029 Time: 0.25798416700126836
Train loss: 2.30982466233041 Val loss: 0.11617831717470808 Time: 0.2683235420008714
Train loss: 2.4065458713183716 Val loss: 0.1309644802213885 Time: 0.27025399999911315
Train loss: 2.271160428013115 Val loss: 0.11359227901832587 Time: 0.2548733749972598
Train loss: 2.0223551227284418 Val loss: 0.10118218487066245 Time: 0.25502591699842014
Train loss: 2.055397143916764 Val loss: 0.10435027753183268 Time: 0.2546600420027971
Train loss: 2.1197202198002856 Val loss: 0.10614315022408442 Time: 0.25488595799834
Train loss: 1.9135763035360478 Val loss: 0.09612455799459538 Time: 0.253603834000387
Train loss: 1.8604806606203113 Val loss: 0.09334150390700156 Time: 0.25393691699719056
Train loss: 1.8174120663970719 Val loss: 0.0916902323913167 Time: 0.2541573749986128
Train loss: 1.6181742925376739 Val loss: 0.08178804189889421 Time: 0.267125833001046
Train loss: 1.7398656970095203 Val loss: 0.09672423546854428 Time: 0.2545855419994041
Train loss: 1.824538142699943 Val loss: 0.09847851006356076 Time: 0.25505054099994595
Train loss: 1.656189400885978 Val loss: 0.08483645820694657 Time: 0.2533521250006743
Train loss: 1.6647367798337882 Val loss: 0.10046449712754905 Time: 0.2542605829985405
Train loss: 1.5766793670376344 Val loss: 0.08159308770803539 Time: 0.25384454199956963
Train loss: 1.4200198080649242 Val loss: 0.08774787428930372 Time: 0.25378195899975253
Train loss: 1.6959557560463558 Val loss: 0.10723775441600886 Time: 0.25422824999986915
Train loss: 1.5912992071937282 Val loss: 0.09257534680359565 Time: 0.26577208299931954
Train loss: 1.4476547312818653 Val loss: 0.09369706095701577 Time: 0.2546646669979964
Train loss: 1.4615331958335034 Val loss: 0.11109858409667567 Time: 0.2540612089978822
Train loss: 1.2671379475829951 Val loss: 0.08857875541522785 Time: 0.25352358399686636
Train loss: 1.4684770547265487 Val loss: 0.09101049542386555 Time: 0.25401079099901835
Train loss: 1.3241117434915282 Val loss: 0.10061797905496274 Time: 0.2537837079980818
Train loss: 1.2145567447661278 Val loss: 0.0803280489992642 Time: 0.25261129200225696
Train loss: 1.2279239919149347 Val loss: 0.10370930879153185 Time: 0.25299104200166767
Train loss: 1.257880380028297 Val loss: 0.09874914735656642 Time: 0.265530625001702
Train loss: 1.241786713488743 Val loss: 0.11450569193177179 Time: 0.2536560830012604
Train loss: 1.3523195841362856 Val loss: 0.09502093395668523 Time: 0.2530116250018182
Train loss: 1.228988684802431 Val loss: 0.08614337584667563 Time: 0.25316237500010175
Train loss: 1.1840653287763558 Val loss: 0.09386346535036402 Time: 0.2542670420007198
Train loss: 1.2627709575060209 Val loss: 0.09598676156245776 Time: 0.25398062500244123
Train loss: 1.2159445645179403 Val loss: 0.13139741353383727 Time: 0.2523790840023139
Train loss: 1.1189636717283804 Val loss: 0.07144983221122618 Time: 0.25382524999804446
Train loss: 1.1570126454379412 Val loss: 0.0988577760388909 Time: 0.26397966699732933
Train loss: 1.1931584426545712 Val loss: 0.10312315752641736 Time: 0.2538743750010326
Train loss: 1.1197242131240728 Val loss: 0.14917573695007516 Time: 0.25270029199964483
Train loss: 1.0862768584752018 Val loss: 0.09412154835271365 Time: 0.2542124159990635
Train loss: 1.0916904148425584 Val loss: 0.1063960789261241 Time: 0.27451825000025565
Train loss: 1.1338492655042671 Val loss: 0.16611880278964963 Time: 0.2654187500011176
Train loss: 1.0679782263586226 Val loss: 0.06502644731565464 Time: 0.2558425419993
Train loss: 1.172456081751272 Val loss: 0.10696468841141141 Time: 0.25576708299922757
Train loss: 1.079992042232357 Val loss: 0.10810287583794678 Time: 0.26862783300020965
Train loss: 1.0318878051069902 Val loss: 0.12902584473583867 Time: 0.2552882500021951
Train loss: 0.9743911569287746 Val loss: 0.09073103660132101 Time: 0.2546157500000845
Train loss: 0.9860125207520696 Val loss: 0.09227836707395516 Time: 0.2547435000014957
Train loss: 0.899020258874323 Val loss: 0.12638439743839122 Time: 0.25473595899893553
Train loss: 1.0172979242073055 Val loss: 0.07489750381712597 Time: 0.2543969170001219
Train loss: 0.9201889477008933 Val loss: 0.09877113337757337 Time: 0.2549614579984336
Train loss: 0.9536944266425103 Val loss: 0.08355763318619891 Time: 0.25303195900050923
Train loss: 0.8856405348271759 Val loss: 0.10730256894282279 Time: 0.2654926670002169
Train loss: 0.9437313650373103 Val loss: 0.11334933801801064 Time: 0.25456683299853466
Train loss: 0.8353960417624791 Val loss: 0.14834992746696643 Time: 0.2542600830020092
Train loss: 0.8598291129003641 Val loss: 0.10238431386258082 Time: 0.2541317080031149
Train loss: 0.8665181894228979 Val loss: 0.1863248692703696 Time: 0.2555478750000475
Train loss: 0.8456802987454743 Val loss: 0.1272451554107531 Time: 0.2559995420015184
Train loss: 0.9703513289891177 Val loss: 0.09577512295468288 Time: 0.25460887500230456
Train loss: 0.85516419279167 Val loss: 0.16667357985489703 Time: 0.25545579200115753
Train loss: 0.7497665539372136 Val loss: 0.11034033336045068 Time: 0.26615583400052856
Train loss: 0.9001132661369837 Val loss: 0.15605748003488037 Time: 0.25490179199914564
Train loss: 0.7390935588722556 Val loss: 0.11243955438488855 Time: 0.2553661670026486
Train loss: 0.8965230324286324 Val loss: 0.1588954911636118 Time: 0.2554893329979677
Train loss: 0.8305811698104506 Val loss: 0.11756713091690696 Time: 0.25369604200022877
Train loss: 0.6711917058162129 Val loss: 0.14716596398154178 Time: 0.25385945800007903
Train loss: 0.7477112614497772 Val loss: 0.18791812158323004 Time: 0.2536374160008563
Train loss: 0.7225032496548955 Val loss: 0.08675481108407199 Time: 0.2550325839983998
Train loss: 0.7391548660537275 Val loss: 0.17001075030944068 Time: 0.2652793749984994
Train loss: 0.6950365244815382 Val loss: 0.1671252856634941 Time: 0.25487599999905797
Train loss: 0.7252043111965918 Val loss: 0.17081512835491974 Time: 0.2546243329998106
Train loss: 0.8947923061481688 Val loss: 0.12408407135636806 Time: 0.25487841599897365
Train loss: 0.8006020679088977 Val loss: 0.18118700652784983 Time: 0.2553375829993456
Train loss: 0.6421513816274 Val loss: 0.14909129422060768 Time: 0.2563932500015653
Train loss: 0.6736628175946553 Val loss: 0.19348011512226349 Time: 0.25528549999944516
Train loss: 0.6951976656293191 Val loss: 0.140483261182689 Time: 0.2543207919989072
Train loss: 0.7875074281509917 Val loss: 0.17182842769592177 Time: 0.2643843750011001
Train loss: 0.657816390388497 Val loss: 0.17879471195054966 Time: 0.25492320799821755
Train loss: 0.63393822932305 Val loss: 0.15227036268507657 Time: 0.25518479199672583
Train loss: 0.6659505520232436 Val loss: 0.19620208814628198 Time: 0.25379420800163643
Train loss: 0.666777164518237 Val loss: 0.18357074251616043 Time: 0.25435579199984204
Train loss: 0.5926853412505757 Val loss: 0.17039199701275484 Time: 0.25510995800141245
Train loss: 0.684133855287488 Val loss: 0.25070066327488977 Time: 0.25585258299906855
Train loss: 0.615881044753936 Val loss: 0.14137333817796574 Time: 0.2538731250024284
Train loss: 0.6564697891125901 Val loss: 0.1868157396949363 Time: 0.2650467089988524
Train loss: 0.6511882430997957 Val loss: 0.22304711960812387 Time: 0.25477404100092826
Train loss: 0.6653571470078872 Val loss: 0.21806552664375206 Time: 0.25417825000113226
Train loss: 0.6185372398528607 Val loss: 0.22405962266624355 Time: 0.25464300000021467
Train loss: 0.6068178894362859 Val loss: 0.25188582885580424 Time: 0.2546351250020962
Train loss: 0.6648013807712516 Val loss: 0.14938739385819766 Time: 0.2550085830007447
Train loss: 0.6093566622346351 Val loss: 0.26595031057407353 Time: 0.2546391659998335
Shrinking learning rate to 1e-05
Train loss: 0.7942388905510462 Val loss: 0.20983443058540427 Time: 0.2552057920001971
Train loss: 0.7097161121365412 Val loss: 0.209572173875108 Time: 0.26520958299806807
Train loss: 0.648180317275596 Val loss: 0.20983176773096118 Time: 0.2549107919985545
Train loss: 0.6968326169137526 Val loss: 0.20569067916058878 Time: 0.25490958299997146
Train loss: 0.6981697398369429 Val loss: 0.1950555458707731 Time: 0.2551142919983249
Train loss: 0.6626803599461102 Val loss: 0.19510844377798456 Time: 0.2545839590020478
Train loss: 0.6041032451610953 Val loss: 0.20053580503079782 Time: 0.2544342080000206
Train loss: 0.6316649967541386 Val loss: 0.19787251445362322 Time: 0.25433241599967005
Train loss: 0.5957676786256911 Val loss: 0.19790933692018478 Time: 0.2539423749985872
Train loss: 0.5950118247408867 Val loss: 0.19629402864424786 Time: 0.264023540999915
Shrinking learning rate to 1.0000000000000002e-06
Train loss: 0.917990951757929 Val loss: 0.18073660022889715 Time: 0.25519495800108416
Train loss: 0.7893033809468752 Val loss: 0.18486835702724794 Time: 0.2552267090031819
Train loss: 0.8904655177007408 Val loss: 0.19182497632397874 Time: 0.25352912499874947
Train loss: 0.7759511944053479 Val loss: 0.19599659173315367 Time: 0.25365850000162027
Train loss: 0.7233348411661211 Val loss: 0.1991700117747676 Time: 0.29676583300170023
Train loss: 0.7065018831342125 Val loss: 0.20300001163038592 Time: 0.2738282499994966
Train loss: 0.6939315995161968 Val loss: 0.20614710547698292 Time: 0.2631024160000379
Train loss: 0.771190988603081 Val loss: 0.20977500026867785 Time: 0.2708357919982518
Train loss: 0.6293685154858597 Val loss: 0.2105442488258647 Time: 0.2541259169993282
Train loss: 0.7738175902386502 Val loss: 0.21289897767743204 Time: 0.2526074579982378
Shrinking learning rate to 1.0000000000000002e-07
Learning rate getting small
Complete
 Total time: 36.11810058300034