starting log for model: models/gru_lin1_alpha_10_22-23.pth
Train loss: 14.470905586097047 Val loss: 144.71116530020072 Time: 0.44715699999869685
Train loss: 14.375768833408372 Val loss: 143.75978087065747 Time: 0.3716367919987533
Train loss: 13.836620210204217 Val loss: 138.36843639047717 Time: 0.3847559169989836
Train loss: 11.952264508639828 Val loss: 119.52442847553621 Time: 0.3715267089974077
Train loss: 8.2708181152735 Val loss: 82.70977587406091 Time: 0.37183537500095554
Train loss: 7.020526212174175 Val loss: 70.20689031941401 Time: 0.3838744589993439
Train loss: 6.790554264268589 Val loss: 67.90711296081322 Time: 0.37162741599968285
Train loss: 6.672870904909223 Val loss: 66.73024801728324 Time: 0.3819828750019951
Train loss: 6.525775489456635 Val loss: 65.25928627498209 Time: 0.3713367499985907
Train loss: 6.396692947476783 Val loss: 63.968448506411704 Time: 0.3710845000023255
Train loss: 6.240697220888129 Val loss: 62.40846921010027 Time: 0.37128766699970583
Train loss: 6.150853013031956 Val loss: 61.51003391360036 Time: 0.37186383299922454
Train loss: 5.972477116678456 Val loss: 59.726245741353644 Time: 0.4162854169990169
Train loss: 5.843190025012667 Val loss: 58.433401388659384 Time: 0.3830332079996879
Train loss: 5.744741797165629 Val loss: 57.44890794948106 Time: 0.36993091700060177
Train loss: 5.618586461093422 Val loss: 56.187365292595715 Time: 0.37063995900098234
Train loss: 5.475069762390582 Val loss: 54.7521681500136 Time: 0.3696156250007334
Train loss: 5.33443313094935 Val loss: 53.34582759137773 Time: 0.36969179099833127
Train loss: 5.183426520526915 Val loss: 51.83572279640974 Time: 0.38091545900169876
Train loss: 5.019028769013357 Val loss: 50.19177743388849 Time: 0.3710469170000579
Train loss: 4.865635362839541 Val loss: 48.65782241648649 Time: 0.3703110829992511
Train loss: 4.656911616068555 Val loss: 46.57054013294688 Time: 0.370567583002412
Train loss: 4.493034796105647 Val loss: 44.93172252338853 Time: 0.37106629200206953
Train loss: 4.296962600967941 Val loss: 42.97095635915008 Time: 0.37441170799866086
Train loss: 4.082287837100001 Val loss: 40.824119169800085 Time: 0.3815864589996636
Train loss: 3.8920661183891525 Val loss: 38.92181101590231 Time: 0.3710040830010257
Train loss: 3.7147264836110554 Val loss: 37.1482622725679 Time: 0.37280295800155727
Train loss: 3.514570234801967 Val loss: 35.14664813700375 Time: 0.3711884580006881
Train loss: 3.4119083832026718 Val loss: 34.119855428196296 Time: 0.37106020899955183
Train loss: 3.236358179283261 Val loss: 32.3643050795722 Time: 0.3829176670005836
Train loss: 3.133548166615615 Val loss: 31.336113456854818 Time: 0.37049320799997076
Train loss: 3.025806342360678 Val loss: 30.25862077210528 Time: 0.3700176670026849
Train loss: 2.885132050446059 Val loss: 28.851817140389624 Time: 0.3706579169993347
Train loss: 2.8661305483586688 Val loss: 28.66172993844016 Time: 0.37152108299778774
Train loss: 2.779524024584026 Val loss: 27.795624391282388 Time: 0.37174474999847007
Train loss: 2.637725144767053 Val loss: 26.3777145343333 Time: 0.3800520830009191
Train loss: 2.5956551170106392 Val loss: 25.956957746674902 Time: 0.37428649999856134
Train loss: 2.4936749579782784 Val loss: 24.93723980792862 Time: 0.37040808299934724
Train loss: 2.4624977639101715 Val loss: 24.625477217038615 Time: 0.36826175000169314
Train loss: 2.3522241634579046 Val loss: 23.522702110128993 Time: 0.3709409160001087
Train loss: 2.2633537920063933 Val loss: 22.633971562902982 Time: 0.38055783299932955
Train loss: 2.259081016006939 Val loss: 22.591219414282545 Time: 0.3698457499995129
Train loss: 2.153871451858663 Val loss: 21.53905658662081 Time: 0.37154054200073006
Train loss: 2.1947597498453906 Val loss: 21.947988224011844 Time: 0.37096974999803933
Train loss: 2.076930821490295 Val loss: 20.769765289820267 Time: 0.3697911250019388
Train loss: 2.0966903818337537 Val loss: 20.96731053458024 Time: 0.3707758749987988
Train loss: 1.991430642955308 Val loss: 19.914806547396196 Time: 0.3818861250001646
Train loss: 1.8944191011566573 Val loss: 18.94476336099224 Time: 0.37129383299907204
Train loss: 1.9399884518607884 Val loss: 19.40059866900703 Time: 0.3707403330008674
Train loss: 1.8639893595796266 Val loss: 18.64052577415442 Time: 0.3694792080023035
Train loss: 1.8384859647632048 Val loss: 18.38546696262496 Time: 0.3714232499987702
Train loss: 1.745035491885219 Val loss: 17.451059647503826 Time: 0.3805079999983718
Train loss: 1.7250294659410486 Val loss: 17.250971931890433 Time: 0.37191845800043666
Train loss: 1.7273203905208874 Val loss: 17.27383728012766 Time: 0.3719427079995512
Train loss: 1.6835310965022785 Val loss: 16.835795710005414 Time: 0.3711555000008957
Train loss: 1.6168360401570485 Val loss: 16.169287365263322 Time: 0.38755516699893633
Train loss: 1.5510475637032641 Val loss: 15.511280108143975 Time: 0.37391454099997645
Train loss: 1.4705849201101087 Val loss: 14.70679355408054 Time: 0.3819266669997887
Train loss: 1.5409294296281075 Val loss: 15.409856663096685 Time: 0.3714382080033829
Train loss: 1.4580079263058252 Val loss: 14.581404636524196 Time: 0.37020750000010594
Train loss: 1.455965177129039 Val loss: 14.560752146679187 Time: 0.3696088750002673
Train loss: 1.4243955480770296 Val loss: 14.244972807401437 Time: 0.37032833400007803
Train loss: 1.4083477476807076 Val loss: 14.0844507997605 Time: 0.3797480840003118
Train loss: 1.3631776533500108 Val loss: 13.632824905966693 Time: 0.3696822079982667
Train loss: 1.2933544330906273 Val loss: 12.934612052809936 Time: 0.37093320799976937
Train loss: 1.2460108051129026 Val loss: 12.461694185185632 Time: 0.3688452499991399
Train loss: 1.3499836240638228 Val loss: 13.501519192415943 Time: 0.3717733329976909
Train loss: 1.2438788152507811 Val loss: 12.439555135499711 Time: 0.3688047910000023
Train loss: 1.1342277233865383 Val loss: 11.343496787352976 Time: 0.3803369160013972
Train loss: 1.1523682021218689 Val loss: 11.524387581287188 Time: 0.3691928750013176
Train loss: 1.1609495661154998 Val loss: 11.61025764714923 Time: 0.36941775000013877
Train loss: 1.1017918952062473 Val loss: 11.019866719250768 Time: 0.369768832999398
Train loss: 1.1395998703761023 Val loss: 11.396862056556815 Time: 0.3986884159967303
Train loss: 1.039081048854328 Val loss: 10.392649324178263 Time: 0.3821905419972609
Train loss: 1.1050836243919093 Val loss: 11.052003155342934 Time: 0.3728052500009653
Train loss: 1.0277833810410613 Val loss: 10.278510443391674 Time: 0.372139374998369
Train loss: 1.0866158365417107 Val loss: 10.867222936948455 Time: 0.3723695000007865
Train loss: 0.9797510740181608 Val loss: 9.798347367426661 Time: 0.37037470799987204
Train loss: 0.9290941192302427 Val loss: 9.293359724746276 Time: 0.37080329099990195
Train loss: 0.9771278335814912 Val loss: 9.771846144459888 Time: 0.3830679170023359
Train loss: 0.9559378535438157 Val loss: 9.561232785959675 Time: 0.41347191700333497
Train loss: 0.8756785539127705 Val loss: 8.759486081708575 Time: 0.3696326669996779
Train loss: 0.9358772995694835 Val loss: 9.361326294933404 Time: 0.37169762499979697
Train loss: 0.9190400618833507 Val loss: 9.192806075667919 Time: 0.3699739590010722
Train loss: 0.9643372151373661 Val loss: 9.644626590382273 Time: 0.3806050410021271
Train loss: 0.8664093868308242 Val loss: 8.66586924759313 Time: 0.3702447920004488
Train loss: 0.8071452873725491 Val loss: 8.073031928311153 Time: 0.36931854100112105
Train loss: 0.796488723262911 Val loss: 7.967648498109234 Time: 0.3713136250007665
Train loss: 0.8012018745486458 Val loss: 8.01342557329515 Time: 0.37052891599887516
Train loss: 0.7735690415963234 Val loss: 7.737950495964303 Time: 0.3726535000023432
Train loss: 0.8316987622178758 Val loss: 8.318003058319928 Time: 0.3775791250009206
Train loss: 0.7995704667041998 Val loss: 7.99690077001736 Time: 0.3700960419992043
Train loss: 0.8362516245848983 Val loss: 8.364468500571917 Time: 0.37099608299831743
Train loss: 0.7282140246653626 Val loss: 7.285834804525153 Time: 0.3722769590021926
Train loss: 0.7460813818493648 Val loss: 7.462794738288697 Time: 0.3710400000018126
Train loss: 0.7654155076692826 Val loss: 7.656586521448302 Time: 0.3819073339982424
Train loss: 0.7199099673680189 Val loss: 7.199771151570902 Time: 0.3760142920000362
Train loss: 0.7048430454028383 Val loss: 7.049731033128208 Time: 0.3806049590020848
Train loss: 0.8154132485407786 Val loss: 8.158806811742586 Time: 0.37256929200157174
Train loss: 0.8247024954044271 Val loss: 8.248563554897585 Time: 0.36897675000000163
Train loss: 0.7250488042702159 Val loss: 7.253146905052381 Time: 0.3715381250003702
Train loss: 0.6506637430576916 Val loss: 6.510927670334353 Time: 0.3790340420018765
Train loss: 0.7045949848370938 Val loss: 7.0524920204115125 Time: 0.36975591699956567
Train loss: 0.6827904687324917 Val loss: 6.82912754669094 Time: 0.370830207997642
Train loss: 0.692138007515112 Val loss: 6.9262819257607635 Time: 0.37041791699812165
Train loss: 0.7086801857620886 Val loss: 7.087825612050302 Time: 0.37080600000263075
Train loss: 0.8128847408408433 Val loss: 8.130567488203535 Time: 0.3817490000001271
Train loss: 0.7186751283981216 Val loss: 7.191775067975151 Time: 0.37037612499989336
Train loss: 0.629862539613498 Val loss: 6.301062094275785 Time: 0.3689680829993449
Train loss: 0.6461799409482722 Val loss: 6.463665599481131 Time: 0.37115458300104365
Train loss: 0.5982340490670168 Val loss: 5.983550314584774 Time: 0.3799373330002709
Train loss: 0.5844225430933889 Val loss: 5.846262978358357 Time: 0.37784683399877395
Train loss: 0.6314229275035297 Val loss: 6.319464945736995 Time: 0.37786337500074296
Train loss: 0.6430187059824606 Val loss: 6.433163522957981 Time: 0.3708791669996572
Train loss: 0.5969212646462978 Val loss: 5.97030392019266 Time: 0.37065229099971475
Train loss: 0.6012041851315857 Val loss: 6.01402640402631 Time: 0.36997970800075564
Train loss: 0.6135918404615204 Val loss: 6.1368893558060345 Time: 0.3696819159995357
Train loss: 0.6472791595964935 Val loss: 6.479286888058379 Time: 0.3832254590015509
Train loss: 0.670709399115083 Val loss: 6.709691227238616 Time: 0.370243291999941
Train loss: 0.6045103947110233 Val loss: 6.04774879887788 Time: 0.37021733399888035
Train loss: 0.5964064628285257 Val loss: 5.9673045439847305 Time: 0.3702040839998517
Shrinking learning rate to 1e-05
Train loss: 0.9673154206872887 Val loss: 9.674575137761849 Time: 0.37233637499957695
Train loss: 0.9114782920847304 Val loss: 9.116503183213757 Time: 0.3722125829990546
Train loss: 0.8149419967883205 Val loss: 8.151364094061261 Time: 0.4030242500011809
Train loss: 0.7921106551528716 Val loss: 7.923381299716891 Time: 0.4510675839992473
Train loss: 0.7481388227358958 Val loss: 7.48391585329418 Time: 0.4465485830005491
Train loss: 0.7825970855108126 Val loss: 7.828332966684405 Time: 0.3712524170005054
Train loss: 0.7419850007144078 Val loss: 7.422381830384309 Time: 0.3721953330023098
Train loss: 0.7901805326142224 Val loss: 7.904224775338577 Time: 0.3804511670023203
Train loss: 0.6830310473465051 Val loss: 6.833058646627139 Time: 0.3708124999975553
Train loss: 0.6898818854172113 Val loss: 6.901575396002174 Time: 0.3914806250031688
Shrinking learning rate to 1.0000000000000002e-06
Train loss: 1.0229324781701479 Val loss: 10.230450871348085 Time: 0.36993395800163853
Train loss: 1.0023366414845043 Val loss: 10.024498007711939 Time: 0.37093554199964274
Train loss: 0.9787514270216207 Val loss: 9.788667871591704 Time: 0.3808934579974448
Train loss: 0.9105900718450357 Val loss: 9.107136595647692 Time: 0.3710947079998732
Train loss: 0.9348453060863733 Val loss: 9.349650154419164 Time: 0.37326274999941234
Train loss: 0.9550045305999113 Val loss: 9.551217780306825 Time: 0.37044712499846355
Train loss: 0.8960897272887998 Val loss: 8.962143136087292 Time: 0.38197491699975217
Train loss: 0.9394801091413889 Val loss: 9.395994183668414 Time: 0.37886958299714024
Train loss: 0.8851619238795791 Val loss: 8.852893233735491 Time: 0.3746616249991348
Train loss: 0.8456181153576665 Val loss: 8.457530375101566 Time: 0.3708632089983439
Shrinking learning rate to 1.0000000000000002e-07
Learning rate getting small
Complete
 Total time: 53.15502524999829