starting log for model: models\gru_comb_new_24-25.pth
Train loss: 2.1934816419664642 Val loss: 0.5101937643325158 Time: 1.0398776999209076
Train loss: 3.372410599205068 Val loss: 0.5406875945397743 Time: 1.228388899937272
Train loss: 2.316853807478683 Val loss: 0.49106989527862777 Time: 1.036463399999775
Train loss: 1.9703731801026803 Val loss: 0.4367064333852588 Time: 1.246708199963905
Train loss: 1.7391423599478344 Val loss: 0.4399239672573701 Time: 1.289274499984458
Train loss: 1.5534890188523294 Val loss: 0.42813324798951874 Time: 1.337120599928312
Train loss: 1.460549449302178 Val loss: 0.40304700284269196 Time: 1.1941409000428393
Train loss: 1.3770717269659285 Val loss: 0.47777277611249747 Time: 1.0857674999861047
Train loss: 1.2016685025760276 Val loss: 0.41836708431940206 Time: 1.2499804999679327
Train loss: 1.216137923579879 Val loss: 0.4306659319504045 Time: 1.058437000028789
Train loss: 1.2102993685238426 Val loss: 0.35314074816707336 Time: 0.9257920000236481
Train loss: 1.0970535273369864 Val loss: 0.4390356963581271 Time: 0.8529068999923766
Train loss: 1.220466472166003 Val loss: 0.3248820526005674 Time: 0.8417893999721855
Train loss: 1.0327185546709394 Val loss: 0.35389514417501655 Time: 0.885331799974665
Train loss: 0.8709458189960628 Val loss: 0.39321463235857895 Time: 0.8748664000304416
Train loss: 0.9927930779334537 Val loss: 0.40472110626938657 Time: 1.0266627999953926
Train loss: 0.8558602018635995 Val loss: 0.3596378592592398 Time: 1.1135523000266403
Train loss: 0.898784618963532 Val loss: 0.3324109158207113 Time: 1.2061243000207469
Train loss: 0.8368659491159178 Val loss: 0.4009855413386052 Time: 1.172986299963668
Train loss: 0.8101037211769899 Val loss: 0.29938586464221423 Time: 1.2988168000010774
Train loss: 0.8634443607080868 Val loss: 0.35342945801825076 Time: 1.221489500021562
Train loss: 0.8530348736430255 Val loss: 0.26313342308568927 Time: 1.1559417999815196
Train loss: 0.9066604223950279 Val loss: 0.33001394657458 Time: 0.8944417999591678
Train loss: 0.7795376108012704 Val loss: 0.34189647315551724 Time: 0.9958367999643087
Train loss: 0.7733708196982718 Val loss: 0.4234125968034275 Time: 0.883159099961631
Train loss: 0.7235543671597817 Val loss: 0.2994861432002163 Time: 0.8548280000686646
Train loss: 0.8129057865595541 Val loss: 0.36708309115777016 Time: 0.8690692000091076
Train loss: 0.7957270448270464 Val loss: 0.3107312970284873 Time: 0.9108135000569746
Train loss: 0.7021230015718141 Val loss: 0.27791302699041165 Time: 0.9173298999667168
Train loss: 0.765774118792784 Val loss: 0.16480679752860472 Time: 0.9055711999535561
Train loss: 0.7712351147269576 Val loss: 0.16984128231377896 Time: 0.934561200090684
Train loss: 0.7652950878175235 Val loss: 0.34114702935104607 Time: 0.8781455000862479
Train loss: 0.6876657643555726 Val loss: 0.32407607783082487 Time: 0.8976537000853568
Train loss: 0.7495860550673612 Val loss: 0.33449224361487556 Time: 0.8826222000643611
Train loss: 0.7556144910630849 Val loss: 0.2169384368097556 Time: 0.9469404000556096
Train loss: 0.6534004058407215 Val loss: 0.12756097792621066 Time: 0.9498355999821797
Train loss: 0.6978457744931781 Val loss: 0.126838740057885 Time: 1.0203998000361025
Train loss: 0.6594143274356639 Val loss: 0.14081202833648093 Time: 1.160202999948524
Train loss: 0.8143600163538238 Val loss: 0.10954305553713665 Time: 1.3753087999066338
Train loss: 0.6575684555563033 Val loss: 0.3783570676225934 Time: 1.1020894999383017
Train loss: 0.7367302946084067 Val loss: 0.240630526475836 Time: 0.8304996000370011
Train loss: 0.64664333124883 Val loss: 0.3997406067223142 Time: 0.9063677000813186
Train loss: 0.7641349977994629 Val loss: 0.15614917897824898 Time: 0.896863600006327
Train loss: 0.6834920887989 Val loss: 0.17078663641321107 Time: 0.8790273999329656
Train loss: 0.6983834582853277 Val loss: 0.18480546599405612 Time: 0.8982068999903277
Train loss: 0.6202909015224822 Val loss: 0.28519749357488605 Time: 0.8949758999515325
Train loss: 0.6956559957013333 Val loss: 0.41478787811099027 Time: 0.8415291999699548
Train loss: 0.600440537711421 Val loss: 0.11297752070947659 Time: 0.926974100060761
Train loss: 0.6945789104446485 Val loss: 0.27477198309160794 Time: 0.8649411000078544
Train loss: 0.6592122003267065 Val loss: 0.17972800152109036 Time: 0.8659040000056848
Train loss: 0.6644354962974077 Val loss: 0.291088475845812 Time: 0.8682344000553712
Train loss: 0.5746547796309223 Val loss: 0.2985966067121071 Time: 1.0204421000089496
Train loss: 0.6372478471892009 Val loss: 0.26636575297703524 Time: 1.3629202999873087
Train loss: 0.646483657349922 Val loss: 0.33749954385413006 Time: 1.2941681999946013
Train loss: 0.622395025761197 Val loss: 0.20761340961132674 Time: 1.2173816000577062
Train loss: 0.553588173338377 Val loss: 0.2381849340518769 Time: 1.0521291000768542
Train loss: 0.5511317007639018 Val loss: 0.2808509584800506 Time: 0.9952797000296414
Train loss: 0.4816890614652123 Val loss: 0.17915137252167068 Time: 1.1902533998945728
Train loss: 0.6827519496806929 Val loss: 0.3508191914792832 Time: 1.1383979000383988
Train loss: 0.6075744590694088 Val loss: 0.4499368211896728 Time: 0.98996600008104
Train loss: 0.5375326567201029 Val loss: 0.35298579161193283 Time: 0.883556199958548
Train loss: 0.5347554265534811 Val loss: 0.20887665185747853 Time: 0.9430970000103116
Train loss: 0.5224102421913555 Val loss: 0.34333234657353034 Time: 0.9063710999907926
Train loss: 0.5449595397876372 Val loss: 0.24718874005772307 Time: 0.8639093999518082
Train loss: 0.5430463331312012 Val loss: 0.19391989707658314 Time: 0.8306777999969199
Train loss: 0.59899529213736 Val loss: 0.11029579392973404 Time: 0.8785068000433967
Train loss: 0.5640325205400467 Val loss: 0.35290596603908764 Time: 0.9810275000054389
Shrinking learning rate to 1e-05
Train loss: 0.5803685769010762 Val loss: 0.22575392288531249 Time: 0.94411849998869
Train loss: 0.5225648200490056 Val loss: 0.2267460626616257 Time: 0.9523173000197858
Train loss: 0.524815585443946 Val loss: 0.2313345469903499 Time: 0.9060103000374511
Train loss: 0.4992996042286677 Val loss: 0.25482677890905586 Time: 0.8444025000790134
Train loss: 0.49212564841867845 Val loss: 0.2449559151961221 Time: 0.8576106999535114
Train loss: 0.5236253694087436 Val loss: 0.24838933771541394 Time: 0.8747599000344053
Train loss: 0.5004458877049203 Val loss: 0.24630518829332104 Time: 0.82950970006641
Train loss: 0.4681011081999884 Val loss: 0.24560276672395862 Time: 0.8527496999595314
Train loss: 0.4748340487433822 Val loss: 0.25376463041787506 Time: 0.8582054000580683
Train loss: 0.49660185069786067 Val loss: 0.24607325171616148 Time: 0.8638261999003589
Train loss: 0.5070265032317112 Val loss: 0.2541586363223079 Time: 0.8481520999921486
Train loss: 0.4809430280183644 Val loss: 0.2437942568881061 Time: 0.9057394999545068
Train loss: 0.5093373856233665 Val loss: 0.261431420280921 Time: 0.8585557999322191
Train loss: 0.44163435365980597 Val loss: 0.269042846465004 Time: 1.024252700037323
Train loss: 0.44054895591285526 Val loss: 0.2720991238516121 Time: 1.1926945000886917
Train loss: 0.4560030154857735 Val loss: 0.2578148435610389 Time: 1.0633824999677017
Train loss: 0.45911606343624456 Val loss: 0.2722376369902107 Time: 1.1283138000871986
Train loss: 0.4721236845538268 Val loss: 0.2621457423891604 Time: 0.8970058999257162
Train loss: 0.40803289333358794 Val loss: 0.24182173110605532 Time: 0.9179188000271097
Train loss: 0.4486342645847117 Val loss: 0.2725966437795658 Time: 0.8825687000062317
Train loss: 0.4690813588660188 Val loss: 0.257265777554349 Time: 0.8392662000842392
Train loss: 0.46863612381694986 Val loss: 0.26026270438290755 Time: 0.829554499941878
Train loss: 0.44827195377878937 Val loss: 0.26351959646320516 Time: 0.8506126999855042
Train loss: 0.4419613736389998 Val loss: 0.2607192529560259 Time: 0.8390806999523193
Train loss: 0.46237952149562034 Val loss: 0.25840490558493284 Time: 0.8433433000463992
Train loss: 0.44790281635428997 Val loss: 0.2530359924232441 Time: 0.8803005999652669
Train loss: 0.4160620649479152 Val loss: 0.2617234288743756 Time: 0.8668607999570668
Train loss: 0.4763114716772714 Val loss: 0.2799902480301968 Time: 0.9348855999996886
Shrinking learning rate to 1.0000000000000002e-06
Train loss: 0.45743627806778875 Val loss: 0.24384082404681093 Time: 0.8570446000667289
Train loss: 0.44260321611176856 Val loss: 0.2454086354722628 Time: 0.8305638999445364
Train loss: 0.48189518772036766 Val loss: 0.2480455892654029 Time: 0.8350905999541283
Train loss: 0.4191937464193265 Val loss: 0.24614166649978572 Time: 0.8522450999589637
Train loss: 0.5213036284224675 Val loss: 0.2460600370826832 Time: 0.8520466999616474
Train loss: 0.47397815272668087 Val loss: 0.24585430165041694 Time: 0.8514357999665663
Train loss: 0.42548021180980555 Val loss: 0.24596454347021618 Time: 0.8879244000418112
Train loss: 0.48336272549245507 Val loss: 0.24886799231760545 Time: 0.8944581999676302
Train loss: 0.46761448101229064 Val loss: 0.24708648183604331 Time: 0.9707796999718994
Train loss: 0.5136717029580424 Val loss: 0.2514999922566072 Time: 0.958488899981603
Shrinking learning rate to 1.0000000000000002e-07
Learning rate getting small
Complete
 Total time: 102.57636750000529