starting log for model: models/gru_lin1_fcast_20_new_22-23.pth
Train loss: 14.455926110857604 Val loss: 1.6673045425988062 Time: 0.4737955829996281
Train loss: 14.347956541544136 Val loss: 1.6550267417090287 Time: 0.46970254200005
Train loss: 13.782714137119063 Val loss: 1.6067487550903619 Time: 0.49317291600073077
Train loss: 11.958371987808945 Val loss: 1.3809202559718232 Time: 0.5301447499996357
Train loss: 8.82543552809021 Val loss: 1.0275509999181636 Time: 0.5047146659999271
Train loss: 7.001653328971059 Val loss: 0.8375505091663016 Time: 0.5334312080003656
Train loss: 6.527256812205499 Val loss: 0.7868559274891133 Time: 0.46635712499937654
Train loss: 6.294930757822115 Val loss: 0.7584428199939534 Time: 0.46980583399999887
Train loss: 6.083595907039296 Val loss: 0.7328351477317991 Time: 0.46651783299967065
Train loss: 5.88546049970455 Val loss: 0.7153960183442724 Time: 0.4532667500006937
Train loss: 5.718469589821325 Val loss: 0.6969398472828606 Time: 0.46809304100042937
Train loss: 5.477600816690526 Val loss: 0.6698075550314619 Time: 0.4587427500000558
Train loss: 5.3534310237954585 Val loss: 0.6544371057597069 Time: 0.4454742090001673
Train loss: 5.241189967964574 Val loss: 0.6429318233952169 Time: 0.4265372080008092
Train loss: 5.124620322052522 Val loss: 0.6283811978467198 Time: 0.44653504100006103
Train loss: 4.945894177300382 Val loss: 0.6094141268643838 Time: 0.5170607089994519
Train loss: 4.758695247603843 Val loss: 0.5881218111724019 Time: 0.5477448749998075
Train loss: 4.582690215164032 Val loss: 0.5692849686806812 Time: 0.5061924169995109
Train loss: 4.332991437756398 Val loss: 0.5442476287790948 Time: 0.49819954199938365
Train loss: 4.158711997920818 Val loss: 0.5129968330705026 Time: 0.4906388329991387
Train loss: 3.9446630520189867 Val loss: 0.47561818558949454 Time: 0.4620959160001803
Train loss: 3.780409007561877 Val loss: 0.4601858469558776 Time: 0.4687133340003129
Train loss: 3.6983600402637586 Val loss: 0.4456171193557952 Time: 0.46580591699967044
Train loss: 3.5466500543388406 Val loss: 0.4253272474513729 Time: 0.46752091700000165
Train loss: 3.387831787862412 Val loss: 0.40017619285861944 Time: 0.5814761249994262
Train loss: 3.2743878316780766 Val loss: 0.3940126469644644 Time: 0.45034995800051547
Train loss: 3.1036144399576617 Val loss: 0.36866906043473185 Time: 0.481453500000498
Train loss: 3.0606305236214704 Val loss: 0.3567721827986381 Time: 0.5074237919998268
Train loss: 2.8973312719982403 Val loss: 0.32848099375243145 Time: 0.5046446249998553
Train loss: 2.8091743469415533 Val loss: 0.31871969869562267 Time: 0.46078633300021465
Train loss: 2.771768051629042 Val loss: 0.30859920570918836 Time: 0.4560908749999726
Train loss: 2.6401006763110875 Val loss: 0.2926096231195513 Time: 0.4753181249998306
Train loss: 2.5936459521529827 Val loss: 0.285300906605099 Time: 0.4890055840005516
Train loss: 2.5157492916303283 Val loss: 0.27808168896270413 Time: 0.4620145830003821
Train loss: 2.4287268490629383 Val loss: 0.26686250523771243 Time: 0.4546057079996899
Train loss: 2.4194201404457685 Val loss: 0.2633687932326442 Time: 0.5027514160001374
Train loss: 2.3169107798148794 Val loss: 0.2526882151956496 Time: 0.45319924999967043
Train loss: 2.211536758756779 Val loss: 0.24377837438054475 Time: 0.46080129199981457
Train loss: 2.2052643823627065 Val loss: 0.24370137427934002 Time: 0.447509959000854
Train loss: 2.124427636591083 Val loss: 0.23523148858011886 Time: 0.4388749589998042
Train loss: 1.9560608392527157 Val loss: 0.21977992575221877 Time: 0.4319348750004792
Train loss: 2.0908961092380185 Val loss: 0.23212519253798725 Time: 0.4319916659997034
Train loss: 2.009741491534072 Val loss: 0.22620477858735336 Time: 0.4203841669996109
Train loss: 1.9731443039765078 Val loss: 0.22248537064181434 Time: 0.4501516250002169
Train loss: 1.9728117808318677 Val loss: 0.22118260754712116 Time: 0.45543616699978884
Train loss: 1.8970063693165855 Val loss: 0.21596482286760804 Time: 0.4323075410002275
Train loss: 1.8173665452543446 Val loss: 0.20743636408266677 Time: 0.4289570000000822
Train loss: 1.961435600459862 Val loss: 0.23149908910111808 Time: 0.45092762500007666
Train loss: 1.7856809387825407 Val loss: 0.2081985243422874 Time: 0.4468377909997798
Train loss: 1.8095574340973997 Val loss: 0.21122604691210378 Time: 0.4348142500002723
Train loss: 1.7528935786945397 Val loss: 0.20432528617799986 Time: 0.5075809159998244
Train loss: 1.7593210878249481 Val loss: 0.2025494817506113 Time: 0.4729406659998858
Train loss: 1.6411945553758727 Val loss: 0.19298359184550948 Time: 0.46522320799977024
Train loss: 1.6555486596450866 Val loss: 0.1991105006055209 Time: 0.4731729590002942
Train loss: 1.5931973097330854 Val loss: 0.1910406701913231 Time: 0.4644048330001169
Train loss: 1.6142153342451309 Val loss: 0.1913187629907278 Time: 0.4591862500001298
Train loss: 1.599076068256097 Val loss: 0.19318749653423128 Time: 0.45846008299940877
Train loss: 1.5447943796039674 Val loss: 0.1948735253425436 Time: 0.5884231660002115
Train loss: 1.5060348239683634 Val loss: 0.1900808079636814 Time: 0.5180239159999473
Train loss: 1.503786281729674 Val loss: 0.18104438578919083 Time: 0.5205013330005386
Train loss: 1.4127337753225255 Val loss: 0.18963743017818055 Time: 0.4662909589997071
Train loss: 1.4947807582495116 Val loss: 0.1875861406434376 Time: 0.4829116669998257
Train loss: 1.3899166775577143 Val loss: 0.18920763665241389 Time: 0.4680949169996893
Train loss: 1.417406844467699 Val loss: 0.17525868087836818 Time: 0.5775005409996083
Train loss: 1.3909438851346891 Val loss: 0.19512010619681774 Time: 0.4645072080002137
Train loss: 1.4648050096860736 Val loss: 0.18143106618012575 Time: 0.4545277500001248
Train loss: 1.3015112379246787 Val loss: 0.17648521127181763 Time: 0.4560198749995834
Train loss: 1.3034722594201185 Val loss: 0.18160704177008602 Time: 0.4683291660003306
Train loss: 1.4530141816399658 Val loss: 0.17803567521819072 Time: 0.45072233300015796
Train loss: 1.3014824316973197 Val loss: 0.18412159019890442 Time: 0.46197283399942535
Train loss: 1.3289895563013392 Val loss: 0.17935099899711926 Time: 0.4476901660000294
Train loss: 1.3208434672984026 Val loss: 0.17331069634439822 Time: 0.4577021670002068
Train loss: 1.2535546726253166 Val loss: 0.2017899708835802 Time: 0.461460999999872
Train loss: 1.320345072118549 Val loss: 0.19948383473353232 Time: 0.46019650000016554
Train loss: 1.2299351022567606 Val loss: 0.21648145866174953 Time: 0.44518062499992084
Train loss: 1.252152368454432 Val loss: 0.2096442183801884 Time: 0.4395559169997796
Train loss: 1.280983158436726 Val loss: 0.29254725052834485 Time: 0.4842596250000497
Train loss: 1.313953545695174 Val loss: 0.20683152345692038 Time: 0.45356195800013666
Train loss: 1.119702634049986 Val loss: 0.20685126760742265 Time: 0.43683570899975166
Train loss: 1.1865894359926585 Val loss: 0.2345603270509758 Time: 0.45508833399981086
Train loss: 1.4200247611604047 Val loss: 0.2564292771838142 Time: 0.45165979199919093
Train loss: 1.1501962716144574 Val loss: 0.21292521017450994 Time: 0.46069249999982276
Train loss: 1.1749950262289417 Val loss: 0.22081764329098577 Time: 0.46897333299966704
Train loss: 1.1008127290078988 Val loss: 0.23609096549605163 Time: 0.45484825000039564
Train loss: 1.1000389957072905 Val loss: 0.27224434350118765 Time: 0.46257799999966664
Train loss: 1.173944608005013 Val loss: 0.2598226674292227 Time: 0.5211617909999404
Train loss: 1.1080343209488746 Val loss: 0.25217234931118865 Time: 0.4556197920001068
Train loss: 1.0484583480912502 Val loss: 0.18053663809155676 Time: 0.45135779099928186
Train loss: 1.0669578404370306 Val loss: 0.2336257892644602 Time: 0.46385183299935306
Train loss: 1.0975001895305319 Val loss: 0.2792479953078661 Time: 0.43610858299962274
Train loss: 1.0980217997101676 Val loss: 0.2113425335296692 Time: 0.4443797089998043
Train loss: 0.9948380903018199 Val loss: 0.18007275371933612 Time: 0.43985637499918084
Train loss: 1.0127543654592337 Val loss: 0.1794541199027328 Time: 0.45820562499920925
Train loss: 0.9922024010495711 Val loss: 0.22208484401000905 Time: 0.43865837499924965
Train loss: 1.0233272896143575 Val loss: 0.2451065560933135 Time: 0.45177858299939544
Train loss: 1.0352805202766717 Val loss: 0.1520110222714663 Time: 0.4652647499997329
Train loss: 0.9988112610811584 Val loss: 0.23759145056822734 Time: 0.44816475000061473
Train loss: 1.0319909141049948 Val loss: 0.22453171776039638 Time: 0.47116899999946327
Train loss: 0.8860574986263929 Val loss: 0.1981787198180473 Time: 0.44664662500053964
Train loss: 1.0185498746430426 Val loss: 0.2675935029804416 Time: 0.4515216660001897
Train loss: 1.0317454417920269 Val loss: 0.2508394259192468 Time: 0.43925824999951146
Train loss: 1.1850998844432312 Val loss: 0.23418056050377745 Time: 0.47507216699978017
Train loss: 0.9009839985454953 Val loss: 0.19652778621534728 Time: 0.4550450830001864
Train loss: 1.0219064743725177 Val loss: 0.18176606762285386 Time: 0.46849050000037096
Train loss: 0.8740204091678194 Val loss: 0.24757299421285647 Time: 0.4584167909997632
Train loss: 0.8715205003511315 Val loss: 0.27174277240666334 Time: 0.4594826659995306
Train loss: 0.8755566043091216 Val loss: 0.25873157801555224 Time: 0.4546638330002679
Train loss: 0.8863777735070828 Val loss: 0.24364661955429504 Time: 0.4436763330004396
Train loss: 1.3083004452126383 Val loss: 0.23921477114985143 Time: 0.4525588329997845
Train loss: 0.970075053532284 Val loss: 0.25489581801593897 Time: 0.4542482500000915
Train loss: 0.9295047928616995 Val loss: 0.27144050469797903 Time: 0.44111483300002874
Train loss: 0.9204703466499417 Val loss: 0.3256203900832905 Time: 0.4547919999995429
Train loss: 0.9240523303173305 Val loss: 0.2577196028654682 Time: 0.45636545900015335
Train loss: 0.8749361322769751 Val loss: 0.24884401337706152 Time: 0.4511424580005041
Train loss: 0.8580451001932374 Val loss: 0.2319179822215409 Time: 0.4448713330002647
Train loss: 0.8349544625051806 Val loss: 0.2856681626360976 Time: 0.4490974999998798
Train loss: 0.9935706573450782 Val loss: 0.3701286607791849 Time: 0.45527354200021364
Train loss: 1.117791872790555 Val loss: 0.23008212899574454 Time: 0.4554860420003024
Train loss: 0.8995613164508001 Val loss: 0.23688173307392862 Time: 0.45050412500040693
Train loss: 0.8499242295774811 Val loss: 0.31334517680486607 Time: 0.4398994170005608
Train loss: 0.839125599283264 Val loss: 0.27300226743211714 Time: 0.44711670800006686
Train loss: 0.7890014991520786 Val loss: 0.24534016580837117 Time: 0.45610916699934023
Train loss: 0.8101986348203702 Val loss: 0.2843618077981055 Time: 0.4550952920008058
Train loss: 0.8473344754869032 Val loss: 0.2609901876508952 Time: 0.4595902920000299
Train loss: 0.8004819035207333 Val loss: 0.23996256645940525 Time: 0.4659312500007218
Train loss: 0.7411359335306891 Val loss: 0.2512455428182849 Time: 0.4501637090006625
Train loss: 0.7808967808821965 Val loss: 0.26012524033503986 Time: 0.4621725000006336
Train loss: 0.8110318959973326 Val loss: 0.31836400523547115 Time: 0.47158924999985175
Train loss: 0.7810419499803816 Val loss: 0.26906872724896763 Time: 0.4609097499997006
Train loss: 1.1354558538111252 Val loss: 0.23215735502813703 Time: 0.45501345800039417
Train loss: 1.0581249086167546 Val loss: 0.2362771908500598 Time: 0.46474041700003
Train loss: 0.7994143208869993 Val loss: 0.28632766229176754 Time: 0.49548775000039313
Train loss: 0.866844958568675 Val loss: 0.28459702762647776 Time: 0.4727869580001425
Train loss: 0.7361623621714024 Val loss: 0.25755511996039093 Time: 0.4585449160003918
Train loss: 0.7315324803898235 Val loss: 0.30361173517819084 Time: 0.464360250000027
Train loss: 0.8160253338484154 Val loss: 0.2196493495852063 Time: 0.4627620829996886
Train loss: 0.8851387088855631 Val loss: 0.2293321044831407 Time: 0.4712954999995418
Train loss: 0.8739206568989104 Val loss: 0.37313947520490004 Time: 0.4552530829996613
Train loss: 0.7491028081958646 Val loss: 0.26985792854870716 Time: 0.4594501659994421
Train loss: 0.7400174588350552 Val loss: 0.2702801522288349 Time: 0.4572630830007256
Train loss: 0.7595032950784386 Val loss: 0.38561499875345656 Time: 0.44717737500013754
Train loss: 0.792963761696706 Val loss: 0.235397441031765 Time: 0.4613419580000482
Train loss: 0.9893667773287831 Val loss: 0.2299631424288132 Time: 0.45289704100014205
Train loss: 0.7688678321957081 Val loss: 0.18010393956216667 Time: 0.4770862079994913
Shrinking learning rate to 1e-05
Train loss: 0.8653126910091515 Val loss: 0.27030830174269577 Time: 0.4763409170000159
Train loss: 0.7840383796710668 Val loss: 0.2610778098706689 Time: 0.4588311249999606
Train loss: 0.7715068482438596 Val loss: 0.25645404633610497 Time: 0.4882964169992192
Train loss: 0.7308523723833424 Val loss: 0.2525153368864935 Time: 0.46722533400043176
Train loss: 0.7257341870869647 Val loss: 0.2501296533243971 Time: 0.47632912500012026
Train loss: 0.7455738534663823 Val loss: 0.2504189488011069 Time: 0.4691579999998794
Train loss: 0.7451787731862574 Val loss: 0.2493952208261249 Time: 0.4602227080004013
Train loss: 0.714930994999392 Val loss: 0.24604190416159558 Time: 0.4740886250001495
Train loss: 0.7185088303152156 Val loss: 0.24803068845955967 Time: 0.47655666599985125
Train loss: 0.6868465294208619 Val loss: 0.2446254040383277 Time: 0.4662652090000847
Train loss: 0.672705117755342 Val loss: 0.2458312373050911 Time: 0.4644304169996758
Train loss: 0.6819292298969586 Val loss: 0.2436759939369854 Time: 0.4697476249993997
Train loss: 0.7047714495030313 Val loss: 0.2452813205347519 Time: 0.4701352500005669
Train loss: 0.7162415522565908 Val loss: 0.2471918565290253 Time: 0.4742046670007767
Train loss: 0.7350179195570574 Val loss: 0.24671898348778998 Time: 0.49932470899966575
Train loss: 0.6509648874601872 Val loss: 0.24727369060279877 Time: 0.4628623329999755
Train loss: 0.624624040797455 Val loss: 0.2460112889624534 Time: 0.4793819999995321
Train loss: 0.687651631087931 Val loss: 0.24427682031916698 Time: 0.47746187499978987
Train loss: 0.6651771674291354 Val loss: 0.2456585093949444 Time: 0.4681948330007799
Train loss: 0.6425268240658539 Val loss: 0.24287198672702465 Time: 0.4846743340003741
Train loss: 0.6608794120219095 Val loss: 0.2452313594742917 Time: 0.47882300000037503
Train loss: 0.6377055089044745 Val loss: 0.24481353919683252 Time: 0.4677970839993577
Train loss: 0.6059689321960651 Val loss: 0.24549520788052095 Time: 0.4686863329998232
Train loss: 0.6774773467481481 Val loss: 0.2471848133877859 Time: 0.48223508299997775
Train loss: 0.6452574988366213 Val loss: 0.2475789698199443 Time: 0.4729107920002207
Train loss: 0.6397074162641267 Val loss: 0.2485135950167414 Time: 0.49121712499982095
Train loss: 0.6678620794741335 Val loss: 0.24678862127972764 Time: 0.4776026669997009
Train loss: 0.6266010860110782 Val loss: 0.24701863241726563 Time: 0.466356041999461
Train loss: 0.692394495834165 Val loss: 0.24760542430139834 Time: 0.5459061250003288
Train loss: 0.7097336729501897 Val loss: 0.25044260570367494 Time: 0.49612812499981374
Train loss: 0.6198643020577279 Val loss: 0.244754315554701 Time: 0.4909975000000486
Train loss: 0.6879989399282005 Val loss: 0.24936010491408145 Time: 0.4790298750003785
Shrinking learning rate to 1.0000000000000002e-06
Train loss: 0.6281647535405313 Val loss: 0.24602552158892266 Time: 0.4860678340000959
Train loss: 0.6410075442738856 Val loss: 0.24644399355511756 Time: 0.4927890409999236
Train loss: 0.635184624635883 Val loss: 0.24609963244398508 Time: 0.4908884160004163
Train loss: 0.6185945589737294 Val loss: 0.24585439124998068 Time: 0.4955955420000464
Train loss: 0.6071940511632192 Val loss: 0.2453934064027935 Time: 0.4825901249996605
Train loss: 0.685306834892927 Val loss: 0.2472296388579399 Time: 0.49281504200007475
Train loss: 0.6425169247286533 Val loss: 0.2455621478440616 Time: 0.4887804159998268
Train loss: 0.6470769571962478 Val loss: 0.2454931117096317 Time: 0.4756572079995749
Train loss: 0.6196047584601247 Val loss: 0.24448786816295673 Time: 0.4797812500000873
Train loss: 0.6449807746591638 Val loss: 0.24511054974632548 Time: 0.48756491700078186
Shrinking learning rate to 1.0000000000000002e-07
Learning rate getting small
Complete
 Total time: 87.37706033300037