starting log for model: models/gru_comb_fcast_23_new_23-24.pth
Train loss: 15.786865273156636 Val loss: 1.7523646352591236 Time: 0.35205558300367557
Train loss: 11.58371672656746 Val loss: 1.3361816284882675 Time: 0.3206352080014767
Train loss: 8.932875023077031 Val loss: 1.0677063732711785 Time: 0.3228789999993751
Train loss: 7.597936194883986 Val loss: 0.9264936812833061 Time: 0.3365659590053838
Train loss: 7.25244851737528 Val loss: 0.8788551103096067 Time: 0.32087612499890383
Train loss: 6.769089315709039 Val loss: 0.820788921398525 Time: 0.30960191700432915
Train loss: 6.704377977586134 Val loss: 0.8104449610943569 Time: 0.3115618329902645
Train loss: 6.339651797998021 Val loss: 0.7721618122741556 Time: 0.3119289589958498
Train loss: 6.286137568872526 Val loss: 0.7525382265711128 Time: 0.30962450000515673
Train loss: 6.210431722884977 Val loss: 0.7422107994667921 Time: 0.32383108300564345
Train loss: 5.753639643200902 Val loss: 0.6969657184200551 Time: 0.3110330839990638
Train loss: 5.617698615686152 Val loss: 0.6766217398403667 Time: 0.30834170800517313
Train loss: 5.68243447022524 Val loss: 0.6750940930251116 Time: 0.31037049999576993
Train loss: 5.213006956657247 Val loss: 0.6338422135604076 Time: 0.3106746250123251
Train loss: 5.45322677382444 Val loss: 0.6519733401591191 Time: 0.30722258301102556
Train loss: 5.0842971201741936 Val loss: 0.6096968154122492 Time: 0.30960970900196116
Train loss: 4.820987212519469 Val loss: 0.5853304084046355 Time: 0.3266588749975199
Train loss: 4.57510941616572 Val loss: 0.5545512586741761 Time: 0.30855437500576954
Train loss: 4.793622577648449 Val loss: 0.5701129696386457 Time: 0.30847083299886435
Train loss: 4.223409932829327 Val loss: 0.5265215522009151 Time: 0.3088671669975156
Train loss: 4.436969738075483 Val loss: 0.5317032493552931 Time: 0.3085877499979688
Train loss: 4.174308243966436 Val loss: 0.5102531538935198 Time: 0.30726162499922793
Train loss: 4.279565764507531 Val loss: 0.5051440282593441 Time: 0.3119664169935277
Train loss: 3.955628580365267 Val loss: 0.4755378063597545 Time: 0.3142177499976242
Train loss: 3.8879475164875394 Val loss: 0.46282010941207946 Time: 0.3064897500007646
Train loss: 3.8813369412392262 Val loss: 0.46750263244650414 Time: 0.30780566699104384
Train loss: 3.6739617640665188 Val loss: 0.4347329732051868 Time: 0.3099947919981787
Train loss: 3.235937348170195 Val loss: 0.46523336749169464 Time: 0.3099605830066139
Train loss: 3.4923242521763065 Val loss: 0.42794414550514537 Time: 0.3078112079965649
Train loss: 3.0573991246330863 Val loss: 0.3755807844441197 Time: 0.3286830419965554
Train loss: 3.3144945788368716 Val loss: 0.4047262474047328 Time: 0.31042429100489244
Train loss: 2.9859649398305237 Val loss: 0.36573257883092236 Time: 0.3073405420000199
Train loss: 2.7974889634109585 Val loss: 0.3374299297455276 Time: 0.30883912500576116
Train loss: 2.80897889477719 Val loss: 0.3574921112464692 Time: 0.33355454199772794
Train loss: 2.9275808424061154 Val loss: 0.3412943240401522 Time: 0.3076855830004206
Train loss: 2.74675013034754 Val loss: 0.3240728841430246 Time: 0.3089334999967832
Train loss: 2.5763707547597265 Val loss: 0.31480645236142113 Time: 0.3281312499893829
Train loss: 2.3430330784630824 Val loss: 0.2545293455323747 Time: 0.3068450419959845
Train loss: 2.4987964389176724 Val loss: 0.28353168236073506 Time: 0.3108055000047898
Train loss: 2.5476924906976754 Val loss: 0.2840561938874956 Time: 0.30863658299495
Train loss: 2.4891995809312277 Val loss: 0.2778134801843679 Time: 0.326397040989832
Train loss: 2.4530559340860485 Val loss: 0.2643567839578168 Time: 0.30894666600215714
Train loss: 2.4651077006650244 Val loss: 0.27724194664932367 Time: 0.31682712500332855
Train loss: 2.1302509747032605 Val loss: 0.23748558295568328 Time: 0.30576966700027697
Train loss: 2.037258141682173 Val loss: 0.23125680433367068 Time: 0.32486337500449736
Train loss: 2.350110877211417 Val loss: 0.24746333817151903 Time: 0.3206879170029424
Train loss: 2.162216610802073 Val loss: 0.248877107636509 Time: 0.309399208999821
Train loss: 2.0065250333277866 Val loss: 0.2128501838787589 Time: 0.3058703749993583
Train loss: 2.0417483188923597 Val loss: 0.23545971380748906 Time: 0.31031866700504906
Train loss: 2.1221353625082884 Val loss: 0.23480858606148655 Time: 0.3188499589887215
Train loss: 1.8787116609972347 Val loss: 0.21487084999506087 Time: 0.30637074999685865
Train loss: 1.8267141881301967 Val loss: 0.22583118813585834 Time: 0.30576504100463353
Train loss: 1.841894717099823 Val loss: 0.19873555250004155 Time: 0.3057207920064684
Train loss: 1.893221867286389 Val loss: 0.19554386140123964 Time: 0.30602929199812934
Train loss: 1.8506881421584254 Val loss: 0.22614839911111684 Time: 0.3073932080005761
Train loss: 1.8604930333066818 Val loss: 0.23111617390505304 Time: 0.32175433399970643
Train loss: 1.8126398076122143 Val loss: 0.22061462765047474 Time: 0.30552570799773093
Train loss: 1.6804505986512532 Val loss: 0.18452489147070758 Time: 0.3136448330042185
Train loss: 1.6998414228637095 Val loss: 0.21486027792955112 Time: 0.3086508749984205
Train loss: 1.8744557634024726 Val loss: 0.23601942579868704 Time: 0.30611595799564384
Train loss: 1.726046321900096 Val loss: 0.22472893291676166 Time: 0.30515625000407454
Train loss: 1.676290382370155 Val loss: 0.23021495178748114 Time: 0.30667554200044833
Train loss: 1.6476460675705908 Val loss: 0.1811714436669157 Time: 0.32291737500054296
Train loss: 1.6169666067132766 Val loss: 0.1733681969093339 Time: 0.31096266700478736
Train loss: 1.7382530293335208 Val loss: 0.20127061231966034 Time: 0.30680029198993
Train loss: 1.4290471988812214 Val loss: 0.18343356186283707 Time: 0.3068964580015745
Train loss: 1.4528763266698093 Val loss: 0.18420071875883548 Time: 0.3099487500003306
Train loss: 1.4390309053580381 Val loss: 0.156630160793787 Time: 0.30778466699121054
Train loss: 1.5769596653302642 Val loss: 0.18155518432804257 Time: 0.32935737499792594
Train loss: 1.4198163975164775 Val loss: 0.2224642493042009 Time: 0.31414058301015757
Train loss: 1.452727945858996 Val loss: 0.20335895557299025 Time: 0.3144782919989666
Train loss: 1.3759954665354428 Val loss: 0.18049390515543923 Time: 0.31425491599657107
Train loss: 1.3302227664049013 Val loss: 0.150931762404833 Time: 0.313466999999946
Train loss: 1.41781299635963 Val loss: 0.16335669896114555 Time: 0.3144144160032738
Train loss: 1.297232688574212 Val loss: 0.1718966870723136 Time: 0.31542770900705364
Train loss: 1.3272250949302826 Val loss: 0.17555247093189286 Time: 0.3270138750085607
Train loss: 1.2067032134781357 Val loss: 0.16147112603515618 Time: 0.31445012500626035
Train loss: 1.3878532298952706 Val loss: 0.1536189578521506 Time: 0.3132457079918822
Train loss: 1.204669332749809 Val loss: 0.14494611416972422 Time: 0.3184073750016978
Train loss: 1.2439743880064498 Val loss: 0.1596653457015606 Time: 0.315285375007079
Train loss: 1.0807784103768725 Val loss: 0.17677590109741387 Time: 0.33697412500623614
Train loss: 1.1160696559335648 Val loss: 0.13719522484046412 Time: 0.4449742089927895
Train loss: 1.1864787103467336 Val loss: 0.16559862291517485 Time: 0.32044716700329445
Train loss: 1.1405414553431754 Val loss: 0.14732132490335859 Time: 0.321705666006892
Train loss: 1.2851996639560674 Val loss: 0.16930188110311298 Time: 0.32003133399121
Train loss: 1.1647722582419742 Val loss: 0.15211732936253247 Time: 0.33732574999157805
Train loss: 1.2224730773192585 Val loss: 0.1422828696612806 Time: 0.32233312500466127
Train loss: 1.2841943824252695 Val loss: 0.1912291177595998 Time: 0.3214187499979744
Train loss: 1.2165640414999472 Val loss: 0.19828361545207668 Time: 0.3373587910027709
Train loss: 1.1924085353813396 Val loss: 0.1464449858671219 Time: 0.3234228749934118
Shrinking learning rate to 1e-05
Train loss: 1.414156530868155 Val loss: 0.16170634129304765 Time: 0.324514874999295
Train loss: 1.265109453003035 Val loss: 0.14141905566035512 Time: 0.32511445799900685
Train loss: 1.3108340904001636 Val loss: 0.1459184733530019 Time: 0.3191302089981036
Train loss: 1.3317685743771221 Val loss: 0.14773056988579192 Time: 0.3201320840016706
Train loss: 1.2645582257298287 Val loss: 0.13993349496468427 Time: 0.33704995800508186
Train loss: 1.1822635919019757 Val loss: 0.13322053030544345 Time: 0.3218757909926353
Train loss: 1.2778486097376032 Val loss: 0.14550607212899722 Time: 0.32301845798792783
Train loss: 1.2818760160414095 Val loss: 0.14364822666955948 Time: 0.3246447499986971
Train loss: 1.1245708242413908 Val loss: 0.128995389218694 Time: 0.3241604999930132
Train loss: 1.2568637429778597 Val loss: 0.14335838702731885 Time: 0.32542887500312645
Shrinking learning rate to 1.0000000000000002e-06
Train loss: 2.0395423792641765 Val loss: 0.2428537005201475 Time: 0.3394973749964265
Train loss: 1.9248267217503532 Val loss: 0.2289730488082906 Time: 0.32486391699058004
Train loss: 1.7687069032162555 Val loss: 0.21241367271742423 Time: 0.3276864170038607
Train loss: 1.5607842069493927 Val loss: 0.19164388672020408 Time: 0.32806141598848626
Train loss: 1.6381790136807126 Val loss: 0.1947240835830556 Time: 0.329457291009021
Train loss: 1.6036051211133895 Val loss: 0.188812656319076 Time: 0.32671170799585525
Train loss: 1.5146829082821114 Val loss: 0.17855840326422415 Time: 0.34533916700456757
Train loss: 1.4217085911833465 Val loss: 0.16834946453719565 Time: 0.3332031250029104
Train loss: 1.3553617721226772 Val loss: 0.16002235874442755 Time: 0.3289033750043018
Train loss: 1.279998595025571 Val loss: 0.1522923019214732 Time: 0.32690537499729544
Shrinking learning rate to 1.0000000000000002e-07
Learning rate getting small
Complete
 Total time: 35.18311095800891