starting log for model: models/gru_lin1_fcast_19_new_22-23.pth
Train loss: 14.70132253147802 Val loss: 1.6642179223743552 Time: 0.4725615409988677
Train loss: 13.950146478544923 Val loss: 1.5900744514458462 Time: 0.4847550829999818
Train loss: 12.507395908951366 Val loss: 1.435018819413257 Time: 0.46941112499916926
Train loss: 9.001872142589406 Val loss: 1.040016454851415 Time: 0.4551144580000255
Train loss: 6.82565700183045 Val loss: 0.8364472394986752 Time: 0.4449451250002312
Train loss: 6.503900067243617 Val loss: 0.8069515826013696 Time: 0.46516070799953013
Train loss: 6.268052700353238 Val loss: 0.7832724086201265 Time: 0.47087516599822266
Train loss: 6.124386523002485 Val loss: 0.771220045579369 Time: 0.5415765000016108
Train loss: 5.9653129779638805 Val loss: 0.7529713753042764 Time: 0.4613978749985108
Train loss: 5.68342514375604 Val loss: 0.7305346021638923 Time: 0.4729092080015107
Train loss: 5.611197927894146 Val loss: 0.7201141059625269 Time: 0.46504983399972843
Train loss: 5.341338532535262 Val loss: 0.6925452998324539 Time: 0.4609660000005533
Train loss: 5.172195950560887 Val loss: 0.6774590942181347 Time: 0.4571042090010451
Train loss: 4.896745156228377 Val loss: 0.6409591722851938 Time: 0.46790024999972957
Train loss: 4.682289261673326 Val loss: 0.6118776058685254 Time: 0.43261866699867824
Train loss: 4.38351171996058 Val loss: 0.5742983122321695 Time: 0.4408819170002971
Train loss: 4.229161674723223 Val loss: 0.5457423032248796 Time: 0.4604013339994708
Train loss: 3.994034950835836 Val loss: 0.5114755411984954 Time: 0.4399554999999964
Train loss: 3.8031597930618304 Val loss: 0.47742401997009937 Time: 0.44608900000093854
Train loss: 3.557236795493872 Val loss: 0.46294443116569867 Time: 0.4377433749996271
Train loss: 3.340735075260568 Val loss: 0.4243359142483071 Time: 0.447065250000378
Train loss: 3.1446908543140495 Val loss: 0.3943913321795155 Time: 0.4583723329997156
Train loss: 3.009950817795122 Val loss: 0.36925330174945836 Time: 0.43676425000012387
Train loss: 2.929687418151774 Val loss: 0.35346565786333023 Time: 0.4483060829988972
Train loss: 2.788866486335494 Val loss: 0.33618860020846486 Time: 0.45073237500037067
Train loss: 2.541958927851053 Val loss: 0.3064448708263044 Time: 0.45634016599979077
Train loss: 2.5268795846437535 Val loss: 0.30566110257650864 Time: 0.43319220800003677
Train loss: 2.3914318990669843 Val loss: 0.2893387737990495 Time: 0.4301449579998007
Train loss: 2.269408992743166 Val loss: 0.28238776068956123 Time: 0.44753779100028623
Train loss: 2.2202580787160144 Val loss: 0.27118285677138726 Time: 0.4454521250008838
Train loss: 2.1100887909267954 Val loss: 0.265377620661624 Time: 0.44842487500136485
Train loss: 2.124988578409758 Val loss: 0.2605709108098342 Time: 0.4480028329999186
Train loss: 2.0267837850283286 Val loss: 0.2621541431490837 Time: 0.44178699999974924
Train loss: 2.0064157074131117 Val loss: 0.27104378222446507 Time: 0.44138787500014587
Train loss: 1.9309184686168388 Val loss: 0.24193570931519473 Time: 0.44577004200073134
Train loss: 1.9083240038513338 Val loss: 0.27885062229005786 Time: 0.45739891700031876
Train loss: 1.825293497309307 Val loss: 0.2576318471805656 Time: 0.44114770899977884
Train loss: 1.7518400960903477 Val loss: 0.2559662850475599 Time: 0.4423087499999383
Train loss: 1.780667161598311 Val loss: 0.2538716943705683 Time: 0.4492047919993638
Train loss: 1.6326926971225433 Val loss: 0.2501709759011203 Time: 0.4602503339992836
Train loss: 1.6441635848835432 Val loss: 0.31842648612569385 Time: 0.4412132910001674
Train loss: 1.6339378473228257 Val loss: 0.23759232006626968 Time: 0.4595239999998739
Train loss: 1.5894489780735022 Val loss: 0.2316968956023006 Time: 0.4345222499996453
Train loss: 1.548479245130725 Val loss: 0.24748338816377682 Time: 0.4532237500006886
Train loss: 1.5264088672881295 Val loss: 0.24708332474311853 Time: 0.4452787919999537
Train loss: 1.437843194754173 Val loss: 0.23673223454229536 Time: 0.43667195799935143
Train loss: 1.4863474930034728 Val loss: 0.23812810617594354 Time: 0.46250612500080024
Train loss: 1.3706033664191128 Val loss: 0.24739610298996859 Time: 0.45366091700088873
Train loss: 1.378091799712493 Val loss: 0.24215907196931802 Time: 0.47507291700094356
Train loss: 1.3882990876514256 Val loss: 0.21236605657541072 Time: 0.4664521659997263
Train loss: 1.3829087263904152 Val loss: 0.23250354235358875 Time: 0.45601874999920256
Train loss: 1.3570012641420393 Val loss: 0.22697473598173895 Time: 0.4623909590009134
Train loss: 1.307850415597187 Val loss: 0.26090295887197207 Time: 0.5155149589991197
Train loss: 1.2853443264984712 Val loss: 0.21370225588176361 Time: 0.45591779200003657
Train loss: 1.2525625340546753 Val loss: 0.23572591977522347 Time: 0.4542257079992851
Train loss: 1.2501526738805069 Val loss: 0.2359152710741845 Time: 0.44646245800140605
Train loss: 1.2244360046950806 Val loss: 0.246146682341146 Time: 0.46338387499963574
Train loss: 1.2323525075746726 Val loss: 0.23968681112758614 Time: 0.47192974999961734
Train loss: 1.2216580078143764 Val loss: 0.2456173533364659 Time: 0.4778284589992836
Train loss: 1.2064379500328082 Val loss: 0.291355314649373 Time: 0.47907054200004495
Train loss: 1.1908106540487298 Val loss: 0.21944429191952355 Time: 0.47545216599974083
Train loss: 1.182331103664126 Val loss: 0.302180521037492 Time: 0.4626795839994884
Train loss: 1.271295740080662 Val loss: 0.26670993182365577 Time: 0.4644448340004601
Train loss: 1.229385063207161 Val loss: 0.2704343587772853 Time: 0.47670441700029187
Train loss: 1.184158048872888 Val loss: 0.2669879960814145 Time: 0.455786624999746
Train loss: 1.1914321177445117 Val loss: 0.32449956560423626 Time: 0.46006499999930384
Train loss: 1.11559141831043 Val loss: 0.2974403060876749 Time: 0.4715416250000999
Train loss: 1.1474423381611167 Val loss: 0.2940523243101729 Time: 0.4795549160007795
Train loss: 1.0501659574559024 Val loss: 0.3201355112769946 Time: 0.4829111250001006
Train loss: 1.0504486383067047 Val loss: 0.25478251054212514 Time: 0.470067124999332
Train loss: 1.119660924137861 Val loss: 0.3132685684360808 Time: 0.4641871669991815
Train loss: 1.0912132519506734 Val loss: 0.2970375675546836 Time: 0.4681206250006653
Train loss: 1.0997608704024273 Val loss: 0.23341984832793003 Time: 0.4610393330003717
Train loss: 1.0317307611716338 Val loss: 0.28530253388395843 Time: 0.47369595899908745
Train loss: 1.1563267970961562 Val loss: 0.2765649092307919 Time: 0.4807388329991227
Train loss: 0.9390367299622406 Val loss: 0.2842676911418704 Time: 0.4747140830004355
Train loss: 1.2220249624431574 Val loss: 0.27244654285317277 Time: 0.4824025830002938
Train loss: 1.0551769599057366 Val loss: 0.2852109575576656 Time: 0.4517137080001703
Train loss: 0.9680968355926609 Val loss: 0.2701697934258497 Time: 0.4896105410007294
Train loss: 0.9213564485638415 Val loss: 0.2371675738043693 Time: 0.46832037499916623
Train loss: 0.908103622880926 Val loss: 0.2853840229187886 Time: 0.49908345800031384
Train loss: 0.9442820045412645 Val loss: 0.26723199814580695 Time: 0.4785602920001111
Train loss: 1.0034006929587989 Val loss: 0.3104166932749671 Time: 0.49289120899993577
Train loss: 1.0452196947304806 Val loss: 0.2731585310032677 Time: 0.4679334590000508
Train loss: 0.8786526024362189 Val loss: 0.2801043389783907 Time: 0.4836462500006746
Train loss: 0.8346604554036965 Val loss: 0.2593125993746442 Time: 0.4953483339995728
Train loss: 0.8766469743570724 Val loss: 0.25867100780526475 Time: 0.470471833999909
Train loss: 0.8224448903872883 Val loss: 0.22381099092323145 Time: 0.48183558299933793
Train loss: 0.8529764098884982 Val loss: 0.30351634083267753 Time: 0.4840540000004694
Train loss: 0.9263058324013969 Val loss: 0.2725200481359658 Time: 0.48600183300004574
Train loss: 0.796318080686305 Val loss: 0.3022970264419081 Time: 0.4919926670008863
Train loss: 0.7906881916571322 Val loss: 0.2571382859214515 Time: 0.4843016670001816
Train loss: 0.7694092888587636 Val loss: 0.24023272226233075 Time: 0.471164749998934
Train loss: 0.9161528259088527 Val loss: 0.26827719880996326 Time: 0.48314045799997984
Train loss: 0.7336566361595089 Val loss: 0.2299466807141338 Time: 0.49173870800041186
Train loss: 0.742035742137773 Val loss: 0.3312741272053353 Time: 0.49754891700104054
Train loss: 0.8344814315738063 Val loss: 0.21869566608109126 Time: 0.4909487920012907
Train loss: 0.8557067820688964 Val loss: 0.2229135695799059 Time: 0.4950865420014452
Train loss: 0.7396070263907149 Val loss: 0.2735284533189762 Time: 0.4940319580000505
Train loss: 0.7553296838791823 Val loss: 0.31219387366161333 Time: 0.503565917000742
Train loss: 0.8056820136483225 Val loss: 0.2157820326360256 Time: 0.4858150829986698
Train loss: 0.7883211510837995 Val loss: 0.2845872232917135 Time: 0.47124616600012814
Train loss: 0.7513491634053988 Val loss: 0.2875831202728722 Time: 0.49039287499908824
Train loss: 0.7456906143139668 Val loss: 0.23582973596502216 Time: 0.4990761669996573
Shrinking learning rate to 1e-05
Train loss: 0.7695502545371937 Val loss: 0.2554300956043109 Time: 0.49966245900031936
Train loss: 0.6693420200086067 Val loss: 0.2531785221670946 Time: 0.4992619160002505
Train loss: 0.7115512434210407 Val loss: 0.25776161006587045 Time: 0.48971925000114425
Train loss: 0.6461520313539602 Val loss: 0.25991647225860814 Time: 0.4845746250011871
Train loss: 0.6747120330656458 Val loss: 0.2587443500636542 Time: 0.4779234580000775
Train loss: 0.6544910437552609 Val loss: 0.2633710821665738 Time: 0.5941121249998105
Train loss: 0.6686378149515129 Val loss: 0.2625132455745358 Time: 0.4953327500006708
Train loss: 0.6213397015244659 Val loss: 0.2644920837092392 Time: 0.49090112500016403
Train loss: 0.6328093263184265 Val loss: 0.2656007362700108 Time: 0.502085125001031
Train loss: 0.6861601601916512 Val loss: 0.2692948354709156 Time: 0.48225304200059327
Train loss: 0.6421365730070647 Val loss: 0.2660198332569609 Time: 0.4813290420006524
Train loss: 0.6323801086214278 Val loss: 0.26844606534490756 Time: 0.5535982920009701
Train loss: 0.6149999092427549 Val loss: 0.2690628486920698 Time: 0.4917269170000509
Train loss: 0.6772964478294767 Val loss: 0.2697028129560245 Time: 0.4936568339999212
Train loss: 0.6800120421390974 Val loss: 0.2704145745401608 Time: 0.5006021249992045
Train loss: 0.6519728435829677 Val loss: 0.26724692929709715 Time: 0.4948773340001935
Train loss: 0.5899114913149788 Val loss: 0.2699831976542731 Time: 0.4972254999993311
Train loss: 0.5919536564664725 Val loss: 0.27034179224062876 Time: 0.4910281659995235
Train loss: 0.646481369627175 Val loss: 0.2723124905153772 Time: 0.4966117910007597
Train loss: 0.6186815751833876 Val loss: 0.2696718229807892 Time: 0.47799966700040386
Train loss: 0.6255513382959776 Val loss: 0.2719296499768125 Time: 0.5036246250001568
Train loss: 0.6185470712714789 Val loss: 0.27047337990128256 Time: 0.4876025409994327
Train loss: 0.600033921718544 Val loss: 0.26722350078374807 Time: 0.4880195419991651
Train loss: 0.589519325385794 Val loss: 0.26973886145770076 Time: 0.49610274999940884
Train loss: 0.6231656920142967 Val loss: 0.27212313105473 Time: 0.5100344170004973
Train loss: 0.6116050678964342 Val loss: 0.27409879029341766 Time: 0.4946756249992177
Train loss: 0.5970043535682272 Val loss: 0.27823344997497623 Time: 0.4990791660002287
Train loss: 0.6356769202399306 Val loss: 0.2739242952263478 Time: 0.4932445419999567
Train loss: 0.5992037213426515 Val loss: 0.2727069574176413 Time: 0.5132122080012778
Train loss: 0.6278863062887297 Val loss: 0.2751479346826941 Time: 0.5031830829993851
Train loss: 0.6198885913398726 Val loss: 0.2729352355459893 Time: 0.5000547090003238
Train loss: 0.6154426379699558 Val loss: 0.2714187935282736 Time: 0.5207109999992099
Train loss: 0.5914251473408143 Val loss: 0.2677122797333606 Time: 0.5037822920003237
Shrinking learning rate to 1.0000000000000002e-06
Train loss: 0.6013693528725668 Val loss: 0.2698835530135146 Time: 0.5155455839994829
Train loss: 0.6420164843190594 Val loss: 0.27072788137330756 Time: 0.5025977500008594
Train loss: 0.6037058779702236 Val loss: 0.2689249489738609 Time: 0.5119673749995854
Train loss: 0.592180982481409 Val loss: 0.26833412035853127 Time: 0.5144838750002236
Train loss: 0.5770962864154061 Val loss: 0.26837871942915986 Time: 0.5009024170012708
Train loss: 0.5964908338661097 Val loss: 0.2692707513446315 Time: 0.49278154199964774
Train loss: 0.6008756630361214 Val loss: 0.270581907773953 Time: 0.4893716669994319
Train loss: 0.6199889974841781 Val loss: 0.27081813364988017 Time: 0.5028175839997857
Train loss: 0.5866877869193843 Val loss: 0.27083210161180726 Time: 0.516793749999124
Train loss: 0.607553434529664 Val loss: 0.27177816198639454 Time: 0.5026612499987095
Train loss: 0.5834687156443152 Val loss: 0.27117278815479146 Time: 0.49377224999989267
Train loss: 0.5969630998560369 Val loss: 0.27173430699923595 Time: 0.5227382909997687
Train loss: 0.6045241387983573 Val loss: 0.271929488713715 Time: 0.5108624999993481
Train loss: 0.6225289494793751 Val loss: 0.2727581331161956 Time: 0.5215574169997126
Shrinking learning rate to 1.0000000000000002e-07
Learning rate getting small
Complete
 Total time: 72.24100025000007