starting log for model: models/gru_comb_alpha_0.01_22-23.pth
Train loss: 13.64956517143139 Val loss: 0.7568552723467936 Time: 0.34417833399857045
Train loss: 11.206523028397783 Val loss: 0.6966889650370354 Time: 0.2566329590008536
Train loss: 8.478065811920857 Val loss: 0.5999482067470799 Time: 0.2546163750012056
Train loss: 6.93292014385743 Val loss: 0.5229527209336267 Time: 0.25498304199936683
Train loss: 6.5729530099706395 Val loss: 0.4859312870397402 Time: 0.25705775000096764
Train loss: 6.3455537880034 Val loss: 0.4655342018485332 Time: 0.2547736249980517
Train loss: 5.889983695776551 Val loss: 0.45148591258193754 Time: 0.26700733300094726
Train loss: 5.62265890993177 Val loss: 0.4199327268784039 Time: 0.25407608300156426
Train loss: 5.649489431415611 Val loss: 0.41101736830724683 Time: 0.31252520799898775
Train loss: 5.149060987738283 Val loss: 0.40468076288637345 Time: 0.2779467920008756
Train loss: 5.364873946660509 Val loss: 0.3887453685331708 Time: 0.26778412500061677
Train loss: 4.990216132343979 Val loss: 0.38888176586033896 Time: 0.25841745900106616
Train loss: 4.692560355929821 Val loss: 0.3527452727933136 Time: 0.2980054170002404
Train loss: 4.738274580965216 Val loss: 0.3517984654907131 Time: 0.26551850000032573
Train loss: 4.571053136430992 Val loss: 0.3499577265947081 Time: 0.27530091700100456
Train loss: 4.43252937580384 Val loss: 0.32675001023633143 Time: 0.25930412500019884
Train loss: 4.063865566687738 Val loss: 0.30808235046951227 Time: 0.25848258300175075
Train loss: 4.117244250399869 Val loss: 0.2963977552960831 Time: 0.2581201670000155
Train loss: 3.937986765786377 Val loss: 0.27974888731171577 Time: 0.25793366599828005
Train loss: 3.930731486051964 Val loss: 0.2437022915279407 Time: 0.2756531669983815
Train loss: 3.809183729426479 Val loss: 0.22701098676250697 Time: 0.28304675000254065
Train loss: 3.580819923646102 Val loss: 0.2217182522048926 Time: 0.27877595799873234
Train loss: 3.5547908040886096 Val loss: 0.20303262400936437 Time: 0.25608070800080895
Train loss: 3.27381532874044 Val loss: 0.17185120714356916 Time: 0.2550185000000056
Train loss: 3.025034195180962 Val loss: 0.16217103626407342 Time: 0.25464233399907243
Train loss: 3.1547404292662917 Val loss: 0.14537931901981205 Time: 0.2563458749973506
Train loss: 2.8985554314874946 Val loss: 0.11876721329874772 Time: 0.2552122920023976
Train loss: 2.856217830460654 Val loss: 0.09097827126739635 Time: 0.2544756249990314
Train loss: 2.6174688350877915 Val loss: 0.08411821368549877 Time: 0.2562568339999416
Train loss: 2.64431733605859 Val loss: 0.062040911816030476 Time: 0.26743824999721255
Train loss: 2.6516929463565475 Val loss: 0.05223610261696947 Time: 0.2553114580005058
Train loss: 2.4413584328801994 Val loss: 0.05813841430853923 Time: 0.25515941599951475
Train loss: 2.30982466233041 Val loss: 0.02631929808797284 Time: 0.25398170799962827
Train loss: 2.4065458713183716 Val loss: 0.05702792128278623 Time: 0.255847750002431
Train loss: 2.271160428013115 Val loss: 0.02288227692172876 Time: 0.25518191599985585
Train loss: 2.0223551227284418 Val loss: 0.020543270269813008 Time: 0.25433758399958606
Train loss: 2.055397143916764 Val loss: 0.02738252389462386 Time: 0.256349457999022
Train loss: 2.1197202198002856 Val loss: 0.02196941498857313 Time: 0.2639877499968861
Train loss: 1.9135763035360478 Val loss: 0.021252585794794155 Time: 0.25448504199812305
Train loss: 1.8604806606203113 Val loss: 0.020132174724046357 Time: 0.2556726670009084
Train loss: 1.8174120663970719 Val loss: 0.021907323665113457 Time: 0.2567733340001723
Train loss: 1.6181742925376739 Val loss: 0.020122437704804798 Time: 0.25606908299960196
Train loss: 1.7398656970095203 Val loss: 0.04572154177476279 Time: 0.2557458340015728
Train loss: 1.824538142699943 Val loss: 0.041334759009072984 Time: 0.25309412499700557
Train loss: 1.656189400885978 Val loss: 0.02478129627848509 Time: 0.2552309580023575
Train loss: 1.6647367798337882 Val loss: 0.05866752655750897 Time: 0.2652635000013106
Train loss: 1.5766793670376344 Val loss: 0.026291237670940607 Time: 0.25604120799835073
Train loss: 1.4200198080649242 Val loss: 0.05348078561108898 Time: 0.2544196249982633
Train loss: 1.6959557560463558 Val loss: 0.06780042587379512 Time: 0.2542061250023835
Train loss: 1.5912992071937282 Val loss: 0.049928300946948674 Time: 0.255671708000591
Train loss: 1.4476547312818653 Val loss: 0.06123274533757312 Time: 0.25499712500095484
Train loss: 1.4615331958335034 Val loss: 0.08494883819235087 Time: 0.2538225840035011
Train loss: 1.2671379475829951 Val loss: 0.06318752506008703 Time: 0.25334408300113864
Train loss: 1.4684770547265487 Val loss: 0.055744870729757624 Time: 0.26816354200127535
Train loss: 1.3241117434915282 Val loss: 0.07691635149238231 Time: 0.2550773750008375
Train loss: 1.2145567447661278 Val loss: 0.053965174409165456 Time: 0.25565049999931944
Train loss: 1.2279239919149347 Val loss: 0.08448021743703414 Time: 0.25551958300275146
Train loss: 1.257880380028297 Val loss: 0.07716192573118268 Time: 0.2558139590000792
Train loss: 1.241786713488743 Val loss: 0.0970086145889148 Time: 0.2553024170010758
Train loss: 1.3523195841362856 Val loss: 0.06811706153136854 Time: 0.2539954999992915
Train loss: 1.228988684802431 Val loss: 0.06160916776396054 Time: 0.25479316700148047
Train loss: 1.1840653287763558 Val loss: 0.07379379676391752 Time: 0.2653242499982298
Train loss: 1.2627709575060209 Val loss: 0.07339237846369678 Time: 0.2537788339977851
Train loss: 1.2159445645179403 Val loss: 0.11711886885480283 Time: 0.25336274999790476
Train loss: 1.1189636717283804 Val loss: 0.04582670887438364 Time: 0.2537441249987751
Train loss: 1.1570126454379412 Val loss: 0.08099402481212786 Time: 0.2539135420011007
Train loss: 1.1931584426545712 Val loss: 0.08495693410164572 Time: 0.2538149579995661
Train loss: 1.1197242131240728 Val loss: 0.13872390905068543 Time: 0.2538336249999702
Train loss: 1.0862768584752018 Val loss: 0.07763293162370723 Time: 0.25466470799801755
Train loss: 1.0916904148425584 Val loss: 0.09197735864000524 Time: 0.26624825000180863
Train loss: 1.1338492655042671 Val loss: 0.15655664362697466 Time: 0.29852274999939254
Train loss: 1.0679782263586226 Val loss: 0.038614153749019886 Time: 0.2535042089984927
Train loss: 1.172456081751272 Val loss: 0.09023456507472634 Time: 0.25395133399797487
Train loss: 1.079992042232357 Val loss: 0.0942704249345998 Time: 0.25365029200111167
Train loss: 1.0318878051069902 Val loss: 0.11871043234782819 Time: 0.2526164159971813
Train loss: 0.9743911569287746 Val loss: 0.07715872924477088 Time: 0.2539972500017029
Train loss: 0.9860125207520696 Val loss: 0.07862548805091114 Time: 0.254147791001742
Train loss: 0.899020258874323 Val loss: 0.11846200274259142 Time: 0.2653297090000706
Train loss: 1.0172979242073055 Val loss: 0.05590964065530039 Time: 0.25370241699783946
Train loss: 0.9201889477008933 Val loss: 0.08788368625609808 Time: 0.2536972079979023
Train loss: 0.9536944266425103 Val loss: 0.06927480581782819 Time: 0.2536507500008156
Train loss: 0.8856405348271759 Val loss: 0.09813959101758943 Time: 0.25452812499861466
Train loss: 0.9437313650373103 Val loss: 0.10349185037803116 Time: 0.2532442079973407
Train loss: 0.8353960417624791 Val loss: 0.14259303372757168 Time: 0.25386120899929665
Train loss: 0.8598291129003641 Val loss: 0.0933178068589966 Time: 0.2528370840009302
Train loss: 0.8665181894228979 Val loss: 0.1814246616487917 Time: 0.26409195800079033
Train loss: 0.8456802987454743 Val loss: 0.12031171669068538 Time: 0.25334004199976334
Train loss: 0.9703513289891177 Val loss: 0.08314492223205425 Time: 0.25429958300082944
Train loss: 0.85516419279167 Val loss: 0.1613224978412108 Time: 0.2543070419997093
Train loss: 0.7497665539372136 Val loss: 0.1040472461967565 Time: 0.25386162499853526
Train loss: 0.9001132661369837 Val loss: 0.14969785480872863 Time: 0.2537101669986441
Train loss: 0.7390935588722556 Val loss: 0.10645013432228638 Time: 0.25284595799894305
Train loss: 0.8965230324286324 Val loss: 0.15270484143505525 Time: 0.25409983300050953
Train loss: 0.8305811698104506 Val loss: 0.1103011970963519 Time: 0.2632536249984696
Train loss: 0.6711917058162129 Val loss: 0.14344554723072064 Time: 0.2538421669996751
Train loss: 0.7477112614497772 Val loss: 0.18431344852227272 Time: 0.2633173750000424
Train loss: 0.7225032496548955 Val loss: 0.07920587715822922 Time: 0.2552465420012595
Train loss: 0.7391548660537275 Val loss: 0.16610964879365922 Time: 0.25336854200213565
Train loss: 0.6950365244815382 Val loss: 0.1636199231732872 Time: 0.2533114590005425
Train loss: 0.7252043111965918 Val loss: 0.1670796126753956 Time: 0.25899783299973933
Train loss: 0.8947923061481688 Val loss: 0.11608311209487598 Time: 0.25414316699971096
Train loss: 0.8006020679088977 Val loss: 0.17689097920410496 Time: 0.26607858299757936
Train loss: 0.6421513816274 Val loss: 0.145734532145794 Time: 0.25371808300042176
Train loss: 0.6736628175946553 Val loss: 0.19064465145233256 Time: 0.2550537919996714
Train loss: 0.6951976656293191 Val loss: 0.13629243253465 Time: 0.25412041600066004
Train loss: 0.7875074281509917 Val loss: 0.16744134939109107 Time: 0.2548172919996432
Train loss: 0.657816390388497 Val loss: 0.17586646995140098 Time: 0.25346937499853084
Train loss: 0.63393822932305 Val loss: 0.1490696378328309 Time: 0.2547073339992494
Train loss: 0.6659505520232436 Val loss: 0.19347062583861474 Time: 0.2527445829982753
Train loss: 0.666777164518237 Val loss: 0.18064107290104128 Time: 0.26446799999757786
Train loss: 0.5926853412505757 Val loss: 0.1678998822305564 Time: 0.2525023330017575
Train loss: 0.684133855287488 Val loss: 0.2484502538734634 Time: 0.2547463749979215
Train loss: 0.615881044753936 Val loss: 0.1381161758828132 Time: 0.25325666700155125
Train loss: 0.6564697891125901 Val loss: 0.18402672196212194 Time: 0.26343425000231946
Train loss: 0.6511882430997957 Val loss: 0.22075395094629077 Time: 0.2526846660002775
Train loss: 0.6653571470078872 Val loss: 0.2156156153691986 Time: 0.25336804099788424
Train loss: 0.6185372398528607 Val loss: 0.22200113186273607 Time: 0.2534953329995915
Train loss: 0.6068178894362859 Val loss: 0.25012541593392645 Time: 0.2682295409977087
Train loss: 0.6648013807712516 Val loss: 0.14579398938791477 Time: 0.253699458000483
Train loss: 0.6093566622346351 Val loss: 0.2642695790175305 Time: 0.25438787500024773
Shrinking learning rate to 1e-05
Train loss: 0.7942388905510462 Val loss: 0.20619537158352472 Time: 0.2575335419969633
Train loss: 0.7097161121365412 Val loss: 0.20666790597273585 Time: 0.25452170800053864
Train loss: 0.648180317275596 Val loss: 0.20741513978543527 Time: 0.2543933750021097
Train loss: 0.6968326169137526 Val loss: 0.2028380482630332 Time: 0.2532720419985708
Train loss: 0.6981697398369429 Val loss: 0.19203335025314666 Time: 0.25453537499925005
Train loss: 0.6626803599461102 Val loss: 0.19238855530089885 Time: 0.26680279200081713
Train loss: 0.6041032451610953 Val loss: 0.19833998927446816 Time: 0.255433999998786
Train loss: 0.6316649967541386 Val loss: 0.19543779156729327 Time: 0.2540397920020041
Train loss: 0.5957676786256911 Val loss: 0.19574537474903234 Time: 0.2547739580004418
Train loss: 0.5950118247408867 Val loss: 0.19411762390260512 Time: 0.2533214169998246
Shrinking learning rate to 1.0000000000000002e-06
Train loss: 0.917990951757929 Val loss: 0.17505205206531443 Time: 0.25604712499989546
Train loss: 0.7893033809468752 Val loss: 0.18077917425615156 Time: 0.2548335000028601
Train loss: 0.8904655177007408 Val loss: 0.18679880173593538 Time: 0.254217666999466
Train loss: 0.7759511944053479 Val loss: 0.19227486407841957 Time: 0.26326991700261715
Train loss: 0.7233348411661211 Val loss: 0.19599230007450164 Time: 0.2547109579973039
Train loss: 0.7065018831342125 Val loss: 0.20002764042962554 Time: 0.2713972079982341
Train loss: 0.6939315995161968 Val loss: 0.2033246924035575 Time: 0.2754819159999897
Train loss: 0.771190988603081 Val loss: 0.20634482169310078 Time: 0.26007195800048066
Train loss: 0.6293685154858597 Val loss: 0.20827440881146184 Time: 0.2554524590013898
Train loss: 0.7738175902386502 Val loss: 0.2094967061912552 Time: 0.25496408300023177
Shrinking learning rate to 1.0000000000000002e-07
Learning rate getting small
Complete
 Total time: 36.35222941699976