starting log for model: models/gru_lin1_fcast_23_new_23-24.pth
Train loss: 17.08832993825314 Val loss: 1.9409917656184967 Time: 0.6609129160060547
Train loss: 16.77548999602608 Val loss: 1.8714627509036688 Time: 0.4573654580017319
Train loss: 15.616832359432259 Val loss: 1.7339713794281075 Time: 0.4547847920039203
Train loss: 11.65974065383804 Val loss: 1.3083321364073763 Time: 0.4538076250028098
Train loss: 8.439806615764185 Val loss: 0.9740310473877289 Time: 0.4561833750049118
Train loss: 7.51123765272427 Val loss: 0.8612748216969426 Time: 0.452906582999276
Train loss: 7.135895443691798 Val loss: 0.8143089384011115 Time: 0.45567362499423325
Train loss: 6.923233652157624 Val loss: 0.795612176749819 Time: 0.4536126669991063
Train loss: 6.8059951720293554 Val loss: 0.7794374942371743 Time: 0.45421429199632257
Train loss: 6.62091969314325 Val loss: 0.7593674406728061 Time: 0.4543512920063222
Train loss: 6.463116414263019 Val loss: 0.7427495075700365 Time: 0.4522017080016667
Train loss: 6.306263814695422 Val loss: 0.7232134185939663 Time: 0.45716854100464843
Train loss: 6.234738275072253 Val loss: 0.7114598886527506 Time: 0.45067879199632443
Train loss: 6.153033956942035 Val loss: 0.7012670878633054 Time: 0.4598980419978034
Train loss: 5.887810400860587 Val loss: 0.6757887989413918 Time: 0.45255008299136534
Train loss: 5.743737873425886 Val loss: 0.6559118461149133 Time: 0.45273650001036003
Train loss: 5.658555979057667 Val loss: 0.645772902845397 Time: 0.4760569999925792
Train loss: 5.523695498587969 Val loss: 0.6310092528103719 Time: 0.5109636250126641
Train loss: 5.308699880376878 Val loss: 0.6053937504926891 Time: 0.45371295799850486
Train loss: 5.127010282471325 Val loss: 0.5864061756627986 Time: 0.45071008399827406
Train loss: 5.02468609487115 Val loss: 0.56905970524514 Time: 0.45189545799803454
Train loss: 4.903772166696868 Val loss: 0.5559274761180533 Time: 0.45124841599317733
Train loss: 4.71758056446231 Val loss: 0.5342584539564047 Time: 0.4567039579997072
Train loss: 4.595485959811462 Val loss: 0.5172395763250086 Time: 0.45429341700219084
Train loss: 4.360020348410771 Val loss: 0.4898673127688978 Time: 0.45056029201077763
Train loss: 4.166745855027884 Val loss: 0.4738171768945166 Time: 0.44984533300157636
Train loss: 4.0403921776115475 Val loss: 0.4539155817318489 Time: 0.4549867909954628
Train loss: 3.814549689809837 Val loss: 0.43398047614702934 Time: 0.45081195900274906
Train loss: 3.7160362903956354 Val loss: 0.41921651746927513 Time: 0.4530241660104366
Train loss: 3.5691279418262525 Val loss: 0.3961912416899813 Time: 0.44886041698919144
Train loss: 3.498327643371141 Val loss: 0.3832404577611698 Time: 0.45356337499106303
Train loss: 3.3107592663541716 Val loss: 0.36903610865560776 Time: 0.45511891700152773
Train loss: 3.2659131369694663 Val loss: 0.36311758965547747 Time: 0.45778641699871514
Train loss: 3.198050399678995 Val loss: 0.3509186658074489 Time: 0.45035904199176
Train loss: 3.144174910627605 Val loss: 0.3526181546023218 Time: 0.46365058299852535
Train loss: 3.04699471891216 Val loss: 0.33919552054241325 Time: 0.5128010420012288
Train loss: 2.933580185958874 Val loss: 0.3242153851623865 Time: 0.5047713340027258
Train loss: 2.941030047439199 Val loss: 0.3297221411327092 Time: 0.45288854200043716
Train loss: 2.954634345796091 Val loss: 0.33151432654010066 Time: 0.44910825000260957
Train loss: 2.8000109488748066 Val loss: 0.3049728033831314 Time: 0.46309758399729617
Train loss: 2.758526626859947 Val loss: 0.3143278157860746 Time: 0.45281074999365956
Train loss: 2.6934528890661156 Val loss: 0.30295483819562885 Time: 0.45097383300890215
Train loss: 2.6537351261034354 Val loss: 0.3027479303344809 Time: 0.4728843329939991
Train loss: 2.691609296136823 Val loss: 0.3034605327646072 Time: 0.4585094170033699
Train loss: 2.6764595115823298 Val loss: 0.31588117624844314 Time: 0.45558408299984876
Train loss: 2.5735792705671656 Val loss: 0.29760785842332005 Time: 0.4479761249967851
Train loss: 2.6493275356296238 Val loss: 0.3154568476209261 Time: 0.4570357500051614
Train loss: 2.5200848495206856 Val loss: 0.29628165968995085 Time: 0.4484749590046704
Train loss: 2.4313873591020414 Val loss: 0.2843813308220744 Time: 0.4549403330020141
Train loss: 2.4314249813690916 Val loss: 0.29544326126253206 Time: 0.45191316700947937
Train loss: 2.3998409293266825 Val loss: 0.2772020705780859 Time: 0.4559625830006553
Train loss: 2.418960132931881 Val loss: 0.29811914061979133 Time: 0.4517646669992246
Train loss: 2.3753245213195484 Val loss: 0.29706544469881957 Time: 0.4520896659960272
Train loss: 2.434104388163737 Val loss: 0.28756416229760523 Time: 0.456718166009523
Train loss: 2.3006988477365558 Val loss: 0.2949206687074688 Time: 0.46432908400311135
Train loss: 2.305258414930023 Val loss: 0.2891771299718314 Time: 0.4514592079940485
Train loss: 2.184376640164834 Val loss: 0.2636433058352336 Time: 0.45341450000705663
Train loss: 2.211720612465186 Val loss: 0.2796877680840231 Time: 0.45404925000912044
Train loss: 2.232481422260207 Val loss: 0.26722831553769794 Time: 0.44978824999998324
Train loss: 2.144911039585896 Val loss: 0.2558671599980303 Time: 0.45051791600417346
Train loss: 2.2133827834437128 Val loss: 0.28950311012579805 Time: 0.45617166699958034
Train loss: 2.146579484876 Val loss: 0.25934612384831945 Time: 0.45067350000317674
Train loss: 2.100777176663769 Val loss: 0.2631063726225697 Time: 0.4568952499976149
Train loss: 1.9946498966184034 Val loss: 0.2583052911539968 Time: 0.4539179999992484
Train loss: 2.0030299436714643 Val loss: 0.26528971499397613 Time: 0.45786054100608453
Train loss: 1.944035951520835 Val loss: 0.2398534848813533 Time: 0.451659208003548
Train loss: 1.9968638378832333 Val loss: 0.23070676166416695 Time: 0.4635845419979887
Train loss: 1.9129357601421049 Val loss: 0.22628297255966004 Time: 0.45912291599961463
Train loss: 1.9395963769522124 Val loss: 0.23867420212251997 Time: 0.45689091699023265
Train loss: 1.9150653067065528 Val loss: 0.27036928546858185 Time: 0.460282083004131
Train loss: 1.8507992901054353 Val loss: 0.23673706634649624 Time: 0.4629118750017369
Train loss: 1.8388816077497836 Val loss: 0.2224968482367443 Time: 0.4738852919981582
Train loss: 1.7477082800159778 Val loss: 0.22868954000432354 Time: 0.4620281670067925
Train loss: 1.7058934660546896 Val loss: 0.2287405898767214 Time: 0.46172791699063964
Train loss: 1.7897938395998445 Val loss: 0.2808405502068271 Time: 0.46342016600829083
Train loss: 1.6840127329778483 Val loss: 0.2537251546998505 Time: 0.468028500006767
Train loss: 1.6605167081623327 Val loss: 0.22952666527881777 Time: 0.462622666003881
Train loss: 1.6341811657950354 Val loss: 0.21571483532309718 Time: 0.4671051670011366
Train loss: 1.6361809300375683 Val loss: 0.1898322243949126 Time: 0.4688191659952281
Train loss: 1.6711279642543264 Val loss: 0.2125912891619797 Time: 0.46867462500813417
Train loss: 1.5858957193765377 Val loss: 0.27650540679029983 Time: 0.4707983330008574
Train loss: 1.5526603540312216 Val loss: 0.25252000234402566 Time: 0.5037610419967677
Train loss: 1.6159143112624292 Val loss: 0.2509830473857184 Time: 0.47079504099383485
Train loss: 1.4809205688599238 Val loss: 0.21913107662045694 Time: 0.47076125000603497
Train loss: 1.4294733584839037 Val loss: 0.21367296147918083 Time: 0.4742032499925699
Train loss: 1.4738002707293705 Val loss: 0.23432448903772582 Time: 0.4718925839988515
Train loss: 1.3760628882935608 Val loss: 0.1946367803250292 Time: 0.4718077079887735
Train loss: 1.377061326134202 Val loss: 0.15762956834254616 Time: 0.4830609170021489
Train loss: 1.3436782930336122 Val loss: 0.26538391359394076 Time: 0.48025791699183173
Train loss: 1.4904197040145997 Val loss: 0.3347138507521849 Time: 0.47474779198819306
Train loss: 1.4942412490249053 Val loss: 0.193977623149698 Time: 0.47195145800651517
Train loss: 1.3632948908014235 Val loss: 0.1751591767328186 Time: 0.4745271249994403
Train loss: 1.3029882093400715 Val loss: 0.15477330601363212 Time: 0.47667620799620636
Train loss: 1.284699807499174 Val loss: 0.22713444465822238 Time: 0.4846264590014471
Train loss: 1.2530598067822345 Val loss: 0.30355438012839875 Time: 0.4786092499998631
Train loss: 1.2672233716262582 Val loss: 0.16777494671809326 Time: 0.48041620799631346
Train loss: 1.2999357682381643 Val loss: 0.2010470741289556 Time: 0.487806791003095
Train loss: 1.1546748193762824 Val loss: 0.23994689258048255 Time: 0.48509554099291563
Train loss: 1.1983339744420647 Val loss: 0.2211047605973013 Time: 0.48809329098730814
Train loss: 1.1262193763368131 Val loss: 0.21595751659218831 Time: 0.4865234169992618
Train loss: 1.0947497786463884 Val loss: 0.15721445446835994 Time: 0.4856418749986915
Train loss: 1.300079699701211 Val loss: 0.2258059825231398 Time: 0.48362791699764784
Train loss: 1.240386205425886 Val loss: 0.2833745368343521 Time: 0.48145583299628925
Train loss: 1.1598394461469148 Val loss: 0.15638561634644407 Time: 0.49198841699399054
Train loss: 1.1549553779804995 Val loss: 0.1329237652684619 Time: 0.5430085419939132
Train loss: 1.0380485985038224 Val loss: 0.18493367636052035 Time: 0.49162462500680704
Train loss: 1.136293555336878 Val loss: 0.29326449042835034 Time: 0.48725820900290273
Train loss: 1.2617711531703977 Val loss: 0.3059079387402564 Time: 0.48609700000088196
Train loss: 1.2226799576780771 Val loss: 0.16953091443329285 Time: 0.4984848750027595
Train loss: 1.2867295443063185 Val loss: 0.13387868656967117 Time: 0.4879443329991773
Train loss: 1.2449365077891095 Val loss: 0.2312861649325717 Time: 0.483764542004792
Train loss: 1.4042958513875874 Val loss: 0.28364930553951756 Time: 0.4852485409937799
Train loss: 1.2066066711129224 Val loss: 0.1434757492056857 Time: 0.4895804170082556
Train loss: 1.2193185105685629 Val loss: 0.16430869766498551 Time: 0.5017380000062985
Train loss: 1.0962833832510626 Val loss: 0.22357501754694592 Time: 0.4908852499938803
Shrinking learning rate to 1e-05
Train loss: 1.5072282044350054 Val loss: 0.22567828732152279 Time: 0.4906021250062622
Train loss: 1.3086839691831074 Val loss: 0.21662897107553264 Time: 0.49043858400546014
Train loss: 1.2360778822759073 Val loss: 0.21109142395398953 Time: 0.488585458995658
Train loss: 1.1683447008162844 Val loss: 0.21235927315285286 Time: 0.4905737910012249
Train loss: 1.1720471132494126 Val loss: 0.2070845888395467 Time: 0.49945829100033734
Train loss: 1.143248607526557 Val loss: 0.20872842305944347 Time: 0.4910675419960171
Train loss: 1.150068788537368 Val loss: 0.21161674937072977 Time: 0.4944416250073118
Train loss: 1.1452903272763706 Val loss: 0.2132314559905454 Time: 0.4957631669967668
Train loss: 1.1319097961602163 Val loss: 0.2089266362274934 Time: 0.4997613330051536
Train loss: 1.063135517895148 Val loss: 0.20670400641746897 Time: 0.4957065830094507
Shrinking learning rate to 1.0000000000000002e-06
Train loss: 1.5475243578301274 Val loss: 0.21342716041021165 Time: 0.5025320419954369
Train loss: 1.473182889779082 Val loss: 0.20532746787590286 Time: 0.5013591250026366
Train loss: 1.377297553548761 Val loss: 0.19619502054735927 Time: 0.49803004099521786
Train loss: 1.4094158246080362 Val loss: 0.1966001522084893 Time: 0.4974383749940898
Train loss: 1.3567517901045107 Val loss: 0.1916817624631621 Time: 0.499498457997106
Train loss: 1.3939547436194353 Val loss: 0.19339234672565567 Time: 0.5040252090111608
Train loss: 1.2490963979171426 Val loss: 0.18298788817747788 Time: 0.4981033340009162
Train loss: 1.3300224145006538 Val loss: 0.1878589904856957 Time: 0.4997085840004729
Train loss: 1.3179330753158354 Val loss: 0.18776367064813032 Time: 0.4998402920027729
Train loss: 1.3093751670696891 Val loss: 0.18683502934833915 Time: 0.5000224579998758
Shrinking learning rate to 1.0000000000000002e-07
Learning rate getting small
Complete
 Total time: 63.919427583008655