starting log for model: models/gru_lin1_fcast_23_new_22-23.pth
Train loss: 15.493970738023743 Val loss: 1.7829200350093541 Time: 0.4938196250004694
Train loss: 12.821890521810374 Val loss: 1.3490839044493976 Time: 0.49891041699993366
Train loss: 17.551918723647418 Val loss: 2.8675171324997026 Time: 0.49171312500038766
Train loss: 18.214102080555335 Val loss: 2.908520438706417 Time: 0.491211624999778
Train loss: 16.312610965584696 Val loss: 1.664131726029524 Time: 0.45546083400040516
Train loss: 9.283655055989854 Val loss: 1.1011850174002895 Time: 0.44352450000042154
Train loss: 8.035888299573116 Val loss: 0.9911832402261456 Time: 0.5049134579985548
Train loss: 6.877795558294451 Val loss: 0.8762170610112959 Time: 0.4557388749999518
Train loss: 6.319584708259413 Val loss: 0.7676687616352512 Time: 0.45188162500016915
Train loss: 6.041671332924125 Val loss: 0.7925145192187206 Time: 0.46155491700119455
Train loss: 6.456366695189146 Val loss: 0.8662317876154159 Time: 0.4533739170001354
Train loss: 6.765114658025254 Val loss: 0.8869693250667331 Time: 0.4607413749999978
Train loss: 6.82988214913496 Val loss: 0.9028829547629149 Time: 0.4459837919985148
Train loss: 6.079714650863593 Val loss: 0.7573909179016853 Time: 0.45076258400149527
Train loss: 6.304775976140739 Val loss: 0.714728647044879 Time: 0.4540651249990333
Train loss: 5.251596463791145 Val loss: 0.6125802109979931 Time: 0.46672120800030825
Train loss: 4.251582681589571 Val loss: 0.44288726408380785 Time: 0.4515330829999584
Train loss: 5.189552031157632 Val loss: 0.6112694632499232 Time: 0.47021979199962516
Train loss: 4.363340279635054 Val loss: 0.4491920618935106 Time: 0.4520122080011788
Train loss: 4.292430854863255 Val loss: 0.47410801410520137 Time: 0.4563676249999844
Train loss: 3.834176606532651 Val loss: 0.4246228238542557 Time: 0.5076610409996647
Train loss: 3.8880702294550247 Val loss: 0.40210148878456087 Time: 0.4814782089997607
Train loss: 3.6914537368631954 Val loss: 0.4080459796313982 Time: 0.4548743340001238
Train loss: 3.2066956918860967 Val loss: 0.3295837163113997 Time: 0.45683979199930036
Train loss: 4.490384096459707 Val loss: 0.5223015095927449 Time: 0.4708076670012815
Train loss: 3.3508843173697187 Val loss: 0.3384506378162902 Time: 0.4394233750008425
Train loss: 2.8526700876142286 Val loss: 0.3032352703667783 Time: 0.43912149999960093
Train loss: 2.464686186439735 Val loss: 0.26354897764649754 Time: 0.47024320799937414
Train loss: 2.169447246054972 Val loss: 0.2297162972502313 Time: 0.4550490420006099
Train loss: 2.6899862962591783 Val loss: 0.35715735561749584 Time: 0.4593199579994689
Train loss: 3.253161899019233 Val loss: 0.404389768262377 Time: 0.4418944580011157
Train loss: 2.895984534893884 Val loss: 0.42811390837199487 Time: 0.4531945419985277
Train loss: 2.742148232742437 Val loss: 0.4368926843898393 Time: 0.4625340000002325
Train loss: 1.9735557724391555 Val loss: 0.53905839337576 Time: 0.4546184999999241
Train loss: 2.307743163546661 Val loss: 0.2733436387226638 Time: 0.44565454199982923
Train loss: 1.954266193643364 Val loss: 0.37585251534954445 Time: 0.43561687500005064
Train loss: 2.835526924608189 Val loss: 0.3319877922664475 Time: 0.4622720420011319
Train loss: 1.5681192747809405 Val loss: 0.27226988559073784 Time: 0.44998679099990113
Train loss: 1.5862772283647928 Val loss: 0.2802909924712896 Time: 0.46319366700117826
Train loss: 1.729883533434255 Val loss: 0.24725748183674312 Time: 0.46664637499998207
Train loss: 1.4237930484104169 Val loss: 0.27868688197603536 Time: 0.43279866600096284
Train loss: 1.495333531440025 Val loss: 0.269470270597914 Time: 0.4444734160006192
Train loss: 1.3690187752946485 Val loss: 0.31782195705307925 Time: 0.451381124999898
Train loss: 1.6480948777638726 Val loss: 0.22580831588078126 Time: 0.4678785420001077
Train loss: 1.6109230772750607 Val loss: 0.24742019608152793 Time: 0.4637485420007579
Train loss: 2.2894700715404497 Val loss: 0.37046286361399244 Time: 0.44561316599902057
Train loss: 1.407699689579701 Val loss: 0.3284989571207931 Time: 0.45616966700072226
Train loss: 1.7807317846907014 Val loss: 0.3150162104171609 Time: 0.4641715830002795
Train loss: 1.7471626108509781 Val loss: 0.3340912777427049 Time: 0.49050487500062445
Train loss: 1.4609360095298278 Val loss: 0.24040503620438905 Time: 0.46533595800065086
Train loss: 1.6945051844263617 Val loss: 0.25504484687337525 Time: 0.449481374998868
Train loss: 1.64146674710112 Val loss: 0.19774708900218665 Time: 0.4532889170004637
Shrinking learning rate to 0.0001
Train loss: 2.0576399160490837 Val loss: 0.32291070080781553 Time: 0.4646342910000385
Train loss: 1.4639696788851424 Val loss: 0.2943119404600889 Time: 0.4726468750013737
Train loss: 1.2522565362839941 Val loss: 0.2826338385398488 Time: 0.45847204200072156
Train loss: 1.2275295866358107 Val loss: 0.2858799959639207 Time: 0.46209170799920685
Train loss: 1.1033576211816332 Val loss: 0.27542970698423386 Time: 0.4807818330009468
Train loss: 0.9826600485577046 Val loss: 0.2680014023659966 Time: 0.4555123329992057
Train loss: 0.9313159456962063 Val loss: 0.26276894850297006 Time: 0.4653858339988801
Train loss: 0.9580323502239168 Val loss: 0.25924317359968 Time: 0.4785788749995845
Train loss: 0.9054006400842809 Val loss: 0.2604703708546137 Time: 0.4594344170000113
Train loss: 0.8573117925480034 Val loss: 0.2558521580414994 Time: 0.4693897500001185
Train loss: 0.8686149965757863 Val loss: 0.2545522619709143 Time: 0.47475283299900184
Train loss: 1.0092195924997638 Val loss: 0.25091424646684846 Time: 0.47673554199900536
Train loss: 0.8076094548107768 Val loss: 0.24856231906743487 Time: 0.4677338340006827
Train loss: 0.8960491994569217 Val loss: 0.24363510682000286 Time: 0.4713419170002453
Train loss: 0.8431285071699506 Val loss: 0.24771124345602094 Time: 0.4750792499999079
Train loss: 0.7878217362830284 Val loss: 0.24188139200122682 Time: 0.47077579200049513
Train loss: 0.7833740200708696 Val loss: 0.24784791865950567 Time: 0.4698469169998134
Train loss: 0.7742338143424945 Val loss: 0.2341519020066445 Time: 0.48277929200048675
Train loss: 0.7895318280438568 Val loss: 0.24066248053826744 Time: 0.4840345829998114
Train loss: 0.8877209848989196 Val loss: 0.23373058308216432 Time: 0.48105374999977357
Train loss: 0.8864097914270168 Val loss: 0.23794184642954705 Time: 0.47253433399964706
Train loss: 0.7296016355064623 Val loss: 0.23604633863581792 Time: 0.46395024999947054
Train loss: 0.7968529814508827 Val loss: 0.2280866496544826 Time: 0.47692383300091024
Train loss: 0.7605486452523147 Val loss: 0.23528723341097013 Time: 0.4693666660004965
Train loss: 0.7673664468268413 Val loss: 0.23164597462999217 Time: 0.4696739589999197
Train loss: 0.8133888707058219 Val loss: 0.2224068893178375 Time: 0.48769295799866086
Train loss: 0.6990657840012062 Val loss: 0.22787204912862102 Time: 0.5060215000012249
Train loss: 0.708219627940629 Val loss: 0.22274600355986368 Time: 0.4769431250006164
Train loss: 0.7751451121788229 Val loss: 0.22110591072593733 Time: 0.4854922499998793
Train loss: 0.824744580322406 Val loss: 0.22313450826999046 Time: 0.4818789580003795
Train loss: 0.6878285522471295 Val loss: 0.2192527789622139 Time: 0.48531725000066217
Train loss: 0.6975136068838985 Val loss: 0.2253089669957228 Time: 0.48087670799941407
Train loss: 0.7815761186333319 Val loss: 0.2186584852779311 Time: 0.48906562499905704
Train loss: 0.683689278091709 Val loss: 0.22106527032703197 Time: 0.47760329199991247
Train loss: 0.6845643423670822 Val loss: 0.2178230771390446 Time: 0.49481441600073595
Train loss: 0.7277289201717423 Val loss: 0.21539397331894786 Time: 0.486740333999478
Train loss: 0.6966727427547661 Val loss: 0.21536132705981895 Time: 0.4877549579996412
Train loss: 0.7840295568610998 Val loss: 0.21414585233979086 Time: 0.48257420799927786
Train loss: 0.6445768850360452 Val loss: 0.21435347796811052 Time: 0.4782954170004814
Train loss: 0.7120129888682039 Val loss: 0.2123950970182349 Time: 0.4845673749987327
Train loss: 0.6584755430011882 Val loss: 0.21268839235745557 Time: 0.4937687500005268
Train loss: 0.6672009347407766 Val loss: 0.20572751265679842 Time: 0.4837952910002059
Train loss: 0.6098634379298637 Val loss: 0.20497847210310624 Time: 0.4946775839998736
Train loss: 0.6081103349040973 Val loss: 0.20894363457208542 Time: 0.4909847910003009
Train loss: 0.6054384994312878 Val loss: 0.2041958426786076 Time: 0.48825595900052576
Train loss: 0.6077534691984994 Val loss: 0.2063448767417501 Time: 0.4944871250008873
Train loss: 0.6001266962387319 Val loss: 0.20263430997344545 Time: 0.5118669590010541
Train loss: 0.6058514642738286 Val loss: 0.20511668953998746 Time: 0.4921325830000569
Train loss: 0.6238659241538471 Val loss: 0.2016584858972762 Time: 0.495508209000036
Train loss: 0.6413501800495638 Val loss: 0.20434242882328635 Time: 0.4865947910002433
Train loss: 0.5776302770990931 Val loss: 0.19361994910886446 Time: 0.49241633299971
Train loss: 0.5615198314639862 Val loss: 0.18967245439658728 Time: 0.4925008339996566
Train loss: 0.6480360102906388 Val loss: 0.20075422047842895 Time: 0.495800083001086
Train loss: 0.6004032303813966 Val loss: 0.19328557014443318 Time: 0.49147595899921726
Train loss: 0.5480764835496087 Val loss: 0.19498674619301634 Time: 0.4788655419997667
Train loss: 0.5627227167796249 Val loss: 0.1927615128695776 Time: 0.47940645800008497
Train loss: 0.6371533364085673 Val loss: 0.1952120787882233 Time: 0.4855989170009707
Train loss: 0.6997492383087405 Val loss: 0.1858698609010208 Time: 0.4930968330008909
Train loss: 0.663877894132554 Val loss: 0.1936897695547292 Time: 0.5339533340011258
Train loss: 0.5777515365103278 Val loss: 0.19458091697760405 Time: 0.5024145829993358
Train loss: 0.6524637587711055 Val loss: 0.188004034972095 Time: 0.5068277089994808
Train loss: 0.5416310513864104 Val loss: 0.18498042981084167 Time: 0.5019397080013732
Train loss: 0.5510915915261814 Val loss: 0.18570574767128784 Time: 0.49439716699998826
Train loss: 0.5177897674161978 Val loss: 0.19108679196729575 Time: 0.5127397920005023
Train loss: 0.5944184090890303 Val loss: 0.19594860513156237 Time: 0.4982923329989717
Train loss: 0.5104923494413516 Val loss: 0.18793522883662858 Time: 0.5024060839987214
Train loss: 0.5323917618547718 Val loss: 0.19595923366934065 Time: 0.5097880409994104
Train loss: 0.5779811323797475 Val loss: 0.19079903466682013 Time: 0.5062044999995123
Train loss: 0.53917257057266 Val loss: 0.19003788931275384 Time: 0.5220304579997901
Train loss: 0.5449364705187527 Val loss: 0.18373204482266828 Time: 0.48471299999982875
Train loss: 0.576317028207832 Val loss: 0.18631529753801132 Time: 0.48992004100000486
Train loss: 0.5727064670499904 Val loss: 0.19364152712385305 Time: 0.5019071250007983
Train loss: 0.5441862141202896 Val loss: 0.19448457034261943 Time: 0.4943650000004709
Train loss: 0.6211845886110723 Val loss: 0.18991047343675652 Time: 0.48522179100109497
Train loss: 0.4820183025014171 Val loss: 0.18951889942157008 Time: 0.49448679099987203
Train loss: 0.5349849445416481 Val loss: 0.18390247822529254 Time: 0.5013657500003319
Train loss: 0.5203444580182897 Val loss: 0.18866843557408852 Time: 0.49798633300088113
Train loss: 0.4755888407022155 Val loss: 0.18831994135105642 Time: 0.49794591600038984
Train loss: 0.5382087684264931 Val loss: 0.18519505387963098 Time: 0.4993522500008112
Train loss: 0.505657984430897 Val loss: 0.18758950434341315 Time: 0.49674679200143146
Train loss: 0.4619157965799978 Val loss: 0.18643217156210096 Time: 0.5075867079995078
Train loss: 0.4653779395163724 Val loss: 0.18857439932533532 Time: 0.48870008299854817
Train loss: 0.46316159604215557 Val loss: 0.19107845152963582 Time: 0.4949966249987483
Train loss: 0.4429612614277128 Val loss: 0.18938570453315728 Time: 0.4939233749992127
Train loss: 0.4421560371737572 Val loss: 0.18633492701514956 Time: 0.5151024160004454
Train loss: 0.6902885760808886 Val loss: 0.18888811814779016 Time: 0.5116896669987909
Train loss: 0.4888685863786044 Val loss: 0.18497428098402227 Time: 0.503300999998828
Train loss: 0.4286633519995471 Val loss: 0.18383958376455903 Time: 0.5103983749995677
Train loss: 0.5068355703616456 Val loss: 0.18527338487102216 Time: 0.5103550000003452
Train loss: 0.48421271103163654 Val loss: 0.18311738399405963 Time: 0.4925865419991169
Train loss: 0.4748613163074291 Val loss: 0.18690688720397897 Time: 0.4965967499992985
Train loss: 0.44355238490289395 Val loss: 0.18185343158453363 Time: 0.48984912500054634
Train loss: 0.42484599304268045 Val loss: 0.17966307945596235 Time: 0.49911420900025405
Train loss: 0.4507271110745974 Val loss: 0.18113029141828216 Time: 0.4853032090013585
Train loss: 0.5360787808205671 Val loss: 0.17627438799461725 Time: 0.5065146670003742
Train loss: 0.36635586327921477 Val loss: 0.18705205078351367 Time: 0.48642608299996937
Train loss: 0.4199289631471501 Val loss: 0.17659834376560163 Time: 0.5092395409992605
Train loss: 0.5384570205699184 Val loss: 0.17962744837236883 Time: 0.5067030830014119
Train loss: 0.4067547051486713 Val loss: 0.1777192340510109 Time: 0.4936163750007836
Train loss: 0.4562431186316651 Val loss: 0.1883776660997936 Time: 0.5029296669999894
Train loss: 0.5968197482920132 Val loss: 0.18856493607449723 Time: 0.5127442079992761
Train loss: 0.40624425571608214 Val loss: 0.184604868154815 Time: 0.5089816250001604
Train loss: 0.3718095983469969 Val loss: 0.17935121618703462 Time: 0.503920625000319
Train loss: 0.4308478868864718 Val loss: 0.1673087326010861 Time: 0.495543084000019
Train loss: 0.4209491935809071 Val loss: 0.17847595868972332 Time: 0.5101997500005382
Shrinking learning rate to 1e-05
Train loss: 0.37347714363811235 Val loss: 0.18421155398541356 Time: 0.5076552089994948
Train loss: 0.4203652667927056 Val loss: 0.1820744739490615 Time: 0.4920970410003065
Train loss: 0.43337646824710774 Val loss: 0.1810713160783709 Time: 0.5068368329993973
Train loss: 0.36030534137015735 Val loss: 0.17921337487588476 Time: 0.4978670840009727
Train loss: 0.4666074138144509 Val loss: 0.1814642093420522 Time: 0.504676542001107
Train loss: 0.43586001163499777 Val loss: 0.18071626615265984 Time: 0.5010443329992995
Train loss: 0.42218833554443336 Val loss: 0.18019076139925927 Time: 0.5123906660010107
Train loss: 0.36684550052946463 Val loss: 0.17921397035989198 Time: 0.5137214999995194
Train loss: 0.4310101473168406 Val loss: 0.18026114488614675 Time: 0.4986652919997141
Train loss: 0.4086627756421107 Val loss: 0.17928710314571744 Time: 0.5059219169997959
Train loss: 0.36725764069640876 Val loss: 0.1781049764236337 Time: 0.5128792079995037
Train loss: 0.36419245085368246 Val loss: 0.1771043605016233 Time: 0.5187056670001766
Train loss: 0.3578737495677107 Val loss: 0.1771330222425707 Time: 0.5143396670009679
Train loss: 0.4001144475134817 Val loss: 0.17771626922311567 Time: 0.5631882079997013
Train loss: 0.4215398023475254 Val loss: 0.17856429773992533 Time: 0.534998708000785
Train loss: 0.3612529204119644 Val loss: 0.17746907291767716 Time: 0.5113388329991722
Train loss: 0.35405167598982956 Val loss: 0.17799981413174784 Time: 0.5199969590012188
Train loss: 0.3661499273336979 Val loss: 0.17818265051510906 Time: 0.5072072909988492
Train loss: 0.3907308858941754 Val loss: 0.17795329508699634 Time: 0.5113133750000998
Train loss: 0.35455818077652523 Val loss: 0.17719147752046913 Time: 0.5273515839999163
Train loss: 0.40044303839610595 Val loss: 0.17690560034500538 Time: 0.5120723750005709
Train loss: 0.3904324026202648 Val loss: 0.1770380910909014 Time: 0.49590654199892015
Train loss: 0.35479471862939654 Val loss: 0.1761826788992394 Time: 0.5145205829994666
Train loss: 0.3825894078088403 Val loss: 0.17661747747878742 Time: 0.5170510829993873
Train loss: 0.3631832499647416 Val loss: 0.17604972293667884 Time: 0.4953435410006932
Train loss: 0.43585461459463914 Val loss: 0.17640611860864008 Time: 0.5097721660004026
Shrinking learning rate to 1.0000000000000002e-06
Train loss: 0.41646623531588034 Val loss: 0.1792312457453741 Time: 0.5043158329990547
Train loss: 0.5576285919052566 Val loss: 0.18283941443927176 Time: 0.5159992499993677
Train loss: 0.4173580299061612 Val loss: 0.179047461104669 Time: 0.5122910840000259
Train loss: 0.35481953684945466 Val loss: 0.17764966938428003 Time: 0.4986763749984675
Train loss: 0.5247050898010883 Val loss: 0.18166608331118814 Time: 0.5137459170000511
Train loss: 0.3704507347603183 Val loss: 0.17778379618007112 Time: 0.5143107080002665
Train loss: 0.357600623091308 Val loss: 0.17753920866439374 Time: 0.4927274590008892
Train loss: 0.4107196122823069 Val loss: 0.1785894790232761 Time: 0.5076628330007225
Train loss: 0.39716870567327334 Val loss: 0.17814102502048768 Time: 0.5256520000002638
Train loss: 0.3827620559767233 Val loss: 0.1778100489830731 Time: 0.5112993749989982
Shrinking learning rate to 1.0000000000000002e-07
Learning rate getting small
Complete
 Total time: 94.00038437500007