starting log for model: models/lstm_comb_fcast_19_new_23-24.pth
Train loss: 21.166083836650895 Val loss: 2.301498035646042 Time: 0.40238645899808034
Train loss: 16.467919417865346 Val loss: 1.8375977498738443 Time: 0.3532342079997761
Train loss: 14.613012852323664 Val loss: 1.653218380324048 Time: 0.36439999999129213
Train loss: 13.231217651466238 Val loss: 1.5116113647621474 Time: 0.38215174998913426
Train loss: 11.46330002804774 Val loss: 1.3215074158659046 Time: 0.3468363749998389
Train loss: 9.92052917348937 Val loss: 1.1634021521382674 Time: 0.34789095900487155
Train loss: 8.849920935098964 Val loss: 1.045527889587469 Time: 0.331105999997817
Train loss: 7.869495411997462 Val loss: 0.9436058385033332 Time: 0.3742982919939095
Train loss: 7.844974019310278 Val loss: 0.9240637610908888 Time: 0.31940508300613146
Train loss: 7.298921815471509 Val loss: 0.8697720578661725 Time: 0.34436479200667236
Train loss: 7.279732332011816 Val loss: 0.8561179840752015 Time: 0.33073200000217184
Train loss: 7.109054548105361 Val loss: 0.8382436307386404 Time: 0.33421187500061933
Train loss: 7.034540359006857 Val loss: 0.8237583316659324 Time: 0.32011116699140985
Train loss: 6.749744353838808 Val loss: 0.7962449093318862 Time: 0.32999716700578574
Train loss: 6.621383773146615 Val loss: 0.7814411465933396 Time: 0.33321570900443476
Train loss: 6.573517026875851 Val loss: 0.7732418856955784 Time: 0.3499556250026217
Train loss: 6.35913590652752 Val loss: 0.751072994939267 Time: 0.3141817499999888
Train loss: 6.489527397552763 Val loss: 0.7596334090144994 Time: 0.32381691700720694
Train loss: 6.013979773772133 Val loss: 0.7143117093298317 Time: 0.3370946250070119
Train loss: 6.209043794881604 Val loss: 0.7295609578888073 Time: 0.33397662499919534
Train loss: 6.0648343044115975 Val loss: 0.7146573937779591 Time: 0.32952141600253526
Train loss: 5.855651967488299 Val loss: 0.6959456855895614 Time: 0.35378675001265947
Train loss: 5.894460712613096 Val loss: 0.6921856412900717 Time: 0.32312308400287293
Train loss: 5.892291038370502 Val loss: 0.6896635894657699 Time: 0.31057549999968614
Train loss: 5.788697564863588 Val loss: 0.679848692591652 Time: 0.31469500000821427
Train loss: 5.543357920647418 Val loss: 0.6451942252446919 Time: 0.3126574170019012
Train loss: 5.618160580148636 Val loss: 0.6517868772667411 Time: 0.3159156249894295
Train loss: 5.1505189306514865 Val loss: 0.6049841006786966 Time: 0.3127790409926092
Train loss: 5.536850652377229 Val loss: 0.6392777673017918 Time: 0.3343205840064911
Train loss: 5.266837375301097 Val loss: 0.6121776432500546 Time: 0.3151039999938803
Train loss: 5.098204543703048 Val loss: 0.5942896624050326 Time: 0.3236484999943059
Train loss: 5.15569477684023 Val loss: 0.5948590114047976 Time: 0.33512954199977685
Train loss: 5.178977934539798 Val loss: 0.5961419847121024 Time: 0.41326912499789614
Train loss: 4.974505927134189 Val loss: 0.5666342523328446 Time: 0.3262697919999482
Train loss: 5.033622223280335 Val loss: 0.5659265759633297 Time: 0.3586921249952866
Train loss: 4.6540053353133395 Val loss: 0.53244501825242 Time: 0.363689500009059
Train loss: 4.9565541750237685 Val loss: 0.5578145498455354 Time: 0.33561308300704695
Train loss: 4.582931430278185 Val loss: 0.5321554625275073 Time: 0.30934870800410863
Train loss: 4.624634294507125 Val loss: 0.5235100655777267 Time: 0.3085762910050107
Train loss: 4.691461511674777 Val loss: 0.5361900679476092 Time: 0.3079844580061035
Train loss: 4.520595304025351 Val loss: 0.5153057091884647 Time: 0.3300964170048246
Train loss: 4.53759458523632 Val loss: 0.5159978955743557 Time: 0.34830325000802986
Train loss: 4.422249398821165 Val loss: 0.5029796784606301 Time: 0.31979641699581407
Train loss: 4.300603210751749 Val loss: 0.48942409683845906 Time: 0.31660125000053085
Train loss: 3.977474394691491 Val loss: 0.4539133157771897 Time: 0.3111570000037318
Train loss: 4.212721038095225 Val loss: 0.4752906016680414 Time: 0.31041620900214184
Train loss: 4.135271597159317 Val loss: 0.467638710192515 Time: 0.3642156249989057
Train loss: 4.044731359621849 Val loss: 0.4531654703894738 Time: 0.34481362500810064
Train loss: 4.01778938861139 Val loss: 0.4517352092604664 Time: 0.31323191701085307
Train loss: 4.017942547058757 Val loss: 0.4490799119098923 Time: 0.3135649580071913
Train loss: 3.7695299067671897 Val loss: 0.4203093624826722 Time: 0.39435387500270735
Train loss: 3.793005332959824 Val loss: 0.42374151204181815 Time: 0.3607485840038862
Train loss: 3.60278062440144 Val loss: 0.4022595048844591 Time: 0.41561995798838325
Train loss: 3.4986609725631315 Val loss: 0.39177109088943723 Time: 0.3193315420066938
Train loss: 3.5526814263103335 Val loss: 0.38577853547559204 Time: 0.33537812500435393
Train loss: 3.56663191139738 Val loss: 0.3876551180333035 Time: 0.33733487500285264
Train loss: 3.3836029659708604 Val loss: 0.36952668443935727 Time: 0.3621172499988461
Train loss: 3.557194726038187 Val loss: 0.38705758430055015 Time: 0.34280491700337734
Train loss: 3.3618460860702584 Val loss: 0.3672605736552106 Time: 0.3409530420030933
Train loss: 3.2938865531105748 Val loss: 0.35985942883683353 Time: 0.3303870419913437
Train loss: 3.212113463591681 Val loss: 0.3512499498460135 Time: 0.35235937499965075
Train loss: 3.0652078186918845 Val loss: 0.3395101455098799 Time: 0.37770437500148546
Train loss: 3.2161350881235045 Val loss: 0.35176672568967166 Time: 0.5515257500082953
Train loss: 3.1358412522031642 Val loss: 0.3398269551562571 Time: 0.3171020000008866
Train loss: 3.010053822314063 Val loss: 0.32361043324729655 Time: 0.355304790995433
Train loss: 2.923290669646917 Val loss: 0.31612309250108217 Time: 0.3296841669944115
Train loss: 3.02453249256404 Val loss: 0.3217569624650078 Time: 0.32810866700310726
Train loss: 3.0274357383649146 Val loss: 0.32490666497148585 Time: 0.3180650420108577
Train loss: 2.7870534552644592 Val loss: 0.30256083178616133 Time: 0.32476137499907054
Train loss: 2.802961055407726 Val loss: 0.3023727590041353 Time: 0.31532058300217614
Train loss: 2.7519824945255165 Val loss: 0.3006331119987639 Time: 0.33719237499462906
Train loss: 2.663343679620027 Val loss: 0.28990418957741043 Time: 0.31782429201120976
Train loss: 2.681084754343159 Val loss: 0.2869066561930857 Time: 0.31437954198918305
Train loss: 2.7043057118271037 Val loss: 0.2903665503635024 Time: 0.3143282920063939
Train loss: 2.5833076996882234 Val loss: 0.283044884006951 Time: 0.31186149999848567
Train loss: 2.624463822607691 Val loss: 0.28459481390729546 Time: 0.31371000000217464
Train loss: 2.4296941719196536 Val loss: 0.2645221591445087 Time: 0.32855729199945927
Train loss: 2.504874634592472 Val loss: 0.2700811763350403 Time: 0.315182750011445
Train loss: 2.6762687575312123 Val loss: 0.2865573638425718 Time: 0.3216942909930367
Train loss: 2.491037998954857 Val loss: 0.27071267465080723 Time: 0.3138151250022929
Train loss: 2.463172157104462 Val loss: 0.26596800412917493 Time: 0.31829033300164156
Train loss: 2.289037580055231 Val loss: 0.2511814008696873 Time: 0.3173700410115998
Train loss: 2.3189616405886966 Val loss: 0.2534499592244656 Time: 0.31509054100024514
Train loss: 2.288877841246829 Val loss: 0.25243441233752756 Time: 0.3334202499972889
Train loss: 2.340312843394429 Val loss: 0.2558459447698553 Time: 0.3398075409932062
Train loss: 2.273117983635866 Val loss: 0.24910009605482844 Time: 0.320875999997952
Train loss: 2.1659989783288083 Val loss: 0.23978286710256458 Time: 0.31833387500955723
Train loss: 2.35961231745358 Val loss: 0.25649609515865546 Time: 0.3836459169979207
Train loss: 2.2116895183036647 Val loss: 0.24427206692111955 Time: 0.34584004199132323
Train loss: 2.203823083924277 Val loss: 0.24219641022008204 Time: 0.4062040419958066
Train loss: 2.1620421264586405 Val loss: 0.2382184926293859 Time: 0.34807245900447015
Train loss: 2.303071280027723 Val loss: 0.25127252884386925 Time: 0.3228953750076471
Train loss: 2.105214977124483 Val loss: 0.23306826395436409 Time: 0.32204712499515153
Train loss: 2.121918029862144 Val loss: 0.23571791149883592 Time: 0.32648579200031236
Train loss: 2.0857799886768937 Val loss: 0.2313652407635645 Time: 0.32941170800768305
Train loss: 2.1239147137958394 Val loss: 0.23686358600457233 Time: 0.34201649999886286
Train loss: 2.332602191941687 Val loss: 0.25410679294245225 Time: 0.3241925829934189
Train loss: 2.079732236946196 Val loss: 0.23078033446932386 Time: 0.32521345900022425
Train loss: 1.999048743338455 Val loss: 0.22365911503058125 Time: 0.32420862499566283
Train loss: 1.9299112371092448 Val loss: 0.21738935355921105 Time: 0.3272341249976307
Train loss: 2.0204573074243832 Val loss: 0.22804359472293398 Time: 0.32823633299267385
Train loss: 1.9264324046039007 Val loss: 0.21715220818430436 Time: 0.33576233399799094
Train loss: 1.762181619230688 Val loss: 0.20302512089683292 Time: 0.3291397910070373
Train loss: 1.8286646866114182 Val loss: 0.2084788960805228 Time: 0.32661387500411365
Train loss: 1.881797270209617 Val loss: 0.2131225683396787 Time: 0.3319045419921167
Train loss: 1.8144286690761682 Val loss: 0.2071805404430849 Time: 0.3279925410024589
Train loss: 1.659609983147312 Val loss: 0.1939769118663472 Time: 0.3300295829976676
Train loss: 1.7241897332199738 Val loss: 0.19940227239242891 Time: 0.34508433399605565
Train loss: 1.8259198444343596 Val loss: 0.208267426283316 Time: 0.3299597910081502
Train loss: 1.8876637416105702 Val loss: 0.21362394922541045 Time: 0.3302740420040209
Train loss: 1.6998672847470147 Val loss: 0.19795592726916375 Time: 0.34377558300911915
Train loss: 1.7308004392694727 Val loss: 0.2006347405467469 Time: 0.3350255410041427
Train loss: 1.7336566536916642 Val loss: 0.2009200341388881 Time: 0.3321321249968605
Train loss: 1.6453706784659943 Val loss: 0.193045139308399 Time: 0.3472407500084955
Train loss: 1.776334020759883 Val loss: 0.2049790501147195 Time: 0.3341039590013679
Train loss: 1.7178658056188447 Val loss: 0.1993410169269842 Time: 0.3340979159984272
Train loss: 1.7164475423406884 Val loss: 0.19967732596084536 Time: 0.33366970799397677
Train loss: 1.5048978572663643 Val loss: 0.18115887969244102 Time: 0.3358598329941742
Train loss: 1.6199841738710106 Val loss: 0.19050168717035396 Time: 0.3359947499993723
Train loss: 1.6906623291105891 Val loss: 0.19654037458949064 Time: 0.35184887501236517
Train loss: 1.5244852974211804 Val loss: 0.18237063163101927 Time: 0.3355949580000015
Train loss: 1.673513014645323 Val loss: 0.19516978991949838 Time: 0.33524679200490937
Train loss: 1.6023427490334399 Val loss: 0.1897486162777905 Time: 0.33758562499133404
Train loss: 1.5503561855698749 Val loss: 0.1854809658373784 Time: 0.3418622500030324
Train loss: 1.712860892549188 Val loss: 0.19834163121416915 Time: 0.3374243329890305
Train loss: 1.5824561975798623 Val loss: 0.18726022067913117 Time: 0.37882420800451655
Train loss: 1.4795341383542642 Val loss: 0.17879459860031185 Time: 0.3415916660014773
Train loss: 1.6725915158554017 Val loss: 0.19570722291388992 Time: 0.34193154200329445
Train loss: 1.4091207517241884 Val loss: 0.17284223688141168 Time: 0.3386818330036476
Train loss: 1.500277181585794 Val loss: 0.18069144351459485 Time: 0.3441710829938529
Train loss: 1.5556202263695784 Val loss: 0.18497244749673403 Time: 0.33985058299731463
Train loss: 1.349649383193622 Val loss: 0.16898747101433742 Time: 0.35601633400074206
Train loss: 1.4647126118569815 Val loss: 0.17738417580183627 Time: 0.3396340000035707
Train loss: 1.4339230700555032 Val loss: 0.17482234239677674 Time: 0.3418554160016356
Train loss: 1.4956152657663804 Val loss: 0.1799173874395289 Time: 0.3418217500002356
Train loss: 1.4951470741447963 Val loss: 0.18177935083078609 Time: 0.3442288340011146
Train loss: 1.5476365439864335 Val loss: 0.18432772945040393 Time: 0.3417344170011347
Train loss: 1.376837301012813 Val loss: 0.17034820652513477 Time: 0.3745308329962427
Train loss: 1.3612005948273307 Val loss: 0.1692736168501521 Time: 0.3426668749889359
Train loss: 1.451848856879959 Val loss: 0.1767826216707873 Time: 0.35218933300348
Train loss: 1.3590604356323306 Val loss: 0.1687438338852925 Time: 0.34343787500984035
Shrinking learning rate to 5e-06
Train loss: 1.4304227855090943 Val loss: 0.1759207030254438 Time: 0.34606279199942946
Train loss: 1.470880226263704 Val loss: 0.1791723973932607 Time: 0.3465917090070434
Train loss: 1.4795202018337505 Val loss: 0.1798030540594227 Time: 0.35909608300426044
Train loss: 1.4600327114472371 Val loss: 0.1784042867134709 Time: 0.3423591250029858
Train loss: 1.3360208486970189 Val loss: 0.16860886441079756 Time: 0.34900449999258853
Train loss: 1.2681918397669083 Val loss: 0.16360858547716287 Time: 0.3452120830042986
Train loss: 1.4455523822109786 Val loss: 0.17742216779141548 Time: 0.3468363749998389
Train loss: 1.406386474385691 Val loss: 0.17409699315383526 Time: 0.34792362499865703
Train loss: 1.366547990828792 Val loss: 0.170961128191021 Time: 0.36180333299853373
Train loss: 1.3756920732451157 Val loss: 0.1712254054564244 Time: 0.347312249999959
Train loss: 1.5180764860760987 Val loss: 0.18351382355792953 Time: 0.3489659170008963
Train loss: 1.4885073679002696 Val loss: 0.18114536517795427 Time: 0.3463952909951331
Train loss: 1.314853174654246 Val loss: 0.1669544300464538 Time: 0.3455997919954825
Train loss: 1.4093467591282167 Val loss: 0.17449851236901667 Time: 0.35697166601312347
Train loss: 1.3219721245173943 Val loss: 0.16715648926125742 Time: 0.3648332080047112
Shrinking learning rate to 5.000000000000001e-07
Learning rate getting small
Complete
 Total time: 53.158329457990476