starting log for model: models/lstm_fcast_20_new_22-23.pth
Train loss: 15.343516683355745 Val loss: 1.7335064479468552 Time: 0.3979957500000637
Train loss: 10.72938536117977 Val loss: 1.2365389440931918 Time: 0.3738709589999871
Train loss: 7.794136921470113 Val loss: 0.9770177811040274 Time: 0.36945766700000604
Train loss: 7.414284154319276 Val loss: 0.9547755785917228 Time: 0.38492070799998146
Train loss: 7.183094286225026 Val loss: 0.9530748596873003 Time: 0.3957377080000697
Train loss: 7.066707629057221 Val loss: 0.9395937481962403 Time: 0.39929720800000723
Train loss: 6.713909082428794 Val loss: 0.9022521876814427 Time: 0.3849297499999693
Train loss: 6.4857399910207505 Val loss: 0.8788109670053652 Time: 0.3709352079999917
Train loss: 6.256928107373469 Val loss: 0.8329295319641431 Time: 0.4030500829999255
Train loss: 5.812693091728421 Val loss: 0.7914684939062069 Time: 0.3679999579999276
Train loss: 5.514881906875303 Val loss: 0.6979973299776153 Time: 0.37167170899999746
Train loss: 5.2473002471720065 Val loss: 0.6476978094343427 Time: 0.3692105410000295
Train loss: 4.708428214225222 Val loss: 0.5653797795120475 Time: 0.3702634170000465
Train loss: 4.520412641806331 Val loss: 0.5093898960563795 Time: 0.36819266699990294
Train loss: 4.240766116827218 Val loss: 0.4739438603139253 Time: 0.37634379099995385
Train loss: 4.083198698345335 Val loss: 0.45071789561874476 Time: 0.3684799999999768
Train loss: 3.988096256640927 Val loss: 0.4668372945915833 Time: 0.3675657090000186
Train loss: 3.6240544780423534 Val loss: 0.42937760217097154 Time: 0.37044108399993547
Train loss: 3.720641577329597 Val loss: 0.43084373848202584 Time: 0.3695900420000271
Train loss: 3.325425932885724 Val loss: 0.39711932870688427 Time: 0.3680672919999779
Train loss: 3.500173067075851 Val loss: 0.4067807315959402 Time: 0.36888920800004144
Train loss: 3.4296362201821893 Val loss: 0.40403636976099355 Time: 0.37233758299998954
Train loss: 3.1131910697789804 Val loss: 0.38603334072079626 Time: 0.36749266699996497
Train loss: 3.26860192335581 Val loss: 0.3616420233426094 Time: 0.36890325000001667
Train loss: 3.1094536272201765 Val loss: 0.3838807190581758 Time: 0.3687187090000634
Train loss: 2.918013534193984 Val loss: 0.3634860741262862 Time: 0.374804499999982
Train loss: 3.063245070032224 Val loss: 0.367124552364401 Time: 0.36582899999996243
Train loss: 2.6711600184552475 Val loss: 0.3522223009556564 Time: 0.3665920409999899
Train loss: 2.8545635952853274 Val loss: 0.37968574360256263 Time: 0.3683605420000049
Train loss: 2.6073203724406255 Val loss: 0.33726405054450376 Time: 0.3662822919999371
Train loss: 2.855450208043515 Val loss: 0.30772483842617765 Time: 0.36734550000005584
Train loss: 2.75321671713354 Val loss: 0.3462378264682776 Time: 0.36993983299998945
Train loss: 2.485032147634058 Val loss: 0.32164598898442137 Time: 0.36477754199995616
Train loss: 2.2808837486571107 Val loss: 0.3089944809439254 Time: 0.36834883399990304
Train loss: 2.3755556911658573 Val loss: 0.31837506808286303 Time: 0.3704336669999293
Train loss: 2.6027079383115037 Val loss: 0.3364855227075681 Time: 0.36608220799996616
Train loss: 2.1296884326728787 Val loss: 0.2921858060353024 Time: 0.3710293340000135
Train loss: 2.430404387990393 Val loss: 0.3196910564439047 Time: 0.3731001669999614
Train loss: 1.9764677594758417 Val loss: 0.281662321029838 Time: 0.36785008300000754
Train loss: 2.2095231475506694 Val loss: 0.3019253161488707 Time: 0.3675181670000711
Train loss: 2.1707665037678083 Val loss: 0.29933171086263904 Time: 0.3661387500000046
Train loss: 2.228822130364092 Val loss: 0.3290418336713293 Time: 0.36630700000000616
Train loss: 2.1039947075779253 Val loss: 0.30736344438450736 Time: 0.37039791699999114
Train loss: 1.685700886341202 Val loss: 0.26663077495086585 Time: 0.36442766700008633
Train loss: 1.9046892025630842 Val loss: 0.27845592584507517 Time: 0.3731571250000343
Train loss: 1.8347750806721308 Val loss: 0.2720847225156631 Time: 0.36486133300002166
Train loss: 2.1358829327563225 Val loss: 0.3379122014996167 Time: 0.3686616249999588
Train loss: 1.6165739602390232 Val loss: 0.26819337907072693 Time: 0.36992562500006443
Train loss: 1.9118660341825375 Val loss: 0.28857945065327384 Time: 0.37005904199997985
Train loss: 1.7053030895687016 Val loss: 0.2778147829539773 Time: 0.37064700000007633
Train loss: 1.7261368136356054 Val loss: 0.2942505581488147 Time: 0.369919457999913
Train loss: 1.7130225395748937 Val loss: 0.2909604299648675 Time: 0.3683187920000819
Train loss: 1.7026888828043951 Val loss: 0.2869480100872465 Time: 0.3704067080000186
Train loss: 2.3966706108009994 Val loss: 0.3176730765605768 Time: 0.38005195799996727
Train loss: 1.7262384661177173 Val loss: 0.29759772560571435 Time: 0.3691958339999246
Train loss: 1.6208629181980285 Val loss: 0.34137634410901746 Time: 0.37600337499998204
Train loss: 1.6235963896761092 Val loss: 0.27918248166584825 Time: 0.37380470899995544
Shrinking learning rate to 5e-05
Train loss: 1.680789429541619 Val loss: 0.26138732955026117 Time: 0.40852929199991195
Train loss: 1.5146116482936804 Val loss: 0.25112664224288034 Time: 0.3801183329999276
Train loss: 1.3043755785578242 Val loss: 0.23898883039049681 Time: 0.3756151669999781
Train loss: 1.323260370083176 Val loss: 0.2418935856236321 Time: 0.37906937499997184
Train loss: 1.205032381895876 Val loss: 0.234665374341315 Time: 0.3796204589999661
Train loss: 1.287192056831497 Val loss: 0.23857163052091282 Time: 0.37486104100003104
Train loss: 1.2055624639582447 Val loss: 0.23392530145323506 Time: 0.38040012499993736
Train loss: 1.2274129038835326 Val loss: 0.2349898771913315 Time: 0.381423916000017
Train loss: 1.398387720019228 Val loss: 0.24600232489487564 Time: 0.3874647920000598
Train loss: 1.2425785044232498 Val loss: 0.23611803760740754 Time: 0.385912707999978
Train loss: 1.1151349315335681 Val loss: 0.23100204642678934 Time: 0.3785642089999328
Train loss: 1.165016651922528 Val loss: 0.23228059620986635 Time: 0.3794334589999835
Train loss: 1.2695475883962821 Val loss: 0.23876660386778042 Time: 0.38435425000000123
Train loss: 1.0530939233174763 Val loss: 0.22925147694571418 Time: 0.37920570899996164
Train loss: 1.0716448341047595 Val loss: 0.22887388640545323 Time: 0.37999229100000775
Train loss: 1.140237470964248 Val loss: 0.2331361608138318 Time: 0.38114787500001057
Train loss: 1.100614945782844 Val loss: 0.2321365098043279 Time: 0.3840983329999972
Train loss: 1.1316195450474709 Val loss: 0.23263772791124446 Time: 0.38351158299997223
Train loss: 1.0525789502725873 Val loss: 0.22875615781600758 Time: 0.38364083300007223
Train loss: 1.0912108087816499 Val loss: 0.23408209426477383 Time: 0.3878902089999201
Train loss: 1.1335270531253059 Val loss: 0.2354898738822652 Time: 0.3850417500000276
Train loss: 1.1033983215303351 Val loss: 0.2311287031498754 Time: 0.3833272090000719
Train loss: 1.121350621039312 Val loss: 0.23094558630046017 Time: 0.3886032500000738
Train loss: 1.0817934082690712 Val loss: 0.23290588046922817 Time: 0.3899712500000305
Train loss: 1.086496373187817 Val loss: 0.23140271202543236 Time: 0.3861885420000135
Train loss: 1.0567686808851189 Val loss: 0.22929112505511595 Time: 0.3867334160000837
Train loss: 1.0965718539333693 Val loss: 0.2302652617726453 Time: 0.3870904159999782
Train loss: 1.0701816090537841 Val loss: 0.22945070069116047 Time: 0.3854921250000416
Shrinking learning rate to 5e-06
Train loss: 1.1020516322159395 Val loss: 0.23196862181410044 Time: 0.39048266600002535
Train loss: 1.069606321420526 Val loss: 0.2312649939115107 Time: 0.39074137499994777
Train loss: 1.0910159527481937 Val loss: 0.2325538982386009 Time: 0.391852125000014
Train loss: 1.1218713420456368 Val loss: 0.2340946761392751 Time: 0.38829087500005244
Train loss: 1.1014299697342835 Val loss: 0.2330585447098885 Time: 0.3893145419999655
Train loss: 1.0525452809582418 Val loss: 0.2308848899272948 Time: 0.39079804200002854
Train loss: 1.097135727536596 Val loss: 0.23328826337946612 Time: 0.40066920799995387
Train loss: 1.1145592824942128 Val loss: 0.23454099338738932 Time: 0.40344520899998315
Train loss: 1.0722121400543154 Val loss: 0.23236220759340515 Time: 0.40091370799996184
Train loss: 1.0353327920553932 Val loss: 0.23095224964086317 Time: 0.40651020799998605
Train loss: 1.0630853319563993 Val loss: 0.23227954545132015 Time: 0.42695612499994695
Train loss: 1.006603781097545 Val loss: 0.22956043792218245 Time: 0.3930041659999688
Train loss: 1.1184277514432381 Val loss: 0.23528261211565554 Time: 0.3932342500000914
Train loss: 0.9932633263388198 Val loss: 0.23003012247386176 Time: 0.39441391599996223
Train loss: 1.105472164936856 Val loss: 0.23415741282424393 Time: 0.4088096670000141
Train loss: 1.1350737745993342 Val loss: 0.2354723901421157 Time: 0.3997212499999705
Train loss: 0.9604693852269577 Val loss: 0.22755152084006391 Time: 0.3971630839999989
Train loss: 1.0793928000565387 Val loss: 0.23287861929379536 Time: 0.3971571669999321
Train loss: 1.0426346494966965 Val loss: 0.23127211818275115 Time: 0.39540216700004294
Train loss: 1.125457963622189 Val loss: 0.23538947902790178 Time: 0.3967824160000646
Train loss: 1.0343048379642923 Val loss: 0.2311439497774503 Time: 0.4093243329999723
Train loss: 1.0578570489259569 Val loss: 0.2322448445313865 Time: 0.39514454099992236
Train loss: 1.0523021156312353 Val loss: 0.23195135835081968 Time: 0.3961322499999369
Train loss: 1.0350335287441155 Val loss: 0.2311882639196555 Time: 0.395397958999979
Train loss: 1.1429775803735254 Val loss: 0.23573905805460543 Time: 0.39771508399996947
Train loss: 1.134736499097194 Val loss: 0.23524152809925958 Time: 0.40001158400002623
Shrinking learning rate to 5.000000000000001e-07
Learning rate getting small
Complete
 Total time: 42.39469708399997