starting log for model: models/lstm_alpha_0.05_22-23.pth
Train loss: 14.88137666961046 Val loss: 1.0850793168855646 Time: 0.3922320000019681
Train loss: 14.338439374352106 Val loss: 1.0578361857629042 Time: 0.3603292910011078
Train loss: 14.174252089725599 Val loss: 1.0487620794160184 Time: 0.34087854199970025
Train loss: 13.986883725027155 Val loss: 1.038893839562831 Time: 0.3398301250017539
Train loss: 13.634784412051644 Val loss: 1.0166991429582726 Time: 0.3565291669983708
Train loss: 12.522735917195817 Val loss: 0.9555618767618711 Time: 0.34125549999953364
Train loss: 10.59880599560605 Val loss: 0.8397097818490089 Time: 0.33943933400223614
Train loss: 8.516857543568022 Val loss: 0.7236807819901544 Time: 0.3411508329991193
Train loss: 7.539330557141355 Val loss: 0.6661582598964079 Time: 0.3402849169979163
Train loss: 7.200768446544242 Val loss: 0.6421622675502432 Time: 0.34106683299978613
Train loss: 7.009314654722022 Val loss: 0.6296387006620171 Time: 0.35200875000009546
Train loss: 6.965771926362788 Val loss: 0.6241031371437601 Time: 0.3521875420010474
Train loss: 6.92942600856648 Val loss: 0.6164937948419786 Time: 0.343633458000113
Train loss: 6.656429548128989 Val loss: 0.5977368614576097 Time: 0.33996516700062784
Train loss: 6.546227570979148 Val loss: 0.5895806397274821 Time: 0.34095637499922304
Train loss: 6.5451370326654175 Val loss: 0.5861818279338188 Time: 0.34106045899898163
Train loss: 6.387026135240745 Val loss: 0.5730131062789515 Time: 0.3858081670005049
Train loss: 6.241740721982177 Val loss: 0.5723780069717604 Time: 0.3890275419980753
Train loss: 6.276176252826877 Val loss: 0.571743412223177 Time: 0.3999653339997167
Train loss: 6.140613677433897 Val loss: 0.5594582852231259 Time: 0.35235045900117257
Train loss: 6.129345936174502 Val loss: 0.5561143688021465 Time: 0.34026491699842154
Train loss: 5.7848520902382345 Val loss: 0.5291031291612498 Time: 0.3427798340017034
Train loss: 5.903292176707392 Val loss: 0.5327909496257429 Time: 0.3488449589967786
Train loss: 5.672805808448414 Val loss: 0.5128314603407245 Time: 0.3632868340027926
Train loss: 5.475106584791831 Val loss: 0.5033107842929302 Time: 0.33980870799859986
Train loss: 5.416783016799059 Val loss: 0.5011719515672106 Time: 0.3410559160001867
Train loss: 5.3045085656744 Val loss: 0.48621112966995705 Time: 0.3405004169981112
Train loss: 5.242996988707217 Val loss: 0.47601626296538097 Time: 0.35146908400201937
Train loss: 5.097498203351224 Val loss: 0.454995849402947 Time: 0.3402689159993315
Train loss: 5.048781748112982 Val loss: 0.4500339930848613 Time: 0.3907757920023869
Train loss: 4.920817521225038 Val loss: 0.4458100537204455 Time: 0.34073499999794876
Train loss: 4.610615483833747 Val loss: 0.43193641056603393 Time: 0.33953862500129617
Train loss: 4.54184011250677 Val loss: 0.4251110598132389 Time: 0.33986858400021447
Train loss: 4.48499985571437 Val loss: 0.40325280527243396 Time: 0.3548345419985708
Train loss: 4.3537298759068666 Val loss: 0.40045257800882506 Time: 0.34078395899996394
Train loss: 4.337132766200065 Val loss: 0.39043815098568224 Time: 0.3403440000001865
Train loss: 4.307494983994329 Val loss: 0.38388381792985526 Time: 0.34074574999976903
Train loss: 4.083134273554869 Val loss: 0.3835426727075151 Time: 0.3386792499986768
Train loss: 4.08631222930137 Val loss: 0.3766799339378292 Time: 0.34027941699969233
Train loss: 3.7139999001604513 Val loss: 0.35682393339438134 Time: 0.35118941700056894
Train loss: 3.915601354818513 Val loss: 0.35466818244162274 Time: 0.3407638750031765
Train loss: 3.8414165228985118 Val loss: 0.35151854290062573 Time: 0.33885237499998766
Train loss: 3.7095390817942713 Val loss: 0.3370537840210952 Time: 0.3393437080012518
Train loss: 3.598230574567631 Val loss: 0.3392376474101915 Time: 0.33896337500118534
Train loss: 3.6417394724355363 Val loss: 0.3323206980008787 Time: 0.34006658400176093
Train loss: 3.578071722290553 Val loss: 0.33517410742866566 Time: 0.35014529099862557
Train loss: 3.554010309221548 Val loss: 0.3283520328421578 Time: 0.3397564999977476
Train loss: 3.2808047537817893 Val loss: 0.31988240466696183 Time: 0.33945208300065133
Train loss: 3.564403683943432 Val loss: 0.3065432757192829 Time: 0.33894650000002
Train loss: 3.2627929658718102 Val loss: 0.30492232183660173 Time: 0.34003808299894445
Train loss: 3.447707477549072 Val loss: 0.30583524734009554 Time: 0.3396554999999353
Train loss: 3.378438039687964 Val loss: 0.28891468977395396 Time: 0.35107991699987906
Train loss: 3.354268288415278 Val loss: 0.32126941965727784 Time: 0.3404774169976008
Train loss: 3.1726396360367133 Val loss: 0.3097668213427 Time: 0.33940720800092095
Train loss: 3.3093572348616904 Val loss: 0.3045406378315484 Time: 0.3393030830011412
Train loss: 3.1892331568406647 Val loss: 0.27826819569626554 Time: 0.3393690830016567
Train loss: 3.1923404762109993 Val loss: 0.2869473933202258 Time: 0.3395341659997939
Train loss: 3.108486214819255 Val loss: 0.2789639658298354 Time: 0.351439541002037
Train loss: 3.157616299590636 Val loss: 0.272511519511469 Time: 0.34006958399913856
Train loss: 3.029493511576206 Val loss: 0.28142082922281497 Time: 0.33966350000264356
Train loss: 3.094864772391894 Val loss: 0.2954703583837432 Time: 0.34016066700132797
Train loss: 3.0145461126797453 Val loss: 0.26800080894930073 Time: 0.33890291699935915
Train loss: 3.025999016763128 Val loss: 0.2782883092251842 Time: 0.33879129200067837
Train loss: 3.1552437810814475 Val loss: 0.29446660330489566 Time: 0.35006808300022385
Train loss: 3.031178024454154 Val loss: 0.2714012636419476 Time: 0.33806887500031735
Train loss: 2.897304005870108 Val loss: 0.28884782865173425 Time: 0.3542288339995139
Train loss: 2.826148425115875 Val loss: 0.2512440048717005 Time: 0.3407827909977641
Train loss: 2.9270063945622145 Val loss: 0.26503338513359026 Time: 0.3404208749998361
Train loss: 2.9266531581153865 Val loss: 0.2666191940117188 Time: 0.33914637500129174
Train loss: 2.853577410540609 Val loss: 0.2522500535977326 Time: 0.35071712500212016
Train loss: 2.8131111975979657 Val loss: 0.2748775407827879 Time: 0.3395694159989944
Train loss: 2.895972578005937 Val loss: 0.26860161780455494 Time: 0.34036687500338303
Train loss: 2.982239496152183 Val loss: 0.2735821481980384 Time: 0.3396381249986007
Train loss: 2.8764083942754883 Val loss: 0.2496039572849954 Time: 0.33904804099802277
Train loss: 2.7950507436949454 Val loss: 0.2579566495565445 Time: 0.3398563340015244
Train loss: 2.704472851472633 Val loss: 0.23701301150950083 Time: 0.34984391599937226
Train loss: 2.7439124404373683 Val loss: 0.26824090486713476 Time: 0.3397955420005019
Train loss: 2.808091213945275 Val loss: 0.2592504171931134 Time: 0.33919999999852735
Train loss: 2.703648498497488 Val loss: 0.2541911563018501 Time: 0.33843045799949323
Train loss: 2.661876631764372 Val loss: 0.24739106120117818 Time: 0.33935495799960336
Train loss: 2.6717294593156424 Val loss: 0.2471548047885362 Time: 0.33884745799878146
Train loss: 2.5557454262266344 Val loss: 0.2416380487018657 Time: 0.35070025000095484
Train loss: 2.59374906034191 Val loss: 0.23721184344841104 Time: 0.34011858299709274
Train loss: 2.629449573414759 Val loss: 0.2482709406731202 Time: 0.3380539169993426
Train loss: 2.594330409359616 Val loss: 0.21198587085574253 Time: 0.3391301250012475
Train loss: 2.4584811634324266 Val loss: 0.19367233228227998 Time: 0.3389627910000854
Train loss: 2.5999831036397723 Val loss: 0.23189799397271263 Time: 0.34038691599926096
Train loss: 2.5024919743435348 Val loss: 0.22975263473700624 Time: 0.34890391700173495
Train loss: 2.411026460904276 Val loss: 0.21427943695815294 Time: 0.33948995799801196
Train loss: 2.3934623327556217 Val loss: 0.2077554646974789 Time: 0.33887654099817155
Train loss: 2.347439744785632 Val loss: 0.19038321950731962 Time: 0.34092758300175774
Train loss: 2.284401693656825 Val loss: 0.21678287832802906 Time: 0.3387445830012439
Train loss: 2.498359071109757 Val loss: 0.20895322533763613 Time: 0.3396322499975213
Train loss: 2.372532452515388 Val loss: 0.19786983035313524 Time: 0.3481713330002094
Train loss: 2.2955028493839222 Val loss: 0.20308335663838484 Time: 0.34006058299928554
Train loss: 2.234939672277825 Val loss: 0.20427957012280223 Time: 0.3386141659975692
Train loss: 2.3809278206031586 Val loss: 0.20099553749299628 Time: 0.33845616599865025
Train loss: 2.320901137839913 Val loss: 0.19388793581950772 Time: 0.3407783750008093
Train loss: 2.24194966200366 Val loss: 0.19950381070261033 Time: 0.3395005409984151
Train loss: 2.218142463615278 Val loss: 0.16633331482024186 Time: 0.3482554580004944
Train loss: 2.0892502094059457 Val loss: 0.19295880862171536 Time: 0.33886758299922803
Train loss: 2.2433372171044246 Val loss: 0.1317349024331812 Time: 0.3389768749984796
Train loss: 2.10101213772343 Val loss: 0.1711133642771472 Time: 0.3396417500007374
Train loss: 2.2151158150246877 Val loss: 0.16993151972505233 Time: 0.3396433329980937
Train loss: 2.24003857854686 Val loss: 0.1821378744351153 Time: 0.37839016699945205
Train loss: 2.165382162295982 Val loss: 0.17763660296193573 Time: 0.3486087919991405
Train loss: 2.258927609305573 Val loss: 0.1573952156807647 Time: 0.33933662499839556
Train loss: 2.2228833017235825 Val loss: 0.18608129557107742 Time: 0.3401493749988731
Train loss: 2.084589655394325 Val loss: 0.1745616205515705 Time: 0.33936970800277777
Train loss: 2.285199925385201 Val loss: 0.16727699016386438 Time: 0.340594625002268
Train loss: 2.1265529256577747 Val loss: 0.1535274773970576 Time: 0.33930612499898416
Train loss: 2.133658314721586 Val loss: 0.1694997467782206 Time: 0.34958950000145705
Train loss: 2.110925869906918 Val loss: 0.1291863739400814 Time: 0.34043691700208
Train loss: 2.0077702727719 Val loss: 0.13121743599965546 Time: 0.3394703749982
Train loss: 2.1041546359190715 Val loss: 0.1367381321495549 Time: 0.3397100419970229
Train loss: 2.194563404012875 Val loss: 0.14861426733295272 Time: 0.3395423750007467
Train loss: 2.006546582138328 Val loss: 0.16328660549870916 Time: 0.3385781249999127
Train loss: 2.122078847836254 Val loss: 0.15745461617312229 Time: 0.3508967499983555
Train loss: 1.8850703646306766 Val loss: 0.15511995526299033 Time: 0.33994499999971595
Train loss: 2.1227823452505845 Val loss: 0.11743865715594014 Time: 0.3397119169967482
Train loss: 1.795752354158031 Val loss: 0.14805129199252423 Time: 0.340691458000947
Train loss: 2.0575020645375233 Val loss: 0.119549514031753 Time: 0.33974870900055976
Train loss: 2.1326510262957274 Val loss: 0.12070258617014379 Time: 0.3390334579999035
Train loss: 2.0094819106584794 Val loss: 0.11816383288195736 Time: 0.34933599999931175
Train loss: 2.0213243385672754 Val loss: 0.1784469491652717 Time: 0.3395157079976343
Train loss: 1.9344704129818524 Val loss: 0.09981216064821473 Time: 0.3374510419998842
Train loss: 1.7774516529700293 Val loss: 0.12074767474852467 Time: 0.34016395899743657
Train loss: 1.8155704198586982 Val loss: 0.11305872722247451 Time: 0.33897862500089104
Train loss: 1.8203461095987876 Val loss: 0.14797668312066303 Time: 0.3394757499991101
Train loss: 1.9682292735467093 Val loss: 0.11644237742268769 Time: 0.34951162499783095
Train loss: 1.9706820382708088 Val loss: 0.10106511108032579 Time: 0.33970674999727635
Train loss: 1.7611281245671053 Val loss: 0.1366167685479147 Time: 0.33954683300180477
Train loss: 1.8941633879764623 Val loss: 0.09875190702198329 Time: 0.33805170900086523
Train loss: 1.857959248553322 Val loss: 0.10498996243324316 Time: 0.3392312089999905
Train loss: 1.671257872597213 Val loss: 0.10202079604060435 Time: 0.339102833000652
Train loss: 1.7597413410914768 Val loss: 0.08823221120750012 Time: 0.350346332998015
Train loss: 1.71089006209254 Val loss: 0.09802706628723178 Time: 0.3398103330000595
Train loss: 1.7220229884500662 Val loss: 0.09680685097684595 Time: 0.33785941699898103
Train loss: 1.7111031382304418 Val loss: 0.08591877846592895 Time: 0.3385375830002886
Train loss: 2.0397017186068354 Val loss: 0.10286515150142751 Time: 0.3396261250018142
Train loss: 1.7851800276070693 Val loss: 0.11640925872258684 Time: 0.3421995839998999
Train loss: 1.6462333997172998 Val loss: 0.09246909808222314 Time: 0.3489497080008732
Train loss: 1.6969572269693742 Val loss: 0.08505548140629458 Time: 0.3396147919993382
Train loss: 1.709839665212371 Val loss: 0.08816701760328745 Time: 0.3397241250022489
Train loss: 1.5643249655485505 Val loss: 0.09798095473168913 Time: 0.3397915420027857
Train loss: 1.7326917533849056 Val loss: 0.11595089716099334 Time: 0.3388879160011129
Train loss: 1.633443063933246 Val loss: 0.0865734237696573 Time: 0.3377752500018687
Train loss: 1.5092444378591203 Val loss: 0.07547425683346479 Time: 0.3570854589997907
Train loss: 1.525036817774045 Val loss: 0.0771943534346185 Time: 0.34234462499807705
Train loss: 1.5648183725289755 Val loss: 0.07893910017244003 Time: 0.34968845899857115
Train loss: 1.5223364106099728 Val loss: 0.07613530992852825 Time: 0.3477063329992234
Train loss: 1.4831319683531774 Val loss: 0.07446081159247742 Time: 0.35040562500216765
Train loss: 1.5033954581459614 Val loss: 0.07535853648411837 Time: 0.34167245799835655
Train loss: 1.4776810190268002 Val loss: 0.07431153033549781 Time: 0.3500697499985108
Train loss: 1.6575202686106572 Val loss: 0.0874154477661641 Time: 0.33906791700064787
Train loss: 1.588539323984521 Val loss: 0.0902860007424737 Time: 0.34347437500036904
Train loss: 1.4225930458063551 Val loss: 0.0720704014388349 Time: 0.35036891699928674
Train loss: 1.458677176050287 Val loss: 0.07432940079742593 Time: 0.36950504099877435
Train loss: 1.5186474422291525 Val loss: 0.0766754646369961 Time: 0.36031283299962524
Train loss: 1.4632593483410403 Val loss: 0.07321230915271514 Time: 0.5716585840018524
Train loss: 1.4153306582081626 Val loss: 0.08462681886779813 Time: 0.5551632499991683
Train loss: 1.4249077498770504 Val loss: 0.07289720296735763 Time: 0.3666501250008878
Train loss: 1.5133091920299329 Val loss: 0.09381218980547487 Time: 0.3392732079992129
Train loss: 1.4950843604822808 Val loss: 0.10110407375878867 Time: 0.3431250829999044
Train loss: 1.2672544375412906 Val loss: 0.06366952732474682 Time: 0.3493149589994573
Train loss: 1.6239301892989317 Val loss: 0.09283571589492708 Time: 0.41777695899872924
Train loss: 1.4861563321596378 Val loss: 0.10064363018957927 Time: 0.3470002079993719
Train loss: 1.4821698146366202 Val loss: 0.07467434513265829 Time: 0.36673954199795844
Train loss: 1.4641781127116822 Val loss: 0.1276203633043601 Time: 0.4155537500009814
Train loss: 1.4508674481722466 Val loss: 0.08559910121873479 Time: 0.346009665998281
Train loss: 1.2844833154177486 Val loss: 0.10514000401092609 Time: 0.339978207997774
Train loss: 1.5034803280208848 Val loss: 0.08322000403774464 Time: 0.33202029099993524
Train loss: 1.4705358031802547 Val loss: 0.09578094531689418 Time: 0.3329382079973584
Train loss: 1.2745778771997927 Val loss: 0.13339060218239343 Time: 0.337675875001878
Shrinking learning rate to 1e-05
Train loss: 1.4012943604144539 Val loss: 0.0870949841783017 Time: 0.3583869170033722
Train loss: 1.3024820894064568 Val loss: 0.09657583467026841 Time: 0.3508125000007567
Train loss: 1.333393094053065 Val loss: 0.0961761953430519 Time: 0.3625670000001264
Train loss: 1.2334087366633781 Val loss: 0.09383479231535498 Time: 0.35457012499682605
Train loss: 1.3621429352126313 Val loss: 0.09227293119100222 Time: 0.33378437499777647
Train loss: 1.4165678450728623 Val loss: 0.09979239697485301 Time: 0.3341748330021801
Train loss: 1.245814252797743 Val loss: 0.0904912618529644 Time: 0.33465954199709813
Train loss: 1.3858761392066299 Val loss: 0.10416052223597849 Time: 0.33847333299854654
Train loss: 1.14243775956355 Val loss: 0.08958941702425949 Time: 0.3396785830009321
Train loss: 1.2973512999289696 Val loss: 0.09138684680467873 Time: 0.3783288340018771
Train loss: 1.2673964181863449 Val loss: 0.09043171822283526 Time: 0.33380066600147984
Train loss: 1.4290445840271178 Val loss: 0.09682007457882169 Time: 0.33657837500140886
Train loss: 1.3308681424024824 Val loss: 0.10200460201610224 Time: 0.33207662499989965
Train loss: 1.3997096453086044 Val loss: 0.09525657246890329 Time: 0.33779404100278043
Train loss: 1.2178233867432215 Val loss: 0.09274378846528199 Time: 0.3544388339978468
Train loss: 1.3635673709510552 Val loss: 0.09518313737129562 Time: 0.3341259170010744
Train loss: 1.209727196273235 Val loss: 0.08844267733906848 Time: 0.3332965420013352
Train loss: 1.2957319432650536 Val loss: 0.08925025882894107 Time: 0.3323220419988502
Shrinking learning rate to 1.0000000000000002e-06
Train loss: 1.2825479905278632 Val loss: 0.09398760538613604 Time: 0.33321595799861825
Train loss: 1.2438365540495937 Val loss: 0.09306528518338701 Time: 0.33326941699851886
Train loss: 1.3491787434004436 Val loss: 0.0966949765912215 Time: 0.3425723750006
Train loss: 1.1662644946987513 Val loss: 0.08940359998314161 Time: 0.3329293340029835
Train loss: 1.3228361202201029 Val loss: 0.09505299204937033 Time: 0.33419216699985554
Train loss: 1.2443549358901151 Val loss: 0.09266778019645762 Time: 0.3333359999996901
Train loss: 1.4181154968038925 Val loss: 0.09817058877018874 Time: 0.33209925000119256
Train loss: 1.2103999186008423 Val loss: 0.09093035820307542 Time: 0.33138120800140314
Train loss: 1.274805278187813 Val loss: 0.09337129807373834 Time: 0.343702124999254
Train loss: 1.2695185837902665 Val loss: 0.09368319870271148 Time: 0.332493792000605
Shrinking learning rate to 1.0000000000000002e-07
Learning rate getting small
Complete
 Total time: 70.20153641700017