starting log for model: models/lstm_comb_fcast_23_new_22-23.pth
Train loss: 13.909385841775034 Val loss: 1.6123502883055052 Time: 0.3209061250090599
Train loss: 11.856159830145089 Val loss: 1.4059678916743032 Time: 0.3571661660098471
Train loss: 8.787138186670404 Val loss: 1.0928029729153106 Time: 0.33609566699306015
Train loss: 7.013570314551224 Val loss: 0.9036178476596363 Time: 0.29312762500194367
Train loss: 6.432201477284565 Val loss: 0.8347920667928205 Time: 0.3082790000044042
Train loss: 6.270497240967444 Val loss: 0.8216320899089518 Time: 0.29637945799913723
Train loss: 5.85511441308444 Val loss: 0.7793734071119114 Time: 0.3189005830063252
Train loss: 5.928149142058949 Val loss: 0.7800731992358348 Time: 0.2999960419983836
Train loss: 5.611234802834602 Val loss: 0.7547688695430149 Time: 0.3228518329997314
Train loss: 5.546674361792206 Val loss: 0.7497414986497227 Time: 0.3206353330024285
Train loss: 5.574498134645683 Val loss: 0.7447693409163839 Time: 0.3243743749917485
Train loss: 5.314395548686999 Val loss: 0.7227581547010857 Time: 0.3105983749992447
Train loss: 5.1326887372782615 Val loss: 0.699197074254418 Time: 0.3202296659874264
Train loss: 5.070673876023974 Val loss: 0.6999702288724655 Time: 0.3022482090018457
Train loss: 4.906077531807981 Val loss: 0.6907107788844553 Time: 0.30261495799641125
Train loss: 4.857320879455891 Val loss: 0.6451747659045559 Time: 0.30545108299702406
Train loss: 4.7497392868413835 Val loss: 0.632918140809679 Time: 0.3159317499957979
Train loss: 4.6018163032949815 Val loss: 0.588431719578368 Time: 0.30563875001098495
Train loss: 4.538515999821113 Val loss: 0.576745235281472 Time: 0.3054960830049822
Train loss: 4.3267174334315825 Val loss: 0.5508685371668194 Time: 0.3078730420093052
Train loss: 4.221663332243117 Val loss: 0.534824062342647 Time: 0.30648358300095424
Train loss: 4.327493270522288 Val loss: 0.5373148815332953 Time: 0.30798233300447464
Train loss: 4.197665707578185 Val loss: 0.5152551445110827 Time: 0.32121408300008625
Train loss: 3.8786277087432097 Val loss: 0.47955882798308563 Time: 0.3075967920012772
Train loss: 3.834130409191578 Val loss: 0.4769700906706547 Time: 0.3076380839920603
Train loss: 3.752948584460519 Val loss: 0.4557181993870563 Time: 0.3095406670036027
Train loss: 3.636839093775137 Val loss: 0.43840625703423286 Time: 0.3100747499993304
Train loss: 3.5318698968394813 Val loss: 0.4206641121485811 Time: 0.3099775000009686
Train loss: 3.37316960797979 Val loss: 0.40299705491521465 Time: 0.3117945830017561
Train loss: 3.243223056520982 Val loss: 0.3879321436651584 Time: 0.3216931249917252
Train loss: 3.3344410538941225 Val loss: 0.3883395291815972 Time: 0.33484933400177397
Train loss: 3.340511498188523 Val loss: 0.38012528401514245 Time: 0.31311308399017435
Train loss: 3.0138009561389962 Val loss: 0.34410986944019517 Time: 0.31299633299931884
Train loss: 3.0052806554225917 Val loss: 0.3357650338060909 Time: 0.3120635829982348
Train loss: 2.815764486924067 Val loss: 0.32125357644645575 Time: 0.3123404590005521
Train loss: 2.7430914070938686 Val loss: 0.3111145929069838 Time: 0.3277575829997659
Train loss: 2.673747994742314 Val loss: 0.2988702847657884 Time: 0.3149487920018146
Train loss: 2.636765814445827 Val loss: 0.2949617480149346 Time: 0.31343375000869855
Train loss: 2.6374285528253685 Val loss: 0.28989657087032994 Time: 0.3184025000082329
Train loss: 2.5044229346308704 Val loss: 0.27389506655100343 Time: 0.316329791006865
Train loss: 2.5770987185580965 Val loss: 0.2791517722155932 Time: 0.31860583400703035
Train loss: 2.413448434190741 Val loss: 0.2654318549602748 Time: 0.324468666993198
Train loss: 2.2760733705170115 Val loss: 0.24863760594020434 Time: 0.3204826669971226
Train loss: 2.2881696328644296 Val loss: 0.2516707268952589 Time: 0.3196582499949727
Train loss: 2.20047756698958 Val loss: 0.24368079929881117 Time: 0.3203032089950284
Train loss: 2.142899283767534 Val loss: 0.23934642957471375 Time: 0.3166853749862639
Train loss: 2.0217098076632922 Val loss: 0.22779582769678206 Time: 0.3192451670038281
Train loss: 2.0071629430727533 Val loss: 0.2281367949259986 Time: 0.32078512500447687
Train loss: 2.0520560215358348 Val loss: 0.23149110456347116 Time: 0.3303855419944739
Train loss: 2.0079722861914604 Val loss: 0.23170606553156448 Time: 0.3193846670037601
Train loss: 2.041194660348168 Val loss: 0.23077985415194696 Time: 0.31789020900032483
Train loss: 1.978364706459847 Val loss: 0.22732817108205824 Time: 0.3210572909883922
Train loss: 1.957558646451524 Val loss: 0.22295846846572168 Time: 0.3243910000019241
Train loss: 1.841773969609258 Val loss: 0.21172772469088816 Time: 0.32193837501108646
Train loss: 1.7417209156545375 Val loss: 0.20976101583213827 Time: 0.33787462500913534
Train loss: 1.6557448841776452 Val loss: 0.20390305891518282 Time: 0.320219791989075
Train loss: 1.7694304577010236 Val loss: 0.21813875663879778 Time: 0.3222039579995908
Train loss: 1.7224204524378985 Val loss: 0.2262787992131166 Time: 0.3227712079969933
Train loss: 1.6465426966985177 Val loss: 0.20625209479516085 Time: 0.32568954199086875
Train loss: 1.6530084869024837 Val loss: 0.20036799996132282 Time: 0.3249107500014361
Train loss: 1.6543259321204573 Val loss: 0.20770399550038976 Time: 0.32954770801006816
Train loss: 1.5518813151857849 Val loss: 0.21640196570528267 Time: 0.3329942919954192
Train loss: 1.5268286629918695 Val loss: 0.2041679861469894 Time: 0.3259928339975886
Train loss: 1.498150967727014 Val loss: 0.1972735698576526 Time: 0.3261393749999115
Train loss: 1.5097929040294744 Val loss: 0.21600055765273296 Time: 0.32652837500791065
Train loss: 1.3950987477572485 Val loss: 0.1879525899940594 Time: 0.3235642499930691
Train loss: 1.426442777397367 Val loss: 0.2073615888883129 Time: 0.32229416600603145
Train loss: 1.3104415082012935 Val loss: 0.22027256829832426 Time: 0.3374456249875948
Train loss: 1.314799340017485 Val loss: 0.1841421214989264 Time: 0.3281451670045499
Train loss: 1.3262592120499903 Val loss: 0.20398286285097952 Time: 0.3257532080024248
Train loss: 1.2352448393484572 Val loss: 0.21517577949759722 Time: 0.32783262500015553
Train loss: 1.3002296324653715 Val loss: 0.2269995096448582 Time: 0.32954858399170917
Train loss: 1.1800414808319957 Val loss: 0.20398615812326737 Time: 0.328110625006957
Train loss: 1.2567174226346758 Val loss: 0.26805132758374817 Time: 0.3426726250036154
Train loss: 1.2263323687981922 Val loss: 0.2698473502708759 Time: 0.32754433300578967
Train loss: 1.3159245109564779 Val loss: 0.26617391895163117 Time: 0.32856733301014174
Train loss: 1.166602813684217 Val loss: 0.2780882421621959 Time: 0.33802012499654666
Train loss: 1.143052288026876 Val loss: 0.2458168480446993 Time: 0.32919516699621454
Train loss: 1.1939072322210436 Val loss: 0.24416576641866003 Time: 0.3482804999948712
Train loss: 1.202954886397734 Val loss: 0.2908407021952386 Time: 0.34648083300271537
Train loss: 1.2167409266861995 Val loss: 0.26240930917269845 Time: 0.331723791998229
Train loss: 1.1957839775502426 Val loss: 0.2783251998084797 Time: 0.3303192500025034
Train loss: 1.089238030817551 Val loss: 0.23676566127609108 Time: 0.3300992500007851
Train loss: 1.0514590718116281 Val loss: 0.24562941121625284 Time: 0.3343293329962762
Train loss: 1.200528371509578 Val loss: 0.26850148638200927 Time: 0.33194583299336955
Train loss: 1.1896424454410903 Val loss: 0.2630194617518641 Time: 0.34123037500830833
Train loss: 1.1360392542390514 Val loss: 0.26106068631331414 Time: 0.3323129170021275
Train loss: 1.0418605106054244 Val loss: 0.23878028498367795 Time: 0.3309191670123255
Train loss: 1.0524111198773634 Val loss: 0.24044066525886149 Time: 0.3334581670060288
Train loss: 1.1844846847808324 Val loss: 0.26799296850900245 Time: 0.3308090420032386
Train loss: 0.9914055160244857 Val loss: 0.24029213764447835 Time: 0.33133400000224356
Train loss: 0.9737023411152155 Val loss: 0.24204870897831385 Time: 0.34576795900647994
Train loss: 1.0846147661774808 Val loss: 0.2635064522264748 Time: 0.33252387499669567
Train loss: 0.9497529584477302 Val loss: 0.2693275558403832 Time: 0.3423750840011053
Train loss: 1.0755169775018985 Val loss: 0.24542055974469904 Time: 0.370295165994321
Train loss: 0.9484751188955158 Val loss: 0.23640776944105332 Time: 0.33521720800490584
Train loss: 1.0602337497238388 Val loss: 0.23502383980815153 Time: 0.33490029200038407
Train loss: 0.880508286416398 Val loss: 0.24871849626816245 Time: 0.3423835839930689
Train loss: 1.0846379670596826 Val loss: 0.24004869737347853 Time: 0.335822790992097
Train loss: 0.9171341258903567 Val loss: 0.2250501559529895 Time: 0.33264512500318233
Train loss: 0.9854940977518538 Val loss: 0.22397377310957814 Time: 0.3334899170004064
Train loss: 0.9405646721664738 Val loss: 0.25519166413763544 Time: 0.33384933399793226
Train loss: 0.8713417668349734 Val loss: 0.22444464347018023 Time: 0.3351820000098087
Train loss: 0.8867078212721395 Val loss: 0.24321928593152817 Time: 0.34045879199402407
Train loss: 0.9725595286626856 Val loss: 0.23336673442406042 Time: 0.3374699169944506
Train loss: 0.834031861348933 Val loss: 0.23988528273020188 Time: 0.3342126250063302
Train loss: 0.8953437390188519 Val loss: 0.2325957582602752 Time: 0.33352487499359995
Train loss: 0.7807765752845555 Val loss: 0.2401199768969276 Time: 0.33810070899198763
Train loss: 0.9324486231859197 Val loss: 0.24627448099426746 Time: 0.3377588330040453
Train loss: 0.9722634380790112 Val loss: 0.2249186567365825 Time: 0.3375802499940619
Train loss: 0.847240619380969 Val loss: 0.2408440474006171 Time: 0.3467960420093732
Train loss: 0.7117767480826416 Val loss: 0.23337729509318053 Time: 0.33911695900314953
Train loss: 0.9139443499715862 Val loss: 0.23650763008115563 Time: 0.3372449579910608
Train loss: 0.9135655907758089 Val loss: 0.22230327066400737 Time: 0.3358954160066787
Train loss: 0.7947153386843464 Val loss: 0.2160519774846589 Time: 0.3407777079992229
Train loss: 0.889419293662483 Val loss: 0.2564767440127884 Time: 0.33787879199371673
Train loss: 0.9001084878638537 Val loss: 0.2359576814335857 Time: 0.35193187500408385
Train loss: 0.8671829906713953 Val loss: 0.23144225933023305 Time: 0.335801041990635
Train loss: 0.7216947800594795 Val loss: 0.21532426139367025 Time: 0.3386471249978058
Train loss: 0.8237637988200106 Val loss: 0.22515123616467547 Time: 0.3396013750025304
Train loss: 0.7987018982170362 Val loss: 0.22652387695487816 Time: 0.3382218750048196
Shrinking learning rate to 1e-05
Train loss: 1.0820268765115204 Val loss: 0.23535622007052143 Time: 0.3394747499987716
Train loss: 0.8342650396239151 Val loss: 0.2246205573592392 Time: 0.35596733399142977
Train loss: 0.9439327501885622 Val loss: 0.2306583610166065 Time: 0.33933166701172013
Train loss: 0.9042840514096042 Val loss: 0.22814175226697767 Time: 0.3585745829914231
Train loss: 0.8028470955710532 Val loss: 0.22608054963077395 Time: 0.34170879200974014
Train loss: 0.7461203758638248 Val loss: 0.2260721874839372 Time: 0.3417978750076145
Train loss: 0.8622452479089304 Val loss: 0.22857216080226045 Time: 0.339362708007684
Train loss: 0.8684050632113269 Val loss: 0.2269957200494636 Time: 0.3503979579982115
Train loss: 0.8547598393247497 Val loss: 0.2255863115663325 Time: 0.34292850000201724
Train loss: 0.8626393369451364 Val loss: 0.22662824771026735 Time: 0.3393686670024181
Shrinking learning rate to 1.0000000000000002e-06
Train loss: 1.2505050231993096 Val loss: 0.2527148900097195 Time: 0.3406069579941686
Train loss: 1.0924736910957336 Val loss: 0.24302221348502362 Time: 0.34132537500408944
Train loss: 1.2148694492183996 Val loss: 0.24684913845144513 Time: 0.34023854199040215
Train loss: 1.0744298529926937 Val loss: 0.2388183927191556 Time: 0.3487362499872688
Train loss: 0.986535681148645 Val loss: 0.23378562322147114 Time: 0.33778812500531785
Train loss: 0.8801162304667756 Val loss: 0.22851522872675178 Time: 0.33905295899603516
Train loss: 0.9476970210806632 Val loss: 0.23028067996489401 Time: 0.33892883399676066
Train loss: 0.9365497614156129 Val loss: 0.2290066819345105 Time: 0.33947674999944866
Train loss: 0.8917340654234001 Val loss: 0.2264165090679169 Time: 0.3411985000129789
Train loss: 0.8308651923879786 Val loss: 0.2236089631852611 Time: 0.34978674999729265
Shrinking learning rate to 1.0000000000000002e-07
Learning rate getting small
Complete
 Total time: 46.61145670899714