starting log for model: models/lstm1_fcast_25_new_22-23.pth
Train loss: 10.11500709042403 Val loss: 1.238096521187321 Time: 0.2697462920041289
Train loss: 7.019916283158848 Val loss: 0.9801447599558373 Time: 0.2300196659998619
Train loss: 6.697743493330263 Val loss: 0.9510014510502449 Time: 0.2984522500046296
Train loss: 6.363255784534415 Val loss: 0.8964171884609045 Time: 0.2326179579977179
Train loss: 5.865296862526115 Val loss: 0.7739596102711811 Time: 0.24316025000007357
Train loss: 5.434994546060935 Val loss: 0.7186697759911399 Time: 0.24362208400270902
Train loss: 5.088198079889594 Val loss: 0.66538008767871 Time: 0.23846579200471751
Train loss: 4.8231477657019255 Val loss: 0.621311553460979 Time: 0.22981750000326429
Train loss: 4.584683764067478 Val loss: 0.5858385786242272 Time: 0.237934791999578
Train loss: 4.370662237952729 Val loss: 0.561323312733159 Time: 0.230233334004879
Train loss: 4.083239629628112 Val loss: 0.5148633434834716 Time: 0.22996829100156901
Train loss: 3.860964586269075 Val loss: 0.4779208922813323 Time: 0.23169350000534905
Train loss: 3.6445399274184638 Val loss: 0.4443294361851342 Time: 0.23057545899791876
Train loss: 3.458825642421438 Val loss: 0.4108199867596135 Time: 0.22867895800300175
Train loss: 3.2530433185069114 Val loss: 0.3486263049323705 Time: 0.23175354099657852
Train loss: 3.049873110872568 Val loss: 0.32166935927646567 Time: 0.23611604199686553
Train loss: 2.873547943568509 Val loss: 0.3104510192292963 Time: 0.23270749999937834
Train loss: 2.775946793179287 Val loss: 0.3146093555361975 Time: 0.23758191599335987
Train loss: 2.5950999581459797 Val loss: 0.3373803470520115 Time: 0.23565637499996228
Train loss: 2.5159286573606403 Val loss: 0.340393007200368 Time: 0.23185695899883285
Train loss: 2.3997705996156506 Val loss: 0.3599295447356944 Time: 0.23388025000167545
Train loss: 2.3273054052405797 Val loss: 0.479679458297721 Time: 0.23515916700125672
Train loss: 2.266114884303093 Val loss: 0.45082268739947834 Time: 0.2349266669989447
Train loss: 2.393054051209731 Val loss: 0.44885755771253244 Time: 0.2366608329975861
Train loss: 2.4201738761751272 Val loss: 0.4633228632130628 Time: 0.23585720900155138
Train loss: 2.3324725905030874 Val loss: 0.4690822620615391 Time: 0.2434871250006836
Train loss: 2.3124624338936433 Val loss: 0.44495562056255156 Time: 0.23488137499953154
Train loss: 2.2848984197099753 Val loss: 0.4636412721137359 Time: 0.23657304199878126
Train loss: 2.244298764135351 Val loss: 0.7350160476956429 Time: 0.23771183300414123
Train loss: 2.389347496681385 Val loss: 0.46067007798880166 Time: 0.23644654199597426
Train loss: 2.2275957020390287 Val loss: 0.6788466828694499 Time: 0.2518412499994156
Train loss: 2.0696105741963358 Val loss: 0.34897376546977626 Time: 0.24254533399653155
Train loss: 2.1345319071588484 Val loss: 0.6157729289472876 Time: 0.2415587079958641
Train loss: 1.9846059208252882 Val loss: 0.3359684854625046 Time: 0.24198629199963761
Train loss: 1.988831186786797 Val loss: 0.5162274767451909 Time: 0.2442617499982589
Train loss: 1.9069888035616152 Val loss: 0.2722674857949484 Time: 0.24070016599580413
Train loss: 1.9152471978592907 Val loss: 0.533278742703488 Time: 0.24198333299864316
Train loss: 1.8197163084269619 Val loss: 0.333093756150891 Time: 0.2435487499969895
Train loss: 1.7205698046081181 Val loss: 0.37383299810908865 Time: 0.24226929200085578
Train loss: 2.202501163371039 Val loss: 0.37842668454609346 Time: 0.24453995899966685
Train loss: 1.6869973521663724 Val loss: 0.6158630941033986 Time: 0.28969491599855246
Train loss: 1.8243346981809427 Val loss: 0.22479603046959767 Time: 0.23942554099630797
Train loss: 1.885751532035961 Val loss: 0.6749951002177542 Time: 0.2490988749996177
Train loss: 1.6624366376131832 Val loss: 0.2595352191644869 Time: 0.24322245799703524
Train loss: 1.7575720330407307 Val loss: 0.350290467021256 Time: 0.24257733300328255
Train loss: 1.5611427087662548 Val loss: 0.49271342790090755 Time: 0.24099412500072503
Train loss: 1.339215559041321 Val loss: 0.3486103039122494 Time: 0.24206245800451143
Train loss: 1.6175234178526807 Val loss: 0.307212784892776 Time: 0.24465374999999767
Train loss: 1.434401156437616 Val loss: 0.5001808578721934 Time: 0.24227224999776809
Train loss: 1.349717880160386 Val loss: 0.3700776656967989 Time: 0.24459345900686458
Train loss: 1.9002866015855204 Val loss: 0.38756831875309145 Time: 0.2441717499968945
Train loss: 1.4804236656643752 Val loss: 0.3544868776393334 Time: 0.25238850000459934
Train loss: 1.4737744274464717 Val loss: 0.25944273816936386 Time: 0.24729999999544816
Train loss: 1.3611371441798639 Val loss: 0.24622622737666042 Time: 0.24434291700163158
Train loss: 1.444963901534269 Val loss: 0.3241288565748221 Time: 0.24586337499931687
Train loss: 1.4845078607678488 Val loss: 0.49941757963489397 Time: 0.24858758300251793
Shrinking learning rate to 0.0001
Train loss: 1.5675694175043873 Val loss: 0.3503227290493276 Time: 0.24523587500152644
Train loss: 1.3460643579215912 Val loss: 0.32247416521069794 Time: 0.2453882909976528
Train loss: 1.2152379590911284 Val loss: 0.2935104478830499 Time: 0.2446563330013305
Train loss: 1.148351846207316 Val loss: 0.2723639427248289 Time: 0.251487959001679
Train loss: 1.1098682045275448 Val loss: 0.2551118663281678 Time: 0.25283145799767226
Train loss: 1.0798243489049215 Val loss: 0.24287926136902718 Time: 0.2482717910024803
Train loss: 1.059371546108423 Val loss: 0.2354042014493853 Time: 0.2494971669948427
Train loss: 1.0441810428357883 Val loss: 0.23044532789583747 Time: 0.24881716600066284
Train loss: 1.0304783840389504 Val loss: 0.22598773230424618 Time: 0.25076329200237524
Train loss: 1.0222736755914639 Val loss: 0.22380021142489676 Time: 0.24980487499851733
Train loss: 1.0121866893013305 Val loss: 0.22164087837735663 Time: 0.25108245800220175
Train loss: 1.0059872593987436 Val loss: 0.22106462967151105 Time: 0.25482095799816307
Train loss: 0.9980901592067681 Val loss: 0.22040595090903747 Time: 0.2487862080015475
Train loss: 0.9924259866503675 Val loss: 0.2202868233720024 Time: 0.25110379199759336
Train loss: 0.986137912826166 Val loss: 0.2203284160995011 Time: 0.2526004169994849
Train loss: 0.9802015132360111 Val loss: 0.22001793110273557 Time: 0.25133900000219
Train loss: 0.9771044612899686 Val loss: 0.22044876808498345 Time: 0.25127079200319713
Train loss: 0.9721047860126646 Val loss: 0.22197722081042 Time: 0.25071741599822417
Train loss: 0.9679760928687529 Val loss: 0.22269536723968195 Time: 0.2503134580038022
Train loss: 0.962799094549041 Val loss: 0.22296910165524858 Time: 0.2544520410010591
Train loss: 0.9605594463842557 Val loss: 0.22327654657041454 Time: 0.25262154200027
Train loss: 0.9555431466901645 Val loss: 0.22411208757199758 Time: 0.25144833300146274
Train loss: 0.9516172362924635 Val loss: 0.2239691995006586 Time: 0.2639597910019802
Train loss: 0.948836679815674 Val loss: 0.22329024688774884 Time: 0.25273420799931046
Train loss: 0.9444164679522515 Val loss: 0.22324687663221854 Time: 0.25267149999854155
Train loss: 0.9427172025400239 Val loss: 0.2233295847655104 Time: 0.2532556250007474
Train loss: 0.9382007493608526 Val loss: 0.22376411372800162 Time: 0.2531870000020717
Train loss: 0.934723199005326 Val loss: 0.22307284896713356 Time: 0.2585625420033466
Train loss: 0.9330111829081185 Val loss: 0.22350666503196778 Time: 0.25430591700569494
Train loss: 0.9288880249292362 Val loss: 0.22448163846724245 Time: 0.2606076669981121
Train loss: 0.9264304974810074 Val loss: 0.22454390317168124 Time: 0.25341333400137955
Train loss: 0.9233914942253065 Val loss: 0.22425456497657645 Time: 0.257304832994123
Train loss: 0.9210972932592725 Val loss: 0.22524466687606756 Time: 0.25888837500679074
Train loss: 0.9177074009688391 Val loss: 0.2254881836185484 Time: 0.25250770799902966
Train loss: 0.9160759797843578 Val loss: 0.2264277011395345 Time: 0.25556008300191024
Train loss: 0.9125673798910849 Val loss: 0.22650688476041417 Time: 0.25906083400332136
Train loss: 0.9099278178567198 Val loss: 0.22673709743903997 Time: 0.2545556250042864
Train loss: 0.9074608790612566 Val loss: 0.22732934942472982 Time: 0.25491787499777274
Train loss: 0.9057729330771664 Val loss: 0.22841222423208105 Time: 0.2544885419993079
Train loss: 0.9023930064548935 Val loss: 0.22908319051581738 Time: 0.25591116699797567
Train loss: 0.9006778088393332 Val loss: 0.22945669802449767 Time: 0.2579099580034381
Train loss: 0.8973710004170101 Val loss: 0.23036025292371484 Time: 0.2564960410018102
Train loss: 0.8960575227487517 Val loss: 0.2313549917557667 Time: 0.2566460410016589
Train loss: 0.8936556808346268 Val loss: 0.23210806098802234 Time: 0.32167829199897824
Train loss: 0.8917631127592465 Val loss: 0.2325674523674502 Time: 0.2553148750012042
Train loss: 0.8887195052170682 Val loss: 0.2328525378579717 Time: 0.2566984590011998
Train loss: 0.8871089871224997 Val loss: 0.233354185927569 Time: 0.25739404200430727
Train loss: 0.885487823526093 Val loss: 0.2342408035403123 Time: 0.2561846249955124
Train loss: 0.8835837116568666 Val loss: 0.2353665314293483 Time: 0.2580815839974093
Train loss: 0.8804071721454392 Val loss: 0.2372270143359606 Time: 0.2584828330000164
Train loss: 0.8787126850883284 Val loss: 0.23757150465629118 Time: 0.25674154199805344
Train loss: 0.8774220633848744 Val loss: 0.2381128165052698 Time: 0.2640316250035539
Train loss: 0.8746888330935292 Val loss: 0.23899967937529978 Time: 0.25840816699928837
Train loss: 0.8734480546339896 Val loss: 0.24008000570115384 Time: 0.25630383300449466
Train loss: 0.8710057189594202 Val loss: 0.241273951478537 Time: 0.2578649159986526
Train loss: 0.868469373490397 Val loss: 0.24169212056115275 Time: 0.25770462500076974
Train loss: 0.8670073601625958 Val loss: 0.24167054420968034 Time: 0.25928416699753143
Train loss: 0.8659254510674295 Val loss: 0.24220555626880716 Time: 0.25919462500314694
Train loss: 0.8631667911341765 Val loss: 0.24345991172763026 Time: 0.26023520899616415
Train loss: 0.8612947845442074 Val loss: 0.2446698529363181 Time: 0.2687372919972404
Train loss: 0.8595744817435573 Val loss: 0.2453729029853491 Time: 0.2590804589999607
Train loss: 0.8580416672397888 Val loss: 0.2449707296690195 Time: 0.26144708300125785
Train loss: 0.8566464022361275 Val loss: 0.2458827804566549 Time: 0.25993129199923715
Train loss: 0.8539472318221053 Val loss: 0.24721238272162283 Time: 0.25862045800022315
Train loss: 0.8516396269781339 Val loss: 0.24863355518207483 Time: 0.2588345419935649
Train loss: 0.8512926544174135 Val loss: 0.24829218079600796 Time: 0.26203241600160254
Train loss: 0.8493478948884317 Val loss: 0.24940791985317237 Time: 0.2625345000051311
Train loss: 0.8475709589263261 Val loss: 0.25036789663610654 Time: 0.2699033329990925
Train loss: 0.8457450275638934 Val loss: 0.2512087597125058 Time: 0.26057287500589155
Train loss: 0.8429470378547848 Val loss: 0.25251366479725024 Time: 0.2628422080015298
Train loss: 0.8429055893136495 Val loss: 0.2520471322191914 Time: 0.2785896249988582
Train loss: 0.8411409518423387 Val loss: 0.2529165530377991 Time: 0.2601056250059628
Train loss: 0.8391645915973669 Val loss: 0.25365931904377864 Time: 0.2627242500020657
Train loss: 0.837439987802842 Val loss: 0.25489265187379223 Time: 0.26335404199926415
Train loss: 0.8359951019266703 Val loss: 0.25475733091972885 Time: 0.2710839580031461
Train loss: 0.8340842901332906 Val loss: 0.25567344837880557 Time: 0.2688129169982858
Train loss: 0.8330837304366929 Val loss: 0.2557870471696519 Time: 0.26434462500037625
Train loss: 0.8312531298833188 Val loss: 0.2567805680440028 Time: 0.2708875419994001
Train loss: 0.8297896036518759 Val loss: 0.2580326610424883 Time: 0.26601612500235206
Train loss: 0.8281711258050564 Val loss: 0.2572880250584831 Time: 0.27479870899696834
Train loss: 0.8263965529512802 Val loss: 0.2585373485888203 Time: 0.2677521660007187
Train loss: 0.825398599623016 Val loss: 0.2588251284506129 Time: 0.26561874999606516
Train loss: 0.8236720552172914 Val loss: 0.25988685279760215 Time: 0.2803644160012482
Train loss: 0.822307619833837 Val loss: 0.2600899825648192 Time: 0.2628326250051032
Train loss: 0.8211802036275948 Val loss: 0.26083110279661503 Time: 0.27117804199951934
Train loss: 0.8198103094018023 Val loss: 0.26256714600971787 Time: 0.26849637499981327
Train loss: 0.8171626765786755 Val loss: 0.26341574921531097 Time: 0.2654826250000042
Train loss: 0.8171209151330836 Val loss: 0.2639983717679832 Time: 0.26460370800487
Train loss: 0.8155291183498576 Val loss: 0.2641632944003669 Time: 0.2648286250041565
Train loss: 0.8135884064082717 Val loss: 0.2659708723037732 Time: 0.264496625000902
Train loss: 0.8127178305571796 Val loss: 0.2665231004230242 Time: 0.26992924999649404
Train loss: 0.8113377340091397 Val loss: 0.2655997031718317 Time: 0.2646556670006248
Train loss: 0.8100570347190157 Val loss: 0.2674114892325553 Time: 0.2644074170020758
Train loss: 0.8082995732261224 Val loss: 0.2669760616924187 Time: 0.2645075830005226
Train loss: 0.8074839864418522 Val loss: 0.26687396249731576 Time: 0.26676200000656536
Train loss: 0.80629117207093 Val loss: 0.26774833845577206 Time: 0.2666009159947862
Train loss: 0.8046592266956516 Val loss: 0.26889188436322414 Time: 0.2656885420001345
Train loss: 0.8039810312193083 Val loss: 0.2689169589381034 Time: 0.27037129199743504
Train loss: 0.8024974728705487 Val loss: 0.27002585815419794 Time: 0.26771745899895905
Train loss: 0.8006298228395465 Val loss: 0.27120262964398867 Time: 0.2719966660006321
Train loss: 0.8001945465703828 Val loss: 0.27147374496169097 Time: 0.26467779200174846
Train loss: 0.7989336253786821 Val loss: 0.27100905915044776 Time: 0.2675447500005248
Train loss: 0.7974914089654703 Val loss: 0.2725300606889801 Time: 0.26788554100494366
Train loss: 0.7956718502651583 Val loss: 0.2722111680739544 Time: 0.26591833400016185
Train loss: 0.795557016106269 Val loss: 0.27191071562349844 Time: 0.26807195899891667
Train loss: 0.7942553070166272 Val loss: 0.27261583238027154 Time: 0.26973937500588363
Train loss: 0.792218746997408 Val loss: 0.2756778922397871 Time: 0.26788116700481623
Train loss: 0.7916320111589741 Val loss: 0.27488932234412666 Time: 0.26886737500171876
Train loss: 0.7903308039377812 Val loss: 0.27544867891568525 Time: 0.2691775829953258
Train loss: 0.7888825950418579 Val loss: 0.276934743608985 Time: 0.26852683299512137
Train loss: 0.7882634752987827 Val loss: 0.2759310848363124 Time: 0.26976091699907556
Train loss: 0.7866836003132223 Val loss: 0.27581459796454966 Time: 0.26939479100110475
Train loss: 0.7859243580985833 Val loss: 0.2749887402805957 Time: 0.2684243330004392
Train loss: 0.783952059479434 Val loss: 0.2783382506370361 Time: 0.2732345830008853
Train loss: 0.7837803786047561 Val loss: 0.2782431589649073 Time: 0.2702119589957874
Train loss: 0.7822367874177738 Val loss: 0.2779869589202233 Time: 0.2669479579999461
Train loss: 0.7814315557586662 Val loss: 0.27877055916696936 Time: 0.26876854200236266
Train loss: 0.7797155913847575 Val loss: 0.28044459671645383 Time: 0.2674214170037885
Train loss: 0.7793166061369772 Val loss: 0.27976966867817493 Time: 0.2797002910010633
Train loss: 0.7776112610617361 Val loss: 0.27961476471671826 Time: 0.2689372500026366
Train loss: 0.7769575811865916 Val loss: 0.281563923914634 Time: 0.27298970800620737
Train loss: 0.7753120131345597 Val loss: 0.28267211107973306 Time: 0.27112883299560053
Train loss: 0.7747650758238489 Val loss: 0.28062048077270074 Time: 0.27792175000649877
Train loss: 0.7731039515875586 Val loss: 0.28034608263136007 Time: 0.26802208299341146
Train loss: 0.7722400694134812 Val loss: 0.2809361322076659 Time: 0.26724183400074253
Train loss: 0.7714687821764956 Val loss: 0.2819865507315541 Time: 0.31699291599943535
Train loss: 0.7702074634203531 Val loss: 0.28337965734272325 Time: 0.2689343750025728
Train loss: 0.7685502316657562 Val loss: 0.28308383022661415 Time: 0.2712126670012367
Train loss: 0.7675299213948685 Val loss: 0.2844746709534892 Time: 0.2761637500007055
Train loss: 0.7669291808263579 Val loss: 0.28503646877630445 Time: 0.2705248339989339
Train loss: 0.765629603985893 Val loss: 0.2834961714662694 Time: 0.2716904999979306
Train loss: 0.7640853176412947 Val loss: 0.2845144914300953 Time: 0.27163379200646887
Train loss: 0.7630295157281974 Val loss: 0.28401065582518553 Time: 0.2708386249942123
Train loss: 0.7626687733858866 Val loss: 0.28470329639806613 Time: 0.2694752090028487
Train loss: 0.7612634321540996 Val loss: 0.28475275237631004 Time: 0.27013279200036777
Train loss: 0.7600311070736395 Val loss: 0.28456065296442534 Time: 0.27874475000135135
Train loss: 0.7587447692235374 Val loss: 0.2875331707972675 Time: 0.2735287910036277
Train loss: 0.758095784748825 Val loss: 0.2868725800862627 Time: 0.27160662499954924
Train loss: 0.7570589006452693 Val loss: 0.2857751853785129 Time: 0.27039683399925707
Train loss: 0.755691062931021 Val loss: 0.2857976873305732 Time: 0.2731577090016799
Train loss: 0.7550357717830991 Val loss: 0.2865360452794541 Time: 0.2716262500034645
Train loss: 0.7531359201427925 Val loss: 0.28799724601332205 Time: 0.2708282079984201
Train loss: 0.7527769159562772 Val loss: 0.28822686904907163 Time: 0.2719507919973694
Train loss: 0.7519450546793944 Val loss: 0.2849619761195365 Time: 0.28369375000329455
Train loss: 0.750690979932422 Val loss: 0.28734058687557884 Time: 0.2735885420042905
Train loss: 0.7489115550805296 Val loss: 0.29000751662958074 Time: 0.27233445800084155
Train loss: 0.7486084068798542 Val loss: 0.2858348743905352 Time: 0.27393212499737274
Train loss: 0.7479161078799534 Val loss: 0.2862117416410034 Time: 0.2729655420043855
Train loss: 0.7466396326187521 Val loss: 0.2879524454209039 Time: 0.27217599999858066
Train loss: 0.745283490222219 Val loss: 0.29075360156755675 Time: 0.2727884580017417
Train loss: 0.7439650273762961 Val loss: 0.2924322801221227 Time: 0.279065458002151
Train loss: 0.743656526258988 Val loss: 0.28876586581509606 Time: 0.2702441670044209
Train loss: 0.7424286528428681 Val loss: 0.28969514821662695 Time: 0.27170291599759366
Train loss: 0.7411683556567938 Val loss: 0.28852195230870703 Time: 0.2746471249993192
Train loss: 0.7406432026036924 Val loss: 0.2876990886402173 Time: 0.27339895800105296
Train loss: 0.7391856133405881 Val loss: 0.291500878078241 Time: 0.26993095799844014
Train loss: 0.7384297098589947 Val loss: 0.29152614368284785 Time: 0.2727137500041863
Train loss: 0.7377237038250399 Val loss: 0.2904523429187614 Time: 0.2736953750063549
Train loss: 0.7362580381161479 Val loss: 0.29206753441905037 Time: 0.2794683750034892
Train loss: 0.7350910017716856 Val loss: 0.29479392997033793 Time: 0.2777838750043884
Train loss: 0.7344857654290513 Val loss: 0.2916845332726809 Time: 0.2764695000005304
Train loss: 0.7334464081417664 Val loss: 0.29157638023424853 Time: 0.2740122910036007
Train loss: 0.7324867565392772 Val loss: 0.291185667784272 Time: 0.27212999999755993
Train loss: 0.7314194099940821 Val loss: 0.2907119728506192 Time: 0.27344075000291923
Train loss: 0.7300097492295379 Val loss: 0.29015883015785415 Time: 0.27612204199976986
Train loss: 0.729866663466769 Val loss: 0.29535291928820945 Time: 0.286993124995206
Train loss: 0.7282009655100214 Val loss: 0.29559922465446037 Time: 0.2755155830018339
Train loss: 0.7275013487631021 Val loss: 0.2923223484313648 Time: 0.27555849999771453
Train loss: 0.7261452226424616 Val loss: 0.29608520657218973 Time: 0.2727442089963006
Train loss: 0.725249333349069 Val loss: 0.29564144804907344 Time: 0.273216624998895
Train loss: 0.7242444492918061 Val loss: 0.29077920094572246 Time: 0.27322337500663707
Train loss: 0.7235688016636779 Val loss: 0.29374502356643845 Time: 0.2873926250031218
Train loss: 0.7220214162963359 Val loss: 0.29445072421402 Time: 0.2728477499986184
Train loss: 0.721081358276642 Val loss: 0.29166077722689243 Time: 0.2818400420001126
Train loss: 0.7207326927495998 Val loss: 0.2898149334598011 Time: 0.27509720800298965
Train loss: 0.7191724495835965 Val loss: 0.29300240323569576 Time: 0.2728960000022198
Train loss: 0.7183016535556241 Val loss: 0.29235400650076276 Time: 0.27339287500217324
Train loss: 0.7176016617992842 Val loss: 0.2958489763276888 Time: 0.2743330410012277
Train loss: 0.7159135671502899 Val loss: 0.29058265213961415 Time: 0.2759837499979767
Train loss: 0.7158235906433674 Val loss: 0.28991150210376976 Time: 0.27453679100290174
Train loss: 0.7144100434615803 Val loss: 0.2923418101128597 Time: 0.2809751669992693
Train loss: 0.712877820288373 Val loss: 0.29408930440893355 Time: 0.27450783400126966
Train loss: 0.7125235312774798 Val loss: 0.2899726330934601 Time: 0.2757120840033167
Train loss: 0.7109502417172422 Val loss: 0.28814013157503454 Time: 0.2727608749992214
Train loss: 0.7101873367312921 Val loss: 0.2840065017004991 Time: 0.27322791700134985
Train loss: 0.7100177129822365 Val loss: 0.2911938316121845 Time: 0.27378925000084564
Train loss: 0.708165409636341 Val loss: 0.29260535401794596 Time: 0.2761259170001722
Train loss: 0.7071622070643224 Val loss: 0.28574654987531944 Time: 0.2831270829992718
Train loss: 0.7063039116280767 Val loss: 0.2912729888525978 Time: 0.2795575829950394
Train loss: 0.7044530277481593 Val loss: 0.2883047442659416 Time: 0.2749794170013047
Train loss: 0.7040664725133396 Val loss: 0.28431070281029375 Time: 0.2742839999991702
Train loss: 0.7033034471864426 Val loss: 0.28623936828959834 Time: 0.27565520799544174
Train loss: 0.7013774878522795 Val loss: 0.28512451023798224 Time: 0.2746971249944181
Train loss: 0.7013598399640593 Val loss: 0.28369645015418077 Time: 0.2736139999979059
Complete
 Total time: 65.49171545900026