starting log for model: models/lstm_lin1_fcast_20_new_23-24.pth
Train loss: 17.365387503693 Val loss: 1.9292874877966568 Time: 0.4888622500002384
Train loss: 16.868348862506743 Val loss: 1.8818164254482035 Time: 0.52428549999604
Train loss: 16.80537046953384 Val loss: 1.8737463157852137 Time: 0.5026836249890039
Train loss: 16.480145768868354 Val loss: 1.8364421342268449 Time: 0.47974324999086093
Train loss: 15.274439553666639 Val loss: 1.7024999364416755 Time: 0.4810150830016937
Train loss: 12.193973091258044 Val loss: 1.3780801076196727 Time: 0.4889968750067055
Train loss: 9.02030595597595 Val loss: 1.0502790484740878 Time: 0.4867429159930907
Train loss: 8.0007243520268 Val loss: 0.9348414111187449 Time: 0.49889704200904816
Train loss: 7.81117019655667 Val loss: 0.9080642083708622 Time: 0.49034579200088046
Train loss: 7.720154367728876 Val loss: 0.895312382852886 Time: 0.491187917010393
Train loss: 7.412108236550857 Val loss: 0.8581128211728586 Time: 0.4908586249948712
Train loss: 7.285055175802787 Val loss: 0.8420743062552248 Time: 0.5031239169911714
Train loss: 7.441749974051106 Val loss: 0.8536743811439627 Time: 0.4969165419897763
Train loss: 7.370201729030775 Val loss: 0.8372171302962301 Time: 0.4943243750021793
Train loss: 6.849414410623945 Val loss: 0.783713042275489 Time: 0.5498250409873435
Train loss: 7.267860900395348 Val loss: 0.8157462892103527 Time: 0.5093062079977244
Train loss: 6.648958339563629 Val loss: 0.7553391519546034 Time: 0.49925350000557955
Train loss: 6.7001338269801565 Val loss: 0.7559927755526499 Time: 0.5057129170018015
Train loss: 6.557657439274063 Val loss: 0.7406032198806161 Time: 0.5032407499966212
Train loss: 6.380993427256179 Val loss: 0.7208179065209323 Time: 0.5113960000016959
Train loss: 6.417737027707285 Val loss: 0.7160630432944626 Time: 0.5047992499894463
Train loss: 6.232768270871503 Val loss: 0.694874029687426 Time: 0.5032131250045495
Train loss: 5.9602812704716825 Val loss: 0.6683372121291908 Time: 0.5029603750008391
Train loss: 6.057361675528328 Val loss: 0.6725884626345977 Time: 0.5301406670041615
Train loss: 5.588048423284924 Val loss: 0.6242268311855147 Time: 0.507261416001711
Train loss: 5.619439727185186 Val loss: 0.623471065949271 Time: 0.5087087910069386
Train loss: 5.244596227845932 Val loss: 0.5879721984836942 Time: 0.5058033330133185
Train loss: 5.521944646782742 Val loss: 0.6061116892961009 Time: 0.5203048749972368
Train loss: 4.894164876804511 Val loss: 0.550818415833114 Time: 0.5089094580034725
Train loss: 4.981473481676488 Val loss: 0.5522631851515268 Time: 0.5141164999949979
Train loss: 4.840352902037072 Val loss: 0.5399491134028731 Time: 0.5119678750052117
Train loss: 4.6502284677155785 Val loss: 0.5058495722087276 Time: 0.5202822919964092
Train loss: 4.48075783748294 Val loss: 0.5004632130371931 Time: 0.5102193329948932
Train loss: 4.625770601290878 Val loss: 0.49432629800451544 Time: 0.5096562500111759
Train loss: 4.379840976609799 Val loss: 0.4697165218306414 Time: 0.5130730000091717
Train loss: 4.140369022824036 Val loss: 0.4420336294408782 Time: 0.523692624992691
Train loss: 4.279363550701938 Val loss: 0.46586019958140773 Time: 0.5152660410094541
Train loss: 4.178790217891981 Val loss: 0.44771242607483575 Time: 0.5148293749953154
Train loss: 4.07992171730038 Val loss: 0.43231252654992325 Time: 0.5136282919993391
Train loss: 3.905791311311699 Val loss: 0.41511297541982656 Time: 0.5233042500040028
Train loss: 3.714931732765929 Val loss: 0.3920754928918287 Time: 0.5145405419898452
Train loss: 3.5036836213129057 Val loss: 0.3826401650044823 Time: 0.5139738750003744
Train loss: 3.714521664198921 Val loss: 0.3937851071258007 Time: 0.5163364170002751
Train loss: 3.4774873247120155 Val loss: 0.3805475960126869 Time: 0.5217072079976788
Train loss: 3.4930899551520156 Val loss: 0.3843078980287462 Time: 0.515109209009097
Train loss: 3.64087929749416 Val loss: 0.3826789882603084 Time: 0.519181290990673
Train loss: 3.436731089413456 Val loss: 0.36209912170858444 Time: 0.5286329160007881
Train loss: 3.4771952358239373 Val loss: 0.367696163377139 Time: 0.5660275419941172
Train loss: 3.2874466047350657 Val loss: 0.35293813725127726 Time: 0.522970541001996
Train loss: 3.303519499473893 Val loss: 0.3455795073202955 Time: 0.5204710830003023
Train loss: 3.312255606107449 Val loss: 0.34156673273236543 Time: 0.5311425830004737
Train loss: 3.1521633192652203 Val loss: 0.3324198655375593 Time: 0.5297607079992304
Train loss: 3.0235198746496597 Val loss: 0.3133771542796895 Time: 0.5227273750060704
Train loss: 3.160910643508521 Val loss: 0.32615979451558835 Time: 0.5249957500054734
Train loss: 2.9197971951214647 Val loss: 0.30771863663610055 Time: 0.5324812499893596
Train loss: 3.132616443300847 Val loss: 0.33441364215752645 Time: 0.5288456670095911
Train loss: 2.9672964933399655 Val loss: 0.3155403480792722 Time: 0.5261795410042396
Train loss: 2.999114096461013 Val loss: 0.3187200019054055 Time: 0.5267137920018286
Train loss: 2.9623173705030865 Val loss: 0.30461592650183483 Time: 0.5388054170034593
Train loss: 2.8820476890147546 Val loss: 0.3031341471912659 Time: 0.5277061249944381
Train loss: 2.8208324714490374 Val loss: 0.3057453178775332 Time: 0.5265436249901541
Train loss: 2.9850280311894064 Val loss: 0.3104562766325283 Time: 0.5253873339970596
Train loss: 2.821708646024504 Val loss: 0.30587592050557033 Time: 0.5346877919946564
Train loss: 2.7946120484242902 Val loss: 0.3009016484237292 Time: 0.5283284170000115
Train loss: 2.554623062680321 Val loss: 0.2742500145813161 Time: 0.5264010000100825
Train loss: 2.660252327404148 Val loss: 0.28050623884220055 Time: 0.5421800830081338
Train loss: 2.7824681976196493 Val loss: 0.29259374543848243 Time: 0.5367904999875464
Train loss: 2.6497728978359363 Val loss: 0.2700076436861339 Time: 0.5304482909996295
Train loss: 2.7457972870012437 Val loss: 0.2903351044194103 Time: 0.5279669579904294
Train loss: 2.4894196268556783 Val loss: 0.26595900864185035 Time: 0.5326824160001706
Train loss: 2.527409595395909 Val loss: 0.2595038750151723 Time: 0.5424510830052895
Train loss: 2.5777073138957185 Val loss: 0.26944013580124393 Time: 0.5294902500027092
Train loss: 2.6431804099455185 Val loss: 0.27233540102256354 Time: 0.5437949170009233
Train loss: 2.4557948622214383 Val loss: 0.25162187716585493 Time: 0.5300876660039648
Train loss: 2.6111259973786947 Val loss: 0.2732131655289645 Time: 0.5449441669916268
Train loss: 2.2910785207290933 Val loss: 0.23274974739472584 Time: 0.536088209002628
Train loss: 2.2869599848421056 Val loss: 0.24708534962114312 Time: 0.5332499999931315
Train loss: 2.363370914663575 Val loss: 0.2553954801041827 Time: 0.5349025420000544
Train loss: 2.383219534624075 Val loss: 0.24952613680977095 Time: 0.541872792004142
Train loss: 2.4891306637868595 Val loss: 0.27785758776168745 Time: 0.5346013749949634
Train loss: 2.357722368896244 Val loss: 0.25851148624032344 Time: 0.5893833749869373
Train loss: 2.3168660463916595 Val loss: 0.2413522375203809 Time: 0.5423696660000132
Train loss: 2.21525315344617 Val loss: 0.23297503435951178 Time: 0.5313270839978941
Train loss: 2.2983573723649706 Val loss: 0.26332016397442926 Time: 0.534266665999894
Train loss: 2.364109283563849 Val loss: 0.25525246703295 Time: 0.5404463750019204
Train loss: 2.2141723581465156 Val loss: 0.24092288820506774 Time: 0.5396567919960944
Train loss: 2.1895245961942775 Val loss: 0.24871695116342407 Time: 0.561567875003675
Train loss: 2.1674543183597166 Val loss: 0.2406355845955049 Time: 0.5653559170023073
Train loss: 2.2558473683526614 Val loss: 0.23414878224928287 Time: 0.5423002079915022
Train loss: 2.0700137918302506 Val loss: 0.22265422359997525 Time: 0.5750490000064019
Train loss: 2.129182245287513 Val loss: 0.221949546450048 Time: 0.5601572909945389
Train loss: 2.000021793344885 Val loss: 0.209844002758515 Time: 0.5481022919993848
Train loss: 2.1027064921076217 Val loss: 0.24462531127636694 Time: 0.543594500006293
Train loss: 1.9997310510040762 Val loss: 0.20145118470792467 Time: 0.5495668340008706
Train loss: 2.016092418802385 Val loss: 0.23847245920438911 Time: 0.5362167919956846
Train loss: 1.8817473797857573 Val loss: 0.2285967617606031 Time: 0.5788427079969551
Train loss: 1.9707708956392622 Val loss: 0.2489953830306801 Time: 0.5682502499985276
Train loss: 1.920669200909316 Val loss: 0.23713143376401108 Time: 0.5549965000100201
Train loss: 1.9018359061889782 Val loss: 0.21742934746260506 Time: 0.5438553749991115
Train loss: 1.8742217842565199 Val loss: 0.20781451917390759 Time: 0.5436864579969551
Train loss: 1.7783577308330116 Val loss: 0.2261731071246951 Time: 0.5451491249987157
Train loss: 1.8484344363307663 Val loss: 0.23163368152862823 Time: 0.5385950829950161
Train loss: 1.8682874378397685 Val loss: 0.21974344558098427 Time: 0.547769500000868
Train loss: 2.022176110388912 Val loss: 0.20869118570627754 Time: 0.5381922079977812
Train loss: 1.8515971518580017 Val loss: 0.22671953170320883 Time: 0.546030207988224
Train loss: 1.766502539990428 Val loss: 0.20323291808417546 Time: 0.5407861249987036
Train loss: 1.6285804883472466 Val loss: 0.18459326770568726 Time: 0.5416921249998268
Train loss: 1.767106008659649 Val loss: 0.19452432389813035 Time: 0.5374257499934174
Train loss: 1.77048740292871 Val loss: 0.1876400352121364 Time: 0.5418574159994023
Train loss: 1.6876188682705298 Val loss: 0.17817522704640415 Time: 0.5363303329941118
Train loss: 1.7918723172380122 Val loss: 0.19607081580748362 Time: 0.5630182499880902
Train loss: 1.6573416980419744 Val loss: 0.1680136633259704 Time: 0.5762042909918819
Train loss: 1.6029491950195336 Val loss: 0.19930742183544842 Time: 0.5826186669874005
Train loss: 1.6552052491799838 Val loss: 0.2101522766709218 Time: 0.598813666991191
Train loss: 1.779461663640212 Val loss: 0.1908085420115305 Time: 0.5399965419928776
Train loss: 1.4727957462655752 Val loss: 0.20313734433648434 Time: 0.5663586250011576
Train loss: 1.6215070781384213 Val loss: 0.18121974598432172 Time: 0.5351741249905899
Train loss: 1.375075036205704 Val loss: 0.15119236976490116 Time: 0.5362130840076134
Train loss: 1.52720474153719 Val loss: 0.20269921824411588 Time: 0.5392700829979731
Train loss: 1.5922152288696338 Val loss: 0.17495411789299373 Time: 0.5460799160064198
Train loss: 1.5272126293295116 Val loss: 0.16743461174821636 Time: 0.5448447910021059
Train loss: 1.3828221060227728 Val loss: 0.14883771123192177 Time: 0.5417258329980541
Train loss: 1.280069543700268 Val loss: 0.13951883201827256 Time: 0.553460791008547
Train loss: 1.4624947757505256 Val loss: 0.20051601648752396 Time: 0.5453906670009019
Train loss: 1.3254863901122569 Val loss: 0.1787869266740391 Time: 0.5423942499910481
Train loss: 1.5518001870751092 Val loss: 0.18423331292810097 Time: 0.5413718330091797
Train loss: 1.338103133301388 Val loss: 0.13531947242493786 Time: 0.5497112500015646
Train loss: 1.4656424993529136 Val loss: 0.14979938946797788 Time: 0.5417522089992417
Train loss: 1.3764115902875353 Val loss: 0.18255481524157244 Time: 0.546576916007325
Train loss: 1.4376233563476148 Val loss: 0.16834007706518855 Time: 0.548730374997831
Train loss: 1.240229177227647 Val loss: 0.13300045957068138 Time: 0.556378000008408
Train loss: 1.301735408945577 Val loss: 0.13093577198000791 Time: 0.547160417001578
Train loss: 1.338282137191385 Val loss: 0.15942964860918934 Time: 0.5654672499949811
Train loss: 1.317402590646374 Val loss: 0.13415174804003843 Time: 0.5419253330037463
Train loss: 1.3302584247322642 Val loss: 0.13570099122477797 Time: 0.5521308339957613
Train loss: 1.1792863150975796 Val loss: 0.13703878717223308 Time: 0.542574874998536
Train loss: 1.2072159785423935 Val loss: 0.14275055292290506 Time: 0.5455012919992441
Train loss: 1.2140310689674572 Val loss: 0.12646929192791106 Time: 0.5546127499983413
Train loss: 1.1355415341429378 Val loss: 0.11947639156905836 Time: 0.544008249999024
Train loss: 1.2531020559378125 Val loss: 0.13064861185180482 Time: 0.54041479199077
Train loss: 1.3126279806622847 Val loss: 0.17503618847527555 Time: 0.5460577080084477
Train loss: 1.0910481517323811 Val loss: 0.13456041425081697 Time: 0.553622000006726
Train loss: 1.14961083991588 Val loss: 0.1366072646961558 Time: 0.5679910000035306
Train loss: 1.2803471688630523 Val loss: 0.13338116390732413 Time: 0.5512795829999959
Train loss: 1.1603546951584462 Val loss: 0.15870636395215423 Time: 0.5643740829982562
Train loss: 1.1570736750492836 Val loss: 0.1691812081252639 Time: 0.5846546249958919
Train loss: 1.1726167275985162 Val loss: 0.16101176036011122 Time: 0.5519303330074763
Train loss: 1.0874704055841127 Val loss: 0.11221970437662748 Time: 0.555787417004467
Train loss: 1.031445578052315 Val loss: 0.106626501380839 Time: 0.5550067500007572
Train loss: 1.132515550223589 Val loss: 0.14609113182269623 Time: 0.5549520409986144
Train loss: 1.1910522932762433 Val loss: 0.12303162749943454 Time: 0.602890958005446
Train loss: 1.1096354043723196 Val loss: 0.11583038126869838 Time: 0.5541307919920655
Train loss: 1.1371561656683413 Val loss: 0.12063885363220495 Time: 0.6404877910099458
Train loss: 1.173897036305217 Val loss: 0.12130857186364641 Time: 0.602423666001414
Train loss: 1.1711524685988346 Val loss: 0.1322148812708464 Time: 0.578831375009031
Train loss: 1.1457428447100364 Val loss: 0.1200272198473104 Time: 0.5625124590005726
Train loss: 1.1292631955543924 Val loss: 0.11684223877277093 Time: 0.5701299170032144
Train loss: 0.9476788343008158 Val loss: 0.09513600654992112 Time: 0.5491857089946279
Train loss: 1.0140418736530137 Val loss: 0.14851806282507923 Time: 0.5526732919970527
Train loss: 1.027871911474623 Val loss: 0.11696963828347229 Time: 0.5591640829952667
Train loss: 1.0460437407922498 Val loss: 0.12786379728675054 Time: 0.5664818329969421
Train loss: 1.1833918500372143 Val loss: 0.1439217894449218 Time: 0.5534085830004187
Train loss: 1.1132055445380047 Val loss: 0.1531107937359462 Time: 0.5479029169946443
Train loss: 1.0774899845659434 Val loss: 0.15582833903579735 Time: 0.5631799169932492
Train loss: 1.0694375915088088 Val loss: 0.12102461773810966 Time: 0.5501448329887353
Train loss: 0.9070352957577947 Val loss: 0.09112321841762121 Time: 0.5550272079999559
Train loss: 0.9433882111077025 Val loss: 0.15453379601672024 Time: 0.5507498329970986
Train loss: 1.0690317182766593 Val loss: 0.1154383309840379 Time: 0.5569096670078579
Train loss: 0.8978673824297534 Val loss: 0.09085694178834085 Time: 0.5491036250023171
Train loss: 0.9292300462560377 Val loss: 0.09402620496509773 Time: 0.55477833400073
Train loss: 0.9824135401570935 Val loss: 0.14018347201798234 Time: 0.5603493749949848
Train loss: 0.9263002965707106 Val loss: 0.1446205319750021 Time: 0.5487742080003954
Train loss: 1.0158031317966296 Val loss: 0.14483078021844722 Time: 0.553979292002623
Train loss: 0.9215177216713357 Val loss: 0.13609244020539024 Time: 0.5467873750021681
Train loss: 0.970131553187759 Val loss: 0.14121264240373008 Time: 0.5604399160074536
Train loss: 0.9459051600578192 Val loss: 0.14428945365293944 Time: 0.5536491660022875
Train loss: 0.8188155372546504 Val loss: 0.13975310581240358 Time: 0.5484999579930445
Train loss: 0.7775284642350988 Val loss: 0.14542507423897374 Time: 0.5480844169942429
Train loss: 0.928461658373049 Val loss: 0.14106846823082825 Time: 0.5633355419995496
Train loss: 0.9443289297116166 Val loss: 0.16184881503050197 Time: 0.5457543329976033
Train loss: 0.9651945587506887 Val loss: 0.14175047604805432 Time: 0.5478882500028703
Train loss: 0.9574615225758301 Val loss: 0.1432445855639249 Time: 0.5453722500096774
Train loss: 0.8251158106247658 Val loss: 0.14384126119880458 Time: 0.559234040993033
Train loss: 0.8692396080028857 Val loss: 0.09016585825804894 Time: 0.5508391670009587
Train loss: 0.8680283683066605 Val loss: 0.08727260703190746 Time: 0.5554183339991141
Train loss: 0.8218917723756505 Val loss: 0.12944641814236635 Time: 0.5565902910020668
Train loss: 0.7990451425615674 Val loss: 0.13165319168376044 Time: 0.5501933749910677
Shrinking learning rate to 1e-05
Train loss: 0.8854929421251825 Val loss: 0.14510954159771758 Time: 0.5558765409950865
Train loss: 0.8331149282979347 Val loss: 0.14081318496315287 Time: 0.5521449170046253
Train loss: 0.8069789704254084 Val loss: 0.1402755014703936 Time: 0.5634856660035439
Train loss: 0.8076801395269442 Val loss: 0.14470274510038125 Time: 0.556773707998218
Train loss: 0.8243781131016874 Val loss: 0.14469239275516058 Time: 0.5555117089970736
Train loss: 0.7878921246719983 Val loss: 0.14255169810769877 Time: 0.5539380419941153
Train loss: 0.7999086120897232 Val loss: 0.14268157244664842 Time: 0.5595247499877587
Train loss: 0.7420354429252045 Val loss: 0.13910566063500962 Time: 0.5533175830059918
Train loss: 0.8856421924632656 Val loss: 0.1442542793253428 Time: 0.5456682499934686
Train loss: 0.7684310418130629 Val loss: 0.13591940440827396 Time: 0.5570207499986282
Train loss: 0.8188012812052534 Val loss: 0.1406496356787192 Time: 0.5500700830016285
Train loss: 0.8252684279998768 Val loss: 0.14038307741253053 Time: 0.5483227090007858
Train loss: 0.7883542125511198 Val loss: 0.13656472781798143 Time: 0.5495656249986496
Train loss: 0.7562732297722792 Val loss: 0.13509876131147835 Time: 0.6358420840115286
Train loss: 0.7218176854056715 Val loss: 0.13502380002033312 Time: 0.555617040998186
Train loss: 0.6571039044827336 Val loss: 0.12890458485244013 Time: 0.5486180419975426
Train loss: 0.7387789315762703 Val loss: 0.13551977155206624 Time: 0.5534049999987474
Train loss: 0.8218054664197041 Val loss: 0.13712600402675335 Time: 0.5585662910016254
Train loss: 0.8093290476666937 Val loss: 0.13639007550796592 Time: 0.553932499999064
Train loss: 0.7389069605765712 Val loss: 0.13092880187147496 Time: 0.5560490000061691
Train loss: 0.7949478240100687 Val loss: 0.13588294685911195 Time: 0.5592207079898799
Train loss: 0.8011564037999079 Val loss: 0.13559354706636403 Time: 0.5667671669943957
Train loss: 0.8119663553359828 Val loss: 0.13414203316926954 Time: 0.5490504589979537
Train loss: 0.750243136114868 Val loss: 0.13119382062217957 Time: 0.559851375001017
Train loss: 0.709199810154757 Val loss: 0.12874581619461592 Time: 0.5658803750120569
Shrinking learning rate to 1.0000000000000002e-06
Train loss: 0.7094668668207511 Val loss: 0.13117118506298014 Time: 0.5626024999946821
Train loss: 0.86395534232712 Val loss: 0.1402624985267564 Time: 0.5580762080062414
Train loss: 0.707868335173206 Val loss: 0.131337617504689 Time: 0.5650986249966081
Train loss: 0.7892558248496186 Val loss: 0.1356547521311078 Time: 0.5636267499940004
Train loss: 0.7578131536155919 Val loss: 0.13377606008350207 Time: 0.5525882079964504
Train loss: 0.7219076359477867 Val loss: 0.13162401322245032 Time: 0.5532672920089681
Train loss: 0.7303940686705923 Val loss: 0.13183416275514376 Time: 0.5670187089999672
Train loss: 0.7699762849561189 Val loss: 0.13410977469777383 Time: 0.5617907909909263
Train loss: 0.6896996574564476 Val loss: 0.1297186603032244 Time: 0.5502007500035688
Train loss: 0.7069657173131816 Val loss: 0.13087873978366635 Time: 0.5529769170098007
Shrinking learning rate to 1.0000000000000002e-07
Learning rate getting small
Complete
 Total time: 120.6528939580021