starting log for model: models/lstm_hidden_new_22-23.pth
Train loss: 14.757149573661081 Val loss: 1.851532709081737 Time: 0.472372957970947
Train loss: 14.366551808780288 Val loss: 1.816192699544912 Time: 0.384426667005755
Train loss: 14.211412529650396 Val loss: 1.801135824672719 Time: 0.3669947499874979
Train loss: 13.887841587807145 Val loss: 1.7274363013965701 Time: 0.39645791600923985
Train loss: 13.123384408978271 Val loss: 1.657093457183659 Time: 0.39445474999956787
Train loss: 11.758968280357863 Val loss: 1.379610702451746 Time: 0.38657295797020197
Train loss: 10.078908768514225 Val loss: 1.2085455155066789 Time: 0.38539829198271036
Train loss: 8.418080853715765 Val loss: 1.0470635485749045 Time: 0.3698771250201389
Train loss: 7.786508191668489 Val loss: 0.977630570278049 Time: 0.37353745801374316
Train loss: 7.311780754137596 Val loss: 0.9311312535986892 Time: 0.39808695804094896
Train loss: 7.165470898837741 Val loss: 0.9107982548262288 Time: 0.39392154198139906
Train loss: 7.107613993323376 Val loss: 0.9024171710031209 Time: 0.3758877500076778
Train loss: 7.004713209717313 Val loss: 0.8885324249438848 Time: 0.37178216699976474
Train loss: 6.997454684471655 Val loss: 0.889961902133503 Time: 0.3750056669814512
Train loss: 6.778093190469134 Val loss: 0.8666836837346484 Time: 0.36570304102497175
Train loss: 6.927136989569523 Val loss: 0.87446636962698 Time: 0.37215162499342114
Train loss: 6.654694198889559 Val loss: 0.8507494934732225 Time: 0.3657839170191437
Train loss: 6.751434762573576 Val loss: 0.8539464306444876 Time: 0.36616879201028496
Train loss: 6.682947163292598 Val loss: 0.8470534858798473 Time: 0.3665093749877997
Train loss: 6.609533172588091 Val loss: 0.8401435913712773 Time: 0.37556608294835314
Train loss: 6.361413229043951 Val loss: 0.8191947821573122 Time: 0.37101004197029397
Train loss: 6.291083010370254 Val loss: 0.8126269619497258 Time: 0.36606383399339393
Train loss: 6.386493877670537 Val loss: 0.817378211468032 Time: 0.3656436249730177
Train loss: 6.166064783662211 Val loss: 0.7970785295938412 Time: 0.3650221250136383
Train loss: 6.237171336964806 Val loss: 0.8002613818096107 Time: 0.3699264589813538
Train loss: 6.2433456057748735 Val loss: 0.798244649748519 Time: 0.3663010000018403
Train loss: 6.039112738032829 Val loss: 0.7793454688474197 Time: 0.3703146670013666
Train loss: 6.033937649360382 Val loss: 0.7792495610898088 Time: 0.3661706249695271
Train loss: 6.0339843279426795 Val loss: 0.7764019916988737 Time: 0.36498349998146296
Train loss: 5.779581595452726 Val loss: 0.7562362000538986 Time: 0.36563433398259804
Train loss: 5.776743896355701 Val loss: 0.7524122889961722 Time: 0.3687982080155052
Train loss: 5.708203780328223 Val loss: 0.7440949059938184 Time: 0.3712993749650195
Train loss: 5.7136061332948564 Val loss: 0.7440834436641665 Time: 0.3642997919814661
Train loss: 5.668499979754818 Val loss: 0.7406784382506472 Time: 0.36683483299566433
Train loss: 5.774702249905454 Val loss: 0.747008035471163 Time: 0.36498758295783773
Train loss: 5.612259253010642 Val loss: 0.7292367765536575 Time: 0.3706665830104612
Train loss: 5.536572982268595 Val loss: 0.7235214802112861 Time: 0.3648469159961678
Train loss: 5.420844642852076 Val loss: 0.714877154975196 Time: 0.36831641697790474
Train loss: 5.297494457376601 Val loss: 0.7011216971181091 Time: 0.3646774580120109
Train loss: 5.373536504180718 Val loss: 0.7038545274047567 Time: 0.36355166701832786
Train loss: 5.258356861070736 Val loss: 0.6921957197410838 Time: 0.3644205000018701
Train loss: 5.1806146106904585 Val loss: 0.6848791417240454 Time: 0.37127570796292275
Train loss: 5.04557115432544 Val loss: 0.6744812102395664 Time: 0.3679926660261117
Train loss: 4.919819471683457 Val loss: 0.66220711391887 Time: 0.3682779999799095
Train loss: 4.949252460904648 Val loss: 0.6604984852340723 Time: 0.4308171249576844
Train loss: 4.834878551061088 Val loss: 0.6529249800932486 Time: 0.36397758399834856
Train loss: 4.840931913881544 Val loss: 0.652535184834353 Time: 0.36954454198712483
Train loss: 4.812966210806685 Val loss: 0.6507897132213224 Time: 0.3870480000041425
Train loss: 4.653599034129341 Val loss: 0.6333658578794218 Time: 0.37001270800828934
Train loss: 4.565008682382318 Val loss: 0.6238814737944481 Time: 0.36500633298419416
Train loss: 4.57667220197909 Val loss: 0.6261201012381389 Time: 0.36415825004223734
Train loss: 4.469358909444795 Val loss: 0.6199953847999182 Time: 0.36318329197820276
Train loss: 4.471796301666888 Val loss: 0.6198747343566922 Time: 0.37016641697846353
Train loss: 4.37505555131621 Val loss: 0.6057709955671375 Time: 0.3696522500249557
Train loss: 4.336469481770386 Val loss: 0.5955472707826038 Time: 0.364396916993428
Train loss: 4.221300706443781 Val loss: 0.5838498774937222 Time: 0.36719204095425084
Train loss: 4.1802700283976275 Val loss: 0.5762205709670375 Time: 0.3649037919822149
Train loss: 4.302667715967705 Val loss: 0.5897865690824485 Time: 0.36960437503876165
Train loss: 4.037209863013595 Val loss: 0.5611085606174848 Time: 0.36786070803646
Train loss: 4.012774146205922 Val loss: 0.5602998869182114 Time: 0.36942000000271946
Train loss: 4.002196693493962 Val loss: 0.5591624957496522 Time: 0.3691966669866815
Train loss: 3.9716216931096713 Val loss: 0.5512497822969211 Time: 0.37170279200654477
Train loss: 3.9792139271044493 Val loss: 0.5547490353071801 Time: 0.4563457499607466
Train loss: 3.758799692608308 Val loss: 0.5441089975657304 Time: 0.3748245000024326
Train loss: 3.7519230090906586 Val loss: 0.537048598498816 Time: 0.37490558403078467
Train loss: 3.766890198819456 Val loss: 0.5335089184764429 Time: 0.37128295801812783
Train loss: 3.6814436977954603 Val loss: 0.5214446224194959 Time: 0.37153400003444403
Train loss: 3.5901701540072284 Val loss: 0.5162255602323846 Time: 0.3714539170032367
Train loss: 3.531000940783187 Val loss: 0.505681150438495 Time: 0.37915695895208046
Train loss: 3.469595041730323 Val loss: 0.5000478661112353 Time: 0.37345166597515345
Train loss: 3.5420279229769793 Val loss: 0.504487897284921 Time: 0.3777445000014268
Train loss: 3.3169328532797664 Val loss: 0.4887279525167798 Time: 0.37704987498000264
Train loss: 3.52443849098809 Val loss: 0.49836424223213505 Time: 0.37769291701260954
Train loss: 3.4080912190849535 Val loss: 0.4870689140115261 Time: 0.3761504580033943
Train loss: 3.2763426640968567 Val loss: 0.48040716100682235 Time: 0.3806905829696916
Train loss: 3.3833724502149067 Val loss: 0.4769048873129678 Time: 0.3790813750238158
Train loss: 3.2571417645515908 Val loss: 0.465432758423753 Time: 0.3767017089994624
Train loss: 3.246641677879026 Val loss: 0.4668445980596901 Time: 0.37826245796168223
Train loss: 3.26160193535217 Val loss: 0.4667990840185613 Time: 0.3794083329848945
Train loss: 3.3004908283961223 Val loss: 0.4723751611849673 Time: 0.38143591705011204
Train loss: 3.0002919317421686 Val loss: 0.4484166364653259 Time: 0.38322825002251193
Train loss: 3.2216579756209605 Val loss: 0.46162873482628974 Time: 0.3810457499930635
Train loss: 3.1475742175796726 Val loss: 0.45805684779347833 Time: 0.377706290979404
Train loss: 3.2045722395461387 Val loss: 0.45558130870619507 Time: 0.38259366602869704
Train loss: 3.1182963425527577 Val loss: 0.44533460187849633 Time: 0.3844539159908891
Train loss: 3.047647839544865 Val loss: 0.4497123239849797 Time: 0.38398216699715704
Train loss: 3.13033955074447 Val loss: 0.445261988188656 Time: 0.385594499995932
Train loss: 3.089072316303179 Val loss: 0.44603170110477175 Time: 0.38368254102533683
Train loss: 3.1009628229720576 Val loss: 0.4411029589269866 Time: 0.3789277920150198
Train loss: 2.8691637521951687 Val loss: 0.4212898373400078 Time: 0.38417179201496765
Train loss: 2.880373404023871 Val loss: 0.4255452021452427 Time: 0.38650420802878216
Train loss: 2.89976778048338 Val loss: 0.4248823500252835 Time: 0.38905637501738966
Train loss: 3.010158686237759 Val loss: 0.41633343893836433 Time: 0.3857430000207387
Train loss: 2.838706753888335 Val loss: 0.4199299648838954 Time: 0.38648537499830127
Train loss: 3.001482273515138 Val loss: 0.428581084992973 Time: 0.3838379579829052
Train loss: 2.881827030615586 Val loss: 0.41815148907675936 Time: 0.390702250006143
Train loss: 2.624167142564589 Val loss: 0.3912658427989923 Time: 0.3897502910112962
Train loss: 2.757945654134195 Val loss: 0.40875870005839104 Time: 0.38627124996855855
Train loss: 2.8556706017401297 Val loss: 0.412165430772223 Time: 0.40398229198763147
Train loss: 2.706896290022007 Val loss: 0.4031935693656459 Time: 0.3985447089653462
Train loss: 2.7943791176764563 Val loss: 0.4086984435490424 Time: 0.40291337500093505
Train loss: 2.71386934806268 Val loss: 0.39483623111345967 Time: 0.3920179579872638
Train loss: 2.684210232126894 Val loss: 0.38955099001146504 Time: 0.39182116597658023
Train loss: 2.656595444579523 Val loss: 0.38871216801405556 Time: 0.39058000000659376
Train loss: 2.6780421688696308 Val loss: 0.39248984846351387 Time: 0.39005783398170024
Train loss: 2.592227858783943 Val loss: 0.3896700382103835 Time: 0.3921170830144547
Train loss: 2.527896401119989 Val loss: 0.3864959543565846 Time: 0.39306645904434845
Train loss: 2.495810927581805 Val loss: 0.37878677995944454 Time: 0.39844729099422693
Train loss: 2.463549775479624 Val loss: 0.37647388344998145 Time: 0.3916681249975227
Train loss: 2.6055320359531606 Val loss: 0.37769684957198996 Time: 0.3908671669778414
Train loss: 2.432365270750875 Val loss: 0.3823518851871161 Time: 0.3891065409989096
Train loss: 2.339194354710088 Val loss: 0.36155530665915997 Time: 0.3968857090221718
Train loss: 2.3855321324192005 Val loss: 0.3632496338453058 Time: 0.39266412501456216
Train loss: 2.281781160414576 Val loss: 0.3603145060335054 Time: 0.3929393329890445
Train loss: 2.2970166731540473 Val loss: 0.3641913990618083 Time: 0.3945356250042096
Train loss: 2.3675875605470935 Val loss: 0.35678288839810396 Time: 0.3950449170079082
Train loss: 2.2541841460674155 Val loss: 0.3532958093256961 Time: 0.3981970000313595
Train loss: 2.241789838854629 Val loss: 0.35751229198177775 Time: 0.39962795801693574
Train loss: 2.2350046913266084 Val loss: 0.347646980442933 Time: 0.39614433399401605
Train loss: 2.361065640284359 Val loss: 0.3617213671275669 Time: 0.39335433300584555
Train loss: 2.2353537423054703 Val loss: 0.3515736789542231 Time: 0.400023834023159
Train loss: 2.0931749974823 Val loss: 0.3452266646638754 Time: 0.40118187497137114
Train loss: 2.2148895199498604 Val loss: 0.3576921084555878 Time: 0.39675712503958493
Train loss: 2.099640893307105 Val loss: 0.34706755151645086 Time: 0.3935927079874091
Train loss: 2.1651339228190594 Val loss: 0.34619252074993856 Time: 0.39563666604226455
Train loss: 2.1159296780542367 Val loss: 0.3418684748305392 Time: 0.39771816600114107
Train loss: 2.0828086642315995 Val loss: 0.4774442404480327 Time: 0.4010559580055997
Train loss: 2.0773054414294734 Val loss: 0.33450141832222974 Time: 0.40088962501613423
Train loss: 1.9159586110366753 Val loss: 0.47566171496976567 Time: 0.3996892499853857
Train loss: 1.9570842444779402 Val loss: 0.47630843805807377 Time: 0.397010583023075
Train loss: 1.9878021440824583 Val loss: 0.47115011183927347 Time: 0.4000603329623118
Train loss: 2.0634872022853283 Val loss: 0.4712192706957933 Time: 0.40052041597664356
Train loss: 1.909183386046898 Val loss: 0.46931887575682685 Time: 0.39568825002061203
Train loss: 1.817237837622013 Val loss: 0.464522315776754 Time: 0.404620666988194
Train loss: 1.8084595320191568 Val loss: 0.45972829558223455 Time: 0.39835008402587846
Train loss: 1.7593241609344261 Val loss: 0.4675729255722164 Time: 0.4001717909704894
Train loss: 1.8134150571447094 Val loss: 0.4682974767719979 Time: 0.4048982499516569
Train loss: 1.798122430026159 Val loss: 0.4705473636803941 Time: 0.4037685000221245
Train loss: 1.8536862609853206 Val loss: 0.470102352465367 Time: 0.4128658749978058
Train loss: 1.7148592231704072 Val loss: 0.4559069721135028 Time: 0.402627624978777
Train loss: 1.687112131556888 Val loss: 0.4626145673957141 Time: 0.4231635829783045
Train loss: 1.5558221627308866 Val loss: 0.44797438877584067 Time: 0.4084546249941923
Train loss: 1.6282465087497848 Val loss: 0.4595563923929744 Time: 0.419185958977323
Train loss: 1.6334602513730978 Val loss: 0.45152518731445196 Time: 0.4056346660363488
Train loss: 1.582648404004095 Val loss: 0.4443935474610331 Time: 0.39890987501712516
Train loss: 1.616902194206383 Val loss: 0.4458558099909929 Time: 0.40391724999062717
Train loss: 1.4611097499135668 Val loss: 0.44659392137898385 Time: 0.42401245899964124
Train loss: 1.5726549380418362 Val loss: 0.43619058707404035 Time: 0.3991703750216402
Train loss: 1.6139786203214848 Val loss: 0.4533298059260491 Time: 0.401615375012625
Train loss: 1.561980371791421 Val loss: 0.4371189477195829 Time: 0.3998502920148894
Train loss: 1.5073905861181984 Val loss: 0.4457111496962879 Time: 0.40507533395430073
Train loss: 1.4852426036179338 Val loss: 0.4401679927252946 Time: 0.39960829104529694
Train loss: 1.4854621090546516 Val loss: 0.44146516188793644 Time: 0.4023663330008276
Train loss: 1.6229085553815423 Val loss: 0.4422819351941925 Time: 0.40589362499304116
Train loss: 1.417805495699826 Val loss: 0.44952140947631075 Time: 0.4072070420370437
Train loss: 1.334248057647578 Val loss: 0.43149568309025943 Time: 0.40626908297417685
Train loss: 1.3275100795381718 Val loss: 0.427377451515496 Time: 0.4020402500173077
Train loss: 1.3415497299994001 Val loss: 0.4267955529830733 Time: 0.4048212500056252
Train loss: 1.3973793291988272 Val loss: 0.4286044495402007 Time: 0.40610854199621826
Train loss: 1.3833660745896736 Val loss: 0.4353755174643665 Time: 0.4030756250140257
Train loss: 1.278270719144647 Val loss: 0.42418384317355357 Time: 0.40242033399408683
Train loss: 1.2511866063426371 Val loss: 0.43077202710653756 Time: 0.4037497919634916
Train loss: 1.4127686197605493 Val loss: 0.42600870868247975 Time: 0.408357500040438
Train loss: 1.263398760871894 Val loss: 0.42972393354008004 Time: 0.4040053749922663
Train loss: 1.3686339969374615 Val loss: 0.43263495369282234 Time: 0.40342112502548844
Train loss: 1.2713821025331526 Val loss: 0.4288367779188691 Time: 0.40043820795835927
Train loss: 1.4223960880550095 Val loss: 0.4323572099806009 Time: 0.40167087502777576
Train loss: 1.3424364238023383 Val loss: 0.4239502178318379 Time: 0.4146798749570735
Train loss: 1.4818182492934895 Val loss: 0.4340686485731716 Time: 0.40794895798899233
Train loss: 1.1901801358775295 Val loss: 0.41842565638842333 Time: 0.4036783750052564
Train loss: 1.2595921041779512 Val loss: 0.42610640391984994 Time: 0.4023529590340331
Train loss: 1.1998191587924518 Val loss: 0.4200439070132754 Time: 0.4102888749912381
Train loss: 1.3940049184778331 Val loss: 0.4316137680813467 Time: 0.40814258297905326
Train loss: 1.1224370222022828 Val loss: 0.4155198354254346 Time: 0.4137970409938134
Train loss: 1.226073100232492 Val loss: 0.4186850877682185 Time: 0.40206687501631677
Train loss: 1.2049571749158616 Val loss: 0.4199761094210515 Time: 0.40532745799282566
Train loss: 1.341852204566834 Val loss: 0.42590095473864925 Time: 0.40311504097189754
Train loss: 1.3116671109837945 Val loss: 0.42417355485223696 Time: 0.41397983400383964
Train loss: 1.1257516860713181 Val loss: 0.4211547481925052 Time: 0.4216653750045225
Train loss: 1.0928726498620964 Val loss: 0.4329546104196944 Time: 0.5109480419778265
Train loss: 1.235973079738983 Val loss: 0.4190076863812396 Time: 0.4141994580277242
Train loss: 1.2523213084038645 Val loss: 0.42569536177470724 Time: 0.42001333402004093
Train loss: 1.1918763811623379 Val loss: 0.42068361162684836 Time: 0.4099840000271797
Train loss: 1.1606669696661793 Val loss: 0.4182807836664891 Time: 0.4109467499656603
Train loss: 1.154351597498902 Val loss: 0.4205179219443913 Time: 0.40640329202869907
Train loss: 1.0330240443330192 Val loss: 0.41863816042861196 Time: 0.4052603329764679
Train loss: 1.189310514855503 Val loss: 0.41959714118199143 Time: 0.40707133401883766
Train loss: 1.1596204989140801 Val loss: 0.4183112760451819 Time: 0.44649699999717996
Train loss: 1.1207319940736085 Val loss: 0.4175208206895344 Time: 0.41373720800038427
Train loss: 1.2210013125413148 Val loss: 0.41829659733859353 Time: 0.40789349999977276
Train loss: 1.1703457122443037 Val loss: 0.4242587308853648 Time: 0.407047041982878
Train loss: 1.233920525551028 Val loss: 0.4206249940684108 Time: 0.41778441600035876
Train loss: 1.1848989846238283 Val loss: 0.4182262255403698 Time: 0.42725783301284537
Train loss: 1.085929263684136 Val loss: 0.42092910092658004 Time: 0.41071379103232175
Train loss: 1.2593498617449654 Val loss: 0.42118025826573685 Time: 0.4067624579765834
Shrinking learning rate to 1e-05
Train loss: 1.1584418503093545 Val loss: 0.4190166592578792 Time: 0.522890834021382
Train loss: 1.136651799805664 Val loss: 0.41755498706492244 Time: 0.4620707090361975
Train loss: 1.1630543360964447 Val loss: 0.418225481106042 Time: 0.45452462503453717
Train loss: 1.142483443670713 Val loss: 0.41763767256675605 Time: 0.4094739580177702
Train loss: 1.0604746399356486 Val loss: 0.4155454121063409 Time: 0.4076748749939725
Train loss: 1.1190714013869894 Val loss: 0.4168660291511989 Time: 0.41737329203169793
Train loss: 1.077709756731565 Val loss: 0.4165298773613604 Time: 0.4305425419588573
Train loss: 1.0507972194731803 Val loss: 0.41588636947874286 Time: 0.4105714579927735
Train loss: 1.1728064079348854 Val loss: 0.4194382643548495 Time: 0.4152310410281643
Train loss: 1.0434401411569496 Val loss: 0.4161132979175325 Time: 0.4087759999674745
Shrinking learning rate to 1.0000000000000002e-06
Train loss: 1.1486453444729685 Val loss: 0.42113555266841196 Time: 0.40969983296236023
Train loss: 1.27212512360191 Val loss: 0.42418359306844783 Time: 0.4121404580073431
Train loss: 1.2390969284736286 Val loss: 0.42267440807036294 Time: 0.41170066595077515
Train loss: 1.1901878349786763 Val loss: 0.4208981989645633 Time: 0.43288308300543576
Train loss: 1.1363883959309078 Val loss: 0.4191712021964248 Time: 0.4144574159872718
Train loss: 1.2392054474268832 Val loss: 0.4217737899209965 Time: 0.4161184160038829
Train loss: 1.1147485908887802 Val loss: 0.41801692526504386 Time: 0.4180397499585524
Train loss: 1.0479034039743746 Val loss: 0.41616990335816156 Time: 0.4131013340083882
Train loss: 0.990160449435507 Val loss: 0.4146041989478904 Time: 0.4108928749919869
Train loss: 1.1037241962920392 Val loss: 0.41729653285125484 Time: 0.41008845798205584
Train loss: 1.1078477451865183 Val loss: 0.4172631695139509 Time: 0.4148631250136532
Train loss: 1.0597031301411022 Val loss: 0.415851167543054 Time: 0.48966462502721697
Train loss: 1.1875926612739351 Val loss: 0.4192959149177901 Time: 0.416161542001646
Train loss: 1.1602142904261257 Val loss: 0.4184513989232447 Time: 0.41097454098053277
Train loss: 1.0803594130861853 Val loss: 0.4162323873839762 Time: 0.409998832968995
Train loss: 1.1201865457514535 Val loss: 0.4172103049486668 Time: 0.46341437502996996
Train loss: 1.1154802825567192 Val loss: 0.4170797305817714 Time: 0.4180231250356883
Train loss: 1.1640189162524734 Val loss: 0.4184632503508298 Time: 0.4198013330460526
Shrinking learning rate to 1.0000000000000002e-07
Learning rate getting small
Complete
 Total time: 88.40220658300677