starting log for model: models/lstm_lin1_fcast_23_new_22-23.pth
Train loss: 14.884477799361946 Val loss: 1.731042229129699 Time: 0.47468962499988265
Train loss: 14.487602787780565 Val loss: 1.6905588841490946 Time: 0.46049875000062457
Train loss: 14.164593507128671 Val loss: 1.6399460737068514 Time: 0.45163866599978064
Train loss: 13.68825200521485 Val loss: 1.5927917980506023 Time: 0.46501987499959796
Train loss: 12.233935665056379 Val loss: 1.44634025960965 Time: 0.47126262499932636
Train loss: 9.240593592216669 Val loss: 1.133961120093461 Time: 0.4693599580004957
Train loss: 7.338677503416103 Val loss: 0.9472766972330611 Time: 0.4497700000001714
Train loss: 7.0154346163575525 Val loss: 0.9137932863010072 Time: 0.4507366669995463
Train loss: 6.770468018041441 Val loss: 0.8880618727507202 Time: 0.4434763750005004
Train loss: 6.5808417961211205 Val loss: 0.8618264996110575 Time: 0.45357345799948234
Train loss: 6.577166824820749 Val loss: 0.8618482138689411 Time: 0.45970883300014975
Train loss: 6.559615542506709 Val loss: 0.8562062537804795 Time: 0.5035449169999993
Train loss: 6.421028190617865 Val loss: 0.8427277860918109 Time: 0.47860558399952424
Train loss: 6.406899900630865 Val loss: 0.847714094418303 Time: 0.44372183399991627
Train loss: 6.231686700052078 Val loss: 0.8286963165197233 Time: 0.45155220799915696
Train loss: 6.041874985080057 Val loss: 0.8130496337198798 Time: 0.4481275830003142
Train loss: 5.98311458730261 Val loss: 0.8068629109448018 Time: 0.45071691700013616
Train loss: 5.708749200966082 Val loss: 0.7874902756853875 Time: 0.4556459999994331
Train loss: 5.984949044775224 Val loss: 0.8063278035761868 Time: 0.4638844999999492
Train loss: 5.570386443226777 Val loss: 0.7744799430479825 Time: 0.45590016699952685
Train loss: 5.473846642593128 Val loss: 0.7653190354695486 Time: 0.4879330829999162
Train loss: 5.4950008262727295 Val loss: 0.7629561790716985 Time: 0.444057249999787
Train loss: 5.440293607834946 Val loss: 0.7230264663784115 Time: 0.4425032500002999
Train loss: 5.265294382075683 Val loss: 0.7056225269080294 Time: 0.4419257090003157
Train loss: 5.051367053058264 Val loss: 0.6913825777889133 Time: 0.4394515000003594
Train loss: 4.902260874552425 Val loss: 0.669240227702072 Time: 0.46755920800023887
Train loss: 5.022153383500451 Val loss: 0.679253986187132 Time: 0.43501691699930234
Train loss: 4.768459779820375 Val loss: 0.6588884890383329 Time: 0.4366132919994925
Train loss: 4.797073834733517 Val loss: 0.650962668307709 Time: 0.4417413339997438
Train loss: 4.5607870449383565 Val loss: 0.6325783073516412 Time: 0.458842208000533
Train loss: 4.497049494411003 Val loss: 0.6194576397964764 Time: 0.4427774169998884
Train loss: 4.214946785449531 Val loss: 0.5949506412526696 Time: 0.43707466700016084
Train loss: 4.239788687319148 Val loss: 0.5967737091870541 Time: 0.4405525829997714
Train loss: 3.7619608513861325 Val loss: 0.5549802972415945 Time: 0.4347200829997746
Train loss: 4.141999201956352 Val loss: 0.5734692917140025 Time: 0.46359879200008436
Train loss: 3.883398193136717 Val loss: 0.5459232196343493 Time: 0.45257604100061144
Train loss: 3.6030212365953957 Val loss: 0.5383901118253562 Time: 0.44769116699990263
Train loss: 3.3996265455022474 Val loss: 0.45103831139603434 Time: 0.44528229199931957
Train loss: 3.277649246028945 Val loss: 0.4451141064708339 Time: 0.4334361250002985
Train loss: 3.147028261165559 Val loss: 0.40428796199135536 Time: 0.46705512500011537
Train loss: 3.2226437231713376 Val loss: 0.42161933983982997 Time: 0.43976199999997334
Train loss: 3.150090715807494 Val loss: 0.40815340360557273 Time: 0.4464951250001832
Train loss: 3.0864829325496217 Val loss: 0.3901715994486513 Time: 0.46451408299981267
Train loss: 2.8347617028532817 Val loss: 0.35824622509928333 Time: 0.45478716700017685
Train loss: 2.712009732223237 Val loss: 0.3442107415680536 Time: 0.4570597499996438
Train loss: 2.8220023557893796 Val loss: 0.35398211361734905 Time: 0.4563357500001075
Train loss: 2.574398281933597 Val loss: 0.3241991085585221 Time: 0.4450555000003078
Train loss: 2.540069179849354 Val loss: 0.31190284080271813 Time: 0.46098070799962443
Train loss: 2.608094296872256 Val loss: 0.31004605387280193 Time: 0.4637495420001869
Train loss: 2.598036321424388 Val loss: 0.31522019654714806 Time: 0.43219275000046764
Train loss: 2.3609568281625712 Val loss: 0.28961901625101255 Time: 0.442117208000127
Train loss: 2.34939383679293 Val loss: 0.29762260594213075 Time: 0.4856534170003215
Train loss: 2.5209721755649372 Val loss: 0.30188226204595126 Time: 0.4602712910000264
Train loss: 2.2864377359827612 Val loss: 0.277048977779914 Time: 0.4528257499996471
Train loss: 2.1803093479577833 Val loss: 0.27773620335154203 Time: 0.4494836249996297
Train loss: 2.1755255278939387 Val loss: 0.2643999837749998 Time: 0.43932016600047064
Train loss: 2.105027502788454 Val loss: 0.2694034081579957 Time: 0.4535433749997537
Train loss: 2.3110053268575363 Val loss: 0.28364846315825254 Time: 0.4362717089998114
Train loss: 2.193347471340495 Val loss: 0.2507057859119466 Time: 0.4414251250000234
Train loss: 2.250569517763199 Val loss: 0.2668806045812831 Time: 0.4434297499992681
Train loss: 2.124374384997054 Val loss: 0.252267755886995 Time: 0.4511194169999726
Train loss: 2.086629278557808 Val loss: 0.26732655710562847 Time: 0.45421745800013014
Train loss: 2.086003393356293 Val loss: 0.24746717652349176 Time: 0.44285929200032115
Train loss: 2.126954108174644 Val loss: 0.27518584099378407 Time: 0.4348788749994128
Train loss: 2.1381047616608235 Val loss: 0.2619963834706954 Time: 0.44532541599983233
Train loss: 2.104391812302339 Val loss: 0.27651303714833014 Time: 0.4458775000002788
Train loss: 1.883567798326013 Val loss: 0.26208727735404236 Time: 0.44505683299939847
Train loss: 1.9983429003492859 Val loss: 0.2641054725123912 Time: 0.4444845839998379
Train loss: 1.9774189337607344 Val loss: 0.2549157404388925 Time: 0.44947962500009453
Train loss: 2.0705733931645227 Val loss: 0.2631492177970407 Time: 0.4553786250007761
Train loss: 1.9715879248631296 Val loss: 0.24296827088821923 Time: 0.46303795799940417
Train loss: 1.9298692755061895 Val loss: 0.26536455096491524 Time: 0.4632368749998932
Train loss: 1.984345119535277 Val loss: 0.2546426624426264 Time: 0.43587470799957373
Train loss: 1.8152827924258474 Val loss: 0.23877262903811614 Time: 0.45291016700048203
Train loss: 1.8654525578826926 Val loss: 0.2521604099811518 Time: 0.45265104200007045
Train loss: 1.8837267905266941 Val loss: 0.23475591485815753 Time: 0.4554511249998541
Train loss: 1.9130394039102967 Val loss: 0.25324697135902785 Time: 0.43781670900079916
Train loss: 2.0133102871133555 Val loss: 0.2581416036493887 Time: 0.4566464999998061
Train loss: 1.8614345194810227 Val loss: 0.2644352281848158 Time: 0.45202737499948853
Train loss: 1.8972328346845266 Val loss: 0.24695209176295607 Time: 0.4577242080003998
Train loss: 1.7349668199456847 Val loss: 0.24446682187972235 Time: 0.4466546659996311
Train loss: 1.8924809547746904 Val loss: 0.242456046630372 Time: 0.4769633750001958
Train loss: 1.7410525479926893 Val loss: 0.2168333579896917 Time: 0.45156108399987716
Train loss: 1.7112141249180013 Val loss: 0.22837861966898396 Time: 0.46503641700019216
Train loss: 1.9485056086199393 Val loss: 0.25895791949511865 Time: 0.4821696669996527
Train loss: 1.864850384565841 Val loss: 0.23498637750656345 Time: 0.45942558300066594
Train loss: 1.7153478156654374 Val loss: 0.2264832342466624 Time: 0.45872666600007506
Train loss: 1.7236589215338967 Val loss: 0.2590315155550561 Time: 0.46116329100004805
Train loss: 1.6898796917156744 Val loss: 0.26504749854887893 Time: 0.4534651660005693
Train loss: 1.695891438453348 Val loss: 0.23454219268398793 Time: 0.45863637500042387
Train loss: 1.6586595573283218 Val loss: 0.2627365351252521 Time: 0.4761510830003317
Train loss: 1.7387901238464352 Val loss: 0.2455488391648096 Time: 0.4653203329999087
Train loss: 1.7607229400092592 Val loss: 0.237626304733703 Time: 0.454633415999524
Train loss: 1.6159424112670715 Val loss: 0.23845240069589071 Time: 0.4906195409994325
Train loss: 1.8265658954718589 Val loss: 0.2303005990917082 Time: 0.46591233300023305
Train loss: 1.648861690535341 Val loss: 0.2383885623431534 Time: 0.4637340839999524
Train loss: 1.5486708618583265 Val loss: 0.22239529818199857 Time: 0.4826734580001357
Train loss: 1.489173859788707 Val loss: 0.2749689978588172 Time: 0.47526112500054296
Train loss: 1.5583864474557174 Val loss: 0.29259587179753005 Time: 0.4786689579996164
Train loss: 1.6557327057321913 Val loss: 0.2883295765954921 Time: 0.4602807080000275
Train loss: 1.6011252740889859 Val loss: 0.2855157505432741 Time: 0.48062354100056837
Train loss: 1.6205919563673832 Val loss: 0.3085125790703848 Time: 0.47734616700017796
Train loss: 1.4571684371319265 Val loss: 0.2854327173542073 Time: 0.4808705840005132
Train loss: 1.5074503549720362 Val loss: 0.2821825261914236 Time: 0.4697038750000502
Train loss: 1.412414147189545 Val loss: 0.27388566910928547 Time: 0.4860614590006662
Train loss: 1.556425475595927 Val loss: 0.27657567514373804 Time: 0.4689085829995747
Train loss: 1.4156916375017892 Val loss: 0.26117413046134896 Time: 0.4726793749996432
Train loss: 1.4353940512276342 Val loss: 0.2674740954991229 Time: 0.5156296669993026
Train loss: 1.5499887422637215 Val loss: 0.28488081761945877 Time: 0.4643713329996899
Train loss: 1.5020898969584522 Val loss: 0.2631813922351309 Time: 0.48138483300044754
Train loss: 1.379135204673613 Val loss: 0.26689791022910114 Time: 0.48996666700077185
Train loss: 1.496830520612832 Val loss: 0.2725062553297844 Time: 0.4655762500005949
Train loss: 1.4430748664411368 Val loss: 0.24950802270851652 Time: 0.4841324170001826
Train loss: 1.2860847722426039 Val loss: 0.25116950366169166 Time: 0.4812118340005327
Train loss: 1.3040616899288153 Val loss: 0.2720251500600024 Time: 0.4859803330000432
Train loss: 1.4738355793447084 Val loss: 0.2600454401394425 Time: 0.4881088330002967
Train loss: 1.3707185580426184 Val loss: 0.2615477589855011 Time: 0.4828749580001386
Train loss: 1.4330515319344954 Val loss: 0.2566447305392436 Time: 0.5213768330004314
Train loss: 1.354859476000728 Val loss: 0.25164627056514677 Time: 0.48965237500033254
Train loss: 1.230333075775681 Val loss: 0.2593093304829968 Time: 0.49488333299996157
Train loss: 1.4095702518056967 Val loss: 0.25486465940673186 Time: 0.48780454200004897
Train loss: 1.2073482690479693 Val loss: 0.2506816316593327 Time: 0.4750522500007719
Train loss: 1.333187530316936 Val loss: 0.24907303936924785 Time: 0.49622537499999453
Train loss: 1.1975128196991989 Val loss: 0.2526409866418252 Time: 0.48270166699967376
Train loss: 1.1900106140859998 Val loss: 0.24491176604389708 Time: 0.4866496670001652
Train loss: 1.2919466238188342 Val loss: 0.24907352441008904 Time: 0.4767972090003241
Train loss: 1.405495966395634 Val loss: 0.25928916288378007 Time: 0.47364495799956785
Train loss: 1.1385967784857094 Val loss: 0.25086460232438135 Time: 0.49260675000004994
Train loss: 1.2513613437516824 Val loss: 0.2481866690897871 Time: 0.4967328749999069
Train loss: 1.2764233365341844 Val loss: 0.24508493403277884 Time: 0.4906206250007017
Train loss: 1.2577330356684584 Val loss: 0.2582331884949552 Time: 0.4979852079995908
Train loss: 1.1718641848913762 Val loss: 0.24636724835148888 Time: 0.4945667499996489
Train loss: 1.156429396081685 Val loss: 0.24100816292099012 Time: 0.4812969160002467
Train loss: 1.187498625032186 Val loss: 0.23530520202038727 Time: 0.499104124999576
Train loss: 1.1655080324785132 Val loss: 0.24972505957861973 Time: 0.5089527909995013
Train loss: 1.1334941451612517 Val loss: 0.23620954657339233 Time: 0.4964893750002375
Train loss: 1.0988722182224713 Val loss: 0.24011716511035672 Time: 0.5006831250002506
Train loss: 1.0582349038211516 Val loss: 0.24743428458607372 Time: 0.4969393339997623
Train loss: 1.2039019986599726 Val loss: 0.24302944679806623 Time: 0.4870297079996817
Train loss: 1.0893604308516842 Val loss: 0.23640061313200758 Time: 0.5031792090003364
Train loss: 1.1072282365996466 Val loss: 0.23620198317596852 Time: 0.4864910830001463
Train loss: 1.07498361140604 Val loss: 0.23847038849494745 Time: 0.47523179199924925
Train loss: 1.0330336733658518 Val loss: 0.23358772207306286 Time: 0.493310541000028
Train loss: 1.1565289641964327 Val loss: 0.23840201165987604 Time: 0.4975016249991313
Train loss: 1.1029373354162608 Val loss: 0.23136951268565276 Time: 0.48698741699990933
Train loss: 1.084945040587261 Val loss: 0.25520815893803667 Time: 0.5017003749999276
Train loss: 1.0258453797435578 Val loss: 0.2427547716067332 Time: 0.5021148750001885
Train loss: 1.0179783659903592 Val loss: 0.24332804306273387 Time: 0.49675625000054424
Train loss: 0.9990964452082958 Val loss: 0.24191159513110477 Time: 0.4991370830002779
Train loss: 0.9291533482826253 Val loss: 0.22958516815106364 Time: 0.49984916700032045
Train loss: 0.9196915026883374 Val loss: 0.2342072986315355 Time: 0.49631145900002593
Train loss: 1.0612365824882168 Val loss: 0.22838060363916243 Time: 0.4933023329995194
Train loss: 1.0296750194964341 Val loss: 0.23457645117621923 Time: 0.5024400409993177
Train loss: 1.018105446457529 Val loss: 0.235109671219305 Time: 0.5010459169998285
Train loss: 0.826533609313953 Val loss: 0.22762191349652966 Time: 0.49502795899934426
Train loss: 0.9724881504695588 Val loss: 0.23775315923025434 Time: 0.49978920800003834
Train loss: 0.9526588983104531 Val loss: 0.22793276508518615 Time: 0.5012959169998794
Train loss: 0.8936247293196473 Val loss: 0.22411303290377063 Time: 0.49692516699997213
Train loss: 0.9692210717916225 Val loss: 0.24855960027623042 Time: 0.4833777080002619
Train loss: 0.8963320469877497 Val loss: 0.23652095034521714 Time: 0.4963036250001096
Train loss: 0.934964757037337 Val loss: 0.24261420404447143 Time: 0.4998688340001536
Train loss: 0.975806807896106 Val loss: 0.23336882851420457 Time: 0.49627616699945065
Train loss: 0.9906598047798667 Val loss: 0.25763787018806283 Time: 0.5075034999999843
Train loss: 0.8933831009969371 Val loss: 0.22878136337330285 Time: 0.49063358300008986
Shrinking learning rate to 1e-05
Train loss: 1.0779187395393137 Val loss: 0.23271053614038828 Time: 0.5445575000003373
Train loss: 1.0243210948753259 Val loss: 0.230765414140734 Time: 0.4961016669994933
Train loss: 1.0654480674227358 Val loss: 0.23272743021222256 Time: 0.5116787080005452
Train loss: 0.8950465199887674 Val loss: 0.22488677262158333 Time: 0.5066596249998838
Train loss: 0.9390451510389006 Val loss: 0.22730506345309182 Time: 0.5184230840004602
Train loss: 1.0083619729179674 Val loss: 0.22923327562997828 Time: 0.5023531249998996
Train loss: 0.9204469170334484 Val loss: 0.22697758099966542 Time: 0.5123705420000988
Train loss: 0.9153607685106522 Val loss: 0.22754601629281607 Time: 0.51063320799949
Train loss: 1.0394060583516875 Val loss: 0.23217813096553397 Time: 0.5186915829999634
Train loss: 0.8684152755115662 Val loss: 0.22616463121025768 Time: 0.5005293329995766
Shrinking learning rate to 1.0000000000000002e-06
Train loss: 1.0571254554980847 Val loss: 0.23634089115814216 Time: 0.5172263750000639
Train loss: 1.1076657920121988 Val loss: 0.23786162801873795 Time: 0.5079823329997453
Train loss: 1.0676225645586932 Val loss: 0.23524419750716907 Time: 0.5202566669995576
Train loss: 1.0453843699524583 Val loss: 0.2338642785329715 Time: 0.5117467079999187
Train loss: 1.0093043552365053 Val loss: 0.23158487477006015 Time: 0.562829999999849
Train loss: 0.9815825086461238 Val loss: 0.2298077896459573 Time: 0.5138675419993888
Train loss: 1.0165025270599755 Val loss: 0.23106604304775172 Time: 0.5156667080000261
Train loss: 1.0851875203699137 Val loss: 0.23379393290972164 Time: 0.5020006249997095
Train loss: 0.965296407807589 Val loss: 0.22820550709487553 Time: 0.5034446250001565
Train loss: 1.0353706794279276 Val loss: 0.23086573304485097 Time: 0.5235595419999299
Shrinking learning rate to 1.0000000000000002e-07
Learning rate getting small
Complete
 Total time: 87.39087670899971