starting log for model: models/lstm_alpha_0.5_22-23.pth
Train loss: 14.88137666961046 Val loss: 7.482486324122645 Time: 0.3725490828510374
Train loss: 14.338439374352106 Val loss: 7.211293310472969 Time: 0.34858254180289805
Train loss: 14.174252089725599 Val loss: 7.129164321239616 Time: 0.3533918340690434
Train loss: 13.986883725027155 Val loss: 7.035513286420217 Time: 0.35843233414925635
Train loss: 13.634784412051644 Val loss: 6.858990105924187 Time: 0.34784470801241696
Train loss: 12.522735917195817 Val loss: 6.302839036985447 Time: 0.34662512480281293
Train loss: 10.59880599560605 Val loss: 5.339283465927367 Time: 0.3470389579888433
Train loss: 8.516857543568022 Val loss: 4.298440103402185 Time: 0.3477471249643713
Train loss: 7.539330557141355 Val loss: 3.8094670725135478 Time: 0.3560626250691712
Train loss: 7.200768446544242 Val loss: 3.6394383175842115 Time: 0.3532513331156224
Train loss: 7.009314654722022 Val loss: 3.5434787491636417 Time: 0.3475204170681536
Train loss: 6.965771926362788 Val loss: 3.521177986412134 Time: 0.3454282081220299
Train loss: 6.92942600856648 Val loss: 3.5020363274968416 Time: 0.34824029193259776
Train loss: 6.656429548128989 Val loss: 3.3650457355024694 Time: 0.34611691697500646
Train loss: 6.546227570979148 Val loss: 3.3096444589979357 Time: 0.35977408313192427
Train loss: 6.5451370326654175 Val loss: 3.3085067300144604 Time: 0.347498832968995
Train loss: 6.387026135240745 Val loss: 3.2287589683807174 Time: 0.3632444168906659
Train loss: 6.241740721982177 Val loss: 3.157538610195683 Time: 0.3604864589869976
Train loss: 6.276176252826877 Val loss: 3.1742734046811782 Time: 0.3465233331080526
Train loss: 6.140613677433897 Val loss: 3.1057221086147004 Time: 0.3460911251604557
Train loss: 6.129345936174502 Val loss: 3.0996066506090223 Time: 0.36140129202976823
Train loss: 5.7848520902382345 Val loss: 2.926160840334449 Time: 0.34609829215332866
Train loss: 5.903292176707392 Val loss: 2.984787878658689 Time: 0.3469693751540035
Train loss: 5.672805808448414 Val loss: 2.8684012493819275 Time: 0.3458033341448754
Train loss: 5.475106584791831 Val loss: 2.769941839462736 Time: 0.34608629206195474
Train loss: 5.416783016799059 Val loss: 2.741022444669262 Time: 0.3478747920598835
Train loss: 5.3045085656744 Val loss: 2.6833765139530685 Time: 0.36236554104834795
Train loss: 5.242996988707217 Val loss: 2.6514379673955757 Time: 0.3475540420040488
Train loss: 5.097498203351224 Val loss: 2.576466958148935 Time: 0.34629604103975
Train loss: 5.048781748112982 Val loss: 2.5517355637098063 Time: 0.3466747500933707
Train loss: 4.920817521225038 Val loss: 2.488337147696041 Time: 0.3476023329421878
Train loss: 4.610615483833747 Val loss: 2.334066924889928 Time: 0.3461593750398606
Train loss: 4.54184011250677 Val loss: 2.2991795354105067 Time: 0.35930370911955833
Train loss: 4.48499985571437 Val loss: 2.267406159499257 Time: 0.34614924993366003
Train loss: 4.3537298759068666 Val loss: 2.2026610760042065 Time: 0.346034541958943
Train loss: 4.337132766200065 Val loss: 2.1927369441128954 Time: 0.3471165420487523
Train loss: 4.307494983994329 Val loss: 2.1770642531536906 Time: 0.34677283302880824
Train loss: 4.083134273554869 Val loss: 2.0672255300323523 Time: 0.3505582921206951
Train loss: 4.08631222930137 Val loss: 2.0675177900994095 Time: 0.35376983415335417
Train loss: 3.7139999001604513 Val loss: 1.8818309291472013 Time: 0.34726154105737805
Train loss: 3.915601354818513 Val loss: 1.9800109032972384 Time: 0.34768529096618295
Train loss: 3.8414165228985118 Val loss: 1.943140321579069 Time: 0.3459324580617249
Train loss: 3.7095390817942713 Val loss: 1.8759993610511472 Time: 0.34625437506474555
Train loss: 3.598230574567631 Val loss: 1.8219576944016411 Time: 0.3523899579886347
Train loss: 3.6417394724355363 Val loss: 1.8419685058737618 Time: 0.3538592499680817
Train loss: 3.578071722290553 Val loss: 1.8113488072786494 Time: 0.3457196250092238
Train loss: 3.554010309221548 Val loss: 1.7983283637283 Time: 0.3476219999138266
Train loss: 3.2808047537817893 Val loss: 1.663230444449512 Time: 0.3455160418525338
Train loss: 3.564403683943432 Val loss: 1.7995693238552417 Time: 0.34755808394402266
Train loss: 3.2627929658718102 Val loss: 1.6516105963708603 Time: 0.3539613748434931
Train loss: 3.447707477549072 Val loss: 1.7422658218755411 Time: 0.35073549998924136
Train loss: 3.378438039687964 Val loss: 1.7054025876607015 Time: 0.34601308288984
Train loss: 3.354268288415278 Val loss: 1.6993719982091453 Time: 0.34792845812626183
Train loss: 3.1726396360367133 Val loss: 1.6084781450153975 Time: 0.34636795800179243
Train loss: 3.3093572348616904 Val loss: 1.674313803862308 Time: 0.34563758317381144
Train loss: 3.1892331568406647 Val loss: 1.6108405261189864 Time: 0.3599676671437919
Train loss: 3.1923404762109993 Val loss: 1.6138837136723643 Time: 0.34887841693125665
Train loss: 3.108486214819255 Val loss: 1.5714120448795539 Time: 0.3473466250579804
Train loss: 3.157616299590636 Val loss: 1.5943560927182998 Time: 0.347878583939746
Train loss: 3.029493511576206 Val loss: 1.5332028045726154 Time: 0.34808062482625246
Train loss: 3.094864772391894 Val loss: 1.5677704719227936 Time: 0.34741974994540215
Train loss: 3.0145461126797453 Val loss: 1.523475559141642 Time: 0.36088908300735056
Train loss: 3.025999016763128 Val loss: 1.5309213631962413 Time: 0.3505958749447018
Train loss: 3.1552437810814475 Val loss: 1.5970950196153255 Time: 0.3469444999936968
Train loss: 3.031178024454154 Val loss: 1.5322201536822502 Time: 0.34662420907989144
Train loss: 2.897304005870108 Val loss: 1.4700475391865693 Time: 0.3726827499922365
Train loss: 2.826148425115875 Val loss: 1.4282627534449828 Time: 0.37042620894499123
Train loss: 2.9270063945622145 Val loss: 1.4800898241670581 Time: 0.3630229579284787
Train loss: 2.9266531581153865 Val loss: 1.4802017513914727 Time: 0.34810300008393824
Train loss: 2.853577410540609 Val loss: 1.441873378259028 Time: 0.34645883296616375
Train loss: 2.8131111975979657 Val loss: 1.4262441335249834 Time: 0.34644233412109315
Train loss: 2.895972578005937 Val loss: 1.4655526190814188 Time: 0.3472742079757154
Train loss: 2.982239496152183 Val loss: 1.5086586472373846 Time: 0.3515711249783635
Train loss: 2.8764083942754883 Val loss: 1.4526008175098577 Time: 0.3562211669050157
Train loss: 2.7950507436949454 Val loss: 1.4142446840480896 Time: 0.3471542499028146
Train loss: 2.704472851472633 Val loss: 1.3661746173904894 Time: 0.34707708400674164
Train loss: 2.7439124404373683 Val loss: 1.391184536479151 Time: 0.3475399171002209
Train loss: 2.808091213945275 Val loss: 1.4208593894574415 Time: 0.3473626668564975
Train loss: 2.703648498497488 Val loss: 1.368856331683655 Time: 0.35198525013402104
Train loss: 2.661876631764372 Val loss: 1.347176740386621 Time: 0.35464899986982346
Train loss: 2.6717294593156424 Val loss: 1.351952191356775 Time: 0.3471027079503983
Train loss: 2.5557454262266344 Val loss: 1.294224876437955 Time: 0.3620758750475943
Train loss: 2.59374906034191 Val loss: 1.3119962538849976 Time: 0.3480869580525905
Train loss: 2.629449573414759 Val loss: 1.331485903837383 Time: 0.34711658395826817
Train loss: 2.594330409359616 Val loss: 1.307956116233322 Time: 0.35360295907594264
Train loss: 2.4584811634324266 Val loss: 1.2383178331721998 Time: 0.3528505410067737
Train loss: 2.5999831036397723 Val loss: 1.3140985252497672 Time: 0.34922554111108184
Train loss: 2.5024919743435348 Val loss: 1.265996298722043 Time: 0.35147324996069074
Train loss: 2.411026460904276 Val loss: 1.2184601776054487 Time: 0.41995762498117983
Train loss: 2.3934623327556217 Val loss: 1.2087208787995105 Time: 0.34860095800831914
Train loss: 2.347439744785632 Val loss: 1.1832531114395104 Time: 0.3630842501297593
Train loss: 2.284401693656825 Val loss: 1.1569664485570756 Time: 0.34789400012232363
Train loss: 2.498359071109757 Val loss: 1.2603596579181722 Time: 0.34774012491106987
Train loss: 2.372532452515388 Val loss: 1.1967906056316002 Time: 0.3457920418586582
Train loss: 2.2955028493839222 Val loss: 1.1599150181358615 Time: 0.3464861249085516
Train loss: 2.234939672277825 Val loss: 1.130478477947759 Time: 0.3700192079413682
Train loss: 2.3809278206031586 Val loss: 1.2014289344798217 Time: 0.3627285419497639
Train loss: 2.320901137839913 Val loss: 1.170799555574708 Time: 0.34677474992349744
Train loss: 2.24194966200366 Val loss: 1.1330580287465635 Time: 0.3489917078986764
Train loss: 2.218142463615278 Val loss: 1.1159773200518772 Time: 0.35027395794168115
Train loss: 2.0892502094059457 Val loss: 1.057148189757071 Time: 0.3453116659075022
Train loss: 2.2433372171044246 Val loss: 1.1237940857899285 Time: 0.3516807078849524
Train loss: 2.10101213772343 Val loss: 1.0591539803741403 Time: 0.3512052500154823
Train loss: 2.2151158150246877 Val loss: 1.1150311182672241 Time: 0.3457857919856906
Train loss: 2.24003857854686 Val loss: 1.129191295381281 Time: 0.34563416708260775
Train loss: 2.165382162295982 Val loss: 1.0918115863725244 Time: 0.34691125014796853
Train loss: 2.258927609305573 Val loss: 1.1347708381341737 Time: 0.34741891687735915
Train loss: 2.2228833017235825 Val loss: 1.1214168566590619 Time: 0.3517382498830557
Train loss: 2.084589655394325 Val loss: 1.0516589191060977 Time: 0.3551456250716001
Train loss: 2.285199925385201 Val loss: 1.1491131012376294 Time: 0.3585111249703914
Train loss: 2.1265529256577747 Val loss: 1.069028509609428 Time: 0.3507485000882298
Train loss: 2.133658314721586 Val loss: 1.0749294724041523 Time: 0.34796654200181365
Train loss: 2.110925869906918 Val loss: 1.0580884207861603 Time: 0.34612737502902746
Train loss: 2.0077702727719 Val loss: 1.0074351239143862 Time: 0.35212791711091995
Train loss: 2.1041546359190715 Val loss: 1.055696610262167 Time: 0.35705524985678494
Train loss: 2.194563404012875 Val loss: 1.1018498367189031 Time: 0.34810070786625147
Train loss: 2.006546582138328 Val loss: 1.0115108695126884 Time: 0.347752750152722
Train loss: 2.122078847836254 Val loss: 1.0673980366628237 Time: 0.34643399994820356
Train loss: 1.8850703646306766 Val loss: 0.9505530204696516 Time: 0.3462709591258317
Train loss: 2.1227823452505845 Val loss: 1.0625806074403081 Time: 0.3608417499344796
Train loss: 1.795752354158031 Val loss: 0.905560046674445 Time: 0.3508160419296473
Train loss: 2.0575020645375233 Val loss: 1.0305520296595077 Time: 0.34544595889747143
Train loss: 2.1326510262957274 Val loss: 1.0678242895244119 Time: 0.34476829203777015
Train loss: 2.0094819106584794 Val loss: 1.0066638142121278 Time: 0.34586783312261105
Train loss: 2.0213243385672754 Val loss: 1.0213064936067382 Time: 0.36124333390034735
Train loss: 1.9344704129818524 Val loss: 0.9675489510314474 Time: 0.3605816669296473
Train loss: 1.7774516529700293 Val loss: 0.8924770359353976 Time: 0.34706233302131295
Train loss: 1.8155704198586982 Val loss: 0.9102832104866999 Time: 0.3484804998151958
Train loss: 1.8203461095987876 Val loss: 0.9176208032370587 Time: 0.3473527920432389
Train loss: 1.9682292735467093 Val loss: 0.9860809446431281 Time: 0.3953151670284569
Train loss: 1.9706820382708088 Val loss: 0.9855973373688507 Time: 0.40954695804975927
Train loss: 1.7611281245671053 Val loss: 0.8867374349580228 Time: 0.5506359999999404
Train loss: 1.8941633879764623 Val loss: 0.9474946104739698 Time: 0.34910300001502037
Train loss: 1.857959248553322 Val loss: 0.9302666301172627 Time: 0.34819304198026657
Train loss: 1.671257872597213 Val loss: 0.8376760739167042 Time: 0.34796633291989565
Train loss: 1.7597413410914768 Val loss: 0.8798952187688635 Time: 0.34883033321239054
Train loss: 1.71089006209254 Val loss: 0.8567833126615023 Time: 0.36195229180157185
Train loss: 1.7220229884500662 Val loss: 0.8621478711055321 Time: 0.34951670886948705
Train loss: 1.7111031382304418 Val loss: 0.855588007766845 Time: 0.3623863330576569
Train loss: 2.0397017186068354 Val loss: 1.0199392417507585 Time: 0.3530302499420941
Train loss: 1.7851800276070693 Val loss: 0.895712497920353 Time: 0.3471775408834219
Train loss: 1.6462333997172998 Val loss: 0.8241944095117806 Time: 0.3506683330051601
Train loss: 1.6969572269693742 Val loss: 0.8484994006378229 Time: 0.35817729216068983
Train loss: 1.709839665212371 Val loss: 0.8551914779595344 Time: 0.34897737484425306
Train loss: 1.5643249655485505 Val loss: 0.7843855145622946 Time: 0.3462102909106761
Train loss: 1.7326917533849056 Val loss: 0.869766771516269 Time: 0.34648637496866286
Train loss: 1.633443063933246 Val loss: 0.8172262097322437 Time: 0.34649387490935624
Train loss: 1.5092444378591203 Val loss: 0.7546234225186196 Time: 0.3547521671280265
Train loss: 1.525036817774045 Val loss: 0.762613236742498 Time: 0.35522345802746713
Train loss: 1.5648183725289755 Val loss: 0.7824793127869784 Time: 0.34715520800091326
Train loss: 1.5223364106099728 Val loss: 0.7611700544671045 Time: 0.3477894579991698
Train loss: 1.4831319683531774 Val loss: 0.7415964672663463 Time: 0.34611816611140966
Train loss: 1.5033954581459614 Val loss: 0.7517166288938737 Time: 0.35858304100111127
Train loss: 1.4776810190268002 Val loss: 0.738883379873877 Time: 0.35625133314169943
Train loss: 1.6575202686106572 Val loss: 0.8292263786926989 Time: 0.3557039168663323
Train loss: 1.588539323984521 Val loss: 0.7954289502725914 Time: 0.3462240840308368
Train loss: 1.4225930458063551 Val loss: 0.7113912136249392 Time: 0.34786462504416704
Train loss: 1.458677176050287 Val loss: 0.7294794637586375 Time: 0.34725970798172057
Train loss: 1.5186474422291525 Val loss: 0.7593983902999223 Time: 0.34677854203619063
Train loss: 1.4632593483410403 Val loss: 0.7316346099912616 Time: 0.3529349588789046
Train loss: 1.4153306582081626 Val loss: 0.709185458330549 Time: 0.35376037494279444
Train loss: 1.4249077498770504 Val loss: 0.7126209517522163 Time: 0.3464713341090828
Train loss: 1.5133091920299329 Val loss: 0.7586841522333023 Time: 0.3466525829862803
Train loss: 1.4950843604822808 Val loss: 0.75063516561503 Time: 0.3477845420129597
Train loss: 1.2672544375412906 Val loss: 0.6336579728474263 Time: 0.3456497499719262
Train loss: 1.6239301892989317 Val loss: 0.8132114804437702 Time: 0.3538642921485007
Train loss: 1.4861563321596378 Val loss: 0.7461719973258433 Time: 0.35331058292649686
Train loss: 1.4821698146366202 Val loss: 0.7411417066104361 Time: 0.3467242498882115
Train loss: 1.4641781127116822 Val loss: 0.7395145703105267 Time: 0.3447962081991136
Train loss: 1.4508674481722466 Val loss: 0.7268553867795865 Time: 0.347133083967492
Train loss: 1.2844833154177486 Val loss: 0.6476141010440508 Time: 0.3476456659846008
Train loss: 1.5034803280208848 Val loss: 0.7525873441113826 Time: 0.3604292089585215
Train loss: 1.4705358031802547 Val loss: 0.7378256485942052 Time: 0.35150566697120667
Train loss: 1.2745778771997927 Val loss: 0.6479728945717916 Time: 0.3488524588756263
Shrinking learning rate to 1e-05
Train loss: 1.4012943604144539 Val loss: 0.7025545834239739 Time: 0.3483990831300616
Train loss: 1.3024820894064568 Val loss: 0.6551340635055926 Time: 0.3464506659656763
Train loss: 1.333393094053065 Val loss: 0.6702904620458173 Time: 0.34729454200714827
Train loss: 1.2334087366633781 Val loss: 0.6207463277290165 Time: 0.35687849996611476
Train loss: 1.3621429352126313 Val loss: 0.6839108526541495 Time: 0.34778029192239046
Train loss: 1.4165678450728623 Val loss: 0.7117639891623795 Time: 0.34627604112029076
Train loss: 1.245814252797743 Val loss: 0.6263559880044705 Time: 0.34688429185189307
Train loss: 1.3858761392066299 Val loss: 0.6972882840081172 Time: 0.3582591249141842
Train loss: 1.14243775956355 Val loss: 0.5753732372779439 Time: 0.3513040828984231
Train loss: 1.2973512999289696 Val loss: 0.6518618363097967 Time: 0.3573006249498576
Train loss: 1.2673964181863449 Val loss: 0.6369737684289278 Time: 0.34642254188656807
Train loss: 1.4290445840271178 Val loss: 0.7175031787859305 Time: 0.3466117079369724
Train loss: 1.3308681424024824 Val loss: 0.6699100065805611 Time: 0.34717058297246695
Train loss: 1.3997096453086044 Val loss: 0.7028318573194327 Time: 0.34636520803906024
Train loss: 1.2178233867432215 Val loss: 0.6129168998488529 Time: 0.35215779207646847
Train loss: 1.3635673709510552 Val loss: 0.6850113382146533 Time: 0.35403787484392524
Train loss: 1.209727196273235 Val loss: 0.6082955530021326 Time: 0.3464184580370784
Train loss: 1.2957319432650536 Val loss: 0.6507677179519566 Time: 0.34712137491442263
Shrinking learning rate to 1.0000000000000002e-06
Train loss: 1.2825479905278632 Val loss: 0.6449447135979698 Time: 0.3477511249948293
Train loss: 1.2438365540495937 Val loss: 0.625760071569593 Time: 0.3477839999832213
Train loss: 1.3491787434004436 Val loss: 0.6781371769080117 Time: 0.3527812911197543
Train loss: 1.1662644946987513 Val loss: 0.5870568877116524 Time: 0.35651600011624396
Train loss: 1.3228361202201029 Val loss: 0.6649317130614871 Time: 0.34717608289793134
Train loss: 1.2443549358901151 Val loss: 0.6259561255302778 Time: 0.34555870783515275
Train loss: 1.4181154968038925 Val loss: 0.7123010081156946 Time: 0.3473845000844449
Train loss: 1.2103999186008423 Val loss: 0.608993145177184 Time: 0.3461180829908699
Train loss: 1.274805278187813 Val loss: 0.6410440721078489 Time: 0.3537657498382032
Train loss: 1.2695185837902665 Val loss: 0.6384878282159422 Time: 0.35216100001707673
Shrinking learning rate to 1.0000000000000002e-07
Learning rate getting small
Complete
 Total time: 71.40838791592978