starting log for model: models/lstm_fcast_24_new_22-23.pth
Train loss: 14.887324688395779 Val loss: 1.786932030560985 Time: 0.4441151669998362
Train loss: 14.348908241497611 Val loss: 1.7371823164121605 Time: 0.46964112500063493
Train loss: 14.196739878057599 Val loss: 1.7226884280611419 Time: 0.44055275000027905
Train loss: 14.019578554233037 Val loss: 1.709552066962418 Time: 0.46376675000101386
Train loss: 13.815840416961436 Val loss: 1.6863861177576345 Time: 0.46256145799998194
Train loss: 12.936728073954072 Val loss: 1.6022254743031725 Time: 0.4769341249993886
Train loss: 11.125992582189639 Val loss: 1.4348067194201335 Time: 0.41473620800024946
Train loss: 8.842365776567135 Val loss: 1.1466107826892848 Time: 0.45592716699866287
Train loss: 7.61466212540137 Val loss: 1.033258074481986 Time: 0.40801570799885667
Train loss: 7.157565339774835 Val loss: 0.990735664612523 Time: 0.43865920799908054
Train loss: 6.9950166592405765 Val loss: 0.9748987743584995 Time: 0.44271574999947916
Train loss: 6.949925844490764 Val loss: 0.9712862270567562 Time: 0.4211962500012305
Train loss: 6.919669016580703 Val loss: 0.9651059477237109 Time: 0.4273069159989973
Train loss: 6.676539198292808 Val loss: 0.9418686533722991 Time: 0.43649270800051454
Train loss: 6.619885681182476 Val loss: 0.9341206873811916 Time: 0.43548995799937984
Train loss: 6.622817806473623 Val loss: 0.9343177435216914 Time: 0.46350937499846623
Train loss: 6.512101350718689 Val loss: 0.9238933276072614 Time: 0.4216865839989623
Train loss: 6.331297296381931 Val loss: 0.9136831625688104 Time: 0.41226779099997657
Train loss: 6.450347960028637 Val loss: 0.9213640786209465 Time: 0.43474254199827556
Train loss: 6.354031506850082 Val loss: 0.9113175864135405 Time: 0.42155204200025764
Train loss: 6.384292500206021 Val loss: 0.9129784161479158 Time: 0.4636182080012077
Train loss: 6.064235632284278 Val loss: 0.8831719548225859 Time: 0.4517688329997327
Train loss: 6.23291119580222 Val loss: 0.8949178603562951 Time: 0.46636416699948313
Train loss: 6.063509884322702 Val loss: 0.8793952417843389 Time: 0.5219999580003787
Train loss: 5.920996325575729 Val loss: 0.8674398325761928 Time: 0.4663684579991241
Train loss: 5.92891110923606 Val loss: 0.8691144417539479 Time: 0.4619320420006261
Train loss: 5.9160702194249355 Val loss: 0.8663583967915809 Time: 0.43203799999901094
Train loss: 5.843480709450676 Val loss: 0.8567954718291152 Time: 0.46211520900033065
Train loss: 5.694321783067882 Val loss: 0.8407346807024758 Time: 0.4690896669999347
Train loss: 5.7008403897351725 Val loss: 0.8386268529197226 Time: 0.4621011670005828
Train loss: 5.646579738057886 Val loss: 0.8329449453328835 Time: 0.44095333400036907
Train loss: 5.496737900850413 Val loss: 0.8240425568374563 Time: 0.43128887499915436
Train loss: 5.4948277887996575 Val loss: 0.820755384164942 Time: 0.4512336250008957
Train loss: 5.402662382162092 Val loss: 0.807246091824766 Time: 0.5010685409997677
Train loss: 5.272344590812722 Val loss: 0.7954552747415855 Time: 0.45609683399925416
Train loss: 5.220858603857697 Val loss: 0.790084423395209 Time: 0.4465420840006118
Train loss: 5.22348259419565 Val loss: 0.7864745680129859 Time: 0.43926112500048475
Train loss: 5.089807607249764 Val loss: 0.7756777685640137 Time: 0.4594400419991871
Train loss: 4.9905663156456255 Val loss: 0.7633759656241436 Time: 0.45383233400025347
Train loss: 4.75341342598327 Val loss: 0.744148437430646 Time: 0.45158962499954214
Train loss: 4.746106370978283 Val loss: 0.6899271457489675 Time: 0.44567349999852013
Train loss: 4.687624743160228 Val loss: 0.6824423432411171 Time: 0.43961537500035774
Train loss: 4.525028897722338 Val loss: 0.6650023117203787 Time: 0.47888145799879567
Train loss: 4.5323597515784435 Val loss: 0.6677614277994961 Time: 0.5205042500001582
Train loss: 4.499955877012873 Val loss: 0.6598325608882887 Time: 0.48544966600093176
Train loss: 4.377860788262238 Val loss: 0.6475870533153665 Time: 0.4794084589993872
Train loss: 4.28363969621463 Val loss: 0.636679952847915 Time: 0.5155386669994186
Train loss: 4.097798042598029 Val loss: 0.6250475623671365 Time: 0.48439233400131343
Train loss: 4.35122943420938 Val loss: 0.6311480861833002 Time: 0.5435881670000526
Train loss: 4.028694779333656 Val loss: 0.6090812113936895 Time: 0.516440291001345
Train loss: 4.181656723955374 Val loss: 0.616093379260481 Time: 0.5929472499992698
Train loss: 4.1258505005038275 Val loss: 0.6046906191270882 Time: 0.5271213750002062
Train loss: 3.9923097690030662 Val loss: 0.6001406235449047 Time: 0.47344141699977627
Train loss: 3.8934915902796092 Val loss: 0.5873116518231183 Time: 0.4701388749999751
Train loss: 3.9709008624813453 Val loss: 0.5902507658233002 Time: 0.4688278749999881
Train loss: 3.8188914220188757 Val loss: 0.5738356272419777 Time: 0.4936593330003234
Train loss: 3.796433432494324 Val loss: 0.5744665237860362 Time: 0.4606170409988408
Train loss: 3.686726831706024 Val loss: 0.5602818747493009 Time: 0.46262820800075133
Train loss: 3.746664336010692 Val loss: 0.5624819378924343 Time: 0.46592600000076345
Train loss: 3.6901913655364007 Val loss: 0.5622092811364935 Time: 0.5173695000012231
Train loss: 3.681807095689834 Val loss: 0.6866139024148 Time: 0.45046062499932304
Train loss: 3.5942756756481424 Val loss: 0.6791196153404054 Time: 0.4635147909993975
Train loss: 3.5413248187310256 Val loss: 0.6754410135038076 Time: 0.49263512499965145
Train loss: 3.715463756702791 Val loss: 0.6862968535738904 Time: 0.49595995799973025
Train loss: 3.538941397239892 Val loss: 0.6694184771600663 Time: 0.4799735420001525
Train loss: 3.528581233330584 Val loss: 0.675714309759746 Time: 0.49077070800012734
Train loss: 3.4252309098292786 Val loss: 0.6584299502652505 Time: 0.4837432500007708
Train loss: 3.4375828422745016 Val loss: 0.6646978072047568 Time: 0.4688807080001425
Train loss: 3.5203267884550984 Val loss: 0.6668668586982287 Time: 0.6217864169993845
Train loss: 3.4005470871458403 Val loss: 0.649430597302915 Time: 0.574225624999599
Train loss: 3.3931052944732585 Val loss: 0.6567304726267418 Time: 0.4791000420009368
Train loss: 3.446798294954398 Val loss: 0.6619134950625207 Time: 0.5085132910007815
Train loss: 3.5176415752167363 Val loss: 0.6636895820548014 Time: 0.4875777499983087
Train loss: 3.353171479082782 Val loss: 0.6508335734860988 Time: 0.48265537499901257
Train loss: 3.3022731171910635 Val loss: 0.6455416598024316 Time: 0.4825784170006955
Train loss: 3.293734201230805 Val loss: 0.6389773991360991 Time: 0.4921200000007957
Train loss: 3.3159815982863847 Val loss: 0.6523934152818043 Time: 0.5490764160003891
Train loss: 3.472806384575491 Val loss: 0.6540263518092966 Time: 0.5148535410007753
Train loss: 3.147971401938147 Val loss: 0.6347479840089325 Time: 0.48163833299986436
Train loss: 3.2453514929131275 Val loss: 0.64285702271148 Time: 0.49568887500026904
Train loss: 3.2343601801104946 Val loss: 0.6388058079497637 Time: 0.5013593339990621
Train loss: 3.1648580414812706 Val loss: 0.6351147076064461 Time: 0.47546820799834677
Train loss: 3.1882096734793457 Val loss: 0.6364504776348531 Time: 0.4910474170010275
Train loss: 3.1856412066029662 Val loss: 0.6380325974389256 Time: 0.6726075839997065
Train loss: 3.07502954292866 Val loss: 0.6218598281120539 Time: 0.48868358399886347
Train loss: 3.0741944130898147 Val loss: 0.6183663621150635 Time: 0.48741625000002387
Train loss: 3.0699656842368555 Val loss: 0.6234155709085767 Time: 0.48122275000059744
Train loss: 2.9801639931028703 Val loss: 0.6142983617948244 Time: 0.5351047500007553
Train loss: 2.9744184298955005 Val loss: 0.6124728711457391 Time: 0.5510604999999487
Train loss: 3.016926480895167 Val loss: 0.6166457213240706 Time: 0.586820374999661
Train loss: 2.924881410408048 Val loss: 0.609398193477532 Time: 0.500801791999038
Train loss: 2.835669653180595 Val loss: 0.6068083704904755 Time: 0.6177291669991973
Train loss: 3.0348514834887226 Val loss: 0.6137424085953223 Time: 0.5108570829997916
Train loss: 2.9887528691770697 Val loss: 0.611798433512798 Time: 0.47235666699998546
Train loss: 2.811837655721107 Val loss: 0.6043994554656781 Time: 0.49292008399970655
Train loss: 2.8506812836704363 Val loss: 0.6046637775371992 Time: 0.4714338329995371
Train loss: 2.8740669485182013 Val loss: 0.5973865348570649 Time: 0.45576683299987053
Train loss: 2.825893262494521 Val loss: 0.5982505157449304 Time: 0.4604580409995833
Train loss: 2.8209906342241684 Val loss: 0.6014738528759994 Time: 0.4962735419994715
Train loss: 2.7508685238672834 Val loss: 0.5890538755661361 Time: 0.5001964170005522
Train loss: 2.639920707735982 Val loss: 0.5885535217920933 Time: 0.4972847079989151
Train loss: 2.8057374173313008 Val loss: 0.5867436703067139 Time: 0.5015705419991718
Train loss: 2.5797769528296595 Val loss: 0.5823925117254737 Time: 0.504413291999299
Train loss: 2.702374508292518 Val loss: 0.5859355587340137 Time: 0.5441529159998026
Train loss: 2.596790171466722 Val loss: 0.5829377260518415 Time: 0.5610648749989195
Train loss: 2.660228195267565 Val loss: 0.5863719946567355 Time: 0.5679206250006246
Train loss: 2.5876961445112983 Val loss: 0.575373746048691 Time: 0.4903062079993106
Train loss: 2.552863871717939 Val loss: 0.578007666668328 Time: 0.4936497920007241
Train loss: 2.573923494037615 Val loss: 0.5798385507876557 Time: 0.5010605830011627
Train loss: 2.672217778136684 Val loss: 0.5776097830180217 Time: 0.5036880839998048
Train loss: 2.658231301296638 Val loss: 0.5773319743216168 Time: 0.4748742499996297
Train loss: 2.583202966464242 Val loss: 0.5763754726585948 Time: 0.600161541999114
Train loss: 2.4838117188565576 Val loss: 0.565735680903186 Time: 0.500418499999796
Train loss: 2.4940184192798007 Val loss: 0.57189532753281 Time: 0.4778302079994319
Train loss: 2.3999065384750717 Val loss: 0.5636714424312055 Time: 0.5467704999991838
Train loss: 2.4623005074152466 Val loss: 0.5705181508225066 Time: 0.5250669160013786
Train loss: 2.4154349160587176 Val loss: 0.5669290925831805 Time: 0.4945690829990781
Train loss: 2.57953327452503 Val loss: 0.574154688099975 Time: 0.5241035830003966
Train loss: 2.3427167083085614 Val loss: 0.5615241484719707 Time: 0.6602431659994181
Train loss: 2.499045690886898 Val loss: 0.5637882541635475 Time: 0.5066929170006915
Train loss: 2.400050089008193 Val loss: 0.5638460846111705 Time: 0.47623933300019416
Train loss: 2.333491296553113 Val loss: 0.5572985215767543 Time: 0.4987126249998255
Train loss: 2.483654485045067 Val loss: 0.5627826050088905 Time: 0.5030586249995395
Train loss: 2.5677715148149036 Val loss: 0.5685962621517515 Time: 0.5424530830005097
Train loss: 2.3882400857996515 Val loss: 0.5701706046863483 Time: 0.5846986670003389
Train loss: 2.299042710443932 Val loss: 0.5517072662243034 Time: 0.5214574589990661
Train loss: 2.2138320022585454 Val loss: 0.5543813912041073 Time: 0.5098191249999218
Train loss: 2.25397529284578 Val loss: 0.5521623605978768 Time: 0.5471650420004153
Train loss: 2.286360674038008 Val loss: 0.5576205585214237 Time: 0.5017688339994493
Train loss: 2.306876649592863 Val loss: 0.5546576926910113 Time: 0.464162625001336
Train loss: 2.4839910612054603 Val loss: 0.5583438642728012 Time: 0.5766878330014151
Train loss: 2.2159342251883203 Val loss: 0.5534018442102054 Time: 0.5852157090012042
Train loss: 2.2081058070991872 Val loss: 0.5501313051365915 Time: 0.4875183750009455
Train loss: 2.1688705464529257 Val loss: 0.5502008659006726 Time: 0.49933716700070363
Train loss: 2.1195518478935185 Val loss: 0.5493996798235611 Time: 0.6487283750011557
Train loss: 2.218561035344493 Val loss: 0.5471989679314487 Time: 0.5132324999995035
Train loss: 2.0925561469323757 Val loss: 0.5436058012009994 Time: 0.49178550000033283
Train loss: 2.023374771502498 Val loss: 0.5402649748119658 Time: 0.5027767079991463
Train loss: 2.089528469736842 Val loss: 0.5430564633572683 Time: 0.5349419160011166
Train loss: 2.2294922523196306 Val loss: 0.5491570295331307 Time: 0.49946770799942897
Train loss: 2.1488394969920677 Val loss: 0.549007152188849 Time: 0.4942792920010106
Train loss: 2.064795055400225 Val loss: 0.5501553954581859 Time: 0.5001710840006126
Train loss: 2.118281086442355 Val loss: 0.5440563130008798 Time: 0.4897413750004489
Train loss: 2.106484904961121 Val loss: 0.543344670254325 Time: 0.598927166998692
Train loss: 1.9303509909674028 Val loss: 0.5420248593691785 Time: 0.5065067499999714
Train loss: 2.1016383518278303 Val loss: 0.5480710876088648 Time: 0.5075291670000297
Train loss: 1.9176447656886424 Val loss: 0.5433473321673702 Time: 0.5084897500000807
Train loss: 1.9543742378098408 Val loss: 0.5389457486391244 Time: 0.5873702500011859
Train loss: 1.8591411403133975 Val loss: 0.5376134678318941 Time: 0.47650483299912594
Train loss: 1.9162239361605522 Val loss: 0.5371071334104975 Time: 0.5415070409999316
Train loss: 1.9123395591173473 Val loss: 0.5394228860591608 Time: 0.5837212920014281
Train loss: 1.917172976798085 Val loss: 0.5422311922004833 Time: 0.49981920800019
Train loss: 1.9214479842007677 Val loss: 0.5435324744937621 Time: 0.4947382080008538
Train loss: 1.8835338931900751 Val loss: 0.5407612981436164 Time: 0.5629511660008575
Train loss: 1.8756355004546421 Val loss: 0.5364882919481008 Time: 0.5643493749994377
Train loss: 1.8842024263753139 Val loss: 0.5468474347470326 Time: 0.5185646249992715
Train loss: 1.7604630106095698 Val loss: 0.5316137766035309 Time: 0.6148654160006117
Train loss: 1.8340137126121974 Val loss: 0.5399745215191591 Time: 0.5328805420012941
Train loss: 1.8797775774312662 Val loss: 0.5401289106608123 Time: 0.5270148330000666
Train loss: 1.8699889810936088 Val loss: 0.5360002275346922 Time: 0.5020448340001167
Train loss: 1.9014718062758504 Val loss: 0.5356076701033536 Time: 0.46834620799927507
Train loss: 1.8430280476096454 Val loss: 0.5404938116293082 Time: 0.469053917000565
Train loss: 1.8449022185809838 Val loss: 0.533257863176742 Time: 0.675647874999413
Train loss: 1.8165751159652501 Val loss: 0.5331409456405453 Time: 0.587687791999997
Train loss: 1.6960525237063324 Val loss: 0.5342856065520467 Time: 0.48172033300033945
Train loss: 1.788593673478431 Val loss: 0.532897019532882 Time: 0.521166374999666
Train loss: 1.7525080150184564 Val loss: 0.5304654601521803 Time: 0.5066162910006824
Train loss: 1.7754077719093324 Val loss: 0.5358849823130922 Time: 0.49264045799827727
Train loss: 1.629728838075252 Val loss: 0.5258987464833615 Time: 0.5114981660008198
Train loss: 1.6844696178428364 Val loss: 0.5321778321000358 Time: 0.49843520799913676
Train loss: 1.5271523502563085 Val loss: 0.5277911198547842 Time: 0.5576542919989151
Train loss: 1.578884750037318 Val loss: 0.5284041055762965 Time: 0.5206175410003198
Train loss: 1.6339813226500048 Val loss: 0.5283241130162749 Time: 0.4956655829992087
Train loss: 1.5652575602706627 Val loss: 0.5239335836136552 Time: 0.5428148329992837
Train loss: 1.5877761421676126 Val loss: 0.5280287957816413 Time: 0.5247690830001375
Train loss: 1.6111573262631111 Val loss: 0.5272271521810332 Time: 0.49538175000088813
Train loss: 1.530531674621078 Val loss: 0.523094507462441 Time: 0.5444921250000334
Train loss: 1.5094259236853511 Val loss: 0.5253306535954245 Time: 0.643661666999833
Train loss: 1.5836943879950667 Val loss: 0.5325399970235654 Time: 0.5075323750006646
Train loss: 1.7375210129767624 Val loss: 0.5298376390113045 Time: 0.5132813339987479
Train loss: 1.592960176099119 Val loss: 0.5298173589583287 Time: 0.5504348329995992
Train loss: 1.4583265676040043 Val loss: 0.5211012156652924 Time: 0.5863629169998603
Train loss: 1.4543171561243717 Val loss: 0.5405188426700163 Time: 0.5386552500003745
Train loss: 1.447857736228869 Val loss: 0.528158741281829 Time: 0.5619052080000984
Train loss: 1.462355369774425 Val loss: 0.5226420042737683 Time: 0.541666917000839
Train loss: 1.503292543901619 Val loss: 0.5236273854797628 Time: 0.6141276250000374
Train loss: 1.4276015051844484 Val loss: 0.5206220230006307 Time: 0.47013137499925506
Train loss: 1.4787112689065798 Val loss: 0.5220243562597915 Time: 0.5366710409998632
Train loss: 1.3814104599705441 Val loss: 0.5284234165591435 Time: 0.516937374999543
Train loss: 1.451988210171944 Val loss: 0.5287376044048498 Time: 0.5264930829998775
Train loss: 1.3312080495263299 Val loss: 0.5251387442348545 Time: 0.4886290419999568
Train loss: 1.3402472464849335 Val loss: 0.5206050352811695 Time: 0.5517541669996717
Train loss: 1.2853953050093878 Val loss: 0.5177024360755158 Time: 0.6648968330009666
Train loss: 1.4747829376926518 Val loss: 0.5220600088158536 Time: 0.5153149170000688
Train loss: 1.3291965286934397 Val loss: 0.5175303067148024 Time: 0.5122929589997511
Train loss: 1.2588451824880256 Val loss: 0.5209811743457529 Time: 0.5384932079996361
Train loss: 1.3251271030452791 Val loss: 0.5180849301828513 Time: 0.4915101250007865
Train loss: 1.3773335606131152 Val loss: 0.5220042446905289 Time: 0.4963425419991836
Train loss: 1.3635883568699398 Val loss: 0.5224532784597197 Time: 0.4911396669995156
Train loss: 1.2870190469836302 Val loss: 0.518998077969411 Time: 0.5757872499998484
Train loss: 1.3983333769951987 Val loss: 0.5281174345452485 Time: 0.521784167000078
Train loss: 1.3475965747268397 Val loss: 0.5187901759933593 Time: 0.5110695830007899
Train loss: 1.487315733016679 Val loss: 0.5217189438776161 Time: 0.48368829100036237
Train loss: 1.3138927548589123 Val loss: 0.519962102324359 Time: 0.5930250000001251
Train loss: 1.3886425912824754 Val loss: 0.5288242704658673 Time: 0.5072625840002729
Shrinking learning rate to 1e-05
Train loss: 1.4490771870729304 Val loss: 0.524465116407645 Time: 0.5180654169998888
Train loss: 1.2117238413667408 Val loss: 0.5165657711179613 Time: 0.711658541998986
Train loss: 1.1597212063368332 Val loss: 0.5153695734192066 Time: 0.5208917500003736
Train loss: 1.1604996183229161 Val loss: 0.5150081223918078 Time: 0.5051802920006594
Train loss: 1.2687269591182977 Val loss: 0.5186744067655595 Time: 0.5034789590008586
Train loss: 1.1847363932706552 Val loss: 0.5159753369672141 Time: 0.5143876250003814
Train loss: 1.1371539305462113 Val loss: 0.5150691898575016 Time: 0.5094493750002584
Train loss: 1.1654704400171219 Val loss: 0.5153405885367278 Time: 0.5537587920007354
Train loss: 1.294107925393842 Val loss: 0.5186354422884399 Time: 0.6241194589983934
Train loss: 1.1822364209872802 Val loss: 0.5160556814142849 Time: 0.5335851250001724
Train loss: 1.2700547533639757 Val loss: 0.5175176287618459 Time: 0.4901581249996525
Train loss: 1.128217847113234 Val loss: 0.5141390224061966 Time: 0.510104124999998
Train loss: 1.2673251774045724 Val loss: 0.5177162171085485 Time: 0.5110723329999018
Train loss: 1.2049913874328695 Val loss: 0.5153737864604251 Time: 0.5467085000000225
Train loss: 1.2614227934435718 Val loss: 0.5168938827587733 Time: 0.5750143330005812
Train loss: 1.2452133212493246 Val loss: 0.5175705239185103 Time: 0.5835448750003707
Train loss: 1.2152652118007996 Val loss: 0.5165577920202932 Time: 0.5007840840007702
Train loss: 1.1886662657463065 Val loss: 0.5157705698774766 Time: 0.5256298329986748
Train loss: 1.2428599262220938 Val loss: 0.5171683513243199 Time: 0.5060821659990324
Train loss: 1.2801400150648319 Val loss: 0.5177498309240653 Time: 0.5174182080008904
Train loss: 1.1869621373705996 Val loss: 0.5154865102314566 Time: 0.5796624579998024
Shrinking learning rate to 1.0000000000000002e-06
Train loss: 1.3226190392870274 Val loss: 0.5188396345888436 Time: 0.5367088339990005
Train loss: 1.2598846741886351 Val loss: 0.5173810465604746 Time: 0.503963166000176
Train loss: 1.1858190362721643 Val loss: 0.5156850067702776 Time: 0.5093881659995532
Train loss: 1.2014748893500524 Val loss: 0.5161263303494321 Time: 0.52294666600028
Train loss: 1.10159550784953 Val loss: 0.5138795011372502 Time: 0.49235858300016844
Train loss: 1.1670489105017694 Val loss: 0.5153889164458776 Time: 0.6505563749997236
Train loss: 1.186407889055964 Val loss: 0.5159314161416307 Time: 0.5457481670000561
Train loss: 1.1925290374617599 Val loss: 0.516037671481412 Time: 0.5140458330006368
Train loss: 1.197965353029776 Val loss: 0.5160296542597185 Time: 0.5112685829990369
Train loss: 1.1215486630238716 Val loss: 0.5143590407036972 Time: 0.5169679579994408
Train loss: 1.1059532503609262 Val loss: 0.5140640901425908 Time: 0.5859110000001237
Train loss: 1.1077436908002234 Val loss: 0.5140621077122024 Time: 0.6704668749989651
Train loss: 1.157934766763674 Val loss: 0.5151193725642842 Time: 0.5214260000011564
Train loss: 1.1004097898727188 Val loss: 0.5139885093914907 Time: 0.5233288330000505
Train loss: 1.2408863965634254 Val loss: 0.517198343606991 Time: 0.5001494169991929
Train loss: 1.156771768306509 Val loss: 0.5151933616285297 Time: 0.5099711250004475
Train loss: 1.250506721795393 Val loss: 0.5173352983713315 Time: 0.7264297919991805
Train loss: 1.206161427607345 Val loss: 0.516234378800391 Time: 0.5370548329992744
Train loss: 1.1479236776274915 Val loss: 0.5149152914351877 Time: 0.513754333000179
Train loss: 1.1006189735730012 Val loss: 0.513889530924706 Time: 0.5538012500001059
Train loss: 1.2612640512037387 Val loss: 0.5176079513342461 Time: 0.5204667079997307
Train loss: 1.2309554718990832 Val loss: 0.5168643150850197 Time: 0.49463954099883267
Train loss: 1.2123477689215036 Val loss: 0.516261625237353 Time: 0.5281988749993616
Shrinking learning rate to 1.0000000000000002e-07
Learning rate getting small
Complete
 Total time: 127.66605799999888