starting log for model: models/lstm_lin1_fcast_23_new_23-24.pth
Train loss: 17.938321058255053 Val loss: 1.9800144909515667 Time: 0.5436769999942044
Train loss: 17.125594162090273 Val loss: 1.9087926135858524 Time: 0.4606584169960115
Train loss: 16.998581508970968 Val loss: 1.8906275249633222 Time: 0.453137999997125
Train loss: 16.303280644971395 Val loss: 1.8177729195416878 Time: 0.4620129170070868
Train loss: 13.931675904130543 Val loss: 1.5615670438543463 Time: 0.4545845829998143
Train loss: 9.979151326622798 Val loss: 1.1427666446179663 Time: 0.468763457989553
Train loss: 7.927104563663592 Val loss: 0.9247970698702169 Time: 0.4535732079966692
Train loss: 7.624346470470677 Val loss: 0.8865845050513115 Time: 0.4600415409950074
Train loss: 7.133722061822903 Val loss: 0.8343203210019716 Time: 0.45818929199595004
Train loss: 7.327260710489186 Val loss: 0.8490941151717917 Time: 0.4633559579961002
Train loss: 7.211103507680036 Val loss: 0.82947214919042 Time: 0.4708774589962559
Train loss: 6.790138805429327 Val loss: 0.7909881653657022 Time: 0.45352283399552107
Train loss: 6.7250745056198085 Val loss: 0.7808479133690571 Time: 0.45979387500847224
Train loss: 6.734955791627297 Val loss: 0.7796848524226734 Time: 0.4576832079910673
Train loss: 6.530890666177697 Val loss: 0.7572359174060845 Time: 0.5105934169987449
Train loss: 6.5211563241896044 Val loss: 0.7575559114980608 Time: 0.45327133299724665
Train loss: 6.395563566256115 Val loss: 0.7415118473409003 Time: 0.4559765000012703
Train loss: 6.472585745152884 Val loss: 0.7499336715306837 Time: 0.4520501660008449
Train loss: 6.454418423449631 Val loss: 0.7428450668247862 Time: 0.45924599999852944
Train loss: 6.230283262201382 Val loss: 0.719684466911767 Time: 0.46688758399977814
Train loss: 6.152060912738704 Val loss: 0.712632610416683 Time: 0.4549796249921201
Train loss: 6.354381288809673 Val loss: 0.7301642514658137 Time: 0.4548349579999922
Train loss: 6.1600686300612955 Val loss: 0.7070632651530879 Time: 0.4591892499884125
Train loss: 5.936050909246163 Val loss: 0.687014035470681 Time: 0.45248162500502076
Train loss: 5.72107168862226 Val loss: 0.6630418782064826 Time: 0.46683091699378565
Train loss: 5.477120049539511 Val loss: 0.6319125002533604 Time: 0.45208937500137836
Train loss: 5.698546691906344 Val loss: 0.6476573441907244 Time: 0.4545769159885822
Train loss: 5.625792206070912 Val loss: 0.6386510429328411 Time: 0.4588366249954561
Train loss: 5.185356318723507 Val loss: 0.6004076105645131 Time: 0.45261062499776017
Train loss: 5.388592817397864 Val loss: 0.6071254997524 Time: 0.45366312499390915
Train loss: 5.019377657310724 Val loss: 0.5746776191952654 Time: 0.45072004199028015
Train loss: 4.778034678272597 Val loss: 0.5501419483398649 Time: 0.46128920900810044
Train loss: 4.6821897443756235 Val loss: 0.5368365635272664 Time: 0.45164650000515394
Train loss: 4.227355114892589 Val loss: 0.49838832518280884 Time: 0.45760570900165476
Train loss: 4.790897829425774 Val loss: 0.5341811475797831 Time: 0.4549197919986909
Train loss: 4.342098904221945 Val loss: 0.49725254786814627 Time: 0.4505591670022113
Train loss: 4.364308389350114 Val loss: 0.4899093783329163 Time: 0.4568286249996163
Train loss: 4.0864318511210564 Val loss: 0.46253501636255623 Time: 0.4733573749981588
Train loss: 4.112139807687257 Val loss: 0.45696012140601616 Time: 0.45593237499997485
Train loss: 4.317074990287484 Val loss: 0.4766236898364206 Time: 0.45522762500331737
Train loss: 3.9056785573580264 Val loss: 0.43186376058726167 Time: 0.4675524579943158
Train loss: 3.675473145814678 Val loss: 0.41768930330622667 Time: 0.460094416004722
Train loss: 3.8119361128657125 Val loss: 0.4265930647042324 Time: 0.46223979200294707
Train loss: 3.6735764366943755 Val loss: 0.4146327157481326 Time: 0.4637141669954872
Train loss: 3.560426823036778 Val loss: 0.41161244779580713 Time: 0.4636982079973677
Train loss: 3.574212404769019 Val loss: 0.4179776736335023 Time: 0.4787190829956671
Train loss: 3.5923110123469186 Val loss: 0.421953108094333 Time: 0.46465249999891967
Train loss: 3.5117675448541092 Val loss: 0.3911923184328715 Time: 0.4732559159892844
Train loss: 3.6165971486749555 Val loss: 0.4099791214526429 Time: 0.4812832919997163
Train loss: 3.4137231916032094 Val loss: 0.3908868658371019 Time: 0.47691529100120533
Train loss: 3.3772151633630045 Val loss: 0.3807030602675744 Time: 0.4692915829946287
Train loss: 3.2633595511284454 Val loss: 0.37041508346785507 Time: 0.4732514580100542
Train loss: 3.4678156664722337 Val loss: 0.3813376827588435 Time: 0.4741722500039032
Train loss: 2.9818360634576573 Val loss: 0.3348045886318235 Time: 0.47331591599504463
Train loss: 2.9574513842803363 Val loss: 0.32428616762450213 Time: 0.4774424170027487
Train loss: 3.1139177249915244 Val loss: 0.3521725463662692 Time: 0.47388566700101364
Train loss: 2.9432166729342732 Val loss: 0.3261078835564375 Time: 0.47321424999972805
Train loss: 3.094662797707201 Val loss: 0.34486425291044404 Time: 0.4805199160036864
Train loss: 2.9103933301138163 Val loss: 0.3319999581308303 Time: 0.47992645800695755
Train loss: 3.081187023961064 Val loss: 0.34899463000880476 Time: 0.48767691699322313
Train loss: 2.9895915509098074 Val loss: 0.328269375030641 Time: 0.47918579100223724
Train loss: 2.858697179279204 Val loss: 0.3177796312373132 Time: 0.4787942499970086
Train loss: 2.9681326450425303 Val loss: 0.3278530951754012 Time: 0.48414462500659283
Train loss: 2.7812050688639616 Val loss: 0.32920252065427597 Time: 0.47962762499810196
Train loss: 2.696536390084912 Val loss: 0.2959495051946172 Time: 0.4820588750008028
Train loss: 2.834957207926646 Val loss: 0.3011915337276188 Time: 0.4796493330068188
Train loss: 2.7747029697828083 Val loss: 0.3128626278866501 Time: 0.48498066699539777
Train loss: 2.645810698797277 Val loss: 0.293391708658505 Time: 0.49087287500151433
Train loss: 2.681013073014851 Val loss: 0.3054335416808065 Time: 0.4856568329996662
Train loss: 2.509635778333873 Val loss: 0.27305184489661893 Time: 0.49366362499131355
Train loss: 2.54278036763818 Val loss: 0.27663640212319385 Time: 0.4902489579981193
Train loss: 2.579384355742249 Val loss: 0.3002278435388776 Time: 0.49687875001109205
Train loss: 2.578574892356791 Val loss: 0.28455451864963616 Time: 0.5407947909989161
Train loss: 2.631273623294712 Val loss: 0.29182268343485934 Time: 0.4923862499999814
Train loss: 2.656595722504383 Val loss: 0.2925595985107506 Time: 0.4953970839997055
Train loss: 2.6234217440238012 Val loss: 0.29488094247255864 Time: 0.4867149170022458
Train loss: 2.248864665607215 Val loss: 0.2730449319159724 Time: 0.511773334001191
Train loss: 2.4908061217226987 Val loss: 0.273888841469963 Time: 0.4982719999970868
Train loss: 2.3503180005726207 Val loss: 0.28048328552606494 Time: 0.4967028340033721
Train loss: 2.513611716992372 Val loss: 0.27770548336017015 Time: 0.5041607919993112
Train loss: 2.347295901866488 Val loss: 0.2729144519105271 Time: 0.4935815420030849
Train loss: 2.4486325678105487 Val loss: 0.2861325785056152 Time: 0.4926698750059586
Train loss: 2.5341326593511724 Val loss: 0.2974952601007785 Time: 0.49784404099045787
Train loss: 2.276191544231761 Val loss: 0.2674290974127961 Time: 0.4959855829947628
Train loss: 2.3071752460767954 Val loss: 0.261205099417073 Time: 0.4936457080038963
Train loss: 2.193755698717535 Val loss: 0.2622898849558448 Time: 0.4960572499985574
Train loss: 2.420121779666374 Val loss: 0.26713768946929733 Time: 0.49673862499184906
Train loss: 2.2665932901192036 Val loss: 0.27462425246548844 Time: 0.5053959159995429
Train loss: 2.393425498551025 Val loss: 0.274861802759322 Time: 0.49715620900678914
Train loss: 2.260195487807419 Val loss: 0.2640714384237031 Time: 0.4969522909959778
Train loss: 2.305691765869982 Val loss: 0.2649132593575488 Time: 0.49893983401125297
Train loss: 2.192329173223186 Val loss: 0.2754742252227202 Time: 0.49733266700059175
Train loss: 2.2396932830233194 Val loss: 0.24979255089810987 Time: 0.4972356249927543
Train loss: 2.277123585993138 Val loss: 0.26011091528104685 Time: 0.5165001249988563
Train loss: 2.1575175832686213 Val loss: 0.25646275748378256 Time: 0.5136804170033429
Train loss: 2.2142825889568645 Val loss: 0.24535083972648103 Time: 0.5042293340084143
Train loss: 2.3036313908615966 Val loss: 0.2681455170176761 Time: 0.49914391699712723
Train loss: 2.2725136060111115 Val loss: 0.2521267885068917 Time: 0.5054880410025362
Train loss: 2.1690521396704128 Val loss: 0.24978183171408666 Time: 0.5541285409999546
Train loss: 2.234866172725833 Val loss: 0.2539726977970793 Time: 0.5056262919970322
Train loss: 2.118593270306028 Val loss: 0.24723837649708927 Time: 0.5010894169972744
Train loss: 2.0708473416794053 Val loss: 0.23690328237482033 Time: 0.5018062500021188
Train loss: 2.262630242821036 Val loss: 0.2621215679785838 Time: 0.5060786250105593
Train loss: 2.1208970274065324 Val loss: 0.2404620166888844 Time: 0.5092088749952381
Train loss: 2.0778336157372976 Val loss: 0.23780654163643913 Time: 0.5171917910047341
Train loss: 2.073647071340872 Val loss: 0.2401303880059902 Time: 0.5026836250035558
Train loss: 1.9684180304927565 Val loss: 0.23331088083617035 Time: 0.504244750001817
Train loss: 2.046809937240422 Val loss: 0.25201580089697095 Time: 0.51973408300546
Train loss: 2.1082470884715008 Val loss: 0.24348358726944827 Time: 0.5124755419965368
Train loss: 2.14480402577131 Val loss: 0.25994601016312585 Time: 0.5050521249941085
Train loss: 1.9807874200303304 Val loss: 0.22378273542293114 Time: 0.5062439169996651
Train loss: 1.9861338808636404 Val loss: 0.2298937301224801 Time: 0.5144441669981461
Train loss: 2.0464358895924804 Val loss: 0.23149870880273757 Time: 0.5135958750033751
Train loss: 2.0249628039005074 Val loss: 0.23328441435254407 Time: 0.5119982089963742
Train loss: 1.9274216568806841 Val loss: 0.22565658155953208 Time: 0.5098394590022508
Train loss: 1.8602895591939301 Val loss: 0.22573966378658022 Time: 0.5154249590123072
Train loss: 1.9069038237638 Val loss: 0.22260729959176162 Time: 0.5099371249962132
Train loss: 1.8322769998479913 Val loss: 0.20990759710745355 Time: 0.5206497079925612
Train loss: 1.8582505431308016 Val loss: 0.21924975163756763 Time: 0.5285403329908149
Train loss: 1.9154101762292806 Val loss: 0.22914874186530884 Time: 0.531690959003754
Train loss: 2.111022089542704 Val loss: 0.24292690961678604 Time: 0.5095891660021152
Train loss: 1.9744536431596948 Val loss: 0.23953872990963504 Time: 0.5149004580016481
Train loss: 1.978615384892521 Val loss: 0.2320868273782633 Time: 0.5077313329966273
Train loss: 1.6826930039580361 Val loss: 0.20086687309332676 Time: 0.5196484999905806
Train loss: 1.7509214649696112 Val loss: 0.22291005243134987 Time: 0.5233647919958457
Train loss: 1.8782677566368307 Val loss: 0.2355318511519708 Time: 0.5122433750075288
Train loss: 1.8936275113541967 Val loss: 0.22562368546287043 Time: 0.5169814999972004
Train loss: 1.7719409161016557 Val loss: 0.2071320602719674 Time: 0.5237531250022585
Train loss: 1.690197346547344 Val loss: 0.2051696416557582 Time: 0.5157331249938579
Train loss: 1.6949988417299267 Val loss: 0.21027877642145976 Time: 0.5173489169974346
Train loss: 1.8374888708098212 Val loss: 0.2140068083226057 Time: 0.5123058750032214
Train loss: 1.685122615726037 Val loss: 0.20571008001720203 Time: 0.5201077500096289
Train loss: 1.7874768184770744 Val loss: 0.208793119813945 Time: 0.5169268750032643
Shrinking learning rate to 1e-05
Train loss: 1.9677585860482907 Val loss: 0.22206001711269857 Time: 0.5198411250021309
Train loss: 1.7808171101421522 Val loss: 0.20542421339518363 Time: 0.5230844170000637
Train loss: 1.7760996789357044 Val loss: 0.2050376420664758 Time: 0.522208624999621
Train loss: 1.7136834290224172 Val loss: 0.20058298520415557 Time: 0.5256559159897733
Train loss: 1.6625114622875685 Val loss: 0.19638103136596718 Time: 0.5217280409997329
Train loss: 1.8199578849806244 Val loss: 0.20950180456846504 Time: 0.5162478749989532
Train loss: 1.6609887139174475 Val loss: 0.19644721688404698 Time: 0.5191140419919975
Train loss: 1.680030483425469 Val loss: 0.19769772299801602 Time: 0.5216836659965338
Train loss: 1.7269472858068937 Val loss: 0.2022919312237957 Time: 0.5179150409967406
Train loss: 1.7407024731158174 Val loss: 0.20357666761488724 Time: 0.5294061250024242
Train loss: 1.626284353351835 Val loss: 0.1936308146525531 Time: 0.5193760420079343
Train loss: 1.6462861155111703 Val loss: 0.19466790747975474 Time: 0.5168869590124814
Train loss: 1.6730048612950272 Val loss: 0.1970775959746416 Time: 0.5167097090015886
Train loss: 1.6999648338823476 Val loss: 0.2001556923754731 Time: 0.5269041249994189
Train loss: 1.6582804629013594 Val loss: 0.19742740944059733 Time: 0.5198837500065565
Train loss: 1.5889767227067502 Val loss: 0.19175766709899117 Time: 0.5212940420024097
Train loss: 1.6330486811068567 Val loss: 0.19380255841058713 Time: 0.5185731669917004
Train loss: 1.6399967834651363 Val loss: 0.19594840001244815 Time: 0.517777582994313
Train loss: 1.6384181346178837 Val loss: 0.19514817598388828 Time: 0.5768723749933997
Train loss: 1.6366739373746988 Val loss: 0.19459937898736743 Time: 0.5320869999995921
Train loss: 1.6486043955552852 Val loss: 0.19453597148752175 Time: 0.5203331669908948
Train loss: 1.6458337633683335 Val loss: 0.1947733118508192 Time: 0.5244277079909807
Train loss: 1.5255874527477484 Val loss: 0.18503202524978007 Time: 0.5292017500032671
Train loss: 1.6422445930152634 Val loss: 0.19446481139653873 Time: 0.5231313330004923
Train loss: 1.6243085152344179 Val loss: 0.19465873017864888 Time: 0.5265069590095663
Train loss: 1.619564867137079 Val loss: 0.19466356745019894 Time: 0.5277830839913804
Train loss: 1.6145231159099716 Val loss: 0.1935848642406401 Time: 0.5233400829893071
Train loss: 1.5716161434243077 Val loss: 0.18956109846953298 Time: 0.5330059160041856
Train loss: 1.5773946670842562 Val loss: 0.18911863504761872 Time: 0.524579500008258
Train loss: 1.6513554081427841 Val loss: 0.1944424084255802 Time: 0.5508289580029668
Train loss: 1.5581516017426331 Val loss: 0.18848728729643519 Time: 0.5336293330037734
Train loss: 1.4836482630937788 Val loss: 0.18113816617643766 Time: 0.5284014170028968
Train loss: 1.6344870011174564 Val loss: 0.19606815293804283 Time: 0.5338707500050077
Train loss: 1.62502582756602 Val loss: 0.1943211591642942 Time: 0.539353416999802
Train loss: 1.51949867131313 Val loss: 0.18367946546083627 Time: 0.5294642079970799
Train loss: 1.65714950464033 Val loss: 0.1955224263344201 Time: 0.5275132079987088
Train loss: 1.6396576219853998 Val loss: 0.19502345601075152 Time: 0.5212546659895452
Train loss: 1.5669327046563737 Val loss: 0.18820541310807273 Time: 0.5335090829903493
Train loss: 1.554463713014238 Val loss: 0.18841508098722592 Time: 0.5256465840066085
Train loss: 1.6924618015399417 Val loss: 0.198410900401386 Time: 0.5298475830059033
Train loss: 1.5946999710063086 Val loss: 0.19084734028997416 Time: 0.5275067499896977
Shrinking learning rate to 1.0000000000000002e-06
Train loss: 1.5706182689057755 Val loss: 0.18840431773609168 Time: 0.5415797079913318
Train loss: 1.5145422574780767 Val loss: 0.18354749374186186 Time: 0.550970583994058
Train loss: 1.640212228264378 Val loss: 0.19393907610728955 Time: 0.531335499996203
Train loss: 1.6439374195253436 Val loss: 0.19426423080236002 Time: 0.5399179579981137
Train loss: 1.5650606037238788 Val loss: 0.1875830812977776 Time: 0.5358255000028294
Train loss: 1.5812842994366463 Val loss: 0.18896640018472716 Time: 0.5274304580088938
Train loss: 1.637783312542112 Val loss: 0.1936188172463033 Time: 0.5346136660082266
Train loss: 1.4832754026866208 Val loss: 0.18086963850822324 Time: 0.532109332998516
Train loss: 1.4742837378142397 Val loss: 0.18012067155998449 Time: 0.5302852080058074
Train loss: 1.4093323612117388 Val loss: 0.17481389325216132 Time: 0.5293603329919279
Train loss: 1.5605995614518302 Val loss: 0.18711589589970323 Time: 0.5318989169900306
Train loss: 1.6576983110314902 Val loss: 0.19514976949161345 Time: 0.5465515840041917
Train loss: 1.5224049344266284 Val loss: 0.1836941184162581 Time: 0.5304259999975329
Train loss: 1.639865560892652 Val loss: 0.19351387266917278 Time: 0.5342179579893127
Train loss: 1.6102188294500195 Val loss: 0.19097211244566148 Time: 0.5307727500039618
Train loss: 1.5684257809133868 Val loss: 0.187710742614555 Time: 0.5415655419928953
Train loss: 1.6366242178750028 Val loss: 0.19334394256059592 Time: 0.531480499994359
Train loss: 1.6390623129177184 Val loss: 0.19351758967277752 Time: 0.5362549169949489
Train loss: 1.5365645005825215 Val loss: 0.1849211852492119 Time: 0.5317678330029594
Shrinking learning rate to 1.0000000000000002e-07
Learning rate getting small
Complete
 Total time: 96.69897295800911