starting log for model: models/lstm_comb_alpha_0.05_22-23.pth
Train loss: 14.258185942770325 Val loss: 1.04563496472512 Time: 0.26371491700047045
Train loss: 13.081581257111594 Val loss: 0.9795341865696919 Time: 0.26241433399991365
Train loss: 11.16902961907234 Val loss: 0.8678402283534237 Time: 0.2628415830004087
Train loss: 8.922299200384908 Val loss: 0.7194737717539271 Time: 0.26762395900004776
Train loss: 7.273657791627621 Val loss: 0.6058152108753558 Time: 0.2806659589987248
Train loss: 6.512341715852704 Val loss: 0.5403531386517946 Time: 0.26310691600156133
Train loss: 6.369578577673276 Val loss: 0.5150386119389613 Time: 0.26245683299930533
Train loss: 6.054857952336192 Val loss: 0.5069917059513187 Time: 0.27884745800110977
Train loss: 6.060580687532245 Val loss: 0.4889783472706936 Time: 0.2631065000023227
Train loss: 5.706361108732118 Val loss: 0.4790761785364762 Time: 0.2632724169998255
Train loss: 5.689249607767305 Val loss: 0.4743503146835296 Time: 0.26225937499839347
Train loss: 5.567493984328522 Val loss: 0.4610522618884624 Time: 0.2625042920008127
Train loss: 5.439245740425054 Val loss: 0.45160109991165576 Time: 0.26282037499913713
Train loss: 5.315335522954692 Val loss: 0.44656368100561267 Time: 0.2621553329991002
Train loss: 4.902223346206593 Val loss: 0.4226258360624082 Time: 0.2618603749979229
Train loss: 4.935460174762882 Val loss: 0.4132536426887035 Time: 0.2757601250013977
Train loss: 5.101847180666141 Val loss: 0.42361292067503187 Time: 0.26255195799967623
Train loss: 4.664839742699513 Val loss: 0.39824716632915513 Time: 0.26086820799901034
Train loss: 4.45951710943503 Val loss: 0.38715858516880236 Time: 0.26205570900128805
Train loss: 4.466680596763446 Val loss: 0.3761366456586044 Time: 0.26211883300129557
Train loss: 4.104817220314409 Val loss: 0.3579450119674593 Time: 0.2628798750010901
Train loss: 4.147165015896121 Val loss: 0.3550284799962301 Time: 0.2621212079975521
Train loss: 4.050343226712066 Val loss: 0.32724192710948785 Time: 0.2741824999975506
Train loss: 3.832465106197617 Val loss: 0.3128962267054175 Time: 0.26330104199951165
Train loss: 3.737934617071316 Val loss: 0.307476005575385 Time: 0.2625147090002429
Train loss: 3.636937824693101 Val loss: 0.30214954815215683 Time: 0.26240941700234544
Train loss: 3.3142942236987967 Val loss: 0.2926047580233639 Time: 0.2616996669967193
Train loss: 3.3097663707971776 Val loss: 0.27118334106621783 Time: 0.26282274999903166
Train loss: 3.416994038023688 Val loss: 0.2569908460152764 Time: 0.26283258400144405
Train loss: 3.14886782636367 Val loss: 0.23679314304169205 Time: 0.2620977500009758
Train loss: 2.992062768890463 Val loss: 0.22226103499975264 Time: 0.2757397919995128
Train loss: 2.8407433477957023 Val loss: 0.2151182977878447 Time: 0.2638782079993689
Train loss: 2.721695179273638 Val loss: 0.19052396306767633 Time: 0.2627447499980917
Train loss: 2.8198540389814184 Val loss: 0.18701166820437756 Time: 0.26171966699985205
Train loss: 2.6380807216147097 Val loss: 0.17076844096002128 Time: 0.2624901660019532
Train loss: 2.3738923057886665 Val loss: 0.14649307368534412 Time: 0.262111708001612
Train loss: 2.5919552272621473 Val loss: 0.16437303530275302 Time: 0.26264687499860884
Train loss: 2.5278603974547886 Val loss: 0.15366789963503316 Time: 0.26237687500179163
Train loss: 2.2992558849742863 Val loss: 0.13669276953558082 Time: 0.27462083299906226
Train loss: 2.2668563627516907 Val loss: 0.12964978284913628 Time: 0.26248183300049277
Train loss: 2.348816414200545 Val loss: 0.12765374175852148 Time: 0.2621916250027425
Train loss: 2.294830940593954 Val loss: 0.133464105198981 Time: 0.2622087919990008
Train loss: 2.278215973950452 Val loss: 0.13626596022473977 Time: 0.2617272080024122
Train loss: 2.0844565019035777 Val loss: 0.12904263024537857 Time: 0.260280332997354
Train loss: 2.1411594079078586 Val loss: 0.11201164116726868 Time: 0.26162070900318213
Train loss: 2.0466211169759987 Val loss: 0.11466792624425168 Time: 0.26201399999990826
Train loss: 1.944246666502413 Val loss: 0.11583982559546589 Time: 0.27573791699978756
Train loss: 1.9822260018029283 Val loss: 0.10739054866389586 Time: 0.26210545800131513
Train loss: 2.02880315673076 Val loss: 0.11775373597740428 Time: 0.2621075000024575
Train loss: 1.8584358569271207 Val loss: 0.10700727288290596 Time: 0.26077887500287034
Train loss: 1.9049360470809331 Val loss: 0.09955475289917781 Time: 0.261409917002311
Train loss: 1.970645778719586 Val loss: 0.10950499779526995 Time: 0.26543799999853945
Train loss: 1.8159088351071127 Val loss: 0.10566358202021778 Time: 0.2609979589979048
Train loss: 1.8141887600405724 Val loss: 0.10807978287705208 Time: 0.27077654100139625
Train loss: 1.8184597656010553 Val loss: 0.10030149870655396 Time: 0.26652245800141827
Train loss: 1.6886290184881574 Val loss: 0.08898189866217439 Time: 0.2627220419999503
Train loss: 1.6726370246047537 Val loss: 0.09785088604912774 Time: 0.2651132499995583
Train loss: 1.8164125690068715 Val loss: 0.1039641897499101 Time: 0.26307279100001324
Train loss: 1.7188122065933187 Val loss: 0.10170961917572935 Time: 0.2622026669996558
Train loss: 1.6214523617297778 Val loss: 0.09249561363943903 Time: 0.26166804199965554
Train loss: 1.724343930139086 Val loss: 0.10245561704531744 Time: 0.26276449999932083
Train loss: 1.59856471419651 Val loss: 0.09697131043738924 Time: 0.27532079099910334
Train loss: 1.6882700029281281 Val loss: 0.10956424583585454 Time: 0.262335333001829
Train loss: 1.4936092864946264 Val loss: 0.1060851764986302 Time: 0.26188683299915283
Train loss: 1.4303170577515516 Val loss: 0.10483332758893958 Time: 0.26174545899993973
Train loss: 1.473752318808387 Val loss: 0.11230879417749132 Time: 0.2626817080017645
Train loss: 1.4285223435498562 Val loss: 0.09737816520279215 Time: 0.26145783299944014
Train loss: 1.4265408106607183 Val loss: 0.1064810416817205 Time: 0.2616953750002722
Train loss: 1.4447839510974028 Val loss: 0.10159968621677426 Time: 0.26128358299683896
Train loss: 1.51411103165578 Val loss: 0.09716892472299284 Time: 0.27550562499891385
Train loss: 1.3728907193038964 Val loss: 0.09695688646082343 Time: 0.26234845900035
Train loss: 1.4181466195846326 Val loss: 0.09680023847855138 Time: 0.2620823750003183
Train loss: 1.369576102295749 Val loss: 0.09607158792880434 Time: 0.2613005829989561
Train loss: 1.4252034142548666 Val loss: 0.09488827341069372 Time: 0.26204520800092723
Train loss: 1.4190523191809916 Val loss: 0.09836507805064346 Time: 0.26324079199912376
Train loss: 1.3620534875917087 Val loss: 0.11290192518998211 Time: 0.26142233299833606
Train loss: 1.3562408365907572 Val loss: 0.10474579286610781 Time: 0.26141187499888474
Train loss: 1.3488087957355663 Val loss: 0.10575467454718505 Time: 0.27565320799840265
Train loss: 1.259612293925585 Val loss: 0.08625439244710362 Time: 0.2611919160008256
Train loss: 1.26477034624628 Val loss: 0.09961739662651851 Time: 0.26266279199990095
Train loss: 1.3890462038087605 Val loss: 0.08398349342451192 Time: 0.2617889169996488
Train loss: 1.2057273711827747 Val loss: 0.07752708713926697 Time: 0.2621397920011077
Train loss: 1.0673738180511094 Val loss: 0.08879952446192117 Time: 0.26148504199954914
Train loss: 1.2598379504933064 Val loss: 0.08634815444475344 Time: 0.26081941699885647
Train loss: 1.2039460884120103 Val loss: 0.11209023506210096 Time: 0.262243707999005
Train loss: 1.1219432992116047 Val loss: 0.09529760558902894 Time: 0.27242779199877987
Train loss: 1.177509897884434 Val loss: 0.10261825336054343 Time: 0.261270290997345
Train loss: 1.105389016151804 Val loss: 0.12790328475157978 Time: 0.2601716249992023
Train loss: 1.1191467692558144 Val loss: 0.0910800878463174 Time: 0.2602579170015815
Train loss: 1.1288001945069377 Val loss: 0.07574472662432316 Time: 0.2615150000019639
Train loss: 1.181331934385112 Val loss: 0.11361896088318695 Time: 0.26143566699829535
Train loss: 1.0856248827533417 Val loss: 0.10276805025426503 Time: 0.2602119169969228
Shrinking learning rate to 1e-05
Train loss: 1.2105033462894426 Val loss: 0.08237898855623438 Time: 0.2750068329987698
Train loss: 1.1688575002277943 Val loss: 0.08023347813152541 Time: 0.2615947500016773
Train loss: 1.1265132714601584 Val loss: 0.08029304306261242 Time: 0.2611741250002524
Train loss: 1.1172579040320212 Val loss: 0.08577435126314806 Time: 0.2613014159978775
Train loss: 1.1513654412146792 Val loss: 0.08669433232061144 Time: 0.2600161250011297
Train loss: 1.053037314090643 Val loss: 0.08019707359185854 Time: 0.26148229200043716
Train loss: 1.0752210885979707 Val loss: 0.08000269829599195 Time: 0.26187804200162645
Train loss: 0.9637774968537549 Val loss: 0.08104658835985354 Time: 0.26128324999808683
Train loss: 1.0818884918173985 Val loss: 0.08170928832622315 Time: 0.27472129099987797
Train loss: 1.116189874549307 Val loss: 0.08013476639850482 Time: 0.26152237499991315
Train loss: 1.0576945691278183 Val loss: 0.07556175555799899 Time: 0.26131995800096774
Train loss: 1.052823592755182 Val loss: 0.07947212318216541 Time: 0.2620897920023708
Train loss: 1.0654025967467753 Val loss: 0.0833556890421621 Time: 0.2619430000013381
Train loss: 1.1153638531845402 Val loss: 0.08382757657139267 Time: 0.2611493750009686
Train loss: 1.0493162902321052 Val loss: 0.08247795141533498 Time: 0.260493249999854
Train loss: 1.0479483425525444 Val loss: 0.07903954237586565 Time: 0.26137808300336474
Train loss: 1.0725226059264514 Val loss: 0.0842738328657755 Time: 0.2747962079993158
Shrinking learning rate to 1.0000000000000002e-06
Train loss: 1.160183659372933 Val loss: 0.08655475327462864 Time: 0.2621215420003864
Train loss: 1.0422054842318005 Val loss: 0.08245638571548769 Time: 0.26062095900124405
Train loss: 1.1082035929645997 Val loss: 0.08487816485054832 Time: 0.26096958400012227
Train loss: 1.0084842460344419 Val loss: 0.0812070991886468 Time: 0.26120870799786644
Train loss: 1.2114189300679143 Val loss: 0.08727928332306079 Time: 0.2617834170014248
Train loss: 1.0610236610021602 Val loss: 0.08211432803743285 Time: 0.26134233299671905
Train loss: 1.0755807298618443 Val loss: 0.0820198680663714 Time: 0.2607937079992553
Train loss: 1.0206358785971565 Val loss: 0.08001366314588337 Time: 0.27460066699859453
Train loss: 1.1863168583229273 Val loss: 0.08540733973365983 Time: 0.26152874999752385
Train loss: 1.118012416611144 Val loss: 0.08305680982868237 Time: 0.26260345799892093
Shrinking learning rate to 1.0000000000000002e-07
Learning rate getting small
Complete
 Total time: 31.488051457999973