starting log for model: models/lstm_fcast_19_new_22-23.pth
Train loss: 14.878495270317671 Val loss: 1.6940540069129706 Time: 0.48350699999900826
Train loss: 14.334076764309657 Val loss: 1.6767844469050153 Time: 0.43306883400146035
Train loss: 14.139850016098308 Val loss: 1.6252672221330031 Time: 0.4355645840005309
Train loss: 14.059300833859211 Val loss: 1.612070954504469 Time: 0.4734044580000045
Train loss: 13.661958866668044 Val loss: 1.5712187262071435 Time: 0.44339324999964447
Train loss: 12.651242696015174 Val loss: 1.4682467071299306 Time: 0.4321117500003311
Train loss: 10.631834109012743 Val loss: 1.2602480636377842 Time: 0.42750433400033216
Train loss: 8.56782228567242 Val loss: 1.051528235037727 Time: 0.43891366699972423
Train loss: 7.51527526568929 Val loss: 0.9424110682753392 Time: 0.41886374999921827
Train loss: 7.102079517068876 Val loss: 0.90112753507221 Time: 0.42439958400063915
Train loss: 6.890850528069036 Val loss: 0.8762721766419471 Time: 0.4140513749989623
Train loss: 6.8090887380071 Val loss: 0.8650796251758651 Time: 0.4446306250010821
Train loss: 6.754827824996525 Val loss: 0.8562191008675051 Time: 0.4135221249998722
Train loss: 6.509359223783896 Val loss: 0.8279309348907019 Time: 0.4091986250004993
Train loss: 6.362815400483623 Val loss: 0.8118774678068188 Time: 0.4126419580006768
Train loss: 6.351862549323073 Val loss: 0.8092562875332758 Time: 0.42823300000054587
Train loss: 6.166441727764909 Val loss: 0.7889043546752417 Time: 0.409544874999483
Train loss: 6.020893175554059 Val loss: 0.7794997110435309 Time: 0.4524964590000309
Train loss: 6.079335582545188 Val loss: 0.7824022061746496 Time: 0.42470395900090807
Train loss: 5.915293386576697 Val loss: 0.7634547603159938 Time: 0.46322629200039955
Train loss: 5.907037867136381 Val loss: 0.7603793701076692 Time: 0.42888804099857225
Train loss: 5.538151063272366 Val loss: 0.7191879969177433 Time: 0.4176013750002312
Train loss: 5.664087369206799 Val loss: 0.730929150262789 Time: 0.4289280829998461
Train loss: 5.402551953574829 Val loss: 0.7019796625055698 Time: 0.427151457999571
Train loss: 5.216412721258669 Val loss: 0.6847080774611689 Time: 0.42999433300064993
Train loss: 5.170934132111647 Val loss: 0.657991920546644 Time: 0.42458983399956196
Train loss: 5.02405756291725 Val loss: 0.6377666629540786 Time: 0.42681283300044015
Train loss: 4.940874635670816 Val loss: 0.6245408872245558 Time: 0.4190027500008
Train loss: 4.834236480066039 Val loss: 0.605270384684468 Time: 0.41696754099939426
Train loss: 4.781893393804127 Val loss: 0.5975429939572448 Time: 0.4298215839990007
Train loss: 4.651978614907847 Val loss: 0.586725998275704 Time: 0.4408393749999959
Train loss: 4.330038541859409 Val loss: 0.5567356493985577 Time: 0.4304833329988469
Train loss: 4.254199674520828 Val loss: 0.5471071204762391 Time: 0.43580008399840153
Train loss: 4.220878381573746 Val loss: 0.5283024755993059 Time: 0.4244284999986121
Train loss: 4.11469920606163 Val loss: 0.5210494023881334 Time: 0.4311245829994732
Train loss: 4.092220388912381 Val loss: 0.5116060531885385 Time: 0.4441523330006021
Train loss: 4.074664719667255 Val loss: 0.5048530014756647 Time: 0.4314253329994244
Train loss: 3.87362860076567 Val loss: 0.49323705453444505 Time: 0.42893849999927625
Train loss: 3.891305308635596 Val loss: 0.49066298956049104 Time: 0.43602445800024725
Train loss: 3.50599144191127 Val loss: 0.4550059795983157 Time: 0.45227425000121
Train loss: 3.719247579828073 Val loss: 0.46632012834049535 Time: 0.48165762499957054
Train loss: 3.6702237259845885 Val loss: 0.4600602714109512 Time: 0.4660165839995898
Train loss: 3.5351004168887172 Val loss: 0.44489333010144533 Time: 0.4328168329993787
Train loss: 3.4329909178864 Val loss: 0.44013184348726586 Time: 0.43654933300058474
Train loss: 3.4670647878120775 Val loss: 0.4401733469655092 Time: 0.43419795899899327
Train loss: 3.3926738303364843 Val loss: 0.4362875233458852 Time: 0.43055254200044146
Train loss: 3.388166674221475 Val loss: 0.4337374717081919 Time: 0.46387250000043423
Train loss: 3.109461468086215 Val loss: 0.4110194292826031 Time: 0.435324459000185
Train loss: 3.4047983597231095 Val loss: 0.42087421744091713 Time: 0.43785312500040163
Train loss: 3.0706308720172433 Val loss: 0.401888312414983 Time: 0.44737625000016124
Train loss: 3.3081934225262017 Val loss: 0.4138915730947411 Time: 0.4568136249999952
Train loss: 3.230571074116077 Val loss: 0.39945265217816417 Time: 0.44071941600122955
Train loss: 3.193423356045331 Val loss: 0.4184437506059267 Time: 0.4461677500003134
Train loss: 2.998811757634943 Val loss: 0.40117556199160415 Time: 0.43369849999908183
Train loss: 3.1608983906866657 Val loss: 0.44048752580142075 Time: 0.4506775829995604
Train loss: 3.0236190991190597 Val loss: 0.4199382169017565 Time: 0.4389842909986328
Train loss: 3.045757903820415 Val loss: 0.4280896200065599 Time: 0.44696829200074717
Train loss: 2.969844373969405 Val loss: 0.41738748389958047 Time: 0.4447952919999807
Train loss: 2.9970947049509498 Val loss: 0.4178275651530587 Time: 0.4571737080004823
Train loss: 2.804741400410631 Val loss: 0.5346429433119847 Time: 0.471984291998524
Train loss: 2.8890844811025147 Val loss: 0.5432429662665919 Time: 0.4521605409991025
Train loss: 2.8525779330271632 Val loss: 0.5288342736338475 Time: 0.44165050000083284
Train loss: 2.827783823231827 Val loss: 0.5334632389923888 Time: 0.4573811249993014
Train loss: 2.9627586722652524 Val loss: 0.5448576765359148 Time: 0.4499387919986475
Train loss: 2.8381977134206977 Val loss: 0.5275475169452455 Time: 0.4623354590003146
Train loss: 2.7290464384404314 Val loss: 0.5298962539572678 Time: 0.4580482499986829
Train loss: 2.6242202638699137 Val loss: 0.5108851536943597 Time: 0.4550898750003398
Train loss: 2.7680787942928244 Val loss: 0.5211326982640583 Time: 0.4564676249992772
Train loss: 2.6966312429914794 Val loss: 0.5151860605799526 Time: 0.45463370899960864
Train loss: 2.702604230761719 Val loss: 0.5146271429050807 Time: 0.4505187080012547
Train loss: 2.6192327904864996 Val loss: 0.5178717193491464 Time: 0.45663191600033315
Train loss: 2.7184499657922823 Val loss: 0.5198729386772799 Time: 0.4573340000006283
Train loss: 2.7885017995375136 Val loss: 0.5236263388889636 Time: 0.4445432079992315
Train loss: 2.6873641314843937 Val loss: 0.5061123783709016 Time: 0.45434420899982797
Train loss: 2.6102245978373624 Val loss: 0.5064313525251009 Time: 0.4668507079986739
Train loss: 2.5155323580703737 Val loss: 0.4968366232899174 Time: 0.46360666699911235
Train loss: 2.501394547475873 Val loss: 0.5049996221967087 Time: 0.45708525000009104
Train loss: 2.588314467038181 Val loss: 0.5068832509048213 Time: 0.48099720900063403
Train loss: 2.54951332020228 Val loss: 0.5078870697195451 Time: 0.45542229199963913
Train loss: 2.489400878162547 Val loss: 0.49978985116386837 Time: 0.44928216700100165
Train loss: 2.4530264676634967 Val loss: 0.49424986873440213 Time: 0.44662733299992396
Train loss: 2.395249065920239 Val loss: 0.49279050578636063 Time: 0.4578127909990144
Train loss: 2.4365795927333593 Val loss: 0.4931350626053532 Time: 0.4601105000001553
Train loss: 2.4126459668916467 Val loss: 0.49679205175659147 Time: 0.453644584000358
Train loss: 2.3985578557759233 Val loss: 0.4838862132697259 Time: 0.45918991600046866
Train loss: 2.277028552044745 Val loss: 0.4746649512430888 Time: 0.46384041700002854
Train loss: 2.420215330249448 Val loss: 0.4887160011194891 Time: 0.4688780830001633
Train loss: 2.3433182897937854 Val loss: 0.4907955972370304 Time: 0.45656366699950013
Train loss: 2.271821041765236 Val loss: 0.47681797603729714 Time: 0.4512327920001553
Train loss: 2.211127023519934 Val loss: 0.4737883301588859 Time: 0.4547145830001682
Train loss: 2.2264077843255503 Val loss: 0.4691110376861427 Time: 0.46883004200026335
Train loss: 2.0923256181504684 Val loss: 0.47149018914887203 Time: 0.47196208300010767
Train loss: 2.3324731409952193 Val loss: 0.48108323948913634 Time: 0.47385399999984656
Train loss: 2.1984707659612646 Val loss: 0.46898823842886456 Time: 0.5202035839993187
Train loss: 2.069919732145255 Val loss: 0.4640745196701503 Time: 0.470690124999237
Train loss: 2.0584928952178174 Val loss: 0.46382026905983587 Time: 0.45879783400050655
Train loss: 2.186829431132498 Val loss: 0.46895971708937756 Time: 0.473230291998334
Train loss: 2.2516281051047313 Val loss: 0.4736823709251581 Time: 0.4937385829998675
Train loss: 2.031045098757687 Val loss: 0.4645883131873536 Time: 0.459253125000032
Train loss: 2.1201551578948568 Val loss: 0.45941016457075895 Time: 0.4676630419999128
Train loss: 1.8700440298587608 Val loss: 0.45364173025978166 Time: 0.4462171249997482
Train loss: 2.0998733932575213 Val loss: 0.29114163856067354 Time: 0.46024691599996004
Train loss: 1.9143613237904447 Val loss: 0.4492394033374848 Time: 0.4668462499994348
Train loss: 2.085011427881227 Val loss: 0.45785858698313525 Time: 0.46503712500089023
Train loss: 2.023210890915067 Val loss: 0.4555258303125833 Time: 0.4829374170003575
Train loss: 1.9803109566185952 Val loss: 0.4528623178870374 Time: 0.4659337909997703
Train loss: 2.0306175853098125 Val loss: 0.45127355913855954 Time: 0.46266470800037496
Train loss: 2.009996180979819 Val loss: 0.4550258750998101 Time: 0.4668903750007303
Train loss: 1.8672089638303033 Val loss: 0.4476554367970664 Time: 0.48172341600002255
Train loss: 2.0745351336416036 Val loss: 0.4554609754719585 Time: 0.471338958999695
Train loss: 1.9303294669348006 Val loss: 0.44648605934078356 Time: 0.46619441700022435
Train loss: 1.8951804549069777 Val loss: 0.2831918547544147 Time: 0.4496506669984228
Train loss: 1.9177373602624108 Val loss: 0.27712401617066335 Time: 0.4759396249992278
Train loss: 1.8201818772882774 Val loss: 0.2724104393356084 Time: 0.5000666249998176
Train loss: 1.8752841667167104 Val loss: 0.2753371296744562 Time: 0.5224898329997814
Train loss: 1.9322562427759067 Val loss: 0.28014382289733614 Time: 0.5084560420000344
Train loss: 1.8343325107088475 Val loss: 0.44461645465020083 Time: 0.4949250829995435
Train loss: 1.8476952096995092 Val loss: 0.44283083430792775 Time: 0.4896541670004808
Train loss: 1.7076963315222855 Val loss: 0.2718474052614104 Time: 0.4905087919996731
Train loss: 1.8702815753485171 Val loss: 0.2738269757996759 Time: 0.49012374999983876
Train loss: 1.5622633704667432 Val loss: 0.2579801418692272 Time: 0.4811073330001818
Train loss: 1.8380876774529753 Val loss: 0.2716376175008512 Time: 0.4778522090000479
Train loss: 1.8842640550171268 Val loss: 0.2755592015056645 Time: 0.4655737089997274
Train loss: 1.8248140201308536 Val loss: 0.2709962896048298 Time: 0.4826032920009311
Train loss: 1.751138872065269 Val loss: 0.27039443757077053 Time: 0.46383233399865276
Train loss: 1.671995573142766 Val loss: 0.26222311647054114 Time: 0.48210854200078757
Train loss: 1.5728607331347462 Val loss: 0.2548422814849235 Time: 0.48344150000048103
Train loss: 1.6426294597382025 Val loss: 0.2589168306673149 Time: 0.4811847909986682
Train loss: 1.6061632395740588 Val loss: 0.26098662373160564 Time: 0.47914175000005343
Train loss: 1.8335867466597433 Val loss: 0.27157235020908455 Time: 0.4643196249999164
Shrinking learning rate to 1e-05
Train loss: 1.889437959427596 Val loss: 0.27528961147264575 Time: 0.4969134999992093
Train loss: 1.528322917384628 Val loss: 0.2517149746744311 Time: 0.4840603339998779
Train loss: 1.6576169723215592 Val loss: 0.25984182268937056 Time: 0.4942234580012155
Train loss: 1.6183093072205814 Val loss: 0.2574131212620177 Time: 0.4691424159991584
Train loss: 1.5451945656793242 Val loss: 0.2528592247434678 Time: 0.4815385410001909
Train loss: 1.5608622351604233 Val loss: 0.2539846821684416 Time: 0.47416729200085683
Train loss: 1.5369635501479542 Val loss: 0.2525551322666955 Time: 0.4831695419998141
Train loss: 1.4709069134989772 Val loss: 0.24845337457382682 Time: 0.47939054199923703
Train loss: 1.6233692739960475 Val loss: 0.2578776762339114 Time: 0.4909149159993831
Train loss: 1.819119897732059 Val loss: 0.2706400077230229 Time: 0.4674735420012439
Train loss: 1.6168315892061642 Val loss: 0.2573966736949421 Time: 0.4715940000005503
Train loss: 1.5625533290819682 Val loss: 0.2542732593298361 Time: 0.48481237499981944
Train loss: 1.6712714524453958 Val loss: 0.2614351971710508 Time: 0.5111611659995106
Train loss: 1.6059797102671598 Val loss: 0.2572064376374204 Time: 0.47751079199952073
Train loss: 1.500404876205664 Val loss: 0.2507817998231603 Time: 0.4836877920006373
Train loss: 1.6382652577793806 Val loss: 0.25873843977209476 Time: 0.47323387500000536
Train loss: 1.514415084293347 Val loss: 0.2512273194243369 Time: 0.4819446670007892
Shrinking learning rate to 1.0000000000000002e-06
Train loss: 1.494566094456367 Val loss: 0.2498846094642955 Time: 0.48326854200058733
Train loss: 1.5198501167133571 Val loss: 0.2514080284708401 Time: 0.4840343750001921
Train loss: 1.493139247539375 Val loss: 0.24981063729361805 Time: 0.5159335000007559
Train loss: 1.5172657714657305 Val loss: 0.25127614749404464 Time: 0.46264612499908253
Train loss: 1.497585781233341 Val loss: 0.25012369030961407 Time: 0.4899098750011035
Train loss: 1.5032617912401065 Val loss: 0.25046763506369746 Time: 0.46283504200073367
Train loss: 1.4751043969937294 Val loss: 0.24882004139921307 Time: 0.48396649999995134
Train loss: 1.6222364290495364 Val loss: 0.2578345807710879 Time: 0.48170679199938604
Train loss: 1.5104453064150096 Val loss: 0.25096552956510265 Time: 0.4717366669992771
Train loss: 1.4455586038962167 Val loss: 0.2471280861262697 Time: 0.4785086660012894
Train loss: 1.4599843636142822 Val loss: 0.2479710242142447 Time: 0.5092715000009775
Train loss: 1.5507706250019346 Val loss: 0.25342512386282917 Time: 0.4997097909999866
Train loss: 1.601563502791194 Val loss: 0.25660419166182397 Time: 0.4828126249994966
Train loss: 1.4863593923353164 Val loss: 0.2496201672608912 Time: 0.46871208300035505
Train loss: 1.505431942006691 Val loss: 0.250755510920798 Time: 0.4786516660005873
Train loss: 1.551919758381871 Val loss: 0.2535850943775277 Time: 0.4808244169998943
Train loss: 1.5602729815235534 Val loss: 0.25411483175109356 Time: 0.5039196670004458
Train loss: 1.4401228986874166 Val loss: 0.2469200708990308 Time: 0.4789250419999007
Train loss: 1.697287960218489 Val loss: 0.26269474274048193 Time: 0.4789427910000086
Train loss: 1.5873846717528615 Val loss: 0.2557534756331564 Time: 0.47297079100098927
Train loss: 1.662712735622006 Val loss: 0.26051277785210397 Time: 0.49719979200017406
Train loss: 1.5717420534364246 Val loss: 0.2548448895596785 Time: 0.49337841700071294
Train loss: 1.6043538735470975 Val loss: 0.25692662291106705 Time: 0.4926302919993759
Train loss: 1.4263299838967571 Val loss: 0.246209427090707 Time: 0.4857859580006334
Train loss: 1.6125130486255266 Val loss: 0.257425688395529 Time: 0.4683047500002431
Train loss: 1.529224825185727 Val loss: 0.2523346677978338 Time: 0.494841166999322
Train loss: 1.5012959628915894 Val loss: 0.25070577133719496 Time: 0.47880733300007705
Train loss: 1.4207535820225559 Val loss: 0.24597527014476944 Time: 0.4907417499998701
Train loss: 1.4981477121644886 Val loss: 0.25059796930090256 Time: 0.5022779579994676
Train loss: 1.5534995220906842 Val loss: 0.25395842480588215 Time: 0.4818817499999568
Train loss: 1.5016346689084514 Val loss: 0.2508421724617952 Time: 0.4738579999993817
Train loss: 1.5211052389122557 Val loss: 0.25198644335455805 Time: 0.4828794580007525
Train loss: 1.6429104116689013 Val loss: 0.259528512041881 Time: 0.49412220799968054
Train loss: 1.5467398703929724 Val loss: 0.25352221154129384 Time: 0.494007250001232
Train loss: 1.5940935011007653 Val loss: 0.2564767450711792 Time: 0.5081734169998526
Train loss: 1.4722646075274781 Val loss: 0.2490934697255949 Time: 0.4864004170012777
Train loss: 1.6075046088527252 Val loss: 0.2573018687624481 Time: 0.4831426669989014
Shrinking learning rate to 1.0000000000000002e-07
Learning rate getting small
Complete
 Total time: 85.36236545799875