starting log for model: models/lstm_comb_alpha_1.0_22-23.pth
Train loss: 14.258185942770325 Val loss: 14.27868968750713 Time: 0.26281983299850253
Train loss: 13.081581257111594 Val loss: 13.101886733925236 Time: 0.2613446670002304
Train loss: 11.16902961907234 Val loss: 11.18876674334953 Time: 0.273296625000512
Train loss: 8.922299200384908 Val loss: 8.94013685420296 Time: 0.2617403750009544
Train loss: 7.273657791627621 Val loss: 7.289776710932845 Time: 0.2625140409982123
Train loss: 6.512341715852704 Val loss: 6.526603224643437 Time: 0.2609874999980093
Train loss: 6.369578577673276 Val loss: 6.382426435204674 Time: 0.2615055829992343
Train loss: 6.054857952336192 Val loss: 6.068499991827868 Time: 0.2621226250012114
Train loss: 6.060580687532245 Val loss: 6.072718625007517 Time: 0.2616330420023587
Train loss: 5.706361108732118 Val loss: 5.7193237970352255 Time: 0.26074399999924935
Train loss: 5.689249607767305 Val loss: 5.7018988431725175 Time: 0.2731757080000534
Train loss: 5.567493984328522 Val loss: 5.579611633488742 Time: 0.26056258300013724
Train loss: 5.439245740425054 Val loss: 5.451180999802857 Time: 0.2603909579993342
Train loss: 5.315335522954692 Val loss: 5.3274364250991635 Time: 0.2613396250017104
Train loss: 4.902223346206593 Val loss: 4.914298205141828 Time: 0.26085554199744365
Train loss: 4.935460174762882 Val loss: 4.94657950426598 Time: 0.2600709590005863
Train loss: 5.101847180666141 Val loss: 5.113044147061191 Time: 0.260135332999198
Train loss: 4.664839742699513 Val loss: 4.675994953589599 Time: 0.26035370899990085
Train loss: 4.45951710943503 Val loss: 4.470734434887663 Time: 0.2741069580006297
Train loss: 4.466680596763446 Val loss: 4.476922630650054 Time: 0.2614459579999675
Train loss: 4.104817220314409 Val loss: 4.115279484160417 Time: 0.26058712500162073
Train loss: 4.147165015896121 Val loss: 4.157165554378178 Time: 0.26053179200243903
Train loss: 4.050343226712066 Val loss: 4.058491632662954 Time: 0.2595033750003495
Train loss: 3.832465106197617 Val loss: 3.8404392153675917 Time: 0.26029941700107884
Train loss: 3.737934617071316 Val loss: 3.7458999329267897 Time: 0.2608233339997241
Train loss: 3.636937824693101 Val loss: 3.644933853759246 Time: 0.26178416599941556
Train loss: 3.3142942236987967 Val loss: 3.3230561807104633 Time: 0.27265295899997
Train loss: 3.3097663707971776 Val loss: 3.3167314407649298 Time: 0.26151575000039884
Train loss: 3.416994038023688 Val loss: 3.422382639358924 Time: 0.26169662499887636
Train loss: 3.14886782636367 Val loss: 3.1538311874655016 Time: 0.2617058329997235
Train loss: 2.992062768890463 Val loss: 2.996574457881395 Time: 0.26072795799700543
Train loss: 2.8407433477957023 Val loss: 2.8453337402084418 Time: 0.2613307909996365
Train loss: 2.721695179273638 Val loss: 2.7249596268132437 Time: 0.2609826250009064
Train loss: 2.8198540389814184 Val loss: 2.8225292245079596 Time: 0.2638427079982648
Train loss: 2.6380807216147097 Val loss: 2.640309277234149 Time: 0.2696060000016587
Train loss: 2.3738923057886665 Val loss: 2.375444482285727 Time: 0.26230520800163504
Train loss: 2.5919552272621473 Val loss: 2.5939265246178196 Time: 0.2616118340010871
Train loss: 2.5278603974547886 Val loss: 2.5293708342048173 Time: 0.26109254200127907
Train loss: 2.2992558849742863 Val loss: 2.3004447599911466 Time: 0.25968420899880584
Train loss: 2.2668563627516907 Val loss: 2.2677301958384035 Time: 0.2617481669985864
Train loss: 2.348816414200545 Val loss: 2.349349203297333 Time: 0.265714332999778
Train loss: 2.294830940593954 Val loss: 2.295843219967149 Time: 0.2716435000002093
Train loss: 2.278215973950452 Val loss: 2.279443082381982 Time: 0.2608207080011198
Train loss: 2.0844565019035777 Val loss: 2.0858447956350745 Time: 0.2614193749977858
Train loss: 2.1411594079078586 Val loss: 2.1414128067246017 Time: 0.26241229200240923
Train loss: 2.0466211169759987 Val loss: 2.047275038867546 Time: 0.2606313329997647
Train loss: 1.944246666502413 Val loss: 1.9452670067754756 Time: 0.261303916999168
Train loss: 1.9822260018029283 Val loss: 1.9826572074769748 Time: 0.2606884579981852
Train loss: 2.02880315673076 Val loss: 2.0296842329474383 Time: 0.25970925000001444
Train loss: 1.8584358569271207 Val loss: 1.8591933549731983 Time: 0.2988440420012921
Train loss: 1.9049360470809331 Val loss: 1.9051563030193812 Time: 0.3061611660014023
Train loss: 1.970645778719586 Val loss: 1.9712248775227301 Time: 0.3117762500005483
Train loss: 1.8159088351071127 Val loss: 1.8167129321227016 Time: 0.30097699999896577
Train loss: 1.8141887600405724 Val loss: 1.8151401858759164 Time: 0.2622030000020459
Train loss: 1.8184597656010553 Val loss: 1.8189528086112765 Time: 0.26167979200181435
Train loss: 1.6886290184881574 Val loss: 1.6888626558914146 Time: 0.26034783299837727
Train loss: 1.6726370246047537 Val loss: 1.673408236336563 Time: 0.2778878339995572
Train loss: 1.8164125690068715 Val loss: 1.8171171638186634 Time: 0.2616677920013899
Train loss: 1.7188122065933187 Val loss: 1.7196727769151985 Time: 0.27700533300230745
Train loss: 1.6214523617297778 Val loss: 1.6220636333073413 Time: 0.27021829200020875
Train loss: 1.724343930139086 Val loss: 1.725232082329252 Time: 0.2618308329983847
Train loss: 1.59856471419651 Val loss: 1.5995074422016387 Time: 0.2611973749990284
Train loss: 1.6882700029281281 Val loss: 1.6897142621595977 Time: 0.26109050000013667
Train loss: 1.4936092864946264 Val loss: 1.495508473270538 Time: 0.26096599999800674
Train loss: 1.4303170577515516 Val loss: 1.4323695036736113 Time: 0.27316483299728134
Train loss: 1.473752318808387 Val loss: 1.4761874195710099 Time: 0.26156341699970653
Train loss: 1.4285223435498562 Val loss: 1.4300548600890746 Time: 0.2610128749984142
Train loss: 1.4265408106607183 Val loss: 1.4287299779898797 Time: 0.26066924999759067
Train loss: 1.4447839510974028 Val loss: 1.446549224853616 Time: 0.2618006249977043
Train loss: 1.51411103165578 Val loss: 1.5153358326038155 Time: 0.2611595420021331
Train loss: 1.3728907193038964 Val loss: 1.374597211064052 Time: 0.26025899999876856
Train loss: 1.4181466195846326 Val loss: 1.4196768192874838 Time: 0.26157683299970813
Train loss: 1.369576102295749 Val loss: 1.37123269478117 Time: 0.27337312500094413
Train loss: 1.4252034142548666 Val loss: 1.4265800168601068 Time: 0.26243808299841476
Train loss: 1.4190523191809916 Val loss: 1.420686770347858 Time: 0.26152629199714283
Train loss: 1.3620534875917087 Val loss: 1.365026949739341 Time: 0.2601578750000044
Train loss: 1.3562408365907572 Val loss: 1.3585883905519198 Time: 0.26116512500084355
Train loss: 1.3488087957355663 Val loss: 1.3512664451260439 Time: 0.2615088329985156
Train loss: 1.259612293925585 Val loss: 1.2609902431808788 Time: 0.26090141700115055
Train loss: 1.26477034624628 Val loss: 1.2671103126337186 Time: 0.2610843330003263
Train loss: 1.3890462038087605 Val loss: 1.3898485385438677 Time: 0.2736757499988016
Train loss: 1.2057273711827747 Val loss: 1.2067122675375335 Time: 0.2599819169990951
Train loss: 1.0673738180511094 Val loss: 1.069730809987734 Time: 0.25995304199750535
Train loss: 1.2598379504933064 Val loss: 1.2612215055752227 Time: 0.2612412089983991
Train loss: 1.2039460884120103 Val loss: 1.2076533812064416 Time: 0.26006725000115694
Train loss: 1.1219432992116047 Val loss: 1.124585038296441 Time: 0.26063083299959544
Train loss: 1.177509897884434 Val loss: 1.1805057143612392 Time: 0.25993812500018976
Train loss: 1.105389016151804 Val loss: 1.1113907571537225 Time: 0.26907200000277953
Train loss: 1.1191467692558144 Val loss: 1.121451670741981 Time: 0.26490416700107744
Train loss: 1.1288001945069377 Val loss: 1.1299299394354043 Time: 0.26039891699838336
Train loss: 1.181331934385112 Val loss: 1.1853124248999716 Time: 0.2593704999999318
Train loss: 1.0856248827533417 Val loss: 1.0891263493007306 Time: 0.25910666699928697
Shrinking learning rate to 1e-05
Train loss: 1.2105033462894426 Val loss: 1.2117926197394675 Time: 0.26228387499941164
Train loss: 1.1688575002277943 Val loss: 1.1701494337101792 Time: 0.259620625001844
Train loss: 1.1265132714601584 Val loss: 1.1279656657732022 Time: 0.25987970899950597
Train loss: 1.1172579040320212 Val loss: 1.1191522686374424 Time: 0.27268699999694945
Train loss: 1.1513654412146792 Val loss: 1.1531887011811774 Time: 0.2616780419994029
Train loss: 1.053037314090643 Val loss: 1.0547734052950737 Time: 0.26053733300068416
Train loss: 1.0752210885979707 Val loss: 1.0768521579711072 Time: 0.2605866670019168
Train loss: 0.9637774968537549 Val loss: 0.965977973490005 Time: 0.2605240410011902
Train loss: 1.0818884918173985 Val loss: 1.0836202793201526 Time: 0.26071924999996554
Train loss: 1.116189874549307 Val loss: 1.117670218464295 Time: 0.258928958002798
Train loss: 1.0576945691278183 Val loss: 1.059070623689271 Time: 0.25931679099812754
Train loss: 1.052823592755182 Val loss: 1.0545056861066968 Time: 0.27253516699784086
Train loss: 1.0654025967467753 Val loss: 1.0673299196207229 Time: 0.2606693749985425
Train loss: 1.1153638531845402 Val loss: 1.1171183895505528 Time: 0.2604639169985603
Train loss: 1.0493162902321052 Val loss: 1.0512443235156002 Time: 0.28862200000003213
Train loss: 1.0479483425525444 Val loss: 1.0496177821454649 Time: 0.26106954100032453
Train loss: 1.0725226059264514 Val loss: 1.074491068961765 Time: 0.26020074999905773
Shrinking learning rate to 1.0000000000000002e-06
Train loss: 1.160183659372933 Val loss: 1.1619607495443691 Time: 0.2609244170016609
Train loss: 1.0422054842318005 Val loss: 1.0441627489188148 Time: 0.2591550830002234
Train loss: 1.1082035929645997 Val loss: 1.1100672134242124 Time: 0.2748361250014568
Train loss: 1.0084842460344419 Val loss: 1.010491200492138 Time: 0.261187666998012
Train loss: 1.2114189300679143 Val loss: 1.2130476733681823 Time: 0.2601915410014044
Train loss: 1.0610236610021602 Val loss: 1.0628732492881972 Time: 0.2595542499984731
Train loss: 1.0755807298618443 Val loss: 1.0773620470582939 Time: 0.26016270800027996
Train loss: 1.0206358785971565 Val loss: 1.022494762323071 Time: 0.25997204200029955
Train loss: 1.1863168583229273 Val loss: 1.187907291332412 Time: 0.2594148749994929
Train loss: 1.118012416611144 Val loss: 1.1196987621438037 Time: 0.2600525000016205
Shrinking learning rate to 1.0000000000000002e-07
Learning rate getting small
Complete
 Total time: 31.541841709000437