starting log for model: models/lstm_lin1_fcast_24_new_22-23.pth
Train loss: 15.21394683856228 Val loss: 1.7241145702968415 Time: 0.6750044170003093
Train loss: 14.447609288915356 Val loss: 1.8240065411580757 Time: 0.6951104579984531
Train loss: 14.327704752319164 Val loss: 1.8133893308074844 Time: 0.6388982080006826
Train loss: 14.278434038370392 Val loss: 1.6973895482865098 Time: 0.5807142920002661
Train loss: 14.056418507647976 Val loss: 1.6490307584045014 Time: 0.5833697920006671
Train loss: 13.326364693072911 Val loss: 1.5795739680074514 Time: 0.5933747079998284
Train loss: 11.003952599811612 Val loss: 1.301857197058914 Time: 0.5843457080009102
Train loss: 7.915880234702598 Val loss: 0.9937054150686783 Time: 0.5589188329995523
Train loss: 6.941801115365645 Val loss: 0.9051786698332945 Time: 0.6403508340008557
Train loss: 6.744695205867057 Val loss: 0.8847695663651789 Time: 0.688484584001344
Train loss: 6.665326425978774 Val loss: 0.8779376012144506 Time: 0.5981598329999542
Train loss: 6.502843610222064 Val loss: 0.8613665616716202 Time: 0.5834070830005658
Train loss: 6.584737642650136 Val loss: 0.8683774483670786 Time: 0.6093601659995329
Train loss: 6.417107386906768 Val loss: 0.8541266527856402 Time: 0.5999762499995995
Train loss: 6.504239942752882 Val loss: 0.857496819766381 Time: 0.5951435409988335
Train loss: 6.308549265578108 Val loss: 0.8355745659466128 Time: 0.5724339589996816
Train loss: 6.434296699422523 Val loss: 0.8373900662038404 Time: 0.5617041250006878
Train loss: 6.261088469833829 Val loss: 0.8361972961802145 Time: 0.6563466250008787
Train loss: 5.910075222627705 Val loss: 0.8094709526201092 Time: 0.5660415420006757
Train loss: 6.32865892541453 Val loss: 0.8433141434387067 Time: 0.5968734579982993
Train loss: 5.732549094662051 Val loss: 0.7840214538033321 Time: 0.5793709169993235
Train loss: 5.583681361734019 Val loss: 0.77975381405731 Time: 0.5484980000001087
Train loss: 5.631715253956562 Val loss: 0.7859687449965356 Time: 0.6332661249998637
Train loss: 5.720243619070466 Val loss: 0.7758546202705586 Time: 0.5771167909988435
Train loss: 5.391097340063071 Val loss: 0.7479117653919544 Time: 0.5660851249995176
Train loss: 5.488436545948833 Val loss: 0.7631299302193498 Time: 0.5636681249998219
Train loss: 5.444507391959998 Val loss: 0.7583697847743219 Time: 0.5740362920005282
Train loss: 5.329382415648371 Val loss: 0.7481812606762179 Time: 0.6041171249999024
Train loss: 5.044286448639846 Val loss: 0.730933345813461 Time: 0.5696780420003051
Train loss: 5.105288506192068 Val loss: 0.7294324370188447 Time: 0.5998419999996258
Train loss: 5.165049252645929 Val loss: 0.7333065058092939 Time: 0.5478020000009565
Train loss: 5.051041891205065 Val loss: 0.7231249264027367 Time: 0.5774344169985852
Train loss: 4.77773591582374 Val loss: 0.7082835253949052 Time: 0.5471653750009864
Train loss: 4.632826235589619 Val loss: 0.6813154641874197 Time: 0.5469108750003215
Train loss: 4.29300547845196 Val loss: 0.6552715797896618 Time: 0.5511543749998964
Train loss: 4.534421071034032 Val loss: 0.6775822215676119 Time: 0.6029121659994416
Train loss: 4.432224991239178 Val loss: 0.6535607091382121 Time: 0.5573486249995767
Train loss: 4.01932359693112 Val loss: 0.6318077057399772 Time: 0.6109371249985998
Train loss: 4.059678395766905 Val loss: 0.6085652249372322 Time: 0.6052074580002227
Train loss: 3.7830902885878857 Val loss: 0.5882161148388603 Time: 0.5632608749983774
Train loss: 3.845122295141195 Val loss: 0.5832214752469247 Time: 0.5600585000011051
Train loss: 3.685980375511468 Val loss: 0.5871063345017208 Time: 0.5508862919996318
Train loss: 3.533446375051952 Val loss: 0.5607777580112255 Time: 0.5479587499994523
Train loss: 3.622954614621518 Val loss: 0.5675741825509834 Time: 0.546661625001434
Train loss: 3.542950638274972 Val loss: 0.5589134856155704 Time: 0.5642020840004989
Train loss: 3.486611936884053 Val loss: 0.5384797486380516 Time: 0.548754707999251
Train loss: 3.261538569912098 Val loss: 0.5237308895749145 Time: 0.5438227079994249
Train loss: 3.1150288906209695 Val loss: 0.5011405715572143 Time: 0.563590750000003
Train loss: 3.051533298119594 Val loss: 0.5025404427891828 Time: 0.5650090829985857
Train loss: 2.96329009095568 Val loss: 0.4952843836595586 Time: 0.5512075829992682
Train loss: 3.11340792712976 Val loss: 0.5018714411422819 Time: 0.5421425419990555
Train loss: 2.7834523686787946 Val loss: 0.47430720228540685 Time: 0.5398677499997575
Train loss: 2.8242325474807757 Val loss: 0.4695940085153329 Time: 0.5641780000005383
Train loss: 2.646849416246667 Val loss: 0.44695786719409747 Time: 0.5522803749990999
Train loss: 2.760857079641732 Val loss: 0.45193582598312293 Time: 0.5537812920010765
Train loss: 2.638538954415697 Val loss: 0.44062214872462213 Time: 0.5471907500013913
Train loss: 2.735692857784713 Val loss: 0.4427250370968687 Time: 0.5447964159993717
Train loss: 2.618808346708419 Val loss: 0.4311733685170511 Time: 0.5600192919991969
Train loss: 2.5895134016152648 Val loss: 0.43407360075494406 Time: 0.53125933299998
Train loss: 2.562735122316596 Val loss: 0.4419057542645007 Time: 0.5442060000004858
Train loss: 2.6731479278331536 Val loss: 0.4289393637075249 Time: 0.5502954160001536
Train loss: 2.351276852775367 Val loss: 0.4115946555664285 Time: 0.5365703749994282
Train loss: 2.3717969620382826 Val loss: 0.4048706539176212 Time: 0.5409709159994236
Train loss: 2.2542216713277066 Val loss: 0.3984114158587471 Time: 0.5705759580014274
Train loss: 2.4425363113870695 Val loss: 0.40753531844013713 Time: 0.5648102920004021
Train loss: 2.3933286653565613 Val loss: 0.40342358471897427 Time: 0.5418599170006928
Train loss: 2.486062692084751 Val loss: 0.40760539948067004 Time: 0.5460926670002664
Train loss: 2.1274680313269227 Val loss: 0.3776253535228537 Time: 0.5445162500000151
Train loss: 2.221001043356708 Val loss: 0.39121074933678524 Time: 0.5505542089995288
Train loss: 2.2294830231964795 Val loss: 0.3911373462042792 Time: 0.5558797079993383
Train loss: 2.064321459085164 Val loss: 0.3994026809843036 Time: 0.5531932920002873
Train loss: 2.172222859851784 Val loss: 0.37896513303907686 Time: 0.5407618330009427
Train loss: 2.027957086814922 Val loss: 0.37373521530769893 Time: 0.538504333999299
Train loss: 2.1779893977014115 Val loss: 0.3822038888866893 Time: 0.5418402499999502
Train loss: 2.0430482843522384 Val loss: 0.37730815937484613 Time: 0.5709059170003457
Train loss: 2.0670717819381252 Val loss: 0.37427078088260124 Time: 0.5466778329991939
Train loss: 2.0553512655248998 Val loss: 0.3774970354037996 Time: 0.5485335000012128
Train loss: 2.081555189189296 Val loss: 0.3670336047205246 Time: 0.5536973340003897
Train loss: 1.9747212875255657 Val loss: 0.37142005113207494 Time: 0.5691653750000114
Train loss: 1.912582032507371 Val loss: 0.36079521555204763 Time: 0.5494383749992267
Train loss: 1.9580591424601437 Val loss: 0.3819399058797696 Time: 0.5546340419987246
Train loss: 1.9094851589358939 Val loss: 0.3653726472281938 Time: 0.5571431669995945
Train loss: 1.996975957143519 Val loss: 0.38403013172212014 Time: 0.5540202499996667
Train loss: 1.896502326090193 Val loss: 0.3703061623706651 Time: 0.5479612919989449
Train loss: 1.962822098281265 Val loss: 0.3732072064157247 Time: 0.5524410830003035
Train loss: 1.9975911922591507 Val loss: 0.36559051649065455 Time: 0.5773047089987813
Train loss: 1.964275127385946 Val loss: 0.36922151410363424 Time: 0.5410387909996643
Train loss: 1.794630749990577 Val loss: 0.3589663143695183 Time: 0.5588935409996338
Train loss: 1.878231888508429 Val loss: 0.36414446217810553 Time: 0.5582187500003783
Train loss: 1.8441552835824773 Val loss: 0.3682621581867268 Time: 0.5416019169988431
Train loss: 1.754211648459023 Val loss: 0.35923750088259315 Time: 0.5589423750006972
Train loss: 1.7865768416320833 Val loss: 0.3723104683834583 Time: 0.5416798749993177
Train loss: 1.7099802068232002 Val loss: 0.35676611195994357 Time: 0.5585808750001888
Train loss: 1.7426375209276443 Val loss: 0.35364229314725204 Time: 0.5464712499997404
Train loss: 1.687537863350851 Val loss: 0.3483819872888691 Time: 0.5349158329991042
Train loss: 1.707415592117414 Val loss: 0.3568775607378916 Time: 0.5451302500005113
Train loss: 1.791164855328546 Val loss: 0.35421430021669564 Time: 0.5654587500011985
Train loss: 1.7732965332678026 Val loss: 0.35381726060519414 Time: 0.5565502909994393
Train loss: 1.5961224199215884 Val loss: 0.3499393558945152 Time: 0.5513310409987753
Train loss: 1.7401120938310015 Val loss: 0.3525686903792438 Time: 0.6008203750006942
Train loss: 1.6989522317513206 Val loss: 0.3516583293977909 Time: 0.5415007910014538
Train loss: 1.626435135667819 Val loss: 0.35021376479858324 Time: 0.6036718340001244
Train loss: 1.8089720736266257 Val loss: 0.3565967870975563 Time: 0.5455372910000733
Train loss: 1.6691265292980688 Val loss: 0.35351989075567997 Time: 0.5536907499990775
Train loss: 1.6944431608925976 Val loss: 0.3474011346568591 Time: 0.5614213330009079
Train loss: 1.6018206273590834 Val loss: 0.3420025614652894 Time: 0.5369860829996469
Train loss: 1.6916029299581439 Val loss: 0.3482630934341988 Time: 0.540966667000248
Train loss: 1.80336525400989 Val loss: 0.36298366777081975 Time: 0.5311064170000463
Shrinking learning rate to 1e-05
Train loss: 1.9224075047794713 Val loss: 0.3604410942730733 Time: 0.5358986249993904
Train loss: 1.8872173835470676 Val loss: 0.3589105651744667 Time: 0.5406146669993177
Train loss: 1.9082286072611794 Val loss: 0.35949894359553863 Time: 0.54303866599912
Train loss: 1.733209221673576 Val loss: 0.35052811279161394 Time: 0.5462118750001537
Train loss: 1.686589323608775 Val loss: 0.34839027625773317 Time: 0.5387633330010431
Train loss: 1.8236396055842192 Val loss: 0.3549922313289119 Time: 0.5397202079984709
Train loss: 1.837837408674556 Val loss: 0.35624805458139697 Time: 0.5420271670009242
Train loss: 1.8065067416031013 Val loss: 0.35339318115326046 Time: 0.5555754159995558
Train loss: 1.7773734815487074 Val loss: 0.3527696253580066 Time: 0.5439543330012384
Train loss: 1.7058097832404258 Val loss: 0.35010056978433046 Time: 0.5437794159988698
Shrinking learning rate to 1.0000000000000002e-06
Train loss: 1.9718492093552626 Val loss: 0.36775799080987814 Time: 0.5295467079995433
Train loss: 1.898655166139548 Val loss: 0.3631867451639764 Time: 0.5655059999990044
Train loss: 1.849071598715227 Val loss: 0.3598787057432173 Time: 0.5407577080004558
Train loss: 1.8613482549071705 Val loss: 0.3598116701852063 Time: 0.5605720000003203
Train loss: 1.8712588812740663 Val loss: 0.35976402812544606 Time: 0.535668042000907
Train loss: 1.7803587797481057 Val loss: 0.3547002840250645 Time: 0.5494610000005196
Train loss: 1.7579239121626102 Val loss: 0.35315852744995535 Time: 0.5392473749998317
Train loss: 1.6743430160208845 Val loss: 0.34875047894484784 Time: 0.5952596660008567
Train loss: 1.842361337284192 Val loss: 0.3569657090848684 Time: 0.5987292079989857
Train loss: 1.7142920447552399 Val loss: 0.3502910883834703 Time: 0.5792271250011254
Shrinking learning rate to 1.0000000000000002e-07
Learning rate getting small
Complete
 Total time: 72.4445378750006