starting log for model: models/lstm_lin1_fcast_25_new_22-23.pth
Train loss: 14.36398552858592 Val loss: 1.7773356454795715 Time: 0.4767110419998062
Train loss: 14.328517520179275 Val loss: 2.147011844278564 Time: 0.5400737919990206
Train loss: 14.276742287960822 Val loss: 1.6498703357227547 Time: 0.42111874999682186
Train loss: 14.245509334485405 Val loss: 1.6677729057903197 Time: 0.4416967079960159
Train loss: 14.02886358515832 Val loss: 1.6543157804959991 Time: 0.42170129099395126
Train loss: 13.778407490692132 Val loss: 1.6238995230801305 Time: 0.516830625005241
Train loss: 11.89580794102693 Val loss: 1.4385128100373734 Time: 0.5342584999962128
Train loss: 8.73470700187057 Val loss: 1.1175050500696369 Time: 0.8260187499981839
Train loss: 7.061152955412442 Val loss: 0.96497821678726 Time: 0.5583453329963959
Train loss: 6.975978581253813 Val loss: 0.9441603770128448 Time: 0.5696208750014193
Train loss: 7.011502426072228 Val loss: 0.9450054234696103 Time: 0.43482583299919497
Train loss: 6.720689766342088 Val loss: 0.9159580433371868 Time: 0.4164979580018553
Train loss: 6.529434228665049 Val loss: 0.8984209062244819 Time: 0.4377977080002893
Train loss: 6.101256592981542 Val loss: 0.8670514428012134 Time: 0.4498771669968846
Train loss: 6.026544547124253 Val loss: 0.8642634250539624 Time: 0.7367860410013236
Train loss: 6.194683048668615 Val loss: 0.8708391669736978 Time: 0.5662589170024148
Train loss: 6.114089619612175 Val loss: 0.861526279332829 Time: 0.592410541998106
Train loss: 5.896964236749552 Val loss: 0.8500013483126745 Time: 0.9475110420025885
Train loss: 5.938492955738795 Val loss: 0.8487073980544031 Time: 0.6860465409990866
Train loss: 5.945610559953387 Val loss: 0.8465306524282342 Time: 0.4768255829985719
Train loss: 5.645372123341502 Val loss: 0.8264101595331789 Time: 0.45533112499833805
Train loss: 5.646894584792841 Val loss: 0.82249622074616 Time: 0.4369437920031487
Train loss: 5.364460026284128 Val loss: 0.7981163265523917 Time: 0.43430225000338396
Train loss: 5.372446135818448 Val loss: 0.7975164200339581 Time: 0.4374617080029566
Train loss: 5.4101701636987105 Val loss: 0.7263752189075743 Time: 0.4918060419950052
Train loss: 5.3798824334131545 Val loss: 0.7141493515808404 Time: 0.44225837500562193
Train loss: 5.067703672812282 Val loss: 0.6878057011229384 Time: 0.43803666700114263
Train loss: 5.081722021193532 Val loss: 0.6935405771998849 Time: 0.4355227920023026
Train loss: 4.75858044007604 Val loss: 0.6618755841852859 Time: 0.4392101659977925
Train loss: 4.691943489805073 Val loss: 0.6631467316760918 Time: 0.4419789999956265
Train loss: 4.508988613538086 Val loss: 0.6399600048480579 Time: 0.43666466700233286
Train loss: 4.748988960646344 Val loss: 0.6542343211522363 Time: 0.44522275000053924
Train loss: 4.552804341088953 Val loss: 0.6321824606019866 Time: 0.44614629200077616
Train loss: 4.408553099001946 Val loss: 0.6074048841340006 Time: 0.45509725000010803
Train loss: 4.590414702136144 Val loss: 0.6280348442679115 Time: 0.44842925000557443
Train loss: 4.23042686800482 Val loss: 0.5964279532157514 Time: 0.4495568339989404
Train loss: 4.073347241696551 Val loss: 0.5841903807592287 Time: 0.44937379099428654
Train loss: 4.003466946098339 Val loss: 0.5738156266468253 Time: 0.4572742090022075
Train loss: 3.837457539605946 Val loss: 0.5553724961433274 Time: 0.5180544579998241
Train loss: 3.7596935305960244 Val loss: 0.5387853832554444 Time: 0.48081004199775634
Train loss: 3.673947007654011 Val loss: 0.5339239669203781 Time: 0.44931174999510404
Train loss: 3.592330020523299 Val loss: 0.5163330664018592 Time: 0.462165584001923
Train loss: 3.569662517445874 Val loss: 0.5149455361244991 Time: 0.4583790409960784
Train loss: 3.366218709510278 Val loss: 0.5011410062071358 Time: 0.4493846669938648
Train loss: 3.3868533405735097 Val loss: 0.4912160522779999 Time: 0.4527857499997481
Train loss: 3.314475561357227 Val loss: 0.4772660776800073 Time: 0.45336370800214354
Train loss: 3.1418436752450987 Val loss: 0.4585098290002783 Time: 0.49977645800390746
Train loss: 3.120909569842233 Val loss: 0.459303717915901 Time: 0.45631045799382264
Train loss: 3.260784864191348 Val loss: 0.46023840003463057 Time: 0.45422374999907333
Train loss: 3.091664528435974 Val loss: 0.4555782190041905 Time: 0.47229812500154367
Train loss: 2.824336699907974 Val loss: 0.42582555979161363 Time: 0.46391241699893726
Train loss: 2.729807848247141 Val loss: 0.40819044649834874 Time: 0.4839263329995447
Train loss: 2.6303943408109736 Val loss: 0.4021532667812732 Time: 0.46004749999701744
Train loss: 2.8786332200459697 Val loss: 0.41224468665813185 Time: 0.47761691699997755
Train loss: 2.6157442343643993 Val loss: 0.39850227333540184 Time: 0.4579070839972701
Train loss: 2.450113265997146 Val loss: 0.3898341757906185 Time: 0.47207512499880977
Train loss: 2.5624478516342792 Val loss: 0.38825512940867407 Time: 0.46267637500568526
Train loss: 2.6118349712855515 Val loss: 0.3822933039541011 Time: 0.4626517500000773
Train loss: 2.4004624280926894 Val loss: 0.36214443116423295 Time: 0.4682475000008708
Train loss: 2.488594854670854 Val loss: 0.37147253802053287 Time: 0.45847574999788776
Train loss: 2.6872851937313307 Val loss: 0.4008587399182251 Time: 0.4668413750041509
Train loss: 2.3383779840823316 Val loss: 0.3691489514611191 Time: 0.4621043750012177
Train loss: 2.5873990427196176 Val loss: 0.31157509745828943 Time: 0.4621731250008452
Train loss: 2.3435766448462045 Val loss: 0.35365430518266927 Time: 0.46307283300120616
Train loss: 2.3181591876158274 Val loss: 0.35695477034049855 Time: 0.46627675000490854
Train loss: 2.199473818974182 Val loss: 0.338664023128639 Time: 0.46191854200151283
Train loss: 2.1635405645124175 Val loss: 0.285834613200679 Time: 0.46464750000450294
Train loss: 2.318211887185834 Val loss: 0.35073499445667816 Time: 0.46984312499989755
Train loss: 2.1406190367951865 Val loss: 0.3395084157301053 Time: 0.47008691699738847
Train loss: 2.264912245368957 Val loss: 0.3544633080349618 Time: 0.4719332089953241
Train loss: 2.1555292446672674 Val loss: 0.2878013145198011 Time: 0.46714562499983003
Train loss: 2.09782542557366 Val loss: 0.26900315013254583 Time: 0.47667995899973903
Train loss: 2.119257426972073 Val loss: 0.25688001762040685 Time: 0.46782437499496154
Train loss: 2.0840207567331976 Val loss: 0.2697049791374681 Time: 0.4715929999947548
Train loss: 2.04842506746985 Val loss: 0.2560917181977141 Time: 0.4657606670007226
Train loss: 2.0991787090681555 Val loss: 0.26669093696954843 Time: 0.4743291670019971
Train loss: 2.1262153867583784 Val loss: 0.23465346297099 Time: 0.47506574999715667
Train loss: 2.2091887713636895 Val loss: 0.26314425083859944 Time: 0.48078466600418324
Train loss: 1.9387341791080788 Val loss: 0.24269581135041784 Time: 0.4727382499986561
Train loss: 2.006587214514287 Val loss: 0.2599572854313598 Time: 0.4771147500068764
Train loss: 1.9221513597689324 Val loss: 0.23912593477735794 Time: 0.4810612079963903
Train loss: 1.9644529952155736 Val loss: 0.25270910929704976 Time: 0.5590981249988545
Train loss: 1.9682928729163365 Val loss: 0.2633642400459564 Time: 0.47572208299970953
Train loss: 1.9305268389764194 Val loss: 0.29735715514813593 Time: 0.4762873750005383
Train loss: 1.944084509406217 Val loss: 0.29475380745943697 Time: 0.4761750830002711
Train loss: 2.0160660843444465 Val loss: 0.38784812027206983 Time: 0.47420312499889405
Train loss: 1.908594619985727 Val loss: 0.37117803401366867 Time: 0.48814312500326196
Train loss: 2.0164421037870284 Val loss: 0.3997444005685561 Time: 0.47671941699809395
Train loss: 1.8241620329068127 Val loss: 0.37803299208095564 Time: 0.47848174999671755
Train loss: 1.9844802966941515 Val loss: 0.36857067341407673 Time: 0.4871807500021532
Train loss: 1.7582477669320318 Val loss: 0.36602147443522015 Time: 0.48291341600270243
Train loss: 1.8271532622807956 Val loss: 0.38165259160122506 Time: 0.4761763749993406
Train loss: 1.868957987240128 Val loss: 0.3828121276835697 Time: 0.47581162500137
Train loss: 1.8284943490196213 Val loss: 0.36302085892086416 Time: 0.4771853749989532
Train loss: 1.8522769423550471 Val loss: 0.3587593537277117 Time: 0.4823037079986534
Train loss: 1.832413150504335 Val loss: 0.3708415267817311 Time: 0.4772440419983468
Train loss: 1.6896746521894968 Val loss: 0.35184810223118224 Time: 0.4831233750010142
Train loss: 1.7746428112310628 Val loss: 0.36698197111094766 Time: 0.4776404590011225
Train loss: 1.799007033772554 Val loss: 0.3587793662975365 Time: 0.47762308299570577
Train loss: 1.7630807766411751 Val loss: 0.35353190481796537 Time: 0.4861068339960184
Train loss: 1.8840395089364481 Val loss: 0.36380762867293664 Time: 0.4789028329978464
Train loss: 1.6794995681687368 Val loss: 0.35246619389672396 Time: 0.47694787500222446
Train loss: 1.7020285876794237 Val loss: 0.3656248849007254 Time: 0.478151124996657
Train loss: 1.7177754069518976 Val loss: 0.34622147809392656 Time: 0.48330220799834933
Train loss: 1.8228071654580662 Val loss: 0.3537378275598842 Time: 0.48959145799744874
Train loss: 1.617768630655977 Val loss: 0.3541441265785934 Time: 0.4813097079968429
Train loss: 1.7326185836278967 Val loss: 0.35935689995094555 Time: 0.48288216599758016
Train loss: 1.6140736325125609 Val loss: 0.3522930512575617 Time: 0.48449254099978134
Train loss: 1.6399528836107002 Val loss: 0.34490257691127174 Time: 0.49748525000177324
Train loss: 1.6518221107688884 Val loss: 0.3603285328255351 Time: 0.48873670900502475
Train loss: 1.5486825176397758 Val loss: 0.342530239626415 Time: 0.4831223750006757
Train loss: 1.634862074501351 Val loss: 0.3467905571184954 Time: 0.48842195899487706
Train loss: 1.713922140133084 Val loss: 0.3489648112460919 Time: 0.4850414999964414
Train loss: 1.6273067894360245 Val loss: 0.3619958405607923 Time: 0.48283912500482984
Train loss: 1.6163445825231832 Val loss: 0.34222879361158115 Time: 0.47876162500324426
Train loss: 1.6903002513036824 Val loss: 0.34988761428306747 Time: 0.49144970899942564
Train loss: 1.563767407350582 Val loss: 0.34163056488421617 Time: 0.4880787079964648
Train loss: 1.6709728689062988 Val loss: 0.34649878513585924 Time: 0.48476704100175994
Train loss: 1.6813171406285363 Val loss: 0.3456536710565981 Time: 0.48537950000172714
Train loss: 1.5894467033651658 Val loss: 0.3513764973983017 Time: 0.483488291996764
Shrinking learning rate to 1e-05
Train loss: 1.532782016490824 Val loss: 0.34154390863792206 Time: 0.4985578749983688
Train loss: 1.4790922633599592 Val loss: 0.33933002175121746 Time: 0.4918974169995636
Train loss: 1.3965010907938122 Val loss: 0.33623963328480827 Time: 0.4867716250009835
Train loss: 1.4421053160155068 Val loss: 0.3376274943272448 Time: 0.4831399579998106
Train loss: 1.362377182001893 Val loss: 0.33572533828739215 Time: 0.4916128330005449
Train loss: 1.400412181478444 Val loss: 0.3356553869380236 Time: 0.4868511250024312
Train loss: 1.4858415650260761 Val loss: 0.3389167584157885 Time: 0.48508266599674243
Train loss: 1.4239349586856784 Val loss: 0.3364321838554548 Time: 0.4858322920044884
Train loss: 1.4629090999429621 Val loss: 0.33842833722938165 Time: 0.4917242920055287
Train loss: 1.2938002604036472 Val loss: 0.3315214782647103 Time: 0.4875544159949641
Train loss: 1.492274138779269 Val loss: 0.33986938263966876 Time: 0.4871004169981461
Train loss: 1.3318495814319045 Val loss: 0.3324234735863447 Time: 0.48853445800341433
Train loss: 1.3743514498613045 Val loss: 0.3339980534763672 Time: 0.4886203329951968
Train loss: 1.3951114985637254 Val loss: 0.3346750207139222 Time: 0.4997082080008113
Train loss: 1.3534065796062578 Val loss: 0.3337829300800298 Time: 0.4893448329967214
Train loss: 1.398979231437429 Val loss: 0.33533944423706963 Time: 0.48844520899729105
Train loss: 1.4269361331263772 Val loss: 0.3357144345982733 Time: 0.48889724999753525
Train loss: 1.3699581266555985 Val loss: 0.3336517782300892 Time: 0.4945940830002655
Train loss: 1.286008102334522 Val loss: 0.32935656191694196 Time: 0.48634158299682895
Train loss: 1.4756031412122708 Val loss: 0.3372919444689189 Time: 0.4892809160010074
Train loss: 1.288133752611988 Val loss: 0.3307910429945491 Time: 0.501721708002151
Train loss: 1.4368154570127256 Val loss: 0.3358213238684491 Time: 0.4952777500002412
Train loss: 1.4146445112977992 Val loss: 0.33453202703127405 Time: 0.49257587500324007
Train loss: 1.3038246936969244 Val loss: 0.33016619281728854 Time: 0.4945847920025699
Train loss: 1.4240996208708765 Val loss: 0.3357664668257764 Time: 0.4960957499934011
Train loss: 1.4080039045007426 Val loss: 0.33404370456674726 Time: 0.5043558329998632
Train loss: 1.3697575498162582 Val loss: 0.3322688037960518 Time: 0.49649220800347393
Train loss: 1.394221720494869 Val loss: 0.3326991283082078 Time: 0.4898023749992717
Shrinking learning rate to 1.0000000000000002e-06
Train loss: 1.3308859730377094 Val loss: 0.33121283636821514 Time: 0.5375500410009408
Train loss: 1.292060343636777 Val loss: 0.3298124065458495 Time: 0.49031179200392216
Train loss: 1.322598344332448 Val loss: 0.33111629126560393 Time: 0.6140293330026907
Train loss: 1.3324889787646441 Val loss: 0.3316007207237471 Time: 0.7592217499986873
Train loss: 1.31556079307731 Val loss: 0.3310156374668476 Time: 0.8182110839989036
Train loss: 1.375068099316266 Val loss: 0.33332229364757954 Time: 0.526392208004836
Train loss: 1.4720388553800456 Val loss: 0.3374026908207336 Time: 0.541437958003371
Train loss: 1.4027091171793131 Val loss: 0.334352795616633 Time: 0.5026825419990928
Train loss: 1.3245476919468615 Val loss: 0.33111650983998614 Time: 0.5253700419998495
Train loss: 1.3677313887940272 Val loss: 0.3328730520351134 Time: 0.5171887499964214
Shrinking learning rate to 1.0000000000000002e-07
Learning rate getting small
Complete
 Total time: 77.89023129099951