starting log for model: models/lstm_alpha_10_22-23.pth
Train loss: 14.88137666961046 Val loss: 148.8158624508074 Time: 0.3349579999994603
Train loss: 14.338439374352106 Val loss: 143.38650358204484 Time: 0.3302343750001455
Train loss: 14.174252089725599 Val loss: 141.7446290292952 Time: 0.3347560000001977
Train loss: 13.986883725027155 Val loss: 139.87094713292674 Time: 0.3313245419994928
Train loss: 13.634784412051644 Val loss: 136.34993034503185 Time: 0.342837457999849
Train loss: 12.522735917195817 Val loss: 125.22943957550798 Time: 0.3340165410008922
Train loss: 10.59880599560605 Val loss: 105.9900614635442 Time: 0.3326506250014063
Train loss: 8.516857543568022 Val loss: 85.17058537700285 Time: 0.33253749999857973
Train loss: 7.539330557141355 Val loss: 75.39530614069182 Time: 0.3330561670009047
Train loss: 7.200768446544242 Val loss: 72.00964773408514 Time: 0.3310622079989116
Train loss: 7.009314654722022 Val loss: 70.09509834185012 Time: 0.3367305000028864
Train loss: 6.965771926362788 Val loss: 69.65964436307338 Time: 0.3365361659998598
Train loss: 6.92942600856648 Val loss: 69.29613627798318 Time: 0.3312154159975762
Train loss: 6.656429548128989 Val loss: 66.5661471931506 Time: 0.33120100000087405
Train loss: 6.546227570979148 Val loss: 65.46411241051825 Time: 0.33199837500069407
Train loss: 6.5451370326654175 Val loss: 65.45317707892632 Time: 0.33207670800038613
Train loss: 6.387026135240745 Val loss: 63.87203334784066 Time: 0.3326715000002878
Train loss: 6.241740721982177 Val loss: 62.41925137575605 Time: 0.34510025000054156
Train loss: 6.276176252826877 Val loss: 62.763582197109585 Time: 0.3334216249968449
Train loss: 6.140613677433897 Val loss: 61.407917724678555 Time: 0.33131254199906834
Train loss: 6.129345936174502 Val loss: 61.29521597577631 Time: 0.3326489999999467
Train loss: 5.7848520902382345 Val loss: 57.850217453613695 Time: 0.33271541700014495
Train loss: 5.903292176707392 Val loss: 59.034588136169496 Time: 0.33177004100070917
Train loss: 5.672805808448414 Val loss: 56.72966700350859 Time: 0.34302658299930044
Train loss: 5.475106584791831 Val loss: 54.75269483092485 Time: 0.3676605410000775
Train loss: 5.416783016799059 Val loss: 54.169471518445526 Time: 0.3320410409978649
Train loss: 5.3045085656744 Val loss: 53.04665087511289 Time: 0.33187612500114483
Train loss: 5.242996988707217 Val loss: 52.431475387388666 Time: 0.331541333001951
Train loss: 5.097498203351224 Val loss: 50.976375443140675 Time: 0.3307369590002054
Train loss: 5.048781748112982 Val loss: 50.489192101973266 Time: 0.34401441600130056
Train loss: 4.920817521225038 Val loss: 49.20957953702549 Time: 0.33378012500179466
Train loss: 4.610615483833747 Val loss: 46.107601744199116 Time: 0.3318440000002738
Train loss: 4.54184011250677 Val loss: 45.41982286834359 Time: 0.33250716700058547
Train loss: 4.48499985571437 Val loss: 44.85125076674549 Time: 0.3325577499999781
Train loss: 4.3537298759068666 Val loss: 43.5385961888306 Time: 0.33092212499832385
Train loss: 4.337132766200065 Val loss: 43.372542908074784 Time: 0.34405341599995154
Train loss: 4.307494983994329 Val loss: 43.076121972813496 Time: 0.333122000000003
Train loss: 4.083134273554869 Val loss: 40.832633696663414 Time: 0.33251791699876776
Train loss: 4.08631222930137 Val loss: 40.864347620356504 Time: 0.3328025000009802
Train loss: 3.7139999001604513 Val loss: 37.14124883024912 Time: 0.33281841699863435
Train loss: 3.915601354818513 Val loss: 39.157130342638354 Time: 0.3317259169998579
Train loss: 3.8414165228985118 Val loss: 38.415293365058616 Time: 0.3416635829998995
Train loss: 3.7095390817942713 Val loss: 37.09645836853881 Time: 0.3332051249999495
Train loss: 3.598230574567631 Val loss: 35.98345509812226 Time: 0.33174966699880315
Train loss: 3.6417394724355363 Val loss: 36.418455759269406 Time: 0.3329907910010661
Train loss: 3.578071722290553 Val loss: 35.781839809807074 Time: 0.3317211670000688
Train loss: 3.554010309221548 Val loss: 35.54117563319453 Time: 0.3322517919987149
Train loss: 3.2808047537817893 Val loss: 32.809196863028404 Time: 0.3435571669979254
Train loss: 3.564403683943432 Val loss: 35.64490943398208 Time: 0.33531658300125855
Train loss: 3.2627929658718102 Val loss: 32.6289466102074 Time: 0.33321054200132494
Train loss: 3.447707477549072 Val loss: 34.47800028360356 Time: 0.33444787500047823
Train loss: 3.378438039687964 Val loss: 33.78519344165522 Time: 0.3326655839991872
Train loss: 3.354268288415278 Val loss: 33.543802129714905 Time: 0.33118145800108323
Train loss: 3.1726396360367133 Val loss: 31.72751199500319 Time: 0.3446324579999782
Train loss: 3.3093572348616904 Val loss: 33.094559918209555 Time: 0.33369062499696156
Train loss: 3.1892331568406647 Val loss: 31.893146882012154 Time: 0.3316130000021076
Train loss: 3.1923404762109993 Val loss: 31.924295337841837 Time: 0.3329622079982073
Train loss: 3.108486214819255 Val loss: 31.085725324495744 Time: 0.33243141600178205
Train loss: 3.157616299590636 Val loss: 31.576944211252833 Time: 0.33386637500007055
Train loss: 3.029493511576206 Val loss: 30.295863525801863 Time: 0.3371683750010561
Train loss: 3.094864772391894 Val loss: 30.949671293925206 Time: 0.33679141699758475
Train loss: 3.0145461126797453 Val loss: 30.14627559517411 Time: 0.3309626250011206
Train loss: 3.025999016763128 Val loss: 30.260891554167227 Time: 0.3323102909998852
Train loss: 3.1552437810814475 Val loss: 31.553417461148037 Time: 0.33136833400203614
Train loss: 3.031178024454154 Val loss: 30.31261635258074 Time: 0.33117016600226634
Train loss: 2.897304005870108 Val loss: 28.974117715384505 Time: 0.331018833003327
Train loss: 2.826148425115875 Val loss: 28.26224774927104 Time: 0.34286304200213635
Train loss: 2.9270063945622145 Val loss: 29.270897964701394 Time: 0.33043199999883655
Train loss: 2.9266531581153865 Val loss: 29.267380192605593 Time: 0.33072262499990757
Train loss: 2.853577410540609 Val loss: 28.53653231603675 Time: 0.33016704200053937
Train loss: 2.8131111975979657 Val loss: 28.132103275102054 Time: 0.33057583299887483
Train loss: 2.895972578005937 Val loss: 28.96060941075638 Time: 0.3320696250011679
Train loss: 2.982239496152183 Val loss: 29.823277050850468 Time: 0.34194229100103257
Train loss: 2.8764083942754883 Val loss: 28.76480736747971 Time: 0.330935000001773
Train loss: 2.7950507436949454 Val loss: 27.951348390451 Time: 0.3320563330016739
Train loss: 2.704472851472633 Val loss: 27.04542900693878 Time: 0.33203437499832944
Train loss: 2.7439124404373683 Val loss: 27.440092540351195 Time: 0.33097079200160806
Train loss: 2.808091213945275 Val loss: 28.08175784956873 Time: 0.33237908400042215
Train loss: 2.703648498497488 Val loss: 27.03734194033699 Time: 0.34104949999891687
Train loss: 2.661876631764372 Val loss: 26.619583179352738 Time: 0.3312915830028942
Train loss: 2.6717294593156424 Val loss: 26.7181037974119 Time: 0.3318912909999199
Train loss: 2.5557454262266344 Val loss: 25.55827708840538 Time: 0.3342253340015304
Train loss: 2.59374906034191 Val loss: 25.938251086487234 Time: 0.33153295800002525
Train loss: 2.629449573414759 Val loss: 26.29533911856701 Time: 0.33267562499895575
Train loss: 2.594330409359616 Val loss: 25.943845877713724 Time: 0.34280754199789953
Train loss: 2.4584811634324266 Val loss: 24.585267168436875 Time: 0.33042433299851837
Train loss: 2.5999831036397723 Val loss: 26.00054020247446 Time: 0.3309378750018368
Train loss: 2.5024919743435348 Val loss: 25.025661595117615 Time: 0.3331907920000958
Train loss: 2.411026460904276 Val loss: 24.110915423800797 Time: 0.329001749996678
Train loss: 2.3934623327556217 Val loss: 23.935225808633266 Time: 0.3326600000000326
Train loss: 2.347439744785632 Val loss: 23.47487604071222 Time: 0.34184583299793303
Train loss: 2.284401693656825 Val loss: 22.844759976563736 Time: 0.33268437500009895
Train loss: 2.498359071109757 Val loss: 24.98415221245058 Time: 0.3327633750013774
Train loss: 2.372532452515388 Val loss: 23.72585307250377 Time: 0.3302967499985243
Train loss: 2.2955028493839222 Val loss: 22.955639888040267 Time: 0.3311192920009489
Train loss: 2.234939672277825 Val loss: 22.35005093118479 Time: 0.331108457998198
Train loss: 2.3809278206031586 Val loss: 23.809828975763043 Time: 0.3428126250000787
Train loss: 2.320901137839913 Val loss: 23.209531129238425 Time: 0.33275283300099545
Train loss: 2.24194966200366 Val loss: 22.420104027871947 Time: 0.33077987499927985
Train loss: 2.218142463615278 Val loss: 22.181771012950527 Time: 0.3315212920024351
Train loss: 2.0892502094059457 Val loss: 20.893131992020965 Time: 0.3317344159986533
Train loss: 2.2433372171044246 Val loss: 22.4334785453444 Time: 0.33147066599849495
Train loss: 2.10101213772343 Val loss: 21.01055554809403 Time: 0.33194295799694373
Train loss: 2.2151158150246877 Val loss: 22.151533068242927 Time: 0.3401112080027815
Train loss: 2.24003857854686 Val loss: 22.40084625881451 Time: 0.33064849999936996
Train loss: 2.165382162295982 Val loss: 21.65427956413933 Time: 0.33078979199854075
Train loss: 2.258927609305573 Val loss: 22.5895420665705 Time: 0.3329574999988836
Train loss: 2.2228833017235825 Val loss: 22.22933401007062 Time: 0.33392916600132594
Train loss: 2.084589655394325 Val loss: 20.846366856409155 Time: 0.33159420900119585
Train loss: 2.285199925385201 Val loss: 22.852325836613296 Time: 0.3426475410014973
Train loss: 2.1265529256577747 Val loss: 21.26581763488806 Time: 0.3316933330024767
Train loss: 2.133658314721586 Val loss: 21.33698969671457 Time: 0.33181395800056634
Train loss: 2.110925869906918 Val loss: 21.10939013622537 Time: 0.33038229100202443
Train loss: 2.0077702727719 Val loss: 20.07788054014902 Time: 0.33152062500084867
Train loss: 2.1041546359190715 Val loss: 21.041727634296716 Time: 0.3312630420005007
Train loss: 2.194563404012875 Val loss: 21.945862921115157 Time: 0.34163170799729414
Train loss: 2.006546582138328 Val loss: 20.065879386951124 Time: 0.33234545799859916
Train loss: 2.122078847836254 Val loss: 21.221107359253597 Time: 0.33139612499871873
Train loss: 1.8850703646306766 Val loss: 18.851106239043503 Time: 0.3317465000000084
Train loss: 2.1227823452505845 Val loss: 21.22788295748633 Time: 0.33197083399863914
Train loss: 1.795752354158031 Val loss: 17.95790937484589 Time: 0.33018429200092214
Train loss: 2.0575020645375233 Val loss: 20.5751107738709 Time: 0.3415569169992523
Train loss: 2.1326510262957274 Val loss: 21.32658525430947 Time: 0.3315737079974497
Train loss: 2.0094819106584794 Val loss: 20.094915341297 Time: 0.33290787499936414
Train loss: 2.0213243385672754 Val loss: 20.21377839746705 Time: 0.33113508299720706
Train loss: 1.9344704129818524 Val loss: 19.34471981958344 Time: 0.33208258300146554
Train loss: 1.7774516529700293 Val loss: 17.774704485014638 Time: 0.33200908299841103
Train loss: 1.8155704198586982 Val loss: 18.155829270031056 Time: 0.34111379199748626
Train loss: 1.8203461095987876 Val loss: 18.20383500315235 Time: 0.33148254199841176
Train loss: 1.9682292735467093 Val loss: 19.68239114883396 Time: 0.332015666001098
Train loss: 1.9706820382708088 Val loss: 19.706833200282503 Time: 0.33031066699913936
Train loss: 1.7611281245671053 Val loss: 17.61159099357283 Time: 0.3306438330000674
Train loss: 1.8941633879764623 Val loss: 18.941654530078324 Time: 0.3317641250032466
Train loss: 1.857959248553322 Val loss: 18.579656880289015 Time: 0.3404859580004995
Train loss: 1.671257872597213 Val loss: 16.712681207916614 Time: 0.3337333329982357
Train loss: 1.7597413410914768 Val loss: 17.597414638343004 Time: 0.33121345800100244
Train loss: 1.71089006209254 Val loss: 17.108967587216217 Time: 0.33063716699689394
Train loss: 1.7220229884500662 Val loss: 17.22028674074604 Time: 0.3322449160004908
Train loss: 1.7111031382304418 Val loss: 17.1110332042757 Time: 0.33188412500021514
Train loss: 2.0397017186068354 Val loss: 20.397021605381727 Time: 0.33276658300019335
Train loss: 1.7851800276070693 Val loss: 17.851956672670553 Time: 0.3411202499992214
Train loss: 1.6462333997172998 Val loss: 16.46238791784358 Time: 0.3315892499995243
Train loss: 1.6969572269693742 Val loss: 16.9695733090641 Time: 0.3313085420013522
Train loss: 1.709839665212371 Val loss: 17.098410236543824 Time: 0.33102270800009137
Train loss: 1.5643249655485505 Val loss: 15.64336096463426 Time: 0.33164508399931947
Train loss: 1.7326917533849056 Val loss: 17.327088915440402 Time: 0.33034799999950337
Train loss: 1.633443063933246 Val loss: 16.33445588099764 Time: 0.3423316670014174
Train loss: 1.5092444378591203 Val loss: 15.092444438770704 Time: 0.3314382500029751
Train loss: 1.525036817774045 Val loss: 15.25037291942731 Time: 0.33109049999984563
Train loss: 1.5648183725289755 Val loss: 15.64818723177262 Time: 0.3298530419997405
Train loss: 1.5223364106099728 Val loss: 15.223364198557945 Time: 0.33216204199925414
Train loss: 1.4831319683531774 Val loss: 14.83132120771751 Time: 0.3298542919983447
Train loss: 1.5033954581459614 Val loss: 15.033955526462508 Time: 0.3427219580007659
Train loss: 1.4776810190268002 Val loss: 14.776812333848058 Time: 0.33090174999961164
Train loss: 1.6575202686106572 Val loss: 16.575226004867037 Time: 0.33051329100271687
Train loss: 1.588539323984521 Val loss: 15.885451246454735 Time: 0.3306258329976117
Train loss: 1.4225930458063551 Val loss: 14.225935192913992 Time: 0.33113966699966113
Train loss: 1.458677176050287 Val loss: 14.586778804968116 Time: 0.3310790409996116
Train loss: 1.5186474422291525 Val loss: 15.186478155933901 Time: 0.3421940420012106
Train loss: 1.4632593483410403 Val loss: 14.63259373020227 Time: 0.3297010839996801
Train loss: 1.4153306582081626 Val loss: 14.153382669972807 Time: 0.3307576250008424
Train loss: 1.4249077498770504 Val loss: 14.249085853588264 Time: 0.3315167910004675
Train loss: 1.5133091920299329 Val loss: 15.133193533864826 Time: 0.3311297079999349
Train loss: 1.4950843604822808 Val loss: 14.9509985732221 Time: 0.33110900000247057
Train loss: 1.2672544375412906 Val loss: 12.67254591315397 Time: 0.3427715830002853
Train loss: 1.6239301892989317 Val loss: 16.239364259990072 Time: 0.33220066699868767
Train loss: 1.4861563321596378 Val loss: 14.861718334382047 Time: 0.3316241659995285
Train loss: 1.4821698146366202 Val loss: 14.821700986439367 Time: 0.33038604199828114
Train loss: 1.4641781127116822 Val loss: 14.642154280967674 Time: 0.3321509160014102
Train loss: 1.4508674481722466 Val loss: 14.508745634334957 Time: 0.3313771249995625
Train loss: 1.2844833154177486 Val loss: 12.845102897043356 Time: 0.3428711660017143
Train loss: 1.5034803280208848 Val loss: 15.03484566302258 Time: 0.3319300840012147
Train loss: 1.4705358031802547 Val loss: 14.705486141033026 Time: 0.3299299169993901
Train loss: 1.2745778771997927 Val loss: 12.746317436246084 Time: 0.33094491599695175
Shrinking learning rate to 1e-05
Train loss: 1.4012943604144539 Val loss: 14.013039103795187 Time: 0.3331259999977192
Train loss: 1.3024820894064568 Val loss: 13.0250161253382 Time: 0.33001820799836423
Train loss: 1.333393094053065 Val loss: 13.334111119400987 Time: 0.3337907079985598
Train loss: 1.2334087366633781 Val loss: 12.33429012522507 Time: 0.33907087500119815
Train loss: 1.3621429352126313 Val loss: 13.621571616570497 Time: 0.3316472080005042
Train loss: 1.4165678450728623 Val loss: 14.165852880458063 Time: 0.33080462499856367
Train loss: 1.245814252797743 Val loss: 12.458315447242072 Time: 0.3302423749992158
Train loss: 1.3858761392066299 Val loss: 13.858979583827116 Time: 0.3303755839988298
Train loss: 1.14243775956355 Val loss: 11.424586066952926 Time: 0.33006550000209245
Train loss: 1.2973512999289696 Val loss: 12.973672698874404 Time: 0.34292116700089537
Train loss: 1.2673964181863449 Val loss: 12.674128382047275 Time: 0.3308000840006571
Train loss: 1.4290445840271178 Val loss: 14.290595194725354 Time: 0.3309627079979691
Train loss: 1.3308681424024824 Val loss: 13.308905971565984 Time: 0.3319863750002696
Train loss: 1.3997096453086044 Val loss: 13.997245620616383 Time: 0.33109787499779486
Train loss: 1.2178233867432215 Val loss: 12.178434784719613 Time: 0.33211095899969223
Train loss: 1.3635673709510552 Val loss: 13.635835473191193 Time: 0.342098042001453
Train loss: 1.209727196273235 Val loss: 12.097444046068642 Time: 0.3299822920016595
Train loss: 1.2957319432650536 Val loss: 12.957464844068543 Time: 0.33155025000087335
Shrinking learning rate to 1.0000000000000002e-06
Train loss: 1.2825479905278632 Val loss: 12.825663965163839 Time: 0.3320294580007612
Train loss: 1.2438365540495937 Val loss: 12.438558222031606 Time: 0.33119012499810196
Train loss: 1.3491787434004436 Val loss: 13.491965289558593 Time: 0.3333597919991007
Train loss: 1.1662644946987513 Val loss: 11.662841837691374 Time: 0.3429902919997403
Train loss: 1.3228361202201029 Val loss: 13.228537350315513 Time: 0.3385344590024033
Train loss: 1.2443549358901151 Val loss: 12.443738864058487 Time: 0.3312155419989722
Train loss: 1.4181154968038925 Val loss: 14.181317500963331 Time: 0.3322142500001064
Train loss: 1.2103999186008423 Val loss: 12.104189438166776 Time: 0.3306283749989234
Train loss: 1.274805278187813 Val loss: 12.748235372301982 Time: 0.33142749999751686
Train loss: 1.2695185837902665 Val loss: 12.69537281087157 Time: 0.3413660419973894
Shrinking learning rate to 1.0000000000000002e-07
Learning rate getting small
Complete
 Total time: 67.53211045900025