starting log for model: models/lstm_comb_alpha_10_22-23.pth
Train loss: 14.258185942770325 Val loss: 142.58391126166669 Time: 0.27671587499935413
Train loss: 13.081581257111594 Val loss: 130.817844678941 Time: 0.26145454099969356
Train loss: 11.16902961907234 Val loss: 111.69227162958452 Time: 0.2619360409989895
Train loss: 8.922299200384908 Val loss: 89.22477753443604 Time: 0.2627777919988148
Train loss: 7.273657791627621 Val loss: 72.73819157633818 Time: 0.26215858300201944
Train loss: 6.512341715852704 Val loss: 65.12484485533479 Time: 0.26335433300118893
Train loss: 6.369578577673276 Val loss: 63.697071845251074 Time: 0.26179037499969127
Train loss: 6.054857952336192 Val loss: 60.54994524873436 Time: 0.2857029999977385
Train loss: 6.060580687532245 Val loss: 60.60702187236481 Time: 0.26304787499975646
Train loss: 5.706361108732118 Val loss: 57.06490881371079 Time: 0.2604719999981171
Train loss: 5.689249607767305 Val loss: 56.893762393309295 Time: 0.260512832999666
Train loss: 5.567493984328522 Val loss: 55.67615291368879 Time: 0.2607747079964611
Train loss: 5.439245740425054 Val loss: 54.393652226533646 Time: 0.2614269579971733
Train loss: 5.315335522954692 Val loss: 53.154566683402585 Time: 0.260127832996659
Train loss: 4.902223346206593 Val loss: 49.02344242015511 Time: 0.2609814159986854
Train loss: 4.935460174762882 Val loss: 49.355714920588476 Time: 0.27496066599996993
Train loss: 5.101847180666141 Val loss: 51.01959271968006 Time: 0.2607187920002616
Train loss: 4.664839742699513 Val loss: 46.64951426850887 Time: 0.25915154200265533
Train loss: 4.45951710943503 Val loss: 44.596294223537484 Time: 0.2616883750015404
Train loss: 4.466680596763446 Val loss: 44.6678313334958 Time: 0.2613066659978358
Train loss: 4.104817220314409 Val loss: 41.049219749460924 Time: 0.25942933300029836
Train loss: 4.147165015896121 Val loss: 41.47265140649562 Time: 0.2606447920006758
Train loss: 4.050343226712066 Val loss: 40.504247919143666 Time: 0.2611417910011369
Train loss: 3.832465106197617 Val loss: 38.32544929415626 Time: 0.27465762500287383
Train loss: 3.737934617071316 Val loss: 37.380143542474656 Time: 0.2601927079995221
Train loss: 3.636937824693101 Val loss: 36.37017872001642 Time: 0.2614843750016007
Train loss: 3.3142942236987967 Val loss: 33.14381957927051 Time: 0.261988875001407
Train loss: 3.3097663707971776 Val loss: 33.098360940489044 Time: 0.26171995799813885
Train loss: 3.416994038023688 Val loss: 34.170479661006205 Time: 0.2609921250004845
Train loss: 3.14886782636367 Val loss: 31.489174987000663 Time: 0.26039729100011755
Train loss: 2.992062768890463 Val loss: 29.92107919455268 Time: 0.26191395799833117
Train loss: 2.8407433477957023 Val loss: 28.407892884367126 Time: 0.27361649999875226
Train loss: 2.721695179273638 Val loss: 27.217278431302 Time: 0.2620567080011824
Train loss: 2.8198540389814184 Val loss: 28.19880803399363 Time: 0.261193958001968
Train loss: 2.6380807216147097 Val loss: 26.38103016489713 Time: 0.2656483749997278
Train loss: 2.3738923057886665 Val loss: 23.739078325773356 Time: 0.2616324580012588
Train loss: 2.5919552272621473 Val loss: 25.919749476569816 Time: 0.26065720800033887
Train loss: 2.5278603974547886 Val loss: 25.278755062896867 Time: 0.26100733400016907
Train loss: 2.2992558849742863 Val loss: 22.992677767673577 Time: 0.26102541599902906
Train loss: 2.2668563627516907 Val loss: 22.66865102749945 Time: 0.27403316700292635
Train loss: 2.348816414200545 Val loss: 23.488217426897396 Time: 0.2610092920003808
Train loss: 2.294830940593954 Val loss: 22.94841065597997 Time: 0.26010562499868684
Train loss: 2.278215973950452 Val loss: 22.7822824830647 Time: 0.26058341699899756
Train loss: 2.0844565019035777 Val loss: 20.844703894178007 Time: 0.26071774999945774
Train loss: 2.1411594079078586 Val loss: 21.41161942044471 Time: 0.2615147500000603
Train loss: 2.0466211169759987 Val loss: 20.466276572291463 Time: 0.2612762909993762
Train loss: 1.944246666502413 Val loss: 19.442568725557276 Time: 0.27278895899871713
Train loss: 1.9822260018029283 Val loss: 19.822303143239917 Time: 0.26331745800052886
Train loss: 2.02880315673076 Val loss: 20.28811969386972 Time: 0.260347458999604
Train loss: 1.8584358569271207 Val loss: 18.584434334359177 Time: 0.25980683300076635
Train loss: 1.9049360470809331 Val loss: 19.049382497663785 Time: 0.2613108750010724
Train loss: 1.970645778719586 Val loss: 19.706515705499832 Time: 0.25942624999879627
Train loss: 1.8159088351071127 Val loss: 18.159168778397564 Time: 0.2839674160022696
Train loss: 1.8141887600405724 Val loss: 18.141982767687743 Time: 0.3030685409976286
Train loss: 1.8184597656010553 Val loss: 18.18464696692871 Time: 0.323523415998352
Train loss: 1.6886290184881574 Val loss: 16.886313550222027 Time: 0.2999858330003917
Train loss: 1.6726370246047537 Val loss: 16.72644738482218 Time: 0.2616421669990814
Train loss: 1.8164125690068715 Val loss: 18.164196163078962 Time: 0.26072800000110874
Train loss: 1.7188122065933187 Val loss: 17.188208144293235 Time: 0.2605997499995283
Train loss: 1.6214523617297778 Val loss: 16.21458475586244 Time: 0.25960529100120766
Train loss: 1.724343930139086 Val loss: 17.24352813925391 Time: 0.26582595899890293
Train loss: 1.59856471419651 Val loss: 15.98574144228541 Time: 0.29281091700249817
Train loss: 1.6882700029281281 Val loss: 16.88284451636195 Time: 0.2703043750007055
Train loss: 1.4936092864946264 Val loss: 14.936282903159665 Time: 0.26150454099843046
Train loss: 1.4303170577515516 Val loss: 14.3033759678918 Time: 0.262481249999837
Train loss: 1.473752318808387 Val loss: 14.737766897322551 Time: 0.2609937919987715
Train loss: 1.4285223435498562 Val loss: 14.285376768533636 Time: 0.2615455410013965
Train loss: 1.4265408106607183 Val loss: 14.26562718963244 Time: 0.26023666599940043
Train loss: 1.4447839510974028 Val loss: 14.448016145112733 Time: 0.2614153750000696
Train loss: 1.51411103165578 Val loss: 15.141232845695372 Time: 0.2729418750022887
Train loss: 1.3728907193038964 Val loss: 13.72907794721085 Time: 0.2609089170000516
Train loss: 1.4181466195846326 Val loss: 14.181619297545502 Time: 0.26180679199751467
Train loss: 1.369576102295749 Val loss: 13.69592678139084 Time: 0.2607163329994364
Train loss: 1.4252034142548666 Val loss: 14.252171868626682 Time: 0.26062616700073704
Train loss: 1.4190523191809916 Val loss: 14.190686730111533 Time: 0.2612261670001317
Train loss: 1.3620534875917087 Val loss: 13.62083254344343 Time: 0.26062933299908764
Train loss: 1.3562408365907572 Val loss: 13.562643322440717 Time: 0.26062862500111805
Train loss: 1.3488087957355663 Val loss: 13.488333943954414 Time: 0.27420550000169897
Train loss: 1.259612293925585 Val loss: 12.596260808797043 Time: 0.2623420839991013
Train loss: 1.26477034624628 Val loss: 12.647937673392935 Time: 0.26108129099884536
Train loss: 1.3890462038087605 Val loss: 13.890542294501316 Time: 0.2595843339986459
Train loss: 1.2057273711827747 Val loss: 12.057372241286188 Time: 0.26039345800018054
Train loss: 1.0673738180511094 Val loss: 10.673974137334055 Time: 0.261557208999875
Train loss: 1.2598379504933064 Val loss: 12.598517935651786 Time: 0.2613572079972073
Train loss: 1.2039460884120103 Val loss: 12.03983217846473 Time: 0.2599933340025018
Train loss: 1.1219432992116047 Val loss: 11.219697473920428 Time: 0.2721551249996992
Train loss: 1.177509897884434 Val loss: 11.775398937768722 Time: 0.2609437089995481
Train loss: 1.105389016151804 Val loss: 11.054491948568375 Time: 0.2603260420000879
Train loss: 1.1191467692558144 Val loss: 11.191698417677584 Time: 0.26053241699992213
Train loss: 1.1288001945069377 Val loss: 11.28811497553084 Time: 0.25991345800139243
Train loss: 1.181331934385112 Val loss: 11.813718056785985 Time: 0.2602654580005037
Train loss: 1.0856248827533417 Val loss: 10.856599533187573 Time: 0.2597081669991894
Shrinking learning rate to 1e-05
Train loss: 1.2105033462894426 Val loss: 12.105162458210584 Time: 0.2613627919999999
Train loss: 1.1688575002277943 Val loss: 11.688704266309859 Time: 0.2745629999990342
Train loss: 1.1265132714601584 Val loss: 11.265278046722779 Time: 0.261023541999748
Train loss: 1.1172579040320212 Val loss: 11.172768635771387 Time: 0.2614765409998654
Train loss: 1.1513654412146792 Val loss: 11.513836881059925 Time: 0.26072716700218734
Train loss: 1.053037314090643 Val loss: 10.530546891703873 Time: 0.26105070800258545
Train loss: 1.0752210885979707 Val loss: 10.752374115391529 Time: 0.2614099999991595
Train loss: 0.9637774968537549 Val loss: 9.637995264887564 Time: 0.2615231669988134
Train loss: 1.0818884918173985 Val loss: 10.819058234140321 Time: 0.2722072920005303
Train loss: 1.116189874549307 Val loss: 11.162046877066743 Time: 0.26134191699748044
Train loss: 1.0576945691278183 Val loss: 10.57708338535001 Time: 0.26035987499926705
Train loss: 1.052823592755182 Val loss: 10.528404269914901 Time: 0.2599733329989249
Train loss: 1.0654025967467753 Val loss: 10.654218872335973 Time: 0.26075133299673325
Train loss: 1.1153638531845402 Val loss: 11.15381412209957 Time: 0.2607117080005992
Train loss: 1.0493162902321052 Val loss: 10.493355881005087 Time: 0.2606243749978603
Train loss: 1.0479483425525444 Val loss: 10.479650501128358 Time: 0.26036266699884436
Train loss: 1.0725226059264514 Val loss: 10.725423084400072 Time: 0.2740003750004689
Shrinking learning rate to 1.0000000000000002e-06
Train loss: 1.160183659372933 Val loss: 11.602014437484671 Time: 0.2619485409995832
Train loss: 1.0422054842318005 Val loss: 10.422250750732829 Time: 0.26050087499970687
Train loss: 1.1082035929645997 Val loss: 11.08222244682106 Time: 0.2604049590008799
Train loss: 1.0084842460344419 Val loss: 10.085043353488276 Time: 0.25998770899968804
Train loss: 1.2114189300679143 Val loss: 12.114352283404429 Time: 0.26140408299761475
Train loss: 1.0610236610021602 Val loss: 10.610421728446457 Time: 0.2599726250009553
Train loss: 1.0755807298618443 Val loss: 10.75598557636655 Time: 0.2598863330022141
Train loss: 1.0206358785971565 Val loss: 10.20654484192752 Time: 0.272328541999741
Train loss: 1.1863168583229273 Val loss: 11.863327732073222 Time: 0.26058000000193715
Train loss: 1.118012416611144 Val loss: 11.180292926570337 Time: 0.2598640420001175
Shrinking learning rate to 1.0000000000000002e-07
Learning rate getting small
Complete
 Total time: 31.555056249999325