starting log for model: models/lstm_comb_alpha_0.01_22-23.pth
Train loss: 14.258185942770325 Val loss: 0.7781017929211005 Time: 0.2638496670006134
Train loss: 13.081581257111594 Val loss: 0.7407972590468703 Time: 0.36118037499909406
Train loss: 11.16902961907234 Val loss: 0.6736121492612837 Time: 0.2694948749995092
Train loss: 8.922299200384908 Val loss: 0.5714758901222062 Time: 0.26257754099788144
Train loss: 7.273657791627621 Val loss: 0.4899361543310101 Time: 0.2623042919985892
Train loss: 6.512341715852704 Val loss: 0.4361147639706327 Time: 0.2644286249997094
Train loss: 6.369578577673276 Val loss: 0.40974760129968013 Time: 0.26197416599825374
Train loss: 6.054857952336192 Val loss: 0.4111611099414719 Time: 0.26211687499744585
Train loss: 6.060580687532245 Val loss: 0.3885180719752504 Time: 0.26259379199836985
Train loss: 5.706361108732118 Val loss: 0.38905507038633047 Time: 0.27677891699931934
Train loss: 5.689249607767305 Val loss: 0.38383078876193677 Time: 0.2631638330021815
Train loss: 5.567493984328522 Val loss: 0.3717208817852248 Time: 0.2628056249996007
Train loss: 5.439245740425054 Val loss: 0.3646074701676589 Time: 0.26222287500058883
Train loss: 5.315335522954692 Val loss: 0.36278426242256007 Time: 0.26261908300148207
Train loss: 4.902223346206593 Val loss: 0.3477589572402506 Time: 0.2631405409993022
Train loss: 4.935460174762882 Val loss: 0.335138079106916 Time: 0.2628351669991389
Train loss: 5.101847180666141 Val loss: 0.3420214604248399 Time: 0.2613993330014637
Train loss: 4.664839742699513 Val loss: 0.3261518877900854 Time: 0.2734874999987369
Train loss: 4.45951710943503 Val loss: 0.3196283267038198 Time: 0.26052416599850403
Train loss: 4.466680596763446 Val loss: 0.3059343244536304 Time: 0.2606529579970811
Train loss: 4.104817220314409 Val loss: 0.2961178363475075 Time: 0.26109408300180803
Train loss: 4.147165015896121 Val loss: 0.29114888837613506 Time: 0.2607772500014107
Train loss: 4.050343226712066 Val loss: 0.26022030329764395 Time: 0.2605641669979377
Train loss: 3.832465106197617 Val loss: 0.2503065232668827 Time: 0.26125520799905644
Train loss: 3.737934617071316 Val loss: 0.24699862655689803 Time: 0.26022008300060406
Train loss: 3.636937824693101 Val loss: 0.24402620611506545 Time: 0.27333116700174287
Train loss: 3.3142942236987967 Val loss: 0.24342274654380106 Time: 0.26031437500205357
Train loss: 3.3097663707971776 Val loss: 0.21736944643075484 Time: 0.26108462500269525
Train loss: 3.416994038023688 Val loss: 0.19499297197979437 Time: 0.2603684579989931
Train loss: 3.14886782636367 Val loss: 0.17964995958970706 Time: 0.26074091600094107
Train loss: 2.992062768890463 Val loss: 0.1670751705311359 Time: 0.2611382079994655
Train loss: 2.8407433477957023 Val loss: 0.16403751826893304 Time: 0.2610430839995388
Train loss: 2.721695179273638 Val loss: 0.1360921795905188 Time: 0.2623797919986828
Train loss: 2.8198540389814184 Val loss: 0.12605387626646247 Time: 0.2710272909971536
Train loss: 2.6380807216147097 Val loss: 0.11162048505047727 Time: 0.2614878749991476
Train loss: 2.3738923057886665 Val loss: 0.08908055571796429 Time: 0.2605097500018019
Train loss: 2.5919552272621473 Val loss: 0.10437786247248176 Time: 0.2623847499999101
Train loss: 2.5278603974547886 Val loss: 0.09098151309246262 Time: 0.2649382909985434
Train loss: 2.2992558849742863 Val loss: 0.07744111920868704 Time: 0.2611144170004991
Train loss: 2.2668563627516907 Val loss: 0.06690542239903588 Time: 0.260529666000366
Train loss: 2.348816414200545 Val loss: 0.05527047376916824 Time: 0.27780937499846914
Train loss: 2.294830940593954 Val loss: 0.07192822579757595 Time: 0.26316541699998197
Train loss: 2.278215973950452 Val loss: 0.07817780157090083 Time: 0.2609732080018148
Train loss: 2.0844565019035777 Val loss: 0.07889295938585426 Time: 0.2602825829999347
Train loss: 2.1411594079078586 Val loss: 0.039289376335230365 Time: 0.2612323749999632
Train loss: 2.0466211169759987 Val loss: 0.05564129866989214 Time: 0.26214654100112966
Train loss: 1.944246666502413 Val loss: 0.06592902967202056 Time: 0.26112433399976
Train loss: 1.9822260018029283 Val loss: 0.04585413971492531 Time: 0.26106695900307386
Train loss: 2.02880315673076 Val loss: 0.06314618705520202 Time: 0.2744113339977048
Train loss: 1.8584358569271207 Val loss: 0.05622699749663714 Time: 0.2613046660007967
Train loss: 1.9049360470809331 Val loss: 0.034670933077902 Time: 0.26127975000053993
Train loss: 1.970645778719586 Val loss: 0.05168246373478438 Time: 0.26135475000046426
Train loss: 1.8159088351071127 Val loss: 0.05701519807503186 Time: 0.26012983299733605
Train loss: 1.8141887600405724 Val loss: 0.06149931227105389 Time: 0.26191920899873367
Train loss: 1.8184597656010553 Val loss: 0.04608774714517099 Time: 0.2607846660030191
Train loss: 1.6886290184881574 Val loss: 0.03277583226300752 Time: 0.2612452499997744
Train loss: 1.6726370246047537 Val loss: 0.05348159330097259 Time: 0.27596099999936996
Train loss: 1.8164125690068715 Val loss: 0.05375966573858667 Time: 0.26183662499897764
Train loss: 1.7188122065933187 Val loss: 0.05704813466880251 Time: 0.26032791700345115
Train loss: 1.6214523617297778 Val loss: 0.0473875502138969 Time: 0.2604031249975378
Train loss: 1.724343930139086 Val loss: 0.057974862566104624 Time: 0.2622137500002282
Train loss: 1.59856471419651 Val loss: 0.05718787545281347 Time: 0.2605266250029672
Train loss: 1.6882700029281281 Val loss: 0.07185896269005632 Time: 0.2604811669989431
Train loss: 1.4936092864946264 Val loss: 0.07681132592956817 Time: 0.2607296669993957
Train loss: 1.4303170577515516 Val loss: 0.07797493217503806 Time: 0.273291416997381
Train loss: 1.473752318808387 Val loss: 0.08602671152809849 Time: 0.26105645899951924
Train loss: 1.4285223435498562 Val loss: 0.06771177483873438 Time: 0.25965691699821036
Train loss: 1.4265408106607183 Val loss: 0.08033783289877194 Time: 0.26156470800196985
Train loss: 1.4447839510974028 Val loss: 0.07288850830213428 Time: 0.2610117500007618
Train loss: 1.51411103165578 Val loss: 0.06276720969572006 Time: 0.25980450000133715
Train loss: 1.3728907193038964 Val loss: 0.06983586762556299 Time: 0.25998224999784725
Train loss: 1.4181466195846326 Val loss: 0.06740586448054835 Time: 0.2647198330014362
Train loss: 1.369576102295749 Val loss: 0.06876028742821619 Time: 0.269793874998868
Train loss: 1.4252034142548666 Val loss: 0.06425646253921558 Time: 0.2618213339992508
Train loss: 1.4190523191809916 Val loss: 0.0695901272949985 Time: 0.26319358299952
Train loss: 1.3620534875917087 Val loss: 0.09107353855131879 Time: 0.26173404199653305
Train loss: 1.3562408365907572 Val loss: 0.08097621272165184 Time: 0.2619594159987173
Train loss: 1.3488087957355663 Val loss: 0.08256976920575909 Time: 0.261500167001941
Train loss: 1.259612293925585 Val loss: 0.060265451977054206 Time: 0.2614944999986619
Train loss: 1.26477034624628 Val loss: 0.07800307712942907 Time: 0.27387487499800045
Train loss: 1.3890462038087605 Val loss: 0.04921939366375582 Time: 0.26229820899970946
Train loss: 1.2057273711827747 Val loss: 0.050213353359570743 Time: 0.26178033299947856
Train loss: 1.0673738180511094 Val loss: 0.07177093466548232 Time: 0.2616789579988108
Train loss: 1.2598379504933064 Val loss: 0.06038827525610725 Time: 0.2615511250005511
Train loss: 1.2039460884120103 Val loss: 0.09531764765850476 Time: 0.26158387499890523
Train loss: 1.1219432992116047 Val loss: 0.07784996718722592 Time: 0.2609061670009396
Train loss: 1.177509897884434 Val loss: 0.08486951737632742 Time: 0.2609237500000745
Train loss: 1.105389016151804 Val loss: 0.11587375261625893 Time: 0.27328004199807765
Train loss: 1.1191467692558144 Val loss: 0.07272968873415553 Time: 0.26158966700313613
Train loss: 1.1288001945069377 Val loss: 0.05176106549819167 Time: 0.2616442919970723
Train loss: 1.181331934385112 Val loss: 0.09777504762514717 Time: 0.26131549999990966
Train loss: 1.0856248827533417 Val loss: 0.08793564025203572 Time: 0.26112491599997156
Shrinking learning rate to 1e-05
Train loss: 1.2105033462894426 Val loss: 0.05717983658809408 Time: 0.2624330420003389
Train loss: 1.1688575002277943 Val loss: 0.0562002149379246 Time: 0.2617878329983796
Train loss: 1.1265132714601584 Val loss: 0.05832062758915107 Time: 0.2624895410008321
Train loss: 1.1172579040320212 Val loss: 0.06604091759448114 Time: 0.273786707999534
Train loss: 1.1513654412146792 Val loss: 0.0658358986145118 Time: 0.2609007079990988
Train loss: 1.053037314090643 Val loss: 0.06140228341858801 Time: 0.2618926669965731
Train loss: 1.0752210885979707 Val loss: 0.060214539773725595 Time: 0.26171454100040137
Train loss: 0.9637774968537549 Val loss: 0.06587312450849353 Time: 0.26263312499941094
Train loss: 1.0818884918173985 Val loss: 0.062187211690453256 Time: 0.27389783399848966
Train loss: 1.116189874549307 Val loss: 0.05857874340775485 Time: 0.26406329100063886
Train loss: 1.0576945691278183 Val loss: 0.054996874268060325 Time: 0.26344874999995227
Train loss: 1.052823592755182 Val loss: 0.06046129605931916 Time: 0.27758658299717354
Train loss: 1.0654025967467753 Val loss: 0.06499209515104257 Time: 0.26113337499919
Train loss: 1.1153638531845402 Val loss: 0.06357180926995162 Time: 0.26178804200026207
Train loss: 1.0493162902321052 Val loss: 0.06449850575787656 Time: 0.26100262500040117
Train loss: 1.0479483425525444 Val loss: 0.06009641844740468 Time: 0.2601719590020366
Train loss: 1.0725226059264514 Val loss: 0.06588890293025697 Time: 0.2607077920001757
Shrinking learning rate to 1.0000000000000002e-06
Train loss: 1.160183659372933 Val loss: 0.0652783472377289 Time: 0.26192533299763454
Train loss: 1.0422054842318005 Val loss: 0.06474715510345194 Time: 0.27120237500275834
Train loss: 1.1082035929645997 Val loss: 0.06524435899059551 Time: 0.26354995899964706
Train loss: 1.0084842460344419 Val loss: 0.06444917237510148 Time: 0.2610759999988659
Train loss: 1.2114189300679143 Val loss: 0.06399677585224571 Time: 0.2610043749991746
Train loss: 1.0610236610021602 Val loss: 0.06356816787468163 Time: 0.2610843750007916
Train loss: 1.0755807298618443 Val loss: 0.06285508238913255 Time: 0.2599939589999849
Train loss: 1.0206358785971565 Val loss: 0.06246688769253195 Time: 0.2616227500002424
Train loss: 1.1863168583229273 Val loss: 0.0625841771405677 Time: 0.26024254100047983
Train loss: 1.118012416611144 Val loss: 0.062438365017398155 Time: 0.2727300420010579
Shrinking learning rate to 1.0000000000000002e-07
Learning rate getting small
Complete
 Total time: 31.524678207999386