starting log for model: models/lstm_fcast_23_new_22-23.pth
Train loss: 14.605056687780902 Val loss: 1.7185331731106972 Time: 0.44046316699950694
Train loss: 14.479665785839096 Val loss: 1.789351402170309 Time: 0.4645152089997282
Train loss: 12.525421309326077 Val loss: 1.5203598633392277 Time: 0.46254183299970464
Train loss: 8.001320565231671 Val loss: 1.0435815640782546 Time: 0.5210278750000725
Train loss: 7.418718464529502 Val loss: 0.9936945217681897 Time: 0.4251370419997329
Train loss: 7.271023821835357 Val loss: 0.9787528595107918 Time: 0.4384841660003076
Train loss: 7.150023556923729 Val loss: 0.9690116811527966 Time: 0.4038086669997938
Train loss: 6.903025209445125 Val loss: 0.938658162209175 Time: 0.4069042500004798
Train loss: 6.755368181879664 Val loss: 0.9215276169376329 Time: 0.40790779199960525
Train loss: 6.508783337598379 Val loss: 0.8930670230938156 Time: 0.40505974999996397
Train loss: 6.301077002164565 Val loss: 0.8667960529794564 Time: 0.40181295799993677
Train loss: 6.17775527774929 Val loss: 0.8551318170234786 Time: 0.40014733300085936
Train loss: 5.974990230968958 Val loss: 0.8269832125120076 Time: 0.3952136249999967
Train loss: 5.513820460513706 Val loss: 0.769970052361579 Time: 0.4064576669998132
Train loss: 5.287212239494439 Val loss: 0.7387717263754393 Time: 0.401549915999567
Train loss: 5.0855435678401015 Val loss: 0.7130038804258003 Time: 0.4148425829998814
Train loss: 4.911961912527496 Val loss: 0.6960335455729271 Time: 0.4006588339998416
Train loss: 4.53462897267887 Val loss: 0.6274636187068815 Time: 0.39337904200056073
Train loss: 4.523649960113218 Val loss: 0.6093405635386432 Time: 0.3961174160003793
Train loss: 4.170296838330273 Val loss: 0.5744139647814449 Time: 0.39716404199953104
Train loss: 4.157925426648828 Val loss: 0.5569000449304676 Time: 0.4086319170000934
Train loss: 3.694411829775291 Val loss: 0.49637683119600096 Time: 0.39270966599997337
Train loss: 3.88139856691906 Val loss: 0.5145195419040745 Time: 0.3905563340003937
Train loss: 3.6166005376230927 Val loss: 0.4941476867913245 Time: 0.39907374999984313
Train loss: 3.5076565827935084 Val loss: 0.4738376756492455 Time: 0.48095112499959214
Train loss: 3.560559664916404 Val loss: 0.48526307335859403 Time: 0.46750266700018983
Train loss: 3.3882673833189125 Val loss: 0.4623977799054346 Time: 0.41867708300014783
Train loss: 3.4527304729008463 Val loss: 0.45473220485330273 Time: 0.4128373339999598
Train loss: 3.4229268673118947 Val loss: 0.4363645947470807 Time: 0.39162437500090164
Train loss: 3.5115182988299978 Val loss: 0.45114227523767964 Time: 0.40284445799989044
Train loss: 3.324397208075365 Val loss: 0.43588828448364697 Time: 0.407424875000288
Train loss: 3.049658031740833 Val loss: 0.42147157320677403 Time: 0.407983167000566
Train loss: 3.078761342287283 Val loss: 0.4142744589563289 Time: 0.3838939580000442
Train loss: 3.0076724008619067 Val loss: 0.3947900217787806 Time: 0.39800704099980067
Train loss: 3.112997462793781 Val loss: 0.40368871605577217 Time: 0.3844997500000318
Train loss: 3.047395048793074 Val loss: 0.3974160382368576 Time: 0.3893548340001871
Train loss: 2.9279660316874914 Val loss: 0.37934144411855525 Time: 0.3918926670003202
Train loss: 2.859721805223728 Val loss: 0.378084162000317 Time: 0.3989864999994097
Train loss: 2.8435002059648333 Val loss: 0.374508719307406 Time: 0.4143392500000118
Train loss: 2.6122883055066604 Val loss: 0.35987125240180246 Time: 0.39512687499973254
Train loss: 2.9247492471841783 Val loss: 0.38652059436478126 Time: 0.42041204099950846
Train loss: 2.8054307728111088 Val loss: 0.37359354211808526 Time: 0.41070475000014994
Train loss: 2.7193977727831324 Val loss: 0.42565464813928117 Time: 0.4194921250000334
Train loss: 2.5336375854651942 Val loss: 0.40492653292406133 Time: 0.4130347919999622
Train loss: 2.7356335304112775 Val loss: 0.42940740409679223 Time: 0.40263666700047906
Train loss: 2.5828251995122855 Val loss: 0.41668456453818103 Time: 0.419250916999772
Train loss: 2.679078103384816 Val loss: 0.4257853509034016 Time: 0.40243754099992657
Train loss: 2.3822713017654404 Val loss: 0.3423698679785635 Time: 0.39757245799955854
Train loss: 2.558121373210435 Val loss: 0.33157600939882687 Time: 0.3980554170002506
Train loss: 2.5630880742531303 Val loss: 0.41035798743495605 Time: 0.39607429100033187
Train loss: 2.498124312050706 Val loss: 0.3373983794044755 Time: 0.40183087500008696
Train loss: 2.5021053379374436 Val loss: 0.3997243686602935 Time: 0.409149250000155
Train loss: 2.4032000245219933 Val loss: 0.40381022699955305 Time: 0.4063467500000115
Train loss: 2.271232493023735 Val loss: 0.38666133315069257 Time: 0.4035593329999756
Train loss: 2.3132508155690346 Val loss: 0.3852857549479631 Time: 0.3966574159994707
Train loss: 2.3072368928462 Val loss: 0.38490597059582765 Time: 0.3816001249997498
Train loss: 2.2607041588189887 Val loss: 0.383177045550463 Time: 0.3969917499998701
Train loss: 2.211360466842258 Val loss: 0.3825563733399645 Time: 0.4047872080000161
Train loss: 2.1063597333134325 Val loss: 0.36737380177893914 Time: 0.40273154100032116
Train loss: 2.158810408826916 Val loss: 0.37906416535738635 Time: 0.38495870899987494
Train loss: 2.1373812057860997 Val loss: 0.38713218630087626 Time: 0.4160546249995605
Train loss: 2.220238757577063 Val loss: 0.37322381218006695 Time: 0.4054416670005594
Train loss: 2.121026794988836 Val loss: 0.3678606262137389 Time: 0.4043838750003488
Train loss: 2.071556333895078 Val loss: 0.3669890838117801 Time: 0.40883420899990597
Train loss: 2.0693056319061607 Val loss: 0.3649267619509176 Time: 0.4137162500001068
Train loss: 1.918541528001283 Val loss: 0.3596284923816329 Time: 0.41665275000013935
Train loss: 1.9099706847218165 Val loss: 0.35688830158435714 Time: 0.41913641700011794
Train loss: 2.0412051363903627 Val loss: 0.3631354151729447 Time: 0.40207616600037
Train loss: 1.8910814724618952 Val loss: 0.35687360023813125 Time: 0.40268012499927863
Train loss: 1.9442899896450123 Val loss: 0.3577661314206325 Time: 0.4047884580004393
Train loss: 1.9174470910490697 Val loss: 0.3561749300273594 Time: 0.4132186669994553
Train loss: 1.7857739303286877 Val loss: 0.3497725806368202 Time: 0.4199626250001529
Train loss: 1.9841357434586042 Val loss: 0.3612062166449365 Time: 0.4188030830000571
Train loss: 1.8962931852484437 Val loss: 0.35726677844039756 Time: 0.4002098749997458
Train loss: 2.119379760127387 Val loss: 0.3681884704245674 Time: 0.4039487090003604
Train loss: 1.7840985933638152 Val loss: 0.34940460617877495 Time: 0.41606099999989965
Train loss: 1.824120410700914 Val loss: 0.3545183546968555 Time: 0.4226568750000297
Train loss: 1.8955348503997165 Val loss: 0.356624941963261 Time: 0.41195916699962254
Train loss: 1.7471817347251921 Val loss: 0.3487966432553531 Time: 0.41400849999990896
Train loss: 1.8455330018423268 Val loss: 0.3533620019179312 Time: 0.41838458300026105
Train loss: 1.691720829448741 Val loss: 0.34906419714484593 Time: 0.4643358330004048
Train loss: 1.616562452861328 Val loss: 0.34214557038988797 Time: 0.4228567500003919
Train loss: 1.7262998505262317 Val loss: 0.348542161554473 Time: 0.4163940839998759
Train loss: 1.7623106642040227 Val loss: 0.34867669515928035 Time: 0.43825104200004716
Train loss: 1.6845355164327778 Val loss: 0.35835320674093957 Time: 0.4350401250003415
Train loss: 1.5872467964978725 Val loss: 0.3698573144519687 Time: 0.418580208000094
Train loss: 1.7554581346026765 Val loss: 0.3476885795645479 Time: 0.4211173330004385
Train loss: 1.5664199789789635 Val loss: 0.33860200458783174 Time: 0.4032676659999197
Train loss: 1.6252805495759333 Val loss: 0.34212866487948373 Time: 0.429975958999421
Train loss: 1.5520845344115637 Val loss: 0.33931504912804494 Time: 0.4289957909995792
Train loss: 1.4657666477276088 Val loss: 0.34523088771609445 Time: 0.4314434580001034
Train loss: 1.5520326827707684 Val loss: 0.3387070345417827 Time: 0.4238807089996044
Train loss: 1.520817751890938 Val loss: 0.3370031083305519 Time: 0.42296383299981244
Train loss: 1.5044970029046036 Val loss: 0.34875114621185627 Time: 0.4266606249993856
Train loss: 1.3444005988305756 Val loss: 0.33130772257896773 Time: 0.42193275000045105
Train loss: 1.5313604023982634 Val loss: 0.3375543883465169 Time: 0.42407291699964844
Train loss: 1.5081033067973453 Val loss: 0.33800304968197487 Time: 0.42467266699986794
Train loss: 1.535584835282715 Val loss: 0.35147109649414504 Time: 0.41928133299916226
Train loss: 1.3664247099116267 Val loss: 0.36365624686423126 Time: 0.4213926669999637
Train loss: 1.5852136961229704 Val loss: 0.34693705336727826 Time: 0.42247658299947943
Train loss: 1.3568063572032782 Val loss: 0.3292588859595196 Time: 0.4266496250002092
Train loss: 1.501979548357375 Val loss: 0.38376102876602436 Time: 0.42836854199958907
Train loss: 1.4657783309464776 Val loss: 0.35616226782244753 Time: 0.43045037499996397
Train loss: 1.4620195478968379 Val loss: 0.3372704945504842 Time: 0.43487870799981465
Shrinking learning rate to 2.5e-05
Train loss: 1.339819440214102 Val loss: 0.3365116570446857 Time: 0.44039025000074616
Train loss: 1.2255517554234814 Val loss: 0.3342854988363843 Time: 0.43147537500044564
Train loss: 1.2000199836196543 Val loss: 0.3361714270655588 Time: 0.4467231669996181
Train loss: 1.200241768875884 Val loss: 0.33353574190468066 Time: 0.4303490000002057
Train loss: 1.2004595718485689 Val loss: 0.3358557276009148 Time: 0.4400859170000331
Train loss: 1.2929033018577343 Val loss: 0.3366378372046762 Time: 0.46556512499955716
Train loss: 1.2572699618131544 Val loss: 0.33631532987950724 Time: 0.42910274999940157
Train loss: 1.2109839860404046 Val loss: 0.3334521861748041 Time: 0.43533333300001686
Train loss: 1.132760410408796 Val loss: 0.3323168960801349 Time: 0.44117404099961277
Train loss: 1.2453265831803861 Val loss: 0.3341762749584103 Time: 0.4263850419993105
Train loss: 1.1302309624363338 Val loss: 0.32853218616912966 Time: 0.4278874999999971
Train loss: 1.1637327685910464 Val loss: 0.3287212969736227 Time: 0.4378344160004417
Train loss: 1.131197873414699 Val loss: 0.3278119649729805 Time: 0.4343942919995243
Train loss: 1.2072559372784042 Val loss: 0.3304940582782359 Time: 0.43734054200012906
Train loss: 1.1207919247155047 Val loss: 0.3282459533841865 Time: 0.4395246660005796
Train loss: 1.1566080209489655 Val loss: 0.33115219849315264 Time: 0.44509883299997455
Train loss: 1.0596467521217363 Val loss: 0.32723937054661506 Time: 0.43799095899976237
Train loss: 1.1518630664062925 Val loss: 0.33096997554342056 Time: 0.43681487499998184
Train loss: 1.123440385710495 Val loss: 0.3296198908718611 Time: 0.4468386250000549
Train loss: 1.2079020460929968 Val loss: 0.3338076319397039 Time: 0.4392680829996607
Train loss: 1.2177113439491865 Val loss: 0.33229979424521483 Time: 0.4836173339999732
Train loss: 1.126102004653518 Val loss: 0.328959121755876 Time: 0.43417670899998484
Train loss: 1.1070327452474373 Val loss: 0.33150625290617153 Time: 0.4360268330001418
Train loss: 1.1130102020460966 Val loss: 0.32885205358783337 Time: 0.4365822499994465
Train loss: 1.096496054911455 Val loss: 0.3285555425142396 Time: 0.45103575000030105
Train loss: 1.0870149114873584 Val loss: 0.3291069265446829 Time: 0.43838974999925995
Shrinking learning rate to 2.5e-06
Train loss: 1.2013549726180095 Val loss: 0.33248349869255706 Time: 0.4446642499997324
Train loss: 1.2051443946398095 Val loss: 0.3327405966882692 Time: 0.4244776670002466
Train loss: 1.2118106162632571 Val loss: 0.3328829585476163 Time: 0.4453498329994545
Train loss: 1.114149783290955 Val loss: 0.3290970980769701 Time: 0.43339524999919377
Train loss: 1.029926519485219 Val loss: 0.32655293003167823 Time: 0.4578765839996777
Train loss: 1.1792245162653936 Val loss: 0.3314851804557142 Time: 0.4360294999996768
Train loss: 1.0083605417950992 Val loss: 0.32571766027326265 Time: 0.4436665829998674
Train loss: 1.046599931653116 Val loss: 0.3268502248304448 Time: 0.44226154099942505
Train loss: 1.1997927575932792 Val loss: 0.3318618182171889 Time: 0.43957754200073396
Train loss: 1.288873925832462 Val loss: 0.335134949324405 Time: 0.4304352919998564
Train loss: 1.2693877560892526 Val loss: 0.33434273669219955 Time: 0.43978245800008153
Train loss: 1.1143050947337905 Val loss: 0.32901972556427295 Time: 0.4379402080003274
Train loss: 1.1127076859918468 Val loss: 0.32945664338348546 Time: 0.4495740409993232
Train loss: 1.0607316802076312 Val loss: 0.32779575843086733 Time: 0.45271141699959117
Train loss: 1.080843497949273 Val loss: 0.32865431423697106 Time: 0.4436402500004988
Train loss: 1.1883495035994263 Val loss: 0.33204645410817396 Time: 0.4446513329994559
Shrinking learning rate to 2.5000000000000004e-07
Learning rate getting small
Complete
 Total time: 61.697938290999446