starting log for model: models/lstm_alpha_1.0_23-24.pth
Train loss: 3.99777008494131 Val loss: 4.0027242816362705 Time: 0.46474708299865597
Train loss: 4.932521968344815 Val loss: 4.9358075652250495 Time: 0.3946649170029559
Train loss: 3.972951143292348 Val loss: 3.9764751186166896 Time: 0.38173900000037975
Train loss: 3.983963784066816 Val loss: 3.9881178743725187 Time: 0.4199192919986672
Train loss: 3.9882783521749197 Val loss: 3.991606358331829 Time: 0.39489454200156615
Train loss: 3.758015067691727 Val loss: 3.761081154325611 Time: 0.38548775000163005
Train loss: 3.6031702263508976 Val loss: 3.606448340117975 Time: 0.38374874999863096
Train loss: 3.7117122091141255 Val loss: 3.714708696575299 Time: 0.37782420800067484
Train loss: 3.3786841181621696 Val loss: 3.381166350878844 Time: 0.3762161250015197
Train loss: 3.5543140832783404 Val loss: 3.5565697237575638 Time: 0.3771009589981986
Train loss: 3.322201087178387 Val loss: 3.3238745934166425 Time: 0.3794694999996864
Train loss: 3.206384168019944 Val loss: 3.208668603866086 Time: 0.40051058400058537
Train loss: 3.0741983780305873 Val loss: 3.0759603162454137 Time: 0.3795324169986998
Train loss: 3.1953667634024043 Val loss: 3.197131669280553 Time: 0.3802754169992113
Train loss: 3.238051438525595 Val loss: 3.2395917711321394 Time: 0.37917983399893274
Train loss: 3.100792248675674 Val loss: 3.1021782231968293 Time: 0.3777235000015935
Train loss: 3.0217926256499936 Val loss: 3.023158482484542 Time: 0.38672433299871045
Train loss: 2.941099993378131 Val loss: 2.9421567079683193 Time: 0.3775056250015041
Train loss: 2.987499077634311 Val loss: 2.9885901183042245 Time: 0.3781771249996382
Train loss: 3.038556831139303 Val loss: 3.0395131158553745 Time: 0.3767260829990846
Train loss: 2.9529936822426635 Val loss: 2.9538124404497634 Time: 0.37697416599985445
Train loss: 3.0267714239639787 Val loss: 3.027807889709903 Time: 0.37573929200152634
Train loss: 2.7766585845742497 Val loss: 2.77722796779416 Time: 0.38695691600150894
Train loss: 2.8670711299989478 Val loss: 2.867409917339442 Time: 0.3772468339993793
Train loss: 2.75191399646339 Val loss: 2.7524991378835084 Time: 0.3765696250011388
Train loss: 2.7777210359171107 Val loss: 2.7780557762895794 Time: 0.3901404159987578
Train loss: 2.6496995938298067 Val loss: 2.6500681100173455 Time: 0.3758083329994406
Train loss: 2.6053858520725726 Val loss: 2.605594014739232 Time: 0.38934654200056684
Train loss: 2.706108947495597 Val loss: 2.706312340570558 Time: 0.3765949170010572
Train loss: 2.650581093727176 Val loss: 2.650813282704909 Time: 0.37559712499933084
Train loss: 2.5920639551758455 Val loss: 2.592211044712358 Time: 0.37803545800124994
Train loss: 2.3948321966608432 Val loss: 2.3949094852123944 Time: 0.3756167079991428
Train loss: 2.3501578175437743 Val loss: 2.3502053848916984 Time: 0.3811220419993333
Train loss: 2.264788654883205 Val loss: 2.2648007746019183 Time: 0.38078945800225483
Train loss: 2.5079749174864574 Val loss: 2.508050152476526 Time: 0.3774310000007972
Train loss: 2.3481993872427083 Val loss: 2.34820301832205 Time: 0.3763400419993559
Train loss: 2.2347319562798384 Val loss: 2.234747877250908 Time: 0.3763900840021961
Train loss: 2.2767970790907066 Val loss: 2.2768007928657377 Time: 0.37708245900284965
Train loss: 2.2119269169703273 Val loss: 2.211929213354563 Time: 0.39670562500032247
Train loss: 2.0153945066209644 Val loss: 2.015463493754398 Time: 0.43288762500014855
Train loss: 2.1877174218949733 Val loss: 2.1877303653027615 Time: 0.3799817910003185
Train loss: 2.2466372915727106 Val loss: 2.2466443230663335 Time: 0.47434108299785294
Train loss: 2.0965944395928773 Val loss: 2.0966843908554504 Time: 0.3757605419996253
Train loss: 2.158549828432484 Val loss: 2.1586546094827854 Time: 0.39080674999786424
Train loss: 2.0171474136760708 Val loss: 2.0172454172513805 Time: 0.3761819999999716
Train loss: 2.1214045918860087 Val loss: 2.1216695085049895 Time: 0.3759208750016114
Train loss: 1.9823537164774052 Val loss: 1.9825288292656875 Time: 0.3774955420012702
Train loss: 2.136991499042896 Val loss: 2.1370055939220594 Time: 0.3764848329992674
Train loss: 1.9748141741716267 Val loss: 1.9749348194704368 Time: 0.3877250000005006
Train loss: 1.9990632391924237 Val loss: 1.9991735750466872 Time: 0.3761470419995021
Train loss: 2.0269272446827316 Val loss: 2.027021037134457 Time: 0.3759284170009778
Train loss: 2.0734313720640927 Val loss: 2.073942274231331 Time: 0.38803291600197554
Train loss: 1.7904230398575756 Val loss: 1.7907776758751834 Time: 0.3792394170013722
Train loss: 1.9181184831270457 Val loss: 1.9184259146511708 Time: 0.37806233300216263
Train loss: 1.9327421468631059 Val loss: 1.9329994619729367 Time: 0.38805862499793875
Train loss: 1.937152675767038 Val loss: 1.9376011551772458 Time: 0.3769940410020354
Train loss: 1.87759268637366 Val loss: 1.8786115227969165 Time: 0.37772237500030315
Train loss: 1.9272804396894543 Val loss: 1.9275545060167878 Time: 0.37589254199701827
Train loss: 1.8081273405480545 Val loss: 1.808628860236132 Time: 0.3770177499973215
Train loss: 1.8492364910733912 Val loss: 1.8500993730784527 Time: 0.38778383300086716
Train loss: 1.8248120235175804 Val loss: 1.826533653586289 Time: 0.3776693330000853
Train loss: 1.802977234536712 Val loss: 1.8038071567525937 Time: 0.3759797910024645
Shrinking learning rate to 1e-05
Train loss: 1.9532176287270318 Val loss: 1.9542257594079755 Time: 0.3781957079991116
Train loss: 1.9102252003551143 Val loss: 1.9116264498380287 Time: 0.3758301659981953
Train loss: 1.7299195700092582 Val loss: 1.7315657964740008 Time: 0.37865900000178954
Train loss: 1.7515397442670917 Val loss: 1.7532232371246095 Time: 0.39716479100025026
Train loss: 1.7489889596696457 Val loss: 1.7506079964685595 Time: 0.37512933399921167
Train loss: 1.7482298297135515 Val loss: 1.7495773329142033 Time: 0.3766377909996663
Train loss: 1.6526804642064121 Val loss: 1.6541250945302934 Time: 0.3790850000004866
Train loss: 1.7052764908522562 Val loss: 1.706850291523486 Time: 0.3765256660008163
Train loss: 1.8026592964055226 Val loss: 1.804345653868637 Time: 0.38831712500177673
Train loss: 1.7508782161847876 Val loss: 1.7524743181204052 Time: 0.37604612500217627
Train loss: 1.7869639994455326 Val loss: 1.7884532849249053 Time: 0.37519574999896577
Train loss: 1.8524674741547642 Val loss: 1.8539119276856149 Time: 0.3749217500007944
Train loss: 1.8928857078564931 Val loss: 1.8941950370193414 Time: 0.3766280829986499
Train loss: 1.590414948037278 Val loss: 1.5917924187081534 Time: 0.38678820799759706
Train loss: 1.751004080808741 Val loss: 1.7523046460452294 Time: 0.3769124169994029
Train loss: 1.7378455846841527 Val loss: 1.7393018418859718 Time: 0.3752344160020584
Train loss: 1.7402121273645292 Val loss: 1.7415948508809331 Time: 0.3883891249970475
Train loss: 1.7732109811309442 Val loss: 1.774598809634345 Time: 0.37614454199865577
Train loss: 1.6805612153589813 Val loss: 1.6819687259538147 Time: 0.3770210840011714
Train loss: 1.6332972677914768 Val loss: 1.634719339380759 Time: 0.38630491699950653
Train loss: 1.6623907496300632 Val loss: 1.6637412120116977 Time: 0.3764775420022488
Train loss: 1.657691641137717 Val loss: 1.6590214843300806 Time: 0.3758492919987475
Train loss: 1.7779422323739027 Val loss: 1.7791221889772897 Time: 0.37551429200175335
Shrinking learning rate to 1.0000000000000002e-06
Train loss: 1.736922815311491 Val loss: 1.7382021988152099 Time: 0.37640770800135215
Train loss: 1.5658985762564157 Val loss: 1.5673288114771162 Time: 0.38691916699826834
Train loss: 1.6737428412853301 Val loss: 1.6750856424931704 Time: 0.3761541669991857
Train loss: 1.6702835183281195 Val loss: 1.671637842316967 Time: 0.3750096660005511
Train loss: 1.7012699593606442 Val loss: 1.7026081537191011 Time: 0.3743285000018659
Train loss: 1.6575712062065637 Val loss: 1.6589549296254302 Time: 0.37581258400314255
Train loss: 1.66576030707543 Val loss: 1.6671531116625362 Time: 0.38392854199992144
Train loss: 1.6920409481889713 Val loss: 1.6934251131801423 Time: 0.3917430000001332
Train loss: 1.7138469839742783 Val loss: 1.7152110788675017 Time: 0.37510937499973807
Train loss: 1.8210375697565269 Val loss: 1.82231870591267 Time: 0.37565662499764585
Train loss: 1.7728233473555353 Val loss: 1.7741638006665894 Time: 0.3744714170024963
Shrinking learning rate to 1.0000000000000002e-07
Learning rate getting small
Complete
 Total time: 36.809032625002146