starting log for model: models/lstm_alpha_0.0_22-23.pth
Train loss: 14.88137666961046 Val loss: 0.7897839546203613 Time: 0.4570476670014614
Train loss: 14.338439374352106 Val loss: 0.7778433561325073 Time: 0.341309416002332
Train loss: 14.174252089725599 Val loss: 0.7730642557144165 Time: 0.3419491249987914
Train loss: 13.986883725027155 Val loss: 0.7682565450668335 Time: 0.35313345800022944
Train loss: 13.634784412051644 Val loss: 0.7542604207992554 Time: 0.3399688329991477
Train loss: 12.522735917195817 Val loss: 0.7218387722969055 Time: 0.34077679099937086
Train loss: 10.59880599560605 Val loss: 0.6513645648956299 Time: 0.34185470800002804
Train loss: 8.516857543568022 Val loss: 0.5851253867149353 Time: 0.34049779099950683
Train loss: 7.539330557141355 Val loss: 0.5492386221885681 Time: 0.3388093329995172
Train loss: 7.200768446544242 Val loss: 0.5317374467849731 Time: 0.3514348749995406
Train loss: 7.009314654722022 Val loss: 0.5230857133865356 Time: 0.352477791999263
Train loss: 6.965771926362788 Val loss: 0.5178800821304321 Time: 0.3407843330023752
Train loss: 6.92942600856648 Val loss: 0.5099237561225891 Time: 0.34007287500207894
Train loss: 6.656429548128989 Val loss: 0.49650701880455017 Time: 0.34042362499894807
Train loss: 6.546227570979148 Val loss: 0.49038004875183105 Time: 0.3395470830000704
Train loss: 6.5451370326654175 Val loss: 0.48632508516311646 Time: 0.3518331660015974
Train loss: 6.387026135240745 Val loss: 0.4757717549800873 Time: 0.3398544170013338
Train loss: 6.241740721982177 Val loss: 0.4798106551170349 Time: 0.3393815410017851
Train loss: 6.276176252826877 Val loss: 0.4779273569583893 Time: 0.3382510830015235
Train loss: 6.140613677433897 Val loss: 0.46768122911453247 Time: 0.3394644590007374
Train loss: 6.129345936174502 Val loss: 0.46404847502708435 Time: 0.33901554199837847
Train loss: 5.7848520902382345 Val loss: 0.4430449604988098 Time: 0.35077608300343854
Train loss: 5.903292176707392 Val loss: 0.44355839490890503 Time: 0.3394609999995737
Train loss: 5.672805808448414 Val loss: 0.42725202441215515 Time: 0.3386252919990511
Train loss: 5.475106584791831 Val loss: 0.42235028743743896 Time: 0.3386166249983944
Train loss: 5.416783016799059 Val loss: 0.42168647050857544 Time: 0.33995512500041514
Train loss: 5.3045085656744 Val loss: 0.40750059485435486 Time: 0.33971424999981537
Train loss: 5.242996988707217 Val loss: 0.3973272442817688 Time: 0.34982099999979255
Train loss: 5.097498203351224 Val loss: 0.37690848112106323 Time: 0.34025366700007
Train loss: 5.048781748112982 Val loss: 0.3725655674934387 Time: 0.33857829100088566
Train loss: 4.920817521225038 Val loss: 0.37176671624183655 Time: 0.3390127080019738
Train loss: 4.610615483833747 Val loss: 0.3652733564376831 Time: 0.33976137500212644
Train loss: 4.54184011250677 Val loss: 0.3593725562095642 Time: 0.33824033299970324
Train loss: 4.48499985571437 Val loss: 0.3351488709449768 Time: 0.3514976249971369
Train loss: 4.3537298759068666 Val loss: 0.33611732721328735 Time: 0.339719707997574
Train loss: 4.337132766200065 Val loss: 0.3246769905090332 Time: 0.33826883399888175
Train loss: 4.307494983994329 Val loss: 0.31777429580688477 Time: 0.3398107920002076
Train loss: 4.083134273554869 Val loss: 0.3246921896934509 Time: 0.33983241700116196
Train loss: 4.08631222930137 Val loss: 0.31645363569259644 Time: 0.33930320799845504
Train loss: 3.7139999001604513 Val loss: 0.30469465255737305 Time: 0.3498318329984613
Train loss: 3.915601354818513 Val loss: 0.29573583602905273 Time: 0.3448076669992588
Train loss: 3.8414165228985118 Val loss: 0.29440462589263916 Time: 0.3388097919996653
Train loss: 3.7095390817942713 Val loss: 0.28143125772476196 Time: 0.33913399999801186
Train loss: 3.598230574567631 Val loss: 0.28760045766830444 Time: 0.34053737499925774
Train loss: 3.6417394724355363 Val loss: 0.2779952883720398 Time: 0.33823525000116206
Train loss: 3.578071722290553 Val loss: 0.2834346294403076 Time: 0.35198495800068486
Train loss: 3.554010309221548 Val loss: 0.27611154317855835 Time: 0.34033904199895915
Train loss: 3.2808047537817893 Val loss: 0.274618923664093 Time: 0.339338209003472
Train loss: 3.564403683943432 Val loss: 0.24941200017929077 Time: 0.3404994999982591
Train loss: 3.2627929658718102 Val loss: 0.2576103210449219 Time: 0.34054124999966007
Train loss: 3.447707477549072 Val loss: 0.25262320041656494 Time: 0.33919908399911947
Train loss: 3.378438039687964 Val loss: 0.2343866229057312 Time: 0.35061583400238305
Train loss: 3.354268288415278 Val loss: 0.27401870489120483 Time: 0.3396781250012282
Train loss: 3.1726396360367133 Val loss: 0.2660664916038513 Time: 0.3387536249974801
Train loss: 3.3093572348616904 Val loss: 0.2556665539741516 Time: 0.339855374997569
Train loss: 3.1892331568406647 Val loss: 0.22804641723632812 Time: 0.3400729159984621
Train loss: 3.1923404762109993 Val loss: 0.2384558916091919 Time: 0.3396058329999505
Train loss: 3.108486214819255 Val loss: 0.2316552996635437 Time: 0.35127216699765995
Train loss: 3.157616299590636 Val loss: 0.22211748361587524 Time: 0.34001558300224133
Train loss: 3.029493511576206 Val loss: 0.23717737197875977 Time: 0.339645959000336
Train loss: 3.094864772391894 Val loss: 0.2517086863517761 Time: 0.3393647079974471
Train loss: 3.0145461126797453 Val loss: 0.2215980887413025 Time: 0.33855758299978334
Train loss: 3.025999016763128 Val loss: 0.23356521129608154 Time: 0.33850208399962867
Train loss: 3.1552437810814475 Val loss: 0.24863964319229126 Time: 0.3517287499998929
Train loss: 3.031178024454154 Val loss: 0.22514116764068604 Time: 0.3385030409990577
Train loss: 2.897304005870108 Val loss: 0.24989426136016846 Time: 0.356225124996854
Train loss: 2.826148425115875 Val loss: 0.20773965120315552 Time: 0.3423453329996846
Train loss: 2.9270063945622145 Val loss: 0.22096216678619385 Time: 0.3407257920007396
Train loss: 2.9266531581153865 Val loss: 0.22287338972091675 Time: 0.33857008300037705
Train loss: 2.853577410540609 Val loss: 0.20802122354507446 Time: 0.35110775000066496
Train loss: 2.8131111975979657 Val loss: 0.23616451025009155 Time: 0.3406654169993999
Train loss: 2.895972578005937 Val loss: 0.22623038291931152 Time: 0.33993979200022295
Train loss: 2.982239496152183 Val loss: 0.22937482595443726 Time: 0.3407009589973313
Train loss: 2.8764083942754883 Val loss: 0.2040044665336609 Time: 0.34004374999858555
Train loss: 2.7950507436949454 Val loss: 0.2168198823928833 Time: 0.3828946249996079
Train loss: 2.704472851472633 Val loss: 0.19465285539627075 Time: 0.3508007500022359
Train loss: 2.7439124404373683 Val loss: 0.23050063848495483 Time: 0.33939699999973527
Train loss: 2.808091213945275 Val loss: 0.2179388403892517 Time: 0.3396143749996554
Train loss: 2.703648498497488 Val loss: 0.21526461839675903 Time: 0.340342416002386
Train loss: 2.661876631764372 Val loss: 0.20853865146636963 Time: 0.3402824580007291
Train loss: 2.6717294593156424 Val loss: 0.2079426646232605 Time: 0.3383356250014913
Train loss: 2.5557454262266344 Val loss: 0.20508378744125366 Time: 0.3501911250023113
Train loss: 2.59374906034191 Val loss: 0.19862180948257446 Time: 0.33965054099826375
Train loss: 2.629449573414759 Val loss: 0.21060258150100708 Time: 0.33927483299703454
Train loss: 2.594330409359616 Val loss: 0.1676652431488037 Time: 0.3390286659996491
Train loss: 2.4584811634324266 Val loss: 0.14966177940368652 Time: 0.3397662500028673
Train loss: 2.5999831036397723 Val loss: 0.192033588886261 Time: 0.3393103330017766
Train loss: 2.5024919743435348 Val loss: 0.19269174337387085 Time: 0.3504772080013936
Train loss: 2.411026460904276 Val loss: 0.1771526336669922 Time: 0.3380566249979893
Train loss: 2.3934623327556217 Val loss: 0.16982543468475342 Time: 0.3391948329990555
Train loss: 2.347439744785632 Val loss: 0.14989858865737915 Time: 0.34032454200132634
Train loss: 2.284401693656825 Val loss: 0.18425142765045166 Time: 0.3390679169970099
Train loss: 2.498359071109757 Val loss: 0.16750210523605347 Time: 0.3397487500005809
Train loss: 2.372532452515388 Val loss: 0.15836727619171143 Time: 0.351581790997443
Train loss: 2.2955028493839222 Val loss: 0.1675395965576172 Time: 0.3384758749998582
Train loss: 2.234939672277825 Val loss: 0.17100512981414795 Time: 0.3400898750005581
Train loss: 2.3809278206031586 Val loss: 0.16194802522659302 Time: 0.33882749999975204
Train loss: 2.320901137839913 Val loss: 0.15532571077346802 Time: 0.33899341600044863
Train loss: 2.24194966200366 Val loss: 0.16503310203552246 Time: 0.3385119590020622
Train loss: 2.218142463615278 Val loss: 0.12396121025085449 Time: 0.35000283300178126
Train loss: 2.0892502094059457 Val loss: 0.1622365117073059 Time: 0.33964237500185845
Train loss: 2.2433372171044246 Val loss: 0.06908458471298218 Time: 0.34016658299879055
Train loss: 2.10101213772343 Val loss: 0.13507091999053955 Time: 0.3377608750015497
Train loss: 2.2151158150246877 Val loss: 0.12887930870056152 Time: 0.3386432080005761
Train loss: 2.24003857854686 Val loss: 0.14363068342208862 Time: 0.3398285830007808
Train loss: 2.165382162295982 Val loss: 0.14082813262939453 Time: 0.3493015829990327
Train loss: 2.258927609305573 Val loss: 0.10961920022964478 Time: 0.3387754159994074
Train loss: 2.2228833017235825 Val loss: 0.14924216270446777 Time: 0.34015120799813303
Train loss: 2.084589655394325 Val loss: 0.1400284767150879 Time: 0.33866958300131955
Train loss: 2.285199925385201 Val loss: 0.122173011302948 Time: 0.33893787499982864
Train loss: 2.1265529256577747 Val loss: 0.11074799299240112 Time: 0.3397204579996469
Train loss: 2.133658314721586 Val loss: 0.1317152976989746 Time: 0.3503755000019737
Train loss: 2.110925869906918 Val loss: 0.07449227571487427 Time: 0.34013724999749684
Train loss: 2.0077702727719 Val loss: 0.08449947834014893 Time: 0.3398520410009951
Train loss: 2.1041546359190715 Val loss: 0.08734214305877686 Time: 0.3379185410012724
Train loss: 2.194563404012875 Val loss: 0.10022938251495361 Time: 0.3395447079965379
Train loss: 2.006546582138328 Val loss: 0.12882912158966064 Time: 0.3389292920001026
Train loss: 2.122078847836254 Val loss: 0.11633533239364624 Time: 0.3512519159994554
Train loss: 1.8850703646306766 Val loss: 0.12320095300674438 Time: 0.3390217920023133
Train loss: 2.1227823452505845 Val loss: 0.05026257038116455 Time: 0.33938620800108765
Train loss: 1.795752354158031 Val loss: 0.11771732568740845 Time: 0.3389408340008231
Train loss: 2.0575020645375233 Val loss: 0.06089991331100464 Time: 0.33997295899825986
Train loss: 2.1326510262957274 Val loss: 0.05655628442764282 Time: 0.33929908299978706
Train loss: 2.0094819106584794 Val loss: 0.06219041347503662 Time: 0.350046209001448
Train loss: 2.0213243385672754 Val loss: 0.14706778526306152 Time: 0.33898812500046915
Train loss: 1.9344704129818524 Val loss: 0.024637937545776367 Time: 0.3382897919982497
Train loss: 1.7774516529700293 Val loss: 0.08174145221710205 Time: 0.33806729100251687
Train loss: 1.8155704198586982 Val loss: 0.06739091873168945 Time: 0.3391174169992155
Train loss: 1.8203461095987876 Val loss: 0.11667454242706299 Time: 0.3391983330002404
Train loss: 1.9682292735467093 Val loss: 0.062241554260253906 Time: 0.35036529199715005
Train loss: 1.9706820382708088 Val loss: 0.022476375102996826 Time: 0.33970645899898955
Train loss: 1.7611281245671053 Val loss: 0.10445195436477661 Time: 0.3401170409997576
Train loss: 1.8941633879764623 Val loss: 0.027969658374786377 Time: 0.33915833400169504
Train loss: 1.857959248553322 Val loss: 0.04891687631607056 Time: 0.3382507499991334
Train loss: 1.671257872597213 Val loss: 0.05852764844894409 Time: 0.33966925000277115
Train loss: 1.7597413410914768 Val loss: 0.006572604179382324 Time: 0.3500556670005608
Train loss: 1.71089006209254 Val loss: 0.04786902666091919 Time: 0.33771054099997855
Train loss: 1.7220229884500662 Val loss: 0.044251084327697754 Time: 0.33831645799727994
Train loss: 1.7111031382304418 Val loss: 0.0078963041305542 Time: 0.337733083000785
Train loss: 2.0397017186068354 Val loss: 0.013426899909973145 Time: 0.3381141660029243
Train loss: 1.7851800276070693 Val loss: 0.07472580671310425 Time: 0.3387017499990179
Train loss: 1.6462333997172998 Val loss: 0.04213458299636841 Time: 0.348767957999371
Train loss: 1.6969572269693742 Val loss: 0.005939304828643799 Time: 0.33983187500052736
Train loss: 1.709839665212371 Val loss: 0.02155327796936035 Time: 0.339951124999061
Train loss: 1.5643249655485505 Val loss: 0.05901259183883667 Time: 0.3380103749987029
Train loss: 1.7326917533849056 Val loss: 0.07706528902053833 Time: 0.3388357919975533
Train loss: 1.633443063933246 Val loss: 0.02871614694595337 Time: 0.33836270900064847
Train loss: 1.5092444378591203 Val loss: 0.0013477802276611328 Time: 0.34943987500082585
Train loss: 1.525036817774045 Val loss: 0.012026011943817139 Time: 0.3420425000003888
Train loss: 1.5648183725289755 Val loss: 0.010475695133209229 Time: 0.3384905839993735
Train loss: 1.5223364106099728 Val loss: 0.0016778111457824707 Time: 0.3381250410020584
Train loss: 1.4831319683531774 Val loss: 0.006723940372467041 Time: 0.3387816249996831
Train loss: 1.5033954581459614 Val loss: 0.005330502986907959 Time: 0.3384342919998744
Train loss: 1.4776810190268002 Val loss: 0.007959306240081787 Time: 0.35007704199961154
Train loss: 1.6575202686106572 Val loss: 0.027803361415863037 Time: 0.3394853330028127
Train loss: 1.588539323984521 Val loss: 0.042929232120513916 Time: 0.37983216700013145
Train loss: 1.4225930458063551 Val loss: 0.011606693267822266 Time: 0.3378822919985396
Train loss: 1.458677176050287 Val loss: 0.014335691928863525 Time: 0.35456737499771407
Train loss: 1.5186474422291525 Val loss: 0.010649025440216064 Time: 0.3399831249989802
Train loss: 1.4632593483410403 Val loss: 0.0026874542236328125 Time: 0.35259833300005994
Train loss: 1.4153306582081626 Val loss: 0.046409010887145996 Time: 0.3413264580012765
Train loss: 1.4249077498770504 Val loss: 0.01543039083480835 Time: 0.33919995900214417
Train loss: 1.5133091920299329 Val loss: 0.05545687675476074 Time: 0.33914270799868973
Train loss: 1.4950843604822808 Val loss: 0.06807231903076172 Time: 0.3392258749991015
Train loss: 1.2672544375412906 Val loss: 0.006242930889129639 Time: 0.33899870900131646
Train loss: 1.6239301892989317 Val loss: 0.045006632804870605 Time: 0.3501026250014547
Train loss: 1.4861563321596378 Val loss: 0.06787848472595215 Time: 0.33959799999865936
Train loss: 1.4821698146366202 Val loss: 0.009175479412078857 Time: 0.33797120800227276
Train loss: 1.4641781127116822 Val loss: 0.10453426837921143 Time: 0.33938225000019884
Train loss: 1.4508674481722466 Val loss: 0.04543858766555786 Time: 0.339375708001171
Train loss: 1.2844833154177486 Val loss: 0.0832446813583374 Time: 0.33847845799755305
Train loss: 1.5034803280208848 Val loss: 0.03569924831390381 Time: 0.349218083996675
Train loss: 1.4705358031802547 Val loss: 0.061382412910461426 Time: 0.3509359999989101
Train loss: 1.2745778771997927 Val loss: 0.11718225479125977 Time: 0.33919479199903435
Shrinking learning rate to 1e-05
Train loss: 1.4012943604144539 Val loss: 0.05173462629318237 Time: 0.34002487500038114
Train loss: 1.3024820894064568 Val loss: 0.07131439447402954 Time: 0.3393251669986057
Train loss: 1.333393094053065 Val loss: 0.06931823492050171 Time: 0.3390711249994638
Train loss: 1.2334087366633781 Val loss: 0.07072287797927856 Time: 0.35106699999960256
Train loss: 1.3621429352126313 Val loss: 0.06225520372390747 Time: 0.33930316700207186
Train loss: 1.4165678450728623 Val loss: 0.07029837369918823 Time: 0.33745545800047694
Train loss: 1.245814252797743 Val loss: 0.0656394362449646 Time: 0.3397277910007688
Train loss: 1.3858761392066299 Val loss: 0.07776749134063721 Time: 0.33868537499802187
Train loss: 1.14243775956355 Val loss: 0.06901705265045166 Time: 0.33840362499904586
Train loss: 1.2973512999289696 Val loss: 0.0643720030784607 Time: 0.3511699589980708
Train loss: 1.2673964181863449 Val loss: 0.06451481580734253 Time: 0.3389604159965529
Train loss: 1.4290445840271178 Val loss: 0.06533533334732056 Time: 0.3381126669992227
Train loss: 1.3308681424024824 Val loss: 0.07731050252914429 Time: 0.33825845799947274
Train loss: 1.3997096453086044 Val loss: 0.06462079286575317 Time: 0.3509352080000099
Train loss: 1.2178233867432215 Val loss: 0.06995481252670288 Time: 0.34085408299870323
Train loss: 1.3635673709510552 Val loss: 0.06641942262649536 Time: 0.35049537499799044
Train loss: 1.209727196273235 Val loss: 0.06452524662017822 Time: 0.3391944590002822
Train loss: 1.2957319432650536 Val loss: 0.06138652563095093 Time: 0.33828683300089324
Shrinking learning rate to 1.0000000000000002e-06
Train loss: 1.2825479905278632 Val loss: 0.06871205568313599 Time: 0.33979004199863994
Train loss: 1.2438365540495937 Val loss: 0.06923383474349976 Time: 0.3412945839991153
Train loss: 1.3491787434004436 Val loss: 0.06927633285522461 Time: 0.3394459589981125
Train loss: 1.1662644946987513 Val loss: 0.06776851415634155 Time: 0.35088270800042665
Train loss: 1.3228361202201029 Val loss: 0.06826663017272949 Time: 0.33879362500010757
Train loss: 1.2443549358901151 Val loss: 0.06867510080337524 Time: 0.33780591600225307
Train loss: 1.4181154968038925 Val loss: 0.06789577007293701 Time: 0.3381451669993112
Train loss: 1.2103999186008423 Val loss: 0.06786501407623291 Time: 0.3385248330014292
Train loss: 1.274805278187813 Val loss: 0.06823033094406128 Time: 0.3386039590004657
Train loss: 1.2695185837902665 Val loss: 0.06890100240707397 Time: 0.3530759579989535
Shrinking learning rate to 1.0000000000000002e-07
Learning rate getting small
Complete
 Total time: 69.34562716599976