starting log for model: models/lstm_alpha_0.01_23-24.pth
Train loss: 3.99777008494131 Val loss: 0.203062156282642 Time: 0.39403149999998277
Train loss: 4.932521968344815 Val loss: 0.18669850032991142 Time: 0.3781723329993838
Train loss: 3.972951143292348 Val loss: 0.17202330094594423 Time: 0.38849041700086673
Train loss: 3.983963784066816 Val loss: 0.18628994572136576 Time: 0.38028083400058676
Train loss: 3.9882783521749197 Val loss: 0.167772887766274 Time: 0.37776045899954624
Train loss: 3.758015067691727 Val loss: 0.1564176081843428 Time: 0.3795868330016674
Train loss: 3.6031702263508976 Val loss: 0.15789944093037153 Time: 0.39065349999873433
Train loss: 3.7117122091141255 Val loss: 0.1537233159856546 Time: 0.3777462919970276
Train loss: 3.3786841181621696 Val loss: 0.13386961055860855 Time: 0.37722445799954585
Train loss: 3.5543140832783404 Val loss: 0.13154053450729128 Time: 0.3773982499988051
Train loss: 3.322201087178387 Val loss: 0.11057102295701098 Time: 0.4493262079995475
Train loss: 3.206384168019944 Val loss: 0.12523125189137005 Time: 0.38873599999715225
Train loss: 3.0741983780305873 Val loss: 0.10854155516409561 Time: 0.37698762500076555
Train loss: 3.1953667634024043 Val loss: 0.11091976800897412 Time: 0.37819937499807565
Train loss: 3.238051438525595 Val loss: 0.10500582251118043 Time: 0.37908566699843504
Train loss: 3.100792248675674 Val loss: 0.09776835012639049 Time: 0.3809884160000365
Train loss: 3.0217926256499936 Val loss: 0.09575834612606451 Time: 0.38921174999995856
Train loss: 2.941099993378131 Val loss: 0.08415420435866279 Time: 0.3773005840012047
Train loss: 2.987499077634311 Val loss: 0.08609687238038712 Time: 0.3777810829997179
Train loss: 3.038556831139303 Val loss: 0.08207099460302869 Time: 0.37599287500052014
Train loss: 2.9529936822426635 Val loss: 0.07555304864424099 Time: 0.3779058750005788
Train loss: 3.0267714239639787 Val loss: 0.08480270390676813 Time: 0.3773006670016912
Train loss: 2.7766585845742497 Val loss: 0.06271581218266234 Time: 0.38829975000044215
Train loss: 2.8670711299989478 Val loss: 0.05258116839315301 Time: 0.37737683299928904
Train loss: 2.75191399646339 Val loss: 0.06307268174688352 Time: 0.37609524999788846
Train loss: 2.7777210359171107 Val loss: 0.05129635674011326 Time: 0.4669343329987896
Train loss: 2.6496995938298067 Val loss: 0.05152806014994447 Time: 0.3758948329996201
Train loss: 2.6053858520725726 Val loss: 0.04199446402566776 Time: 0.3883269160032796
Train loss: 2.706108947495597 Val loss: 0.042815319365109246 Time: 0.3783218749995285
Train loss: 2.650581093727176 Val loss: 0.04397139245312144 Time: 0.3762380829975882
Train loss: 2.5920639551758455 Val loss: 0.03787389815768357 Time: 0.3767499579989817
Train loss: 2.3948321966608432 Val loss: 0.030719933624817026 Time: 0.4062841249979101
Train loss: 2.3501578175437743 Val loss: 0.027855124996246497 Time: 0.39468699999997625
Train loss: 2.264788654883205 Val loss: 0.023829060302545814 Time: 0.3784007920003205
Train loss: 2.5079749174864574 Val loss: 0.03172340484558478 Time: 0.3774622089986224
Train loss: 2.3481993872427083 Val loss: 0.023842337259190823 Time: 0.374494458999834
Train loss: 2.2347319562798384 Val loss: 0.023886421891252743 Time: 0.3784501670015743
Train loss: 2.2767970790907066 Val loss: 0.023136368168168397 Time: 0.3791683749986987
Train loss: 2.2119269169703273 Val loss: 0.02234772789527187 Time: 0.3868023329996504
Train loss: 2.0153945066209644 Val loss: 0.02615834169926381 Time: 0.37527191700064577
Train loss: 2.1877174218949733 Val loss: 0.02313533999691371 Time: 0.37507212499986053
Train loss: 2.2466372915727106 Val loss: 0.02315885128859994 Time: 0.3772793329990236
Train loss: 2.0965944395928773 Val loss: 0.028579040388622228 Time: 0.37673233299938147
Train loss: 2.158549828432484 Val loss: 0.030303381850089357 Time: 0.38577654199980316
Train loss: 2.0171474136760708 Val loss: 0.028324429217288068 Time: 0.3747654579965456
Train loss: 2.1214045918860087 Val loss: 0.03967488612468673 Time: 0.3873820419976255
Train loss: 1.9823537164774052 Val loss: 0.03297384211037426 Time: 0.37940987500041956
Train loss: 2.136991499042896 Val loss: 0.022735759043176484 Time: 0.37386412499836297
Train loss: 1.9748141741716267 Val loss: 0.029436503695479132 Time: 0.38921854199725203
Train loss: 1.9990632391924237 Val loss: 0.028996107633204853 Time: 0.3755510000009963
Train loss: 2.0269272446827316 Val loss: 0.028126022719937034 Time: 0.3760838749985851
Train loss: 2.0734313720640927 Val loss: 0.050485779678099064 Time: 0.3756420829995477
Train loss: 1.7904230398575756 Val loss: 0.03988212915889754 Time: 0.3752702080018935
Train loss: 1.9181184831270457 Val loss: 0.039336910696111956 Time: 0.37746304200118175
Train loss: 1.9327421468631059 Val loss: 0.03699003848715422 Time: 0.38900387499961653
Train loss: 1.937152675767038 Val loss: 0.045967416304653494 Time: 0.37504612499833456
Train loss: 1.87759268637366 Val loss: 0.06464899914990126 Time: 0.373803084003157
Train loss: 1.9272804396894543 Val loss: 0.037787847853081404 Time: 0.37600749999910477
Train loss: 1.8081273405480545 Val loss: 0.04626885442317889 Time: 0.38456433300234494
Train loss: 1.8492364910733912 Val loss: 0.05944794283949166 Time: 0.3902857920002134
Train loss: 1.8248120235175804 Val loss: 0.0813588372647285 Time: 0.3766158329999598
Train loss: 1.802977234536712 Val loss: 0.057605756527029754 Time: 0.37578537499939557
Shrinking learning rate to 1e-05
Train loss: 1.9532176287270318 Val loss: 0.06573217989802872 Time: 0.37960375000329805
Train loss: 1.9102252003551143 Val loss: 0.07563242479396913 Time: 0.37564383399876533
Train loss: 1.7299195700092582 Val loss: 0.07744450264217713 Time: 0.37595158299882314
Train loss: 1.7515397442670917 Val loss: 0.078784723100611 Time: 0.38746433399865055
Train loss: 1.7489889596696457 Val loss: 0.07727789134971799 Time: 0.375622999999905
Train loss: 1.7482298297135515 Val loss: 0.07084445709195647 Time: 0.3759019159988384
Train loss: 1.6526804642064121 Val loss: 0.07106508887637496 Time: 0.37469612499990035
Train loss: 1.7052764908522562 Val loss: 0.07523831611253477 Time: 0.37588908299949253
Train loss: 1.8026592964055226 Val loss: 0.0800478467622786 Time: 0.3870877500012284
Train loss: 1.7508782161847876 Val loss: 0.07680016415312148 Time: 0.374869374998525
Train loss: 1.7869639994455326 Val loss: 0.07512749881263611 Time: 0.3881525420001708
Train loss: 1.8524674741547642 Val loss: 0.07547752240197272 Time: 0.37804529100321815
Train loss: 1.8928857078564931 Val loss: 0.0729166434473488 Time: 0.3762985829998797
Train loss: 1.590414948037278 Val loss: 0.0680906696033255 Time: 0.3854849169983936
Train loss: 1.751004080808741 Val loss: 0.06973437510965086 Time: 0.37749504200110096
Train loss: 1.7378455846841527 Val loss: 0.07325047241725118 Time: 0.37614612499965006
Train loss: 1.7402121273645292 Val loss: 0.07153467839601901 Time: 0.37650795900117373
Train loss: 1.7732109811309442 Val loss: 0.07237526698140348 Time: 0.37384858400037047
Train loss: 1.6805612153589813 Val loss: 0.07081825412772766 Time: 0.38023545800024294
Train loss: 1.6332972677914768 Val loss: 0.07010078149963894 Time: 0.38983954200011794
Train loss: 1.6623907496300632 Val loss: 0.06905193980617175 Time: 0.37666250000256696
Train loss: 1.657691641137717 Val loss: 0.06845073066546603 Time: 0.3768436249993101
Train loss: 1.7779422323739027 Val loss: 0.06718102046569503 Time: 0.37637383400215185
Shrinking learning rate to 1.0000000000000002e-06
Train loss: 1.736922815311491 Val loss: 0.06890361168378056 Time: 0.3871614169984241
Train loss: 1.5658985762564157 Val loss: 0.06874922544663285 Time: 0.38766333300009137
Train loss: 1.6737428412853301 Val loss: 0.06911550074145831 Time: 0.37790941699859104
Train loss: 1.6702835183281195 Val loss: 0.06931831627155946 Time: 0.3735583330017107
Train loss: 1.7012699593606442 Val loss: 0.06960231630672209 Time: 0.37443058300050325
Train loss: 1.6575712062065637 Val loss: 0.06974173150845822 Time: 0.37468833300226834
Train loss: 1.66576030707543 Val loss: 0.07013966665239037 Time: 0.3765725829980511
Train loss: 1.6920409481889713 Val loss: 0.07051484849291974 Time: 0.38321650000216323
Train loss: 1.7138469839742783 Val loss: 0.07050735947783755 Time: 0.37814200000138953
Train loss: 1.8210375697565269 Val loss: 0.07070539751332477 Time: 0.37719204099994386
Train loss: 1.7728233473555353 Val loss: 0.07119593337351464 Time: 0.3736962910006696
Shrinking learning rate to 1.0000000000000002e-07
Learning rate getting small
Complete
 Total time: 36.676213540999015