starting log for model: models/lstm_comb_fcast_19_new_22-23.pth
Train loss: 14.027144777409603 Val loss: 1.591489419252598 Time: 0.4787052089959616
Train loss: 13.232939999499422 Val loss: 1.510395943605966 Time: 0.4467004170001019
Train loss: 12.037708867187064 Val loss: 1.3881620488575963 Time: 0.30471291599678807
Train loss: 10.379827164858998 Val loss: 1.2177212001931705 Time: 0.30169583299721126
Train loss: 8.780749985251017 Val loss: 1.0540594836413868 Time: 0.30284962500445545
Train loss: 7.537137990294804 Val loss: 0.922248675986174 Time: 0.3058166249975329
Train loss: 6.764326558056737 Val loss: 0.8364776717245234 Time: 0.3241425409942167
Train loss: 6.396428706094415 Val loss: 0.7901352059222132 Time: 0.3173895840009209
Train loss: 6.265477296840204 Val loss: 0.765302489376227 Time: 0.37246883400075603
Train loss: 5.861422506056 Val loss: 0.7275292444866216 Time: 0.32338495799922384
Train loss: 5.871550929730397 Val loss: 0.7207649856005688 Time: 0.3173666250077076
Train loss: 5.409626049483201 Val loss: 0.6773129539814068 Time: 0.31659674999536946
Train loss: 5.391055562466217 Val loss: 0.6705227343915854 Time: 0.31660520799050573
Train loss: 5.404070691863778 Val loss: 0.6673339965933367 Time: 0.3180260409862967
Train loss: 5.315628313063028 Val loss: 0.6575428264508834 Time: 0.3299544170004083
Train loss: 5.356158735473079 Val loss: 0.6596611977937153 Time: 0.31603445899963845
Train loss: 5.0956558309809745 Val loss: 0.6309129733592401 Time: 0.3156730409973534
Train loss: 5.22714414295757 Val loss: 0.6410240441552909 Time: 0.31664341600844637
Train loss: 4.96655799576995 Val loss: 0.6098968652228064 Time: 0.3182153749949066
Train loss: 5.192383955429735 Val loss: 0.6307973861707266 Time: 0.3200604579906212
Train loss: 5.132709110646616 Val loss: 0.619585363025434 Time: 0.31836000000475906
Train loss: 4.760833531778815 Val loss: 0.5847312874265286 Time: 0.33500670800276566
Train loss: 4.704191148808055 Val loss: 0.5779425165727132 Time: 0.321292499997071
Train loss: 4.697196665383822 Val loss: 0.5767364911006383 Time: 0.3199790409998968
Train loss: 4.488492491853371 Val loss: 0.5580109599685342 Time: 0.3220382500003325
Train loss: 4.425320289603889 Val loss: 0.5508931700340745 Time: 0.32566704199416563
Train loss: 4.415038780244107 Val loss: 0.549204090793525 Time: 0.3249923330004094
Train loss: 4.447928200972317 Val loss: 0.5500302085820392 Time: 0.33703366699046455
Train loss: 4.279541961905181 Val loss: 0.5327511568964428 Time: 0.32202783299726434
Train loss: 4.21955220788292 Val loss: 0.5245055373093805 Time: 0.3211194159957813
Train loss: 4.074856263559321 Val loss: 0.5122221559692028 Time: 0.34546362500987016
Train loss: 3.9445191447009478 Val loss: 0.4999374629925356 Time: 0.32763975000125356
Train loss: 4.108396647239573 Val loss: 0.5101520736810065 Time: 0.3257322919962462
Train loss: 3.902485365255794 Val loss: 0.48778013117888874 Time: 0.3362842500064289
Train loss: 4.043669759103636 Val loss: 0.5013183755403596 Time: 0.3261920420045499
Train loss: 3.998759912478337 Val loss: 0.4936873947695322 Time: 0.3525007080024807
Train loss: 3.9249178418172805 Val loss: 0.48633800584064163 Time: 0.32298216701019555
Train loss: 3.754953505724089 Val loss: 0.48419193496607427 Time: 0.3286268329975428
Train loss: 3.736703264530604 Val loss: 0.4788357761816383 Time: 0.329147666998324
Train loss: 3.4910118376605013 Val loss: 0.45637874905118603 Time: 0.33856295800069347
Train loss: 3.4705722419804843 Val loss: 0.45016422808688983 Time: 0.3295582499995362
Train loss: 3.5291294257896095 Val loss: 0.44640290775119906 Time: 0.332582207993255
Train loss: 3.4690578376878847 Val loss: 0.4467934787409004 Time: 0.32860350000555627
Train loss: 3.612881760406596 Val loss: 0.4513529722112727 Time: 0.3306612499873154
Train loss: 3.187632016516341 Val loss: 0.4078343653087339 Time: 0.32783850000123493
Train loss: 3.0878710068680117 Val loss: 0.4056608235783316 Time: 0.32888087500759866
Train loss: 3.143787007600082 Val loss: 0.4042969193693036 Time: 0.343115666997619
Train loss: 3.246083959478625 Val loss: 0.4013554911837665 Time: 0.32930629199836403
Train loss: 3.083441079728061 Val loss: 0.3903947036398704 Time: 0.3307252919912571
Train loss: 2.957947481604492 Val loss: 0.38282903207889996 Time: 0.3370809579937486
Train loss: 3.0185742140396545 Val loss: 0.37537759801831283 Time: 0.3337496669992106
Train loss: 2.813593834021667 Val loss: 0.39567580325897256 Time: 0.3310722089954652
Train loss: 2.6466595732674345 Val loss: 0.381971162369622 Time: 0.3410268329898827
Train loss: 2.836371094034651 Val loss: 0.39024103983393593 Time: 0.33298375000595115
Train loss: 2.546086214237338 Val loss: 0.36357790262781337 Time: 0.33013670799846295
Train loss: 2.8183710350754794 Val loss: 0.38415280240058464 Time: 0.3346828329958953
Train loss: 2.6093994095309156 Val loss: 0.36248833025376404 Time: 0.33045416699314956
Train loss: 2.4240771332043387 Val loss: 0.3520999295622163 Time: 0.33072854101192206
Train loss: 2.43005271285491 Val loss: 0.3484891897504478 Time: 0.34023104200605303
Train loss: 2.4800588709501312 Val loss: 0.3536704315753272 Time: 0.33185066700389143
Train loss: 2.3335923746075533 Val loss: 0.3364282003845281 Time: 0.33279083399975207
Train loss: 2.4951448478764267 Val loss: 0.3459393413700826 Time: 0.3340074580046348
Train loss: 2.2129130388971854 Val loss: 0.3243117743419693 Time: 0.3305050830094842
Train loss: 2.0830098237724997 Val loss: 0.3127271054587162 Time: 0.3359666249889415
Train loss: 2.333521704133518 Val loss: 0.32884649014793477 Time: 0.34300408299895935
Train loss: 2.1365905392615048 Val loss: 0.31086707553466814 Time: 0.3386753749946365
Train loss: 2.114493443817664 Val loss: 0.3092349694439055 Time: 0.33536899999307934
Train loss: 2.1971770629930383 Val loss: 0.31455012474007804 Time: 0.3362034159945324
Train loss: 2.229055751887156 Val loss: 0.3188687000846104 Time: 0.332180542012793
Train loss: 2.1339646158607692 Val loss: 0.3085236142662898 Time: 0.33287974999984726
Train loss: 2.2047130437757048 Val loss: 0.3125810623526798 Time: 0.35160595799970906
Train loss: 2.0721815615765573 Val loss: 0.30739130794725594 Time: 0.33516479200625326
Train loss: 1.9696375533885275 Val loss: 0.2963279622841521 Time: 0.35531950001313817
Train loss: 1.8419213961535992 Val loss: 0.29078142181204425 Time: 0.33790208400751
Train loss: 1.8383629394988665 Val loss: 0.28370263679688795 Time: 0.33911904200795107
Train loss: 1.779435912710726 Val loss: 0.27824349513115 Time: 0.3392803339957027
Train loss: 1.8997220216378867 Val loss: 0.2873494024239573 Time: 0.3535418330138782
Train loss: 1.8001007992679074 Val loss: 0.27773262055177694 Time: 0.34205345800728537
Train loss: 1.8035194350240387 Val loss: 0.27668463555515954 Time: 0.33730179199483246
Train loss: 1.8410933170122945 Val loss: 0.278972220709523 Time: 0.34282433400221635
Train loss: 1.847286729175412 Val loss: 0.2827445733501432 Time: 0.33911170800274704
Train loss: 1.6822001618172848 Val loss: 0.27059890360347 Time: 0.33453429100336507
Train loss: 1.8264561994248787 Val loss: 0.2800197872791067 Time: 0.3730596250097733
Train loss: 1.7743993671170717 Val loss: 0.27431948643074083 Time: 0.33584395800426137
Train loss: 1.821960712738047 Val loss: 0.2794892232537634 Time: 0.33655908300715964
Train loss: 1.5846745067490176 Val loss: 0.26744649522115405 Time: 0.33786587498616427
Train loss: 1.6863512709363135 Val loss: 0.26878975315228953 Time: 0.3358947079977952
Train loss: 1.6697903509672314 Val loss: 0.2701301857488463 Time: 0.3359046249970561
Train loss: 1.5943056015720503 Val loss: 0.2686912648540726 Time: 0.35365033301059157
Train loss: 1.724247060228484 Val loss: 0.27588492780168133 Time: 0.35188129199377727
Train loss: 1.6744056026034868 Val loss: 0.27315464869925177 Time: 0.3412640000024112
Train loss: 1.5200771819424528 Val loss: 0.262301679044802 Time: 0.33819812499859836
Train loss: 1.6407597695130924 Val loss: 0.2643765190878777 Time: 0.33894970899564214
Train loss: 1.393997941939551 Val loss: 0.25026684140168753 Time: 0.34272054200118873
Train loss: 1.5401383976966414 Val loss: 0.26298948615263695 Time: 0.3580737080046674
Train loss: 1.552812759083386 Val loss: 0.26379026204741224 Time: 0.3436253330000909
Train loss: 1.5121220846358945 Val loss: 0.26077185337269176 Time: 0.34019058299600147
Train loss: 1.4754234256308223 Val loss: 0.25630622265331815 Time: 0.3401097090099938
Train loss: 1.4977694637024825 Val loss: 0.2625451004960427 Time: 0.3427083329879679
Train loss: 1.5829193922370433 Val loss: 0.26398115292913876 Time: 0.3396676669945009
Train loss: 1.3412611691572884 Val loss: 0.2524408581376366 Time: 0.3563261249946663
Train loss: 1.4996444824400754 Val loss: 0.26155622454854194 Time: 0.36867633399378974
Train loss: 1.395139619155339 Val loss: 0.25660788637064713 Time: 0.41049104201374575
Train loss: 1.3342649952104182 Val loss: 0.25166694996093514 Time: 0.34753737499704584
Train loss: 1.464974832076388 Val loss: 0.25629783730387184 Time: 0.37908012499974575
Train loss: 1.4522428439936999 Val loss: 0.26090748042184464 Time: 0.34030233300291
Train loss: 1.4238740207591878 Val loss: 0.2535065523039817 Time: 0.3543552499904763
Train loss: 1.455470311259944 Val loss: 0.2545939080962692 Time: 0.3438860409951303
Train loss: 1.4081672654328088 Val loss: 0.2603371222603907 Time: 0.34061612500227056
Train loss: 1.3450046823383985 Val loss: 0.2622684830353206 Time: 0.34215058300469536
Train loss: 1.3902744744140136 Val loss: 0.2612282365307857 Time: 0.34479029099748004
Train loss: 1.4290132626105745 Val loss: 0.2609941710558425 Time: 0.34008312500372995
Train loss: 1.2876408104431656 Val loss: 0.25258625366437154 Time: 0.35788333299569786
Train loss: 1.270960077090507 Val loss: 0.2496323028419436 Time: 0.36619174999941606
Train loss: 1.321486571929114 Val loss: 0.2539101902366393 Time: 0.3446891659987159
Train loss: 1.3808634824214625 Val loss: 0.25637802082314287 Time: 0.3416849170025671
Train loss: 1.2910495090800889 Val loss: 0.2477360959280906 Time: 0.3439997499954188
Train loss: 1.2876859626954555 Val loss: 0.24996443249478267 Time: 0.3421415829943726
Train loss: 1.36628893076616 Val loss: 0.2529733688335752 Time: 0.3709264589997474
Train loss: 1.207320022082625 Val loss: 0.25310218139396334 Time: 0.3470190419902792
Train loss: 1.2228425230701276 Val loss: 0.2443310578394999 Time: 0.34390399999392685
Train loss: 1.2499109799582673 Val loss: 0.257018809125445 Time: 0.34511404200748075
Train loss: 1.3247719791135815 Val loss: 0.2537424718971902 Time: 0.3389739160047611
Train loss: 1.2534974829124366 Val loss: 0.2525740501040522 Time: 0.3427125839953078
Train loss: 1.2570800874385988 Val loss: 0.24545341012246757 Time: 0.3552271250082413
Train loss: 1.2401626635054868 Val loss: 0.25728762353503826 Time: 0.34216537499742117
Train loss: 1.2639843285822572 Val loss: 0.2562693720471676 Time: 0.345819832989946
Train loss: 1.1957910514981096 Val loss: 0.24917195677798262 Time: 0.3443159589951392
Train loss: 1.2197678119276603 Val loss: 0.24993726010546238 Time: 0.3812735829997109
Train loss: 1.271732779708401 Val loss: 0.2550192318563435 Time: 0.3569457919948036
Train loss: 1.200526132135125 Val loss: 0.25024586033857465 Time: 0.34293179199448787
Train loss: 1.1972738579905142 Val loss: 0.24101093672259058 Time: 0.34465883299708366
Train loss: 1.153262965973056 Val loss: 0.24550160024744158 Time: 0.35257225000532344
Train loss: 1.1270584332420128 Val loss: 0.23616899020688714 Time: 0.3431975420098752
Train loss: 1.1561501159297993 Val loss: 0.2413556247787403 Time: 0.34290108300046995
Train loss: 1.1937245328067272 Val loss: 0.24805779893989874 Time: 0.36092058299982455
Train loss: 1.1363474330658079 Val loss: 0.2425226922683415 Time: 0.34548558299138676
Train loss: 1.180118005682111 Val loss: 0.250986195658116 Time: 0.34918991700396873
Train loss: 1.2186931999547355 Val loss: 0.2444182301859197 Time: 0.3480249999993248
Train loss: 1.1544953738405326 Val loss: 0.24400002125405293 Time: 0.349151874994277
Train loss: 1.0999661319348333 Val loss: 0.24211771932026013 Time: 0.34606745799828786
Train loss: 1.2265035070439474 Val loss: 0.24415905426629114 Time: 0.3709522089920938
Train loss: 1.0869118246521374 Val loss: 0.24014576945292881 Time: 0.3465690830053063
Train loss: 1.1938278826510356 Val loss: 0.24967652723521994 Time: 0.3495709999988321
Train loss: 1.102322608903151 Val loss: 0.2538105485016696 Time: 0.34645741699205246
Train loss: 1.106830291724581 Val loss: 0.24369742952297316 Time: 0.34794895799132064
Train loss: 1.160972204450161 Val loss: 0.25139956484458853 Time: 0.3496648339933017
Train loss: 0.9782525361158037 Val loss: 0.2337068260992289 Time: 0.36165412499394733
Train loss: 1.109287855344565 Val loss: 0.2393241761205692 Time: 0.34624866700323764
Train loss: 1.0210490319858754 Val loss: 0.24655892187675343 Time: 0.3463830830005463
Train loss: 0.9401275590956573 Val loss: 0.23035080208736733 Time: 0.35808195899880957
Train loss: 1.120667513119888 Val loss: 0.2478801838140205 Time: 0.3458132500090869
Train loss: 1.092404013762291 Val loss: 0.2417577869957838 Time: 0.3479585409950232
Train loss: 1.1635456495765402 Val loss: 0.24549718959081196 Time: 0.3612757920054719
Train loss: 1.1384931295477934 Val loss: 0.2448879344442081 Time: 0.36782754099112935
Train loss: 0.9974277639457256 Val loss: 0.23682601331875278 Time: 0.3475002079940168
Train loss: 0.9562168907403894 Val loss: 0.23649094710815052 Time: 0.3445803749928018
Train loss: 1.0908603453575307 Val loss: 0.23576217727004803 Time: 0.3465144999936456
Train loss: 1.0305649352554624 Val loss: 0.23748206961609758 Time: 0.348051666005631
Train loss: 0.932982914408683 Val loss: 0.23037373086116716 Time: 0.35817133300588466
Train loss: 0.9735119405397228 Val loss: 0.23436383901207658 Time: 0.3450470420066267
Train loss: 1.0960040930066555 Val loss: 0.236687154830384 Time: 0.35463258299569134
Train loss: 0.8977332912345588 Val loss: 0.22795993418432328 Time: 0.35162837500683963
Train loss: 0.9857042695008751 Val loss: 0.23767635177191349 Time: 0.3459257499926025
Train loss: 1.0251726540527182 Val loss: 0.23228114655404877 Time: 0.3483398749958724
Train loss: 0.9200178816561504 Val loss: 0.23230957029434543 Time: 0.35986341699026525
Train loss: 1.116174189598901 Val loss: 0.23892050998494516 Time: 0.34712195800966583
Train loss: 0.980426627919428 Val loss: 0.23911578245503795 Time: 0.3500727500068024
Train loss: 0.9802845550994448 Val loss: 0.241752113520718 Time: 0.34672129100363236
Train loss: 1.0403123057959918 Val loss: 0.240537486808728 Time: 0.3454322079924168
Train loss: 0.8860440081824663 Val loss: 0.22992480292461911 Time: 0.3475213750061812
Train loss: 1.0165432380419581 Val loss: 0.23678477892149122 Time: 0.35902333399280906
Train loss: 1.1270410942707194 Val loss: 0.23412975418324827 Time: 0.3456948749953881
Train loss: 0.9464597887721569 Val loss: 0.23142377294966068 Time: 0.3486085829936201
Train loss: 0.9233185180753765 Val loss: 0.228717330234161 Time: 0.34737712499918416
Train loss: 0.8783488816876286 Val loss: 0.22489349321936009 Time: 0.3637624160037376
Train loss: 0.9393830380814769 Val loss: 0.22880024799406068 Time: 0.39241845899960026
Train loss: 0.8439946189654535 Val loss: 0.22717473582193845 Time: 0.3477907089982182
Train loss: 0.9076655008067647 Val loss: 0.2334994198187486 Time: 0.3502274999918882
Train loss: 0.942721830420524 Val loss: 0.2296233806352471 Time: 0.35102529100549873
Train loss: 0.8933845256730422 Val loss: 0.23042154176550733 Time: 0.3523156250012107
Train loss: 0.8614742109170628 Val loss: 0.23423561694957226 Time: 0.351137290999759
Train loss: 0.8837243978267404 Val loss: 0.22817611468189883 Time: 0.3730529580061557
Train loss: 0.9201706292319898 Val loss: 0.23213396693193408 Time: 0.3511875000112923
Train loss: 0.8438753416732832 Val loss: 0.22272455991495677 Time: 0.4313818749942584
Train loss: 0.9687994631031973 Val loss: 0.23096189005484272 Time: 0.36409000000276137
Train loss: 0.8627365364334381 Val loss: 0.22509109166119276 Time: 0.3546809590043267
Train loss: 0.8827710519623455 Val loss: 0.23486915543633188 Time: 0.36036024999339134
Train loss: 0.9125073152498118 Val loss: 0.22807151274117843 Time: 0.3665341250016354
Train loss: 0.8342977044858149 Val loss: 0.22705652489465689 Time: 0.36399158400308806
Train loss: 0.9301292606214844 Val loss: 0.22646471728911585 Time: 0.354078042000765
Train loss: 0.8969153379381964 Val loss: 0.23994220019978357 Time: 0.35434529099438805
Train loss: 0.935045550456735 Val loss: 0.2325728735093344 Time: 0.3514319579990115
Train loss: 0.890933755260221 Val loss: 0.2422975139576139 Time: 0.36447279099957086
Train loss: 0.9090525579512132 Val loss: 0.22898879751876777 Time: 0.3746976669935975
Train loss: 0.8595348745377009 Val loss: 0.23845865438137345 Time: 0.36089041699597146
Train loss: 0.7758904902117081 Val loss: 0.2271157878529293 Time: 0.3524599170050351
Train loss: 0.8803032751365549 Val loss: 0.24002290309666086 Time: 0.3520954999985406
Train loss: 0.7457850379764182 Val loss: 0.22750778362857635 Time: 0.3486549160006689
Train loss: 0.8837233141133263 Val loss: 0.23114118669877365 Time: 0.37198762499610893
Train loss: 0.886498910828621 Val loss: 0.23226923787507697 Time: 0.3525743749924004
Train loss: 0.7942423355370005 Val loss: 0.22792601850897615 Time: 0.35161516700463835
Train loss: 0.7399771811966716 Val loss: 0.22312292115062096 Time: 0.3512077909981599
Train loss: 0.8390086124409502 Val loss: 0.22429734916485747 Time: 0.35677866599871777
Train loss: 0.8271872826217257 Val loss: 0.22485051309955834 Time: 0.3524887499952456
Train loss: 0.7839788553748095 Val loss: 0.22397490242468898 Time: 0.36829449998913333
Train loss: 0.8843039816169416 Val loss: 0.2312498316988831 Time: 0.3550958330015419
Train loss: 0.6984322823687421 Val loss: 0.22327558160375705 Time: 0.3507827089924831
Train loss: 0.7136312845620978 Val loss: 0.2259607510708447 Time: 0.34978754199983086
Train loss: 0.7829872805625229 Val loss: 0.2234006299997754 Time: 0.3546462919912301
Train loss: 0.7985282910119906 Val loss: 0.2309797733807262 Time: 0.3515517500054557
Train loss: 0.8727419357496409 Val loss: 0.2262788297332191 Time: 0.36389491699810605
Train loss: 0.7672823388641952 Val loss: 0.22964082054324667 Time: 0.35185141599504277
Train loss: 0.7479571783190977 Val loss: 0.22275570152573243 Time: 0.3514274579938501
Train loss: 0.8137699889257419 Val loss: 0.22557401165748198 Time: 0.35264941699279007
Train loss: 0.7630896277492085 Val loss: 0.23017869185937614 Time: 0.35158791599678807
Train loss: 0.7300084737101145 Val loss: 0.2257031778668025 Time: 0.35478424999746494
Shrinking learning rate to 5e-06
Train loss: 0.7976613680211093 Val loss: 0.2245346063427119 Time: 0.38485450000735
Train loss: 0.7553741727548413 Val loss: 0.2226867939163878 Time: 0.3504762499942444
Train loss: 0.7423463329854352 Val loss: 0.22315207673033505 Time: 0.3509464999951888
Train loss: 0.8307570512512479 Val loss: 0.22479803119953373 Time: 0.35209712501091417
Train loss: 0.6923599952365294 Val loss: 0.22045118473782885 Time: 0.35331308300374076
Train loss: 0.8586757725042844 Val loss: 0.22636388103346824 Time: 0.36406841699499637
Train loss: 0.7980578723879148 Val loss: 0.2244221928266001 Time: 0.3786718339979416
Train loss: 0.8229245775399647 Val loss: 0.22493552555851554 Time: 0.35367562499595806
Train loss: 0.830227196068729 Val loss: 0.2246096960711894 Time: 0.3522932089981623
Train loss: 0.8058943497995621 Val loss: 0.22348361890139742 Time: 0.35332987499714363
Train loss: 0.8656971510405143 Val loss: 0.2266131583438382 Time: 0.3491664169996511
Train loss: 0.6950588106766133 Val loss: 0.22134167466747723 Time: 0.3705770000087796
Train loss: 0.7389700339491014 Val loss: 0.22226135037062092 Time: 0.34778970800107345
Train loss: 0.7263050373913842 Val loss: 0.2214006494267494 Time: 0.3566149169928394
Shrinking learning rate to 5.000000000000001e-07
Learning rate getting small
Complete
 Total time: 80.2501202919957