starting log for model: models/lstm_lin1_fcast_24_new_23-24.pth
Train loss: 18.055713240150666 Val loss: 1.9916190115024488 Time: 0.48576595800113864
Train loss: 16.97340392410206 Val loss: 1.8898218424963 Time: 0.5412722909968579
Train loss: 16.823144541037394 Val loss: 1.8829560673872996 Time: 0.4863716249965364
Train loss: 16.634404429214676 Val loss: 1.8569450413962671 Time: 0.4870671250100713
Train loss: 15.691062988488895 Val loss: 1.7601323424522326 Time: 0.49942824999743607
Train loss: 13.400994096823483 Val loss: 1.5137982532828427 Time: 0.4986231660004705
Train loss: 10.034532259117324 Val loss: 1.1498583000639349 Time: 0.49895054099033587
Train loss: 8.264034805985403 Val loss: 0.9564556416286842 Time: 0.506761209006072
Train loss: 7.620255847783237 Val loss: 0.8871022561979015 Time: 0.5042998749995604
Train loss: 7.4974967452076235 Val loss: 0.8621897677548019 Time: 0.5047807919909246
Train loss: 7.198991987684352 Val loss: 0.8316086579688209 Time: 0.5150298749940703
Train loss: 6.944233527266986 Val loss: 0.8050514742436606 Time: 0.5088568329956615
Train loss: 7.22404924997295 Val loss: 0.8251859568694201 Time: 0.5055380410049111
Train loss: 7.053941414589968 Val loss: 0.8071771179983332 Time: 0.5069187500048429
Train loss: 7.128292007707401 Val loss: 0.8127976642877919 Time: 0.5106838750070892
Train loss: 6.78628657967689 Val loss: 0.7757923459305784 Time: 0.5166523340012645
Train loss: 6.526140819655254 Val loss: 0.7446692771359311 Time: 0.517150457992102
Train loss: 6.373880874098404 Val loss: 0.7248270386518146 Time: 0.5084709580114577
Train loss: 6.443116378513871 Val loss: 0.7296332538334106 Time: 0.5123739999980899
Train loss: 6.661930193151292 Val loss: 0.7423193598105603 Time: 0.5251213750016177
Train loss: 6.19661964472607 Val loss: 0.6967389021610938 Time: 0.5110914999968372
Train loss: 5.943046470255941 Val loss: 0.672380473126913 Time: 0.5112566250027157
Train loss: 6.037890561111794 Val loss: 0.6766095126627077 Time: 0.5108652079943568
Train loss: 6.114553475247774 Val loss: 0.6810222483558948 Time: 0.5200541670055827
Train loss: 5.752798936079727 Val loss: 0.6400582463095378 Time: 0.5126590829895576
Train loss: 5.895729200772706 Val loss: 0.6500068181679851 Time: 0.5197835420112824
Train loss: 5.5711612459845234 Val loss: 0.6192880913543358 Time: 0.5173159170080908
Train loss: 5.6661904932719835 Val loss: 0.6283547575404286 Time: 0.5215607919963077
Train loss: 5.560306081824325 Val loss: 0.6152495624519791 Time: 0.5180894999939483
Train loss: 5.420336669961367 Val loss: 0.5944296657277671 Time: 0.512361166998744
Train loss: 5.333427599756249 Val loss: 0.5846386025557277 Time: 0.5213564160076203
Train loss: 4.973615739566862 Val loss: 0.5501129172853241 Time: 0.5207176249969052
Train loss: 5.016224477625357 Val loss: 0.5484370679067055 Time: 0.5188995420030551
Train loss: 4.942203940001477 Val loss: 0.5372173912102087 Time: 0.5193968330131611
Train loss: 4.892773879108601 Val loss: 0.5327192090193063 Time: 0.5223480409913464
Train loss: 4.765056297071375 Val loss: 0.5166230826197404 Time: 0.5246566249988973
Train loss: 4.567975216676425 Val loss: 0.4963762141269069 Time: 0.5251084999908926
Train loss: 4.588752189833414 Val loss: 0.5067272208534795 Time: 0.5274837089964421
Train loss: 4.403042800662462 Val loss: 0.485696992861614 Time: 0.5421142910054186
Train loss: 4.2014114604183135 Val loss: 0.47070252195395446 Time: 0.6249153340031626
Train loss: 4.103173987359188 Val loss: 0.45817386539828525 Time: 0.5354419579962268
Train loss: 4.0627970609930895 Val loss: 0.45656329200244006 Time: 0.5498029579903232
Train loss: 4.160191851676814 Val loss: 0.4610863302401155 Time: 0.7570337910001399
Train loss: 3.912250259058468 Val loss: 0.4446327549059671 Time: 0.5443282080086647
Train loss: 3.8118063114873575 Val loss: 0.4274673691237913 Time: 0.5799644579965388
Train loss: 3.6774492000553636 Val loss: 0.41260820344597987 Time: 0.5451488749968121
Train loss: 3.5976922022720137 Val loss: 0.40447851733095525 Time: 0.5613828330097022
Train loss: 3.5183030010553638 Val loss: 0.4003650941317556 Time: 0.5565325409988873
Train loss: 3.460007685297853 Val loss: 0.3931293428856879 Time: 0.5864529579994269
Train loss: 3.5247478331912845 Val loss: 0.40934372326520896 Time: 0.5585645419923821
Train loss: 3.048439030584402 Val loss: 0.36297510984329073 Time: 0.617993749998277
Train loss: 3.3025837784905088 Val loss: 0.36866381376901697 Time: 0.5428049589972943
Train loss: 3.0627045137888445 Val loss: 0.34643252000539004 Time: 0.5332860000053188
Train loss: 3.088543104865061 Val loss: 0.3553754779333532 Time: 0.5589833340054611
Train loss: 2.8663223610685087 Val loss: 0.34258931077891247 Time: 0.5868149159941822
Train loss: 2.9376227923908473 Val loss: 0.342610808885742 Time: 0.5488615000067512
Train loss: 2.905770988416734 Val loss: 0.35462408721488725 Time: 0.541815749995294
Train loss: 2.755920241253442 Val loss: 0.34259230295098564 Time: 0.5587495840009069
Train loss: 2.6417225167913667 Val loss: 0.3115772459195 Time: 0.5632085000106599
Train loss: 2.746673486800826 Val loss: 0.34942128160044683 Time: 0.549850791998324
Train loss: 2.6464147367917246 Val loss: 0.32673138746073677 Time: 0.550024249998387
Train loss: 2.624574474753118 Val loss: 0.33790969108064706 Time: 0.6749319160007872
Train loss: 2.692630698705951 Val loss: 0.3692735362101641 Time: 0.6588572919863509
Train loss: 2.824207261392665 Val loss: 0.3549451131914793 Time: 0.5488455409940798
Train loss: 2.6759206249436716 Val loss: 0.37467577429695414 Time: 0.5398724999977276
Train loss: 2.5950681256124852 Val loss: 0.3420829358518182 Time: 0.6211046249954961
Train loss: 2.617186118838248 Val loss: 0.36895136140253526 Time: 0.5672210839984473
Train loss: 2.5556364579231 Val loss: 0.33867628498332775 Time: 0.5860266249947017
Train loss: 2.4770870205254987 Val loss: 0.3445048635154846 Time: 0.570165208002436
Train loss: 2.3865581094592727 Val loss: 0.3145972107157516 Time: 0.5873548750096234
Train loss: 2.357516995524172 Val loss: 0.3495907849362365 Time: 0.7370688749942929
Train loss: 2.3464282249745683 Val loss: 0.30289776216586856 Time: 0.5444108329975279
Train loss: 2.4217032098855498 Val loss: 0.3120663088531483 Time: 0.5351991659990745
Train loss: 2.36161256461736 Val loss: 0.30483000769051494 Time: 0.5348132079961943
Train loss: 2.3389712475290643 Val loss: 0.32150633501885906 Time: 0.5412343329953728
Train loss: 2.282907951704864 Val loss: 0.34096279284769004 Time: 0.5322250000026543
Train loss: 2.4598839178857173 Val loss: 0.31249056082962917 Time: 0.553451166008017
Train loss: 2.477805892575696 Val loss: 0.3308965093812968 Time: 0.6083528750023106
Train loss: 2.3367965928850936 Val loss: 0.3347038252743011 Time: 0.5788710829947377
Train loss: 2.1906882464857347 Val loss: 0.309955592524516 Time: 0.5458021250087768
Train loss: 2.126466952503728 Val loss: 0.28911817666885375 Time: 0.5512742499995511
Train loss: 2.472833581368864 Val loss: 0.31612289813560546 Time: 0.5638598750083474
Train loss: 2.222869846824409 Val loss: 0.31660101074062325 Time: 0.5388640000019222
Train loss: 2.055800893907474 Val loss: 0.30838454450187697 Time: 0.5366407500114292
Train loss: 2.184635332365538 Val loss: 0.30127361519636187 Time: 0.5348915829963516
Train loss: 2.019727938450015 Val loss: 0.2953509975724541 Time: 0.5408950830023969
Train loss: 2.2357707991752687 Val loss: 0.3163075788267045 Time: 0.5385343329980969
Train loss: 2.1277547164204176 Val loss: 0.3044653188086586 Time: 0.5384959579969291
Train loss: 2.1886186333229745 Val loss: 0.3102438609277549 Time: 0.5427358329907293
Train loss: 2.0691177238360403 Val loss: 0.2866724399939836 Time: 0.5480064159928588
Train loss: 2.0950619416032055 Val loss: 0.30540990823209574 Time: 0.5389299170055892
Train loss: 1.9572330962424473 Val loss: 0.26884681030610386 Time: 0.5400011250021635
Train loss: 1.8308722408462899 Val loss: 0.2658414525773727 Time: 0.53883458400378
Train loss: 1.8998832076876724 Val loss: 0.3060515397822487 Time: 0.5445342090097256
Train loss: 1.8347433903503116 Val loss: 0.27556187328709736 Time: 0.5403111250052461
Train loss: 1.9577046438679133 Val loss: 0.2720673118165029 Time: 0.5383674170006998
Train loss: 2.0716104383166973 Val loss: 0.29324059674647907 Time: 0.5411974160087993
Train loss: 1.8077296716413835 Val loss: 0.2953403352944524 Time: 0.5402204580022953
Train loss: 1.898583441240212 Val loss: 0.27246895538915106 Time: 0.5528002499922877
Train loss: 1.6861326767345872 Val loss: 0.25250594605425813 Time: 0.5389129999966826
Train loss: 1.88043120463069 Val loss: 0.29546691134600467 Time: 0.545064124991768
Train loss: 1.7537788456337484 Val loss: 0.2752374375900393 Time: 0.5392934169940418
Train loss: 1.9391335718298137 Val loss: 0.28166531967345504 Time: 0.5416739580105059
Train loss: 1.6820172212659656 Val loss: 0.269411733624856 Time: 0.5386324170103762
Train loss: 1.7287594403981146 Val loss: 0.24810976627533837 Time: 0.5449700840108562
Train loss: 1.6935866350948103 Val loss: 0.2621262177042894 Time: 0.5408220420067664
Train loss: 1.5694844924121867 Val loss: 0.2511856053295588 Time: 0.5435752500052331
Train loss: 1.6143790169257042 Val loss: 0.24270961344471548 Time: 0.5523913750075735
Train loss: 1.6715095759437801 Val loss: 0.2839572606993651 Time: 0.5433676669927081
Train loss: 1.560614256236942 Val loss: 0.2774816428141557 Time: 0.5463814579998143
Train loss: 1.5537517813973665 Val loss: 0.2814621867917201 Time: 0.5395586250087945
Train loss: 1.6660530515810912 Val loss: 0.270733211426769 Time: 0.6056776670011459
Train loss: 1.637733955420059 Val loss: 0.30479660231131256 Time: 0.5534900829952676
Train loss: 1.6065534356424465 Val loss: 0.2830964584687203 Time: 0.5377782919968013
Train loss: 1.5970468373155668 Val loss: 0.26855348136249085 Time: 0.5445015000004787
Train loss: 1.5372717069928505 Val loss: 0.2668318362202864 Time: 0.5383955409924965
Train loss: 1.2817996922587298 Val loss: 0.2318805831192458 Time: 0.54741387499962
Train loss: 1.6655142545234582 Val loss: 0.2796144702473833 Time: 0.5437262909981655
Train loss: 1.4276327585058297 Val loss: 0.22679663009073184 Time: 0.5401913749956293
Train loss: 1.63866136973165 Val loss: 0.26818985316450017 Time: 0.548159708007006
Train loss: 1.4638011695726334 Val loss: 0.2723759598788422 Time: 0.5432857499981765
Train loss: 1.4065835285000503 Val loss: 0.2477572745290666 Time: 0.5396743339952081
Train loss: 1.6009221795588928 Val loss: 0.24505711173942776 Time: 0.5401619170006597
Train loss: 1.3964125197306068 Val loss: 0.27253162182840623 Time: 0.5501155419915449
Train loss: 1.4935582183198903 Val loss: 0.27118416687976105 Time: 0.5453407910099486
Train loss: 1.4394499971228853 Val loss: 0.2851193521113936 Time: 0.5538412079913542
Shrinking learning rate to 1e-05
Train loss: 1.4341418428918473 Val loss: 0.2296853469835602 Time: 0.5493525839992799
Train loss: 1.4807095436696187 Val loss: 0.2427038336870604 Time: 0.5409161669958849
Train loss: 1.3881837229833982 Val loss: 0.24055543707849805 Time: 0.5436197920062114
Train loss: 1.3370513899225713 Val loss: 0.24022187659695726 Time: 0.5399476659949869
Train loss: 1.363524366289127 Val loss: 0.2430127873677937 Time: 0.550841042000684
Train loss: 1.3275618618737823 Val loss: 0.24309581599484875 Time: 0.5417523749929387
Train loss: 1.3274809328383528 Val loss: 0.24499513617072777 Time: 0.5502134999987902
Train loss: 1.3569918895945712 Val loss: 0.24661141654110483 Time: 0.547942334000254
Train loss: 1.40308846951406 Val loss: 0.24617649879004905 Time: 0.5587538749969099
Train loss: 1.2814723722084287 Val loss: 0.2449614774318154 Time: 0.5524069579987554
Train loss: 1.2996339217533437 Val loss: 0.24484871685687098 Time: 0.5437054580106633
Train loss: 1.2713616730335915 Val loss: 0.23923458540923664 Time: 0.5768029590108199
Train loss: 1.3505543949079277 Val loss: 0.24031603694420023 Time: 0.5442553329921793
Train loss: 1.4371502028969028 Val loss: 0.24594350550960145 Time: 0.5462220420013182
Train loss: 1.5222126177364217 Val loss: 0.24478506157612248 Time: 0.5454428329976508
Train loss: 1.4389737509804101 Val loss: 0.2469189368590569 Time: 0.5432198750058888
Train loss: 1.236840279567712 Val loss: 0.23758539445226573 Time: 0.5426210419973359
Train loss: 1.398803028449393 Val loss: 0.2365342905008767 Time: 0.5440067079907749
Train loss: 1.3664794864363707 Val loss: 0.24161297863191125 Time: 0.546909709009924
Train loss: 1.3876730032830447 Val loss: 0.2430720832350243 Time: 0.5421880840003723
Train loss: 1.3302111639918628 Val loss: 0.23765353873259296 Time: 0.5468715419992805
Train loss: 1.304577251893562 Val loss: 0.2375946758376168 Time: 0.5441534580022562
Train loss: 1.2778956287007937 Val loss: 0.23641417080344967 Time: 0.6035257909970824
Train loss: 1.3145667327076787 Val loss: 0.23574837387687222 Time: 0.551255583006423
Train loss: 1.3353002999637624 Val loss: 0.2417568319947808 Time: 0.5434379580110544
Train loss: 1.2158320008958867 Val loss: 0.22629362561190955 Time: 0.5383992499992019
Train loss: 1.317739990476099 Val loss: 0.23297911378592842 Time: 0.5414584999962244
Train loss: 1.4043058843432448 Val loss: 0.24477266909774398 Time: 0.5571737090067472
Train loss: 1.3223780321420433 Val loss: 0.23853239972598134 Time: 0.5453476249967935
Train loss: 1.2457571261645057 Val loss: 0.23495730114633143 Time: 0.5412842079967959
Train loss: 1.315484256694912 Val loss: 0.2435606308181165 Time: 0.5438566250086296
Train loss: 1.2948598257058848 Val loss: 0.24040955170209716 Time: 0.5427463749947492
Train loss: 1.281683866574303 Val loss: 0.23780150326199453 Time: 0.5545979580056155
Train loss: 1.4067793804349122 Val loss: 0.24551011200672485 Time: 0.5394169589999365
Train loss: 1.363478134790796 Val loss: 0.24056345824880881 Time: 0.5443038330122363
Shrinking learning rate to 1.0000000000000002e-06
Train loss: 1.283253094772343 Val loss: 0.23126459854422626 Time: 0.5426709160092287
Train loss: 1.2918417080955038 Val loss: 0.23206602375594343 Time: 0.5525776249996852
Train loss: 1.2901284648135358 Val loss: 0.23192475028100892 Time: 0.5404724999971222
Train loss: 1.259621189305605 Val loss: 0.2315785516451225 Time: 0.5473599999968428
Train loss: 1.3273522291896063 Val loss: 0.23536212750283014 Time: 0.5456995000131428
Train loss: 1.326240582360449 Val loss: 0.2360010116242049 Time: 0.5397588329942664
Train loss: 1.2444705730443815 Val loss: 0.23158530279589612 Time: 0.5391069159959443
Train loss: 1.2122003694643695 Val loss: 0.22912926979521767 Time: 0.5468434170034016
Train loss: 1.2589825974242475 Val loss: 0.23165691133191615 Time: 0.543241624996881
Train loss: 1.2447324442349696 Val loss: 0.23076167837165087 Time: 0.5421265839977423
Train loss: 1.5116712944316326 Val loss: 0.24677785916130765 Time: 0.5495806660037488
Train loss: 1.303765296710793 Val loss: 0.23420909710442245 Time: 0.547672083004727
Train loss: 1.2549887885329643 Val loss: 0.2308627328963476 Time: 0.5459155419957824
Train loss: 1.4003846115179783 Val loss: 0.23921528582627655 Time: 0.542361041996628
Train loss: 1.2142039661697765 Val loss: 0.2297224390375812 Time: 0.5612973749957746
Train loss: 1.4278981159956885 Val loss: 0.2418434891391214 Time: 0.5473210000054678
Train loss: 1.2658169605741918 Val loss: 0.23275551186232935 Time: 0.5402120409999043
Shrinking learning rate to 1.0000000000000002e-07
Learning rate getting small
Complete
 Total time: 97.334734707998