starting log for model: models/lstm_comb_new_22-23.pth
Train loss: 15.385273002547425 Val loss: 1.9938433614807485 Time: 0.36259450000943616
Train loss: 13.846390687489986 Val loss: 1.5781208845013828 Time: 0.2968190839746967
Train loss: 13.050775087242105 Val loss: 1.4959521679177783 Time: 0.3137775840004906
Train loss: 12.145488684832653 Val loss: 1.4042944680602383 Time: 0.3149850000045262
Train loss: 11.226153263226422 Val loss: 1.3102898886619017 Time: 0.3132941660005599
Train loss: 10.284522715648656 Val loss: 1.2130021812310585 Time: 0.3216467080055736
Train loss: 8.881775171249998 Val loss: 1.0718885233895477 Time: 0.2932144590304233
Train loss: 7.853323135190131 Val loss: 0.9621257035809614 Time: 0.30144045897759497
Train loss: 7.158392733196713 Val loss: 0.8830541419074093 Time: 0.2977907090098597
Train loss: 6.499437367779464 Val loss: 0.8112243895035888 Time: 0.3161306669935584
Train loss: 6.2683820413415035 Val loss: 0.7779556078284954 Time: 0.2880708749871701
Train loss: 5.986094032148744 Val loss: 0.7412966893256238 Time: 0.28777058399282396
Train loss: 5.915119352583348 Val loss: 0.7297111361608977 Time: 0.28858875000150874
Train loss: 5.746378071646765 Val loss: 0.7105613636575808 Time: 0.2906673750258051
Train loss: 5.999675037211654 Val loss: 0.7240431107448788 Time: 0.2960219170199707
Train loss: 5.651636771493136 Val loss: 0.6928069475021638 Time: 0.28569562500342727
Train loss: 5.508027088369229 Val loss: 0.6790209626429952 Time: 0.285765792010352
Train loss: 5.612697980191619 Val loss: 0.6822593695378563 Time: 0.2866065000416711
Train loss: 5.344494760977271 Val loss: 0.6605445102678598 Time: 0.28547491697827354
Train loss: 5.660796813763753 Val loss: 0.6852173255770053 Time: 0.2872161249979399
Train loss: 5.422762023732135 Val loss: 0.6638749971786044 Time: 0.2841832090052776
Train loss: 5.171650901126287 Val loss: 0.6402981648729271 Time: 0.30313779099378735
Train loss: 5.29213244961587 Val loss: 0.6500438374779725 Time: 0.2885919170221314
Train loss: 5.1675772881919855 Val loss: 0.6370233448218171 Time: 0.3003878750023432
Train loss: 4.983198694338315 Val loss: 0.6211361525625155 Time: 0.2866119159734808
Train loss: 5.182711563091058 Val loss: 0.6381241148852458 Time: 0.3001185830216855
Train loss: 4.830340153959438 Val loss: 0.6055301858471681 Time: 0.28549041697988287
Train loss: 4.803387901324514 Val loss: 0.605191901693097 Time: 0.2866508330334909
Train loss: 4.984618189901396 Val loss: 0.6166226104657746 Time: 0.306194708973635
Train loss: 4.846532614138745 Val loss: 0.6071592144226863 Time: 0.2932715420029126
Train loss: 4.969223377647889 Val loss: 0.6175761060617513 Time: 0.30320724996272475
Train loss: 4.864605874842642 Val loss: 0.6012206161912843 Time: 0.2874761249986477
Train loss: 4.648316189088632 Val loss: 0.5863976995825406 Time: 0.2995925419963896
Train loss: 4.6802654434593345 Val loss: 0.5865429272296757 Time: 0.28588133299490437
Train loss: 4.606073096969098 Val loss: 0.5760986482157539 Time: 0.28862908302107826
Train loss: 4.6828705965398925 Val loss: 0.5828437147420222 Time: 0.30200791597599164
Train loss: 4.362271504072542 Val loss: 0.5565025457708128 Time: 0.2853539159987122
Train loss: 4.471998306294097 Val loss: 0.5607679009720591 Time: 0.2864016249659471
Train loss: 4.42832669912076 Val loss: 0.5585792313490936 Time: 0.2860633329837583
Train loss: 4.228511089898866 Val loss: 0.5402750498979091 Time: 0.28867270797491074
Train loss: 4.455900423673636 Val loss: 0.5589545663868852 Time: 0.28478966699913144
Train loss: 4.503763943647961 Val loss: 0.5871014117662603 Time: 0.2820432500448078
Train loss: 4.16147463173324 Val loss: 0.5525602559302576 Time: 0.30243037501350045
Train loss: 4.145533745752818 Val loss: 0.5480333754271224 Time: 0.2848879999946803
Train loss: 4.180509222885833 Val loss: 0.5495856343534934 Time: 0.28473462496185675
Train loss: 4.287562795274617 Val loss: 0.5556881400329582 Time: 0.2852828750037588
Train loss: 4.202058232755204 Val loss: 0.5457611567557976 Time: 0.290125832951162
Train loss: 3.8796142860243577 Val loss: 0.5157317723070033 Time: 0.2853403330082074
Train loss: 4.1375853923314025 Val loss: 0.5321803112848746 Time: 0.28759520896710455
Train loss: 3.7679910597513424 Val loss: 0.4988370710291187 Time: 0.30272608302766457
Train loss: 3.8323350906269993 Val loss: 0.5024964123584642 Time: 0.28420012502465397
Train loss: 3.870410317987159 Val loss: 0.5077474619392375 Time: 0.2851943750283681
Train loss: 3.5524669450666444 Val loss: 0.47698735241447343 Time: 0.29222066700458527
Train loss: 3.8481284513572867 Val loss: 0.5011553805048192 Time: 0.320103750040289
Train loss: 3.5946227237182455 Val loss: 0.4732155872917056 Time: 0.3073939169989899
Train loss: 3.4639288119389775 Val loss: 0.4586522290838719 Time: 0.2861399590037763
Train loss: 3.4004254315169753 Val loss: 0.45807564279868357 Time: 0.29836479196092114
Train loss: 3.4899759334023344 Val loss: 0.45885117249343665 Time: 0.28606529103126377
Train loss: 3.4936172517088266 Val loss: 0.45274206133903927 Time: 0.2917744170408696
Train loss: 3.17454096911203 Val loss: 0.4239453005091112 Time: 0.28611754201119766
Train loss: 3.4604517710384757 Val loss: 0.44307275296389936 Time: 0.2854688330553472
Train loss: 3.234913871327821 Val loss: 0.42114216061307397 Time: 0.2831738750101067
Train loss: 3.13749052356515 Val loss: 0.4112369587159353 Time: 0.2844242080464028
Train loss: 3.2936330543704826 Val loss: 0.4215745996331071 Time: 0.2969384170137346
Train loss: 3.196319849893183 Val loss: 0.4138210713130256 Time: 0.28634949994739145
Train loss: 3.0932363482959984 Val loss: 0.3956860461978388 Time: 0.30831020802725106
Train loss: 3.1141400842759897 Val loss: 0.3980024694287124 Time: 0.28765283297980204
Train loss: 2.8371526525315005 Val loss: 0.3730935836968457 Time: 0.28783187502995133
Train loss: 2.964529209501965 Val loss: 0.3801352389869248 Time: 0.3062280419981107
Train loss: 2.90902599392669 Val loss: 0.3754750913462046 Time: 0.28674058400793
Train loss: 2.742896771137997 Val loss: 0.35965472433970136 Time: 0.30990362499142066
Train loss: 2.6144801027326956 Val loss: 0.35406754185797246 Time: 0.2970163749996573
Train loss: 2.7084900846331657 Val loss: 0.3543284721067765 Time: 0.29620179103221744
Train loss: 2.543489434090752 Val loss: 0.3408658271831985 Time: 0.2959202919737436
Train loss: 2.649462189684865 Val loss: 0.34885094957441515 Time: 0.28691529197385535
Train loss: 2.509565409912769 Val loss: 0.33626573023420187 Time: 0.48841308301780373
Train loss: 2.6255662415989356 Val loss: 0.34142163628248334 Time: 0.38120424997759983
Train loss: 2.4578909020382795 Val loss: 0.3321604318807747 Time: 0.37254954199306667
Train loss: 2.5081532935536757 Val loss: 0.3305752931943991 Time: 0.3151416250038892
Train loss: 2.3497788582505166 Val loss: 0.31981088045777933 Time: 0.28590095799881965
Train loss: 2.4165329494720282 Val loss: 0.32206962288271707 Time: 0.2866229169885628
Train loss: 2.4247406441578434 Val loss: 0.32292901813075503 Time: 0.28939345898106694
Train loss: 2.268673742214663 Val loss: 0.3124675125288878 Time: 0.336235958035104
Train loss: 2.247175076875718 Val loss: 0.30821152724038153 Time: 0.2956732910242863
Train loss: 2.2155349370823885 Val loss: 0.3059582572020645 Time: 0.2846802909625694
Train loss: 2.2094505923708314 Val loss: 0.30325886142630726 Time: 0.2857408330310136
Train loss: 2.198242505805297 Val loss: 0.30228477595789316 Time: 0.28574537503300235
Train loss: 2.0960799636442573 Val loss: 0.2998885976281862 Time: 0.28460920799989253
Train loss: 2.0239208421625676 Val loss: 0.2914686830542026 Time: 0.28990141703980044
Train loss: 2.1569307087499396 Val loss: 0.3024586283556754 Time: 0.429167750000488
Train loss: 2.1330524031684446 Val loss: 0.2976310974787164 Time: 0.286714292014949
Train loss: 2.1357678845286046 Val loss: 0.2965657488829613 Time: 0.2868388749775477
Train loss: 2.297999369486371 Val loss: 0.3104659570932213 Time: 0.2880236660130322
Train loss: 2.0350835243146967 Val loss: 0.29280761365646335 Time: 0.28636233299039304
Train loss: 1.861297482024682 Val loss: 0.28526984844765224 Time: 0.28816950001055375
Train loss: 1.9542359779440588 Val loss: 0.2868322084991233 Time: 0.2895396660314873
Train loss: 2.047511532230118 Val loss: 0.2933656656262969 Time: 0.3052971250144765
Train loss: 1.7861955141133472 Val loss: 0.27483729052691713 Time: 0.28801295900484547
Train loss: 1.9659373326047813 Val loss: 0.28722244041650397 Time: 0.2909598749829456
Train loss: 1.8488295832194614 Val loss: 0.2790520279030426 Time: 0.29317320900736377
Train loss: 1.8066582880806037 Val loss: 0.2764760297490902 Time: 0.29126570897642523
Train loss: 1.8027328006247743 Val loss: 0.27384014205096335 Time: 0.29140679200645536
Train loss: 1.7743033915598119 Val loss: 0.28243267221989066 Time: 0.2920062909834087
Train loss: 1.8453032900161626 Val loss: 0.2834863054597363 Time: 0.3040427920059301
Train loss: 1.7303473689846953 Val loss: 0.2743782646802348 Time: 0.29169625003123656
Train loss: 1.7315860422760707 Val loss: 0.2770543388801284 Time: 0.2921366670052521
Train loss: 1.74004788446765 Val loss: 0.27927459615685885 Time: 0.2917068339884281
Train loss: 1.6252464697942233 Val loss: 0.2669481815071793 Time: 0.2911433749832213
Train loss: 1.613123520624434 Val loss: 0.2680931609498546 Time: 0.29318450001301244
Train loss: 1.6683228042866176 Val loss: 0.2662971578379843 Time: 0.292262583039701
Train loss: 1.5316349101819071 Val loss: 0.2612741473967175 Time: 0.30604524997761473
Train loss: 1.6144033105412916 Val loss: 0.27011685779982736 Time: 0.3004450000007637
Train loss: 1.6271767014835081 Val loss: 0.2665579297786139 Time: 0.2965055420063436
Train loss: 1.5834829896043914 Val loss: 0.26727470458938424 Time: 0.2966065829969011
Train loss: 1.6057388616340358 Val loss: 0.26882264699547204 Time: 0.29331583296880126
Train loss: 1.4917593106016795 Val loss: 0.2633158853112504 Time: 0.2927130410098471
Train loss: 1.4560040040436064 Val loss: 0.2624830985010458 Time: 0.2949656249838881
Train loss: 1.7320495053710774 Val loss: 0.27534012413587905 Time: 0.3205293749924749
Train loss: 1.5326834045282567 Val loss: 0.26636804940687314 Time: 0.29707437503384426
Train loss: 1.387402270835878 Val loss: 0.2609554767629149 Time: 0.29637570900376886
Train loss: 1.414868052722607 Val loss: 0.25930695723907565 Time: 0.29728766600601375
Train loss: 1.452383883322593 Val loss: 0.2652075035895953 Time: 0.29791287501575425
Train loss: 1.4237352716760654 Val loss: 0.260749798919088 Time: 0.29645858297590166
Train loss: 1.4367807394415877 Val loss: 0.25294028392320417 Time: 0.2987184170051478
Train loss: 1.4011871747461195 Val loss: 0.25571275102559593 Time: 0.31452029198408127
Train loss: 1.481890773903089 Val loss: 0.259107449861139 Time: 0.2984379169647582
Train loss: 1.505408733320737 Val loss: 0.25633131710270307 Time: 0.29890804103342816
Train loss: 1.5067106412677393 Val loss: 0.2702940975332752 Time: 0.29961291601648554
Train loss: 1.3484251033175099 Val loss: 0.25936104642790525 Time: 0.29780845798086375
Train loss: 1.6203065964300134 Val loss: 0.27050038682468713 Time: 0.29654833395034075
Train loss: 1.3282243162155538 Val loss: 0.258851157982872 Time: 0.29943583405110985
Train loss: 1.2385147644721144 Val loss: 0.2662079054142403 Time: 0.3131038750289008
Train loss: 1.355494471651113 Val loss: 0.25126011100186396 Time: 0.30046833300730214
Train loss: 1.387001822332266 Val loss: 0.26590723748830486 Time: 0.2998781659989618
Train loss: 1.5797648145286018 Val loss: 0.2677437608817348 Time: 0.29850995901506394
Train loss: 1.3967565647634856 Val loss: 0.2524066255840632 Time: 0.30314995802473277
Train loss: 1.272911339307285 Val loss: 0.256337299974387 Time: 0.304775416967459
Train loss: 1.3401172577626 Val loss: 0.26148237063715485 Time: 0.301083667029161
Train loss: 1.281081123807141 Val loss: 0.2604624153672221 Time: 0.3160613749641925
Train loss: 1.3156459545069006 Val loss: 0.2632649006846529 Time: 0.3025799589813687
Train loss: 1.274580606138258 Val loss: 0.25380014457379424 Time: 0.32086658297339454
Shrinking learning rate to 5e-06
Train loss: 1.338317467825079 Val loss: 0.2650981086116205 Time: 0.3063282909570262
Train loss: 1.2658940194807862 Val loss: 0.25969665553690313 Time: 0.3026604169863276
Train loss: 1.2608210417530472 Val loss: 0.25653202804512726 Time: 0.307070333044976
Train loss: 1.342699444747141 Val loss: 0.26101053070205493 Time: 0.3262417080113664
Train loss: 1.5154876489778337 Val loss: 0.26996396729600564 Time: 0.3069288749829866
Train loss: 1.3147563830954674 Val loss: 0.25850927616032515 Time: 0.3047591249924153
Train loss: 1.4272765134564867 Val loss: 0.2643819870657624 Time: 0.30478345800656825
Train loss: 1.3026298375649699 Val loss: 0.25754970190866977 Time: 0.30627933400683105
Train loss: 1.3318122657359588 Val loss: 0.25920182170164857 Time: 0.30555962497601286
Train loss: 1.2640002123965033 Val loss: 0.25467357125232193 Time: 0.30627762502990663
Shrinking learning rate to 5.000000000000001e-07
Learning rate getting small
Complete
 Total time: 45.44295370799955