starting log for model: models/lstm1_fcast_20_new_22-23.pth
Train loss: 13.167463160421448 Val loss: 1.489683999758118 Time: 0.26137695900001745
Train loss: 7.966403597957701 Val loss: 0.9439544853146307 Time: 0.23831154200001947
Train loss: 6.660681941876616 Val loss: 0.8422804674609836 Time: 0.27942045899999357
Train loss: 6.213394166369596 Val loss: 0.8018173378838436 Time: 0.23786587499989764
Train loss: 5.930845718370946 Val loss: 0.7873579783326685 Time: 0.23639858299998195
Train loss: 5.598154531007161 Val loss: 0.7444045481402026 Time: 0.24289612500001567
Train loss: 5.262630010894865 Val loss: 0.6955014553010004 Time: 0.23601012499989338
Train loss: 4.962452785636481 Val loss: 0.6509014159568136 Time: 0.23516700000004676
Train loss: 4.660498048165948 Val loss: 0.6090411600613947 Time: 0.23777929200014114
Train loss: 4.387725345616234 Val loss: 0.5705393803560787 Time: 0.2371407079999699
Train loss: 4.13669348857627 Val loss: 0.5354028168316906 Time: 0.23609337500010952
Train loss: 3.934346807241514 Val loss: 0.5524898301000533 Time: 0.2351539999999659
Train loss: 3.720961567493589 Val loss: 0.5258438194021471 Time: 0.23565174999998817
Train loss: 3.5469884175028454 Val loss: 0.5065951900564907 Time: 0.24441649999994297
Train loss: 3.380394135488139 Val loss: 0.43421062039520164 Time: 0.236192833999894
Train loss: 3.217254952386785 Val loss: 0.4159970863408337 Time: 0.23473137499991026
Train loss: 3.0777807675423006 Val loss: 0.35858630111623796 Time: 0.23428879200014308
Train loss: 2.931895071149495 Val loss: 0.33783404016509294 Time: 0.23239716700004465
Train loss: 2.8048721671183703 Val loss: 0.4320171768589971 Time: 0.2348083750000569
Train loss: 2.6836711565813296 Val loss: 0.42088998034147007 Time: 0.2328620000000683
Train loss: 2.5747161862539087 Val loss: 0.4109792253643245 Time: 0.2336910420001459
Train loss: 2.476809961870458 Val loss: 0.28635312597100765 Time: 0.23332462500002293
Train loss: 2.3722527691986954 Val loss: 0.39092864644064773 Time: 0.23837570799992136
Train loss: 2.275822378178262 Val loss: 0.38265434968934453 Time: 0.23443170800010193
Train loss: 2.1773378795745657 Val loss: 0.37445655766355335 Time: 0.23289412500002982
Train loss: 2.0831736652120583 Val loss: 0.36635557967445237 Time: 0.23288408300004448
Train loss: 1.983210363087462 Val loss: 0.35977336835271717 Time: 0.2326629579999917
Train loss: 1.892727094885089 Val loss: 0.21448225111677424 Time: 0.23202666599991062
Train loss: 1.8047186389450944 Val loss: 0.2099091930350969 Time: 0.23244662499996593
Train loss: 1.735128347579689 Val loss: 0.20993610630871118 Time: 0.2321555000000899
Train loss: 1.6757256880636797 Val loss: 0.21387417699322925 Time: 0.2338110420000703
Train loss: 1.622746102135352 Val loss: 0.2106131851290043 Time: 0.2396897909998188
Train loss: 1.557836458246996 Val loss: 0.1932759262927349 Time: 0.23263870799996766
Train loss: 1.4901276007328577 Val loss: 0.20259929373145594 Time: 0.24372358300001906
Train loss: 1.4417292110766766 Val loss: 0.19840600360058347 Time: 0.23286004099986712
Train loss: 1.4085970836690684 Val loss: 0.21222939478382624 Time: 0.23318845800008603
Train loss: 1.3233364135816323 Val loss: 0.21454050801334043 Time: 0.2335675409999567
Train loss: 1.3087407458263165 Val loss: 0.2388039496996429 Time: 0.2337398749998556
Train loss: 1.235032088269925 Val loss: 0.22464255386224918 Time: 0.23403933400004462
Train loss: 1.2230505645268082 Val loss: 0.26521560680064604 Time: 0.2356286670001282
Train loss: 1.1675264228898428 Val loss: 0.2308833159293982 Time: 0.23657358299988118
Train loss: 1.1391670341926203 Val loss: 0.3337515590283684 Time: 0.23343883300003654
Train loss: 1.1483516156171751 Val loss: 0.2280633116733931 Time: 0.23301279099996464
Train loss: 1.0747430656318855 Val loss: 0.35205973938469204 Time: 0.2313589170000796
Train loss: 1.1101977821553533 Val loss: 0.21844614542302812 Time: 0.23324620800008233
Train loss: 1.0493702307368267 Val loss: 0.33299725258495055 Time: 0.2326743329999772
Train loss: 1.0696713152237578 Val loss: 0.17211065833793215 Time: 0.2337560419998681
Train loss: 1.036877284154164 Val loss: 0.3471743133721629 Time: 0.23506145800001832
Train loss: 1.0231175554492609 Val loss: 0.1036459003978874 Time: 0.23780441599978985
Train loss: 1.0384428202898341 Val loss: 0.4148955602703229 Time: 0.23322824999991099
Train loss: 0.890021019906726 Val loss: 0.08901592813186218 Time: 0.23440554100011468
Train loss: 1.0423826622594277 Val loss: 0.3382608641490952 Time: 0.23334279200003039
Train loss: 0.7630229020239199 Val loss: 0.24797029949716565 Time: 0.23165349999999307
Train loss: 1.1356029542364183 Val loss: 0.26173733080337663 Time: 0.23368683400008194
Train loss: 1.026939782175745 Val loss: 0.44392563579144617 Time: 0.23310970799980169
Train loss: 0.9245925360580571 Val loss: 0.2259979148885939 Time: 0.23324224999987564
Train loss: 0.941099841379728 Val loss: 0.24388636823257756 Time: 0.2325133750000532
Train loss: 0.7034763666715986 Val loss: 0.22883163331794887 Time: 0.23869679200015526
Train loss: 1.0165931980401979 Val loss: 0.2315071152587779 Time: 0.23356058299987126
Train loss: 0.8139552020331398 Val loss: 0.3470763219114207 Time: 0.23470995900015623
Train loss: 0.8858800608429789 Val loss: 0.2660921108891848 Time: 0.23205591700002515
Train loss: 0.9113319688936983 Val loss: 0.2827123651907977 Time: 0.2329275829999915
Train loss: 0.666465114030423 Val loss: 0.22058507105577385 Time: 0.2323845410001013
Train loss: 0.9907634048414167 Val loss: 0.2574923113501595 Time: 0.23231833299996651
Train loss: 0.827300845282295 Val loss: 0.3354255911523818 Time: 0.2318676250001772
Train loss: 0.6523023653537052 Val loss: 0.24885173484449633 Time: 0.23319424999999683
Train loss: 0.8545177770898249 Val loss: 0.21919476062589532 Time: 0.2695165829998132
Train loss: 0.7095038600468797 Val loss: 0.253215866668858 Time: 0.23276704200020504
Train loss: 0.7435122321130798 Val loss: 0.35975546857407076 Time: 0.23300850000009632
Train loss: 0.9211085173894134 Val loss: 0.2637146644853603 Time: 0.23194216700017023
Train loss: 0.5886217430105489 Val loss: 0.2438587679324032 Time: 0.23334491699984028
Train loss: 1.0502712711353723 Val loss: 0.3288376346137845 Time: 0.23335420900002646
Train loss: 0.6377497506011105 Val loss: 0.2727914427001854 Time: 0.23194400000011228
Train loss: 0.7085073218543521 Val loss: 0.3458550099928199 Time: 0.23151116600001842
Train loss: 0.8688118979179649 Val loss: 0.33967900016964697 Time: 0.23918654099998093
Train loss: 0.6274895706057748 Val loss: 0.13184661705499565 Time: 0.2323589580000771
Train loss: 0.8338012993170594 Val loss: 0.31963577936774684 Time: 0.2325413749999825
Train loss: 0.6994984860833711 Val loss: 0.2318695202286089 Time: 0.2326501659999849
Train loss: 0.5764716409450017 Val loss: 0.29147896845700366 Time: 0.23169283399988672
Train loss: 0.859686626762425 Val loss: 0.32833547200997587 Time: 0.2316453339999498
Train loss: 0.586959605907424 Val loss: 0.11868795679137815 Time: 0.2360212500000216
Train loss: 0.726540168845432 Val loss: 0.33683583161499575 Time: 0.23144708300014827
Train loss: 0.6234848790156784 Val loss: 0.2677696296274948 Time: 0.23087024999995265
Train loss: 0.6111697838240708 Val loss: 0.3181549809200358 Time: 0.23557312499997352
Train loss: 0.8014599832043814 Val loss: 0.2312026118941193 Time: 0.2325693750001392
Train loss: 0.5826833263371667 Val loss: 0.2638364628806988 Time: 0.23349154199991062
Train loss: 0.6685372743734206 Val loss: 0.30743587930674116 Time: 0.2331822920000377
Train loss: 0.4638742617128315 Val loss: 0.11102926558197553 Time: 0.23179079199985608
Train loss: 0.503973964684512 Val loss: 0.31605727466301403 Time: 0.23268612499987285
Train loss: 0.58881374023143 Val loss: 0.2595908010450697 Time: 0.2345714579998912
Train loss: 0.6525028874887584 Val loss: 0.3011024519038935 Time: 0.23167883299993264
Train loss: 1.025452490955086 Val loss: 0.34415782261243577 Time: 0.23264316600011625
Train loss: 0.5978235605042475 Val loss: 0.17436796162056686 Time: 0.2384354590001294
Train loss: 0.6026661599934933 Val loss: 0.30654558148272903 Time: 0.23281716699989374
Train loss: 0.4610318515836127 Val loss: 0.11047276335816782 Time: 0.2328282500000114
Train loss: 0.5099064596502103 Val loss: 0.27362268655865357 Time: 0.23967450000009194
Train loss: 0.7231325580022201 Val loss: 0.2507594805175381 Time: 0.2337422499999775
Train loss: 0.7398319391188295 Val loss: 0.3127609417958598 Time: 0.23278499999992164
Train loss: 0.8095728301747229 Val loss: 0.2339638621942418 Time: 0.23364062499990723
Train loss: 0.4950131998694758 Val loss: 0.2421595199246628 Time: 0.23293970899999294
Train loss: 0.5318692506973193 Val loss: 0.21057143961345945 Time: 0.23147912500007806
Train loss: 0.4576995120677054 Val loss: 0.10998004575391618 Time: 0.23954845799994473
Train loss: 0.5964102697153777 Val loss: 0.32197614254636403 Time: 0.23322987500000636
Train loss: 0.6543389843358796 Val loss: 0.2585719755016021 Time: 0.2349737910001295
Train loss: 0.6987217408352535 Val loss: 0.2923872902158088 Time: 0.23222099999998136
Train loss: 0.6859867778866722 Val loss: 0.2297209470725081 Time: 0.23295820799989997
Train loss: 0.4993949599204939 Val loss: 0.2586620215570891 Time: 0.23183154100001957
Train loss: 0.5702438142636481 Val loss: 0.22102285663556515 Time: 0.23359974999993938
Train loss: 0.4461722638076573 Val loss: 0.15032149136954936 Time: 0.23488124999994398
Train loss: 0.581804998159928 Val loss: 0.30627897927925457 Time: 0.24206495800012817
Train loss: 0.473291296499724 Val loss: 0.14099293537057833 Time: 0.24558054099998117
Train loss: 0.5690958423944901 Val loss: 0.3514041973096055 Time: 0.2321415840001464
Train loss: 0.6813559177380368 Val loss: 0.24531894662539727 Time: 0.23524995800016768
Train loss: 0.6783895842909864 Val loss: 0.284458143641314 Time: 0.2782849999998689
Train loss: 0.628420021073558 Val loss: 0.21457879269159236 Time: 0.23397833299986814
Train loss: 0.3896120400869201 Val loss: 0.1354976906188183 Time: 0.24173737499995696
Train loss: 0.4662557470875228 Val loss: 0.20684689112053634 Time: 0.23805216599998857
Train loss: 0.43099953257060974 Val loss: 0.15979897170607701 Time: 0.2331287910001265
Train loss: 0.4857116528522454 Val loss: 0.2863454786407813 Time: 0.25095991699981823
Train loss: 0.6677926703560522 Val loss: 0.23146725000245955 Time: 0.23449604200004615
Train loss: 0.640947590463739 Val loss: 0.2841745012810271 Time: 0.2338044999999056
Train loss: 0.6829453263775562 Val loss: 0.2178216781757061 Time: 0.2338329579999936
Train loss: 0.3813131414327169 Val loss: 0.15180437770051028 Time: 0.23543291700002555
Train loss: 0.45003550573512996 Val loss: 0.20564834919323782 Time: 0.25671237500000643
Train loss: 0.3760097587087472 Val loss: 0.1071035157352416 Time: 0.2361142080001173
Train loss: 0.46727500564045954 Val loss: 0.3278098549980383 Time: 0.2516659999998865
Train loss: 0.4998797401566275 Val loss: 0.21328652045436852 Time: 0.2383071250001194
Train loss: 0.6468198183752634 Val loss: 0.3055143021218093 Time: 0.23398720800014416
Train loss: 0.5789017510614802 Val loss: 0.21769125008281692 Time: 0.23333079200006068
Train loss: 0.40849969216310456 Val loss: 0.2619152922939544 Time: 0.2623442920000798
Train loss: 0.4692640819919234 Val loss: 0.2056036639704869 Time: 0.269245125000225
Train loss: 0.3660121327233128 Val loss: 0.12674471689251074 Time: 0.29231279199984783
Train loss: 0.4658226108975829 Val loss: 0.3054736605805902 Time: 0.2564292500001102
Train loss: 0.40551305178471697 Val loss: 0.14408959363863583 Time: 0.2685637909999059
Train loss: 0.47125063751924845 Val loss: 0.3727992315772156 Time: 0.26557024999988244
Train loss: 0.4873854144981635 Val loss: 0.22963180842507552 Time: 0.24692079100009323
Train loss: 0.5188006860759913 Val loss: 0.31423741865591387 Time: 0.24424966700007644
Train loss: 0.5835015691544236 Val loss: 0.21342431284599683 Time: 0.23846499999990556
Train loss: 0.39104452374359866 Val loss: 0.1563536428127843 Time: 0.23823479199995745
Train loss: 0.5132389238032147 Val loss: 0.30438552835698063 Time: 0.24055579199989552
Train loss: 0.40432607356268324 Val loss: 0.11146413067408935 Time: 0.233489334000069
Shrinking learning rate to 5e-05
Train loss: 0.47796169003544264 Val loss: 0.13144990578734095 Time: 0.2374347919999309
Train loss: 0.3640922220458487 Val loss: 0.2154232276909468 Time: 0.24279329199998756
Train loss: 0.3145514405862997 Val loss: 0.21441988380055557 Time: 0.2529638339999565
Train loss: 0.2875464990899914 Val loss: 0.21352441710184075 Time: 0.23874900000009802
Train loss: 0.2739850692650718 Val loss: 0.21270322530227587 Time: 0.23350362500013944
Train loss: 0.2665765906439077 Val loss: 0.21202775713131286 Time: 0.23225395800000115
Train loss: 0.262341800618227 Val loss: 0.2114538193210264 Time: 0.23203387499984274
Train loss: 0.2596627408423027 Val loss: 0.2111275725503097 Time: 0.2402952089998962
Train loss: 0.2574798172870487 Val loss: 0.21079167529436257 Time: 0.2775568330000624
Train loss: 0.2557788953699287 Val loss: 0.21039892961266546 Time: 0.23677258399993661
Train loss: 0.25419510208292095 Val loss: 0.2101041759285513 Time: 0.2503227499998957
Train loss: 0.25286189673619064 Val loss: 0.20988925640744627 Time: 0.25599850000003244
Train loss: 0.2516566657556185 Val loss: 0.20969664450810663 Time: 0.2641323749999174
Train loss: 0.25057680515626757 Val loss: 0.2095236306473511 Time: 0.2511442079999142
Train loss: 0.24954536783451764 Val loss: 0.20938566768542263 Time: 0.26536912500000653
Train loss: 0.24850053737111288 Val loss: 0.20926722859171598 Time: 0.25588404100017215
Train loss: 0.24761779944941176 Val loss: 0.20919772535304917 Time: 0.25634945800015885
Train loss: 0.2467580725288947 Val loss: 0.2088880188384787 Time: 0.29149091699991914
Train loss: 0.24599811573687091 Val loss: 0.2089687754868882 Time: 0.24176812499990774
Train loss: 0.245224695921068 Val loss: 0.20896528998788913 Time: 0.23710491599990746
Train loss: 0.24449979493963525 Val loss: 0.2089397804912904 Time: 0.24203537500011407
Train loss: 0.24384754297435984 Val loss: 0.20894140535413783 Time: 0.23763062500006527
Train loss: 0.2432292366123825 Val loss: 0.2090275618232811 Time: 0.24100866699996004
Train loss: 0.24256269509315587 Val loss: 0.20909872504987093 Time: 0.23638849999997547
Train loss: 0.24194575242412597 Val loss: 0.2091678456924179 Time: 0.2343334170000162
Train loss: 0.24135756005233322 Val loss: 0.20920163447024787 Time: 0.2477046250000967
Train loss: 0.2407968210005178 Val loss: 0.20919506007536495 Time: 0.25218758400001207
Train loss: 0.24024554456765657 Val loss: 0.20914985104044606 Time: 0.35215699999980643
Train loss: 0.23969476260673872 Val loss: 0.2089986764781915 Time: 0.25644270800012237
Train loss: 0.23918062040782928 Val loss: 0.20919194195588228 Time: 0.26367195800003174
Train loss: 0.23870305855649576 Val loss: 0.20927364113320193 Time: 0.2602017500000784
Train loss: 0.23818670382263463 Val loss: 0.20932351452641937 Time: 0.24893004099999416
Train loss: 0.23771556177160846 Val loss: 0.20938276889697213 Time: 0.23497483300002386
Train loss: 0.23724866624100827 Val loss: 0.20918261052922957 Time: 0.2600126249999448
Train loss: 0.2367997335537133 Val loss: 0.20943053109168727 Time: 0.27608362499995565
Train loss: 0.2363256674507319 Val loss: 0.20954704486075382 Time: 0.24874337500000365
Train loss: 0.2358656391266578 Val loss: 0.20936849683632086 Time: 0.2564687500000673
Train loss: 0.23544885414714756 Val loss: 0.20956923388509685 Time: 0.24669995899989772
Train loss: 0.2350244280091296 Val loss: 0.20969868859174243 Time: 0.24276191700005256
Train loss: 0.2345759177148814 Val loss: 0.20976815659115522 Time: 0.23499279199995726
Train loss: 0.23405460316640259 Val loss: 0.20951299168401843 Time: 0.24065845799987073
Train loss: 0.23380698678254874 Val loss: 0.20977311767043896 Time: 0.24002725000013925
Train loss: 0.2333820876941497 Val loss: 0.20990259349427523 Time: 0.24173462500016285
Train loss: 0.23296159864426702 Val loss: 0.20977230289433718 Time: 0.23976912499983882
Train loss: 0.23257672824892683 Val loss: 0.2100288817079796 Time: 0.23694316699993578
Train loss: 0.23217559918781472 Val loss: 0.20994213557543756 Time: 0.23301162500001737
Train loss: 0.23174506886373258 Val loss: 0.20993817227383685 Time: 0.2320658330002061
Train loss: 0.23149863827276285 Val loss: 0.20987995115375868 Time: 0.234058874999846
Train loss: 0.23107351302508983 Val loss: 0.21021252906933158 Time: 0.24771487499992872
Train loss: 0.2307457837608231 Val loss: 0.2100182709003042 Time: 0.27062358400007724
Train loss: 0.23039622094405537 Val loss: 0.21037832586511515 Time: 0.3050840829998833
Train loss: 0.23000456700692062 Val loss: 0.21028430823640665 Time: 0.26320495799996024
Train loss: 0.229611465128655 Val loss: 0.21016769315723843 Time: 0.24149412500014478
Train loss: 0.22936876739030776 Val loss: 0.21048957133797683 Time: 0.23739029100011066
Train loss: 0.2290369754919495 Val loss: 0.21041467412403383 Time: 0.24318708299983882
Train loss: 0.22873585739684232 Val loss: 0.2104212018237603 Time: 0.23895537499993225
Train loss: 0.2283471558750932 Val loss: 0.21080690697032123 Time: 0.23725845800004208
Train loss: 0.22795528886343536 Val loss: 0.21049180823823502 Time: 0.23997700000018085
Train loss: 0.22770870633962192 Val loss: 0.2105331027775469 Time: 0.23830995899993468
Train loss: 0.22743220939319997 Val loss: 0.21061463485730328 Time: 0.24008966699989287
Train loss: 0.22706660073166246 Val loss: 0.21071920677588984 Time: 0.234348749999981
Train loss: 0.22682609357068806 Val loss: 0.21113257341903718 Time: 0.2344621659999575
Train loss: 0.2264120188549441 Val loss: 0.21081215772447548 Time: 0.2339198340000621
Train loss: 0.22622469425998415 Val loss: 0.21087008485697306 Time: 0.2339721250000366
Train loss: 0.22591964928385178 Val loss: 0.21100304635095682 Time: 0.23376216600013322
Train loss: 0.22558835602966765 Val loss: 0.21104598461839788 Time: 0.23342233299990767
Train loss: 0.22523666215684113 Val loss: 0.2109825974312659 Time: 0.2330619580000075
Train loss: 0.2250130676232296 Val loss: 0.21148751828942186 Time: 0.232983041000125
Train loss: 0.22467440697540741 Val loss: 0.2115354294796115 Time: 0.24017962499988244
Train loss: 0.2243878994293143 Val loss: 0.2116336898329304 Time: 0.23535266699991553
Train loss: 0.22395286769379702 Val loss: 0.21155062172433323 Time: 0.23335320800015324
Train loss: 0.22380391953166523 Val loss: 0.21170957319659284 Time: 0.23445904100003645
Train loss: 0.22342906383479338 Val loss: 0.21181520673025062 Time: 0.23560487500003546
Train loss: 0.22311185458885907 Val loss: 0.21191735296283526 Time: 0.26872275000005175
Train loss: 0.22290793877182935 Val loss: 0.21213416479746786 Time: 0.23350750000008702
Train loss: 0.22260026128224575 Val loss: 0.21238312288759123 Time: 0.23262837500010392
Train loss: 0.2222844710469144 Val loss: 0.21239180559313786 Time: 0.24031654100008382
Train loss: 0.22191126601034977 Val loss: 0.21260657308510902 Time: 0.23313916700021764
Train loss: 0.22152136787325927 Val loss: 0.21259490878922704 Time: 0.23282262499992612
Train loss: 0.22127763291656377 Val loss: 0.21300081473505186 Time: 0.23280220799983908
Train loss: 0.22097445198642873 Val loss: 0.21309457286713665 Time: 0.23285550000014155
Train loss: 0.22067306632333494 Val loss: 0.21308993883036903 Time: 0.23387570799991408
Train loss: 0.2203109279447482 Val loss: 0.21307865821715047 Time: 0.23253704199987624
Train loss: 0.22005298573728538 Val loss: 0.21323670878514642 Time: 0.23362362499983647
Train loss: 0.21972927418721977 Val loss: 0.21332410092205406 Time: 0.23266112500004965
Train loss: 0.21945547421271194 Val loss: 0.21327132073543348 Time: 0.23829337500001202
Train loss: 0.21925753989442126 Val loss: 0.2134088804699435 Time: 0.23386312499997075
Train loss: 0.21887655190618416 Val loss: 0.21361024508980195 Time: 0.23545012500017037
Train loss: 0.21854186394758202 Val loss: 0.2136690480026988 Time: 0.23387945900003615
Train loss: 0.2183243057872289 Val loss: 0.21390213999597107 Time: 0.2327893330000279
Train loss: 0.21798791066154877 Val loss: 0.21394117168836965 Time: 0.23571849999984806
Train loss: 0.21774400877440137 Val loss: 0.21401333644258522 Time: 0.23824100000001636
Train loss: 0.21751076746408438 Val loss: 0.21431115303203932 Time: 0.23314354200010712
Train loss: 0.21711711245406196 Val loss: 0.21421567997903584 Time: 0.23358037499997408
Train loss: 0.21690447190734252 Val loss: 0.2144092109867735 Time: 0.23750712499986548
Train loss: 0.21661313497561097 Val loss: 0.21448116553014607 Time: 0.23681370799999968
Train loss: 0.21639447891655283 Val loss: 0.21457781053666575 Time: 0.2362156250001135
Train loss: 0.2160781817783377 Val loss: 0.2146356865474553 Time: 0.2339054159999705
Train loss: 0.21590643513056396 Val loss: 0.214759531305814 Time: 0.2356782500000918
Train loss: 0.21555333713425073 Val loss: 0.2147308854671526 Time: 0.23575533400003224
Train loss: 0.21536483406771367 Val loss: 0.21487411922013835 Time: 0.23731916699989597
Train loss: 0.2150618945802698 Val loss: 0.2150017325882139 Time: 0.23971808400006012
Train loss: 0.21488252129994923 Val loss: 0.21509967069183494 Time: 0.2479734579999331
Train loss: 0.21458906138272837 Val loss: 0.21542153002111147 Time: 0.23689262500010955
Train loss: 0.2143385884228367 Val loss: 0.2153963220582627 Time: 0.24017483299985543
Train loss: 0.21414316775418318 Val loss: 0.2155694114538022 Time: 0.2410851670001648
Train loss: 0.21384969598282844 Val loss: 0.21547188031125997 Time: 0.23708529099985753
Train loss: 0.21364882410054897 Val loss: 0.21571996884123407 Time: 0.23806037500003185
Train loss: 0.2133484952579361 Val loss: 0.2157444749770732 Time: 0.23721416600005796
Complete
 Total time: 60.253226250000125