starting log for model: models/lstm_alpha_0.01_22-23.pth
Train loss: 14.88137666961046 Val loss: 0.8036816733844685 Time: 0.41806679199726204
Train loss: 14.338439374352106 Val loss: 0.7909483997383645 Time: 0.34060212499753106
Train loss: 14.174252089725599 Val loss: 0.7859511980355993 Time: 0.3402596249979979
Train loss: 13.986883725027155 Val loss: 0.7808850175741435 Time: 0.33979475000160164
Train loss: 13.634784412051644 Val loss: 0.766485170750604 Time: 0.33949679199940874
Train loss: 12.522735917195817 Val loss: 0.7326207099695493 Time: 0.3532159579990548
Train loss: 10.59880599560605 Val loss: 0.6599312579768614 Time: 0.3398414169969328
Train loss: 8.516857543568022 Val loss: 0.5912913025066796 Time: 0.3418460409993713
Train loss: 7.539330557141355 Val loss: 0.5543890462739873 Time: 0.3390798329965037
Train loss: 7.200768446544242 Val loss: 0.5365909232697446 Time: 0.3393156660022214
Train loss: 7.009314654722022 Val loss: 0.5277610375368676 Time: 0.33942449999813107
Train loss: 6.965771926362788 Val loss: 0.5225437563691997 Time: 0.35242154200022924
Train loss: 6.92942600856648 Val loss: 0.5146104658272989 Time: 0.33974154200041085
Train loss: 6.656429548128989 Val loss: 0.5009491243181311 Time: 0.34033741599705536
Train loss: 6.546227570979148 Val loss: 0.4947301302275342 Time: 0.35150091600007727
Train loss: 6.5451370326654175 Val loss: 0.4907096599177046 Time: 0.38550608299919986
Train loss: 6.387026135240745 Val loss: 0.48003976202191523 Time: 0.3487321669999801
Train loss: 6.241740721982177 Val loss: 0.48385348762604086 Time: 0.339188333000493
Train loss: 6.276176252826877 Val loss: 0.4820307016828767 Time: 0.33927699999912875
Train loss: 6.140613677433897 Val loss: 0.4716952890369255 Time: 0.33899983300216263
Train loss: 6.129345936174502 Val loss: 0.46807891998624807 Time: 0.33800604100179044
Train loss: 5.7848520902382345 Val loss: 0.4468056494651621 Time: 0.33948391699959757
Train loss: 5.903292176707392 Val loss: 0.4474694800168182 Time: 0.3463927499979036
Train loss: 5.672805808448414 Val loss: 0.43100158345222056 Time: 0.3432265420015028
Train loss: 5.475106584791831 Val loss: 0.4258843088327749 Time: 0.33873674999995274
Train loss: 5.416783016799059 Val loss: 0.42515130628411335 Time: 0.33855962500092573
Train loss: 5.3045085656744 Val loss: 0.41093857925362076 Time: 0.3387788330001058
Train loss: 5.242996988707217 Val loss: 0.4007715568636373 Time: 0.3386765000032028
Train loss: 5.097498203351224 Val loss: 0.38033991630422354 Time: 0.3453522919990064
Train loss: 5.048781748112982 Val loss: 0.3759709055175891 Time: 0.3449968329987314
Train loss: 4.920817521225038 Val loss: 0.3750092476365853 Time: 0.3383775840011367
Train loss: 4.610615483833747 Val loss: 0.3681717023852151 Time: 0.3390667499988922
Train loss: 4.54184011250677 Val loss: 0.36223123183590056 Time: 0.33911854200050584
Train loss: 4.48499985571437 Val loss: 0.3381364932483161 Time: 0.3398938749996887
Train loss: 4.3537298759068666 Val loss: 0.33892529270657934 Time: 0.34617183299997123
Train loss: 4.337132766200065 Val loss: 0.3275610175664489 Time: 0.3442652910016477
Train loss: 4.307494983994329 Val loss: 0.32068045524988753 Time: 0.33925491699847043
Train loss: 4.083134273554869 Val loss: 0.32724947150074324 Time: 0.3389177919998474
Train loss: 4.08631222930137 Val loss: 0.31908102153935186 Time: 0.33858308299750206
Train loss: 3.7139999001604513 Val loss: 0.3069498506644 Time: 0.34006049999879906
Train loss: 3.915601354818513 Val loss: 0.2983167412479367 Time: 0.34462799999892013
Train loss: 3.8414165228985118 Val loss: 0.29690020518218674 Time: 0.34504029199888464
Train loss: 3.7095390817942713 Val loss: 0.283865497805699 Time: 0.33958658300252864
Train loss: 3.598230574567631 Val loss: 0.2898426289864786 Time: 0.33819375000166474
Train loss: 3.6417394724355363 Val loss: 0.28037048167658996 Time: 0.3393249159998959
Train loss: 3.578071722290553 Val loss: 0.28568417682985175 Time: 0.3388879160011129
Train loss: 3.554010309221548 Val loss: 0.2783894452098538 Time: 0.3413872919991263
Train loss: 3.2808047537817893 Val loss: 0.27657172888360926 Time: 0.34794145900013973
Train loss: 3.564403683943432 Val loss: 0.2519461116898721 Time: 0.33973799999876064
Train loss: 3.2627929658718102 Val loss: 0.259668364077494 Time: 0.3377209589998529
Train loss: 3.447707477549072 Val loss: 0.25496499774240133 Time: 0.3396454169997014
Train loss: 3.378438039687964 Val loss: 0.23680893850518925 Time: 0.3396078750010929
Train loss: 3.354268288415278 Val loss: 0.27606405453321886 Time: 0.3404637499988894
Train loss: 3.1726396360367133 Val loss: 0.26795138025469734 Time: 0.3472559170004388
Train loss: 3.3093572348616904 Val loss: 0.2577994789595412 Time: 0.3391683750014636
Train loss: 3.1892331568406647 Val loss: 0.23026569268389643 Time: 0.3381413750030333
Train loss: 3.1923404762109993 Val loss: 0.24058328290789488 Time: 0.33953858300083084
Train loss: 3.108486214819255 Val loss: 0.23373156936318715 Time: 0.33969224999964354
Train loss: 3.157616299590636 Val loss: 0.2243506866434615 Time: 0.33952004200182273
Train loss: 3.029493511576206 Val loss: 0.239104347247011 Time: 0.3501823750011681
Train loss: 3.094864772391894 Val loss: 0.2536041828930983 Time: 0.3385803749988554
Train loss: 3.0145461126797453 Val loss: 0.22363913289123938 Time: 0.33868870900187176
Train loss: 3.025999016763128 Val loss: 0.23551724975620864 Time: 0.3397180419997312
Train loss: 3.1552437810814475 Val loss: 0.25063365396250203 Time: 0.3388722079980653
Train loss: 3.031178024454154 Val loss: 0.2271725101947964 Time: 0.35738095800115843
Train loss: 2.897304005870108 Val loss: 0.2515682390743857 Time: 0.36957108299975516
Train loss: 2.826148425115875 Val loss: 0.20965322361959335 Time: 0.3570982079982059
Train loss: 2.9270063945622145 Val loss: 0.2228923861288908 Time: 0.3454209589981474
Train loss: 2.9266531581153865 Val loss: 0.2247867383020678 Time: 0.3469227920031699
Train loss: 2.853577410540609 Val loss: 0.20996933073423987 Time: 0.3485005000002275
Train loss: 2.8131111975979657 Val loss: 0.2378340500489169 Time: 0.3634684999997262
Train loss: 2.895972578005937 Val loss: 0.2280764167402552 Time: 0.353651291999995
Train loss: 2.982239496152183 Val loss: 0.2313053955766475 Time: 0.34556179200080805
Train loss: 2.8764083942754883 Val loss: 0.20602231648719374 Time: 0.3477682500015362
Train loss: 2.7950507436949454 Val loss: 0.21861402577796035 Time: 0.35268483300023945
Train loss: 2.704472851472633 Val loss: 0.19652264870583427 Time: 0.3480149999995774
Train loss: 2.7439124404373683 Val loss: 0.23212808940335192 Time: 0.40738537500146776
Train loss: 2.808091213945275 Val loss: 0.21974047368838404 Time: 0.34282387499843026
Train loss: 2.703648498497488 Val loss: 0.2169558191287919 Time: 0.34751829100059695
Train loss: 2.661876631764372 Val loss: 0.21023065398672314 Time: 0.34203079199869535
Train loss: 2.6717294593156424 Val loss: 0.20965201072491363 Time: 0.35241795900219586
Train loss: 2.5557454262266344 Val loss: 0.2066701317065849 Time: 0.34185066699865274
Train loss: 2.59374906034191 Val loss: 0.20030820407795225 Time: 0.359592207998503
Train loss: 2.629449573414759 Val loss: 0.21223771540610173 Time: 0.34570670800167136
Train loss: 2.594330409359616 Val loss: 0.16966051039484784 Time: 0.3530736659995455
Train loss: 2.4584811634324266 Val loss: 0.15166760094816867 Time: 0.3522740420012269
Train loss: 2.5999831036397723 Val loss: 0.19378568180972175 Time: 0.35028433299885364
Train loss: 2.5024919743435348 Val loss: 0.19430994460558904 Time: 0.34622279099858133
Train loss: 2.411026460904276 Val loss: 0.17878579494654936 Time: 0.36162954099927447
Train loss: 2.3934623327556217 Val loss: 0.1715037738934553 Time: 0.3561175419999927
Train loss: 2.347439744785632 Val loss: 0.15172552262890407 Time: 0.34524783300003037
Train loss: 2.284401693656825 Val loss: 0.1856621601216248 Time: 0.3399479590007104
Train loss: 2.498359071109757 Val loss: 0.16935505620833874 Time: 0.34894933400209993
Train loss: 2.372532452515388 Val loss: 0.16013458462245336 Time: 0.34975000000122236
Train loss: 2.2955028493839222 Val loss: 0.16910484838656195 Time: 0.35854591600218555
Train loss: 2.234939672277825 Val loss: 0.17245941538989898 Time: 0.34285066699885647
Train loss: 2.3809278206031586 Val loss: 0.1636888652397756 Time: 0.35014541700002155
Train loss: 2.320901137839913 Val loss: 0.15705010231275146 Time: 0.3481997919989226
Train loss: 2.24194966200366 Val loss: 0.16654896756258503 Time: 0.33878787499998
Train loss: 2.218142463615278 Val loss: 0.12593012842741755 Time: 0.3459219579999626
Train loss: 2.0892502094059457 Val loss: 0.16357622802444458 Time: 0.37796529199840734
Train loss: 2.2433372171044246 Val loss: 0.07263563885538415 Time: 0.3519916670011298
Train loss: 2.10101213772343 Val loss: 0.13669520338101426 Time: 0.34655158299938194
Train loss: 2.2151158150246877 Val loss: 0.13076907133772833 Time: 0.343721416000335
Train loss: 2.24003857854686 Val loss: 0.14536695120843 Time: 0.3896046670015494
Train loss: 2.165382162295982 Val loss: 0.14248316016554832 Time: 0.3610648329995456
Train loss: 2.258927609305573 Val loss: 0.11192249306281223 Time: 0.3439995420012565
Train loss: 2.2228833017235825 Val loss: 0.15088851562002653 Time: 0.34023433400216163
Train loss: 2.084589655394325 Val loss: 0.14157162743390928 Time: 0.3387442919993191
Train loss: 2.285199925385201 Val loss: 0.12429182821379817 Time: 0.40807095800118987
Train loss: 2.1265529256577747 Val loss: 0.11277118730601045 Time: 0.34920608299944433
Train loss: 2.133658314721586 Val loss: 0.13343226531962785 Time: 0.3512817500013625
Train loss: 2.110925869906918 Val loss: 0.07742544765130567 Time: 0.3383727920008823
Train loss: 2.0077702727719 Val loss: 0.08685203501691802 Time: 0.3393907079989731
Train loss: 2.1041546359190715 Val loss: 0.08984095183871224 Time: 0.34093941599712707
Train loss: 2.194563404012875 Val loss: 0.10260380096639767 Time: 0.3393682499990973
Train loss: 2.006546582138328 Val loss: 0.1303823818166882 Time: 0.3378585419995943
Train loss: 2.122078847836254 Val loss: 0.11825494250467318 Time: 0.3510239159986668
Train loss: 1.8850703646306766 Val loss: 0.12463476180316196 Time: 0.3384842089981248
Train loss: 2.1227823452505845 Val loss: 0.0545614009154116 Time: 0.3423078749983688
Train loss: 1.795752354158031 Val loss: 0.11907913930971202 Time: 0.33968120899953647
Train loss: 2.0575020645375233 Val loss: 0.06428165302670348 Time: 0.3387480000019423
Train loss: 2.1326510262957274 Val loss: 0.06044363778146097 Time: 0.33951129200067953
Train loss: 2.0094819106584794 Val loss: 0.0653563255019924 Time: 0.3497183330000553
Train loss: 2.0213243385672754 Val loss: 0.14845035759589945 Time: 0.3387871670020104
Train loss: 1.9344704129818524 Val loss: 0.031324839095832474 Time: 0.3644608340000559
Train loss: 1.7774516529700293 Val loss: 0.08365164940648431 Time: 0.38891791599962744
Train loss: 1.8155704198586982 Val loss: 0.06979373555304058 Time: 0.4289406250027241
Train loss: 1.8203461095987876 Val loss: 0.1180860484834583 Time: 0.4236056670015387
Train loss: 1.9682292735467093 Val loss: 0.06527942803101718 Time: 0.34103445800064947
Train loss: 1.9706820382708088 Val loss: 0.029892243264213785 Time: 0.3397545839980012
Train loss: 1.7611281245671053 Val loss: 0.1059262384762883 Time: 0.33945937499811407
Train loss: 1.8941633879764623 Val loss: 0.03377998347597738 Time: 0.3381544580006448
Train loss: 1.857959248553322 Val loss: 0.05232649467956197 Time: 0.3593790830018406
Train loss: 1.671257872597213 Val loss: 0.06086703476131398 Time: 0.35056708300180617
Train loss: 1.7597413410914768 Val loss: 0.01878478332197305 Time: 0.3398513329993875
Train loss: 1.71089006209254 Val loss: 0.05083461609887984 Time: 0.33987058300044737
Train loss: 1.7220229884500662 Val loss: 0.04748362645641198 Time: 0.3396709999979066
Train loss: 1.7111031382304418 Val loss: 0.018845132365903242 Time: 0.3384897500000079
Train loss: 2.0397017186068354 Val loss: 0.024419663209823445 Time: 0.3395266659972549
Train loss: 1.7851800276070693 Val loss: 0.07682859468987399 Time: 0.3519628340000054
Train loss: 1.6462333997172998 Val loss: 0.04523639602037651 Time: 0.33999237500029267
Train loss: 1.6969572269693742 Val loss: 0.017978924463490868 Time: 0.3401167500014708
Train loss: 1.709839665212371 Val loss: 0.027511796729727953 Time: 0.3397298329982732
Train loss: 1.5643249655485505 Val loss: 0.061050776041922515 Time: 0.33921949999785284
Train loss: 1.7326917533849056 Val loss: 0.07898911851036136 Time: 0.3400650420007878
Train loss: 1.633443063933246 Val loss: 0.0330368085585268 Time: 0.35079683299773023
Train loss: 1.5092444378591203 Val loss: 0.015152504375942068 Time: 0.339034458000242
Train loss: 1.525036817774045 Val loss: 0.01942160376563869 Time: 0.3394502500013914
Train loss: 1.5648183725289755 Val loss: 0.018830980920397287 Time: 0.33903666699916357
Train loss: 1.5223364106099728 Val loss: 0.015315543246904352 Time: 0.33995158299876493
Train loss: 1.4831319683531774 Val loss: 0.016284330434120073 Time: 0.3407284160020936
Train loss: 1.5033954581459614 Val loss: 0.01595098907437483 Time: 0.3512399169994751
Train loss: 1.4776810190268002 Val loss: 0.016784060153092074 Time: 0.34008991600057925
Train loss: 1.6575202686106572 Val loss: 0.032369186738418626 Time: 0.33992879200013704
Train loss: 1.588539323984521 Val loss: 0.045774061310326 Time: 0.3399752080003964
Train loss: 1.4225930458063551 Val loss: 0.018360076960921786 Time: 0.3386120840004878
Train loss: 1.458677176050287 Val loss: 0.02045204081436097 Time: 0.3394650830014143
Train loss: 1.5186474422291525 Val loss: 0.0185480658885309 Time: 0.35093445900201914
Train loss: 1.4632593483410403 Val loss: 0.014877338547430667 Time: 0.3402768330015533
Train loss: 1.4153306582081626 Val loss: 0.048519195981895975 Time: 0.34028708299956634
Train loss: 1.4249077498770504 Val loss: 0.02100317049592526 Time: 0.34052737499951036
Train loss: 1.5133091920299329 Val loss: 0.05748456880294877 Time: 0.33977320800113375
Train loss: 1.4950843604822808 Val loss: 0.06969482292625238 Time: 0.34035895799752325
Train loss: 1.2672544375412906 Val loss: 0.014126838536390874 Time: 0.349132166000345
Train loss: 1.6239301892989317 Val loss: 0.04784675456500787 Time: 0.34043629199732095
Train loss: 1.4861563321596378 Val loss: 0.06948636379213649 Time: 0.3817503329992178
Train loss: 1.4821698146366202 Val loss: 0.017431929278868656 Time: 0.33859749999828637
Train loss: 1.4641781127116822 Val loss: 0.10555470155398762 Time: 0.3683713339996757
Train loss: 1.4508674481722466 Val loss: 0.04769870946112873 Time: 0.34526829199967324
Train loss: 1.2844833154177486 Val loss: 0.08422984455173703 Time: 0.3519149579988152
Train loss: 1.5034803280208848 Val loss: 0.03873605090677601 Time: 0.3386642920013401
Train loss: 1.4705358031802547 Val loss: 0.063119316928765 Time: 0.33889366700168466
Train loss: 1.2745778771997927 Val loss: 0.11787338849150149 Time: 0.33878550000008545
Shrinking learning rate to 1e-05
Train loss: 1.4012943604144539 Val loss: 0.05359882597733063 Time: 0.33988112500082934
Train loss: 1.3024820894064568 Val loss: 0.07249406057409087 Time: 0.3393084999988787
Train loss: 1.333393094053065 Val loss: 0.07058903177421194 Time: 0.35341204200085485
Train loss: 1.2334087366633781 Val loss: 0.07179035576482178 Time: 0.3390029999973194
Train loss: 1.3621429352126313 Val loss: 0.06372796661043087 Time: 0.33974345800015726
Train loss: 1.4165678450728623 Val loss: 0.0717114202252344 Time: 0.338690584001597
Train loss: 1.245814252797743 Val loss: 0.06681123338035433 Time: 0.33871958300005645
Train loss: 1.3858761392066299 Val loss: 0.07899270837702876 Time: 0.33763162499963073
Train loss: 1.14243775956355 Val loss: 0.06995620029706355 Time: 0.349124666001444
Train loss: 1.2973512999289696 Val loss: 0.06566632942289444 Time: 0.3493049589997099
Train loss: 1.2673964181863449 Val loss: 0.06574793401118008 Time: 0.3428432500004419
Train loss: 1.4290445840271178 Val loss: 0.06687991197601281 Time: 0.33985566699993797
Train loss: 1.3308681424024824 Val loss: 0.07844765645036829 Time: 0.3393907079989731
Train loss: 1.3997096453086044 Val loss: 0.06611932833684543 Time: 0.33816120899791713
Train loss: 1.2178233867432215 Val loss: 0.07100693751863982 Time: 0.35152287500022794
Train loss: 1.3635673709510552 Val loss: 0.0678046554415642 Time: 0.3382623750003404
Train loss: 1.209727196273235 Val loss: 0.06564945879697053 Time: 0.3393093750019034
Train loss: 1.2957319432650536 Val loss: 0.06273912380579712 Time: 0.3381773750006687
Shrinking learning rate to 1.0000000000000002e-06
Train loss: 1.2825479905278632 Val loss: 0.06989878061170371 Time: 0.33872587500081863
Train loss: 1.2438365540495937 Val loss: 0.07034228323426267 Time: 0.3386794580001151
Train loss: 1.3491787434004436 Val loss: 0.07057789046176029 Time: 0.34940295799970045
Train loss: 1.1662644946987513 Val loss: 0.0687647351344987 Time: 0.33929841599820065
Train loss: 1.3228361202201029 Val loss: 0.06953648204529848 Time: 0.33814504200199735
Train loss: 1.2443549358901151 Val loss: 0.06979334775608032 Time: 0.340218665998691
Train loss: 1.4181154968038925 Val loss: 0.06936094542337687 Time: 0.35131529200225486
Train loss: 1.2103999186008423 Val loss: 0.06893596254395948 Time: 0.34037762499792734
Train loss: 1.274805278187813 Val loss: 0.06941102873798714 Time: 0.3514442500018049
Train loss: 1.2695185837902665 Val loss: 0.0700608012811622 Time: 0.3404350000018894
Shrinking learning rate to 1.0000000000000002e-07
Learning rate getting small
Complete
 Total time: 70.13305379099984