starting log for model: models/lstm_fcast_24_new_23-24.pth
Train loss: 17.460823604644133 Val loss: 1.9618502229562087 Time: 0.4648100830090698
Train loss: 16.780506368127266 Val loss: 1.8958244353785136 Time: 0.4704463329981081
Train loss: 16.730596334739687 Val loss: 1.8899975623911447 Time: 0.40434437499789055
Train loss: 16.507203363064036 Val loss: 1.885236104390972 Time: 0.4101355830061948
Train loss: 16.200153888546325 Val loss: 1.8512115228130037 Time: 0.41278699999384116
Train loss: 15.292673287228085 Val loss: 1.755627022356221 Time: 0.41576404200168326
Train loss: 13.591921526900812 Val loss: 1.5748928294159394 Time: 0.4092740420019254
Train loss: 11.100268414465738 Val loss: 1.2935500559335689 Time: 0.4066770000063116
Train loss: 9.35091206012686 Val loss: 1.0902152806215715 Time: 0.4059921250009211
Train loss: 8.418259676769253 Val loss: 0.9756883283486271 Time: 0.4125844170048367
Train loss: 8.144739995112893 Val loss: 0.9385796476449364 Time: 0.40867370800697245
Train loss: 7.962146532753926 Val loss: 0.9130859590104707 Time: 0.4234531250112923
Train loss: 7.64664914213839 Val loss: 0.8804499649929746 Time: 0.4190989159978926
Train loss: 7.5980063435354355 Val loss: 0.8721838061910111 Time: 0.4250814169936348
Train loss: 7.521850754874194 Val loss: 0.8585616756273518 Time: 0.4118344580056146
Train loss: 7.54242681971361 Val loss: 0.8573410638547445 Time: 0.41879858399624936
Train loss: 7.325366646512101 Val loss: 0.83347325657837 Time: 0.39951079100137576
Train loss: 7.153758291189135 Val loss: 0.81473719747887 Time: 0.41701833400293253
Train loss: 7.058627749844075 Val loss: 0.7952619180736442 Time: 0.41731883300235495
Train loss: 6.850435433210647 Val loss: 0.7743884631405171 Time: 0.40583233399956953
Train loss: 6.743727603238979 Val loss: 0.7583517514822321 Time: 0.4578922079963377
Train loss: 6.716868227976342 Val loss: 0.7505844868217593 Time: 0.3994131660001585
Train loss: 6.490986133869446 Val loss: 0.7250813590731525 Time: 0.3998380410048412
Train loss: 6.458958363091662 Val loss: 0.7224124290071675 Time: 0.3993203340069158
Train loss: 6.33903473661349 Val loss: 0.7024486606482327 Time: 0.4045738330023596
Train loss: 6.131437573861948 Val loss: 0.6820541158429007 Time: 0.39903512499586213
Train loss: 5.883017393297468 Val loss: 0.6509967322723765 Time: 0.39959045899740886
Train loss: 5.91865148300055 Val loss: 0.6491729614835099 Time: 0.4022663749929052
Train loss: 5.750457426699964 Val loss: 0.6307690206977654 Time: 0.39950533299997915
Train loss: 5.717630972597076 Val loss: 0.6224399088372676 Time: 0.4047062919999007
Train loss: 5.314543838606518 Val loss: 0.5767902439557405 Time: 0.40078845899552107
Train loss: 5.247347987366432 Val loss: 0.5679170893936181 Time: 0.3999339159927331
Train loss: 5.226011900878727 Val loss: 0.5623134797759363 Time: 0.3996735830005491
Train loss: 5.093307110603208 Val loss: 0.5427945680722677 Time: 0.40036441599659156
Train loss: 4.877746686908937 Val loss: 0.5188990502056582 Time: 0.404014041996561
Train loss: 4.958064501470178 Val loss: 0.5199432540584588 Time: 0.39955512501182966
Train loss: 4.887712432904143 Val loss: 0.5129176263768459 Time: 0.39919333400030155
Train loss: 4.690851112667005 Val loss: 0.48860811974392543 Time: 0.39943391700217035
Train loss: 4.6153450513776395 Val loss: 0.47951747708074666 Time: 0.39968691699323244
Train loss: 4.528751776227753 Val loss: 0.46765809218778154 Time: 0.4033704579924233
Train loss: 4.614360613337059 Val loss: 0.4769606739648838 Time: 0.4736188749957364
Train loss: 4.59906824054589 Val loss: 0.47196146246191145 Time: 0.3998373330105096
Train loss: 4.504000401136255 Val loss: 0.4597681353254395 Time: 0.45472308300668374
Train loss: 4.476786541716903 Val loss: 0.459983973996954 Time: 0.40108341599989217
Train loss: 4.3261389761398155 Val loss: 0.44113659989834947 Time: 0.40573708299780264
Train loss: 4.367101241878175 Val loss: 0.4456751107735102 Time: 0.39943745799246244
Train loss: 4.374831994037024 Val loss: 0.4437972359772962 Time: 0.39879770900006406
Train loss: 4.27317926903276 Val loss: 0.43300930183500297 Time: 0.4018189999915194
Train loss: 4.10098800672489 Val loss: 0.4128765579707512 Time: 0.39921404200140387
Train loss: 4.0973842509880285 Val loss: 0.41936992966640035 Time: 0.40255220800463576
Train loss: 4.172662002253618 Val loss: 0.4226412673679711 Time: 0.4016379579989007
Train loss: 4.02479099277464 Val loss: 0.4076466722676446 Time: 0.4002902499923948
Train loss: 3.8912281739601013 Val loss: 0.3958556064135558 Time: 0.399008666005102
Train loss: 4.037421788261831 Val loss: 0.4088999123563693 Time: 0.3989412090013502
Train loss: 3.840949952446609 Val loss: 0.38874943942422363 Time: 0.41487770799722057
Train loss: 4.052242789258446 Val loss: 0.4127497850969375 Time: 0.44594887499988545
Train loss: 3.8887112201481617 Val loss: 0.39217397068325743 Time: 0.41058833300485276
Train loss: 3.947996699159054 Val loss: 0.4001234158627184 Time: 0.3997453339979984
Train loss: 3.983091091995111 Val loss: 0.4016477362602893 Time: 0.44493420800426975
Train loss: 3.9272053507574256 Val loss: 0.3982923878789454 Time: 0.5692781660036417
Train loss: 3.7803076230619013 Val loss: 0.3816109758049558 Time: 0.40769816700776573
Train loss: 3.831254361960643 Val loss: 0.38876058203826247 Time: 0.40824420799617656
Train loss: 3.7244636748221236 Val loss: 0.37611055824867407 Time: 0.4147819580102805
Train loss: 3.721547745313204 Val loss: 0.37620043510036477 Time: 0.493233125002007
Train loss: 3.8251598041584756 Val loss: 0.3867402972842396 Time: 0.41547345800790936
Train loss: 3.7121058915239225 Val loss: 0.3746127659399324 Time: 0.4107749579998199
Train loss: 3.519184982570562 Val loss: 0.3579472890938441 Time: 0.42031116600264795
Train loss: 3.581570979827148 Val loss: 0.36562131543991594 Time: 0.43167987499327864
Train loss: 3.54846387343213 Val loss: 0.3658933320109159 Time: 0.42052841698750854
Train loss: 3.498701081678014 Val loss: 0.35485588571693644 Time: 0.4203412500064587
Train loss: 3.5664575478985885 Val loss: 0.3628350387040376 Time: 0.4263015420001466
Train loss: 3.566497336948709 Val loss: 0.3620368551588271 Time: 0.42125891700561624
Train loss: 3.5304853536278706 Val loss: 0.3606116083820961 Time: 0.40675670800555963
Train loss: 3.6187739416002906 Val loss: 0.36608662800612285 Time: 0.5094237919984153
Train loss: 3.506336895869758 Val loss: 0.3546770765240837 Time: 0.44219987498945557
Train loss: 3.616073188744576 Val loss: 0.36772915173557374 Time: 0.4478067500022007
Train loss: 3.3182132634634147 Val loss: 0.33814652263817 Time: 0.4422792919940548
Train loss: 3.4509050767552196 Val loss: 0.34967954614663255 Time: 0.4435489589959616
Train loss: 3.5585580366994884 Val loss: 0.3616874572288523 Time: 0.41660583300108556
Train loss: 3.458075873986181 Val loss: 0.3471588857730333 Time: 0.4071254160080571
Train loss: 3.3089437871645115 Val loss: 0.3386743885259982 Time: 0.4660170410061255
Train loss: 3.398306285164274 Val loss: 0.3475838684390781 Time: 0.40121908400033135
Train loss: 3.338787473188173 Val loss: 0.34139476553228976 Time: 0.4300219170108903
Train loss: 3.321288607248262 Val loss: 0.33842685450481774 Time: 0.5174392080079997
Train loss: 3.2025403100799936 Val loss: 0.32230275679838605 Time: 0.4116969169990625
Train loss: 3.346281772071663 Val loss: 0.3389130945362165 Time: 0.4684001249988796
Train loss: 3.258664214054953 Val loss: 0.3282736338748791 Time: 0.40752870800497476
Train loss: 3.2328326147365054 Val loss: 0.32971927986241756 Time: 0.406977459002519
Train loss: 3.2114838125245413 Val loss: 0.324149921988326 Time: 0.43217345800076146
Train loss: 3.2746555766067864 Val loss: 0.3320897157171614 Time: 0.49486708399490453
Train loss: 3.2586292109052795 Val loss: 0.3343458848569199 Time: 0.40286425000522286
Train loss: 3.1421517644409023 Val loss: 0.3218893729854087 Time: 0.3995313330087811
Train loss: 3.0933739867026198 Val loss: 0.3109951629734883 Time: 0.40509012500115205
Train loss: 3.051811474503526 Val loss: 0.30694782737788917 Time: 0.40276112500578165
Train loss: 3.1116002138871863 Val loss: 0.3177421337011637 Time: 0.46596283400140237
Train loss: 2.9926739168563117 Val loss: 0.30333311501405663 Time: 0.3998010419891216
Train loss: 3.035357845775504 Val loss: 0.31017701544761933 Time: 0.39995841699419543
Train loss: 3.0065286310636368 Val loss: 0.30371145093566293 Time: 0.4033717910060659
Train loss: 3.05977488236883 Val loss: 0.30968377256704027 Time: 0.3994908330059843
Train loss: 3.1344337596798724 Val loss: 0.3368670814102655 Time: 0.4000964579900028
Train loss: 3.0881888721377635 Val loss: 0.3251983513102814 Time: 0.40457354100362863
Train loss: 3.1044758360994003 Val loss: 0.32693902736765795 Time: 0.4021390000125393
Train loss: 3.0829338199618377 Val loss: 0.3269353849186759 Time: 0.4065836249938002
Train loss: 2.963556565516709 Val loss: 0.3154763104775409 Time: 0.40546112500305753
Train loss: 3.0453167649501616 Val loss: 0.3222594231633289 Time: 0.4087284169945633
Train loss: 3.0016563302524553 Val loss: 0.3177612455229799 Time: 0.40751004200137686
Train loss: 3.014612024856587 Val loss: 0.3181330021272261 Time: 0.4146524169918848
Train loss: 2.767741154170931 Val loss: 0.2944691445743662 Time: 0.41835395801172126
Train loss: 2.973962244748737 Val loss: 0.3137855837046642 Time: 0.4164319169940427
Train loss: 2.734414259790661 Val loss: 0.2945768433733932 Time: 0.40955237500020303
Train loss: 3.032869414902933 Val loss: 0.31935120226879976 Time: 0.41182162500626873
Train loss: 2.830276324788623 Val loss: 0.30078057608264896 Time: 0.40887733300041873
Train loss: 2.9035188363271054 Val loss: 0.30711226176913753 Time: 0.4255783340049675
Train loss: 2.898344081082474 Val loss: 0.3067660880312103 Time: 0.41588475000753533
Train loss: 2.786723381854358 Val loss: 0.2964066168731302 Time: 0.4167462909972528
Train loss: 2.7666710261917 Val loss: 0.2943662093663875 Time: 0.4117048329935642
Train loss: 2.8390084462259324 Val loss: 0.3011102762359235 Time: 0.41543774999445304
Train loss: 2.7471344453702216 Val loss: 0.2925156586847177 Time: 0.417474416011828
Train loss: 2.622058913341089 Val loss: 0.2807229889672178 Time: 0.42037804100255016
Train loss: 2.9101843978491786 Val loss: 0.3102830821591443 Time: 0.42479712498607114
Train loss: 2.935230129561286 Val loss: 0.31089062424084135 Time: 0.4259611669986043
Train loss: 2.80682929073793 Val loss: 0.29926649405518047 Time: 0.44367566700384486
Train loss: 2.6555687799336676 Val loss: 0.2876857722183833 Time: 0.4356609170063166
Train loss: 2.70468993255803 Val loss: 0.2897675708439972 Time: 0.446195540993358
Train loss: 2.5919308092132294 Val loss: 0.2853978900461672 Time: 0.5591823330032639
Train loss: 2.591249686402243 Val loss: 0.2823841259833285 Time: 0.42604933300754055
Train loss: 2.7212054758207387 Val loss: 0.29631766781561286 Time: 0.42798854201100767
Train loss: 2.6054673031010287 Val loss: 0.2808420825974268 Time: 0.4255054170062067
Train loss: 2.579541947662946 Val loss: 0.27864664781906257 Time: 0.42730670800665393
Train loss: 2.6455717065822455 Val loss: 0.29210316632255173 Time: 0.42541899999196175
Train loss: 2.5614243075290597 Val loss: 0.27678213904339205 Time: 0.425122000000556
Train loss: 2.735487534895327 Val loss: 0.2923777024465844 Time: 0.4267529589997139
Train loss: 2.632924603409691 Val loss: 0.28383159446313333 Time: 0.42458979100047145
Train loss: 2.5324207890757187 Val loss: 0.2775808119570038 Time: 0.4241603749978822
Train loss: 2.6211291070320755 Val loss: 0.284495753432175 Time: 0.5281988329952583
Train loss: 2.587636892623159 Val loss: 0.2823807733390836 Time: 0.4296627500007162
Train loss: 2.4869230689404063 Val loss: 0.2810879496821696 Time: 0.4312274999974761
Train loss: 2.580653489855891 Val loss: 0.28688984298526593 Time: 0.4296821669995552
Train loss: 2.518699564703665 Val loss: 0.2823444388449371 Time: 0.42750429100124165
Train loss: 2.3567293656122175 Val loss: 0.2590152075867616 Time: 0.4307618329912657
Train loss: 2.461804497761264 Val loss: 0.27513054287129407 Time: 0.43212012499861885
Train loss: 2.3766637170990137 Val loss: 0.26768539899501254 Time: 0.4295229580020532
Train loss: 2.3787129686297277 Val loss: 0.27120353216384524 Time: 0.431316041998798
Train loss: 2.3996761651587093 Val loss: 0.2871167915295555 Time: 0.43015458299487364
Train loss: 2.517030068020791 Val loss: 0.2873356570765162 Time: 0.43586912500904873
Train loss: 2.475683639567049 Val loss: 0.2775948971123787 Time: 0.4373446249956032
Train loss: 2.3612179220189375 Val loss: 0.28975154616256543 Time: 0.4340264170023147
Train loss: 2.46421884385094 Val loss: 0.27713809629920366 Time: 0.4317462090111803
Train loss: 2.4360958480996198 Val loss: 0.2938049080867935 Time: 0.4320894580014283
Shrinking learning rate to 1e-05
Train loss: 2.2856611259551123 Val loss: 0.2621432844521 Time: 0.4362819160014624
Train loss: 2.225754717013558 Val loss: 0.26029561931961975 Time: 0.4381585829978576
Train loss: 2.1960146973408 Val loss: 0.2603427640669214 Time: 0.4360332920041401
Train loss: 2.195299808503613 Val loss: 0.2618937400035917 Time: 0.4340412500023376
Train loss: 2.2519760304930667 Val loss: 0.2652716634703568 Time: 0.434443750011269
Train loss: 2.2795587562080186 Val loss: 0.2694255905746771 Time: 0.4381115420110291
Train loss: 2.3087219844566675 Val loss: 0.2713405033889534 Time: 0.4352384170051664
Train loss: 2.3261180214860318 Val loss: 0.2768763029327842 Time: 0.4403777919942513
Train loss: 2.191164214838494 Val loss: 0.2645975005574519 Time: 0.4368860420072451
Train loss: 2.300790249653481 Val loss: 0.2749306660489416 Time: 0.4369022079918068
Train loss: 2.189679006109163 Val loss: 0.2673748530003801 Time: 0.4355608749901876
Train loss: 2.2476720817390152 Val loss: 0.27193237785873986 Time: 0.43727145799493883
Train loss: 2.181668297309642 Val loss: 0.2655023159147532 Time: 0.4373904169915477
Train loss: 2.144750398302186 Val loss: 0.2619166557361002 Time: 0.435045624995837
Train loss: 2.294721181705988 Val loss: 0.27421648781180197 Time: 0.43653820900362916
Train loss: 2.1691210849105147 Val loss: 0.26329377663429737 Time: 0.4376859170006355
Train loss: 2.0627650090913994 Val loss: 0.2561608841169343 Time: 0.4423122500011232
Train loss: 2.1060046875217253 Val loss: 0.26086340130313174 Time: 0.4399863749858923
Train loss: 2.2643104164028105 Val loss: 0.2719587673632091 Time: 0.45071916600863915
Train loss: 2.1502775132008054 Val loss: 0.2637509854218483 Time: 0.4457882920105476
Train loss: 2.259240344522034 Val loss: 0.2735958722074684 Time: 0.4415524159994675
Train loss: 2.116979452047091 Val loss: 0.2596673214080454 Time: 0.4386551669886103
Train loss: 2.2332656049985378 Val loss: 0.2683692873502761 Time: 0.43942887500452343
Train loss: 2.106546021292111 Val loss: 0.26004603434806833 Time: 0.4423719170008553
Train loss: 2.19254693620217 Val loss: 0.2672599677347247 Time: 0.44052612500672694
Train loss: 2.1338127970864496 Val loss: 0.26083769944620877 Time: 0.44268212499446236
Shrinking learning rate to 1.0000000000000002e-06
Train loss: 2.273820345655687 Val loss: 0.27363149340667653 Time: 0.44325095901149325
Train loss: 2.076304109295876 Val loss: 0.2579486406005804 Time: 0.4426038750098087
Train loss: 2.22664663719358 Val loss: 0.2702138704776073 Time: 0.4423229999956675
Train loss: 2.296722841448428 Val loss: 0.27566369612140107 Time: 0.4471369590028189
Train loss: 2.2370158548087966 Val loss: 0.2708997558203608 Time: 0.4435953329957556
Train loss: 2.2160688997734956 Val loss: 0.26904428060948743 Time: 0.4516718749946449
Train loss: 2.285068835147616 Val loss: 0.2749068052803343 Time: 0.44539975000952836
Train loss: 2.2986578867154486 Val loss: 0.2761555468667561 Time: 0.4477494159946218
Train loss: 2.289420081244992 Val loss: 0.275471807768926 Time: 0.44437333299720194
Train loss: 2.1451595656483016 Val loss: 0.2638297669572043 Time: 0.44282070799090434
Shrinking learning rate to 1.0000000000000002e-07
Learning rate getting small
Complete
 Total time: 78.96285387499665