starting log for model: models/lstm_comb_alpha_0.1_22-23.pth
Train loss: 14.258185942770325 Val loss: 1.6180455733060497 Time: 0.266727832997276
Train loss: 13.081581257111594 Val loss: 1.497646648598009 Time: 0.26280120899900794
Train loss: 11.16902961907234 Val loss: 1.299519461834407 Time: 0.2628423339992878
Train loss: 8.922299200384908 Val loss: 1.055792678938787 Time: 0.2617003749983269
Train loss: 7.273657791627621 Val loss: 0.873960984398469 Time: 0.26758404200154473
Train loss: 6.512341715852704 Val loss: 0.781064001302781 Time: 0.2747897080007533
Train loss: 6.369578577673276 Val loss: 0.754686197181762 Time: 0.26145433300189325
Train loss: 6.054857952336192 Val loss: 0.7293835589562563 Time: 0.2614311670004099
Train loss: 6.060580687532245 Val loss: 0.717342046115551 Time: 0.26209212499816203
Train loss: 5.706361108732118 Val loss: 0.6882827639244585 Time: 0.2610164170000644
Train loss: 5.689249607767305 Val loss: 0.683933424601011 Time: 0.26119112499873154
Train loss: 5.567493984328522 Val loss: 0.6671181362277407 Time: 0.26110933300151373
Train loss: 5.439245740425054 Val loss: 0.6525595835836817 Time: 0.27293333399939
Train loss: 5.315335522954692 Val loss: 0.6413384902726195 Time: 0.2618312500017055
Train loss: 4.902223346206593 Val loss: 0.5990417767803401 Time: 0.2768105840004864
Train loss: 4.935460174762882 Val loss: 0.5945328642896969 Time: 0.2827115000000049
Train loss: 5.101847180666141 Val loss: 0.6120982286156069 Time: 0.2620260000003327
Train loss: 4.664839742699513 Val loss: 0.5672797186373035 Time: 0.26198624999960884
Train loss: 4.45951710943503 Val loss: 0.5468514116649851 Time: 0.261466832998849
Train loss: 4.466680596763446 Val loss: 0.5395489253613424 Time: 0.26236304199846927
Train loss: 4.104817220314409 Val loss: 0.5044760298406729 Time: 0.27563712499977555
Train loss: 4.147165015896121 Val loss: 0.5050124296752295 Time: 0.26194424999994226
Train loss: 4.050343226712066 Val loss: 0.47971541643418514 Time: 0.261827499998617
Train loss: 3.832465106197617 Val loss: 0.4561386462613702 Time: 0.2610384170002362
Train loss: 3.737934617071316 Val loss: 0.44646686105000544 Time: 0.26323362499897485
Train loss: 3.636937824693101 Val loss: 0.4364621690406603 Time: 0.2629704999999376
Train loss: 3.3142942236987967 Val loss: 0.40988003235975695 Time: 0.26217733299927204
Train loss: 3.3097663707971776 Val loss: 0.3945878295022365 Time: 0.2616037080006208
Train loss: 3.416994038023688 Val loss: 0.39193514368428134 Time: 0.27493274999869755
Train loss: 3.14886782636367 Val loss: 0.36115960045508305 Time: 0.2618267919970094
Train loss: 2.992062768890463 Val loss: 0.34138433586870204 Time: 0.26246945800085086
Train loss: 2.8407433477957023 Val loss: 0.32680200856708536 Time: 0.26016387499839766
Train loss: 2.721695179273638 Val loss: 0.30307848054525993 Time: 0.2611827500004438
Train loss: 2.8198540389814184 Val loss: 0.3075876948990041 Time: 0.2615281660000619
Train loss: 2.6380807216147097 Val loss: 0.2852330356587052 Time: 0.2609046670004318
Train loss: 2.3738923057886665 Val loss: 0.2524390138902848 Time: 0.26777012499951525
Train loss: 2.5919552272621473 Val loss: 0.27821796129226967 Time: 0.26737283400143497
Train loss: 2.5278603974547886 Val loss: 0.2674685211307954 Time: 0.2610828750002838
Train loss: 2.2992558849742863 Val loss: 0.24152483397722083 Time: 0.2613831249982468
Train loss: 2.2668563627516907 Val loss: 0.23526336192220174 Time: 0.26166408300196053
Train loss: 2.348816414200545 Val loss: 0.24015102933796806 Time: 0.26078554099876783
Train loss: 2.294830940593954 Val loss: 0.23939410022151686 Time: 0.26109537499723956
Train loss: 2.278215973950452 Val loss: 0.23978203038529164 Time: 0.26078599999891594
Train loss: 2.0844565019035777 Val loss: 0.2218990586575487 Time: 0.2728890409998712
Train loss: 2.1411594079078586 Val loss: 0.21663525759332772 Time: 0.2622866659985448
Train loss: 2.0466211169759987 Val loss: 0.21110108546037318 Time: 0.26274158299929695
Train loss: 1.944246666502413 Val loss: 0.2043760711177584 Time: 0.26422304199877544
Train loss: 1.9822260018029283 Val loss: 0.2024892080062781 Time: 0.2612000419976539
Train loss: 2.02880315673076 Val loss: 0.21150947780735846 Time: 0.26084208300017053
Train loss: 1.8584358569271207 Val loss: 0.19327166167645998 Time: 0.2603203750004468
Train loss: 1.9049360470809331 Val loss: 0.19268370170003699 Time: 0.26104737499917974
Train loss: 1.970645778719586 Val loss: 0.20277371730831392 Time: 0.2742020000005141
Train loss: 1.8159088351071127 Val loss: 0.18946300244637165 Time: 0.2617558749989257
Train loss: 1.8141887600405724 Val loss: 0.1906983112003941 Time: 0.2615979170004721
Train loss: 1.8184597656010553 Val loss: 0.18671197078951496 Time: 0.26031916699866997
Train loss: 1.6886290184881574 Val loss: 0.1711834922097559 Time: 0.26322479199734516
Train loss: 1.6726370246047537 Val loss: 0.17480748130783538 Time: 0.2618875840016699
Train loss: 1.8164125690068715 Val loss: 0.18855692086662157 Time: 0.26186479199895984
Train loss: 1.7188122065933187 Val loss: 0.180283699053404 Time: 0.26091237500077114
Train loss: 1.6214523617297778 Val loss: 0.1681479906294733 Time: 0.2732172089999949
Train loss: 1.724343930139086 Val loss: 0.18110043728465447 Time: 0.26298879200112424
Train loss: 1.59856471419651 Val loss: 0.16902367774664231 Time: 0.26236912500098697
Train loss: 1.6882700029281281 Val loss: 0.18270533923911922 Time: 0.2627187919970311
Train loss: 1.4936092864946264 Val loss: 0.16728891155129777 Time: 0.26124150000032387
Train loss: 1.4303170577515516 Val loss: 0.16227624045461134 Time: 0.26215720899926964
Train loss: 1.473752318808387 Val loss: 0.17000841002300546 Time: 0.2613045420002891
Train loss: 1.4285223435498562 Val loss: 0.1574407117089512 Time: 0.26060641599906376
Train loss: 1.4265408106607183 Val loss: 0.1630976773937273 Time: 0.2740533750002214
Train loss: 1.4447839510974028 Val loss: 0.16117692523888666 Time: 0.261086874998
Train loss: 1.51411103165578 Val loss: 0.16320475346381805 Time: 0.26131154199902085
Train loss: 1.3728907193038964 Val loss: 0.15341725713167922 Time: 0.2606458330010355
Train loss: 1.4181466195846326 Val loss: 0.1563772199820016 Time: 0.26127987500149175
Train loss: 1.369576102295749 Val loss: 0.15263613679928195 Time: 0.26074204099859344
Train loss: 1.4252034142548666 Val loss: 0.15568500319841513 Time: 0.2613352920016041
Train loss: 1.4190523191809916 Val loss: 0.15741191096675725 Time: 0.2703282919974299
Train loss: 1.3620534875917087 Val loss: 0.1632812527039153 Time: 0.26152804199955426
Train loss: 1.3562408365907572 Val loss: 0.15737566576323844 Time: 0.26093466599922976
Train loss: 1.3488087957355663 Val loss: 0.15757122181567051 Time: 0.26039954199950444
Train loss: 1.259612293925585 Val loss: 0.13906650818576888 Time: 0.2605304589997104
Train loss: 1.26477034624628 Val loss: 0.14805727245300926 Time: 0.261124042001029
Train loss: 1.3890462038087605 Val loss: 0.14671093122242632 Time: 0.26038420899931225
Train loss: 1.2057273711827747 Val loss: 0.13005301973596933 Time: 0.26065704099892173
Train loss: 1.0673738180511094 Val loss: 0.12817958905621776 Time: 0.2735899170002085
Train loss: 1.2598379504933064 Val loss: 0.139140005883602 Time: 0.2620734580013959
Train loss: 1.2039460884120103 Val loss: 0.1530861429875232 Time: 0.26019395800176426
Train loss: 1.1219432992116047 Val loss: 0.13609669129279292 Time: 0.2602785410017532
Train loss: 1.177509897884434 Val loss: 0.14467023750546365 Time: 0.26088645799973165
Train loss: 1.105389016151804 Val loss: 0.15976040444353415 Time: 0.2601312089973362
Train loss: 1.1191467692558144 Val loss: 0.13300095332594744 Time: 0.260285374999512
Train loss: 1.1288001945069377 Val loss: 0.12366765019513067 Time: 0.2605703340013861
Train loss: 1.181331934385112 Val loss: 0.15289165057700405 Time: 0.27391679200081853
Train loss: 1.0856248827533417 Val loss: 0.13928615346997775 Time: 0.26089191700157244
Shrinking learning rate to 1e-05
Train loss: 1.2105033462894426 Val loss: 0.13332736174875257 Time: 0.26157099999909406
Train loss: 1.1688575002277943 Val loss: 0.1291670233917029 Time: 0.2609095410007285
Train loss: 1.1265132714601584 Val loss: 0.12635154884319205 Time: 0.26122183299958124
Train loss: 1.1172579040320212 Val loss: 0.12930285579030765 Time: 0.2608617920013785
Train loss: 1.1513654412146792 Val loss: 0.1321295769337534 Time: 0.25999762499850476
Train loss: 1.053037314090643 Val loss: 0.12144228052536826 Time: 0.26042674999916926
Train loss: 1.0752210885979707 Val loss: 0.12276475330844376 Time: 0.2742913750007574
Train loss: 0.9637774968537549 Val loss: 0.11634024437220432 Time: 0.26009691700164694
Train loss: 1.0818884918173985 Val loss: 0.12431825334290136 Time: 0.26075870899876463
Train loss: 1.116189874549307 Val loss: 0.12556145728722218 Time: 0.26075395900261356
Train loss: 1.0576945691278183 Val loss: 0.11874326260771767 Time: 0.25986445899980026
Train loss: 1.052823592755182 Val loss: 0.12095081539223182 Time: 0.2600970409985166
Train loss: 1.0654025967467753 Val loss: 0.1243434400937758 Time: 0.2606233340011386
Train loss: 1.1153638531845402 Val loss: 0.1278958034153689 Time: 0.2597910829972534
Train loss: 1.0493162902321052 Val loss: 0.12272162623909799 Time: 0.2721875419993012
Train loss: 1.0479483425525444 Val loss: 0.12034831624881982 Time: 0.2611034999972617
Train loss: 1.0725226059264514 Val loss: 0.1254167630644451 Time: 0.2604603750005481
Shrinking learning rate to 1.0000000000000002e-06
Train loss: 1.160183659372933 Val loss: 0.13261569002384901 Time: 0.2612187079976138
Train loss: 1.0422054842318005 Val loss: 0.12225177945732568 Time: 0.2589942090016848
Train loss: 1.1082035929645997 Val loss: 0.1281216878375563 Time: 0.25996999999915715
Train loss: 1.0084842460344419 Val loss: 0.11925768955242318 Time: 0.2609018749972165
Train loss: 1.2114189300679143 Val loss: 0.13647048024513872 Time: 0.2607603329997801
Train loss: 1.0610236610021602 Val loss: 0.12323167992885324 Time: 0.27176520800276194
Train loss: 1.0755807298618443 Val loss: 0.12411209874948133 Time: 0.26038970800073
Train loss: 1.0206358785971565 Val loss: 0.11922633209623333 Time: 0.2631725409992214
Train loss: 1.1863168583229273 Val loss: 0.1336021008178376 Time: 0.260073375000502
Train loss: 1.118012416611144 Val loss: 0.1275659511258513 Time: 0.259106083001825
Shrinking learning rate to 1.0000000000000002e-07
Learning rate getting small
Complete
 Total time: 31.410552290999476