starting log for model: models/lstm_alpha_100_23-24.pth
Train loss: 3.99777008494131 Val loss: 399.7770580667921 Time: 0.41862612499971874
Train loss: 4.932521968344815 Val loss: 493.2522297013921 Time: 0.39091370800088043
Train loss: 3.972951143292348 Val loss: 397.2951495846151 Time: 0.3755834160001541
Train loss: 3.983963784066816 Val loss: 398.3964199692399 Time: 0.37764891699771397
Train loss: 3.9882783521749197 Val loss: 398.8278685114374 Time: 0.3747332089988049
Train loss: 3.758015067691727 Val loss: 375.80153744254557 Time: 0.3761217499995837
Train loss: 3.6031702263508976 Val loss: 360.3170554311379 Time: 0.3764355420025822
Train loss: 3.7117122091141255 Val loss: 371.17125088838134 Time: 0.38942141699953936
Train loss: 3.3786841181621696 Val loss: 337.8684366476614 Time: 0.3765352919981524
Train loss: 3.5543140832783404 Val loss: 355.4314308913955 Time: 0.3752900409999711
Train loss: 3.322201087178387 Val loss: 332.22012545711567 Time: 0.3758007500000531
Train loss: 3.206384168019944 Val loss: 320.63843965448996 Time: 0.3772740829990653
Train loss: 3.0741983780305873 Val loss: 307.41985542748955 Time: 0.38905908400192857
Train loss: 3.1953667634024043 Val loss: 319.5366939941728 Time: 0.392246041999897
Train loss: 3.238051438525595 Val loss: 323.8051592595488 Time: 0.37691991700194194
Train loss: 3.100792248675674 Val loss: 310.07923873040977 Time: 0.3755370420003601
Train loss: 3.0217926256499936 Val loss: 302.1792762266543 Time: 0.3774587910011178
Train loss: 2.941099993378131 Val loss: 294.11000990685716 Time: 0.38823558399963076
Train loss: 2.987499077634311 Val loss: 298.74991867582986 Time: 0.3758652090000396
Train loss: 3.038556831139303 Val loss: 303.8556926782821 Time: 0.37497533300120267
Train loss: 2.9529936822426635 Val loss: 295.29937641298335 Time: 0.3748058330020285
Train loss: 3.0267714239639787 Val loss: 302.67715276282973 Time: 0.37616470899956767
Train loss: 2.7766585845742497 Val loss: 277.66586415184094 Time: 0.3755670000027749
Train loss: 2.8670711299989478 Val loss: 286.7071163879683 Time: 0.3895562500001688
Train loss: 2.75191399646339 Val loss: 275.1914054983752 Time: 0.37537904199780314
Train loss: 2.7777210359171107 Val loss: 277.7721069393165 Time: 0.37623412500033737
Train loss: 2.6496995938298067 Val loss: 264.9699630683988 Time: 0.38760199999887845
Train loss: 2.6053858520725726 Val loss: 260.53858728896705 Time: 0.3779442500017467
Train loss: 2.706108947495597 Val loss: 270.6108967835669 Time: 0.3883597499989264
Train loss: 2.650581093727176 Val loss: 265.05811169470905 Time: 0.37551783399976557
Train loss: 2.5920639551758455 Val loss: 259.20639698852165 Time: 0.37328804099888657
Train loss: 2.3948321966608432 Val loss: 239.4832204389823 Time: 0.37564287500208593
Train loss: 2.3501578175437743 Val loss: 235.01578223005572 Time: 0.3761806250004156
Train loss: 2.264788654883205 Val loss: 226.47886560951798 Time: 0.3765331659997173
Train loss: 2.5079749174864574 Val loss: 250.79749250100693 Time: 0.38788149999891175
Train loss: 2.3481993872427083 Val loss: 234.81993876058166 Time: 0.3764072500016482
Train loss: 2.2347319562798384 Val loss: 223.4731957871941 Time: 0.37595087500085356
Train loss: 2.2767970790907066 Val loss: 227.67970794620842 Time: 0.3766098329979286
Train loss: 2.2119269169703273 Val loss: 221.1926917199966 Time: 0.37510849999671336
Train loss: 2.0153945066209644 Val loss: 201.53945135197958 Time: 0.38780333300019265
Train loss: 2.1877174218949733 Val loss: 218.77174231893179 Time: 0.3775933750002878
Train loss: 2.2466372915727106 Val loss: 224.66372922758612 Time: 0.37561904200265417
Train loss: 2.0965944395928773 Val loss: 209.65944485881965 Time: 0.37466487499841605
Train loss: 2.158549828432484 Val loss: 215.85498389108434 Time: 0.39049754200095776
Train loss: 2.0171474136760708 Val loss: 201.71474234766663 Time: 0.3813075830003072
Train loss: 2.1214045918860087 Val loss: 212.14046183793243 Time: 0.42890129200168303
Train loss: 1.9823537164774052 Val loss: 198.23537339894574 Time: 0.37573949999932665
Train loss: 2.136991499042896 Val loss: 213.69915004523884 Time: 0.37703591600075015
Train loss: 1.9748141741716267 Val loss: 197.4814186236525 Time: 0.37597279100009473
Train loss: 1.9990632391924237 Val loss: 199.90632502263136 Time: 0.3760131250019185
Train loss: 2.0269272446827316 Val loss: 202.69272540621938 Time: 0.38773645800029044
Train loss: 2.0734313720640927 Val loss: 207.34314231606032 Time: 0.40008400000078836
Train loss: 1.7904230398575756 Val loss: 179.0423075324689 Time: 0.4126694580008916
Train loss: 1.9181184831270457 Val loss: 191.81185138726616 Time: 0.376384416998917
Train loss: 1.9327421468631059 Val loss: 193.27421725963296 Time: 0.37576754199835705
Train loss: 1.937152675767038 Val loss: 193.715272062017 Time: 0.38762608300021384
Train loss: 1.87759268637366 Val loss: 187.75927882849422 Time: 0.3888039169978583
Train loss: 1.9272804396894543 Val loss: 192.72804670980355 Time: 0.46448516600139556
Train loss: 1.8081273405480545 Val loss: 180.8127390706978 Time: 0.3750418339986936
Train loss: 1.8492364910733912 Val loss: 184.92365773817212 Time: 0.37547045900282683
Train loss: 1.8248120235175804 Val loss: 182.4812195761793 Time: 0.3902640420019452
Train loss: 1.802977234536712 Val loss: 180.29773175480327 Time: 0.37615029200242134
Shrinking learning rate to 1e-05
Train loss: 1.9532176287270318 Val loss: 195.3217729566114 Time: 0.3767578329971002
Train loss: 1.9102252003551143 Val loss: 191.0225340531452 Time: 0.3762350839970168
Train loss: 1.7299195700092582 Val loss: 172.9919734710226 Time: 0.37488487500013434
Train loss: 1.7515397442670917 Val loss: 175.15399126972738 Time: 0.37586679100058973
Train loss: 1.7489889596696457 Val loss: 174.8989121648255 Time: 0.3879976250027539
Train loss: 1.7482298297135515 Val loss: 174.8229964515798 Time: 0.3737397500008228
Train loss: 1.6526804642064121 Val loss: 165.26806087325767 Time: 0.3764622499984398
Train loss: 1.7052764908522562 Val loss: 170.5276648304939 Time: 0.3761801669970737
Train loss: 1.8026592964055226 Val loss: 180.2659465120139 Time: 0.3763003749991185
Train loss: 1.7508782161847876 Val loss: 175.08783758677242 Time: 0.386177290998603
Train loss: 1.7869639994455326 Val loss: 178.6964148436134 Time: 0.3903410829989298
Train loss: 1.8524674741547642 Val loss: 185.2467618656427 Time: 0.37749779099976877
Train loss: 1.8928857078564931 Val loss: 189.28858388346887 Time: 0.37505583399979514
Train loss: 1.590414948037278 Val loss: 159.0415085843991 Time: 0.37502916700032074
Train loss: 1.751004080808741 Val loss: 175.10042109135597 Time: 0.37635587499971734
Train loss: 1.7378455846841527 Val loss: 173.78457303708817 Time: 0.38623816700055613
Train loss: 1.7402121273645292 Val loss: 174.0212265691809 Time: 0.3755887920015084
Train loss: 1.7732109811309442 Val loss: 177.32111199680992 Time: 0.37587237500338233
Train loss: 1.6805612153589813 Val loss: 168.0561356168976 Time: 0.3750150419982674
Train loss: 1.6332972677914768 Val loss: 163.32974100605375 Time: 0.3752137079973181
Train loss: 1.6623907496300632 Val loss: 166.2390884731149 Time: 0.38687154199942597
Train loss: 1.657691641137717 Val loss: 165.76917741753726 Time: 0.3749470420007128
Train loss: 1.7779422323739027 Val loss: 177.7942350408714 Time: 0.37612670799717307
Shrinking learning rate to 1.0000000000000002e-06
Train loss: 1.736922815311491 Val loss: 173.6922943296955 Time: 0.3877437919982185
Train loss: 1.5658985762564157 Val loss: 156.58987193452475 Time: 0.3779881659975217
Train loss: 1.6737428412853301 Val loss: 167.37429756193103 Time: 0.3884687909994682
Train loss: 1.6702835183281195 Val loss: 167.02836538154196 Time: 0.3753500000020722
Train loss: 1.7012699593606442 Val loss: 170.1270093232705 Time: 0.3760906249990512
Train loss: 1.6575712062065637 Val loss: 165.75713446366555 Time: 0.3752497090026736
Train loss: 1.66576030707543 Val loss: 166.57604464141116 Time: 0.3751984580012504
Train loss: 1.6920409481889713 Val loss: 169.20410866620804 Time: 0.37460866699984763
Train loss: 1.7138469839742783 Val loss: 171.3847120438048 Time: 0.3857140830004937
Train loss: 1.8210375697565269 Val loss: 182.1037697915203 Time: 0.3751190829971165
Train loss: 1.7728233473555353 Val loss: 177.28234814515378 Time: 0.37425024999902234
Shrinking learning rate to 1.0000000000000002e-07
Learning rate getting small
Complete
 Total time: 36.669245082997804