starting log for model: models/lstm_lin1_fcast_19_new_22-23.pth
Train loss: 14.552691973865535 Val loss: 1.7239586361523502 Time: 0.5117614999999205
Train loss: 14.365930210976163 Val loss: 1.6325824892506346 Time: 0.5301832090008247
Train loss: 14.351444638543768 Val loss: 1.630991882581688 Time: 0.5380917919992498
Train loss: 14.284772717302928 Val loss: 1.6225952892864273 Time: 0.5422029579985974
Train loss: 13.643896465225854 Val loss: 1.5660667629000868 Time: 0.5256227080008102
Train loss: 12.35954773493448 Val loss: 1.4289852154579727 Time: 0.551303457999893
Train loss: 10.212543342371152 Val loss: 1.211732259204766 Time: 0.5026917499999399
Train loss: 8.683611066237916 Val loss: 1.0547048236380026 Time: 0.5117290840007627
Train loss: 7.906115421814944 Val loss: 0.9649153555338823 Time: 0.5490708329998597
Train loss: 7.286564324128648 Val loss: 0.8995904104955701 Time: 0.549492874999487
Train loss: 6.7341479452576785 Val loss: 0.8389860489367884 Time: 0.5114945000004809
Train loss: 6.689040620282995 Val loss: 0.8223981149314916 Time: 0.517591916001038
Train loss: 6.219773879920012 Val loss: 0.7793091524776341 Time: 0.5290183750003052
Train loss: 6.289932579605164 Val loss: 0.7797362757357845 Time: 0.5035927500011894
Train loss: 6.243789082726828 Val loss: 0.7722905391472062 Time: 0.517244374999791
Train loss: 6.254194249580507 Val loss: 0.7710227405322692 Time: 0.49871533300029114
Train loss: 6.024554481374707 Val loss: 0.7488333070087126 Time: 0.5197335829998337
Train loss: 5.737735179753486 Val loss: 0.714378481105133 Time: 0.5220712920017831
Train loss: 5.761509809937966 Val loss: 0.71289449650884 Time: 0.5470335000009072
Train loss: 5.736723012284642 Val loss: 0.7064422976171136 Time: 0.5210127499994996
Train loss: 5.533199705696006 Val loss: 0.6854710498962185 Time: 0.5062253750002128
Train loss: 5.575247351218611 Val loss: 0.6880709176656765 Time: 0.5027590829995461
Train loss: 5.634776936491008 Val loss: 0.6901856794981098 Time: 0.5053265000005922
Train loss: 5.380985420805359 Val loss: 0.6680131404860788 Time: 0.511641500001133
Train loss: 5.366488288790322 Val loss: 0.6647095227618794 Time: 0.5217503340008989
Train loss: 5.291093268196468 Val loss: 0.6464910296735453 Time: 0.5404347499988944
Train loss: 5.1712027572429555 Val loss: 0.6395544726218725 Time: 0.5172687499998574
Train loss: 5.18020854115926 Val loss: 0.6369738828936126 Time: 0.5357891250005196
Train loss: 4.8757864655459 Val loss: 0.6100050758525659 Time: 0.5124802499994985
Train loss: 5.005625963655632 Val loss: 0.6169899965987515 Time: 0.5156884999996691
Train loss: 4.840625182067242 Val loss: 0.6090090300303859 Time: 0.5143957079999382
Train loss: 4.554357442214609 Val loss: 0.5815401055188507 Time: 0.5354415829988284
Train loss: 4.701046495020705 Val loss: 0.5905393109898069 Time: 0.509821583998928
Train loss: 4.454015191602322 Val loss: 0.5565696290518072 Time: 0.5385379580002336
Train loss: 4.253859291122865 Val loss: 0.5369958261582325 Time: 0.5255182920009247
Train loss: 4.24775222669939 Val loss: 0.5459775438593077 Time: 0.5443049589994189
Train loss: 4.032774984372395 Val loss: 0.5236296078497665 Time: 0.5255949170004897
Train loss: 4.113437321012446 Val loss: 0.5301641167869593 Time: 0.5340910830000212
Train loss: 4.200176634465166 Val loss: 0.528700907973363 Time: 0.530080167000051
Train loss: 3.6919615367588614 Val loss: 0.4942149697717879 Time: 0.5405533749999449
Train loss: 3.596837656601108 Val loss: 0.47513865479328715 Time: 0.5101021669997863
Train loss: 3.5168535586933354 Val loss: 0.4608536766720152 Time: 0.5250408749998314
Train loss: 3.6122088211231755 Val loss: 0.4670723405145448 Time: 0.516826791999847
Train loss: 3.5714602798904576 Val loss: 0.46037772212869066 Time: 0.5311055420006596
Train loss: 3.2092321832054296 Val loss: 0.4271550399312424 Time: 0.5498572500000591
Train loss: 3.2918069200000484 Val loss: 0.42381730318955063 Time: 0.5219714579998254
Train loss: 3.0862695935786917 Val loss: 0.42192432008443975 Time: 0.5221706669999548
Train loss: 2.9685062735116396 Val loss: 0.3979153601150611 Time: 0.5232750830000441
Train loss: 2.977461827384004 Val loss: 0.391417619149875 Time: 0.5227902919996268
Train loss: 3.0943132299435945 Val loss: 0.400375457869389 Time: 0.5280084170008195
Train loss: 3.0268495004102576 Val loss: 0.3956163583923894 Time: 0.5397002909994626
Train loss: 2.749675697779704 Val loss: 0.3688601645621713 Time: 0.5397915419998753
Train loss: 2.7793209038597375 Val loss: 0.3857040508931902 Time: 0.5392389999997249
Train loss: 2.5867795334882544 Val loss: 0.35576269183532105 Time: 0.5260189170003287
Train loss: 2.4842347626924095 Val loss: 0.33575414900366307 Time: 0.5321832499994343
Train loss: 2.4891000578535554 Val loss: 0.34940657471271214 Time: 0.5404977500002133
Train loss: 2.587913750970756 Val loss: 0.3477988806115879 Time: 0.5218226249999134
Train loss: 2.3211159857918116 Val loss: 0.3330776442355552 Time: 0.5359709580006893
Train loss: 2.3700857230646477 Val loss: 0.3355916631519762 Time: 0.5514452080005867
Train loss: 2.294647480112019 Val loss: 0.32085865272290853 Time: 0.5512797079991287
Train loss: 2.2883818073092073 Val loss: 0.3294949793838048 Time: 0.5309863329985092
Train loss: 2.180430169282559 Val loss: 0.31672664918669935 Time: 0.5424032910013921
Train loss: 2.35266748382984 Val loss: 0.30882200546678673 Time: 0.5377898749993619
Train loss: 2.260352576153963 Val loss: 0.30900006155130944 Time: 0.5510220420001133
Train loss: 2.2929629873534907 Val loss: 0.3212641208786423 Time: 0.5362226249999367
Train loss: 2.101082093079075 Val loss: 0.3068952334557521 Time: 0.5213581249990966
Train loss: 2.2706175082768114 Val loss: 0.31286118087635284 Time: 0.5430455830010033
Train loss: 2.176137806015202 Val loss: 0.31271950402966936 Time: 0.5282118329996592
Train loss: 2.0728591393859688 Val loss: 0.3036737262026174 Time: 0.5618846249999478
Train loss: 2.051721503352155 Val loss: 0.2862575463003478 Time: 0.5297477080002864
Train loss: 1.991302872121139 Val loss: 0.2838274427749123 Time: 0.5363354999990406
Train loss: 2.1354244117648484 Val loss: 0.291630520881608 Time: 0.5262680830001045
Train loss: 2.053497722550958 Val loss: 0.2868677762355901 Time: 0.5268995829992491
Train loss: 1.9398300820442032 Val loss: 0.2736674013645623 Time: 0.5380495419994986
Train loss: 2.013976962051359 Val loss: 0.28021980771191796 Time: 0.5439065830014442
Train loss: 1.9612789577356375 Val loss: 0.2734474957370393 Time: 0.5455676660003519
Train loss: 1.9941024663504212 Val loss: 0.2673392136055335 Time: 0.5773205839996081
Train loss: 1.924526457388481 Val loss: 0.274383040274515 Time: 0.5395712080007797
Train loss: 1.954291324004875 Val loss: 0.262202258600346 Time: 0.531959874999302
Train loss: 1.910536854010053 Val loss: 0.27630058375331756 Time: 0.5375612500010902
Train loss: 1.7247781105608126 Val loss: 0.2554931449924884 Time: 0.5349311249992752
Train loss: 1.8054449965394497 Val loss: 0.2641809819440376 Time: 0.5518040000006295
Train loss: 1.7690884951291004 Val loss: 0.2653171870904261 Time: 0.5310309590004181
Train loss: 1.7799728285146514 Val loss: 0.25289479131724363 Time: 0.5236127080006554
Train loss: 1.8562022089296661 Val loss: 0.2560496155374067 Time: 0.5446667919986794
Train loss: 1.6814626935672692 Val loss: 0.24988664063294666 Time: 0.5478131250001752
Train loss: 1.7569975247635983 Val loss: 0.25450979975798577 Time: 0.52376466700116
Train loss: 1.7500150153665333 Val loss: 0.2572050158887266 Time: 0.5367180409994035
Train loss: 1.7411843864023844 Val loss: 0.2556138208632876 Time: 0.5452597500006959
Train loss: 1.779036209286744 Val loss: 0.24867632882525703 Time: 0.5546738749999349
Train loss: 1.7633485108189717 Val loss: 0.24908585644191777 Time: 0.5667513749995123
Train loss: 1.5591528836208681 Val loss: 0.2499612858143448 Time: 0.5486935000008089
Train loss: 1.6280209413253601 Val loss: 0.22709000638105512 Time: 0.5435390000002371
Train loss: 1.5394957135725136 Val loss: 0.2330840816939873 Time: 0.5458767500003887
Train loss: 1.5081575486187013 Val loss: 0.22753412986230287 Time: 0.5301549579999119
Train loss: 1.614308900332734 Val loss: 0.23043441677940768 Time: 0.5437314169994352
Train loss: 1.7362106658459062 Val loss: 0.2426666998142378 Time: 0.5495272080006544
Train loss: 1.5679302028708975 Val loss: 0.228210182145362 Time: 0.5438785839996854
Train loss: 1.5197293085924226 Val loss: 0.2275488590017845 Time: 0.5445013329990616
Train loss: 1.3759664422100588 Val loss: 0.21617235235857446 Time: 0.5430191249997733
Train loss: 1.3882841127048238 Val loss: 0.2164440564113757 Time: 0.5779162500002712
Train loss: 1.509882729212066 Val loss: 0.21080492406392112 Time: 0.5594092499995895
Train loss: 1.5028840262169512 Val loss: 0.22810963909535423 Time: 0.53984304199912
Train loss: 1.4270137050570142 Val loss: 0.23659826865672248 Time: 0.5390411250009493
Train loss: 1.358179692176222 Val loss: 0.23408779427212428 Time: 0.5330867500015302
Train loss: 1.3549126153498925 Val loss: 0.22190863610876574 Time: 0.5505290420005622
Train loss: 1.3787055666845731 Val loss: 0.24311476990367206 Time: 0.5478592090003076
Train loss: 1.2638597668253446 Val loss: 0.2094162878644618 Time: 0.5437822089988913
Train loss: 1.2441626748630483 Val loss: 0.2182214560415196 Time: 0.544777041000998
Train loss: 1.297686454836665 Val loss: 0.2229087491948165 Time: 0.533966834000239
Train loss: 1.2307203868826306 Val loss: 0.21025015364657446 Time: 0.5455491250013438
Train loss: 1.2127815126718389 Val loss: 0.21427752008279072 Time: 0.5495263329994486
Train loss: 1.1916418375478344 Val loss: 0.22122233683654324 Time: 0.5596319579999545
Train loss: 1.212914037922836 Val loss: 0.22753838573216428 Time: 0.5547591670001566
Train loss: 1.1187961313705026 Val loss: 0.20283697553685381 Time: 0.5440566669985856
Train loss: 1.1759972250653767 Val loss: 0.1993067485365926 Time: 0.5452510000013717
Train loss: 1.126521222915983 Val loss: 0.20308961718176471 Time: 0.5345727920011996
Train loss: 1.0553056727280783 Val loss: 0.2049853787562095 Time: 0.5522805830005382
Train loss: 1.0794549451233577 Val loss: 0.20058768544983513 Time: 0.5357752919990162
Train loss: 1.3055178594664767 Val loss: 0.21150663416695867 Time: 0.5477272500011168
Train loss: 1.0579743928570289 Val loss: 0.20780544812873933 Time: 0.5423348749991419
Train loss: 1.0851700723202864 Val loss: 0.19540860291475626 Time: 0.5615091660001781
Train loss: 1.0763020899811124 Val loss: 0.23576707416221812 Time: 0.555131834000349
Train loss: 1.0970689532575761 Val loss: 0.22702277445035757 Time: 0.5408607919998758
Train loss: 0.9314908857507902 Val loss: 0.20612535720684724 Time: 0.5550086250004824
Train loss: 1.0969235544751008 Val loss: 0.17949241840548055 Time: 0.5615798329999961
Train loss: 1.1115287629667883 Val loss: 0.2244265290952412 Time: 0.547605374998966
Train loss: 1.0444757628758732 Val loss: 0.20117734998469117 Time: 0.5513392079992627
Train loss: 0.8885874834499186 Val loss: 0.1866801870056345 Time: 0.5430319160004728
Train loss: 1.0919032016403136 Val loss: 0.21198689150886837 Time: 0.5388371660010307
Train loss: 0.9666975508795339 Val loss: 0.1743123862761787 Time: 0.550589915999808
Train loss: 0.8899558925039841 Val loss: 0.17375777152916552 Time: 0.5638968749990454
Train loss: 1.0278257357244291 Val loss: 0.20455685159280584 Time: 0.5520919999999023
Train loss: 0.9105158398611337 Val loss: 0.1933925617648984 Time: 0.5942075830007525
Train loss: 1.036324420896694 Val loss: 0.19009223209323306 Time: 0.5636756659987441
Train loss: 0.920860382058379 Val loss: 0.1887180410800361 Time: 0.56114158300079
Train loss: 0.9009497055252496 Val loss: 0.21660351825636018 Time: 0.549223833000724
Train loss: 0.9194011779426035 Val loss: 0.21823774293413226 Time: 0.563441000000239
Shrinking learning rate to 1e-05
Train loss: 0.7786616545476193 Val loss: 0.19291057305033874 Time: 0.5568969579999248
Train loss: 0.8421863472256916 Val loss: 0.19672982470750267 Time: 0.5424015000007785
Train loss: 0.8498400983927645 Val loss: 0.19693395529444604 Time: 0.5457299589998001
Train loss: 0.8768523590679251 Val loss: 0.19926153747547024 Time: 0.538240500000029
Train loss: 0.8697158609876006 Val loss: 0.20014000501607057 Time: 0.5465577499999199
Train loss: 0.8290946308119942 Val loss: 0.1983841997124415 Time: 0.5454681250012072
Train loss: 0.8930621095258005 Val loss: 0.1981484170577855 Time: 0.5335101660002692
Train loss: 1.0228116655029886 Val loss: 0.20303017389582906 Time: 0.5511513330002344
Train loss: 0.8409686589341874 Val loss: 0.1953160308963981 Time: 0.5390802080000867
Train loss: 0.8352811528980517 Val loss: 0.19184006283095154 Time: 0.5465731250005774
Shrinking learning rate to 1.0000000000000002e-06
Train loss: 0.9458991162548074 Val loss: 0.20003433164971682 Time: 0.5575555000013992
Train loss: 0.8792376851530737 Val loss: 0.19654459904815316 Time: 0.5667952079984389
Train loss: 0.919017417017784 Val loss: 0.19799369271716474 Time: 0.5562569590001658
Train loss: 0.9187206019962808 Val loss: 0.1978294181831586 Time: 0.5545202499997686
Train loss: 0.8709535184096922 Val loss: 0.19570274158625042 Time: 0.5434204160010268
Train loss: 0.9099335262013888 Val loss: 0.19759168300338434 Time: 0.5447051659994031
Train loss: 0.8574263171623073 Val loss: 0.19468356205115767 Time: 0.5548460420013726
Train loss: 0.7884124659744245 Val loss: 0.19134221518795763 Time: 0.5458878750014264
Train loss: 0.8727502661881772 Val loss: 0.1948704072229504 Time: 0.5432887079987267
Train loss: 0.896892330756625 Val loss: 0.1951981528724606 Time: 0.5536647079989052
Shrinking learning rate to 1.0000000000000002e-07
Learning rate getting small
Complete
 Total time: 85.31325245799962