starting log for model: models/lstm_fcast_19_new_23-24.pth
Train loss: 17.84351685121547 Val loss: 1.966432563880496 Time: 0.4179007500060834
Train loss: 15.180475822450205 Val loss: 1.5763465087713826 Time: 0.40373791599995457
Train loss: 8.20420581465922 Val loss: 0.9062454967546998 Time: 0.43849995800701436
Train loss: 7.110578272512612 Val loss: 0.7903583879553584 Time: 0.4200742910034023
Train loss: 6.6494373653204235 Val loss: 0.7461779358544328 Time: 0.41927600000053644
Train loss: 6.345183289264355 Val loss: 0.7121562630985995 Time: 0.42849137500161305
Train loss: 6.357281869372628 Val loss: 0.7143924992264975 Time: 0.405973291999544
Train loss: 6.062418730495139 Val loss: 0.6890001715316484 Time: 0.4051557920029154
Train loss: 5.767749361508365 Val loss: 0.658319244200257 Time: 0.4751605000055861
Train loss: 5.319117734291183 Val loss: 0.6316059530895974 Time: 0.3975778340100078
Train loss: 4.854443893575905 Val loss: 0.5863359918314089 Time: 0.3974652080069063
Train loss: 4.711171239187763 Val loss: 0.5850903962895458 Time: 0.3994284579966916
Train loss: 4.636184989489099 Val loss: 0.5785373261682407 Time: 0.4016370830067899
Train loss: 4.329523001257813 Val loss: 0.542265802654324 Time: 0.39614016700943466
Train loss: 4.274636814451714 Val loss: 0.540184499490532 Time: 0.3977046250074636
Train loss: 3.992558656550834 Val loss: 0.48466289623315134 Time: 0.39661049999995157
Train loss: 3.703878441311989 Val loss: 0.45671704075936215 Time: 0.39636370800144505
Train loss: 3.674166729443698 Val loss: 0.43227293894484714 Time: 0.4022252499999013
Train loss: 3.489793077172884 Val loss: 0.41691562415277145 Time: 0.39542016699851956
Train loss: 3.2505443593408962 Val loss: 0.39825397502339577 Time: 0.3957341670029564
Train loss: 3.0946236259423907 Val loss: 0.3521507593362107 Time: 0.39420683299249504
Train loss: 3.0396928045330958 Val loss: 0.39066305566086307 Time: 0.3971305410086643
Train loss: 3.0737904631163113 Val loss: 0.3529321427474751 Time: 0.4033177919918671
Train loss: 2.9488678877974124 Val loss: 0.3577684495019752 Time: 0.394948667002609
Train loss: 2.8204618264360874 Val loss: 0.32410597607302083 Time: 0.45123858298757114
Train loss: 2.355601624020302 Val loss: 0.28485087508681806 Time: 0.39888458300265484
Train loss: 2.823805474637531 Val loss: 0.3513347008670454 Time: 0.3959788329957519
Train loss: 2.3790037870281022 Val loss: 0.27489109927027466 Time: 0.39999987500777934
Train loss: 2.308798146680715 Val loss: 0.362090055695195 Time: 0.39707300000009127
Train loss: 2.3269617442075736 Val loss: 0.3998199691637382 Time: 0.39612099999794737
Train loss: 1.9800862867852231 Val loss: 0.36187808075782113 Time: 0.39869366599305067
Train loss: 2.0613749251535722 Val loss: 0.23404544992075463 Time: 0.3969269999943208
Train loss: 1.9652894479655494 Val loss: 0.23136472317705561 Time: 0.40436841700284276
Train loss: 1.8569590702630023 Val loss: 0.3153500972340048 Time: 0.3993259169947123
Train loss: 1.912039535965512 Val loss: 0.24441635583271437 Time: 0.40261358399584424
Train loss: 1.5387925188808182 Val loss: 0.2797193369336876 Time: 0.4010552919935435
Train loss: 1.647143382733752 Val loss: 0.2763513462340817 Time: 0.4024081249954179
Train loss: 1.3535576523973853 Val loss: 0.20940940358948817 Time: 0.40481816699320916
Train loss: 1.5906742655712027 Val loss: 0.2299078172705765 Time: 0.4030006249959115
Train loss: 1.510561485438643 Val loss: 0.19271054843482674 Time: 0.4050891669903649
Train loss: 1.6889948923545255 Val loss: 0.32375958541678856 Time: 0.4058633749955334
Train loss: 1.4873281204968265 Val loss: 0.1823917994132393 Time: 0.4067725829954725
Train loss: 1.8153233809901677 Val loss: 0.2697153794852237 Time: 0.409217542008264
Train loss: 1.540524897165085 Val loss: 0.18858423974943442 Time: 0.4063626249990193
Train loss: 1.7397210950121007 Val loss: 0.20070559935887897 Time: 0.4187003749975702
Train loss: 1.708101115037607 Val loss: 0.26670446489576183 Time: 0.4081974159926176
Train loss: 1.9447248280494023 Val loss: 0.23577630769555577 Time: 0.4141527499887161
Shrinking learning rate to 5e-05
Train loss: 1.6307050802648746 Val loss: 0.19688538456833368 Time: 0.4158430420065997
Train loss: 1.2385352715480806 Val loss: 0.16492275798686312 Time: 0.41030491700803395
Train loss: 1.294220686174004 Val loss: 0.16718055414388802 Time: 0.41222004100563936
Train loss: 1.4073583920619521 Val loss: 0.18042070247311687 Time: 0.4140726670011645
Train loss: 1.366618541025936 Val loss: 0.1779319820657541 Time: 0.4135556249966612
Train loss: 1.3014913246765758 Val loss: 0.16991602127049207 Time: 0.4161374160030391
Train loss: 1.149449475026158 Val loss: 0.16548962727178426 Time: 0.41511645799619146
Train loss: 1.1644544349957542 Val loss: 0.16939720174609946 Time: 0.4155684160068631
Train loss: 1.1996929459219245 Val loss: 0.1660046074909153 Time: 0.41414970898767933
Train loss: 1.4385166022503881 Val loss: 0.17996288539818284 Time: 0.4176430000079563
Train loss: 1.3471165141565535 Val loss: 0.18067416160953412 Time: 0.420117833011318
Train loss: 1.1407995846825543 Val loss: 0.1603101668403996 Time: 0.4240633340086788
Train loss: 1.2517319729580514 Val loss: 0.17494604516426773 Time: 0.42027958399557974
Train loss: 1.2809566893165254 Val loss: 0.17138101003266237 Time: 0.41563912499987055
Train loss: 1.1277005183563151 Val loss: 0.1634488352983482 Time: 0.4158878750022268
Train loss: 1.141259227768586 Val loss: 0.15882811277055053 Time: 0.4216240420064423
Train loss: 1.2351603666448625 Val loss: 0.16768860641350486 Time: 0.41965074998734053
Train loss: 1.1219259126368257 Val loss: 0.16216513417878456 Time: 0.4198983750102343
Train loss: 1.3120458462664653 Val loss: 0.17331574930884946 Time: 0.4203318330110051
Train loss: 1.1278058480411914 Val loss: 0.15635660237180132 Time: 0.4193880840030033
Train loss: 1.0357314304262673 Val loss: 0.14938947211521542 Time: 0.42398279199551325
Train loss: 1.1522476576286067 Val loss: 0.15569431986792323 Time: 0.4228515409922693
Train loss: 1.0708373147211496 Val loss: 0.15564160578142444 Time: 0.4225477080035489
Train loss: 1.143605113952276 Val loss: 0.1622297662119153 Time: 0.4246231249999255
Train loss: 1.1167657586444193 Val loss: 0.156002125701376 Time: 0.42453158300486393
Train loss: 1.0666198690590818 Val loss: 0.14777721171447905 Time: 0.42726129200309515
Train loss: 1.1013281692290207 Val loss: 0.15794811092228558 Time: 0.4250255829974776
Train loss: 1.2104205426017245 Val loss: 0.15826122699985182 Time: 0.42383504200552125
Train loss: 1.0746053544976562 Val loss: 0.15173666622957097 Time: 0.42545725000672974
Train loss: 1.0166867482448652 Val loss: 0.14740496022550725 Time: 0.4267574170080479
Train loss: 1.196869500308651 Val loss: 0.16662197342243734 Time: 0.4277613750018645
Train loss: 1.0754281074401604 Val loss: 0.1556436489364495 Time: 0.42567549999512266
Train loss: 1.0391765771566606 Val loss: 0.15709229682453843 Time: 0.4270545420004055
Train loss: 1.2181355780780354 Val loss: 0.1632270420572239 Time: 0.42893650000041816
Train loss: 1.0537115311799887 Val loss: 0.15116881751121158 Time: 0.4305658749944996
Train loss: 1.0243847135304094 Val loss: 0.15251291739457093 Time: 0.4297016249911394
Train loss: 1.1613714197432126 Val loss: 0.15846732488104484 Time: 0.42959479200362694
Train loss: 1.1263290882616275 Val loss: 0.15569451273587565 Time: 0.4268960839981446
Train loss: 1.2564502902940262 Val loss: 0.17112314408178705 Time: 0.43357712498982437
Shrinking learning rate to 5e-06
Train loss: 1.0248163274429487 Val loss: 0.14805929755662917 Time: 0.4312107500009006
Train loss: 1.1257371425866936 Val loss: 0.1558375168702551 Time: 0.43268662500486244
Train loss: 0.9963167651054832 Val loss: 0.14688070224028646 Time: 0.430322125001112
Train loss: 1.0825834496631046 Val loss: 0.15303504521601693 Time: 0.4320938749879133
Train loss: 0.9301208691260285 Val loss: 0.14276653493820432 Time: 0.4302279169933172
Train loss: 1.083918737332212 Val loss: 0.15323883498342752 Time: 0.43584904199815355
Train loss: 1.0646223837331519 Val loss: 0.15161245310707644 Time: 0.43212350000976585
Train loss: 1.0305443122416191 Val loss: 0.14964978022008435 Time: 0.42973137499939185
Train loss: 1.1652116176642444 Val loss: 0.15928407031962505 Time: 0.4366452499962179
Train loss: 1.100998621039082 Val loss: 0.15450886908648798 Time: 0.4354615839984035
Train loss: 1.0683302499674312 Val loss: 0.1530586690683315 Time: 0.43358158400224056
Train loss: 1.139712635244541 Val loss: 0.15761000558271637 Time: 0.44461970900010783
Train loss: 0.9928590207824692 Val loss: 0.1472524232172097 Time: 0.4855256669980008
Train loss: 1.074716648635473 Val loss: 0.15343251718500583 Time: 0.4328031659970293
Shrinking learning rate to 5.000000000000001e-07
Learning rate getting small
Complete
 Total time: 41.77895129099488