starting log for model: models/lstm_alpha_0.25_22-23.pth
Train loss: 14.88137666961046 Val loss: 3.803251164320131 Time: 0.4735658331774175
Train loss: 14.338439374352106 Val loss: 3.668033262857312 Time: 0.45452537504024804
Train loss: 14.174252089725599 Val loss: 3.6269087715858586 Time: 0.3553140410222113
Train loss: 13.986883725027155 Val loss: 3.580122259103364 Time: 0.3503400420304388
Train loss: 13.634784412051644 Val loss: 3.491148508024211 Time: 0.34749458404257894
Train loss: 12.522735917195817 Val loss: 3.212823274229418 Time: 0.34824825008399785
Train loss: 10.59880599560605 Val loss: 2.7285882484689026 Time: 0.361277790972963
Train loss: 8.516857543568022 Val loss: 2.208149818120993 Time: 0.34998858300969005
Train loss: 7.539330557141355 Val loss: 1.9632262076029172 Time: 0.34687562519684434
Train loss: 7.200768446544242 Val loss: 1.8770818711793316 Time: 0.34692049981094897
Train loss: 7.009314654722022 Val loss: 1.8287357406430835 Time: 0.3476243750192225
Train loss: 6.965771926362788 Val loss: 1.8168168420616648 Time: 0.34583566687069833
Train loss: 6.92942600856648 Val loss: 1.80584641860002 Time: 0.3595625420566648
Train loss: 6.656429548128989 Val loss: 1.736598000487584 Time: 0.34745283401571214
Train loss: 6.546227570979148 Val loss: 1.7084469717858735 Time: 0.347230208106339
Train loss: 6.5451370326654175 Val loss: 1.707026145664421 Time: 0.3471181250642985
Train loss: 6.387026135240745 Val loss: 1.6661303043586815 Time: 0.34713862487114966
Train loss: 6.241740721982177 Val loss: 1.63253674301438 Time: 0.3468939170707017
Train loss: 6.276176252826877 Val loss: 1.6402176169074283 Time: 0.35999704198911786
Train loss: 6.140613677433897 Val loss: 1.604812061592913 Time: 0.3461589999496937
Train loss: 6.129345936174502 Val loss: 1.601060925607187 Time: 0.3486288341227919
Train loss: 5.7848520902382345 Val loss: 1.5125544432000608 Time: 0.3460213339421898
Train loss: 5.903292176707392 Val loss: 1.5410378669642038 Time: 0.34533979184925556
Train loss: 5.672805808448414 Val loss: 1.4811615884626377 Time: 0.34632975002750754
Train loss: 5.475106584791831 Val loss: 1.432455679061456 Time: 0.3576395830605179
Train loss: 5.416783016799059 Val loss: 1.418331985151096 Time: 0.3451982920523733
Train loss: 5.3045085656744 Val loss: 1.3873247384854495 Time: 0.3466479580383748
Train loss: 5.242996988707217 Val loss: 1.3696468625244624 Time: 0.34925733297131956
Train loss: 5.097498203351224 Val loss: 1.3289433768840742 Time: 0.3483541659079492
Train loss: 5.048781748112982 Val loss: 1.31603283520459 Time: 0.34796491684392095
Train loss: 4.920817521225038 Val loss: 1.2851510839702647 Time: 0.36079858406446874
Train loss: 4.610615483833747 Val loss: 1.209146629304618 Time: 0.348184583010152
Train loss: 4.54184011250677 Val loss: 1.1909735973690037 Time: 0.34894662513397634
Train loss: 4.48499985571437 Val loss: 1.170267596452009 Time: 0.3468357080128044
Train loss: 4.3537298759068666 Val loss: 1.1391488476822311 Time: 0.34582212497480214
Train loss: 4.337132766200065 Val loss: 1.1318503380058214 Time: 0.3469720841385424
Train loss: 4.307494983994329 Val loss: 1.1227811754284895 Time: 0.3584315830375999
Train loss: 4.083134273554869 Val loss: 1.071178841996205 Time: 0.34648604202084243
Train loss: 4.08631222930137 Val loss: 1.0694693220245655 Time: 0.3469680829439312
Train loss: 3.7139999001604513 Val loss: 0.9772159612626824 Time: 0.3467090001795441
Train loss: 3.915601354818513 Val loss: 1.0225974563961318 Time: 0.34745949995703995
Train loss: 3.8414165228985118 Val loss: 1.0044670926152037 Time: 0.34561616694554687
Train loss: 3.7095390817942713 Val loss: 0.9691470813475549 Time: 0.42899258295074105
Train loss: 3.598230574567631 Val loss: 0.9444140921680487 Time: 0.3469529580324888
Train loss: 3.6417394724355363 Val loss: 0.9519312104482628 Time: 0.3459548749960959
Train loss: 3.578071722290553 Val loss: 0.9383482920973 Time: 0.34589991718530655
Train loss: 3.554010309221548 Val loss: 0.9304162585395636 Time: 0.3459017910063267
Train loss: 3.2808047537817893 Val loss: 0.8649540697411332 Time: 0.361639958107844
Train loss: 3.564403683943432 Val loss: 0.9253470685182285 Time: 0.34686687495559454
Train loss: 3.2627929658718102 Val loss: 0.8554102516586869 Time: 0.34733433299697936
Train loss: 3.447707477549072 Val loss: 0.8981850642047242 Time: 0.3455808749422431
Train loss: 3.378438039687964 Val loss: 0.8765285581473198 Time: 0.345393291907385
Train loss: 3.354268288415278 Val loss: 0.8822023492640595 Time: 0.34739729203283787
Train loss: 3.1726396360367133 Val loss: 0.8365966885027877 Time: 0.35675016697496176
Train loss: 3.3093572348616904 Val loss: 0.8659420988534575 Time: 0.34955333289690316
Train loss: 3.1892331568406647 Val loss: 0.829280215884575 Time: 0.34669054113328457
Train loss: 3.1923404762109993 Val loss: 0.8329472189140057 Time: 0.3476143330335617
Train loss: 3.108486214819255 Val loss: 0.8109143525026486 Time: 0.3460038749035448
Train loss: 3.157616299590636 Val loss: 0.8200579064876318 Time: 0.34745341702364385
Train loss: 3.029493511576206 Val loss: 0.7936419465485658 Time: 0.3606763749849051
Train loss: 3.094864772391894 Val loss: 0.8136301433986804 Time: 0.34848258388228714
Train loss: 3.0145461126797453 Val loss: 0.7855404060427659 Time: 0.3466008328832686
Train loss: 3.025999016763128 Val loss: 0.7917351741703136 Time: 0.34813445899635553
Train loss: 3.1552437810814475 Val loss: 0.8270697549451992 Time: 0.34639550000429153
Train loss: 3.031178024454154 Val loss: 0.7905321365146855 Time: 0.34635454206727445
Train loss: 2.897304005870108 Val loss: 0.7662214420535881 Time: 0.3866520000156015
Train loss: 2.826148425115875 Val loss: 0.7364444617424096 Time: 0.360633583040908
Train loss: 2.9270063945622145 Val loss: 0.7643851655179185 Time: 0.34807279193773866
Train loss: 2.9266531581153865 Val loss: 0.7648553569727184 Time: 0.346144458046183
Train loss: 2.853577410540609 Val loss: 0.7431045228074701 Time: 0.3475221670232713
Train loss: 2.8131111975979657 Val loss: 0.7418715111323907 Time: 0.3473569171037525
Train loss: 2.895972578005937 Val loss: 0.7585158267570725 Time: 0.3605814999900758
Train loss: 2.982239496152183 Val loss: 0.7800463682097719 Time: 0.34673183411359787
Train loss: 2.8764083942754883 Val loss: 0.7474795318480898 Time: 0.34591358387842774
Train loss: 2.7950507436949454 Val loss: 0.7316284252543896 Time: 0.3456930839456618
Train loss: 2.704472851472633 Val loss: 0.7035805368868254 Time: 0.34807033417746425
Train loss: 2.7439124404373683 Val loss: 0.7236687860417613 Time: 0.3477694168686867
Train loss: 2.808091213945275 Val loss: 0.7350737070287593 Time: 0.35784608288668096
Train loss: 2.703648498497488 Val loss: 0.7093631341899118 Time: 0.3461954169906676
Train loss: 2.661876631764372 Val loss: 0.6973790714713479 Time: 0.3472875840961933
Train loss: 2.6717294593156424 Val loss: 0.6995525682581423 Time: 0.35677150008268654
Train loss: 2.5557454262266344 Val loss: 0.671043238250075 Time: 0.3480237501207739
Train loss: 2.59374906034191 Val loss: 0.6781751322141397 Time: 0.3560683748219162
Train loss: 2.629449573414759 Val loss: 0.690274411759975 Time: 0.3492623749189079
Train loss: 2.594330409359616 Val loss: 0.6699037436961742 Time: 0.34479699982330203
Train loss: 2.4584811634324266 Val loss: 0.6325794417690013 Time: 0.3467213329859078
Train loss: 2.5999831036397723 Val loss: 0.6777694356942532 Time: 0.3467262079939246
Train loss: 2.5024919743435348 Val loss: 0.6546252653754088 Time: 0.3448380841873586
Train loss: 2.411026460904276 Val loss: 0.6282504220563159 Time: 0.3589296250138432
Train loss: 2.3934623327556217 Val loss: 0.6219984320003261 Time: 0.34709516703151166
Train loss: 2.347439744785632 Val loss: 0.6057013881393423 Time: 0.3472228341270238
Train loss: 2.284401693656825 Val loss: 0.6000868955535651 Time: 0.34633299987763166
Train loss: 2.498359071109757 Val loss: 0.6466601373757203 Time: 0.3469484159722924
Train loss: 2.372532452515388 Val loss: 0.6139112998294618 Time: 0.34462954197078943
Train loss: 2.2955028493839222 Val loss: 0.5978317904187563 Time: 0.35740324994549155
Train loss: 2.234939672277825 Val loss: 0.5843179469200271 Time: 0.3604488340206444
Train loss: 2.3809278206031586 Val loss: 0.6168697133977521 Time: 0.34840416605584323
Train loss: 2.320901137839913 Val loss: 0.6006558558392199 Time: 0.3480489158537239
Train loss: 2.24194966200366 Val loss: 0.5842791008605069 Time: 0.34644233295693994
Train loss: 2.218142463615278 Val loss: 0.5682219029153003 Time: 0.3469331250526011
Train loss: 2.0892502094059457 Val loss: 0.5469287778814341 Time: 0.35860570799559355
Train loss: 2.2433372171044246 Val loss: 0.5650732666635622 Time: 0.34606287511996925
Train loss: 2.10101213772343 Val loss: 0.5423420540635903 Time: 0.3450040831230581
Train loss: 2.2151158150246877 Val loss: 0.5685780560612721 Time: 0.3469978328794241
Train loss: 2.24003857854686 Val loss: 0.578135429900673 Time: 0.34427270805463195
Train loss: 2.165382162295982 Val loss: 0.5593635286995692 Time: 0.34507079189643264
Train loss: 2.258927609305573 Val loss: 0.5752725359029178 Time: 0.3574500000104308
Train loss: 2.2228833017235825 Val loss: 0.5754119037231528 Time: 0.34705408406443894
Train loss: 2.084589655394325 Val loss: 0.5396319127444302 Time: 0.3466009998228401
Train loss: 2.285199925385201 Val loss: 0.5842173511434877 Time: 0.3592274591792375
Train loss: 2.1265529256577747 Val loss: 0.5430509433315833 Time: 0.3472559580113739
Train loss: 2.133658314721586 Val loss: 0.5494361040163946 Time: 0.3471325838472694
Train loss: 2.110925869906918 Val loss: 0.5329630389682978 Time: 0.3602176250424236
Train loss: 2.0077702727719 Val loss: 0.5090054062619734 Time: 0.3471150000113994
Train loss: 2.1041546359190715 Val loss: 0.5332403967211528 Time: 0.3483790419995785
Train loss: 2.194563404012875 Val loss: 0.5577209988057336 Time: 0.3475869158282876
Train loss: 2.006546582138328 Val loss: 0.5179153084363808 Time: 0.3471399589907378
Train loss: 2.122078847836254 Val loss: 0.5431252842027039 Time: 0.3471893339883536
Train loss: 1.8850703646306766 Val loss: 0.4871053451742467 Time: 0.3571126670576632
Train loss: 2.1227823452505845 Val loss: 0.5330704749965475 Time: 0.3463872498832643
Train loss: 1.795752354158031 Val loss: 0.464115046199218 Time: 0.3456619579810649
Train loss: 2.0575020645375233 Val loss: 0.5179681177831301 Time: 0.3495111670345068
Train loss: 2.1326510262957274 Val loss: 0.5361540247967688 Time: 0.3459924999624491
Train loss: 2.0094819106584794 Val loss: 0.5062052393616391 Time: 0.35368399997241795
Train loss: 2.0213243385672754 Val loss: 0.5262969110373527 Time: 0.36368029192090034
Train loss: 1.9344704129818524 Val loss: 0.484244787411693 Time: 0.3729884158819914
Train loss: 1.7774516529700293 Val loss: 0.45181861811564256 Time: 0.4006683749612421
Train loss: 1.8155704198586982 Val loss: 0.4588682084968616 Time: 0.40443245810456574
Train loss: 1.8203461095987876 Val loss: 0.4698049555627097 Time: 0.376213125186041
Train loss: 1.9682292735467093 Val loss: 0.4959782411100512 Time: 0.36084245797246695
Train loss: 1.9706820382708088 Val loss: 0.49318294621313696 Time: 0.34698845795355737
Train loss: 1.7611281245671053 Val loss: 0.4525024615589947 Time: 0.3476878749206662
Train loss: 1.8941633879764623 Val loss: 0.47436614082531925 Time: 0.3487258329987526
Train loss: 1.857959248553322 Val loss: 0.46705850422492395 Time: 0.34693166706711054
Train loss: 1.671257872597213 Val loss: 0.42189384378993766 Time: 0.3469834579154849
Train loss: 1.7597413410914768 Val loss: 0.4399844296646765 Time: 0.35879087494686246
Train loss: 1.71089006209254 Val loss: 0.4303928368350271 Time: 0.34622499998658895
Train loss: 1.7220229884500662 Val loss: 0.43277402505358736 Time: 0.3452311248984188
Train loss: 1.7111031382304418 Val loss: 0.4278486572057944 Time: 0.35678845806978643
Train loss: 2.0397017186068354 Val loss: 0.5101021715761189 Time: 0.34898995887488127
Train loss: 1.7851800276070693 Val loss: 0.4525076567024836 Time: 0.3521800839807838
Train loss: 1.6462333997172998 Val loss: 0.4137095581211855 Time: 0.35538983321748674
Train loss: 1.6969572269693742 Val loss: 0.4242808795209511 Time: 0.34662470896728337
Train loss: 1.709839665212371 Val loss: 0.42800294839763847 Time: 0.3470725421793759
Train loss: 1.5643249655485505 Val loss: 0.39550856294199466 Time: 0.3443152089603245
Train loss: 1.7326917533849056 Val loss: 0.4399748325612759 Time: 0.3470496670342982
Train loss: 1.633443063933246 Val loss: 0.40936918825175217 Time: 0.3538592499680817
Train loss: 1.5092444378591203 Val loss: 0.37731351663714 Time: 0.34873787499964237
Train loss: 1.525036817774045 Val loss: 0.38144882479327674 Time: 0.3466162499971688
Train loss: 1.5648183725289755 Val loss: 0.3913448273278803 Time: 0.3465020000003278
Train loss: 1.5223364106099728 Val loss: 0.3805878009632526 Time: 0.34795999992638826
Train loss: 1.4831319683531774 Val loss: 0.3708439545092796 Time: 0.3471504170447588
Train loss: 1.5033954581459614 Val loss: 0.37588666275283367 Time: 0.35979037499055266
Train loss: 1.4776810190268002 Val loss: 0.3695059880168771 Time: 0.34610929107293487
Train loss: 1.6575202686106572 Val loss: 0.41531177079330134 Time: 0.34863595804199576
Train loss: 1.588539323984521 Val loss: 0.39944836081874446 Time: 0.3460577910300344
Train loss: 1.4225930458063551 Val loss: 0.35583760509838047 Time: 0.34646516595967114
Train loss: 1.458677176050287 Val loss: 0.36495096390982007 Time: 0.34635829203762114
Train loss: 1.5186474422291525 Val loss: 0.3798111769085371 Time: 0.3570282501168549
Train loss: 1.4632593483410403 Val loss: 0.3658247086268497 Time: 0.3451053330209106
Train loss: 1.4153306582081626 Val loss: 0.35686321020178047 Time: 0.34553770790807903
Train loss: 1.4249077498770504 Val loss: 0.35656097366375483 Time: 0.3460369580425322
Train loss: 1.5133091920299329 Val loss: 0.3823702519771062 Time: 0.34648466715589166
Train loss: 1.4950843604822808 Val loss: 0.37991929199258256 Time: 0.34612937504425645
Train loss: 1.2672544375412906 Val loss: 0.3168751130616639 Time: 0.3569764581043273
Train loss: 1.6239301892989317 Val loss: 0.40846961420491423 Time: 0.40930783306248486
Train loss: 1.4861563321596378 Val loss: 0.3776887328407191 Time: 0.3454539580270648
Train loss: 1.4821698146366202 Val loss: 0.37065603918753104 Time: 0.3462548330426216
Train loss: 1.4641781127116822 Val loss: 0.3806783548805651 Time: 0.4400507090613246
Train loss: 1.4508674481722466 Val loss: 0.36555189407169814 Time: 0.3522594168316573
Train loss: 1.2844833154177486 Val loss: 0.33173523131951455 Time: 0.35303458385169506
Train loss: 1.5034803280208848 Val loss: 0.37756159083888485 Time: 0.3469319159630686
Train loss: 1.4705358031802547 Val loss: 0.37272311759789956 Time: 0.34436479210853577
Train loss: 1.2745778771997927 Val loss: 0.3395084367926802 Time: 0.3462898749858141
Shrinking learning rate to 1e-05
Train loss: 1.4012943604144539 Val loss: 0.35412298617963195 Time: 0.34815208287909627
Train loss: 1.3024820894064568 Val loss: 0.3333383677822515 Time: 0.3573989160358906
Train loss: 1.333393094053065 Val loss: 0.3404792051605637 Time: 0.35297075007110834
Train loss: 1.2334087366633781 Val loss: 0.3163586492408874 Time: 0.3471129999961704
Train loss: 1.3621429352126313 Val loss: 0.3461795724585152 Time: 0.3472646251320839
Train loss: 1.4165678450728623 Val loss: 0.3610517830944046 Time: 0.34511670796200633
Train loss: 1.245814252797743 Val loss: 0.3182952365653336 Time: 0.34609195799566805
Train loss: 1.3858761392066299 Val loss: 0.35508953066206866 Time: 0.3817489999346435
Train loss: 1.14243775956355 Val loss: 0.2938300626405366 Time: 0.3622646250296384
Train loss: 1.2973512999289696 Val loss: 0.33066414909171066 Time: 0.3486654160078615
Train loss: 1.2673964181863449 Val loss: 0.3233504546318574 Time: 0.346133042126894
Train loss: 1.4290445840271178 Val loss: 0.36318622252183913 Time: 0.34803679096512496
Train loss: 1.3308681424024824 Val loss: 0.34158094147679474 Time: 0.3468985001090914
Train loss: 1.3997096453086044 Val loss: 0.3558441232741097 Time: 0.35883083287626505
Train loss: 1.2178233867432215 Val loss: 0.31238924177509186 Time: 0.34789000009186566
Train loss: 1.3635673709510552 Val loss: 0.34730215684211535 Time: 0.3456327498424798
Train loss: 1.209727196273235 Val loss: 0.30923858190576525 Time: 0.34681599983014166
Train loss: 1.2957319432650536 Val loss: 0.3296981723165582 Time: 0.34738937485963106
Shrinking learning rate to 1.0000000000000002e-06
Train loss: 1.2825479905278632 Val loss: 0.3279168047640188 Time: 0.34863087511621416
Train loss: 1.2438365540495937 Val loss: 0.31857324071187026 Time: 0.3593652080744505
Train loss: 1.3491787434004436 Val loss: 0.3443354692688409 Time: 0.3475991669110954
Train loss: 1.1662644946987513 Val loss: 0.29933823007701776 Time: 0.3460640418343246
Train loss: 1.3228361202201029 Val loss: 0.33768149987092294 Time: 0.34611987485550344
Train loss: 1.2443549358901151 Val loss: 0.31857882835333634 Time: 0.3482518340460956
Train loss: 1.4181154968038925 Val loss: 0.36097168619714004 Time: 0.34642525017261505
Train loss: 1.2103999186008423 Val loss: 0.3101167648158918 Time: 0.3573689160402864
Train loss: 1.274805278187813 Val loss: 0.3259231644754716 Time: 0.3462313339114189
Train loss: 1.2695185837902665 Val loss: 0.3247725169938219 Time: 0.3471002089791
Shrinking learning rate to 1.0000000000000002e-07
Learning rate getting small
Complete
 Total time: 71.48495150008239