starting log for model: models/lstm_comb_fcast_24_new_23-24.pth
Train loss: 19.897603533760297 Val loss: 2.1875085131059477 Time: 0.3512785420170985
Train loss: 14.675901990919861 Val loss: 1.6376128406164248 Time: 0.335970374988392
Train loss: 11.01272929661991 Val loss: 1.2578307878583987 Time: 0.3230265839956701
Train loss: 8.423991136190025 Val loss: 0.990304611445359 Time: 0.3253991670208052
Train loss: 7.369582322224296 Val loss: 0.8740872394033137 Time: 0.3360537909902632
Train loss: 7.191730269828657 Val loss: 0.8516776058767604 Time: 0.3183387080207467
Train loss: 7.125847025414089 Val loss: 0.8351571017212498 Time: 0.32754916697740555
Train loss: 6.66720539501793 Val loss: 0.7929335871301618 Time: 0.31889616698026657
Train loss: 6.92708834117718 Val loss: 0.8039483002062487 Time: 0.32009816699428484
Train loss: 6.573868720235773 Val loss: 0.7708376581710755 Time: 0.3188478749943897
Train loss: 6.5822706858717694 Val loss: 0.7611144495958594 Time: 0.4059557919972576
Train loss: 6.41181007407731 Val loss: 0.7449133211559201 Time: 0.3604064169921912
Train loss: 6.287640073460816 Val loss: 0.7261875259709819 Time: 0.35429354099323973
Train loss: 6.018649613304184 Val loss: 0.7045905273585755 Time: 0.3181207909947261
Train loss: 5.894164802693449 Val loss: 0.6898191818217063 Time: 0.3755101669812575
Train loss: 5.841456510213399 Val loss: 0.6763792606895123 Time: 0.4144359169877134
Train loss: 5.5245407758923655 Val loss: 0.6453005413535832 Time: 0.5749359169858508
Train loss: 5.562466866678823 Val loss: 0.6470034369693182 Time: 0.6899820420076139
Train loss: 5.0535934003990866 Val loss: 0.5943290746329367 Time: 0.38274458301020786
Train loss: 5.183604189220034 Val loss: 0.6020312280378864 Time: 0.3894662079983391
Train loss: 5.076668518686176 Val loss: 0.5944040779672319 Time: 0.4385778750292957
Train loss: 4.825767397068972 Val loss: 0.5792177864013531 Time: 0.3280641249730252
Train loss: 4.74393000306039 Val loss: 0.5527737507689247 Time: 0.35351070802425966
Train loss: 4.809446790614938 Val loss: 0.5557373551428584 Time: 0.3539708750322461
Train loss: 4.600142952698846 Val loss: 0.5331273036434394 Time: 0.32612595899263397
Train loss: 4.428992252747221 Val loss: 0.5137969620388474 Time: 0.32742462505120784
Train loss: 4.422067858873049 Val loss: 0.5144613417110256 Time: 0.3395973750157282
Train loss: 3.902766103610773 Val loss: 0.4624366693089521 Time: 0.33021620800718665
Train loss: 4.212848602793025 Val loss: 0.4858530854714973 Time: 0.32391433301381767
Train loss: 3.9246756653357995 Val loss: 0.4548360148626771 Time: 0.32359316700603813
Train loss: 3.7133244336350657 Val loss: 0.41816929301299677 Time: 0.4178545830072835
Train loss: 3.8402951177359217 Val loss: 0.4341369535108542 Time: 0.3204305410035886
Train loss: 3.6996095896603833 Val loss: 0.42095933633317545 Time: 0.3476732919807546
Train loss: 3.6540072341071976 Val loss: 0.4080432253666418 Time: 0.33661754202330485
Train loss: 3.579457264901192 Val loss: 0.3913347152367974 Time: 0.31837691698456183
Train loss: 3.2508824460025716 Val loss: 0.3628850429592607 Time: 0.4008499580086209
Train loss: 3.3472976919970208 Val loss: 0.37476615849537925 Time: 0.36068962496938184
Train loss: 3.1246706295347284 Val loss: 0.35030164713403783 Time: 0.32627820799825713
Train loss: 3.2859699578787795 Val loss: 0.3678237996265306 Time: 0.3507218749728054
Train loss: 3.205202316772187 Val loss: 0.3577433632331832 Time: 0.32154120900668204
Train loss: 3.110614411233751 Val loss: 0.34250248734023103 Time: 0.3218573749763891
Train loss: 3.215186672701025 Val loss: 0.3540059136965025 Time: 0.3264112909673713
Train loss: 3.107509328558499 Val loss: 0.339361162317968 Time: 0.33793258300283924
Train loss: 2.9740556401732317 Val loss: 0.3340217275453062 Time: 0.31710729200858623
Train loss: 2.8205405129384715 Val loss: 0.30882773813499426 Time: 0.33710337500087917
Train loss: 2.903373659683467 Val loss: 0.3196060781393686 Time: 0.3137945419875905
Train loss: 2.9366397339843764 Val loss: 0.32724090192493044 Time: 0.34406983299413696
Train loss: 2.886160404305187 Val loss: 0.3149568012595935 Time: 0.32340033299988136
Train loss: 2.7399040167896 Val loss: 0.3019114454901677 Time: 0.33201483299490064
Train loss: 2.720688673119721 Val loss: 0.30222840142772933 Time: 0.3222079999977723
Train loss: 2.7078869609343883 Val loss: 0.2930105377757097 Time: 0.533111791999545
Train loss: 2.5331097110429965 Val loss: 0.28324219337576556 Time: 0.34067470801528543
Train loss: 2.561590403419739 Val loss: 0.28404708445216353 Time: 0.3257161660003476
Train loss: 2.4723517522933918 Val loss: 0.27594788842341467 Time: 0.3244797919760458
Train loss: 2.4316877859336543 Val loss: 0.2629399410879949 Time: 0.3261217499966733
Train loss: 2.6341039931181562 Val loss: 0.28809034657401245 Time: 0.3618094999692403
Train loss: 2.403407044828956 Val loss: 0.261842304227767 Time: 0.4979502909700386
Train loss: 2.52560460062384 Val loss: 0.27804036452758096 Time: 0.46195908304071054
Train loss: 2.367440579927319 Val loss: 0.2620970179416771 Time: 0.3276091659790836
Train loss: 2.3024592896083185 Val loss: 0.25462659153425676 Time: 0.3259834999917075
Train loss: 2.2252305571374613 Val loss: 0.24669645082545827 Time: 0.3434800829854794
Train loss: 2.2244032139709313 Val loss: 0.24781206381369308 Time: 0.34980454097967595
Train loss: 2.427472732865869 Val loss: 0.26408443886074634 Time: 0.3470289580291137
Train loss: 2.2118222947315695 Val loss: 0.24357038644399795 Time: 0.33836766600143164
Train loss: 2.2131280177246495 Val loss: 0.24298693548418912 Time: 0.4196095419465564
Train loss: 2.1624989242162167 Val loss: 0.2393593322688291 Time: 0.5996659169904888
Train loss: 2.2267612998439485 Val loss: 0.24419090288512707 Time: 0.5331170000135899
Train loss: 2.262176037565986 Val loss: 0.24806690835489734 Time: 0.3381164580350742
Train loss: 1.9877813635077217 Val loss: 0.22306330585495532 Time: 0.3428995829890482
Train loss: 2.0689380107430235 Val loss: 0.2297939599237466 Time: 0.33316170796751976
Train loss: 2.0077293737049935 Val loss: 0.22555835310896488 Time: 0.33693300001323223
Train loss: 2.0237102819451636 Val loss: 0.22576260577872578 Time: 0.335931041976437
Train loss: 1.9400924227295295 Val loss: 0.22013538628551962 Time: 0.3745012080180459
Train loss: 1.9795341108468942 Val loss: 0.19837645649966826 Time: 0.3357988329953514
Train loss: 1.87804238533883 Val loss: 0.18848249183184504 Time: 0.333308041037526
Train loss: 1.9444188714132338 Val loss: 0.21940351521187357 Time: 0.33411387499654666
Train loss: 1.892943968904465 Val loss: 0.19031217718808519 Time: 0.3393061669776216
Train loss: 1.8306275226433875 Val loss: 0.2092535142830176 Time: 0.33752462500706315
Train loss: 1.9261614638457303 Val loss: 0.1987315413337335 Time: 0.3599875000072643
Train loss: 1.7864708654657715 Val loss: 0.2050583444975889 Time: 0.38178779202280566
Train loss: 1.756120194432043 Val loss: 0.18503614838721139 Time: 0.33460712496889755
Train loss: 1.8182903379235285 Val loss: 0.20753245639797466 Time: 0.3356122089899145
Train loss: 1.7396230392600245 Val loss: 0.17502602816374227 Time: 0.34743316704407334
Train loss: 1.7872265730968486 Val loss: 0.20550098086616914 Time: 0.3437350420281291
Train loss: 1.6724248488195954 Val loss: 0.194861301161653 Time: 0.3484299590345472
Train loss: 1.7875320016715524 Val loss: 0.21819578218744673 Time: 0.3370349580072798
Train loss: 1.6760911300819608 Val loss: 0.19518713456267747 Time: 0.36412304104305804
Train loss: 1.7467255491850588 Val loss: 0.20218142762565072 Time: 0.39935862499987707
Train loss: 1.7410272181523605 Val loss: 0.20113647095072756 Time: 0.49186899996129796
Train loss: 1.6212443104307113 Val loss: 0.1917018512476057 Time: 0.39893349999329075
Train loss: 1.6991427951976945 Val loss: 0.20238452331666984 Time: 0.3403156250133179
Train loss: 1.7235310706207372 Val loss: 0.19766944217384305 Time: 0.34031399997184053
Train loss: 1.6237831051572313 Val loss: 0.1746797820467552 Time: 0.3986042080214247
Train loss: 1.537535512621453 Val loss: 0.18350781350303438 Time: 0.3620641250163317
Train loss: 1.6870051595430633 Val loss: 0.19720897258632547 Time: 0.3539975000312552
Train loss: 1.6301069654929865 Val loss: 0.16594724283490422 Time: 0.38363624998601153
Train loss: 1.730097695881929 Val loss: 0.20326673913410007 Time: 0.41993991599883884
Train loss: 1.5783964763206684 Val loss: 0.19411782206699776 Time: 0.34501049999380484
Train loss: 1.4842298864064034 Val loss: 0.15626789794533263 Time: 0.3754437079769559
Train loss: 1.5038621849429745 Val loss: 0.18488787004204202 Time: 0.44793037499766797
Train loss: 1.5567357214686801 Val loss: 0.18538686099367646 Time: 0.5456054170499556
Train loss: 1.564214789559287 Val loss: 0.17309524475945243 Time: 0.36087087501073256
Train loss: 1.4951745074562206 Val loss: 0.153941009911889 Time: 0.3528964999713935
Train loss: 1.5242798583971648 Val loss: 0.16429711607399336 Time: 0.36369029100751504
Train loss: 1.5362909870537713 Val loss: 0.18851253082854486 Time: 0.36002462496981025
Train loss: 1.471975217687607 Val loss: 0.18467019889402939 Time: 0.3682795829954557
Train loss: 1.2869327891386675 Val loss: 0.16680499322171494 Time: 0.35543900000629947
Train loss: 1.3564455288192896 Val loss: 0.172601161428842 Time: 0.35593854100443423
Train loss: 1.4617363837755697 Val loss: 0.15767384082032876 Time: 0.35570079198805615
Train loss: 1.4797471179536716 Val loss: 0.1589023665022445 Time: 0.42759820801438764
Train loss: 1.4342659988920943 Val loss: 0.19300834489529567 Time: 0.35224258300149813
Train loss: 1.3963916220829056 Val loss: 0.19016884175146156 Time: 0.3653764170012437
Train loss: 1.372536087758995 Val loss: 0.19141698748760802 Time: 0.3572918330319226
Train loss: 1.4525319186644765 Val loss: 0.17878463440000691 Time: 0.364595916995313
Train loss: 1.4069437062419503 Val loss: 0.1815534844281388 Time: 0.36564800003543496
Train loss: 1.532308147481828 Val loss: 0.1897488620562231 Time: 0.36973220796789974
Shrinking learning rate to 1e-05
Train loss: 1.5723480978923163 Val loss: 0.19905885265512546 Time: 0.35870979103492573
Train loss: 1.4098143861105257 Val loss: 0.17945190521119023 Time: 0.37853133399039507
Train loss: 1.4075818534784048 Val loss: 0.17657919211570358 Time: 0.37842083303257823
Train loss: 1.4879513877267598 Val loss: 0.20693257174530427 Time: 0.3689635000191629
Train loss: 1.2884096333444006 Val loss: 0.1951577227394097 Time: 0.36227483296534047
Train loss: 1.4775182240979725 Val loss: 0.20785607667907746 Time: 0.3501224159845151
Train loss: 1.4369607292709343 Val loss: 0.2052997476786291 Time: 0.3668708329787478
Train loss: 1.3861457255231784 Val loss: 0.20178131804806543 Time: 0.3502321660052985
Train loss: 1.4664867775274821 Val loss: 0.2058928189347995 Time: 0.4143454590230249
Train loss: 1.3687718191776028 Val loss: 0.19716562733989088 Time: 0.37727879197336733
Shrinking learning rate to 1.0000000000000002e-06
Train loss: 1.6462862200953163 Val loss: 0.19702252701160422 Time: 0.5361466250033118
Train loss: 1.7055241211989056 Val loss: 0.20334438692899376 Time: 0.514275333029218
Train loss: 1.5600561682704814 Val loss: 0.19259720610874906 Time: 0.45256074995268136
Train loss: 1.4649139211605444 Val loss: 0.18577853244555761 Time: 0.43733733298722655
Train loss: 1.47471350171962 Val loss: 0.18791638898775692 Time: 0.3766454170108773
Train loss: 1.5068035754523956 Val loss: 0.19136730767957985 Time: 0.36550250003347173
Train loss: 1.5689645695275525 Val loss: 0.19687884186644344 Time: 0.4499949579476379
Train loss: 1.447323419192088 Val loss: 0.1874180129825008 Time: 0.6975350410211831
Train loss: 1.487404664515715 Val loss: 0.19060487579774874 Time: 0.3621049579815008
Train loss: 1.4955126145832764 Val loss: 0.19212920456330282 Time: 0.3544542079907842
Shrinking learning rate to 1.0000000000000002e-07
Learning rate getting small
Complete
 Total time: 50.95543924998492