starting log for model: models/lstm_lin1_alpha_10_22-23.pth
Train loss: 18.214102080555335 Val loss: 182.1430524665407 Time: 0.39160125000125845
Train loss: 18.214102080555335 Val loss: 182.1430524665407 Time: 0.3876474170028814
Train loss: 18.214102080555335 Val loss: 182.1430524665407 Time: 0.39375945900246734
Train loss: 18.214102080555335 Val loss: 182.1430524665407 Time: 0.3791510000010021
Train loss: 18.214102080555335 Val loss: 182.1430524665407 Time: 0.37775583300026483
Train loss: 18.214102080555335 Val loss: 182.1430524665407 Time: 0.3797615000003134
Train loss: 18.214102080555335 Val loss: 182.1430524665407 Time: 0.39128866600003676
Train loss: 18.214102080555335 Val loss: 182.1430524665407 Time: 0.3776776250015246
Train loss: 18.214102080555335 Val loss: 182.1430524665407 Time: 0.3781410420015163
Train loss: 18.214102080555335 Val loss: 182.1430524665407 Time: 0.37838462500076275
Shrinking learning rate to 1e-05
Train loss: 18.214102080555335 Val loss: 182.1430524665407 Time: 0.3800351249992673
Train loss: 18.214102080555335 Val loss: 182.1430524665407 Time: 0.3910038340000028
Train loss: 18.214102080555335 Val loss: 182.1430524665407 Time: 0.3766703749970475
Train loss: 18.214102080555335 Val loss: 182.1430524665407 Time: 0.37688162500126055
Train loss: 18.214102080555335 Val loss: 182.1430524665407 Time: 0.37594950000129757
Train loss: 18.214102080555335 Val loss: 182.1430524665407 Time: 0.37693016600314877
Train loss: 18.214102080555335 Val loss: 182.1430524665407 Time: 0.37763491599980625
Train loss: 18.214051105691055 Val loss: 182.14254272358374 Time: 0.3873827090028499
Train loss: 18.214102080555335 Val loss: 182.1430524665407 Time: 0.37745833300141385
Train loss: 18.214102080555335 Val loss: 182.1430524665407 Time: 0.37630783400163637
Train loss: 18.21402944647491 Val loss: 182.14232613383822 Time: 0.3760632919984346
Train loss: 18.214102080555335 Val loss: 182.1430524665407 Time: 0.3778030840003339
Train loss: 18.214156028680577 Val loss: 182.14359194177564 Time: 0.3872616670014395
Train loss: 18.21192570295682 Val loss: 182.12128893334216 Time: 0.37470295800085296
Train loss: 18.213695659739074 Val loss: 182.1389883037121 Time: 0.3775327919975098
Train loss: 18.20638689901301 Val loss: 182.0659015120493 Time: 0.3752101659993059
Train loss: 17.78906505411262 Val loss: 177.89263264934914 Time: 0.37591179099763394
Train loss: 15.899811940849961 Val loss: 159.00020779728428 Time: 0.38752695899893297
Train loss: 14.79134630527706 Val loss: 147.91563481741863 Time: 0.3767368750013702
Train loss: 14.572988841338201 Val loss: 145.73204834688303 Time: 0.37809199999901466
Train loss: 14.393190908679898 Val loss: 143.9340632597972 Time: 0.37568479200126603
Train loss: 14.212859523020743 Val loss: 142.1307504757399 Time: 0.3759305419989687
Train loss: 14.344641037420981 Val loss: 143.44852927802646 Time: 0.3773244589974638
Train loss: 14.276252904134964 Val loss: 142.76464340529984 Time: 0.3873922920029145
Train loss: 14.160579929126037 Val loss: 141.60792007167584 Time: 0.37638650000008056
Train loss: 14.12330409848198 Val loss: 141.23515970324468 Time: 0.3757616250004503
Train loss: 14.169254931500745 Val loss: 141.69465515203254 Time: 0.3756414169984055
Train loss: 14.150524443477138 Val loss: 141.5073482386768 Time: 0.3773103750027076
Train loss: 14.144953274638056 Val loss: 141.4516341462294 Time: 0.38789429199823644
Train loss: 14.059920516143848 Val loss: 140.60131572320927 Time: 0.37695616700148094
Train loss: 14.22459181084336 Val loss: 142.24800383605003 Time: 0.3778627499996219
Train loss: 14.096131332639061 Val loss: 140.9634143875465 Time: 0.37602500000139116
Train loss: 13.990439893938401 Val loss: 139.90651190692932 Time: 0.3770075419997738
Train loss: 14.067765319279715 Val loss: 140.67975309128016 Time: 0.3770444170004339
Train loss: 14.169256792139294 Val loss: 141.69465219893138 Time: 0.38756383300278685
Train loss: 14.094350070499523 Val loss: 140.94559516007163 Time: 0.37779370899806963
Train loss: 13.99431191845224 Val loss: 139.9452261898541 Time: 0.3752537079999456
Train loss: 14.02139929876762 Val loss: 140.21609418696372 Time: 0.37676645800092956
Train loss: 13.940831545018057 Val loss: 139.41042737445423 Time: 0.37753479100138065
Train loss: 14.081848730096112 Val loss: 140.82057627036843 Time: 0.38732824999897275
Train loss: 14.079376831360605 Val loss: 140.79585689811745 Time: 0.37539345800178126
Train loss: 14.051350321589553 Val loss: 140.51559372771777 Time: 0.3778531669995573
Train loss: 13.986881094923092 Val loss: 139.87091094572972 Time: 0.375939624998864
Train loss: 14.103607028941266 Val loss: 141.03815077026508 Time: 0.37694683400331996
Train loss: 14.159395527868014 Val loss: 141.59602690179423 Time: 0.38417424999715877
Train loss: 13.967532144450798 Val loss: 139.67741979545465 Time: 0.3792089999988093
Train loss: 13.931843799244348 Val loss: 139.32053996648617 Time: 0.37699912499738275
Train loss: 14.051732426894432 Val loss: 140.51940725281253 Time: 0.37593608400129597
Train loss: 13.894531003951215 Val loss: 138.947412981583 Time: 0.3762685830006376
Train loss: 14.089834086211852 Val loss: 140.90041443332422 Time: 0.3764154160016915
Train loss: 13.879230265319862 Val loss: 138.7944036718666 Time: 0.38784833300087485
Train loss: 13.960216418718517 Val loss: 139.60424991400765 Time: 0.3795890410001448
Train loss: 13.710017273779108 Val loss: 137.10229205610005 Time: 0.3799091250002675
Train loss: 13.998172098392388 Val loss: 139.9837955264823 Time: 0.3782834580015333
Train loss: 13.768592218903223 Val loss: 137.68802867332894 Time: 0.3768769999987853
Train loss: 13.716888433818617 Val loss: 137.17099449538182 Time: 0.38905008300207555
Train loss: 13.786220128487443 Val loss: 137.86429733353066 Time: 0.38270700000066427
Train loss: 13.894093680695903 Val loss: 138.94301328342297 Time: 0.3784595840006659
Train loss: 13.851217046743272 Val loss: 138.5142499646369 Time: 0.3959674170000653
Train loss: 13.961637772568793 Val loss: 139.61843956240784 Time: 0.3803094169998076
Train loss: 13.752309241859109 Val loss: 137.5251814436241 Time: 0.3780198749991541
Train loss: 13.695555333658886 Val loss: 136.95764867412922 Time: 0.3978479170000355
Train loss: 13.555807365113223 Val loss: 135.56018390754335 Time: 0.3800992500000575
Train loss: 13.540464682591073 Val loss: 135.4067539107225 Time: 0.3809223749994999
Train loss: 13.66029307527458 Val loss: 136.60501559934912 Time: 0.3803429590006999
Train loss: 13.454836423873232 Val loss: 134.55047359508535 Time: 0.37853712500145775
Train loss: 13.445896644689256 Val loss: 134.46107022702355 Time: 0.39304112500030897
Train loss: 13.335658989288618 Val loss: 133.35870275548533 Time: 0.37829074999899603
Train loss: 13.389526251888121 Val loss: 133.89736083791266 Time: 0.3798757500007923
Train loss: 13.477298104310888 Val loss: 134.775057991296 Time: 0.3764097920029599
Train loss: 13.281669917502768 Val loss: 132.81879606435922 Time: 0.3776861669975915
Train loss: 13.3237264710109 Val loss: 133.23934510179225 Time: 0.38886645800084807
Train loss: 13.294973602686454 Val loss: 132.95180921342396 Time: 0.37922166700082016
Train loss: 13.04916377222078 Val loss: 130.49373568990518 Time: 0.37571720800042385
Train loss: 13.014093376530695 Val loss: 130.14302639289468 Time: 0.3758269579993794
Train loss: 12.88238760274514 Val loss: 128.82597650412072 Time: 0.37701066699810326
Train loss: 12.807855717050522 Val loss: 128.08065369095374 Time: 0.37633583400020143
Train loss: 12.659081313948718 Val loss: 126.59291981157791 Time: 0.39018529199893237
Train loss: 12.499192033449518 Val loss: 124.99403520164903 Time: 0.3764684589987155
Train loss: 12.421849006908275 Val loss: 124.22059876389271 Time: 0.37819645799754653
Train loss: 12.483261178118546 Val loss: 124.83469331648517 Time: 0.3791015000024345
Train loss: 12.11702677281798 Val loss: 121.17239059833847 Time: 0.3790167080005631
Train loss: 12.07253525484441 Val loss: 120.72746259921574 Time: 0.3907722090007155
Train loss: 11.840039114439833 Val loss: 118.4025180716782 Time: 0.3774032500004978
Train loss: 11.728572268608827 Val loss: 117.28784600989466 Time: 0.37553762500101584
Train loss: 11.603722733417726 Val loss: 116.03934504396423 Time: 0.37711729099828517
Train loss: 11.288596544964776 Val loss: 112.8881215355109 Time: 0.3752932919996965
Train loss: 11.455438135722915 Val loss: 114.55647179329262 Time: 0.3760418749989185
Train loss: 10.956353031245214 Val loss: 109.56567786611281 Time: 0.390694749999966
Train loss: 10.71462754424897 Val loss: 107.14843104903596 Time: 0.37692779200006044
Train loss: 10.535345033516382 Val loss: 105.35559998974459 Time: 0.3766937920008786
Train loss: 10.273706948109435 Val loss: 102.73923166520568 Time: 0.3759106659999816
Train loss: 10.308377388244786 Val loss: 103.08588043767013 Time: 0.3754579999986163
Train loss: 9.975985743617713 Val loss: 99.76198441399532 Time: 0.38946075000058045
Train loss: 9.611278515473828 Val loss: 96.1149334008844 Time: 0.3796597920008935
Train loss: 9.36697790037465 Val loss: 93.6719166436613 Time: 0.37813237499722163
Train loss: 9.325044105867335 Val loss: 93.25252211297429 Time: 0.38385749999724794
Train loss: 9.086756626313898 Val loss: 90.86963994309181 Time: 0.37737333399854833
Train loss: 8.99469021110056 Val loss: 89.94893438369091 Time: 0.39233916599914664
Train loss: 8.4309150612292 Val loss: 84.31125730362723 Time: 0.3809770829975605
Train loss: 8.691346346765684 Val loss: 86.91544891491995 Time: 0.3765526250026596
Train loss: 8.496050389603889 Val loss: 84.96247468003335 Time: 0.37613929199869744
Train loss: 8.062835792614017 Val loss: 80.63037390810925 Time: 0.3751982499998121
Train loss: 7.975889814788019 Val loss: 79.76087225683527 Time: 0.3759334589994978
Train loss: 7.717195332175464 Val loss: 77.17393214897386 Time: 0.3888751249978668
Train loss: 7.754580236989646 Val loss: 77.5477132984826 Time: 0.37607495799966273
Train loss: 7.524753502940861 Val loss: 75.24944727932503 Time: 0.37754395799856866
Train loss: 7.615015168865336 Val loss: 76.1519858461337 Time: 0.37835112500033574
Train loss: 7.322948238222374 Val loss: 73.23133917618944 Time: 0.3777810829997179
Train loss: 7.230094239055733 Val loss: 72.30278040059089 Time: 0.3895900419993268
Train loss: 6.9068508054646855 Val loss: 69.0703631469808 Time: 0.37847762499950477
Train loss: 7.181462835790908 Val loss: 71.81637343886176 Time: 0.3778019579985994
Train loss: 6.904936022128741 Val loss: 69.05112847131836 Time: 0.37781695800003945
Train loss: 7.053774287707251 Val loss: 70.53943011786313 Time: 0.37773849999939557
Train loss: 7.033464825483701 Val loss: 70.33631480906232 Time: 0.3784890410024673
Train loss: 6.765480351075439 Val loss: 67.65650009891627 Time: 0.3886911670015252
Train loss: 6.730361860946945 Val loss: 67.30528852054792 Time: 0.37715612499960116
Train loss: 6.8454331425544 Val loss: 68.45594876399886 Time: 0.3779183330007072
Train loss: 6.56105144948929 Val loss: 65.61215702629515 Time: 0.37656733300173073
Train loss: 6.731686378152772 Val loss: 67.318439180834 Time: 0.37740941700030817
Train loss: 6.453075852702852 Val loss: 64.53238250849556 Time: 0.3893038339992927
Train loss: 7.031876772044827 Val loss: 70.32022473666638 Time: 0.3786081660000491
Train loss: 6.665598767125935 Val loss: 66.65749592587342 Time: 0.3772774999997637
Train loss: 6.48937029933871 Val loss: 64.89523630597992 Time: 0.3828482079989044
Train loss: 6.324557019261292 Val loss: 63.24711112174222 Time: 0.4109364169999026
Train loss: 6.226294462040201 Val loss: 62.26448409909598 Time: 0.39187991700237035
Train loss: 6.449106626547334 Val loss: 64.49254139636251 Time: 0.3792460830009077
Train loss: 6.4124499439191185 Val loss: 64.12596453463003 Time: 0.37849691700102994
Train loss: 6.398171285022386 Val loss: 63.98316309056089 Time: 0.3774310409971804
Train loss: 6.531263506539268 Val loss: 65.31404671947566 Time: 0.41068649999942863
Train loss: 6.2751455537693035 Val loss: 62.75290342571141 Time: 0.3822565410009702
Train loss: 6.395120341342846 Val loss: 63.952606276029414 Time: 0.39087724999990314
Train loss: 6.538669617098517 Val loss: 65.38805107098425 Time: 0.3780578330006392
Train loss: 6.106806890815339 Val loss: 61.06949913107954 Time: 0.3761517079983605
Train loss: 6.3064842828946155 Val loss: 63.066230008459975 Time: 0.37809399999969173
Train loss: 6.634921275319502 Val loss: 66.35052834534727 Time: 0.37627566699666204
Train loss: 6.6554527944503095 Val loss: 66.55582900476486 Time: 0.3883280840018415
Train loss: 6.300852104055977 Val loss: 63.00988198918283 Time: 0.37601870899743517
Train loss: 6.0172654980639075 Val loss: 60.17406351555378 Time: 0.37640579199796775
Train loss: 6.134662636600879 Val loss: 61.34798255359293 Time: 0.37708266700064996
Train loss: 6.709782911192207 Val loss: 67.09906309617168 Time: 0.37624433299788507
Train loss: 6.087286726424129 Val loss: 60.874215653295146 Time: 0.3830074590005097
Train loss: 6.175485635003923 Val loss: 61.756175667598924 Time: 0.3786003749992233
Train loss: 6.341703864657399 Val loss: 63.418304558543646 Time: 0.3755513329997484
Train loss: 6.181398880437877 Val loss: 61.8152973961433 Time: 0.3748472910010605
Train loss: 6.269687825737328 Val loss: 62.698138662542334 Time: 0.37643779199788696
Train loss: 6.381142610973422 Val loss: 63.81265668477834 Time: 0.37612774999797693
Train loss: 6.144353479178967 Val loss: 61.4448029761479 Time: 0.38871641700097825
Shrinking learning rate to 1.0000000000000002e-06
Train loss: 6.2536295342439985 Val loss: 62.5376474752533 Time: 0.378119124998193
Train loss: 6.385879107658422 Val loss: 63.86011337268342 Time: 0.3750883339998836
Train loss: 6.176812957796024 Val loss: 61.769493938885 Time: 0.3759481249981036
Train loss: 6.144519298533348 Val loss: 61.44656204100398 Time: 0.37829133300328976
Train loss: 6.1122275204153595 Val loss: 61.12364962988458 Time: 0.38687833299991325
Train loss: 6.334155615314204 Val loss: 63.34287970492675 Time: 0.3778833750002377
Train loss: 5.9990567993896615 Val loss: 59.991962988632785 Time: 0.3769986669976788
Train loss: 6.179597042129665 Val loss: 61.797323282845404 Time: 0.37762266600111616
Train loss: 5.974240013701068 Val loss: 59.743799926144575 Time: 0.37727874999836786
Train loss: 6.138740174552858 Val loss: 61.38876060278837 Time: 0.37853425000139396
Train loss: 6.1470317005668615 Val loss: 61.47167097941775 Time: 0.38996962500095833
Train loss: 6.415107296749235 Val loss: 64.15236969069501 Time: 0.37652745800005505
Train loss: 6.172136548202442 Val loss: 61.722710699194636 Time: 0.3768268329986313
Train loss: 6.193327922079305 Val loss: 61.93461685105801 Time: 0.376900041999761
Train loss: 6.215235234050851 Val loss: 62.15368273922672 Time: 0.3776142089991481
Train loss: 5.97870623430876 Val loss: 59.788444175570035 Time: 0.38805812500140746
Train loss: 6.2817418008821075 Val loss: 62.81872974502758 Time: 0.37746204100039904
Train loss: 6.046440455260214 Val loss: 60.46576795473014 Time: 0.37633912499950384
Shrinking learning rate to 1.0000000000000002e-07
Learning rate getting small
Complete
 Total time: 67.06057491699903