starting log for model: models/lstm_comb_fcast_20_new_22-23.pth
Train loss: 13.877889454895303 Val loss: 1.5864379602185161 Time: 0.37092674999439623
Train loss: 12.169398463711616 Val loss: 1.4108287774842885 Time: 0.29088754100666847
Train loss: 9.697042866634117 Val loss: 1.1579993230396581 Time: 0.28380716699757613
Train loss: 7.693464716031093 Val loss: 0.9457688375377383 Time: 0.34607037500245497
Train loss: 6.878553464859415 Val loss: 0.853490900889339 Time: 0.356752666993998
Train loss: 6.346061486726359 Val loss: 0.8002432352360258 Time: 0.29544766699837055
Train loss: 6.267502344738119 Val loss: 0.7869056297423854 Time: 0.28607520800142083
Train loss: 6.073282418037197 Val loss: 0.7629736185890756 Time: 0.2839662910118932
Train loss: 6.107234141621003 Val loss: 0.7647578306536329 Time: 0.282772250007838
Train loss: 5.623921984275526 Val loss: 0.7192806625355651 Time: 0.282502709000255
Train loss: 5.790144868582665 Val loss: 0.7329905762130365 Time: 0.2962077499978477
Train loss: 5.686302588061723 Val loss: 0.7186445516372251 Time: 0.28098570900328923
Train loss: 5.548258543239768 Val loss: 0.7043246723994502 Time: 0.2823960000096122
Train loss: 5.369904126452376 Val loss: 0.6915327602198257 Time: 0.28262404099223204
Train loss: 5.402096869857341 Val loss: 0.678712199066936 Time: 0.28160354199644644
Train loss: 5.090980715196068 Val loss: 0.6633066439197333 Time: 0.2815045829920564
Train loss: 4.922911928584369 Val loss: 0.6064566982591 Time: 0.2810355839901604
Train loss: 5.160403341713052 Val loss: 0.6187922650409459 Time: 0.2971457090025069
Train loss: 5.041417571619906 Val loss: 0.6150762188235972 Time: 0.3142607920017326
Train loss: 4.858053114241665 Val loss: 0.5932981173470117 Time: 0.2831866250053281
Train loss: 4.621731825913767 Val loss: 0.5672108274760159 Time: 0.2817748749948805
Train loss: 4.674062068700859 Val loss: 0.5696595098486044 Time: 0.28305600000021514
Train loss: 4.500679347154623 Val loss: 0.5464063221469617 Time: 0.2819234580092598
Train loss: 4.1693570423417725 Val loss: 0.5185744652771828 Time: 0.2806857499963371
Train loss: 4.167432009505564 Val loss: 0.5121778868466713 Time: 0.2916084580065217
Train loss: 3.9679692274046374 Val loss: 0.4919112738140254 Time: 0.2816948749969015
Train loss: 3.988678842907472 Val loss: 0.4883931703808274 Time: 0.29679754200333264
Train loss: 3.7528994061253167 Val loss: 0.46251716886958266 Time: 0.3336160829931032
Train loss: 3.7853327252872795 Val loss: 0.45925710337564746 Time: 0.28301404100784566
Train loss: 3.5865999386185887 Val loss: 0.42608045077844386 Time: 0.28230687500035856
Train loss: 3.560812451295874 Val loss: 0.42236353783891234 Time: 0.28257566699176095
Train loss: 3.5640440257628203 Val loss: 0.4135264504424531 Time: 0.2963997909973841
Train loss: 3.1896817869742833 Val loss: 0.3779857737501756 Time: 0.28061037498991936
Train loss: 3.1048480967244823 Val loss: 0.35965214833048265 Time: 0.28145479201339185
Train loss: 3.1893904265641027 Val loss: 0.3687150719682333 Time: 0.2809532920073252
Train loss: 3.0726991368224503 Val loss: 0.3508867627500348 Time: 0.28109237500757445
Train loss: 2.978539687265055 Val loss: 0.34532441956502175 Time: 0.28188999999838416
Train loss: 2.7979567552333586 Val loss: 0.3117791374638784 Time: 0.2815902920119697
Train loss: 2.8656901694554193 Val loss: 0.32341918534422914 Time: 0.29558191599790007
Train loss: 2.730981957742752 Val loss: 0.3116022236615023 Time: 0.2818255830061389
Train loss: 2.5182283376973658 Val loss: 0.28577214963459524 Time: 0.28003191700554453
Train loss: 2.612550805214113 Val loss: 0.29067881104939575 Time: 0.2823525830026483
Train loss: 2.5983778756973095 Val loss: 0.2858554330797233 Time: 0.28062049999425653
Train loss: 2.2600086878491332 Val loss: 0.26182139965217655 Time: 0.2801522920053685
Train loss: 2.3909734601891506 Val loss: 0.2646667014896523 Time: 0.2800195000017993
Train loss: 2.2787266546919547 Val loss: 0.2583078889301587 Time: 0.2896308329945896
Train loss: 2.2944790050558197 Val loss: 0.2647287307921124 Time: 0.2825546250096522
Train loss: 2.1471004789560357 Val loss: 0.24501569947790802 Time: 0.2807269579934655
Train loss: 2.0916274100934604 Val loss: 0.234415359483893 Time: 0.2818819579988485
Train loss: 2.2754045065748585 Val loss: 0.24905091764206425 Time: 0.2808885830017971
Train loss: 1.9234683399619696 Val loss: 0.2172780818327436 Time: 0.2817983330023708
Train loss: 1.9489912629626023 Val loss: 0.22106428036568412 Time: 0.29497091700613964
Train loss: 1.9335712820432835 Val loss: 0.23465122468189759 Time: 0.28143533298862167
Train loss: 1.9782762454733493 Val loss: 0.2254444751777367 Time: 0.2929853749956237
Train loss: 1.9326697350602764 Val loss: 0.2219848010575116 Time: 0.2811150000052294
Train loss: 1.8757524329142043 Val loss: 0.2207639869788849 Time: 0.283121458007372
Train loss: 1.7784162237960288 Val loss: 0.2167359726480591 Time: 0.2815518749994226
Train loss: 2.0006544284990793 Val loss: 0.23658966522677116 Time: 0.2821522079902934
Train loss: 1.7526014219985466 Val loss: 0.20723231295585937 Time: 0.28195208401302807
Train loss: 1.6705882059891515 Val loss: 0.21881598104171035 Time: 0.28272974998981226
Train loss: 1.7762840282299304 Val loss: 0.2150538452795609 Time: 0.294918041996425
Train loss: 1.6841911511759147 Val loss: 0.19718701543706194 Time: 0.28152754199982155
Train loss: 1.6608762811860345 Val loss: 0.20236744350291785 Time: 0.28056687499338295
Train loss: 1.581918160328439 Val loss: 0.19661585172354748 Time: 0.2796710419934243
Train loss: 1.6054217060027867 Val loss: 0.23258763149127923 Time: 0.28118308300327044
Train loss: 1.4608199298134679 Val loss: 0.2077852010273508 Time: 0.28022837499156594
Train loss: 1.6951512206419403 Val loss: 0.2150024697042826 Time: 0.28300629199657124
Train loss: 1.4192949152316103 Val loss: 0.20043435148112146 Time: 0.29377783300878946
Train loss: 1.804681984489337 Val loss: 0.2401089295566655 Time: 0.28453266600263305
Train loss: 1.319395208999913 Val loss: 0.1801039383439353 Time: 0.27968658300233074
Train loss: 1.4595915474825603 Val loss: 0.24895485566691372 Time: 0.28185574999952223
Train loss: 1.4846455286660811 Val loss: 0.20767156935764755 Time: 0.28068345799692906
Train loss: 1.4037490612536345 Val loss: 0.20750916441617484 Time: 0.2815122090105433
Train loss: 1.4364782896805508 Val loss: 0.1965027113635448 Time: 0.28404258299269713
Train loss: 1.40361082800613 Val loss: 0.21072212974864388 Time: 0.29613087499456014
Train loss: 1.4504164805691764 Val loss: 0.23383071383425255 Time: 0.28223066600912716
Train loss: 1.31319215641067 Val loss: 0.20324045858687206 Time: 0.2832573749910807
Train loss: 1.4407017139664735 Val loss: 0.20839360443737764 Time: 0.28570641700935084
Train loss: 1.2329121154804064 Val loss: 0.21701578258726198 Time: 0.28319924999959767
Train loss: 1.3036729774905744 Val loss: 0.21172935859844574 Time: 0.2850477089959895
Train loss: 1.403602439502098 Val loss: 0.22901767604814585 Time: 0.2870926670002518
Train loss: 1.2932451256893245 Val loss: 0.24059896321506946 Time: 0.30230404098983854
Train loss: 1.2026713925762635 Val loss: 0.20242965096716814 Time: 0.2861472920048982
Train loss: 1.185216075760196 Val loss: 0.24835262432031638 Time: 0.2872014590102481
Train loss: 1.229581572658418 Val loss: 0.19118526763013421 Time: 0.2891653750120895
Train loss: 1.187197529732991 Val loss: 0.22645235985905177 Time: 0.2880757499951869
Train loss: 1.4194264874475047 Val loss: 0.23164523080611604 Time: 0.2884033750015078
Train loss: 1.190006644053966 Val loss: 0.2137447773357587 Time: 0.29059216599853244
Train loss: 1.0703062220604886 Val loss: 0.20457586609947256 Time: 0.3034427500097081
Train loss: 1.178633797205714 Val loss: 0.22207574320264803 Time: 0.2906759999896167
Train loss: 1.0175644887965225 Val loss: 0.1943799776527185 Time: 0.29142133399727754
Train loss: 1.0968059856327237 Val loss: 0.2032906271783211 Time: 0.2895319590024883
Train loss: 1.152683075728529 Val loss: 0.2624107410430603 Time: 0.2911793750099605
Train loss: 1.068924944239276 Val loss: 0.2243742564501711 Time: 0.29105249998974614
Train loss: 1.0321702451996657 Val loss: 0.27085422284955574 Time: 0.29264637498999946
Train loss: 1.0208566270008248 Val loss: 0.23471041492349146 Time: 0.30198087499593385
Train loss: 1.0331534303218826 Val loss: 0.19548198419103993 Time: 0.2913391670008423
Train loss: 1.0655979198171233 Val loss: 0.2257344633305362 Time: 0.2943816670012893
Train loss: 1.0824998573859932 Val loss: 0.23588469885756866 Time: 0.2913237909961026
Train loss: 1.022436991311281 Val loss: 0.2121238070008561 Time: 0.2925927499891259
Shrinking learning rate to 1e-05
Train loss: 1.0140637298976856 Val loss: 0.19888402428714114 Time: 0.30970508299651556
Train loss: 1.08771388487395 Val loss: 0.20380257728227705 Time: 0.29473862500162795
Train loss: 1.0554086416094322 Val loss: 0.20391199880368946 Time: 0.303085874998942
Train loss: 1.0538364345783404 Val loss: 0.20496787825426088 Time: 0.29250554100144655
Train loss: 1.035604311088406 Val loss: 0.20939891217501894 Time: 0.2986416659987299
Train loss: 0.9876467384669638 Val loss: 0.20688766890038066 Time: 0.29955745799816214
Train loss: 1.015261714332297 Val loss: 0.209266965469843 Time: 0.29289679099747445
Train loss: 0.9437806384551273 Val loss: 0.20747074510513794 Time: 0.2954757910047192
Train loss: 1.007745479342204 Val loss: 0.2095800108781096 Time: 0.2953138340089936
Train loss: 1.0063062788539376 Val loss: 0.20369257396535376 Time: 0.30585958299343474
Train loss: 1.058792427986731 Val loss: 0.20482440999194254 Time: 0.2976134579948848
Train loss: 0.9357301433156957 Val loss: 0.20333109528135643 Time: 0.29277400000137277
Train loss: 1.0581968757639575 Val loss: 0.20729083646963442 Time: 0.2987508750084089
Train loss: 1.0402330348007567 Val loss: 0.20345276629039943 Time: 0.2968505000026198
Train loss: 1.0064325046976252 Val loss: 0.20614307614527114 Time: 0.29701095800555777
Train loss: 0.9440793018848241 Val loss: 0.20155275637510423 Time: 0.29664079198846593
Train loss: 0.9421184948251664 Val loss: 0.20423390948333545 Time: 0.30846179100626614
Train loss: 1.0251332046418753 Val loss: 0.2060708198141468 Time: 0.2973742089961888
Train loss: 1.0436653968829666 Val loss: 0.20972661591864786 Time: 0.29562916699796915
Train loss: 0.9773513842555133 Val loss: 0.20693762706562727 Time: 0.29398145800223574
Train loss: 0.925304722333216 Val loss: 0.20315487467110682 Time: 0.2981850840005791
Train loss: 1.0076933807721709 Val loss: 0.20623535866923776 Time: 0.30100795900216326
Train loss: 1.038717570797047 Val loss: 0.2066097559436442 Time: 0.2993449579953449
Train loss: 0.8829487312264632 Val loss: 0.19633203386021164 Time: 0.3076592910074396
Train loss: 0.9149361110207721 Val loss: 0.2019177597997071 Time: 0.2984280829987256
Train loss: 0.9679725860517023 Val loss: 0.20403692643964605 Time: 0.2976429159898544
Train loss: 1.040584504362073 Val loss: 0.20644515814353734 Time: 0.3488821249920875
Train loss: 0.9012295399471917 Val loss: 0.20041548867899348 Time: 0.29876854199392255
Train loss: 0.9509701694261281 Val loss: 0.19898661844629573 Time: 0.30255587500869296
Train loss: 1.0862490759795023 Val loss: 0.20935818618174373 Time: 0.3058347500045784
Train loss: 0.8935612556112176 Val loss: 0.20067217989701303 Time: 0.3111907499987865
Train loss: 0.9390795791736739 Val loss: 0.2009070357309244 Time: 0.3004976660013199
Train loss: 1.0220536352329397 Val loss: 0.2049209630389577 Time: 0.298569624996162
Shrinking learning rate to 1.0000000000000002e-06
Train loss: 1.0072526166604234 Val loss: 0.20278792891926337 Time: 0.3037766250054119
Train loss: 0.9332018364377275 Val loss: 0.1992524277541795 Time: 0.301059332996374
Train loss: 0.9780958895887437 Val loss: 0.20102171024500373 Time: 0.30303566600196064
Train loss: 0.909807225494113 Val loss: 0.19754553268624572 Time: 0.31629616700229235
Train loss: 0.9190811219613764 Val loss: 0.19796252016789753 Time: 0.3004637499980163
Train loss: 0.9600938154721652 Val loss: 0.19975079138759122 Time: 0.31166691599355545
Train loss: 0.9299549547536179 Val loss: 0.1984005898673543 Time: 0.30661912499635946
Train loss: 0.9530822184863332 Val loss: 0.19918663873164744 Time: 0.3013561249972554
Train loss: 0.8891988457286715 Val loss: 0.1963512568070732 Time: 0.3048558750015218
Train loss: 0.9308070392703485 Val loss: 0.19802173907109666 Time: 0.3389099170017289
Shrinking learning rate to 1.0000000000000002e-07
Learning rate getting small
Complete
 Total time: 42.11447758300346