starting log for model: models/lstm_alpha_0.0_23-24.pth
Train loss: 3.99777008494131 Val loss: 0.1990879774093628 Time: 0.5534675420021813
Train loss: 4.932521968344815 Val loss: 0.180064857006073 Time: 0.38060337500064634
Train loss: 3.972951143292348 Val loss: 0.16737258434295654 Time: 0.3846676249995653
Train loss: 3.983963784066816 Val loss: 0.18198007345199585 Time: 0.42338966600073036
Train loss: 3.9882783521749197 Val loss: 0.16296350955963135 Time: 0.41982391700003063
Train loss: 3.758015067691727 Val loss: 0.151836097240448 Time: 0.4161639589983679
Train loss: 3.6031702263508976 Val loss: 0.15373337268829346 Time: 0.3798920420013019
Train loss: 3.7117122091141255 Val loss: 0.1491749882698059 Time: 0.38199216599969077
Train loss: 3.3786841181621696 Val loss: 0.12953579425811768 Time: 0.3802007090016559
Train loss: 3.5543140832783404 Val loss: 0.12664753198623657 Time: 0.38046145900079864
Train loss: 3.322201087178387 Val loss: 0.10546207427978516 Time: 0.38112654199721874
Train loss: 3.206384168019944 Val loss: 0.12105691432952881 Time: 0.3923181669997575
Train loss: 3.0741983780305873 Val loss: 0.10409706830978394 Time: 0.3803536669984169
Train loss: 3.1953667634024043 Val loss: 0.10621750354766846 Time: 0.379945749999024
Train loss: 3.238051438525595 Val loss: 0.09988856315612793 Time: 0.37914595899928827
Train loss: 3.100792248675674 Val loss: 0.0927208662033081 Time: 0.4873386250001204
Train loss: 3.0217926256499936 Val loss: 0.09086549282073975 Time: 0.3901814580021892
Train loss: 2.941099993378131 Val loss: 0.07884746789932251 Time: 0.38131191699721967
Train loss: 2.987499077634311 Val loss: 0.08074748516082764 Time: 0.3816582500003278
Train loss: 3.038556831139303 Val loss: 0.07623887062072754 Time: 0.380435374998342
Train loss: 2.9529936822426635 Val loss: 0.06954312324523926 Time: 0.3816927500010934
Train loss: 3.0267714239639787 Val loss: 0.07921719551086426 Time: 0.3920374589979474
Train loss: 2.7766585845742497 Val loss: 0.05623424053192139 Time: 0.3807964589977928
Train loss: 2.8670711299989478 Val loss: 0.04407685995101929 Time: 0.3803814169987163
Train loss: 2.75191399646339 Val loss: 0.05675262212753296 Time: 0.38019270800214144
Train loss: 2.7777210359171107 Val loss: 0.0431247353553772 Time: 0.38111354099964956
Train loss: 2.6496995938298067 Val loss: 0.0441933274269104 Time: 0.4065411250012403
Train loss: 2.6053858520725726 Val loss: 0.032935261726379395 Time: 0.38015141600044444
Train loss: 2.706108947495597 Val loss: 0.03317904472351074 Time: 0.38106704099845956
Train loss: 2.650581093727176 Val loss: 0.035084545612335205 Time: 0.3793068749982922
Train loss: 2.5920639551758455 Val loss: 0.027614355087280273 Time: 0.3805299580017163
Train loss: 2.3948321966608432 Val loss: 0.019240379333496094 Time: 0.41159399999742163
Train loss: 2.3501578175437743 Val loss: 0.01495271921157837 Time: 0.4326440000004368
Train loss: 2.264788654883205 Val loss: 0.007409274578094482 Time: 0.3823889999985113
Train loss: 2.5079749174864574 Val loss: 0.019426286220550537 Time: 0.3795626250030182
Train loss: 2.3481993872427083 Val loss: 0.004129528999328613 Time: 0.37938600000052247
Train loss: 2.2347319562798384 Val loss: 0.008435547351837158 Time: 0.37890658299875213
Train loss: 2.2767970790907066 Val loss: 0.004112303256988525 Time: 0.3921678750011779
Train loss: 2.2119269169703273 Val loss: 0.0031872987747192383 Time: 0.38072258299871464
Train loss: 2.0153945066209644 Val loss: 0.01667565107345581 Time: 0.37927441699866904
Train loss: 2.1877174218949733 Val loss: 0.007525503635406494 Time: 0.3782562919986958
Train loss: 2.2466372915727106 Val loss: 0.005620896816253662 Time: 0.37970020799912163
Train loss: 2.0965944395928773 Val loss: 0.019421398639678955 Time: 0.39169816600042395
Train loss: 2.158549828432484 Val loss: 0.021268784999847412 Time: 0.3853524580008525
Train loss: 2.0171474136760708 Val loss: 0.01988428831100464 Time: 0.37809304099937435
Train loss: 2.1214045918860087 Val loss: 0.03352701663970947 Time: 0.3907497500003956
Train loss: 1.9823537164774052 Val loss: 0.02634960412979126 Time: 0.3813512080014334
Train loss: 2.136991499042896 Val loss: 0.007761538028717041 Time: 0.3794630000011239
Train loss: 1.9748141741716267 Val loss: 0.021829307079315186 Time: 0.3908747079985915
Train loss: 1.9990632391924237 Val loss: 0.021003544330596924 Time: 0.3791762500004552
Train loss: 2.0269272446827316 Val loss: 0.019499480724334717 Time: 0.37965312500091386
Train loss: 2.0734313720640927 Val loss: 0.04603153467178345 Time: 0.3796530420004274
Train loss: 1.7904230398575756 Val loss: 0.03563737869262695 Time: 0.37820983300116495
Train loss: 1.9181184831270457 Val loss: 0.03434348106384277 Time: 0.3907077920011943
Train loss: 1.9327421468631059 Val loss: 0.031539082527160645 Time: 0.37947499999791034
Train loss: 1.937152675767038 Val loss: 0.041686296463012695 Time: 0.3779070419986965
Train loss: 1.87759268637366 Val loss: 0.061862409114837646 Time: 0.3787247500004014
Train loss: 1.9272804396894543 Val loss: 0.03250354528427124 Time: 0.3768464999993739
Train loss: 1.8081273405480545 Val loss: 0.04258960485458374 Time: 0.39924366700142855
Train loss: 1.8492364910733912 Val loss: 0.056498587131500244 Time: 0.37989283400020213
Train loss: 1.8248120235175804 Val loss: 0.07928597927093506 Time: 0.3786720410025737
Train loss: 1.802977234536712 Val loss: 0.05471152067184448 Time: 0.377224790998298
Shrinking learning rate to 1e-05
Train loss: 1.9532176287270318 Val loss: 0.06276315450668335 Time: 0.37881437499891035
Train loss: 1.9102252003551143 Val loss: 0.07318037748336792 Time: 0.3773348750000878
Train loss: 1.7299195700092582 Val loss: 0.07548767328262329 Time: 0.3878463750006631
Train loss: 1.7515397442670917 Val loss: 0.07681304216384888 Time: 0.37636512499739183
Train loss: 1.7489889596696457 Val loss: 0.07527267932891846 Time: 0.37703658400278073
Train loss: 1.7482298297135515 Val loss: 0.06865352392196655 Time: 0.37752924999949755
Train loss: 1.6526804642064121 Val loss: 0.06911665201187134 Time: 0.3779258340000524
Train loss: 1.7052764908522562 Val loss: 0.07328033447265625 Time: 0.4013567920010246
Train loss: 1.8026592964055226 Val loss: 0.07799166440963745 Time: 0.3779572500025097
Train loss: 1.7508782161847876 Val loss: 0.07477772235870361 Time: 0.3793156249994354
Train loss: 1.7869639994455326 Val loss: 0.07297134399414062 Time: 0.38854729200102156
Train loss: 1.8524674741547642 Val loss: 0.07316893339157104 Time: 0.3785013339984289
Train loss: 1.8928857078564931 Val loss: 0.07041686773300171 Time: 0.3780081250006333
Train loss: 1.590414948037278 Val loss: 0.06620723009109497 Time: 0.38928916599979857
Train loss: 1.751004080808741 Val loss: 0.06750023365020752 Time: 0.37815662499997416
Train loss: 1.7378455846841527 Val loss: 0.07115912437438965 Time: 0.378300083000795
Train loss: 1.7402121273645292 Val loss: 0.06938570737838745 Time: 0.37772291700093774
Train loss: 1.7732109811309442 Val loss: 0.07016944885253906 Time: 0.3779636250001204
Train loss: 1.6805612153589813 Val loss: 0.06879532337188721 Time: 0.38797333300317405
Train loss: 1.6332972677914768 Val loss: 0.06817150115966797 Time: 0.3770787499997823
Train loss: 1.6623907496300632 Val loss: 0.06702101230621338 Time: 0.3773959170030139
Train loss: 1.657691641137717 Val loss: 0.06641316413879395 Time: 0.37712945800012676
Train loss: 1.7779422323739027 Val loss: 0.0647856593132019 Time: 0.37784999999712454
Shrinking learning rate to 1.0000000000000002e-06
Train loss: 1.736922815311491 Val loss: 0.06667846441268921 Time: 0.4026924579993647
Train loss: 1.5658985762564157 Val loss: 0.06694215536117554 Time: 0.3794495840011223
Train loss: 1.6737428412853301 Val loss: 0.067058265209198 Time: 0.3782560839972575
Train loss: 1.6702835183281195 Val loss: 0.06727588176727295 Time: 0.37762758399912855
Train loss: 1.7012699593606442 Val loss: 0.06749111413955688 Time: 0.3768730840019998
Train loss: 1.6575712062065637 Val loss: 0.06774330139160156 Time: 0.3783651670019026
Train loss: 1.66576030707543 Val loss: 0.06813293695449829 Time: 0.3873886660003336
Train loss: 1.6920409481889713 Val loss: 0.06845468282699585 Time: 0.37783291599771474
Train loss: 1.7138469839742783 Val loss: 0.06839269399642944 Time: 0.3772548330016434
Train loss: 1.8210375697565269 Val loss: 0.06832009553909302 Time: 0.3779688750000787
Train loss: 1.7728233473555353 Val loss: 0.06895339488983154 Time: 0.37748583299980965
Shrinking learning rate to 1.0000000000000002e-07
Learning rate getting small
Complete
 Total time: 37.18771866699899