starting log for model: models/lstm_alpha_0.1_23-24.pth
Train loss: 3.99777008494131 Val loss: 0.44660685089849156 Time: 0.3784569580020616
Train loss: 4.932521968344815 Val loss: 0.5250914990843593 Time: 0.38815516699833097
Train loss: 3.972951143292348 Val loss: 0.43111134276369933 Time: 0.37408891599989147
Train loss: 3.983963784066816 Val loss: 0.43799134861450595 Time: 0.3871717920010269
Train loss: 3.9882783521749197 Val loss: 0.43083726346761486 Time: 0.37610050000148476
Train loss: 3.758015067691727 Val loss: 0.40531589274933616 Time: 0.37790445900100167
Train loss: 3.6031702263508976 Val loss: 0.3917426536372234 Time: 0.3778459169989219
Train loss: 3.7117122091141255 Val loss: 0.40002656456561153 Time: 0.38441099999909056
Train loss: 3.3786841181621696 Val loss: 0.361848843714187 Time: 0.37591600000087055
Train loss: 3.5543140832783404 Val loss: 0.3773209288975531 Time: 0.3749307920006686
Train loss: 3.322201087178387 Val loss: 0.3485576706197806 Time: 0.37547641700075474
Train loss: 3.206384168019944 Val loss: 0.34272988027931905 Time: 0.3773195409994514
Train loss: 3.0741983780305873 Val loss: 0.3245661046775383 Time: 0.387448041998141
Train loss: 3.1953667634024043 Val loss: 0.33672814789747907 Time: 0.37763066700063064
Train loss: 3.238051438525595 Val loss: 0.3388620607780879 Time: 0.37514679200103274
Train loss: 3.100792248675674 Val loss: 0.3236453069703981 Time: 0.37362716600182466
Train loss: 3.0217926256499936 Val loss: 0.3155453129264999 Time: 0.43177283300246927
Train loss: 2.941099993378131 Val loss: 0.30449567304745584 Time: 0.38855558399882284
Train loss: 2.987499077634311 Val loss: 0.3094699722888421 Time: 0.3773388339977828
Train loss: 3.038556831139303 Val loss: 0.31327406779712436 Time: 0.3757061670003168
Train loss: 2.9529936822426635 Val loss: 0.3033775912363228 Time: 0.37518383400310995
Train loss: 3.0267714239639787 Val loss: 0.31287188527232007 Time: 0.3759389579972776
Train loss: 2.7766585845742497 Val loss: 0.28330305109740833 Time: 0.3758634159967187
Train loss: 2.8670711299989478 Val loss: 0.29007540093547435 Time: 0.3864965419998043
Train loss: 2.75191399646339 Val loss: 0.2809825022268498 Time: 0.3758270830003312
Train loss: 2.7777210359171107 Val loss: 0.2810997764731156 Time: 0.3749549999993178
Train loss: 2.6496995938298067 Val loss: 0.26863009802418 Time: 0.3767689589985821
Train loss: 2.6053858520725726 Val loss: 0.2626120443673221 Time: 0.37545966699690325
Train loss: 2.706108947495597 Val loss: 0.2726373146983406 Time: 0.3878204579996236
Train loss: 2.650581093727176 Val loss: 0.26737001829873064 Time: 0.38474095900164684
Train loss: 2.5920639551758455 Val loss: 0.2606731825180812 Time: 0.37808483300250373
Train loss: 2.3948321966608432 Val loss: 0.2402548744532165 Time: 0.37741416599965305
Train loss: 2.3501578175437743 Val loss: 0.23549097962648477 Time: 0.3760581659989839
Train loss: 2.264788654883205 Val loss: 0.22660003058837033 Time: 0.38192245900063426
Train loss: 2.5079749174864574 Val loss: 0.2515487278117995 Time: 0.45040187499762396
Train loss: 2.3481993872427083 Val loss: 0.23485624673877978 Time: 0.3739669579990732
Train loss: 2.2347319562798384 Val loss: 0.22363234923263722 Time: 0.37480504200357245
Train loss: 2.2767970790907066 Val loss: 0.22771684266131298 Time: 0.37670920900200144
Train loss: 2.2119269169703273 Val loss: 0.22121565435940085 Time: 0.37467312500302796
Train loss: 2.0153945066209644 Val loss: 0.20222815706993735 Time: 0.3878604159981478
Train loss: 2.1877174218949733 Val loss: 0.21890113838350503 Time: 0.3740581249985553
Train loss: 2.2466372915727106 Val loss: 0.2247340332034083 Time: 0.37645858299947577
Train loss: 2.0965944395928773 Val loss: 0.21055705442097883 Time: 0.37559062500076834
Train loss: 2.158549828432484 Val loss: 0.21690028776751039 Time: 0.38987099999940256
Train loss: 2.0171474136760708 Val loss: 0.20269243154749458 Time: 0.38720774999819696
Train loss: 2.1214045918860087 Val loss: 0.21477345103506112 Time: 0.37633712500246475
Train loss: 1.9823537164774052 Val loss: 0.19997890941325416 Time: 0.37354779100132873
Train loss: 2.136991499042896 Val loss: 0.21384005270853088 Time: 0.3750020829975256
Train loss: 1.9748141741716267 Val loss: 0.19868424414798141 Time: 0.3735151670007326
Train loss: 1.9990632391924237 Val loss: 0.20100668450912873 Time: 0.37553733399909106
Train loss: 2.0269272446827316 Val loss: 0.20362851053054923 Time: 0.38479924999774084
Train loss: 2.0734313720640927 Val loss: 0.21239133393534554 Time: 0.3732159999999567
Train loss: 1.7904230398575756 Val loss: 0.1825545654773118 Time: 0.3743811669992283
Train loss: 1.9181184831270457 Val loss: 0.19486215600962267 Time: 0.37669616699713515
Train loss: 1.9327421468631059 Val loss: 0.1958306303652856 Time: 0.37649858300210326
Train loss: 1.937152675767038 Val loss: 0.19814982262196487 Time: 0.4220542499970179
Train loss: 1.87759268637366 Val loss: 0.1976878868841744 Time: 0.3880024999998568
Train loss: 1.9272804396894543 Val loss: 0.19544968505511193 Time: 0.37494812499789987
Train loss: 1.8081273405480545 Val loss: 0.18576091956610086 Time: 0.3745963750006922
Train loss: 1.8492364910733912 Val loss: 0.19336195682457813 Time: 0.37480770899856
Train loss: 1.8248120235175804 Val loss: 0.19896144279908712 Time: 0.3874789170004078
Train loss: 1.802977234536712 Val loss: 0.18841608099310997 Time: 0.3765985840000212
Shrinking learning rate to 1e-05
Train loss: 1.9532176287270318 Val loss: 0.20515799915024105 Time: 0.3754172089975327
Train loss: 1.9102252003551143 Val loss: 0.20456043314709127 Time: 0.3755890830034332
Train loss: 1.7299195700092582 Val loss: 0.18874481715966204 Time: 0.3758987920009531
Train loss: 1.7515397442670917 Val loss: 0.1912567860336922 Time: 0.4410034159991483
Train loss: 1.7489889596696457 Val loss: 0.19040903356673308 Time: 0.391678583000612
Train loss: 1.7482298297135515 Val loss: 0.18782007805851525 Time: 0.395671541999036
Train loss: 1.6526804642064121 Val loss: 0.1791386020739956 Time: 0.3755135829997016
Train loss: 1.7052764908522562 Val loss: 0.1856062674668025 Time: 0.41714937500000815
Train loss: 1.8026592964055226 Val loss: 0.1964141163627453 Time: 0.41890066700216266
Train loss: 1.7508782161847876 Val loss: 0.19038763888514296 Time: 0.533040540998627
Train loss: 1.7869639994455326 Val loss: 0.1930212951916315 Time: 0.42697629100075574
Train loss: 1.8524674741547642 Val loss: 0.199173417507642 Time: 0.45381437499963795
Train loss: 1.8928857078564931 Val loss: 0.2019621209321214 Time: 0.4207761670004402
Train loss: 1.590414948037278 Val loss: 0.1722718618513754 Time: 0.3909060830010276
Train loss: 1.751004080808741 Val loss: 0.1876604232461423 Time: 0.384076708000066
Train loss: 1.7378455846841527 Val loss: 0.18778896065475176 Time: 0.37885566700060735
Train loss: 1.7402121273645292 Val loss: 0.18734395872476117 Time: 0.37734016699687345
Train loss: 1.7732109811309442 Val loss: 0.19070008754141346 Time: 0.3766302910007653
Train loss: 1.6805612153589813 Val loss: 0.18159200561569636 Time: 0.37747229100205004
Train loss: 1.6332972677914768 Val loss: 0.17698574298545533 Time: 0.39079462500012596
Train loss: 1.6623907496300632 Val loss: 0.1792407490921237 Time: 0.4555957500015211
Train loss: 1.657691641137717 Val loss: 0.17857806175985047 Time: 0.44068924999737646
Train loss: 1.7779422323739027 Val loss: 0.18922993280459946 Time: 0.4152060420019552
Shrinking learning rate to 1.0000000000000002e-06
Train loss: 1.736922815311491 Val loss: 0.18605113888372257 Time: 0.38012841699674027
Train loss: 1.5658985762564157 Val loss: 0.17029866610052607 Time: 0.3901536660014244
Train loss: 1.6737428412853301 Val loss: 0.18030796410698569 Time: 0.3757824999993318
Train loss: 1.6702835183281195 Val loss: 0.18006808318952502 Time: 0.4006704580024234
Train loss: 1.7012699593606442 Val loss: 0.1830252584591219 Time: 0.37660150000010617
Train loss: 1.6575712062065637 Val loss: 0.17906584799979086 Time: 0.37576208300015423
Train loss: 1.66576030707543 Val loss: 0.17997130633611003 Time: 0.3872878750007658
Train loss: 1.6920409481889713 Val loss: 0.18252690022138363 Time: 0.3763120000003255
Train loss: 1.7138469839742783 Val loss: 0.18452716720544576 Time: 0.3773578330001328
Train loss: 1.8210375697565269 Val loss: 0.1944978502686299 Time: 0.423606958000164
Train loss: 1.7728233473555353 Val loss: 0.19021986456761528 Time: 0.4017639160010731
Shrinking learning rate to 1.0000000000000002e-07
Learning rate getting small
Complete
 Total time: 37.33889187499881