starting log for model: models/lstm_alpha_100_22-23.pth
Train loss: 14.88137666961046 Val loss: 1488.1378765379773 Time: 0.37476779200005694
Train loss: 14.338439374352106 Val loss: 1433.8441484205996 Time: 0.3496082910005498
Train loss: 14.174252089725599 Val loss: 1417.4254197873158 Time: 0.3524582919999375
Train loss: 13.986883725027155 Val loss: 1398.6885834925565 Time: 0.3510993750005582
Train loss: 13.634784412051644 Val loss: 1363.478649829196 Time: 0.34579895900060365
Train loss: 12.522735917195817 Val loss: 1252.2737997616475 Time: 0.3542641670010198
Train loss: 10.59880599560605 Val loss: 1059.8807997132242 Time: 0.34337274999961664
Train loss: 8.516857543568022 Val loss: 851.6859553532825 Time: 0.34555612499934796
Train loss: 7.539330557141355 Val loss: 753.9332557736909 Time: 0.34338641700014705
Train loss: 7.200768446544242 Val loss: 720.077040983938 Time: 0.34598554199874343
Train loss: 7.009314654722022 Val loss: 700.9316606543555 Time: 0.34731241699955717
Train loss: 6.965771926362788 Val loss: 696.5773851488569 Time: 0.3570746669993241
Train loss: 6.92942600856648 Val loss: 692.9427884783944 Time: 0.3448628749993077
Train loss: 6.656429548128989 Val loss: 665.6431399866348 Time: 0.3473273749987129
Train loss: 6.546227570979148 Val loss: 654.6229407705384 Time: 0.3482146670012298
Train loss: 6.5451370326654175 Val loss: 654.5138839442377 Time: 0.3440180000015971
Train loss: 6.387026135240745 Val loss: 638.7027907260514 Time: 0.3457466250001744
Train loss: 6.241740721982177 Val loss: 624.1742566165082 Time: 0.3545840419992601
Train loss: 6.276176252826877 Val loss: 627.6178072521833 Time: 0.3432372919996851
Train loss: 6.140613677433897 Val loss: 614.0615458409803 Time: 0.3440024999999878
Train loss: 6.129345936174502 Val loss: 612.9347692813453 Time: 0.3446205829986866
Train loss: 5.7848520902382345 Val loss: 578.4853786814095 Time: 0.344436167000822
Train loss: 5.903292176707392 Val loss: 590.3293843099772 Time: 0.3446409170010156
Train loss: 5.672805808448414 Val loss: 567.2807417390027 Time: 0.35570183300114877
Train loss: 5.475106584791831 Val loss: 547.5108213798828 Time: 0.344755707999866
Train loss: 5.416783016799059 Val loss: 541.6784658174132 Time: 0.3474095000001398
Train loss: 5.3045085656744 Val loss: 530.4510130915631 Time: 0.3446592500004044
Train loss: 5.242996988707217 Val loss: 524.2998494228933 Time: 0.344158249999964
Train loss: 5.097498203351224 Val loss: 509.7499596779706 Time: 0.3457219169995369
Train loss: 5.048781748112982 Val loss: 504.87831227523515 Time: 0.3551291250005306
Train loss: 4.920817521225038 Val loss: 492.0818925569651 Time: 0.34628812499977357
Train loss: 4.610615483833747 Val loss: 461.0616930762086 Time: 0.34370175000003655
Train loss: 4.54184011250677 Val loss: 454.18415342720755 Time: 0.3448515000000043
Train loss: 4.48499985571437 Val loss: 448.5001107941278 Time: 0.34275712499947986
Train loss: 4.3537298759068666 Val loss: 435.3731173355767 Time: 0.3427334999996674
Train loss: 4.337132766200065 Val loss: 433.71339814629937 Time: 0.35617837500103633
Train loss: 4.307494983994329 Val loss: 430.7496156142987 Time: 0.34481174999928044
Train loss: 4.083134273554869 Val loss: 408.31355645361873 Time: 0.3451074160002463
Train loss: 4.08631222930137 Val loss: 408.63134546469007 Time: 0.3542699999998149
Train loss: 3.7139999001604513 Val loss: 371.40011500099155 Time: 0.39029691600080696
Train loss: 3.915601354818513 Val loss: 391.5602471628733 Time: 0.3456408330002887
Train loss: 3.8414165228985118 Val loss: 384.1417651050985 Time: 0.3657511669989617
Train loss: 3.7095390817942713 Val loss: 370.95401493600747 Time: 0.3571516249994602
Train loss: 3.598230574567631 Val loss: 359.82317239382496 Time: 0.34492191599929356
Train loss: 3.6417394724355363 Val loss: 364.1740533485753 Time: 0.34349495799870056
Train loss: 3.578071722290553 Val loss: 357.80728448948884 Time: 0.34405858300124237
Train loss: 3.554010309221548 Val loss: 355.40113817785493 Time: 0.3440442500013887
Train loss: 3.2808047537817893 Val loss: 328.08059031269295 Time: 0.35809374999917054
Train loss: 3.564403683943432 Val loss: 356.4404556548554 Time: 0.3523863749996963
Train loss: 3.2627929658718102 Val loss: 326.27939828389896 Time: 0.34421383300104935
Train loss: 3.447707477549072 Val loss: 344.77084030694834 Time: 0.3442187919990829
Train loss: 3.378438039687964 Val loss: 337.8438852742425 Time: 0.3440824169992993
Train loss: 3.354268288415278 Val loss: 335.4269407679327 Time: 0.3514858329999697
Train loss: 3.1726396360367133 Val loss: 317.2640751690768 Time: 0.3477375830007077
Train loss: 3.3093572348616904 Val loss: 330.9358222445871 Time: 0.3439932500004943
Train loss: 3.1892331568406647 Val loss: 318.92339721645874 Time: 0.34475320800083864
Train loss: 3.1923404762109993 Val loss: 319.2341366799029 Time: 0.3504374590011139
Train loss: 3.108486214819255 Val loss: 310.84870780074226 Time: 0.3797020830006659
Train loss: 3.157616299590636 Val loss: 315.761708081555 Time: 0.3637163339990366
Train loss: 3.029493511576206 Val loss: 302.94944400003294 Time: 0.3718228329998965
Train loss: 3.094864772391894 Val loss: 309.4865795978657 Time: 0.36732458299957216
Train loss: 3.0145461126797453 Val loss: 301.4546927159015 Time: 0.3451825830015878
Train loss: 3.025999016763128 Val loss: 302.5999918162955 Time: 0.3445294169996487
Train loss: 3.1552437810814475 Val loss: 315.5244760746837 Time: 0.34393187500063505
Train loss: 3.031178024454154 Val loss: 303.1178860573609 Time: 0.3534624170006282
Train loss: 2.897304005870108 Val loss: 289.7305083546633 Time: 0.38659191699844087
Train loss: 2.826148425115875 Val loss: 282.6149188624197 Time: 0.3466879160005192
Train loss: 2.9270063945622145 Val loss: 292.7007228593057 Time: 0.34732058300141944
Train loss: 2.9266531581153865 Val loss: 292.66540067390184 Time: 0.3440414590004366
Train loss: 2.853577410540609 Val loss: 285.3578168761212 Time: 0.34604770800069673
Train loss: 2.8131111975979657 Val loss: 281.31121889143793 Time: 0.354912916000103
Train loss: 2.895972578005937 Val loss: 289.597346164998 Time: 0.34650712499933434
Train loss: 2.982239496152183 Val loss: 298.2240378254427 Time: 0.3453941669995402
Train loss: 2.8764083942754883 Val loss: 287.64091177092195 Time: 0.3538468750011816
Train loss: 2.7950507436949454 Val loss: 279.50515846609716 Time: 0.3534759590002068
Train loss: 2.704472851472633 Val loss: 270.44735519738265 Time: 0.35084745899985137
Train loss: 2.7439124404373683 Val loss: 274.39134085902543 Time: 0.3586636250001902
Train loss: 2.808091213945275 Val loss: 280.8092059667999 Time: 0.34482337500048743
Train loss: 2.703648498497488 Val loss: 270.3649355466295 Time: 0.34252187499987485
Train loss: 2.661876631764372 Val loss: 266.1877448638489 Time: 0.34513650000008056
Train loss: 2.6717294593156424 Val loss: 267.173026853203 Time: 0.3421002499999304
Train loss: 2.5557454262266344 Val loss: 255.57462490658864 Time: 0.34316504199887277
Train loss: 2.59374906034191 Val loss: 259.3749820836015 Time: 0.35588179099977424
Train loss: 2.629449573414759 Val loss: 262.9450416812569 Time: 0.3439641250006389
Train loss: 2.594330409359616 Val loss: 259.4330951149334 Time: 0.3416845829997328
Train loss: 2.4584811634324266 Val loss: 245.84816189707175 Time: 0.35622541699922294
Train loss: 2.5999831036397723 Val loss: 259.9983812815424 Time: 0.34667316600098275
Train loss: 2.5024919743435348 Val loss: 250.2492716206103 Time: 0.3496880829989095
Train loss: 2.411026460904276 Val loss: 241.102711172773 Time: 0.34991420799997286
Train loss: 2.3934623327556217 Val loss: 239.34629352442056 Time: 0.343859667000288
Train loss: 2.347439744785632 Val loss: 234.74402233833177 Time: 0.34211150000010093
Train loss: 2.284401693656825 Val loss: 228.44024367087843 Time: 0.34432579099848226
Train loss: 2.498359071109757 Val loss: 249.83596326173569 Time: 0.3471954579999874
Train loss: 2.372532452515388 Val loss: 237.25329810685665 Time: 0.3566608750006708
Train loss: 2.2955028493839222 Val loss: 229.5503460786184 Time: 0.34566566700050316
Train loss: 2.234939672277825 Val loss: 223.4940326495711 Time: 0.3520720420001453
Train loss: 2.3809278206031586 Val loss: 238.09283713791967 Time: 0.34887233299923537
Train loss: 2.320901137839913 Val loss: 232.09016575965137 Time: 0.35600741600137553
Train loss: 2.24194966200366 Val loss: 224.19502694196413 Time: 0.3489760409993323
Train loss: 2.218142463615278 Val loss: 221.81428099947533 Time: 0.362425584000448
Train loss: 2.0892502094059457 Val loss: 208.9250839313308 Time: 0.3491017920005106
Train loss: 2.2433372171044246 Val loss: 224.33373234789744 Time: 0.34397870800057717
Train loss: 2.10101213772343 Val loss: 210.10125718987308 Time: 0.34419558300032804
Train loss: 2.2151158150246877 Val loss: 221.5116189945825 Time: 0.3437963750002382
Train loss: 2.24003857854686 Val loss: 224.00390390248916 Time: 0.34633908300020266
Train loss: 2.165382162295982 Val loss: 216.53826202419557 Time: 0.36034908300098323
Train loss: 2.258927609305573 Val loss: 225.8927875280638 Time: 0.3605438750000758
Train loss: 2.2228833017235825 Val loss: 222.28838027220067 Time: 0.34816850000061095
Train loss: 2.084589655394325 Val loss: 208.4590125702043 Time: 0.35100229199997557
Train loss: 2.285199925385201 Val loss: 228.52002519702725 Time: 0.3792482500011829
Train loss: 2.1265529256577747 Val loss: 212.6553214038021 Time: 0.34738887500134297
Train loss: 2.133658314721586 Val loss: 213.36587212749194 Time: 0.3598577499997191
Train loss: 2.110925869906918 Val loss: 211.09260013444796 Time: 0.34654691600007936
Train loss: 2.0077702727719 Val loss: 200.77704505851094 Time: 0.3455782500004716
Train loss: 2.1041546359190715 Val loss: 210.41548171949506 Time: 0.3466177919999609
Train loss: 2.194563404012875 Val loss: 219.4563632895043 Time: 0.34510662499997125
Train loss: 2.006546582138328 Val loss: 200.65469957081152 Time: 0.3438052080000489
Train loss: 2.122078847836254 Val loss: 212.2079166719517 Time: 0.35572112499903596
Train loss: 1.8850703646306766 Val loss: 188.50707672276695 Time: 0.34555845800059615
Train loss: 2.1227823452505845 Val loss: 212.27824047556476 Time: 0.35039058300026227
Train loss: 1.795752354158031 Val loss: 179.57527399954 Time: 0.34831779200067103
Train loss: 2.0575020645375233 Val loss: 205.75021546662143 Time: 0.34952070799954527
Train loss: 2.1326510262957274 Val loss: 213.26511012872103 Time: 0.34844533300019975
Train loss: 2.0094819106584794 Val loss: 200.94820068934197 Time: 0.35996712499945716
Train loss: 2.0213243385672754 Val loss: 202.13248735860793 Time: 0.3565910420002183
Train loss: 1.9344704129818524 Val loss: 193.44704286716237 Time: 0.3457835420012998
Train loss: 1.7774516529700293 Val loss: 177.74518409263274 Time: 0.3451039169995056
Train loss: 1.8155704198586982 Val loss: 181.55705449305688 Time: 0.35113395799999125
Train loss: 1.8203461095987876 Val loss: 182.03464835097537 Time: 0.3577992919999815
Train loss: 1.9682292735467093 Val loss: 196.82293719603197 Time: 0.352685832998759
Train loss: 1.9706820382708088 Val loss: 197.06820510883875 Time: 0.3492187500014552
Train loss: 1.7611281245671053 Val loss: 176.1128434317704 Time: 0.3431847079991712
Train loss: 1.8941633879764623 Val loss: 189.4163408626787 Time: 0.3562570419999247
Train loss: 1.857959248553322 Val loss: 185.79593129481884 Time: 0.34260270799859427
Train loss: 1.671257872597213 Val loss: 167.12579750794683 Time: 0.35993458299890335
Train loss: 1.7597413410914768 Val loss: 175.9741342318905 Time: 0.3590648749996035
Train loss: 1.71089006209254 Val loss: 171.08901290589606 Time: 0.3462032919997
Train loss: 1.7220229884500662 Val loss: 172.20230453064045 Time: 0.3453613750007207
Train loss: 1.7111031382304418 Val loss: 171.11031400524132 Time: 0.35605941700123367
Train loss: 2.0397017186068354 Val loss: 203.9701723026149 Time: 0.3440227909995883
Train loss: 1.7851800276070693 Val loss: 178.51801840043476 Time: 0.3538187920003111
Train loss: 1.6462333997172998 Val loss: 164.62334536380578 Time: 0.34442520900120144
Train loss: 1.6969572269693742 Val loss: 169.69572280087445 Time: 0.3452986670017708
Train loss: 1.709839665212371 Val loss: 170.98396787967965 Time: 0.348059583999202
Train loss: 1.5643249655485505 Val loss: 156.43250768580913 Time: 0.3489229169990722
Train loss: 1.7326917533849056 Val loss: 173.2691924767336 Time: 0.34952262500155484
Train loss: 1.633443063933246 Val loss: 163.34430891749304 Time: 0.3578790419996949
Train loss: 1.5092444378591203 Val loss: 150.92444379193 Time: 0.34944583300057275
Train loss: 1.525036817774045 Val loss: 152.50368225157325 Time: 0.3432838329990773
Train loss: 1.5648183725289755 Val loss: 156.48183760354587 Time: 0.3419412500006729
Train loss: 1.5223364106099728 Val loss: 152.2336410702431 Time: 0.34356462499999907
Train loss: 1.4831319683531774 Val loss: 148.31319698773632 Time: 0.34264291699946625
Train loss: 1.5033954581459614 Val loss: 150.33954590909644 Time: 0.35951754199959396
Train loss: 1.4776810190268002 Val loss: 147.76810211703804 Time: 0.3468060000013793
Train loss: 1.6575202686106572 Val loss: 165.75202919294338 Time: 0.3484878339986608
Train loss: 1.588539323984521 Val loss: 158.85393819912352 Time: 0.3422902919992339
Train loss: 1.4225930458063551 Val loss: 142.25930505412063 Time: 0.34375441699921794
Train loss: 1.458677176050287 Val loss: 145.8677183094754 Time: 0.34356704099991475
Train loss: 1.5186474422291525 Val loss: 151.86474459627954 Time: 0.35727741600021545
Train loss: 1.4632593483410403 Val loss: 146.32593485878323 Time: 0.3440930840006331
Train loss: 1.4153306582081626 Val loss: 141.53307342962563 Time: 0.34233587499875284
Train loss: 1.4249077498770504 Val loss: 142.49077582318705 Time: 0.3456132500014064
Train loss: 1.5133091920299329 Val loss: 151.33092936438362 Time: 0.3725575420012319
Train loss: 1.4950843604822808 Val loss: 149.50845154514752 Time: 0.3447719590003544
Train loss: 1.2672544375412906 Val loss: 126.72544390790317 Time: 0.3747748750010942
Train loss: 1.6239301892989317 Val loss: 162.39302516660513 Time: 0.34932020800079044
Train loss: 1.4861563321596378 Val loss: 148.6156487173224 Time: 0.34876608299964573
Train loss: 1.4821698146366202 Val loss: 148.21698174766937 Time: 0.34687674999986484
Train loss: 1.4641781127116822 Val loss: 146.41784858702405 Time: 0.34355012500054727
Train loss: 1.4508674481722466 Val loss: 145.08675193250318 Time: 0.3463234160008142
Train loss: 1.2844833154177486 Val loss: 128.44835851634184 Time: 0.35547133299951383
Train loss: 1.5034803280208848 Val loss: 150.34803704037577 Time: 0.3457602919988858
Train loss: 1.4705358031802547 Val loss: 147.05359312900376 Time: 0.3465308329996333
Train loss: 1.2745778771997927 Val loss: 127.45784158753095 Time: 0.3431381250011327
Shrinking learning rate to 1e-05
Train loss: 1.4012943604144539 Val loss: 140.12944559144267 Time: 0.3447877079997852
Train loss: 1.3024820894064568 Val loss: 130.24822846391788 Time: 0.3501014169996779
Train loss: 1.333393094053065 Val loss: 133.33932742331405 Time: 0.3505144160008058
Train loss: 1.2334087366633781 Val loss: 123.34089394236193 Time: 0.3429449579998618
Train loss: 1.3621429352126313 Val loss: 136.21430774778108 Time: 0.3460464999989199
Train loss: 1.4165678450728623 Val loss: 141.6568019503655 Time: 0.34636766699986765
Train loss: 1.245814252797743 Val loss: 124.58144257181957 Time: 0.34585470800084295
Train loss: 1.3858761392066299 Val loss: 138.58763574000912 Time: 0.37272133300029964
Train loss: 1.14243775956355 Val loss: 114.24379680367504 Time: 0.34718679199977487
Train loss: 1.2973512999289696 Val loss: 129.73514596295274 Time: 0.3449985420011217
Train loss: 1.2673964181863449 Val loss: 126.73965823875817 Time: 0.3444202499995299
Train loss: 1.4290445840271178 Val loss: 142.90447333823448 Time: 0.3441661249999015
Train loss: 1.3308681424024824 Val loss: 133.0868366951899 Time: 0.3474461670011806
Train loss: 1.3997096453086044 Val loss: 139.97097944769217 Time: 0.357046832999913
Train loss: 1.2178233867432215 Val loss: 121.78235876621497 Time: 0.3426882499989006
Train loss: 1.3635673709510552 Val loss: 136.35675327156858 Time: 0.3441262500000448
Train loss: 1.209727196273235 Val loss: 120.9727368357783 Time: 0.3435443750004197
Train loss: 1.2957319432650536 Val loss: 129.57320886772794 Time: 0.3427140000003419
Shrinking learning rate to 1.0000000000000002e-06
Train loss: 1.2825479905278632 Val loss: 128.2548174589056 Time: 0.34420350000073086
Train loss: 1.2438365540495937 Val loss: 124.38367467326069 Time: 0.35310424999988754
Train loss: 1.3491787434004436 Val loss: 134.91789212571584 Time: 0.3428675420000218
Train loss: 1.1662644946987513 Val loss: 116.62646915911004 Time: 0.34329991699996754
Train loss: 1.3228361202201029 Val loss: 132.28362963693783 Time: 0.34295266600020113
Train loss: 1.2443549358901151 Val loss: 124.4355125396701 Time: 0.34388270800081955
Train loss: 1.4181154968038925 Val loss: 141.8115659337739 Time: 0.34418512499905773
Train loss: 1.2103999186008423 Val loss: 121.04001088544808 Time: 0.35572558300009405
Train loss: 1.274805278187813 Val loss: 127.48054607795314 Time: 0.34329724999952305
Train loss: 1.2695185837902665 Val loss: 126.95187707645985 Time: 0.36162325000077544
Shrinking learning rate to 1.0000000000000002e-07
Learning rate getting small
Complete
 Total time: 70.75265654199939