starting log for model: models/lstm1_fcast_24_new_22-23.pth
Train loss: 9.993452004906494 Val loss: 1.1403494777867342 Time: 0.296995083001093
Train loss: 7.0083733592477415 Val loss: 0.8680327554679426 Time: 0.29729095899892855
Train loss: 6.5834088302796046 Val loss: 0.8484356930300517 Time: 0.28841479100083234
Train loss: 6.235012115501036 Val loss: 0.8203513676779294 Time: 0.3109081669990701
Train loss: 5.926484336873386 Val loss: 0.7521243314357245 Time: 0.3058619169987651
Train loss: 5.673951087277487 Val loss: 0.7168591036189922 Time: 0.3315606670003035
Train loss: 5.373204452876166 Val loss: 0.6828431672791547 Time: 0.2873406670005352
Train loss: 5.081689988107301 Val loss: 0.6406481475092897 Time: 0.30732391700075823
Train loss: 4.657216228055972 Val loss: 0.5841225689981215 Time: 0.3089119590003975
Train loss: 4.24674013826467 Val loss: 0.5023541391559001 Time: 0.29179416700026195
Train loss: 3.9034773245618055 Val loss: 0.4280308273057858 Time: 0.28172929100037436
Train loss: 3.659038388269945 Val loss: 0.38780746983200026 Time: 0.2955320830005803
Train loss: 3.518552313291087 Val loss: 0.3667919276700868 Time: 0.30367370800013305
Train loss: 3.2951226983987 Val loss: 0.35831755101114676 Time: 0.29729662499994447
Train loss: 3.0632419062848086 Val loss: 0.34190265005908965 Time: 0.28770620900104404
Train loss: 2.940372971090639 Val loss: 0.3628903294098884 Time: 0.3527720419988327
Train loss: 2.852133156942216 Val loss: 0.34670036421955264 Time: 0.29190454200033855
Train loss: 2.541730194558464 Val loss: 0.37726496395163384 Time: 0.2943449160011369
Train loss: 2.5989007371416237 Val loss: 0.3777931835234769 Time: 0.3066746670010616
Train loss: 2.334428857503852 Val loss: 0.41433272523702097 Time: 0.29977079200034495
Train loss: 2.359194118742046 Val loss: 0.4059229287014506 Time: 0.27825591699911456
Train loss: 1.9975262984054325 Val loss: 0.42159568354000004 Time: 0.29112137499942037
Train loss: 2.113496580546755 Val loss: 0.36229145615113634 Time: 0.2979996249996475
Train loss: 2.040711995168305 Val loss: 0.24323503377846728 Time: 0.3055043750009645
Train loss: 1.9277709668179455 Val loss: 0.35273726636318237 Time: 0.30772458299907157
Train loss: 1.9217056605735117 Val loss: 0.23620060126773862 Time: 0.2977200000004814
Train loss: 2.0056396227891895 Val loss: 0.3048738980353737 Time: 0.30513054199946055
Train loss: 1.7958547675178806 Val loss: 0.1869481741135137 Time: 0.3140934170005494
Train loss: 2.021036657077744 Val loss: 0.28811758635396784 Time: 0.30702704199939035
Train loss: 1.826617594326919 Val loss: 0.20828702622146522 Time: 0.2992505419988447
Train loss: 1.9199583244654832 Val loss: 0.2293490534172926 Time: 0.3030129170001601
Train loss: 1.5317973321552927 Val loss: 0.16299799809172782 Time: 0.30843437500152504
Train loss: 1.6594183312810955 Val loss: 0.2900725793976728 Time: 0.3037473330005014
Train loss: 1.4197408721961935 Val loss: 0.32722056954702583 Time: 0.31042974999945727
Train loss: 1.4129992447717834 Val loss: 0.42358120978846464 Time: 0.31194362499991257
Train loss: 1.3492180577982964 Val loss: 0.3038404537265363 Time: 0.29994233300021733
Train loss: 1.4621015061274107 Val loss: 0.36195011480048084 Time: 0.30979170799946587
Train loss: 1.3736923916316073 Val loss: 0.4711610396754699 Time: 0.3070802919992275
Train loss: 1.1953356358124552 Val loss: 0.317220999206041 Time: 0.31257858400022087
Train loss: 1.385860694620206 Val loss: 0.16297699051515416 Time: 0.29905650000000605
Train loss: 1.8375785387141832 Val loss: 0.2997936041303573 Time: 0.31242241700056184
Train loss: 1.3366156127320892 Val loss: 0.20159488317951835 Time: 0.30870649999997113
Train loss: 1.7128817016213702 Val loss: 0.17183994247177067 Time: 0.31173979099912685
Train loss: 1.295525952404411 Val loss: 0.14378038543603275 Time: 0.2997585839984822
Train loss: 1.2951710506553127 Val loss: 0.19498512373479826 Time: 0.29787758299971756
Train loss: 1.0699170272921634 Val loss: 0.1314637766675672 Time: 0.3010279999998602
Train loss: 1.3486538913384516 Val loss: 0.2935512442740692 Time: 0.31844133300000976
Train loss: 1.2785029759566555 Val loss: 0.2976221286398002 Time: 0.30899645800127473
Train loss: 1.0630804914086909 Val loss: 0.15478650140534922 Time: 0.3087337500001013
Train loss: 1.480582472842027 Val loss: 0.2539846861580985 Time: 0.3048757500000647
Train loss: 1.1092440357281816 Val loss: 0.16939257479446299 Time: 0.30508137500146404
Train loss: 2.0432229905040913 Val loss: 0.7322537532837453 Time: 0.3053975000002538
Train loss: 1.1875345459435493 Val loss: 0.11957650207645312 Time: 0.30067416700148897
Train loss: 1.005116298704575 Val loss: 0.10111619967736285 Time: 0.3044397920002666
Train loss: 1.0039723456237297 Val loss: 0.10255941253258524 Time: 0.30418591700072284
Train loss: 1.140180390862497 Val loss: 0.21191266630198738 Time: 0.3049862910011143
Train loss: 1.2067813500513438 Val loss: 0.3059127652325077 Time: 0.29988316699927964
Train loss: 0.9961904576847189 Val loss: 0.1077176329380432 Time: 0.30777245799981756
Train loss: 1.36484280330572 Val loss: 0.1391482466350277 Time: 0.3098805829995399
Train loss: 1.1102876400464652 Val loss: 0.1575917539204138 Time: 0.31229283299944655
Train loss: 0.8909788923207742 Val loss: 0.10145275621911343 Time: 0.3095899170002667
Train loss: 1.1786385838205469 Val loss: 0.13830274282951388 Time: 0.2975166659998649
Train loss: 1.049071020217995 Val loss: 0.5154403128232116 Time: 0.3176041250007984
Train loss: 0.9618648259339437 Val loss: 0.09858483154599645 Time: 0.2974245419991348
Train loss: 0.8924323913643661 Val loss: 0.1453387821858958 Time: 0.31664925000040967
Train loss: 1.0232625181913804 Val loss: 0.10233647002526686 Time: 0.3172023329989315
Train loss: 0.9076063734789024 Val loss: 0.6293021521785545 Time: 0.32178224999915983
Train loss: 1.339472257147122 Val loss: 0.6408813170199239 Time: 0.3202559580004163
Train loss: 0.9960970278175161 Val loss: 0.7210602016953922 Time: 0.30761175000043295
Train loss: 1.4329429800085869 Val loss: 0.5268186295910828 Time: 0.33715979199951107
Shrinking learning rate to 0.0001
Train loss: 1.362660625888985 Val loss: 0.13844154657571192 Time: 0.31138370799999393
Train loss: 1.1674879440897143 Val loss: 0.11681168067185062 Time: 0.3034201669997856
Train loss: 1.0084689023334414 Val loss: 0.10204581432545565 Time: 0.3139727909983776
Train loss: 0.9128022850392137 Val loss: 0.09654537017224925 Time: 0.3168937079990428
Train loss: 0.8480795969836095 Val loss: 0.09479498266132642 Time: 0.30995358400105033
Train loss: 0.8104633623951347 Val loss: 0.09600664019094057 Time: 0.3216251670000929
Train loss: 0.7730035092567107 Val loss: 0.09634057137698392 Time: 0.31720895899889
Train loss: 0.7476383014838248 Val loss: 0.09780702755486904 Time: 0.3315444159998151
Train loss: 0.7284400433397096 Val loss: 0.14142522280297254 Time: 0.31892804199924285
Train loss: 0.7114148199157171 Val loss: 0.1425113628841056 Time: 0.31712400000105845
Train loss: 0.6968102860738554 Val loss: 0.14382739902555364 Time: 0.3118184590002784
Train loss: 0.6836398385562861 Val loss: 0.14464136356161922 Time: 0.2990305419989454
Train loss: 0.6744604474428906 Val loss: 0.14580409645684153 Time: 0.31834554099987145
Train loss: 0.6608713029845887 Val loss: 0.146607319203875 Time: 0.32249783299994306
Train loss: 0.6548766985434469 Val loss: 0.14761423137413693 Time: 0.30897266600004514
Train loss: 0.6427569308766437 Val loss: 0.1483847533991941 Time: 0.3076415409996116
Train loss: 0.6363409454902003 Val loss: 0.1489768246389374 Time: 0.30491691600036575
Train loss: 0.6318498434012563 Val loss: 0.14977536513566977 Time: 0.31401466700117453
Train loss: 0.6220283685925949 Val loss: 0.14987205503050813 Time: 0.30428679099895817
Train loss: 0.6156765708742604 Val loss: 0.1502254093574525 Time: 0.3083164170002419
Train loss: 0.6096554549389666 Val loss: 0.1507618488694675 Time: 0.29861745800008066
Train loss: 0.6020595528706516 Val loss: 0.15038339073699025 Time: 0.3134827920002863
Train loss: 0.5998226259714841 Val loss: 0.15030160901061576 Time: 0.30517116599912697
Train loss: 0.5936468009614195 Val loss: 0.14984391754630524 Time: 0.32309704199906264
Train loss: 0.587695320089253 Val loss: 0.14800119266382786 Time: 0.34417662499981816
Train loss: 0.5850304464948977 Val loss: 0.1482474155738372 Time: 0.3138186249998398
Train loss: 0.5769564291963576 Val loss: 0.14767924589990516 Time: 0.3174995420013147
Train loss: 0.5748828139202935 Val loss: 0.14767927613669907 Time: 0.3653405830009433
Train loss: 0.5697287440861463 Val loss: 0.14760829867575279 Time: 0.31558495799981756
Train loss: 0.5647914331914601 Val loss: 0.14674215628736081 Time: 0.3148896250004327
Train loss: 0.5627167949866134 Val loss: 0.14682029644059225 Time: 0.32103612500031886
Train loss: 0.5587979150324429 Val loss: 0.14631225556507704 Time: 0.34147245900021517
Train loss: 0.5538084608147109 Val loss: 0.1452304791150007 Time: 0.3141678329993738
Train loss: 0.553015350802923 Val loss: 0.1449724785001419 Time: 0.3164515000007668
Train loss: 0.5485985530958146 Val loss: 0.14446229311074257 Time: 0.31355733400050667
Train loss: 0.5449305413780046 Val loss: 0.14392044411621976 Time: 0.3152981250004814
Train loss: 0.5403011552231618 Val loss: 0.1422560469376688 Time: 0.3048769999986689
Train loss: 0.5392992222919872 Val loss: 0.14207606853574878 Time: 0.3080041670000355
Train loss: 0.5363060626171574 Val loss: 0.141952694722408 Time: 0.33556433400008245
Train loss: 0.533316518540687 Val loss: 0.09802422635296848 Time: 0.3070838329986145
Train loss: 0.52892150455969 Val loss: 0.09949070196982235 Time: 0.32086441700084833
Train loss: 0.5261083183047859 Val loss: 0.09881010118805904 Time: 0.3149648750004417
Train loss: 0.5248363741438773 Val loss: 0.09834763070069445 Time: 0.313777041999856
Train loss: 0.5223308026969988 Val loss: 0.09751830469410232 Time: 0.30330037500061735
Train loss: 0.518565203667805 Val loss: 0.09715774853080117 Time: 0.3191663340003288
Train loss: 0.5178435975916891 Val loss: 0.09499255136110474 Time: 0.3225728329998674
Train loss: 0.5143958208860653 Val loss: 0.09616874775055775 Time: 0.30709516599927156
Train loss: 0.511900195547164 Val loss: 0.0957516298037467 Time: 0.31845350000003236
Train loss: 0.5109624138900681 Val loss: 0.09499026588977631 Time: 0.31385779099946376
Train loss: 0.5084608025451889 Val loss: 0.09430349459271455 Time: 0.30668429199977254
Train loss: 0.5061291319902406 Val loss: 0.09312943732757113 Time: 0.32080558400048176
Train loss: 0.5044984662680534 Val loss: 0.09004392160269119 Time: 0.3076035829999455
Train loss: 0.5022466915689918 Val loss: 0.09167240898541643 Time: 0.3205090840001503
Train loss: 0.49845469619677374 Val loss: 0.08986330707730956 Time: 0.3237180830001307
Train loss: 0.4996759637977277 Val loss: 0.08926122453487484 Time: 0.30986029199993936
Train loss: 0.4968263775565447 Val loss: 0.08827850559680599 Time: 0.2966922079995129
Train loss: 0.49425088178142573 Val loss: 0.08740660645550845 Time: 0.31895545800034597
Train loss: 0.49379282090552934 Val loss: 0.13276356154573304 Time: 0.33590725000067323
Train loss: 0.4911209043964959 Val loss: 0.13238636188801775 Time: 0.3212947499996517
Train loss: 0.48849357518115344 Val loss: 0.08537874663562296 Time: 0.31845179199990525
Train loss: 0.48808158227372545 Val loss: 0.13173104609826294 Time: 0.3087762079994718
Train loss: 0.4860015320069948 Val loss: 0.1311888830716367 Time: 0.30577458299922
Train loss: 0.4832064016662372 Val loss: 0.1298892447331786 Time: 0.3024457920000714
Train loss: 0.4830341173978283 Val loss: 0.13029016793374898 Time: 0.308089750000363
Train loss: 0.4796950488163958 Val loss: 0.12984694085734413 Time: 0.3123367499993037
Train loss: 0.4794793234006143 Val loss: 0.1294716511295971 Time: 0.31886299999860057
Train loss: 0.4769085069799402 Val loss: 0.12912053148589334 Time: 0.31259645799946156
Train loss: 0.4740146884938845 Val loss: 0.12819095442484485 Time: 0.3126028339993354
Train loss: 0.47423236935988644 Val loss: 0.12724844146125286 Time: 0.3198199170001317
Train loss: 0.4720724533608589 Val loss: 0.127813469752271 Time: 0.3040199170009146
Train loss: 0.4696915262442509 Val loss: 0.12741701342869255 Time: 0.3057530410005711
Train loss: 0.4687461449253263 Val loss: 0.12710281323165415 Time: 0.3173019999994722
Train loss: 0.465279829641446 Val loss: 0.12629883155131796 Time: 0.3119458750006743
Train loss: 0.46626372158243967 Val loss: 0.12522850985809708 Time: 0.30900395900061994
Train loss: 0.46403524681468866 Val loss: 0.12599591025256884 Time: 0.31764429200120503
Train loss: 0.46187849882438314 Val loss: 0.12569870913907574 Time: 0.3211578330010525
Train loss: 0.4598267920721142 Val loss: 0.12503979046341693 Time: 0.32083795799917425
Train loss: 0.4593932105687841 Val loss: 0.12416165500478374 Time: 0.31766495800002303
Train loss: 0.4581608655539213 Val loss: 0.1249482723544962 Time: 0.32994454099934956
Train loss: 0.45620030486673 Val loss: 0.1239956431177932 Time: 0.3214417500003037
Train loss: 0.4537480772492941 Val loss: 0.12438120249348512 Time: 0.30137658300009207
Train loss: 0.4536697176615263 Val loss: 0.12343605767634952 Time: 0.3306521659997088
Train loss: 0.4517191155795359 Val loss: 0.12420175877516461 Time: 0.3275832500003162
Train loss: 0.4503378309993096 Val loss: 0.12404832730222616 Time: 0.3218493340009445
Train loss: 0.44708960600204506 Val loss: 0.12359125405114817 Time: 0.3203940829989733
Train loss: 0.44824309142641283 Val loss: 0.12264462924256207 Time: 0.31519350000053237
Train loss: 0.44554233452163494 Val loss: 0.12326603908037632 Time: 0.3100332920002984
Train loss: 0.4445132884883236 Val loss: 0.12341604328631534 Time: 0.31743383400134917
Train loss: 0.44253082147767486 Val loss: 0.12217341160531024 Time: 0.3224910830012959
Train loss: 0.44080505404787473 Val loss: 0.12300317879737073 Time: 0.3245898749992193
Train loss: 0.4384514151004071 Val loss: 0.12265094193286395 Time: 0.32257154200124205
Train loss: 0.4385446551050123 Val loss: 0.12178312785624316 Time: 0.3151478750005481
Train loss: 0.4370543283918167 Val loss: 0.12290770651092492 Time: 0.3316716669996822
Train loss: 0.4355567492444514 Val loss: 0.12270257451272341 Time: 0.31942787500156555
Train loss: 0.4320413791547253 Val loss: 0.12238199865768297 Time: 0.31537187499998254
Train loss: 0.433254671009621 Val loss: 0.12129062668885537 Time: 0.3270967499993276
Train loss: 0.4304495633527239 Val loss: 0.1223577062722872 Time: 0.3201675839991367
Train loss: 0.4282223090973609 Val loss: 0.1210406279084704 Time: 0.2967473750013596
Train loss: 0.4284294451213668 Val loss: 0.12196019793604901 Time: 0.3173610829999234
Train loss: 0.42690931067755145 Val loss: 0.12113322709270385 Time: 0.32210366599974805
Train loss: 0.4248099226174382 Val loss: 0.12194398969572309 Time: 0.3110270840006706
Train loss: 0.4223273023458738 Val loss: 0.12164581411353614 Time: 0.3245371670000168
Train loss: 0.42305816961261655 Val loss: 0.12047484632239185 Time: 0.31053370799963886
Train loss: 0.4208271074404186 Val loss: 0.12126796587212157 Time: 0.32168354199893656
Train loss: 0.41772836271751856 Val loss: 0.12098406889358276 Time: 0.31055962500067835
Train loss: 0.41805182597110857 Val loss: 0.12016515959294885 Time: 0.3498382500001753
Train loss: 0.41676755012374045 Val loss: 0.12109201356835597 Time: 0.3758498339993821
Train loss: 0.414352960742872 Val loss: 0.1206448690925529 Time: 0.3238120420010091
Train loss: 0.41427947059655423 Val loss: 0.11961541541218006 Time: 0.3320213330007391
Train loss: 0.41285269618866494 Val loss: 0.12051555967747837 Time: 0.33317087499926856
Train loss: 0.4097524218490918 Val loss: 0.12021472593147173 Time: 0.31288404099905165
Train loss: 0.41010560670312657 Val loss: 0.12015327385831152 Time: 0.3319646250001824
Train loss: 0.40943684389227286 Val loss: 0.11919441701144545 Time: 0.31780958399940573
Train loss: 0.40635701174667993 Val loss: 0.11985801508621005 Time: 0.3129255000003468
Train loss: 0.4063264023682507 Val loss: 0.1193328167294408 Time: 0.30931512499955716
Train loss: 0.40519757730865535 Val loss: 0.11996831657172628 Time: 0.3188174999995681
Train loss: 0.4027140163281899 Val loss: 0.1189166854172701 Time: 0.322966333000295
Train loss: 0.4035597621241216 Val loss: 0.11945070227139803 Time: 0.30884579099983966
Train loss: 0.3997519466602313 Val loss: 0.11889298204431374 Time: 0.32643812500100466
Train loss: 0.4003432200893826 Val loss: 0.11942707589784336 Time: 0.3102487090000068
Train loss: 0.39938508427539077 Val loss: 0.1191075765084626 Time: 0.3200814169995283
Train loss: 0.39726791468170575 Val loss: 0.11831443915732562 Time: 0.30938516599962895
Train loss: 0.3963612411833708 Val loss: 0.1182089785063292 Time: 0.3186338750001596
Train loss: 0.3949432091152696 Val loss: 0.11845357946969325 Time: 0.3123582919997716
Train loss: 0.39438119277900796 Val loss: 0.11778677726342685 Time: 0.32640291700045054
Train loss: 0.39350643038592725 Val loss: 0.11825947801216867 Time: 0.3405129999991914
Train loss: 0.3910076561971465 Val loss: 0.11801372215642245 Time: 0.3209432910007308
Train loss: 0.3911906810881334 Val loss: 0.11812443365062308 Time: 0.3412267090006935
Train loss: 0.38962471952960254 Val loss: 0.11793459233115856 Time: 0.3323923340012698
Train loss: 0.3880375287488764 Val loss: 0.11744520442451123 Time: 0.2989221659991017
Train loss: 0.38777230015952413 Val loss: 0.1167866407797633 Time: 0.3443355419985892
Train loss: 0.3852353102174324 Val loss: 0.1172400108382404 Time: 0.3583433749990945
Train loss: 0.385876368856372 Val loss: 0.5038314924943852 Time: 0.3368559999998979
Train loss: 0.38289259782802665 Val loss: 0.5038335955561478 Time: 0.3278591669986781
Train loss: 0.38391112029038266 Val loss: 0.5039890327907645 Time: 0.3326708749991667
Train loss: 0.3812166912050259 Val loss: 0.5040080267476724 Time: 0.31645791699884285
Train loss: 0.38131722496281384 Val loss: 0.504110056100907 Time: 0.32470766699952947
Train loss: 0.3797317457236482 Val loss: 0.50426610997278 Time: 0.3149121249989548
Train loss: 0.3778927191495005 Val loss: 0.5042395917129624 Time: 0.32586970800002746
Train loss: 0.37884827755216677 Val loss: 0.5044292386870346 Time: 0.3488346249996539
Train loss: 0.3755556584465034 Val loss: 0.5043930871956697 Time: 0.32740820800063375
Train loss: 0.37579942440015124 Val loss: 0.5044703320464227 Time: 0.3292273339993699
Train loss: 0.37437910763147375 Val loss: 0.5046101941599828 Time: 0.35082054099984816
Train loss: 0.37334408040666245 Val loss: 0.5046345856667952 Time: 0.34697412499917846
Train loss: 0.37147962555202607 Val loss: 0.5047878656294792 Time: 0.40676450000137265
Train loss: 0.37130153276299716 Val loss: 0.5048402951265556 Time: 0.3536341250000987
Train loss: 0.36960545577309034 Val loss: 0.5049693511369426 Time: 0.33505158300067706
Train loss: 0.3691817670139095 Val loss: 0.5049909497994841 Time: 0.3580066659997101
Train loss: 0.36729496298690023 Val loss: 0.5050188422225432 Time: 0.3083826250003767
Train loss: 0.3676221182190089 Val loss: 0.5052294319920158 Time: 0.3221971660004783
Train loss: 0.36483737001391514 Val loss: 0.5052122837727241 Time: 0.30962691599961545
Train loss: 0.3654816465145112 Val loss: 0.5053125282000983 Time: 0.2965468330003205
Train loss: 0.36340937486166447 Val loss: 0.5055258975483519 Time: 0.2996768750017509
Train loss: 0.36340198727757134 Val loss: 0.5055247318325589 Time: 0.32255337499918824
Train loss: 0.3609156556851758 Val loss: 0.5057177386726371 Time: 0.31066762499904144
Train loss: 0.3613000415103702 Val loss: 0.505755214777055 Time: 0.3041024579997611
Train loss: 0.35958791848582905 Val loss: 0.5059407667285781 Time: 0.31963733399970806
Train loss: 0.35949950185489854 Val loss: 0.5059662470399422 Time: 0.2967590000007476
Train loss: 0.3573743159429341 Val loss: 0.5061522390015445 Time: 0.3245932499994524
Train loss: 0.35734059888115866 Val loss: 0.5061950650285963 Time: 0.3226355419992615
Train loss: 0.3562516928077999 Val loss: 0.5064044265417225 Time: 0.3662468330003321
Train loss: 0.35574717529300415 Val loss: 0.506440612102895 Time: 0.3046318340002472
Train loss: 0.3532370198887591 Val loss: 0.5064894794770877 Time: 0.31410041600065597
Train loss: 0.3543202585146483 Val loss: 0.5067039223183286 Time: 0.3091175829995336
Train loss: 0.3519448436235142 Val loss: 0.5066874980695523 Time: 0.3097437920005177
Train loss: 0.35250123625834384 Val loss: 0.5069218090621155 Time: 0.3244052919999376
Train loss: 0.3500751360181207 Val loss: 0.5068797252319952 Time: 0.34118533299988485
Train loss: 0.34996600311420956 Val loss: 0.5071455310001138 Time: 0.33492191699951945
Train loss: 0.34860403457854616 Val loss: 0.5070836410720952 Time: 0.359226333001061
Train loss: 0.3488286291741818 Val loss: 0.5073688210657972 Time: 0.32131083400054194
Train loss: 0.34669052840589565 Val loss: 0.5073185471730458 Time: 0.3482984169986594
Train loss: 0.3467187668841527 Val loss: 0.5075941146108706 Time: 0.33517187500001455
Train loss: 0.34509093679290004 Val loss: 0.507542250811215 Time: 0.33561824999924283
Train loss: 0.3454859846468965 Val loss: 0.5078212817272111 Time: 0.3372356250001758
Train loss: 0.34316503802806647 Val loss: 0.5077784428472517 Time: 0.323409583999819
Train loss: 0.34331346072092916 Val loss: 0.5079989012436573 Time: 0.3294908749994647
Train loss: 0.34157732458401746 Val loss: 0.5080095974572933 Time: 0.3155310419988382
Train loss: 0.34155797352692696 Val loss: 0.5082417848938947 Time: 0.3347779579999042
Train loss: 0.34049469257828546 Val loss: 0.5082214338201934 Time: 0.3178266660015652
Train loss: 0.33963523567340204 Val loss: 0.5084829178969675 Time: 0.31705370800045785
Complete
 Total time: 79.38170795800033