starting log for model: models/lstm_alpha_10_23-24.pth
Train loss: 3.99777008494131 Val loss: 39.97819657298105 Time: 0.45206450000114273
Train loss: 4.932521968344815 Val loss: 49.32554835146944 Time: 0.3917130830013775
Train loss: 3.972951143292348 Val loss: 39.72986398517855 Time: 0.3766653330021654
Train loss: 3.983963784066816 Val loss: 39.84005346410484 Time: 0.37778670899933786
Train loss: 3.9882783521749197 Val loss: 39.88311645982743 Time: 0.3800766250024026
Train loss: 3.758015067691727 Val loss: 37.5804574094067 Time: 0.37549466699783807
Train loss: 3.6031702263508976 Val loss: 36.03203022251225 Time: 0.38834862500152667
Train loss: 3.7117122091141255 Val loss: 37.11742185963098 Time: 0.37675279099858017
Train loss: 3.3786841181621696 Val loss: 33.787089495162526 Time: 0.37552729199887835
Train loss: 3.5543140832783404 Val loss: 35.54336646768893 Time: 0.3891494160016009
Train loss: 3.322201087178387 Val loss: 33.2221782641361 Time: 0.3775566659969627
Train loss: 3.206384168019944 Val loss: 32.064070204348695 Time: 0.42401033300120616
Train loss: 3.0741983780305873 Val loss: 30.74216002411379 Time: 0.3879890410025837
Train loss: 3.1953667634024043 Val loss: 31.953844172864954 Time: 0.37749229200198897
Train loss: 3.238051438525595 Val loss: 32.38066845478667 Time: 0.3755989169985696
Train loss: 3.100792248675674 Val loss: 31.008061114873723 Time: 0.3767264170019189
Train loss: 3.0217926256499936 Val loss: 30.21806287274308 Time: 0.3758119580015773
Train loss: 2.941099993378131 Val loss: 29.4111056240339 Time: 0.3870384580004611
Train loss: 2.987499077634311 Val loss: 29.875099900133318 Time: 0.3766717919970688
Train loss: 3.038556831139303 Val loss: 30.38566395476205 Time: 0.3760333749996789
Train loss: 2.9529936822426635 Val loss: 29.530018709484406 Time: 0.3780947909981478
Train loss: 3.0267714239639787 Val loss: 30.267817903782852 Time: 0.376704875001451
Train loss: 2.7766585845742497 Val loss: 27.766642789844 Time: 0.400901334000082
Train loss: 2.8670711299989478 Val loss: 28.670745180705147 Time: 0.38080291699952795
Train loss: 2.75191399646339 Val loss: 27.51919848493464 Time: 0.3773860830006015
Train loss: 2.7777210359171107 Val loss: 27.777243835205145 Time: 0.3752411250025034
Train loss: 2.6496995938298067 Val loss: 26.497032792453822 Time: 0.3776502079999773
Train loss: 2.6053858520725726 Val loss: 26.053879337815655 Time: 0.3762538329974632
Train loss: 2.706108947495597 Val loss: 27.06110981502018 Time: 0.3876877080001577
Train loss: 2.650581093727176 Val loss: 26.50583415717634 Time: 0.3765232500009006
Train loss: 2.5920639551758455 Val loss: 25.920654261125268 Time: 0.3879585840004438
Train loss: 2.3948321966608432 Val loss: 23.948329695587056 Time: 0.39500045900058467
Train loss: 2.3501578175437743 Val loss: 23.50158293222019 Time: 0.37740620800104807
Train loss: 2.264788654883205 Val loss: 22.64788776080713 Time: 0.38876212499963003
Train loss: 2.5079749174864574 Val loss: 25.079756698475297 Time: 0.3771486250007001
Train loss: 2.3481993872427083 Val loss: 23.481994235535296 Time: 0.3750311670009978
Train loss: 2.2347319562798384 Val loss: 22.347321154901106 Time: 0.37590583299970604
Train loss: 2.2767970790907066 Val loss: 22.767971162284866 Time: 0.37584295800115797
Train loss: 2.2119269169703273 Val loss: 22.119269399341814 Time: 0.37653816600141
Train loss: 2.0153945066209644 Val loss: 20.15395196503988 Time: 0.38276912499713944
Train loss: 2.1877174218949733 Val loss: 21.877175513294304 Time: 0.38150204200064763
Train loss: 2.2466372915727106 Val loss: 22.466373618877558 Time: 0.3773667499990552
Train loss: 2.0965944395928773 Val loss: 20.96595339124606 Time: 0.3774732079982641
Train loss: 2.158549828432484 Val loss: 21.585508762681645 Time: 0.38909174999935203
Train loss: 2.0171474136760708 Val loss: 20.171483937353933 Time: 0.3865758749998349
Train loss: 2.1214045918860087 Val loss: 21.214072412159553 Time: 0.37719099999958416
Train loss: 1.9823537164774052 Val loss: 19.82355467681858 Time: 0.44743479099997785
Train loss: 2.136991499042896 Val loss: 21.36991639992148 Time: 0.43506204200093634
Train loss: 1.9748141741716267 Val loss: 19.748153806610986 Time: 0.4076162920027855
Train loss: 1.9990632391924237 Val loss: 19.99064342581111 Time: 0.5061701670019829
Train loss: 2.0269272446827316 Val loss: 20.269281826287322 Time: 0.37404345799950534
Train loss: 2.0734313720640927 Val loss: 20.734364817089112 Time: 0.38421412499883445
Train loss: 1.7904230398575756 Val loss: 17.904265865654594 Time: 0.39147208299982594
Train loss: 1.9181184831270457 Val loss: 19.18121557686195 Time: 0.37594487499882234
Train loss: 1.9327421468631059 Val loss: 19.32744720183779 Time: 0.387078042000212
Train loss: 1.937152675767038 Val loss: 19.371571610750955 Time: 0.38642129199797637
Train loss: 1.87759268637366 Val loss: 18.776028774744866 Time: 0.37827754099998856
Train loss: 1.9272804396894543 Val loss: 19.27283180545645 Time: 0.3764412920027098
Train loss: 1.8081273405480545 Val loss: 18.081323564335097 Time: 0.3757360420022451
Train loss: 1.8492364910733912 Val loss: 18.492451218864705 Time: 0.38551899999947636
Train loss: 1.8248120235175804 Val loss: 18.248292478583895 Time: 0.3787410840013763
Train loss: 1.802977234536712 Val loss: 18.029855356498544 Time: 0.37531795899849385
Shrinking learning rate to 1e-05
Train loss: 1.9532176287270318 Val loss: 19.53227712609486 Time: 0.3779806249985995
Train loss: 1.9102252003551143 Val loss: 19.102392179379585 Time: 0.37451454199981526
Train loss: 1.7299195700092582 Val loss: 17.299360400284147 Time: 0.3764215000010154
Train loss: 1.7515397442670917 Val loss: 17.515565872051333 Time: 0.38869112500105985
Train loss: 1.7489889596696457 Val loss: 17.490051574563303 Time: 0.37535729199953494
Train loss: 1.7482298297135515 Val loss: 17.482433098867396 Time: 0.3759117499976128
Train loss: 1.6526804642064121 Val loss: 16.52694916760312 Time: 0.37557808400015347
Train loss: 1.7052764908522562 Val loss: 17.05292236048587 Time: 0.3891574160006712
Train loss: 1.8026592964055226 Val loss: 18.026761677889983 Time: 0.38790745900041657
Train loss: 1.7508782161847876 Val loss: 17.508941844063663 Time: 0.3756807909994677
Train loss: 1.7869639994455326 Val loss: 17.869788984441918 Time: 0.376532666003186
Train loss: 1.8524674741547642 Val loss: 18.524819242652462 Time: 0.3748109160005697
Train loss: 1.8928857078564931 Val loss: 18.928988056311912 Time: 0.3755854580012965
Train loss: 1.590414948037278 Val loss: 15.904287286494736 Time: 0.37681249999877764
Train loss: 1.751004080808741 Val loss: 17.510170912427704 Time: 0.38703779199931887
Train loss: 1.7378455846841527 Val loss: 17.378601532965824 Time: 0.3745755409981939
Train loss: 1.7402121273645292 Val loss: 17.402259600380823 Time: 0.41243829100130824
Train loss: 1.7732109811309442 Val loss: 17.732248647926436 Time: 0.38295100000323146
Train loss: 1.6805612153589813 Val loss: 16.8057529630006 Time: 0.37590145799913444
Train loss: 1.6332972677914768 Val loss: 16.333114946362212 Time: 0.38604379200114636
Train loss: 1.6623907496300632 Val loss: 16.624042596843008 Time: 0.3872726249974221
Train loss: 1.657691641137717 Val loss: 16.577049448504297 Time: 0.3776287910004612
Train loss: 1.7779422323739027 Val loss: 17.77954035816231 Time: 0.3754934589996992
Shrinking learning rate to 1.0000000000000002e-06
Train loss: 1.736922815311491 Val loss: 17.369356138112202 Time: 0.3757994580009836
Train loss: 1.5658985762564157 Val loss: 15.659128850748735 Time: 0.38422391699714353
Train loss: 1.6737428412853301 Val loss: 16.73756274629977 Time: 0.3788118329975987
Train loss: 1.6702835183281195 Val loss: 16.702970670037224 Time: 0.3767975840019062
Train loss: 1.7012699593606442 Val loss: 17.012833465145793 Time: 0.3761217499995837
Train loss: 1.6575712062065637 Val loss: 16.575850491585392 Time: 0.3761791249999078
Train loss: 1.66576030707543 Val loss: 16.657742408859047 Time: 0.37622962499881396
Train loss: 1.6920409481889713 Val loss: 16.92054795443765 Time: 0.3857490840018727
Train loss: 1.7138469839742783 Val loss: 17.13860630297473 Time: 0.3758299170003738
Train loss: 1.8210375697565269 Val loss: 18.210503855795157 Time: 0.3759714170009829
Train loss: 1.7728233473555353 Val loss: 17.728367569055965 Time: 0.3844883749989094
Shrinking learning rate to 1.0000000000000002e-07
Learning rate getting small
Complete
 Total time: 36.9675091249992