starting log for model: models/lstm_comb_fcast_24_new_22-23.pth
Train loss: 13.114762824671715 Val loss: 1.5198947631905249 Time: 0.43758658302249387
Train loss: 7.793507485282067 Val loss: 0.9257582728931124 Time: 0.2940515829832293
Train loss: 6.517264341803479 Val loss: 0.8035729079505236 Time: 0.3110625830013305
Train loss: 5.97505327739168 Val loss: 0.7786932247426065 Time: 0.30554245796520263
Train loss: 5.523298709722013 Val loss: 0.7750333348163684 Time: 0.30905858299229294
Train loss: 5.127395287971751 Val loss: 0.7050032041716221 Time: 0.30582016601692885
Train loss: 4.56855550282674 Val loss: 0.6803931988106837 Time: 0.29666854202514514
Train loss: 4.441666432112498 Val loss: 0.6399068031032433 Time: 0.30169504100922495
Train loss: 3.874890322610554 Val loss: 0.5914725113558971 Time: 0.28520004102028906
Train loss: 3.767530028147121 Val loss: 0.5637113403094316 Time: 0.28356183297000825
Train loss: 3.441078791633899 Val loss: 0.5113458502856612 Time: 0.2846766249858774
Train loss: 3.1312842900778373 Val loss: 0.4154261936651666 Time: 0.28428787499433383
Train loss: 3.036031234304005 Val loss: 0.40080567085131413 Time: 0.2830908339819871
Train loss: 2.47130495968446 Val loss: 0.28751399593049204 Time: 0.28413662500679493
Train loss: 2.5138657476239707 Val loss: 0.30044790350672546 Time: 0.30243633297504857
Train loss: 2.5343258268518367 Val loss: 0.32165820025098757 Time: 0.28254316694801673
Train loss: 2.4620286702340763 Val loss: 0.2570923993087213 Time: 0.28058591700391844
Train loss: 2.617024853497881 Val loss: 0.27791938566752183 Time: 0.28471333300694823
Train loss: 2.371923493795947 Val loss: 0.38275897045866214 Time: 0.2817719579907134
Train loss: 2.5752082531283094 Val loss: 0.2588853440410051 Time: 0.28201804199488834
Train loss: 2.4158334608791208 Val loss: 0.26170912542299896 Time: 0.2822124999947846
Train loss: 2.286253487156131 Val loss: 0.23016372858068845 Time: 0.2973412499995902
Train loss: 2.1691419955346873 Val loss: 0.24842955113517004 Time: 0.418024750018958
Train loss: 2.149415070234909 Val loss: 0.21998600809220734 Time: 0.2955192920053378
Train loss: 2.1759091088314655 Val loss: 0.22483856064899135 Time: 0.28362654201919213
Train loss: 1.9944852013852739 Val loss: 0.2718778553078529 Time: 0.284072709036991
Train loss: 1.7825831047877898 Val loss: 0.23677959543253346 Time: 0.28317175002302974
Train loss: 1.725073651858267 Val loss: 0.23323833258137086 Time: 0.2845248329686001
Train loss: 1.8105228263468813 Val loss: 0.2437755754056004 Time: 0.3013109170133248
Train loss: 1.7300827348711323 Val loss: 0.18168273762132098 Time: 0.2838730420335196
Train loss: 1.590658780321803 Val loss: 0.3151283418561406 Time: 0.28370370803168043
Train loss: 1.534984224762269 Val loss: 0.16362017087327332 Time: 0.2882226250367239
Train loss: 1.4857713895822826 Val loss: 0.14870675706471087 Time: 0.28558324999175966
Train loss: 1.3176809205859854 Val loss: 0.31329759225398196 Time: 0.31179700000211596
Train loss: 1.4522275922987173 Val loss: 0.27838869521771 Time: 0.287748874980025
Train loss: 1.1827115797538568 Val loss: 0.3868976231388635 Time: 0.30642716703005135
Train loss: 1.1246813075026338 Val loss: 0.40262284527841635 Time: 0.28633441700367257
Train loss: 1.141088222933604 Val loss: 0.46088240707844563 Time: 0.2882207080256194
Train loss: 1.266988607563576 Val loss: 0.37894238610320535 Time: 0.28972804197110236
Train loss: 1.118164241016924 Val loss: 0.38198441175305553 Time: 0.29049933300120756
Train loss: 1.0626816766589267 Val loss: 0.43889021411701684 Time: 0.2904724170221016
Train loss: 0.9412955669341727 Val loss: 0.47686908429072794 Time: 0.2933535419870168
Train loss: 0.9906013181455791 Val loss: 0.4051722750908988 Time: 0.30202887498307973
Train loss: 1.1462286557344115 Val loss: 0.41336008147035413 Time: 0.29216225002892315
Train loss: 1.1043166288193333 Val loss: 0.33745864781744905 Time: 0.3123862500069663
Train loss: 1.0044315634045233 Val loss: 0.5203805772253532 Time: 0.29180970799643546
Train loss: 1.0366743326374745 Val loss: 0.43479072975481664 Time: 0.2923027499928139
Train loss: 1.0038026755005287 Val loss: 0.5014388359073024 Time: 0.29426337499171495
Train loss: 1.0422879719934528 Val loss: 0.39470978407656976 Time: 0.2935171249555424
Train loss: 1.0144655107264344 Val loss: 0.5209017292588102 Time: 0.3057220419868827
Train loss: 1.0088291078332985 Val loss: 0.4195531079845401 Time: 0.2954266669694334
Shrinking learning rate to 5e-05
Train loss: 0.943967272668516 Val loss: 0.43365257972250953 Time: 0.29702312499284744
Train loss: 0.9241411953211411 Val loss: 0.43820836841073346 Time: 0.2932662080274895
Train loss: 0.867385635072651 Val loss: 0.43203201859392437 Time: 0.2937634579720907
Train loss: 0.9390578749388716 Val loss: 0.4330494092288393 Time: 0.29610887495800853
Train loss: 0.799089322223665 Val loss: 0.4356498778001834 Time: 0.29480704199522734
Train loss: 0.8927451200017682 Val loss: 0.44082895480002326 Time: 0.30721491703297943
Train loss: 0.7479630026095663 Val loss: 0.42776183535681644 Time: 0.2955411250004545
Train loss: 0.8178560356938931 Val loss: 0.4390441528934936 Time: 0.2964063750114292
Train loss: 0.9370553150669423 Val loss: 0.4385033558118492 Time: 0.2975586249958724
Train loss: 0.7710027273754871 Val loss: 0.4419032595855079 Time: 0.29772954201325774
Train loss: 0.7724011671723972 Val loss: 0.42848323420718215 Time: 0.2973085420089774
Train loss: 0.7523811775687967 Val loss: 0.43096789098765154 Time: 0.29701016697799787
Train loss: 0.7642189496592948 Val loss: 0.4368321531628373 Time: 0.3106619999743998
Train loss: 0.7796365294837528 Val loss: 0.43356037947534454 Time: 0.2984975419822149
Train loss: 0.6693581250433454 Val loss: 0.43895759274615703 Time: 0.39021166699239984
Train loss: 0.7310919087669845 Val loss: 0.42520360342059343 Time: 0.29820770904188976
Train loss: 0.726906673864022 Val loss: 0.4301365950839416 Time: 0.3356032919837162
Train loss: 0.6504917795551535 Val loss: 0.4268781737762878 Time: 0.3014064999879338
Train loss: 0.6903985342781311 Val loss: 0.4296979289468948 Time: 0.31670262495754287
Train loss: 0.6703560134403226 Val loss: 0.43357960744210366 Time: 0.29968100000405684
Train loss: 0.6413511145351869 Val loss: 0.43465589865064425 Time: 0.30131020804401487
Train loss: 0.7337369750078757 Val loss: 0.4324243808312472 Time: 0.30316483398200944
Train loss: 0.7473763354761616 Val loss: 0.42107838324711977 Time: 0.3028649580082856
Train loss: 0.6635099541243683 Val loss: 0.42630696645256844 Time: 0.30555666697910056
Train loss: 0.7555226237392967 Val loss: 0.4339830071716225 Time: 0.30270737496903166
Train loss: 0.6876697629321029 Val loss: 0.4290612117915246 Time: 0.31373395799892023
Train loss: 0.6665333761601602 Val loss: 0.42486714581108276 Time: 0.30337970901746303
Train loss: 0.7536802684005153 Val loss: 0.43723978045399436 Time: 0.3048957079881802
Train loss: 0.7156649965370434 Val loss: 0.4274698376394892 Time: 0.5271421250072308
Train loss: 0.6017356113069852 Val loss: 0.43245889780358754 Time: 0.35489287500968203
Train loss: 0.6157067414884141 Val loss: 0.42992410099857076 Time: 0.3665487499674782
Train loss: 0.6162708380934987 Val loss: 0.4340066956047041 Time: 0.3221498330240138
Train loss: 0.7394387478991025 Val loss: 0.43992233094590694 Time: 0.3083235420053825
Train loss: 0.7054921596340478 Val loss: 0.4317450713637529 Time: 0.308982125017792
Train loss: 0.72098239316216 Val loss: 0.4217286698858022 Time: 0.3088663329835981
Train loss: 0.6066177966855548 Val loss: 0.42918338388975685 Time: 0.3364797499962151
Train loss: 0.6192965382619882 Val loss: 0.42976205842042137 Time: 0.31543991703074425
Train loss: 0.6002854245123066 Val loss: 0.4377895148076903 Time: 0.32472204201621935
Train loss: 0.6778697922594041 Val loss: 0.4230121730809836 Time: 0.30840512504801154
Train loss: 0.6466113699956182 Val loss: 0.4268682651615694 Time: 0.3098132499726489
Train loss: 0.6597690256421096 Val loss: 0.4290222437860266 Time: 0.3361114169820212
Train loss: 0.6823160024666137 Val loss: 0.43117247070132864 Time: 0.3111783339991234
Train loss: 0.6207184726737742 Val loss: 0.4359166945749746 Time: 0.3238860830315389
Train loss: 0.6519780562004982 Val loss: 0.4257267582236228 Time: 0.3310454160091467
Train loss: 0.5594377095095169 Val loss: 0.4288636525810652 Time: 0.31132837501354516
Train loss: 0.5284865693274838 Val loss: 0.430645841114205 Time: 0.3116307499585673
Train loss: 0.5883801321403617 Val loss: 0.43150474558964147 Time: 0.31153775000711903
Train loss: 0.5678775466227359 Val loss: 0.4316809988068852 Time: 0.3112829169840552
Train loss: 0.6905387673864283 Val loss: 0.42650421070313443 Time: 0.30957704200409353
Train loss: 0.6195354196013279 Val loss: 0.43065716447256147 Time: 0.3133233330445364
Train loss: 0.6733029817928833 Val loss: 0.4339370802448668 Time: 0.32681475003482774
Train loss: 0.6616745147661476 Val loss: 0.42890161679177785 Time: 0.3123956669587642
Train loss: 0.5841582778058703 Val loss: 0.43399941622297994 Time: 0.31422429200029
Train loss: 0.5303814800047704 Val loss: 0.4321494536031716 Time: 0.3117325420025736
Train loss: 0.5949034079873039 Val loss: 0.4284117230225322 Time: 0.31171600002562627
Shrinking learning rate to 5e-06
Train loss: 0.6089734499286275 Val loss: 0.43075869404754175 Time: 0.31699312501586974
Train loss: 0.5854357370915615 Val loss: 0.42902674495268694 Time: 0.3265333329909481
Train loss: 0.6583831191382075 Val loss: 0.4299173935153867 Time: 0.3127577080158517
Train loss: 0.5989130149104307 Val loss: 0.4290912099150492 Time: 0.316974957997445
Train loss: 0.5848177861200767 Val loss: 0.4280777346116903 Time: 0.31401695898966864
Train loss: 0.5468307979491502 Val loss: 0.4285570141249541 Time: 0.3165494999848306
Train loss: 0.5952331670473154 Val loss: 0.43019915792946783 Time: 0.3136568329646252
Train loss: 0.568610065238035 Val loss: 0.42951647861920633 Time: 0.31504524999763817
Train loss: 0.5620408688398433 Val loss: 0.42929854024239644 Time: 0.32630804204382
Train loss: 0.5430703822398835 Val loss: 0.42832778975292574 Time: 0.3153724999865517
Shrinking learning rate to 5.000000000000001e-07
Learning rate getting small
Complete
 Total time: 35.923786207975354