starting log for model: models/lstm_comb_fcast_23_new_23-24.pth
Train loss: 16.548574262456214 Val loss: 1.8390255706379122 Time: 0.3518757920101052
Train loss: 13.955963877514364 Val loss: 1.5774646364844613 Time: 0.3266463750042021
Train loss: 10.376557793023768 Val loss: 1.2073720823837653 Time: 0.3152542089956114
Train loss: 7.927772156886544 Val loss: 0.9522356276898365 Time: 0.31245629099430516
Train loss: 7.307791707043872 Val loss: 0.8756670350050756 Time: 0.3124700829939684
Train loss: 6.886234068857519 Val loss: 0.8250597203083165 Time: 0.31195545800437685
Train loss: 6.5833261112911465 Val loss: 0.7918733869030603 Time: 0.3281781669938937
Train loss: 6.317261120318619 Val loss: 0.7533934415585988 Time: 0.3117084160039667
Train loss: 6.432169270517161 Val loss: 0.7599815423303241 Time: 0.3136159999994561
Train loss: 6.027617916615014 Val loss: 0.7170929729984014 Time: 0.3118480830016779
Train loss: 6.087166797974334 Val loss: 0.719024713046345 Time: 0.31676966699888
Train loss: 6.037407916760872 Val loss: 0.7123045149485738 Time: 0.3161125409969827
Train loss: 5.780692579712822 Val loss: 0.6890739182958242 Time: 0.3516624579933705
Train loss: 5.495062871502796 Val loss: 0.6623602021120562 Time: 0.32396650000009686
Train loss: 5.547143596576063 Val loss: 0.6687483664659652 Time: 0.31816004200663883
Train loss: 5.385606118347383 Val loss: 0.6452562026700228 Time: 0.33229858400591183
Train loss: 5.1928689140172235 Val loss: 0.6276491573036788 Time: 0.3358561670029303
Train loss: 5.074174090266273 Val loss: 0.6171541283049434 Time: 0.347146915999474
Train loss: 5.013355027928 Val loss: 0.604240887518812 Time: 0.34686087499721907
Train loss: 4.715920298046548 Val loss: 0.5725562457035047 Time: 0.6340708339994308
Train loss: 4.779473813267771 Val loss: 0.5742445063691093 Time: 0.3687447499978589
Train loss: 4.599353770369444 Val loss: 0.5554537982648188 Time: 0.3467697500018403
Train loss: 4.5250491242369435 Val loss: 0.5427654227421839 Time: 0.32369633299822453
Train loss: 4.403604420005679 Val loss: 0.5512749129811111 Time: 0.3543360410112655
Train loss: 4.4123654290290055 Val loss: 0.538468819437086 Time: 0.32009787499555387
Train loss: 4.353688848307562 Val loss: 0.5240800116832971 Time: 0.31371512499754317
Train loss: 4.239761537303313 Val loss: 0.5129287700442539 Time: 0.32786437500908505
Train loss: 3.953286933756658 Val loss: 0.5037278140938158 Time: 0.32761545799439773
Train loss: 4.024348137127962 Val loss: 0.49532738464482184 Time: 0.3579294580122223
Train loss: 3.728119712532381 Val loss: 0.48211739006440557 Time: 0.3580359170009615
Train loss: 3.70804325872761 Val loss: 0.45428556071841497 Time: 0.3315090409887489
Train loss: 3.6020516343863367 Val loss: 0.44762264673886637 Time: 0.321532208006829
Train loss: 3.4801895566862235 Val loss: 0.4233301888102511 Time: 0.31574025000736583
Train loss: 3.326919377436532 Val loss: 0.4166005559012454 Time: 0.3166655419918243
Train loss: 3.1747066287464634 Val loss: 0.4042427831589117 Time: 0.3152183329948457
Train loss: 3.1059559799946808 Val loss: 0.3847920439975184 Time: 0.3184209169994574
Train loss: 3.1029520111799034 Val loss: 0.38410331540505555 Time: 0.33243458400829695
Train loss: 2.915363782060041 Val loss: 0.3632060023869995 Time: 0.30995779200748075
Train loss: 2.9599874972499833 Val loss: 0.3724565691745736 Time: 0.3126812919945223
Train loss: 2.692183520053092 Val loss: 0.3467417538194256 Time: 0.31415049999486655
Train loss: 2.877349120623304 Val loss: 0.35098869572333036 Time: 0.31523591600125656
Train loss: 2.77069037715394 Val loss: 0.33938622564868404 Time: 0.34668487499584444
Train loss: 2.557857498500397 Val loss: 0.32183489528679904 Time: 0.3327034159883624
Train loss: 2.5988796622125414 Val loss: 0.3255317231352614 Time: 0.3243921660032356
Train loss: 2.584372338056596 Val loss: 0.3208026092721443 Time: 0.31104933300230186
Train loss: 2.4995414607072632 Val loss: 0.3117872348378586 Time: 0.3281269169965526
Train loss: 2.488443420506311 Val loss: 0.2909424651049658 Time: 0.31327683400013484
Train loss: 2.3533935790108975 Val loss: 0.2932609463771369 Time: 0.31411975000810344
Train loss: 2.603462173680178 Val loss: 0.2970671926859791 Time: 0.3172207919997163
Train loss: 2.3772519589302266 Val loss: 0.2747538942064503 Time: 0.3242818329890724
Train loss: 2.3783722590400203 Val loss: 0.2672013758166583 Time: 0.31610125000588596
Train loss: 2.225864683427588 Val loss: 0.25258941953321407 Time: 0.31064295799296815
Train loss: 2.3094411424201695 Val loss: 0.25843615698944455 Time: 0.31352087498817127
Train loss: 2.2717606001212003 Val loss: 0.2656277094642716 Time: 0.31176716698973905
Train loss: 2.1615400060115917 Val loss: 0.2452840605955202 Time: 0.31271608399401885
Train loss: 1.9649080329947086 Val loss: 0.23372945315024604 Time: 0.33179195900447667
Train loss: 2.149682289817008 Val loss: 0.2389454851392788 Time: 0.31521045800764114
Train loss: 2.1948009781274074 Val loss: 0.24793180653682162 Time: 0.3135281660070177
Train loss: 1.9547987095059511 Val loss: 0.2306919200135083 Time: 0.31413908299873583
Train loss: 2.0632307456539607 Val loss: 0.2211486905933088 Time: 0.3157149170001503
Train loss: 2.0443917818628137 Val loss: 0.22465522914265768 Time: 0.3179544580052607
Train loss: 2.050994954228713 Val loss: 0.21687092158678722 Time: 0.32102604099782184
Train loss: 1.9243890607443745 Val loss: 0.20307772732675064 Time: 0.32722750000539236
Train loss: 1.9062152902862124 Val loss: 0.21314106998144025 Time: 0.31869908299995586
Train loss: 1.764765232930987 Val loss: 0.20408040704495067 Time: 0.3189132909901673
Train loss: 1.851439919647877 Val loss: 0.20566398407132724 Time: 0.31556612500571646
Train loss: 1.8515418699858515 Val loss: 0.21377908724764744 Time: 0.31878520900500007
Train loss: 1.757246109298931 Val loss: 0.20167851295106207 Time: 0.3169150829926366
Train loss: 1.764213218524267 Val loss: 0.1879437930324918 Time: 0.341829583994695
Train loss: 1.918981934087233 Val loss: 0.20929029586561215 Time: 0.3223897090065293
Train loss: 1.7482121981979333 Val loss: 0.18397848285479418 Time: 0.32319716601341497
Train loss: 1.770606384766847 Val loss: 0.19943940061096235 Time: 0.32289399999717716
Train loss: 1.8389910691716764 Val loss: 0.19325959124588138 Time: 0.322849333009799
Train loss: 1.6778100540642598 Val loss: 0.19920315568693972 Time: 0.3206423329975223
Train loss: 1.7006598193235538 Val loss: 0.18630072550618954 Time: 0.33692945800430607
Train loss: 1.6898384684691337 Val loss: 0.19073143853192118 Time: 0.3240744169888785
Train loss: 1.6704759933134774 Val loss: 0.19183151473770876 Time: 0.33472595900821034
Train loss: 1.543150436393443 Val loss: 0.16529260975508236 Time: 0.3279991669987794
Train loss: 1.434678908236285 Val loss: 0.16057387888226649 Time: 0.33242754099774174
Train loss: 1.6156301396784727 Val loss: 0.17540984636257997 Time: 0.40959912500693463
Train loss: 1.7257135532437504 Val loss: 0.19181527541052562 Time: 0.38747012500243727
Train loss: 1.6586695659615316 Val loss: 0.18039494953101093 Time: 0.350439332993119
Train loss: 1.5533054674807272 Val loss: 0.1669267331894854 Time: 0.32780758300214075
Train loss: 1.6585081390687009 Val loss: 0.1966742229920644 Time: 0.32851804100209847
Train loss: 1.5652000281369354 Val loss: 0.17185653398411033 Time: 0.33259620900207665
Train loss: 1.3905046905648533 Val loss: 0.15647692016049386 Time: 0.3600670000014361
Train loss: 1.5543514498282107 Val loss: 0.1641075509449265 Time: 0.34671491700282786
Train loss: 1.456818802457569 Val loss: 0.16237672177388252 Time: 0.355759666999802
Train loss: 1.3688373654972708 Val loss: 0.14553323926376793 Time: 0.32928037499368656
Train loss: 1.4598438684818689 Val loss: 0.169849688451944 Time: 0.3317867500009015
Train loss: 1.4255157585073417 Val loss: 0.15350092453596223 Time: 0.3311426250002114
Train loss: 1.427672868018874 Val loss: 0.1616523779454635 Time: 0.329418417008128
Train loss: 1.4790138109946724 Val loss: 0.16300794789393325 Time: 0.3463871249987278
Train loss: 1.437648168501795 Val loss: 0.1586795698229603 Time: 0.3325339169969084
Train loss: 1.4497232911026998 Val loss: 0.15526551598808994 Time: 0.32768808299442753
Train loss: 1.3181963071272662 Val loss: 0.15684659416415397 Time: 0.3328781250020256
Train loss: 1.5141368556849564 Val loss: 0.15523735824529125 Time: 0.3308532500086585
Train loss: 1.3478914643109476 Val loss: 0.1651974440867163 Time: 0.34702870801265817
Train loss: 1.4578723501948456 Val loss: 0.1540807282426188 Time: 0.38773324999783654
Train loss: 1.329453422281789 Val loss: 0.14984691247515333 Time: 0.3383067079994362
Train loss: 1.3082865568796436 Val loss: 0.14201262426977948 Time: 0.3345151249959599
Train loss: 1.3536387084593606 Val loss: 0.14806042765779603 Time: 0.4185420830035582
Train loss: 1.4145778501763715 Val loss: 0.1613987087048746 Time: 0.3521292500081472
Train loss: 1.3219016950140068 Val loss: 0.16179212744829347 Time: 0.34759337500145193
Train loss: 1.3986578276643513 Val loss: 0.15963136684817444 Time: 0.362258417007979
Train loss: 1.4716156201492865 Val loss: 0.15575545909670732 Time: 0.36412850000488106
Train loss: 1.292484325217718 Val loss: 0.14692131955841564 Time: 0.3544661659980193
Train loss: 1.2451090002607899 Val loss: 0.14740009652930358 Time: 0.38998116699804086
Train loss: 1.2300725420175667 Val loss: 0.13316115771597078 Time: 0.3802301669929875
Train loss: 1.3512921122162425 Val loss: 0.15821999795973904 Time: 0.5203508330014301
Train loss: 1.309646144499041 Val loss: 0.1795281592563504 Time: 0.6590253750036936
Train loss: 1.193907097802102 Val loss: 0.13922569702427506 Time: 0.34541416699357796
Train loss: 1.3116308696266543 Val loss: 0.15943025159362442 Time: 0.34316054100054316
Train loss: 1.2458290684688715 Val loss: 0.13069404704112775 Time: 0.33906641700014006
Train loss: 1.2905036760098625 Val loss: 0.14298011179268805 Time: 0.36492970799736213
Train loss: 1.1598806892835967 Val loss: 0.1389402304041674 Time: 0.3419344579888275
Train loss: 1.315328140035211 Val loss: 0.17258174448373567 Time: 0.34214995900401846
Train loss: 1.2959433247012964 Val loss: 0.16921903784614203 Time: 0.3411955419869628
Train loss: 1.135372045331323 Val loss: 0.11478840285404925 Time: 0.5120055409934139
Train loss: 1.2309268642671611 Val loss: 0.1728672580290428 Time: 0.3842321669944795
Train loss: 1.1034620453990556 Val loss: 0.15793515009406336 Time: 0.4292638750048354
Train loss: 1.1734448543730398 Val loss: 0.12165623354009203 Time: 0.4038738750095945
Train loss: 1.0872452004812132 Val loss: 0.16002729982063377 Time: 0.35810204200970475
Train loss: 1.1691852954181288 Val loss: 0.16203599113106712 Time: 0.4536722920020111
Train loss: 1.155959664142987 Val loss: 0.12477602829021041 Time: 0.34879058301157784
Train loss: 1.1558197193406698 Val loss: 0.16198996179770367 Time: 0.3744755410007201
Train loss: 1.1272821464242213 Val loss: 0.15232454966298822 Time: 0.3722969169903081
Train loss: 1.1746355072459984 Val loss: 0.1570104365755365 Time: 0.360138249990996
Train loss: 0.9987142743389832 Val loss: 0.14953687428455892 Time: 0.4058178749983199
Train loss: 1.0649945183806668 Val loss: 0.14627546775296568 Time: 0.37350833299569786
Train loss: 1.166986091034687 Val loss: 0.15768953943191594 Time: 0.3834775410068687
Train loss: 1.0027736254041102 Val loss: 0.14664568791613505 Time: 0.363558875003946
Train loss: 1.1339836225733109 Val loss: 0.15865621548997055 Time: 0.4827377500041621
Train loss: 1.0850066301307493 Val loss: 0.14862002675221736 Time: 0.3647356250003213
Train loss: 1.06531368054576 Val loss: 0.1476243637848194 Time: 0.45463154099707026
Train loss: 1.0428244203382135 Val loss: 0.1496219005879276 Time: 0.6604038750083419
Train loss: 1.066045932582963 Val loss: 0.15341625669680273 Time: 0.4093042919994332
Train loss: 1.0939277690817306 Val loss: 0.15392608605800237 Time: 0.40320975000213366
Shrinking learning rate to 1e-05
Train loss: 1.5249534216850407 Val loss: 0.18306116870981862 Time: 0.3759506250062259
Train loss: 1.1950672907425854 Val loss: 0.15638963422452098 Time: 0.372931707999669
Train loss: 1.2180475907507429 Val loss: 0.15821541964465408 Time: 0.3807283750065835
Train loss: 1.0707555868542755 Val loss: 0.1476312804964652 Time: 0.3653267909976421
Train loss: 1.0911486912327013 Val loss: 0.1496032945609671 Time: 0.3691539580031531
Train loss: 1.0318717897674787 Val loss: 0.14440029371030286 Time: 0.3763327909982763
Train loss: 1.0616969239988236 Val loss: 0.14690008000187552 Time: 0.36936749999586027
Train loss: 1.0493634523858422 Val loss: 0.14607812346341356 Time: 0.3935999579989584
Train loss: 1.0398516557518178 Val loss: 0.14508642512661163 Time: 0.3637948329997016
Train loss: 0.9779281622132636 Val loss: 0.14162238222387863 Time: 0.37498820800101385
Train loss: 1.019819266924026 Val loss: 0.145061392761873 Time: 0.3587375830102246
Train loss: 1.0337601369956246 Val loss: 0.14597282791564148 Time: 0.37221624999074265
Train loss: 1.0333914429349988 Val loss: 0.1457974705808597 Time: 0.3938644169975305
Train loss: 1.0810987084106722 Val loss: 0.14899373100384578 Time: 0.40964874999190215
Train loss: 1.0035047703040618 Val loss: 0.14344476366077055 Time: 0.3864329159987392
Train loss: 1.0464036255575095 Val loss: 0.14652446754035142 Time: 0.3690559170063352
Train loss: 1.0264218870475172 Val loss: 0.1444014200210795 Time: 0.3697771670122165
Train loss: 1.106955940655837 Val loss: 0.1500293776516272 Time: 0.3613065829995321
Train loss: 1.147756483636897 Val loss: 0.1531996894750254 Time: 0.38692141699721105
Shrinking learning rate to 1.0000000000000002e-06
Train loss: 1.1116107716762116 Val loss: 0.15094084071816052 Time: 0.3624935420084512
Train loss: 1.0190459730622727 Val loss: 0.14408864839182864 Time: 0.3820964579936117
Train loss: 1.0584226081542205 Val loss: 0.14683861875985746 Time: 0.358445624995511
Train loss: 1.0959849715758736 Val loss: 0.14958300756323803 Time: 0.35798237500421237
Train loss: 1.0795794205754063 Val loss: 0.14844276316890884 Time: 0.3560987090022536
Train loss: 0.9692733801661868 Val loss: 0.140553329728894 Time: 0.3697874580102507
Train loss: 1.058567456861974 Val loss: 0.14682008386133222 Time: 0.35752570899785496
Train loss: 1.0111760372489016 Val loss: 0.14345300387533536 Time: 0.3524552080052672
Train loss: 1.0664839797842802 Val loss: 0.14743227980661452 Time: 0.3588310420018388
Train loss: 1.0497072609383622 Val loss: 0.14611555100640083 Time: 0.3538445000012871
Train loss: 1.0076325304008833 Val loss: 0.14307951111222705 Time: 0.36505125000257976
Train loss: 1.0938905713126132 Val loss: 0.14918694472984736 Time: 0.3608289580006385
Train loss: 1.1009945721174432 Val loss: 0.1497005786587663 Time: 0.36218966700835153
Train loss: 0.9241353263994005 Val loss: 0.13723380344979225 Time: 0.35543437500018626
Train loss: 1.1523308825678598 Val loss: 0.1535710440357145 Time: 0.35869941700366326
Train loss: 1.0954806460097828 Val loss: 0.14928263700499705 Time: 0.370007916004397
Train loss: 1.063095556805241 Val loss: 0.1469672851073615 Time: 0.36994458400295116
Train loss: 1.0333384433319193 Val loss: 0.1449247201647072 Time: 0.3600601250072941
Train loss: 1.0500610270280077 Val loss: 0.14610436098971155 Time: 0.36710466699150857
Train loss: 1.068100724203422 Val loss: 0.14736476123891645 Time: 0.36216837499523535
Train loss: 0.9954805815336982 Val loss: 0.14220330014525473 Time: 0.36723162500129547
Train loss: 1.0435154699420401 Val loss: 0.1455825744996845 Time: 0.4172154580010101
Train loss: 1.1051711481633788 Val loss: 0.15002374182879075 Time: 0.37819658301305026
Shrinking learning rate to 1.0000000000000002e-07
Learning rate getting small
Complete
 Total time: 64.18392991600558