starting log for model: models/lstm_lin1_alpha_0.0_22-23.pth
Train loss: 18.214102080555335 Val loss: 0.8602916598320007 Time: 0.37862441600009333
Train loss: 18.214102080555335 Val loss: 0.8602916598320007 Time: 0.3770058340014657
Train loss: 18.214102080555335 Val loss: 0.8602916598320007 Time: 0.37716983299833373
Train loss: 18.214102080555335 Val loss: 0.8602916598320007 Time: 0.37567029099955107
Train loss: 18.214102080555335 Val loss: 0.8602916598320007 Time: 0.3795252919990162
Train loss: 18.214102080555335 Val loss: 0.8602916598320007 Time: 0.3878528329987603
Train loss: 18.214102080555335 Val loss: 0.8602916598320007 Time: 0.3760488339976291
Train loss: 18.214102080555335 Val loss: 0.8602916598320007 Time: 0.37728170799891814
Train loss: 18.214102080555335 Val loss: 0.8602916598320007 Time: 0.3757487910006603
Train loss: 18.214102080555335 Val loss: 0.8602916598320007 Time: 0.3759941659991455
Shrinking learning rate to 1e-05
Train loss: 18.214102080555335 Val loss: 0.8602916598320007 Time: 0.3867895419971319
Train loss: 18.214102080555335 Val loss: 0.8602916598320007 Time: 0.3761482919981063
Train loss: 18.214102080555335 Val loss: 0.8602916598320007 Time: 0.37808962499912013
Train loss: 18.214102080555335 Val loss: 0.8602916598320007 Time: 0.37491008399956627
Train loss: 18.214102080555335 Val loss: 0.8602916598320007 Time: 0.3753694170009112
Train loss: 18.214102080555335 Val loss: 0.8602916598320007 Time: 0.38667133299895795
Train loss: 18.214102080555335 Val loss: 0.8602916598320007 Time: 0.3762700830011454
Train loss: 18.214051105691055 Val loss: 0.8602916598320007 Time: 0.375260958000581
Train loss: 18.214102080555335 Val loss: 0.8602916598320007 Time: 0.3765362499980256
Train loss: 18.214102080555335 Val loss: 0.8602916598320007 Time: 0.3751372500009893
Train loss: 18.21402944647491 Val loss: 0.8602916598320007 Time: 0.3769080420024693
Train loss: 18.214102080555335 Val loss: 0.8602916598320007 Time: 0.38721787499889615
Train loss: 18.214156028680577 Val loss: 0.8602916598320007 Time: 0.37713350000194623
Train loss: 18.21192570295682 Val loss: 0.8602916598320007 Time: 0.3762908749995404
Train loss: 18.213695659739074 Val loss: 0.8602916598320007 Time: 0.3759609580010874
Train loss: 18.20638689901301 Val loss: 0.8602916598320007 Time: 0.376362415998301
Train loss: 17.78906505411262 Val loss: 0.8397624492645264 Time: 0.3866800840005453
Train loss: 15.899811940849961 Val loss: 0.8149258494377136 Time: 0.3761791670003731
Train loss: 14.79134630527706 Val loss: 0.8015429973602295 Time: 0.3756737500007148
Train loss: 14.572988841338201 Val loss: 0.7934345602989197 Time: 0.3748288329989009
Train loss: 14.393190908679898 Val loss: 0.7874726057052612 Time: 0.3757242909996421
Train loss: 14.212859523020743 Val loss: 0.7827187776565552 Time: 0.37434550000034506
Train loss: 14.344641037420981 Val loss: 0.7796812057495117 Time: 0.3887100419997296
Train loss: 14.276252904134964 Val loss: 0.7769867181777954 Time: 0.37589549999756855
Train loss: 14.160579929126037 Val loss: 0.7750058770179749 Time: 0.37632754200240015
Train loss: 14.12330409848198 Val loss: 0.7736088037490845 Time: 0.376282084002014
Train loss: 14.169254931500745 Val loss: 0.7725071310997009 Time: 0.3763322500017239
Train loss: 14.150524443477138 Val loss: 0.7716236114501953 Time: 0.3881099999998696
Train loss: 14.144953274638056 Val loss: 0.7710307836532593 Time: 0.37745587499739486
Train loss: 14.059920516143848 Val loss: 0.7703837156295776 Time: 0.37602829199749976
Train loss: 14.22459181084336 Val loss: 0.770309567451477 Time: 0.3757092500018189
Train loss: 14.096131332639061 Val loss: 0.7696369886398315 Time: 0.3775384580003447
Train loss: 13.990439893938401 Val loss: 0.7689157128334045 Time: 0.37622504200044204
Train loss: 14.067765319279715 Val loss: 0.7686494588851929 Time: 0.38798241699987557
Train loss: 14.169256792139294 Val loss: 0.7685425281524658 Time: 0.3775715420015331
Train loss: 14.094350070499523 Val loss: 0.7683775424957275 Time: 0.3769982909980172
Train loss: 13.99431191845224 Val loss: 0.7679363489151001 Time: 0.37592674999905284
Train loss: 14.02139929876762 Val loss: 0.7676193714141846 Time: 0.37643041699993773
Train loss: 13.940831545018057 Val loss: 0.7673617601394653 Time: 0.38893649999954505
Train loss: 14.081848730096112 Val loss: 0.7670302391052246 Time: 0.3761255409990554
Train loss: 14.079376831360605 Val loss: 0.7668922543525696 Time: 0.37508591699952376
Train loss: 14.051350321589553 Val loss: 0.7664819955825806 Time: 0.3764625000003434
Train loss: 13.986881094923092 Val loss: 0.7664544582366943 Time: 0.3761479999993753
Train loss: 14.103607028941266 Val loss: 0.7660613656044006 Time: 0.3878240839985665
Train loss: 14.159395527868014 Val loss: 0.7659392356872559 Time: 0.37719516699871747
Train loss: 13.967532144450798 Val loss: 0.7656239867210388 Time: 0.3756671249975625
Train loss: 13.931843799244348 Val loss: 0.7653051018714905 Time: 0.37677104199974565
Train loss: 14.051732426894432 Val loss: 0.7651110887527466 Time: 0.3763946250001027
Train loss: 13.894531003951215 Val loss: 0.7644555568695068 Time: 0.3756313340018096
Train loss: 14.089834086211852 Val loss: 0.7644146680831909 Time: 0.38768558299852884
Train loss: 13.879230265319862 Val loss: 0.7636850476264954 Time: 0.3760668340000848
Train loss: 13.960216418718517 Val loss: 0.7631174921989441 Time: 0.37564279199796147
Train loss: 13.710017273779108 Val loss: 0.7623137831687927 Time: 0.37628387499717064
Train loss: 13.998172098392388 Val loss: 0.7621026039123535 Time: 0.37642041700019035
Train loss: 13.768592218903223 Val loss: 0.7616238594055176 Time: 0.39180191599734826
Train loss: 13.716888433818617 Val loss: 0.760854959487915 Time: 0.37744041599944467
Train loss: 13.786220128487443 Val loss: 0.7602211236953735 Time: 0.37564520800151513
Train loss: 13.894093680695903 Val loss: 0.7596179842948914 Time: 0.3781499579999945
Train loss: 13.851217046743272 Val loss: 0.7589964866638184 Time: 0.37680387500222423
Train loss: 13.961637772568793 Val loss: 0.7587730884552002 Time: 0.3763180830028432
Train loss: 13.752309241859109 Val loss: 0.7580123543739319 Time: 0.3878547919994162
Train loss: 13.695555333658886 Val loss: 0.7575886845588684 Time: 0.37614154100083397
Train loss: 13.555807365113223 Val loss: 0.7563921213150024 Time: 0.375977415998932
Train loss: 13.540464682591073 Val loss: 0.7553956508636475 Time: 0.37675095799932024
Train loss: 13.66029307527458 Val loss: 0.7547162771224976 Time: 0.3762658339983318
Train loss: 13.454836423873232 Val loss: 0.7534091472625732 Time: 0.3877953749979497
Train loss: 13.445896644689256 Val loss: 0.7521626353263855 Time: 0.3771410829976958
Train loss: 13.335658989288618 Val loss: 0.7506881952285767 Time: 0.3765937499993015
Train loss: 13.389526251888121 Val loss: 0.7496094703674316 Time: 0.37751283300167415
Train loss: 13.477298104310888 Val loss: 0.7482227683067322 Time: 0.37493308299963246
Train loss: 13.281669917502768 Val loss: 0.7463298439979553 Time: 0.38651774999743793
Train loss: 13.3237264710109 Val loss: 0.7445641160011292 Time: 0.3773648749993299
Train loss: 13.294973602686454 Val loss: 0.7424712181091309 Time: 0.37567837500319
Train loss: 13.04916377222078 Val loss: 0.7399587035179138 Time: 0.3777087920025224
Train loss: 13.014093376530695 Val loss: 0.7380226254463196 Time: 0.37549241700253333
Train loss: 12.88238760274514 Val loss: 0.7356544733047485 Time: 0.37522537499899045
Train loss: 12.807855717050522 Val loss: 0.7328321933746338 Time: 0.38911504200223135
Train loss: 12.659081313948718 Val loss: 0.7303253412246704 Time: 0.37614270799895166
Train loss: 12.499192033449518 Val loss: 0.7271087169647217 Time: 0.3766784170002211
Train loss: 12.421849006908275 Val loss: 0.723797082901001 Time: 0.3761455419989943
Train loss: 12.483261178118546 Val loss: 0.7208961844444275 Time: 0.3764210830013326
Train loss: 12.11702677281798 Val loss: 0.7172600626945496 Time: 0.388202583999373
Train loss: 12.07253525484441 Val loss: 0.7137770652770996 Time: 0.3770416250008566
Train loss: 11.840039114439833 Val loss: 0.7096918821334839 Time: 0.3774357920010516
Train loss: 11.728572268608827 Val loss: 0.705744743347168 Time: 0.37678820899964194
Train loss: 11.603722733417726 Val loss: 0.7010498046875 Time: 0.374669291999453
Train loss: 11.288596544964776 Val loss: 0.697702169418335 Time: 0.40295024999795714
Train loss: 11.455438135722915 Val loss: 0.6920560598373413 Time: 0.385793499997817
Train loss: 10.956353031245214 Val loss: 0.6859968900680542 Time: 0.3746829589981644
Train loss: 10.71462754424897 Val loss: 0.679658055305481 Time: 0.3767160419993161
Train loss: 10.535345033516382 Val loss: 0.6730168461799622 Time: 0.37724591699952725
Train loss: 10.273706948109435 Val loss: 0.6665415167808533 Time: 0.3768038329981209
Train loss: 10.308377388244786 Val loss: 0.6590203046798706 Time: 0.38837600000260863
Train loss: 9.975985743617713 Val loss: 0.6514434218406677 Time: 0.3764679590021842
Train loss: 9.611278515473828 Val loss: 0.6426137685775757 Time: 0.3758458750016871
Train loss: 9.36697790037465 Val loss: 0.6328262686729431 Time: 0.37558016599723487
Train loss: 9.325044105867335 Val loss: 0.6229950189590454 Time: 0.37530029200206627
Train loss: 9.086756626313898 Val loss: 0.6138931512832642 Time: 0.3872717090016522
Train loss: 8.99469021110056 Val loss: 0.6046465039253235 Time: 0.3761222089997318
Train loss: 8.4309150612292 Val loss: 0.5960127115249634 Time: 0.3771459589988808
Train loss: 8.691346346765684 Val loss: 0.5874760746955872 Time: 0.37556066700199153
Train loss: 8.496050389603889 Val loss: 0.578689455986023 Time: 0.3748230839992175
Train loss: 8.062835792614017 Val loss: 0.5701707601547241 Time: 0.375980917000561
Train loss: 7.975889814788019 Val loss: 0.5611678957939148 Time: 0.3863160839973716
Train loss: 7.717195332175464 Val loss: 0.5526516437530518 Time: 0.3760164170016651
Train loss: 7.754580236989646 Val loss: 0.5444011688232422 Time: 0.3775609580006858
Train loss: 7.524753502940861 Val loss: 0.5364586114883423 Time: 0.3762801250013581
Train loss: 7.615015168865336 Val loss: 0.5285320281982422 Time: 0.3769045829976676
Train loss: 7.322948238222374 Val loss: 0.5214859247207642 Time: 0.38752999999996973
Train loss: 7.230094239055733 Val loss: 0.5155415534973145 Time: 0.3780702919975738
Train loss: 6.9068508054646855 Val loss: 0.5062216520309448 Time: 0.378819541001576
Train loss: 7.181462835790908 Val loss: 0.5006473064422607 Time: 0.37587149999671965
Train loss: 6.904936022128741 Val loss: 0.49416211247444153 Time: 0.3762763749982696
Train loss: 7.053774287707251 Val loss: 0.48788437247276306 Time: 0.37622558300063247
Train loss: 7.033464825483701 Val loss: 0.48418569564819336 Time: 0.3872936669977207
Train loss: 6.765480351075439 Val loss: 0.4791320860385895 Time: 0.3763967089980724
Train loss: 6.730361860946945 Val loss: 0.47411486506462097 Time: 0.3760657090024324
Train loss: 6.8454331425544 Val loss: 0.47056376934051514 Time: 0.3769563330024539
Train loss: 6.56105144948929 Val loss: 0.4642600119113922 Time: 0.3771176660011406
Train loss: 6.731686378152772 Val loss: 0.46054789423942566 Time: 0.386641208002402
Train loss: 6.453075852702852 Val loss: 0.4578167200088501 Time: 0.37602620799953
Train loss: 7.031876772044827 Val loss: 0.4526734948158264 Time: 0.3757483749977837
Train loss: 6.665598767125935 Val loss: 0.4484090507030487 Time: 0.3753820000019914
Train loss: 6.48937029933871 Val loss: 0.4461020231246948 Time: 0.3756175419985084
Train loss: 6.324557019261292 Val loss: 0.4414932131767273 Time: 0.3863615000009304
Train loss: 6.226294462040201 Val loss: 0.4378439486026764 Time: 0.37659687499763095
Train loss: 6.449106626547334 Val loss: 0.43619686365127563 Time: 0.3764301249975688
Train loss: 6.4124499439191185 Val loss: 0.4334733784198761 Time: 0.3762561250005092
Train loss: 6.398171285022386 Val loss: 0.4307897686958313 Time: 0.37692183399849455
Train loss: 6.531263506539268 Val loss: 0.42941784858703613 Time: 0.3764825420003035
Train loss: 6.2751455537693035 Val loss: 0.4262818992137909 Time: 0.38698708299853024
Train loss: 6.395120341342846 Val loss: 0.42359352111816406 Time: 0.37755129099969054
Train loss: 6.538669617098517 Val loss: 0.4209355115890503 Time: 0.3760731670008681
Train loss: 6.106806890815339 Val loss: 0.4179520905017853 Time: 0.3776325420003559
Train loss: 6.3064842828946155 Val loss: 0.4182898998260498 Time: 0.37665458300034516
Train loss: 6.634921275319502 Val loss: 0.41782620549201965 Time: 0.38636387499718694
Train loss: 6.6554527944503095 Val loss: 0.41615453362464905 Time: 0.3787024579978606
Train loss: 6.300852104055977 Val loss: 0.4141311049461365 Time: 0.3761919589996978
Train loss: 6.0172654980639075 Val loss: 0.41171902418136597 Time: 0.37628145900089294
Train loss: 6.134662636600879 Val loss: 0.4079177677631378 Time: 0.37580220800009556
Train loss: 6.709782911192207 Val loss: 0.4069359302520752 Time: 0.37514029199883225
Train loss: 6.087286726424129 Val loss: 0.40516963601112366 Time: 0.38790687499931664
Train loss: 6.175485635003923 Val loss: 0.403670996427536 Time: 0.3761140829992655
Train loss: 6.341703864657399 Val loss: 0.4007023572921753 Time: 0.38015383400124847
Train loss: 6.181398880437877 Val loss: 0.40221917629241943 Time: 0.37592050000239396
Train loss: 6.269687825737328 Val loss: 0.3975531756877899 Time: 0.3755584999998973
Train loss: 6.381142610973422 Val loss: 0.3962966203689575 Time: 0.3870024159987224
Train loss: 6.144353479178967 Val loss: 0.39477217197418213 Time: 0.3771285420007189
Shrinking learning rate to 1.0000000000000002e-06
Train loss: 6.2536295342439985 Val loss: 0.4112378656864166 Time: 0.37580604100003256
Train loss: 6.385879107658422 Val loss: 0.4109528064727783 Time: 0.383523458000127
Train loss: 6.176812957796024 Val loss: 0.41054829955101013 Time: 0.3756946670000616
Train loss: 6.144519298533348 Val loss: 0.4101775884628296 Time: 0.37697779199879733
Train loss: 6.1122275204153595 Val loss: 0.40989992022514343 Time: 0.38634587500200723
Train loss: 6.334155615314204 Val loss: 0.40947943925857544 Time: 0.37608233300124994
Train loss: 5.9990567993896615 Val loss: 0.40911489725112915 Time: 0.37628262499856646
Train loss: 6.179597042129665 Val loss: 0.40890660881996155 Time: 0.3756400839993148
Train loss: 5.974240013701068 Val loss: 0.40896880626678467 Time: 0.37523583399888594
Train loss: 6.138740174552858 Val loss: 0.4084547460079193 Time: 0.38989300000321236
Train loss: 6.1470317005668615 Val loss: 0.4079953730106354 Time: 0.37598575000083656
Train loss: 6.415107296749235 Val loss: 0.4078897535800934 Time: 0.3755449169984786
Train loss: 6.172136548202442 Val loss: 0.40750348567962646 Time: 0.37667354100267403
Train loss: 6.193327922079305 Val loss: 0.40704968571662903 Time: 0.37445091599875013
Train loss: 6.215235234050851 Val loss: 0.40666520595550537 Time: 0.3861300829994434
Train loss: 5.97870623430876 Val loss: 0.4064890146255493 Time: 0.3759838749974733
Train loss: 6.2817418008821075 Val loss: 0.40595749020576477 Time: 0.37506629199924646
Train loss: 6.046440455260214 Val loss: 0.40604981780052185 Time: 0.37573341600000276
Shrinking learning rate to 1.0000000000000002e-07
Learning rate getting small
Complete
 Total time: 66.83267845799855