starting log for model: models/lstm_lin1_alpha_0.1_22-23.pth
Train loss: 18.214102080555335 Val loss: 2.014357685711602 Time: 0.3800429170005373
Train loss: 18.214102080555335 Val loss: 2.014357685711602 Time: 0.3930532910017064
Train loss: 18.214102080555335 Val loss: 2.014357685711602 Time: 0.37833662499906495
Train loss: 18.214102080555335 Val loss: 2.014357685711602 Time: 0.37805445900085033
Train loss: 18.214102080555335 Val loss: 2.014357685711602 Time: 0.3748024999986228
Train loss: 18.214102080555335 Val loss: 2.014357685711602 Time: 0.37679279199801385
Train loss: 18.214102080555335 Val loss: 2.014357685711602 Time: 0.3770135830018262
Train loss: 18.214102080555335 Val loss: 2.014357685711602 Time: 0.38801095800226904
Train loss: 18.214102080555335 Val loss: 2.014357685711602 Time: 0.3765971669999999
Train loss: 18.214102080555335 Val loss: 2.014357685711602 Time: 0.37958954100031406
Shrinking learning rate to 1e-05
Train loss: 18.214102080555335 Val loss: 2.014357685711602 Time: 0.3781568340018566
Train loss: 18.214102080555335 Val loss: 2.014357685711602 Time: 0.3768651249993127
Train loss: 18.214102080555335 Val loss: 2.014357685711602 Time: 0.3874187080000411
Train loss: 18.214102080555335 Val loss: 2.014357685711602 Time: 0.3781449580019398
Train loss: 18.214102080555335 Val loss: 2.014357685711602 Time: 0.37495645899980445
Train loss: 18.214102080555335 Val loss: 2.014357685711602 Time: 0.375816957999632
Train loss: 18.214102080555335 Val loss: 2.014357685711602 Time: 0.3769505000018398
Train loss: 18.214051105691055 Val loss: 2.014353076494723 Time: 0.3753275839990238
Train loss: 18.214102080555335 Val loss: 2.014357685711602 Time: 0.38779020800211583
Train loss: 18.214102080555335 Val loss: 2.014357685711602 Time: 0.3761526659982337
Train loss: 18.21402944647491 Val loss: 2.0143511180395164 Time: 0.37613525000051595
Train loss: 18.214102080555335 Val loss: 2.014357685711602 Time: 0.3776596670031722
Train loss: 18.214156028680577 Val loss: 2.014362563777363 Time: 0.3736003750018426
Train loss: 18.21192570295682 Val loss: 2.0141608967698414 Time: 0.38726025000141817
Train loss: 18.213695659739074 Val loss: 2.014320936651476 Time: 0.3776853339986701
Train loss: 18.20638689901301 Val loss: 2.0136600952350485 Time: 0.3753944579984818
Train loss: 17.78906505411262 Val loss: 1.9671576770023456 Time: 0.3774331659988093
Train loss: 15.899811940849961 Val loss: 1.786657308390652 Time: 0.37675504100116086
Train loss: 14.79134630527706 Val loss: 1.6823526478843709 Time: 0.38369137500194483
Train loss: 14.572988841338201 Val loss: 1.6592945607017513 Time: 0.3801596660014184
Train loss: 14.393190908679898 Val loss: 1.6406561340126367 Time: 0.3757088329984981
Train loss: 14.212859523020743 Val loss: 1.622560458999105 Time: 0.37771566700030235
Train loss: 14.344641037420981 Val loss: 1.632663482633097 Time: 0.3777560420021473
Train loss: 14.276252904134964 Val loss: 1.6253683674948645 Time: 0.37587045799955376
Train loss: 14.160579929126037 Val loss: 1.6142658853807423 Time: 0.3935832909992314
Train loss: 14.12330409848198 Val loss: 1.6103253608572614 Time: 0.3770031250023749
Train loss: 14.169254931500745 Val loss: 1.613829334452213 Time: 0.3766042909992393
Train loss: 14.150524443477138 Val loss: 1.6117618986692426 Time: 0.3791019159980351
Train loss: 14.144953274638056 Val loss: 1.6109889821963084 Time: 0.37707133300136775
Train loss: 14.059920516143848 Val loss: 1.6032169904632565 Time: 0.3888347089996387
Train loss: 14.22459181084336 Val loss: 1.6176424053413048 Time: 0.3785377919994062
Train loss: 14.096131332639061 Val loss: 1.6060355786073592 Time: 0.37670995900043636
Train loss: 13.990439893938401 Val loss: 1.5964195744543896 Time: 0.377531000001909
Train loss: 14.067765319279715 Val loss: 1.6030727374101872 Time: 0.3772073750005802
Train loss: 14.169256792139294 Val loss: 1.6119354819578975 Time: 0.37655287500092527
Train loss: 14.094350070499523 Val loss: 1.605276015802165 Time: 0.3893185420020018
Train loss: 13.99431191845224 Val loss: 1.596287535719802 Time: 0.3767237079991901
Train loss: 14.02139929876762 Val loss: 1.5985105199294496 Time: 0.3781726659981359
Train loss: 13.940831545018057 Val loss: 1.591323949606127 Time: 0.37774137499945937
Train loss: 14.081848730096112 Val loss: 1.603533605595752 Time: 0.37816333299997495
Train loss: 14.079376831360605 Val loss: 1.6032505260814682 Time: 0.38931112499994924
Train loss: 14.051350321589553 Val loss: 1.6005933612734384 Time: 0.37736149999909685
Train loss: 13.986881094923092 Val loss: 1.5949234665607235 Time: 0.3786550000004354
Train loss: 14.103607028941266 Val loss: 1.60498203358782 Time: 0.37807941700157244
Train loss: 14.159395527868014 Val loss: 1.6098284784135437 Time: 0.3779927499999758
Train loss: 13.967532144450798 Val loss: 1.592827558496299 Time: 0.3847840000016731
Train loss: 13.931843799244348 Val loss: 1.58954541156142 Time: 0.3817032080005447
Train loss: 14.051732426894432 Val loss: 1.5999708810171447 Time: 0.37599233299988555
Train loss: 13.894531003951215 Val loss: 1.5858663930565788 Time: 0.3762763340018864
Train loss: 14.089834086211852 Val loss: 1.6029859732856393 Time: 0.3745828329992946
Train loss: 13.879230265319862 Val loss: 1.5841544052099186 Time: 0.3756899580002937
Train loss: 13.960216418718517 Val loss: 1.5909823165185044 Time: 0.3883848340010445
Train loss: 13.710017273779108 Val loss: 1.5686835373912524 Time: 0.3755845000014233
Train loss: 13.998172098392388 Val loss: 1.5938282843054647 Time: 0.37685858300028485
Train loss: 13.768592218903223 Val loss: 1.573471391579834 Time: 0.37633562500195694
Train loss: 13.716888433818617 Val loss: 1.5685759632340497 Time: 0.3746856249999837
Train loss: 13.786220128487443 Val loss: 1.5743363081704556 Time: 0.387420667000697
Train loss: 13.894093680695903 Val loss: 1.5835017758574736 Time: 0.37485120800192817
Train loss: 13.851217046743272 Val loss: 1.5794422444419849 Time: 0.3753108329983661
Train loss: 13.961637772568793 Val loss: 1.5890279710212907 Time: 0.375206792003155
Train loss: 13.752309241859109 Val loss: 1.5703002337835736 Time: 0.3738316669987398
Train loss: 13.695555333658886 Val loss: 1.5651271430605118 Time: 0.3762874170024588
Train loss: 13.555807365113223 Val loss: 1.5523299180225796 Time: 0.38781870800085017
Train loss: 13.540464682591073 Val loss: 1.5505045719212425 Time: 0.376962292000826
Train loss: 13.66029307527458 Val loss: 1.560651379385412 Time: 0.3758674999990035
Train loss: 13.454836423873232 Val loss: 1.5420608208208832 Time: 0.3742489169999317
Train loss: 13.445896644689256 Val loss: 1.540671929963609 Time: 0.37682033400051296
Train loss: 13.335658989288618 Val loss: 1.5303368169267448 Time: 0.4140950420005538
Train loss: 13.389526251888121 Val loss: 1.534505943476451 Time: 0.37677762499879464
Train loss: 13.477298104310888 Val loss: 1.5414969844074327 Time: 0.3770376659995236
Train loss: 13.281669917502768 Val loss: 1.5234945992739826 Time: 0.3754467090002436
Train loss: 13.3237264710109 Val loss: 1.5263002960032828 Time: 0.37742825000168523
Train loss: 13.294973602686454 Val loss: 1.5227694312277722 Time: 0.37633324999842444
Train loss: 13.04916377222078 Val loss: 1.500115207060546 Time: 0.3889488339991658
Train loss: 13.014093376530695 Val loss: 1.4961095079576494 Time: 0.3781857909998507
Train loss: 12.88238760274514 Val loss: 1.4834913574291237 Time: 0.3762962079999852
Train loss: 12.807855717050522 Val loss: 1.4756201084066705 Time: 0.375876458001585
Train loss: 12.659081313948718 Val loss: 1.4614713480484616 Time: 0.37700412499907543
Train loss: 12.499192033449518 Val loss: 1.4460238937087322 Time: 0.38765062500169734
Train loss: 12.421849006908275 Val loss: 1.4376736572394584 Time: 0.37544175000221003
Train loss: 12.483261178118546 Val loss: 1.4415302304002335 Time: 0.3774142499969457
Train loss: 12.11702677281798 Val loss: 1.4080786113241215 Time: 0.37529458299832186
Train loss: 12.07253525484441 Val loss: 1.402475944075406 Time: 0.37575833299706574
Train loss: 11.840039114439833 Val loss: 1.3804085735320608 Time: 0.38695033399926615
Train loss: 11.728572268608827 Val loss: 1.3688205570351288 Time: 0.3770255410017853
Train loss: 11.603722733417726 Val loss: 1.3557044815861368 Time: 0.37650979200043366
Train loss: 11.288596544964776 Val loss: 1.327069115291648 Time: 0.3755989169985696
Train loss: 11.455438135722915 Val loss: 1.3383617667773293 Time: 0.37553124999976717
Train loss: 10.956353031245214 Val loss: 1.2926749207112374 Time: 0.3788014999990992
Train loss: 10.71462754424897 Val loss: 1.2688449496535876 Time: 0.38755958399997326
Train loss: 10.535345033516382 Val loss: 1.2501546404322972 Time: 0.3765123750017665
Train loss: 10.273706948109435 Val loss: 1.224650210529048 Time: 0.3753442080014793
Train loss: 10.308377388244786 Val loss: 1.223492625954531 Time: 0.37626299999828916
Train loss: 9.975985743617713 Val loss: 1.1914618950802065 Time: 0.37578237500201794
Train loss: 9.611278515473828 Val loss: 1.1561657331825579 Time: 0.38621887499903096
Train loss: 9.36697790037465 Val loss: 1.1304299342213082 Time: 0.3777970829978585
Train loss: 9.325044105867335 Val loss: 1.1214665707953548 Time: 0.3765712499989604
Train loss: 9.086756626313898 Val loss: 1.0966112625042168 Time: 0.3756575420011359
Train loss: 8.99469021110056 Val loss: 1.0838089843906067 Time: 0.3776557499986666
Train loss: 8.4309150612292 Val loss: 1.0324894382006786 Time: 0.3761930000000575
Train loss: 8.691346346765684 Val loss: 1.0490582212318378 Time: 0.38846737499989104
Train loss: 8.496050389603889 Val loss: 1.0279641086615248 Time: 0.3758675419994688
Train loss: 8.062835792614017 Val loss: 0.9875160281848558 Time: 0.37563416700140806
Train loss: 7.975889814788019 Val loss: 0.9752218161250099 Time: 0.3776815839992196
Train loss: 7.717195332175464 Val loss: 0.9491969644349153 Time: 0.3772230419999687
Train loss: 7.754580236989646 Val loss: 0.9474744213619787 Time: 0.3887389580013405
Train loss: 7.524753502940861 Val loss: 0.9241249886461289 Time: 0.37840979100292316
Train loss: 7.615015168865336 Val loss: 0.9269469591361951 Time: 0.37787691699850257
Train loss: 7.322948238222374 Val loss: 0.8990012673398811 Time: 0.37742837499899906
Train loss: 7.230094239055733 Val loss: 0.8879897073945696 Time: 0.37740437500178814
Train loss: 6.9068508054646855 Val loss: 0.8563330201939084 Time: 0.3877394170012849
Train loss: 7.181462835790908 Val loss: 0.8754323560768992 Time: 0.37995287499870756
Train loss: 6.904936022128741 Val loss: 0.8491040031127598 Time: 0.37661129199841525
Train loss: 7.053774287707251 Val loss: 0.857664548598309 Time: 0.3783197080010723
Train loss: 7.033464825483701 Val loss: 0.8538923013960775 Time: 0.37687916700087953
Train loss: 6.765480351075439 Val loss: 0.8290264167561663 Time: 0.3767270409989578
Train loss: 6.730361860946945 Val loss: 0.823263392279856 Time: 0.3894861669978127
Train loss: 6.8454331425544 Val loss: 0.8306803296742831 Time: 0.37741058399842586
Train loss: 6.56105144948929 Val loss: 0.8037482938634589 Time: 0.37622674999875017
Train loss: 6.731686378152772 Val loss: 0.815634953779229 Time: 0.3777064160021837
Train loss: 6.453075852702852 Val loss: 0.7912130109692512 Time: 0.3770406660005392
Train loss: 7.031876772044827 Val loss: 0.8362931317911261 Time: 0.389075082999625
Train loss: 6.665598767125935 Val loss: 0.8033509482134923 Time: 0.3777748749998864
Train loss: 6.48937029933871 Val loss: 0.7874809736465634 Time: 0.3765926660016703
Train loss: 6.324557019261292 Val loss: 0.7713082860827984 Time: 0.3765654999988328
Train loss: 6.226294462040201 Val loss: 0.7611667035599416 Time: 0.3763116659974912
Train loss: 6.449106626547334 Val loss: 0.7785739956259629 Time: 0.3757893330002844
Train loss: 6.4124499439191185 Val loss: 0.7740118297748583 Time: 0.38861783299944364
Train loss: 6.398171285022386 Val loss: 0.7713272863952486 Time: 0.37468825000178185
Train loss: 6.531263506539268 Val loss: 0.7816480784877776 Time: 0.3754739169999084
Train loss: 6.2751455537693035 Val loss: 0.7586110827078808 Time: 0.3750906669993128
Train loss: 6.395120341342846 Val loss: 0.7670769928343927 Time: 0.3755507080022653
Train loss: 6.538669617098517 Val loss: 0.7776430469903324 Time: 0.3880311670000083
Train loss: 6.106806890815339 Val loss: 0.7400100363994462 Time: 0.37652354199963156
Train loss: 6.3064842828946155 Val loss: 0.7567587993544937 Time: 0.3761746669988497
Train loss: 6.634921275319502 Val loss: 0.784092176528202 Time: 0.37719250000009197
Train loss: 6.6554527944503095 Val loss: 0.7849427462228781 Time: 0.37417666699911933
Train loss: 6.300852104055977 Val loss: 0.7539973106422689 Time: 0.3781643329966755
Train loss: 6.0172654980639075 Val loss: 0.7291004016010135 Time: 0.38636433300052886
Train loss: 6.134662636600879 Val loss: 0.7367073787508374 Time: 0.37658741699851817
Train loss: 6.709782911192207 Val loss: 0.7847348077429671 Time: 0.375828291002108
Train loss: 6.087286726424129 Val loss: 0.7312407475259981 Time: 0.376777375000529
Train loss: 6.175485635003923 Val loss: 0.7377780842761581 Time: 0.37665424999795505
Train loss: 6.341703864657399 Val loss: 0.7501562891888677 Time: 0.3883983330015326
Train loss: 6.181398880437877 Val loss: 0.7374802959863666 Time: 0.37547908399938024
Train loss: 6.269687825737328 Val loss: 0.7423869488490725 Time: 0.37594416700085276
Train loss: 6.381142610973422 Val loss: 0.751159651160567 Time: 0.37583758300024783
Train loss: 6.144353479178967 Val loss: 0.7303258618837212 Time: 0.3764346669995575
Shrinking learning rate to 1.0000000000000002e-06
Train loss: 6.2536295342439985 Val loss: 0.7484620268858049 Time: 0.3892236249994312
Train loss: 6.385879107658422 Val loss: 0.7593923418919472 Time: 0.3762986670008104
Train loss: 6.176812957796024 Val loss: 0.7416738430200936 Time: 0.3761334579976392
Train loss: 6.144519298533348 Val loss: 0.7387806360332341 Time: 0.3771306660019036
Train loss: 6.1122275204153595 Val loss: 0.735942387156636 Time: 0.4038224169999012
Train loss: 6.334155615314204 Val loss: 0.7542470979497913 Time: 0.3768585420002637
Train loss: 5.9990567993896615 Val loss: 0.7261279666669197 Time: 0.38701191599830054
Train loss: 6.179597042129665 Val loss: 0.7409985227836949 Time: 0.37637454200012144
Train loss: 5.974240013701068 Val loss: 0.7239964930248959 Time: 0.3767362079997838
Train loss: 6.138740174552858 Val loss: 0.7373442810811557 Time: 0.3758023750015127
Train loss: 6.1470317005668615 Val loss: 0.7377805986035596 Time: 0.3764884999982314
Train loss: 6.415107296749235 Val loss: 0.7602039643172628 Time: 0.3870091249991674
Train loss: 6.172136548202442 Val loss: 0.739602451684423 Time: 0.37502370799847995
Train loss: 6.193327922079305 Val loss: 0.7411224960464216 Time: 0.3768293330031156
Train loss: 6.215235234050851 Val loss: 0.7427436165196609 Time: 0.3752089170011459
Train loss: 5.97870623430876 Val loss: 0.7229679117173006 Time: 0.37429112500103656
Train loss: 6.2817418008821075 Val loss: 0.7479333422061484 Time: 0.37772308299827273
Train loss: 6.046440455260214 Val loss: 0.7283343163176581 Time: 0.3871164169977419
Shrinking learning rate to 1.0000000000000002e-07
Learning rate getting small
Complete
 Total time: 66.86279829200066