starting log for model: models/lstm_comb_new_23-24.pth
Train loss: 18.967726302066676 Val loss: 2.077995682332246 Time: 0.5094070420018397
Train loss: 15.303636438699613 Val loss: 1.7225386687126227 Time: 0.36859695900056977
Train loss: 12.692345363007664 Val loss: 1.4528327358964122 Time: 0.3680870410025818
Train loss: 10.249785553024825 Val loss: 1.1892242042683874 Time: 0.333938957999635
Train loss: 8.52904651612153 Val loss: 1.0105144740884013 Time: 0.3465940409951145
Train loss: 7.623434674059792 Val loss: 0.9129988400925848 Time: 0.31917737500043586
Train loss: 7.178263022686905 Val loss: 0.8655453143523899 Time: 0.3530897079981514
Train loss: 7.06880948119646 Val loss: 0.8462381981413086 Time: 0.3224491660002968
Train loss: 6.900680080204719 Val loss: 0.8259405892181291 Time: 0.31226416699792026
Train loss: 6.626460184442445 Val loss: 0.7932943187478803 Time: 0.3876802079976187
Train loss: 6.748206823304031 Val loss: 0.8010099485891573 Time: 0.3273134589981055
Train loss: 6.529582485726973 Val loss: 0.7724094995704998 Time: 0.34269120800308883
Train loss: 6.3137047045094805 Val loss: 0.7470137504703253 Time: 0.36012687499896856
Train loss: 6.534290614437561 Val loss: 0.7738141616796632 Time: 0.33775962499930756
Train loss: 6.039363090870814 Val loss: 0.7225319491735301 Time: 0.3349980420025531
Train loss: 5.948911829891934 Val loss: 0.6973519752151895 Time: 0.33075825000560144
Train loss: 5.888694106942128 Val loss: 0.6979179926590307 Time: 0.37786216699896613
Train loss: 5.937171668616287 Val loss: 0.6947216086776531 Time: 0.3359809169996879
Train loss: 5.772626446345333 Val loss: 0.6764291416789099 Time: 0.3627851670025848
Train loss: 5.292468982451908 Val loss: 0.6404652885076347 Time: 0.3394361660029972
Train loss: 5.420016064771893 Val loss: 0.661820160427402 Time: 0.33920137499808334
Train loss: 5.281228878170001 Val loss: 0.6301643093856271 Time: 0.3280506249939208
Train loss: 5.2900387594644345 Val loss: 0.6283952194618427 Time: 0.33322729100473225
Train loss: 4.852518904914028 Val loss: 0.5894332472565792 Time: 0.3381944590000785
Train loss: 4.739310033413124 Val loss: 0.5726738367130084 Time: 0.36072329199669184
Train loss: 4.566558856248906 Val loss: 0.5653847014993852 Time: 0.33355049999954645
Train loss: 4.513277513930163 Val loss: 0.5531004368951785 Time: 0.3334061659988947
Train loss: 4.644799298175158 Val loss: 0.5575290134277971 Time: 0.38065212500077905
Train loss: 4.434012409001923 Val loss: 0.53066845407132 Time: 0.34191091699904064
Train loss: 4.279493382394181 Val loss: 0.5226679643459067 Time: 0.3390097910014447
Train loss: 4.243698555965494 Val loss: 0.5136751252796321 Time: 0.36778395799774444
Train loss: 4.1337382785146914 Val loss: 0.49371463853406994 Time: 0.3553767909979797
Train loss: 3.773644601262191 Val loss: 0.46549836067798167 Time: 0.3570820829991135
Train loss: 3.9323333811285295 Val loss: 0.48715567718736563 Time: 0.34219395899708616
Train loss: 4.014575297740057 Val loss: 0.4865805579599039 Time: 0.3525142920043436
Train loss: 3.863254934667182 Val loss: 0.44774824139638936 Time: 0.3415685830041184
Train loss: 3.4738923705289206 Val loss: 0.4315362676045896 Time: 0.37580275000073016
Train loss: 3.675563097520461 Val loss: 0.44048588450778514 Time: 0.34808158300438663
Train loss: 3.5891784234349053 Val loss: 0.40923015419631437 Time: 0.3486233339936007
Train loss: 3.16558407792607 Val loss: 0.38458531822769154 Time: 0.3548917919979431
Train loss: 3.537642656145735 Val loss: 0.4107482781985666 Time: 0.33501766600238625
Train loss: 3.2360777687401345 Val loss: 0.38632565973639543 Time: 0.3519445000056294
Train loss: 3.3419526844542276 Val loss: 0.38090363577400277 Time: 0.362430665998545
Train loss: 3.386809666127334 Val loss: 0.375940268853371 Time: 0.347215874993708
Train loss: 3.2583394979729974 Val loss: 0.38806273344712294 Time: 0.341269624994311
Train loss: 3.186616431020532 Val loss: 0.36766234620321947 Time: 0.345599583000876
Train loss: 3.12100551095304 Val loss: 0.3729147824617417 Time: 0.34007254199968884
Train loss: 2.974406923177561 Val loss: 0.3506371923741611 Time: 0.37253816700103926
Train loss: 3.0029745732936277 Val loss: 0.35875006561769834 Time: 0.3684941669998807
Train loss: 2.7591201711169475 Val loss: 0.31114921735291173 Time: 0.3420990829981747
Train loss: 2.79017279074543 Val loss: 0.3298299529725865 Time: 0.3493632499958039
Train loss: 2.8899830571735805 Val loss: 0.3211913537219335 Time: 0.3451400409976486
Train loss: 2.649506871327098 Val loss: 0.3082496558597363 Time: 0.3498752079976839
Train loss: 2.7065120164075562 Val loss: 0.30517264680979916 Time: 0.3744077080045827
Train loss: 2.737998731515493 Val loss: 0.3160327758393317 Time: 0.3497908749995986
Train loss: 2.64556609271321 Val loss: 0.3059427930156447 Time: 0.3471546250002575
Train loss: 2.6686011815887403 Val loss: 0.3067224994358681 Time: 0.3494104579949635
Train loss: 2.5015455950348837 Val loss: 0.278348468814927 Time: 0.3521316249971278
Train loss: 2.4090966490349004 Val loss: 0.27248953392367187 Time: 0.3543240409999271
Train loss: 2.6185799001150727 Val loss: 0.29363411377865856 Time: 0.3770768330068677
Train loss: 2.4238502442879657 Val loss: 0.2887494934752926 Time: 0.35712812499696156
Train loss: 2.4300760552228056 Val loss: 0.2732403549269303 Time: 0.35078362499916693
Train loss: 2.236251863768766 Val loss: 0.26471877594831855 Time: 0.35505654200096615
Train loss: 2.2651428458024583 Val loss: 0.258517127894771 Time: 0.3555620000042836
Train loss: 2.284703082844185 Val loss: 0.26904505372039095 Time: 0.35495929200260434
Train loss: 2.2856515905838197 Val loss: 0.24956315918083008 Time: 0.38609420799912186
Train loss: 2.310613791940938 Val loss: 0.2634950237454053 Time: 0.347692499999539
Train loss: 2.3116628396018335 Val loss: 0.2676648750979288 Time: 0.3575057089983602
Train loss: 2.280636205114 Val loss: 0.2498535513157361 Time: 0.3514644169990788
Train loss: 2.1656379384529316 Val loss: 0.25434636033681074 Time: 0.3765772909973748
Train loss: 2.1772369609234588 Val loss: 0.24515262111920721 Time: 0.35438316699583083
Train loss: 1.975541409092358 Val loss: 0.24137645145628145 Time: 0.3841740830030176
Train loss: 2.205853991118971 Val loss: 0.26448738762179974 Time: 0.3584471249996568
Train loss: 2.188294488253405 Val loss: 0.2407610819354137 Time: 0.3542387079942273
Train loss: 1.999072795393773 Val loss: 0.22902882590924928 Time: 0.4262976250029169
Train loss: 1.981692180013404 Val loss: 0.22420847588468365 Time: 0.3639081249930314
Train loss: 1.9663110751007356 Val loss: 0.23788017108962992 Time: 0.39294475000497187
Train loss: 1.9312890045578879 Val loss: 0.23161197658207197 Time: 0.36712816700310213
Train loss: 1.8445746255672475 Val loss: 0.21763845580901184 Time: 0.3605740830025752
Train loss: 1.9374129596892082 Val loss: 0.2232194232850509 Time: 0.40978691700001946
Train loss: 1.7937615124868813 Val loss: 0.2066147515426674 Time: 0.3605943339935038
Train loss: 1.8703191384569777 Val loss: 0.21391361908442824 Time: 0.3635155419979128
Train loss: 1.6269747221142192 Val loss: 0.1964182615971614 Time: 0.4436319169981289
Train loss: 1.7943813975640603 Val loss: 0.20750626089676882 Time: 0.36274199999752454
Train loss: 1.7175151559053177 Val loss: 0.19976191944332983 Time: 0.36630850000074133
Train loss: 1.7814481723059903 Val loss: 0.20592786199985208 Time: 0.3765154170032474
Train loss: 1.609753983919589 Val loss: 0.19937818415185388 Time: 0.3671190419991035
Train loss: 1.8684400218901942 Val loss: 0.2202396207674803 Time: 0.4017240410030354
Train loss: 1.7413934057642737 Val loss: 0.20492314188024255 Time: 0.3645816249991185
Train loss: 1.6518001198163503 Val loss: 0.21243457238889493 Time: 0.36614033299701987
Train loss: 1.690531493704424 Val loss: 0.1973561174386122 Time: 0.36703004199807765
Train loss: 1.7144735574117966 Val loss: 0.21661235312343466 Time: 0.3771449580017361
Train loss: 1.6218784730749767 Val loss: 0.19243623589842462 Time: 0.3890720830022474
Train loss: 1.6962781881496198 Val loss: 0.2008403537420115 Time: 0.377824374998454
Train loss: 1.8082096907076277 Val loss: 0.22125015246830027 Time: 0.3787469169983524
Train loss: 1.6520400805796882 Val loss: 0.21731201393932453 Time: 0.3761464999988675
Shrinking learning rate to 1e-05
Train loss: 2.042870464564867 Val loss: 0.22753295603624393 Time: 0.38421566599572543
Train loss: 1.6485856827391956 Val loss: 0.19347960643896456 Time: 0.36976216699986253
Train loss: 1.59828498444935 Val loss: 0.1893077860392901 Time: 0.41065666600479744
Train loss: 1.6121792291267312 Val loss: 0.19036529828832466 Time: 0.3742700830043759
Train loss: 1.5214949494586563 Val loss: 0.1833164432667742 Time: 0.3786180409952067
Train loss: 1.493623806906502 Val loss: 0.1811719273886064 Time: 0.3989462499957881
Train loss: 1.5865490524340353 Val loss: 0.1882138994843422 Time: 0.40047545800189255
Train loss: 1.4972316130644447 Val loss: 0.18062375265315597 Time: 0.4062291670052218
Train loss: 1.7474649841596106 Val loss: 0.20167395174188052 Time: 0.3860158749957918
Train loss: 1.5276488781682058 Val loss: 0.183147904271674 Time: 0.38581424999574665
Train loss: 1.622260115088114 Val loss: 0.19094210158248937 Time: 0.3784433330001775
Train loss: 1.6559860357351113 Val loss: 0.19466594221633643 Time: 0.3874280000018189
Train loss: 1.611398944270917 Val loss: 0.19011747149604322 Time: 0.42554041700350353
Train loss: 1.5690733242848438 Val loss: 0.18614754699934338 Time: 0.38110874999983935
Train loss: 1.4660815407169183 Val loss: 0.1778777111786119 Time: 0.3996149999948102
Train loss: 1.5534015956936074 Val loss: 0.18583263435405942 Time: 0.3998995419970015
Train loss: 1.517140855246661 Val loss: 0.1820287412835192 Time: 0.3909270000003744
Train loss: 1.6238114373939931 Val loss: 0.19142821059336074 Time: 0.39865241699590115
Train loss: 1.4807277790141882 Val loss: 0.1802881130859847 Time: 0.4586699579958804
Train loss: 1.4929958550735734 Val loss: 0.18005863643754746 Time: 0.43013308299850905
Train loss: 1.5755303078143117 Val loss: 0.18740385124783177 Time: 0.38340462499763817
Train loss: 1.5657821484337697 Val loss: 0.187126436096726 Time: 0.381736124996678
Train loss: 1.6012785069708395 Val loss: 0.18966199196640127 Time: 0.3914665420015808
Train loss: 1.5786499462000414 Val loss: 0.18743557992832666 Time: 0.4216809589997865
Shrinking learning rate to 1.0000000000000002e-06
Train loss: 1.6212955937368303 Val loss: 0.19102542736232608 Time: 0.4080025419971207
Train loss: 1.678586350168871 Val loss: 0.19592441045002604 Time: 0.3900996660013334
Train loss: 1.4468040865047045 Val loss: 0.17661661828393121 Time: 0.38193191699974705
Train loss: 1.5514734009782387 Val loss: 0.1852948963918271 Time: 0.3856575839963625
Train loss: 1.5313329219981142 Val loss: 0.18367433695065508 Time: 0.40483858300285647
Train loss: 1.4434873438841578 Val loss: 0.1763890753063429 Time: 0.38033904199983226
Train loss: 1.5901025017761974 Val loss: 0.1886791188826528 Time: 0.3883009170021978
Train loss: 1.5775684080215342 Val loss: 0.18770729895526703 Time: 0.3894275420025224
Train loss: 1.5166721374082037 Val loss: 0.18264826092317132 Time: 0.39680008299910696
Train loss: 1.462555033514466 Val loss: 0.17816417197672457 Time: 0.4129169579973677
Train loss: 1.636806944730175 Val loss: 0.19272016528615582 Time: 0.38329095800145296
Train loss: 1.5731384268758386 Val loss: 0.18740484613595057 Time: 0.3869329589942936
Train loss: 1.6279850458795408 Val loss: 0.19198721378646869 Time: 0.38623225000628736
Train loss: 1.5915881979955913 Val loss: 0.18880423704889754 Time: 0.39753612499771407
Train loss: 1.6034930481750678 Val loss: 0.18986586515599851 Time: 0.46322587500617374
Shrinking learning rate to 1.0000000000000002e-07
Learning rate getting small
Complete
 Total time: 50.13528454200423