starting log for model: models/lstm_lin1_alpha_0.01_22-23.pth
Train loss: 18.214102080555335 Val loss: 0.879361752316183 Time: 0.37815924999813433
Train loss: 18.214102080555335 Val loss: 0.879361752316183 Time: 0.37540508299935027
Train loss: 18.214102080555335 Val loss: 0.879361752316183 Time: 0.38917004199902294
Train loss: 18.214102080555335 Val loss: 0.879361752316183 Time: 0.3756301670000539
Train loss: 18.214102080555335 Val loss: 0.879361752316183 Time: 0.37729179199959617
Train loss: 18.214102080555335 Val loss: 0.879361752316183 Time: 0.3758661249994475
Train loss: 18.214102080555335 Val loss: 0.879361752316183 Time: 0.3753011249973497
Train loss: 18.214102080555335 Val loss: 0.879361752316183 Time: 0.3876187089990708
Train loss: 18.214102080555335 Val loss: 0.879361752316183 Time: 0.37710162499934086
Train loss: 18.214102080555335 Val loss: 0.879361752316183 Time: 0.37629391699738335
Shrinking learning rate to 1e-05
Train loss: 18.214102080555335 Val loss: 0.879361752316183 Time: 0.37613845899977605
Train loss: 18.214102080555335 Val loss: 0.879361752316183 Time: 0.3742814580000413
Train loss: 18.214102080555335 Val loss: 0.879361752316183 Time: 0.37590450000061537
Train loss: 18.214102080555335 Val loss: 0.879361752316183 Time: 0.3875196670014702
Train loss: 18.214102080555335 Val loss: 0.879361752316183 Time: 0.37609470799725386
Train loss: 18.214102080555335 Val loss: 0.879361752316183 Time: 0.37633650000134367
Train loss: 18.214102080555335 Val loss: 0.879361752316183 Time: 0.37653929099906236
Train loss: 18.214051105691055 Val loss: 0.8793616467327714 Time: 0.37566529200194054
Train loss: 18.214102080555335 Val loss: 0.879361752316183 Time: 0.38769191600295017
Train loss: 18.214102080555335 Val loss: 0.879361752316183 Time: 0.37575816699973075
Train loss: 18.21402944647491 Val loss: 0.8793616018704731 Time: 0.3748743750002177
Train loss: 18.214102080555335 Val loss: 0.879361752316183 Time: 0.37533191699913004
Train loss: 18.214156028680577 Val loss: 0.8793618640583699 Time: 0.37445658299839124
Train loss: 18.21192570295682 Val loss: 0.8793572446722099 Time: 0.38087666600040393
Train loss: 18.213695659739074 Val loss: 0.879360910511184 Time: 0.3819159580016276
Train loss: 18.20638689901301 Val loss: 0.8793457752034487 Time: 0.37597083400032716
Train loss: 17.78906505411262 Val loss: 0.858397375779249 Time: 0.37774304100094014
Train loss: 15.899811940849961 Val loss: 0.8302918414974452 Time: 0.37527762500030803
Train loss: 14.79134630527706 Val loss: 0.8150764192206055 Time: 0.37554658299995936
Train loss: 14.572988841338201 Val loss: 0.8067066392770774 Time: 0.38698275000206195
Train loss: 14.393190908679898 Val loss: 0.8005182691167044 Time: 0.37658554099834873
Train loss: 14.212859523020743 Val loss: 0.7955182100230541 Time: 0.376037959002133
Train loss: 14.344641037420981 Val loss: 0.7927670876419244 Time: 0.37515704100223957
Train loss: 14.276252904134964 Val loss: 0.7899933543536826 Time: 0.37546354200094356
Train loss: 14.160579929126037 Val loss: 0.7878364752950431 Time: 0.3866745829982392
Train loss: 14.12330409848198 Val loss: 0.7863951634540419 Time: 0.377124915998138
Train loss: 14.169254931500745 Val loss: 0.7853941979231043 Time: 0.3770983329995943
Train loss: 14.150524443477138 Val loss: 0.7844913842420365 Time: 0.39742658299655886
Train loss: 14.144953274638056 Val loss: 0.7838982329710461 Time: 0.37595341699852725
Train loss: 14.059920516143848 Val loss: 0.7831086807073857 Time: 0.3771535830019275
Train loss: 14.22459181084336 Val loss: 0.783333090661816 Time: 0.3877667919987289
Train loss: 14.096131332639061 Val loss: 0.7824392539598771 Time: 0.3760901660025411
Train loss: 13.990439893938401 Val loss: 0.7815398993555562 Time: 0.37542745800237753
Train loss: 14.067765319279715 Val loss: 0.7814167855583426 Time: 0.37410383300084504
Train loss: 14.169256792139294 Val loss: 0.7814949784759607 Time: 0.37592279100135784
Train loss: 14.094350070499523 Val loss: 0.7811972338678322 Time: 0.38770266600113246
Train loss: 13.99431191845224 Val loss: 0.780583315599397 Time: 0.37657233299978543
Train loss: 14.02139929876762 Val loss: 0.7803201030345533 Time: 0.3764184169995133
Train loss: 13.940831545018057 Val loss: 0.7799222713456742 Time: 0.3757507079972129
Train loss: 14.081848730096112 Val loss: 0.7798494944972068 Time: 0.3905851249983243
Train loss: 14.079376831360605 Val loss: 0.7797093144126929 Time: 0.38280891699832864
Train loss: 14.051350321589553 Val loss: 0.7792552175880881 Time: 0.38321437500053435
Train loss: 13.986881094923092 Val loss: 0.7791121362340958 Time: 0.3770482500003709
Train loss: 14.103607028941266 Val loss: 0.7789359338189241 Time: 0.37715324999953737
Train loss: 14.159395527868014 Val loss: 0.7789170436809292 Time: 0.39809545900061494
Train loss: 13.967532144450798 Val loss: 0.7782604220074693 Time: 0.38292366699897684
Train loss: 13.931843799244348 Val loss: 0.7778827200260889 Time: 0.39185583400103496
Train loss: 14.051732426894432 Val loss: 0.7779075115668422 Time: 0.37787324999953853
Train loss: 13.894531003951215 Val loss: 0.7769801140380904 Time: 0.3747120830012136
Train loss: 14.089834086211852 Val loss: 0.777291532977449 Time: 0.3757118339999579
Train loss: 13.879230265319862 Val loss: 0.7761946632411612 Time: 0.37566708300073515
Train loss: 13.960216418718517 Val loss: 0.7757815872690916 Time: 0.3871942499972647
Train loss: 13.710017273779108 Val loss: 0.7745442281586309 Time: 0.37733654199837474
Train loss: 13.998172098392388 Val loss: 0.7748517671784783 Time: 0.37666916599846445
Train loss: 13.768592218903223 Val loss: 0.7739691960180326 Time: 0.37659337500008405
Train loss: 13.716888433818617 Val loss: 0.7731206711813748 Time: 0.37691466699834564
Train loss: 13.786220128487443 Val loss: 0.7726203100202373 Time: 0.375877958998899
Train loss: 13.894093680695903 Val loss: 0.7722202185808328 Time: 0.3885279999994964
Train loss: 13.851217046743272 Val loss: 0.7715317803795375 Time: 0.3771127500003786
Train loss: 13.961637772568793 Val loss: 0.771511071011353 Time: 0.3754233330000716
Train loss: 13.752309241859109 Val loss: 0.7703864811455894 Time: 0.37635720900289016
Train loss: 13.695555333658886 Val loss: 0.7698684553619325 Time: 0.37589212500097346
Train loss: 13.555807365113223 Val loss: 0.7684432526344513 Time: 0.3870850830026029
Train loss: 13.540464682591073 Val loss: 0.7674353443292556 Time: 0.37648545800038846
Train loss: 13.66029307527458 Val loss: 0.7669791520268866 Time: 0.3747857499984093
Train loss: 13.454836423873232 Val loss: 0.7653290831389046 Time: 0.3750694999980624
Train loss: 13.445896644689256 Val loss: 0.7640862802322129 Time: 0.3763448329991661
Train loss: 13.335658989288618 Val loss: 0.7624413069367353 Time: 0.3769365830012248
Train loss: 13.389526251888121 Val loss: 0.7614737680245731 Time: 0.3850451670004986
Train loss: 13.477298104310888 Val loss: 0.7602638143643534 Time: 0.3751899999988382
Train loss: 13.281669917502768 Val loss: 0.7580557444025882 Time: 0.3764056250001886
Train loss: 13.3237264710109 Val loss: 0.7563913613626048 Time: 0.3769363749997865
Train loss: 13.294973602686454 Val loss: 0.7542805459708407 Time: 0.37557120799829136
Train loss: 13.04916377222078 Val loss: 0.7513767034100377 Time: 0.38886779099993873
Train loss: 13.014093376530695 Val loss: 0.7494091394638742 Time: 0.3768081660018652
Train loss: 12.88238760274514 Val loss: 0.7468487766127914 Time: 0.375490082999022
Train loss: 12.807855717050522 Val loss: 0.7439402801657906 Time: 0.37654837500303984
Train loss: 12.659081313948718 Val loss: 0.7412154464163897 Time: 0.3761688749982568
Train loss: 12.499192033449518 Val loss: 0.7377737230580854 Time: 0.3882806250003341
Train loss: 12.421849006908275 Val loss: 0.7343789556428215 Time: 0.37692841699754354
Train loss: 12.483261178118546 Val loss: 0.731624555158345 Time: 0.376057249999576
Train loss: 12.11702677281798 Val loss: 0.7274230071408987 Time: 0.37747049999961746
Train loss: 12.07253525484441 Val loss: 0.7239145734570723 Time: 0.3773916669997561
Train loss: 11.840039114439833 Val loss: 0.7195006742104647 Time: 0.37441820799722336
Train loss: 11.728572268608827 Val loss: 0.7154240585192518 Time: 0.38736874999813153
Train loss: 11.603722733417726 Val loss: 0.7105881133116324 Time: 0.3755403750001278
Train loss: 11.288596544964776 Val loss: 0.7067754653399834 Time: 0.376265416998649
Train loss: 11.455438135722915 Val loss: 0.7014729476221612 Time: 0.3762197500000184
Train loss: 10.956353031245214 Val loss: 0.6946912266306302 Time: 0.37530208400130505
Train loss: 10.71462754424897 Val loss: 0.6880518850223624 Time: 0.38850566600012826
Train loss: 10.535345033516382 Val loss: 0.6812129070558974 Time: 0.37559999999939464
Train loss: 10.273706948109435 Val loss: 0.6744127067590614 Time: 0.37632366699835984
Train loss: 10.308377388244786 Val loss: 0.6670337520832039 Time: 0.3769510420024744
Train loss: 9.975985743617713 Val loss: 0.6590376021253753 Time: 0.3750044580010581
Train loss: 9.611278515473828 Val loss: 0.6497615893815784 Time: 0.37523554200015496
Train loss: 9.36697790037465 Val loss: 0.6397211219126118 Time: 0.38901858299868763
Train loss: 9.325044105867335 Val loss: 0.6299352652498655 Time: 0.3753314169989608
Train loss: 9.086756626313898 Val loss: 0.6205817559283245 Time: 0.37656562499978463
Train loss: 8.99469021110056 Val loss: 0.6113001226144839 Time: 0.3762907919990539
Train loss: 8.4309150612292 Val loss: 0.6019461646827774 Time: 0.3753509580019454
Train loss: 8.691346346765684 Val loss: 0.5938704307099982 Time: 0.38630537500284845
Train loss: 8.496050389603889 Val loss: 0.5848929591742988 Time: 0.37613462500303285
Train loss: 8.062835792614017 Val loss: 0.5758434056558099 Time: 0.3757012919995759
Train loss: 7.975889814788019 Val loss: 0.5668076297153506 Time: 0.37664987499738345
Train loss: 7.717195332175464 Val loss: 0.5580137540620707 Time: 0.3902025000024878
Train loss: 7.754580236989646 Val loss: 0.5498963393961659 Time: 0.39453504100310965
Train loss: 7.524753502940861 Val loss: 0.5417102854552442 Time: 0.37713512499976787
Train loss: 7.615015168865336 Val loss: 0.5339896538637733 Time: 0.3762348749987723
Train loss: 7.322948238222374 Val loss: 0.5266024371115642 Time: 0.37612220799928764
Train loss: 7.230094239055733 Val loss: 0.520586707142035 Time: 0.37611549999928684
Train loss: 6.9068508054646855 Val loss: 0.5109117534269825 Time: 0.3755090829981782
Train loss: 7.181462835790908 Val loss: 0.5057717531595408 Time: 0.3890166669989412
Train loss: 6.904936022128741 Val loss: 0.49896293204222264 Time: 0.3762131250005041
Train loss: 7.053774287707251 Val loss: 0.49295713208486375 Time: 0.37668270799986203
Train loss: 7.033464825483701 Val loss: 0.48926756546439554 Time: 0.37643725000089034
Train loss: 6.765480351075439 Val loss: 0.4838850362532087 Time: 0.37625745900004404
Train loss: 6.730361860946945 Val loss: 0.47886812626564806 Time: 0.38783395900100004
Train loss: 6.8454331425544 Val loss: 0.47551683093963326 Time: 0.3758307499992952
Train loss: 6.56105144948929 Val loss: 0.46887322196117215 Time: 0.3755535000018426
Train loss: 6.731686378152772 Val loss: 0.46544164299915186 Time: 0.3762062080022588
Train loss: 6.453075852702852 Val loss: 0.462342262740208 Time: 0.37555212499864865
Train loss: 7.031876772044827 Val loss: 0.4581026326081268 Time: 0.3770932500010531
Train loss: 6.665598767125935 Val loss: 0.4533361858983247 Time: 0.38948495799922966
Train loss: 6.48937029933871 Val loss: 0.4507973022591636 Time: 0.3757645830010006
Train loss: 6.324557019261292 Val loss: 0.4460002908408243 Time: 0.37718829100049334
Train loss: 6.226294462040201 Val loss: 0.4422487960422124 Time: 0.3809293329977663
Train loss: 6.449106626547334 Val loss: 0.44093854615724765 Time: 0.37704095800290816
Train loss: 6.4124499439191185 Val loss: 0.43819073612648174 Time: 0.38855183299892815
Train loss: 6.398171285022386 Val loss: 0.435515194215146 Time: 0.37608233399805613
Train loss: 6.531263506539268 Val loss: 0.43435633871776735 Time: 0.3770416250008566
Train loss: 6.2751455537693035 Val loss: 0.4308758554031725 Time: 0.3766137089987751
Train loss: 6.395120341342846 Val loss: 0.42839377627518144 Time: 0.3777966249981546
Train loss: 6.538669617098517 Val loss: 0.42598371442215044 Time: 0.3898990829984541
Train loss: 6.106806890815339 Val loss: 0.4223899371374553 Time: 0.37711887499972363
Train loss: 6.3064842828946155 Val loss: 0.42301727470344097 Time: 0.37704650000159745
Train loss: 6.634921275319502 Val loss: 0.423061409288094 Time: 0.37507437500244123
Train loss: 6.6554527944503095 Val loss: 0.4214428799330519 Time: 0.3748469580023084
Train loss: 6.300852104055977 Val loss: 0.4188969393629256 Time: 0.3766649999997753
Train loss: 6.0172654980639075 Val loss: 0.4160929022228993 Time: 0.38786866599912173
Train loss: 6.134662636600879 Val loss: 0.41250492581707665 Time: 0.37715470799957984
Train loss: 6.709782911192207 Val loss: 0.4124305638548803 Time: 0.3754717920019175
Train loss: 6.087286726424129 Val loss: 0.40971690215849815 Time: 0.37705012500009616
Train loss: 6.175485635003923 Val loss: 0.4083674027632639 Time: 0.376425875001587
Train loss: 6.341703864657399 Val loss: 0.40568965962938613 Time: 0.3883697920027771
Train loss: 6.181398880437877 Val loss: 0.4069413163949567 Time: 0.37665745800040895
Train loss: 6.269687825737328 Val loss: 0.40246667693445953 Time: 0.3765300839986594
Train loss: 6.381142610973422 Val loss: 0.4014011826315609 Time: 0.3760519999996177
Train loss: 6.144353479178967 Val loss: 0.39952518785794106 Time: 0.375754833999963
Shrinking learning rate to 1.0000000000000002e-06
Train loss: 6.2536295342439985 Val loss: 0.41596558801116723 Time: 0.37756187500053784
Train loss: 6.385879107658422 Val loss: 0.415884784941233 Time: 0.38851133400021354
Train loss: 6.176812957796024 Val loss: 0.41516889105011906 Time: 0.3757344590012508
Train loss: 6.144519298533348 Val loss: 0.41475434394131094 Time: 0.37554520900084754
Train loss: 6.1122275204153595 Val loss: 0.414431993367683 Time: 0.37521095799820614
Train loss: 6.334155615314204 Val loss: 0.41434956728759714 Time: 0.3748120829986874
Train loss: 5.9990567993896615 Val loss: 0.4134898637222348 Time: 0.3868840420000197
Train loss: 6.179597042129665 Val loss: 0.4135497028132783 Time: 0.3780616670010204
Train loss: 5.974240013701068 Val loss: 0.4133093742868767 Time: 0.37533083299786085
Train loss: 6.138740174552858 Val loss: 0.4130419986266055 Time: 0.37629020900203614
Train loss: 6.1470317005668615 Val loss: 0.41260007788519004 Time: 0.3771806669974467
Train loss: 6.415107296749235 Val loss: 0.4129036343246567 Time: 0.37849808399914764
Train loss: 6.172136548202442 Val loss: 0.41215120744456296 Time: 0.38841108300039195
Train loss: 6.193327922079305 Val loss: 0.4117343533360402 Time: 0.37742333299684105
Train loss: 6.215235234050851 Val loss: 0.4113872927501436 Time: 0.37890595799763105
Train loss: 5.97870623430876 Val loss: 0.4108622784277796 Time: 0.39605308300087927
Train loss: 6.2817418008821075 Val loss: 0.4107888896494872 Time: 0.37712083400037955
Train loss: 6.046440455260214 Val loss: 0.4105269768891415 Time: 0.38988824999978533
Shrinking learning rate to 1.0000000000000002e-07
Learning rate getting small
Complete
 Total time: 66.89781683300316