starting log for model: models/lstm_new_24-25.pth
Train loss: 19.566065005728888 Val loss: 2.2153754831651553 Time: 0.9470445409970125
Train loss: 11.242898293289358 Val loss: 1.2627140056076043 Time: 0.6691368330066325
Train loss: 8.591806325537362 Val loss: 1.0702857461538817 Time: 0.42182299999694806
Train loss: 7.707361848038204 Val loss: 1.0148349829632957 Time: 0.4580267499986803
Train loss: 7.202855004149896 Val loss: 1.0396320759147821 Time: 0.42571637500077486
Train loss: 6.710630414846777 Val loss: 1.0494823748144038 Time: 0.5536124999998719
Train loss: 6.943303221789051 Val loss: 1.0122331318848954 Time: 0.614586750001763
Train loss: 6.840447046635497 Val loss: 0.9742576507676637 Time: 0.39678558300511213
Train loss: 6.332335533500952 Val loss: 0.9801396898659576 Time: 0.42876025000441587
Train loss: 6.367264693860079 Val loss: 0.9579944450559894 Time: 0.3949419999989914
Train loss: 6.224383612028079 Val loss: 0.9237238283665523 Time: 0.416315709000628
Train loss: 5.909362895981673 Val loss: 0.8905828409350297 Time: 0.3940771659981692
Train loss: 6.095396516624149 Val loss: 0.86158067275353 Time: 0.4254793339932803
Train loss: 5.9400873430898855 Val loss: 0.8324037140262108 Time: 0.40949404099956155
Train loss: 5.944956869391163 Val loss: 0.8114197772078627 Time: 0.3937363750010263
Train loss: 5.159294059780208 Val loss: 0.7503308661848855 Time: 0.4084569170008763
Train loss: 5.488390389913448 Val loss: 0.7773405333952366 Time: 0.4980957080042572
Train loss: 5.031679467055625 Val loss: 0.8193970164774573 Time: 0.4416365420038346
Train loss: 4.965956382949912 Val loss: 0.7390586283182864 Time: 0.40305200000148034
Train loss: 4.950602211160572 Val loss: 0.7973090523479368 Time: 0.3971611250017304
Train loss: 4.405770801588972 Val loss: 0.7373195473377018 Time: 0.3927790419984376
Train loss: 4.778623644971788 Val loss: 0.6388591360729692 Time: 0.39220579100219766
Train loss: 4.452542856433297 Val loss: 0.7421020266977917 Time: 0.3930029170005582
Train loss: 4.418450710297208 Val loss: 0.7053749007370069 Time: 0.4050859999988461
Train loss: 4.018777372758336 Val loss: 0.6854224226352245 Time: 0.3926192090002587
Train loss: 4.080958502382089 Val loss: 0.9216150168153879 Time: 0.3922448750017793
Train loss: 4.7065776889112385 Val loss: 0.7126695372917814 Time: 0.391888916004973
Train loss: 4.471531386845982 Val loss: 0.7400462490637785 Time: 0.39025729200511705
Train loss: 3.274933574170973 Val loss: 0.5129435499061537 Time: 0.4058979159963201
Train loss: 3.350680953470288 Val loss: 0.7487133392657851 Time: 0.39179600000352366
Train loss: 3.434209398908166 Val loss: 0.689940940010219 Time: 0.392333999996481
Train loss: 3.2681944317289044 Val loss: 0.654264243301045 Time: 0.39180225000018254
Train loss: 2.8116718059288814 Val loss: 0.8571491203032308 Time: 0.390507209005591
Train loss: 3.5611886848071954 Val loss: 0.7422563050197569 Time: 0.4040340420033317
Train loss: 3.021253178989724 Val loss: 0.7696869817041512 Time: 0.3913947919936618
Train loss: 2.727424197430196 Val loss: 0.732127037790512 Time: 0.3907192920014495
Train loss: 2.935759275588808 Val loss: 0.7891820641124888 Time: 0.3906934159967932
Train loss: 2.8004917499272324 Val loss: 0.7002076632573629 Time: 0.3903498750005383
Train loss: 3.334378442251648 Val loss: 0.6630202228123159 Time: 0.3924116670023068
Train loss: 2.455895289677958 Val loss: 0.9785481506573098 Time: 0.4018012090018601
Train loss: 3.0714822829760067 Val loss: 0.7980741127311066 Time: 0.3907696250025765
Train loss: 3.0921266751881413 Val loss: 0.48785353058960534 Time: 0.3897938750014873
Train loss: 3.778270485361304 Val loss: 0.888870032713253 Time: 0.39093191700521857
Train loss: 2.6193434814718017 Val loss: 0.86908955382287 Time: 0.3909259159991052
Train loss: 3.266536272242206 Val loss: 0.6568975504799746 Time: 0.4028315420000581
Train loss: 3.7478019540010337 Val loss: 0.9220489148631508 Time: 0.39000516699888976
Train loss: 2.5003500667710625 Val loss: 0.7308100852616309 Time: 0.3913437079972937
Train loss: 2.5230339449841495 Val loss: 0.7597065400311058 Time: 0.3903493329999037
Train loss: 2.057682231268714 Val loss: 0.8042481990160478 Time: 0.3899815420008963
Train loss: 2.0520307585603774 Val loss: 0.6347310555221328 Time: 0.40314058299554745
Train loss: 2.991147845184969 Val loss: 0.858565299242342 Time: 0.39057825000054436
Train loss: 2.3457340194341896 Val loss: 0.5422810189451094 Time: 0.39114300000073854
Train loss: 1.89023386264045 Val loss: 0.6668570701128373 Time: 0.3920632500012289
Train loss: 1.863834323734224 Val loss: 0.627771010782911 Time: 0.3906269169965526
Train loss: 1.9763973963118815 Val loss: 0.7865146836485751 Time: 0.40128824999555945
Train loss: 1.9083715436257052 Val loss: 0.8259336625567382 Time: 0.44354475000000093
Train loss: 1.7411989215374533 Val loss: 0.6700700413979536 Time: 0.4012740420002956
Train loss: 2.439692138872715 Val loss: 0.5421296798102752 Time: 0.41349066700058756
Train loss: 2.1452111080455154 Val loss: 0.7534326322184669 Time: 0.4032673330002581
Train loss: 2.561684081199928 Val loss: 0.6353466577284811 Time: 0.404066667004372
Train loss: 2.6092953830998518 Val loss: 0.8951447336002077 Time: 0.39139079200685956
Train loss: 1.9651934529378288 Val loss: 0.6792633236290275 Time: 0.39063412500399863
Train loss: 1.4465426461277104 Val loss: 0.7900895394808634 Time: 0.39107287500519305
Train loss: 1.5940258259325901 Val loss: 0.52660095202264 Time: 0.3910977080013254
Train loss: 2.231849303883223 Val loss: 0.7689741630364096 Time: 0.39799504200345837
Train loss: 1.7400375428078974 Val loss: 0.6112509478501018 Time: 0.39351191699824994
Train loss: 2.4880200321364923 Val loss: 1.0176521456917762 Time: 0.39553645799605874
Train loss: 2.2055207069705602 Val loss: 0.7114488443032053 Time: 0.40231491600570735
Train loss: 1.964685572590156 Val loss: 0.6468240416910578 Time: 0.3924297920020763
Train loss: 2.135922687706749 Val loss: 0.7743819049299764 Time: 0.39029470800596755
Train loss: 1.601718484869835 Val loss: 0.7174587863627759 Time: 0.40478670800075633
Train loss: 1.4630981475751241 Val loss: 0.6527200699105195 Time: 0.3903869170026155
Shrinking learning rate to 0.0001
Train loss: 1.5294186175981395 Val loss: 0.7410495035073077 Time: 0.39148783299606293
Train loss: 1.3895691723522674 Val loss: 0.6981737328364815 Time: 0.3901534160031588
Train loss: 1.3135430477756813 Val loss: 0.6787992071713809 Time: 0.38962891700066393
Train loss: 1.1734822195656989 Val loss: 0.6676874446333735 Time: 0.3992748750024475
Train loss: 1.1937425525525498 Val loss: 0.6535249152396337 Time: 0.3901419999965583
Train loss: 1.1985932076266863 Val loss: 0.6505786584708189 Time: 0.3907878329991945
Train loss: 1.0421202372039176 Val loss: 0.6475797748367215 Time: 0.39077445899602026
Train loss: 1.2156615084638327 Val loss: 0.6437385568309426 Time: 0.39055849999567727
Train loss: 1.3134552426729869 Val loss: 0.6392813192176613 Time: 0.40398799999820767
Train loss: 1.009346183344448 Val loss: 0.6289258703056264 Time: 0.45833645799575606
Train loss: 0.9785380688633794 Val loss: 0.6297640488961035 Time: 0.3904080829961458
Train loss: 1.0307293273379017 Val loss: 0.6333621074433285 Time: 0.39073220799764385
Train loss: 0.9971053576075661 Val loss: 0.6453324654243309 Time: 0.38945049999892944
Train loss: 1.113387310298572 Val loss: 0.6393930962491272 Time: 0.406189125002129
Train loss: 1.0039955789773956 Val loss: 0.6354633372586652 Time: 0.4128801669940003
Train loss: 0.9996784926044029 Val loss: 0.6282963183015025 Time: 0.390189375000773
Train loss: 0.9822623695703214 Val loss: 0.64479092395827 Time: 0.389349041004607
Train loss: 0.9853506763633106 Val loss: 0.6397505776097473 Time: 0.3884182499969029
Train loss: 1.0198670965033045 Val loss: 0.6443492435387854 Time: 0.4020822499951464
Train loss: 0.9839624991066671 Val loss: 0.6591594895717224 Time: 0.49430583299545106
Shrinking learning rate to 1e-05
Train loss: 1.0138750646046262 Val loss: 0.631030740325044 Time: 0.3940897499996936
Train loss: 1.129202774976278 Val loss: 0.6309891267402112 Time: 0.39087958299933234
Train loss: 0.9792102096388646 Val loss: 0.6300751379643909 Time: 0.3896926249944954
Train loss: 1.079477804641897 Val loss: 0.6315562053360821 Time: 0.4935462080029538
Train loss: 1.0078308813046135 Val loss: 0.6317021288431672 Time: 0.4472205420024693
Train loss: 0.9658637004576462 Val loss: 0.6320083038852986 Time: 0.4264243750003516
Train loss: 1.0099295533157466 Val loss: 0.6340206704638532 Time: 0.4045624999998836
Train loss: 1.0472101359156056 Val loss: 0.6376403620798865 Time: 0.39159491600003093
Train loss: 0.9333319185458038 Val loss: 0.6368037446209374 Time: 0.41224304199567996
Train loss: 0.9695525505128515 Val loss: 0.6383357606409752 Time: 0.40738583400525386
Train loss: 1.0176127790429064 Val loss: 0.6394763546781247 Time: 0.388810165997711
Train loss: 0.955708172651839 Val loss: 0.6381788683967027 Time: 0.3878184580025845
Train loss: 1.0009807093774867 Val loss: 0.6411197584035632 Time: 0.39060833400435513
Train loss: 0.9788708056852364 Val loss: 0.642881270597896 Time: 0.4038632910014712
Train loss: 0.9980397531467489 Val loss: 0.6435443057470371 Time: 0.38903054199909093
Train loss: 0.9192170518037557 Val loss: 0.6425772055725525 Time: 0.3906927080024616
Train loss: 0.9771454371265236 Val loss: 0.6415615798723638 Time: 0.39041316699876916
Train loss: 0.9878479410450147 Val loss: 0.6420888383718267 Time: 0.3905479999957606
Train loss: 1.0281820929920116 Val loss: 0.6435737069894407 Time: 0.3972459170036018
Train loss: 1.0627866499433045 Val loss: 0.646548504329355 Time: 0.40658149999944726
Train loss: 1.0844648725782804 Val loss: 0.6451931508091382 Time: 0.387829209001211
Train loss: 1.0012814084652177 Val loss: 0.6415519361538885 Time: 0.3894582920038374
Train loss: 0.8748661452648321 Val loss: 0.6413610263499333 Time: 0.38811491600063164
Train loss: 0.9314215419145739 Val loss: 0.6418048526766327 Time: 0.39024179199623177
Train loss: 0.9333075595936577 Val loss: 0.64073033701785 Time: 0.42198620900308015
Train loss: 0.8987037324131428 Val loss: 0.6401713504132233 Time: 0.40474929199990584
Train loss: 0.9082097102059379 Val loss: 0.6400011607644066 Time: 0.4144972919966676
Train loss: 0.966939804438814 Val loss: 0.6403834523486864 Time: 0.4110036670026602
Train loss: 0.9676439606975151 Val loss: 0.6392590717127659 Time: 0.40738183299981756
Train loss: 1.0314433913625844 Val loss: 0.6398783176747328 Time: 0.4050218750053318
Train loss: 1.0641938285060775 Val loss: 0.6389921753873322 Time: 0.4090734589990461
Train loss: 0.9954047971801003 Val loss: 0.6357971252468736 Time: 0.3880562080012169
Shrinking learning rate to 1.0000000000000002e-06
Train loss: 0.9417692897470715 Val loss: 0.6421704554487746 Time: 0.4713865409939899
Train loss: 0.9754011603106321 Val loss: 0.6426909671936801 Time: 0.39236108399927616
Train loss: 0.9718621009500339 Val loss: 0.6425416662350714 Time: 0.4341310000017984
Train loss: 0.9264292680979374 Val loss: 0.6418355129641814 Time: 0.3931204999971669
Train loss: 1.0280095331690173 Val loss: 0.6432736959555222 Time: 0.47050429099908797
Train loss: 1.0195072360653583 Val loss: 0.6431659114847912 Time: 0.3873800840010517
Train loss: 0.9372010177365304 Val loss: 0.6419109765180111 Time: 0.39382795799610903
Train loss: 0.9714897388141175 Val loss: 0.6424570243845578 Time: 0.4004075000048033
Train loss: 1.0755488757877218 Val loss: 0.6441043461215341 Time: 0.3936573750033858
Train loss: 0.899241567040626 Val loss: 0.6413797360866113 Time: 0.3888992499996675
Shrinking learning rate to 1.0000000000000002e-07
Learning rate getting small
Complete
 Total time: 55.25293999999849