starting log for model: models/lstm_lin1_fcast_19_new_23-24.pth
Train loss: 17.64684985406657 Val loss: 1.952094785267783 Time: 0.48433454100450035
Train loss: 13.895977546180244 Val loss: 1.46571648687124 Time: 0.4555620419996558
Train loss: 8.387719247511 Val loss: 0.8905160435224326 Time: 0.44703383299929556
Train loss: 6.755779290612551 Val loss: 0.7416578357999307 Time: 0.4460888750036247
Train loss: 6.322112379909139 Val loss: 0.7006297590920423 Time: 0.4441473750048317
Train loss: 5.518211590348265 Val loss: 0.6358339340407647 Time: 0.5061074999975972
Train loss: 5.469644903539221 Val loss: 0.6240159779059001 Time: 0.445823666988872
Train loss: 5.0229873698008785 Val loss: 0.5433759284967609 Time: 0.4460876249941066
Train loss: 4.604539945492976 Val loss: 0.5127102094047727 Time: 0.4464867500064429
Train loss: 4.009046187072909 Val loss: 0.45828576842134333 Time: 0.45428645799984224
Train loss: 4.079647834228582 Val loss: 0.5086101114796806 Time: 0.44665941600396764
Train loss: 3.623272172070898 Val loss: 0.42948423476966785 Time: 0.4460959590069251
Train loss: 3.4276448505129906 Val loss: 0.4694918290900476 Time: 0.44599279199610464
Train loss: 3.0079327179018946 Val loss: 0.386080484932041 Time: 0.44537891700747423
Train loss: 2.8443806556258835 Val loss: 0.40249278824778756 Time: 0.4503127499920083
Train loss: 3.043849849306639 Val loss: 0.5116532977663547 Time: 0.4452937089954503
Train loss: 3.4836209124252377 Val loss: 0.4390613819105063 Time: 0.4449574159953045
Train loss: 2.9926646386828963 Val loss: 0.42237892936692917 Time: 0.4451455829985207
Train loss: 2.7646804279733175 Val loss: 0.29744596280800817 Time: 0.4523597079969477
Train loss: 2.669088676766693 Val loss: 0.41132026406903716 Time: 0.44695112499175593
Train loss: 2.464840281645694 Val loss: 0.29005744982303555 Time: 0.44564383299439214
Train loss: 2.410152978819063 Val loss: 0.38724499846482047 Time: 0.4447060000093188
Train loss: 2.4105740274520855 Val loss: 0.3413198161061753 Time: 0.4447225000039907
Train loss: 2.4397681785589214 Val loss: 0.32734845781094374 Time: 0.4508936670026742
Train loss: 2.2124575917898284 Val loss: 0.32908539304774465 Time: 0.4451530410005944
Train loss: 2.964947833876592 Val loss: 0.3158083525637381 Time: 0.4444597919937223
Train loss: 2.3592724816580812 Val loss: 0.28851760028389545 Time: 0.444845541001996
Train loss: 2.106233734694115 Val loss: 0.2709043848883252 Time: 0.4460969169886084
Train loss: 2.302341886380141 Val loss: 0.3849291429645184 Time: 0.44883229199331254
Train loss: 2.6350509922168612 Val loss: 0.40371893667969294 Time: 0.44337199999426957
Train loss: 2.3719565868234938 Val loss: 0.27419452714806425 Time: 0.46544512499531265
Train loss: 2.1770123058841193 Val loss: 0.24332661671569525 Time: 0.44478599999274593
Train loss: 1.9425249080987896 Val loss: 0.30242982384616274 Time: 0.44937095799832605
Train loss: 1.9213452151080332 Val loss: 0.33159377937829687 Time: 0.44420312499278225
Train loss: 2.258394001832353 Val loss: 0.30641756806680104 Time: 0.4431686659954721
Train loss: 2.4020506955527026 Val loss: 0.26994078405429817 Time: 0.4441244580084458
Train loss: 1.999363437242618 Val loss: 0.23681771643430585 Time: 0.4438525840087095
Train loss: 1.6911383486285558 Val loss: 0.2591624457449133 Time: 0.4497057499975199
Train loss: 1.8658814276269595 Val loss: 0.2314322308500539 Time: 0.4447660419973545
Train loss: 2.1672448132719637 Val loss: 0.475706814860648 Time: 0.4452832499955548
Train loss: 2.350153499857541 Val loss: 0.25676318524558694 Time: 0.4457692910073092
Train loss: 2.107256751804332 Val loss: 0.23364835669251213 Time: 0.4489189999876544
Train loss: 1.8014788210210213 Val loss: 0.20793790122570735 Time: 0.44971604099555407
Train loss: 1.5920179158057408 Val loss: 0.26140574294053753 Time: 0.4514182080019964
Train loss: 1.768170441148456 Val loss: 0.21017786705210453 Time: 0.4485112910042517
Train loss: 1.580024024633822 Val loss: 0.29704040388097325 Time: 0.4524485420115525
Train loss: 1.9072136358722602 Val loss: 0.2551498289971594 Time: 0.45324391601025127
Train loss: 2.007010670580655 Val loss: 0.33044770474005014 Time: 0.45531624999421183
Train loss: 1.9635894203285034 Val loss: 0.39658426988142437 Time: 0.4543707499979064
Train loss: 2.1207590490318857 Val loss: 0.24354744656347416 Time: 0.4589364589919569
Train loss: 1.6757464796568229 Val loss: 0.21754279248536454 Time: 0.4640383749938337
Train loss: 1.665744611870707 Val loss: 0.3166734026451639 Time: 0.4595399579993682
Train loss: 1.473606660670157 Val loss: 0.178920586579217 Time: 0.4576665420026984
Train loss: 1.5432929257677017 Val loss: 0.18591862764034572 Time: 0.45623479200003203
Train loss: 1.5301157305826045 Val loss: 0.27590594140997393 Time: 0.4580876250111032
Train loss: 1.3674063271975 Val loss: 0.24381508158678453 Time: 0.46730237499286886
Train loss: 1.4608306862012768 Val loss: 0.2186454229336258 Time: 0.46137137500045355
Train loss: 1.335299137410022 Val loss: 0.20644859942477492 Time: 0.45949337499041576
Train loss: 1.6554548420696165 Val loss: 0.20343666973277175 Time: 0.4625502080016304
Train loss: 1.592203308045697 Val loss: 0.3488760422455781 Time: 0.46755287499399856
Train loss: 1.783386993053341 Val loss: 0.20669190704959425 Time: 0.4701908330025617
Train loss: 1.8620619008041581 Val loss: 0.21188753444595268 Time: 0.46600320799916517
Train loss: 2.155770562828309 Val loss: 0.3263349707437154 Time: 0.46967066699289717
Train loss: 1.4085470672694385 Val loss: 0.23509712927816626 Time: 0.4645724580041133
Train loss: 1.5595548858148973 Val loss: 0.18611459273541026 Time: 0.4677064590068767
Train loss: 1.3397640090086043 Val loss: 0.2644913204967098 Time: 0.47034579199680593
Train loss: 1.4517436310608645 Val loss: 0.18535049444586968 Time: 0.46637904200179037
Shrinking learning rate to 5e-05
Train loss: 1.3528193314717054 Val loss: 0.20557241379678515 Time: 0.46949720798875205
Train loss: 1.187353837455987 Val loss: 0.21747471456058926 Time: 0.47228379199805204
Train loss: 1.1537381474685162 Val loss: 0.19965620845350807 Time: 0.4713389999960782
Train loss: 1.2020326455638966 Val loss: 0.21610761176630922 Time: 0.46967312500055414
Train loss: 1.221300600720653 Val loss: 0.19926339355819533 Time: 0.5496435829991242
Train loss: 1.1489427094744826 Val loss: 0.20335872911611408 Time: 0.4769622919993708
Train loss: 1.0999459420694553 Val loss: 0.19099575337919628 Time: 0.4726347500109114
Train loss: 1.1149443624198625 Val loss: 0.18885809160981598 Time: 0.4724329999880865
Train loss: 1.022211739194148 Val loss: 0.18445085379825402 Time: 0.47679095799685456
Train loss: 1.1321909592898223 Val loss: 0.19681023614604656 Time: 0.4782705830002669
Train loss: 1.0673268885415945 Val loss: 0.20429967697751072 Time: 0.4759191670018481
Train loss: 1.1046905641459261 Val loss: 0.1889573387816644 Time: 0.473460042005172
Train loss: 0.9963264124862308 Val loss: 0.19453229812391806 Time: 0.4750671249930747
Train loss: 1.0724365774968279 Val loss: 0.19879171941526108 Time: 0.47691083399695344
Train loss: 1.0255883893118494 Val loss: 0.20690240080296363 Time: 0.48540708400832955
Train loss: 1.0743778789162235 Val loss: 0.19754498619990832 Time: 0.4888061659876257
Train loss: 1.0138767386378333 Val loss: 0.18320776423968704 Time: 0.4781292910047341
Train loss: 1.0826886374674771 Val loss: 0.1990419679192618 Time: 0.47801249999611173
Train loss: 0.978668100632972 Val loss: 0.18227871502860898 Time: 0.4810732089972589
Train loss: 1.163538669487025 Val loss: 0.18864161828985015 Time: 0.48201816699292976
Train loss: 1.1578024111168475 Val loss: 0.1933406037368888 Time: 0.47827454199432395
Train loss: 0.9837751353169324 Val loss: 0.18573915716677677 Time: 0.4780157089990098
Train loss: 0.9999505024786757 Val loss: 0.18985042091033097 Time: 0.4840817920048721
Train loss: 0.9962648417203788 Val loss: 0.19699543759647825 Time: 0.48010566699667834
Train loss: 0.9039348277903976 Val loss: 0.19313835134948146 Time: 0.4777029159886297
Train loss: 0.9743428735692135 Val loss: 0.19372597271258965 Time: 0.489126208005473
Train loss: 0.9227517443337092 Val loss: 0.17666189668405655 Time: 0.4827375830063829
Train loss: 0.9358072814734157 Val loss: 0.1805083469129148 Time: 0.48531825000827666
Train loss: 0.9782375492776545 Val loss: 0.17897411466346225 Time: 0.4786492090061074
Train loss: 0.9833533630477405 Val loss: 0.18012219775029517 Time: 0.48198195900477003
Train loss: 0.9735732910503643 Val loss: 0.17992340791279252 Time: 0.48390604100131895
Train loss: 0.9608105500448296 Val loss: 0.17307477792341017 Time: 0.48592304199701175
Train loss: 0.9799020695288938 Val loss: 0.17918713315528828 Time: 0.4845370830007596
Train loss: 0.9651096909432653 Val loss: 0.191449414066997 Time: 0.48282358300639316
Shrinking learning rate to 5e-06
Train loss: 1.0272923906902065 Val loss: 0.19679130032754882 Time: 0.4856337909877766
Train loss: 0.9641703636502186 Val loss: 0.19199570467293203 Time: 0.4960011250077514
Train loss: 1.0389343874315955 Val loss: 0.19351147736288302 Time: 0.4874232090078294
Train loss: 1.0250538507408464 Val loss: 0.1897092918306126 Time: 0.481434083005297
Train loss: 0.9207546439505094 Val loss: 0.18316383693192886 Time: 0.48374474998854566
Train loss: 0.950923490382138 Val loss: 0.18587993151867932 Time: 0.48863287499989383
Train loss: 0.9101320080251298 Val loss: 0.18496498149236668 Time: 0.48756079201120883
Train loss: 0.9097309189896814 Val loss: 0.18361687572133228 Time: 0.4843098330020439
Train loss: 0.9856093264074222 Val loss: 0.18530268879464712 Time: 0.48437279199424665
Train loss: 0.9239003549690878 Val loss: 0.18229027088753721 Time: 0.48808195799938403
Shrinking learning rate to 5.000000000000001e-07
Learning rate getting small
Complete
 Total time: 51.69979045800574