starting log for model: models/lstm_fcast_20_new_23-24.pth
Train loss: 17.950833465365797 Val loss: 2.0066686582179285 Time: 0.4402001249982277
Train loss: 16.72771137257746 Val loss: 1.8867954864618945 Time: 0.5192921249981737
Train loss: 15.787751258610484 Val loss: 1.7870753676257218 Time: 0.4663843330054078
Train loss: 14.05212357453982 Val loss: 1.588882943113767 Time: 0.469293917005416
Train loss: 11.172424295944376 Val loss: 1.287920775312262 Time: 0.46843745801015757
Train loss: 8.832577725642771 Val loss: 1.0481440699974105 Time: 0.4700017499999376
Train loss: 8.014981791281272 Val loss: 0.9613284501226833 Time: 0.45467574999202043
Train loss: 7.741825505572295 Val loss: 0.9232368042192268 Time: 0.4555992500099819
Train loss: 7.4559297256305594 Val loss: 0.867354398548137 Time: 0.4869346250052331
Train loss: 7.4646901749901815 Val loss: 0.8575672114079492 Time: 0.45577395799045917
Train loss: 7.564069545486312 Val loss: 0.8609318654758897 Time: 0.44799895900359843
Train loss: 7.245964646675575 Val loss: 0.8291959888832 Time: 0.44682720900163986
Train loss: 7.331902098875125 Val loss: 0.8317150174177045 Time: 0.4603960419917712
Train loss: 7.041569965138834 Val loss: 0.8038782325187467 Time: 0.45195241599867586
Train loss: 7.119796588872521 Val loss: 0.8051091643359043 Time: 0.4550981249922188
Train loss: 6.984533090822323 Val loss: 0.7887458217570605 Time: 0.4534650420100661
Train loss: 6.804582930359267 Val loss: 0.7698587346087977 Time: 0.45632437500171363
Train loss: 6.556148331324659 Val loss: 0.7431442730800022 Time: 0.4641445410088636
Train loss: 6.479647852350527 Val loss: 0.7298284607032492 Time: 0.45554137500585057
Train loss: 6.538011872962737 Val loss: 0.7304055939409843 Time: 0.5364439160039183
Train loss: 6.2894588630809665 Val loss: 0.7061451757835745 Time: 0.4670638750103535
Train loss: 6.474689506070796 Val loss: 0.7159110364584382 Time: 0.5111273329966934
Train loss: 6.082320710852528 Val loss: 0.6748171728539496 Time: 0.49796300000161864
Train loss: 5.924844833257083 Val loss: 0.6566891636232028 Time: 0.4842521250102436
Train loss: 5.769370206486059 Val loss: 0.6374686891861008 Time: 0.47577974999148864
Train loss: 5.655468697893202 Val loss: 0.6239699711661225 Time: 0.4725520409992896
Train loss: 5.488191784439808 Val loss: 0.6063632440064842 Time: 0.5599100420076866
Train loss: 5.471227036085382 Val loss: 0.5982760894918738 Time: 0.5538267090014415
Train loss: 5.17493232534492 Val loss: 0.5675532911369241 Time: 0.48593525000615045
Train loss: 5.455205566249845 Val loss: 0.590971293923345 Time: 0.5967807919951156
Train loss: 5.07167962669034 Val loss: 0.55178004906805 Time: 0.6342332079948392
Train loss: 4.885642559272918 Val loss: 0.5314782776748685 Time: 0.4753401250054594
Train loss: 4.6820996885537625 Val loss: 0.5093541033305317 Time: 0.47981166699901223
Train loss: 4.789605221138515 Val loss: 0.5166285899215357 Time: 0.5581969170016237
Train loss: 4.644521643092233 Val loss: 0.499137663152016 Time: 0.47962158400332555
Train loss: 4.722155364639249 Val loss: 0.5012092837160879 Time: 0.4741103329870384
Train loss: 4.414926016211204 Val loss: 0.4729589329516775 Time: 0.47537137499602977
Train loss: 4.302596081513885 Val loss: 0.4629353248830708 Time: 0.4842094170016935
Train loss: 4.473812733200792 Val loss: 0.47540671513651245 Time: 0.4774020410113735
Train loss: 4.377554982444352 Val loss: 0.4658394922516811 Time: 0.4775640419975389
Train loss: 4.338803775961885 Val loss: 0.463350188930557 Time: 0.5457710000046063
Train loss: 4.308381879299731 Val loss: 0.4533426597806122 Time: 0.5049683750112308
Train loss: 4.083312981561047 Val loss: 0.43331893988455833 Time: 0.4786620000086259
Train loss: 4.166551222508549 Val loss: 0.4422035191781964 Time: 0.4795333750080317
Train loss: 3.993951101189098 Val loss: 0.4260986663656465 Time: 0.48427975000231527
Train loss: 4.000202373139066 Val loss: 0.4206942887965199 Time: 0.4842875829926925
Train loss: 3.960981254192352 Val loss: 0.4211247048791595 Time: 0.5141929170058575
Train loss: 3.837255078151305 Val loss: 0.41371353975723035 Time: 0.4781929580058204
Train loss: 3.9412004898837125 Val loss: 0.4180117477413975 Time: 0.482343415991636
Train loss: 3.9190134941062773 Val loss: 0.4122903221712383 Time: 0.5958671669941396
Train loss: 3.8885908071848476 Val loss: 0.4111152078887957 Time: 0.49658670800272375
Train loss: 3.7427891592403917 Val loss: 0.39411175443194985 Time: 0.48335666599450633
Train loss: 3.697024440688459 Val loss: 0.39008953203769936 Time: 0.47475591699185316
Train loss: 3.705505734930388 Val loss: 0.388505409729256 Time: 0.47546262499236036
Train loss: 3.729700685417812 Val loss: 0.38627840388853846 Time: 0.4881233749911189
Train loss: 3.4590771811692274 Val loss: 0.3640929576329814 Time: 0.4956041250115959
Train loss: 3.500736323146528 Val loss: 0.3693346190235424 Time: 0.4881637080106884
Train loss: 3.4862098552842955 Val loss: 0.36600030469896905 Time: 0.5448151250020601
Train loss: 3.3332002402356835 Val loss: 0.3533360957978366 Time: 0.5069606250035577
Train loss: 3.1748994256235137 Val loss: 0.33581231881714096 Time: 0.48616945900721475
Train loss: 3.3407070821708924 Val loss: 0.3561020363104761 Time: 0.4898754579917295
Train loss: 3.462556696078333 Val loss: 0.36574283321888607 Time: 0.48226729199814145
Train loss: 3.4745399149524308 Val loss: 0.36186701091060575 Time: 0.49544995799078606
Train loss: 3.262334350614724 Val loss: 0.339557676162856 Time: 0.4790088750014547
Train loss: 3.3681128056551017 Val loss: 0.34749628623747103 Time: 0.4860192080086563
Train loss: 3.301900619391688 Val loss: 0.34232986461522036 Time: 0.48602979199495167
Train loss: 3.1218532995638184 Val loss: 0.3282330424047671 Time: 0.4971784579975065
Train loss: 3.1350864462879873 Val loss: 0.3284868691732382 Time: 0.48560179201012943
Train loss: 3.1421117684432076 Val loss: 0.3292085267628874 Time: 0.48365783398912754
Train loss: 3.219498329974442 Val loss: 0.33615298573675073 Time: 0.5306977080035722
Train loss: 3.092469494354809 Val loss: 0.3265459151893319 Time: 0.5456935410038568
Train loss: 3.0097482445673993 Val loss: 0.31040500006891 Time: 0.4943456250039162
Train loss: 3.044828574668781 Val loss: 0.31620348587104874 Time: 0.5355886249890318
Train loss: 2.930728597857147 Val loss: 0.30661936540182966 Time: 0.5689370409963885
Train loss: 3.004119415866832 Val loss: 0.31209879812532815 Time: 0.5156687919952674
Train loss: 2.8859469266077427 Val loss: 0.2991386433389511 Time: 0.514948167008697
Train loss: 2.7870908661487954 Val loss: 0.2876084015394761 Time: 0.49075433300458826
Train loss: 2.9421473751288865 Val loss: 0.3253763734375377 Time: 0.4860595420032041
Train loss: 2.8154192119826718 Val loss: 0.2876224324995844 Time: 0.5120611250022193
Train loss: 2.8596429742549265 Val loss: 0.2990135671891585 Time: 0.48190433300624136
Train loss: 2.6992136110822713 Val loss: 0.2987824849065468 Time: 0.4834689589915797
Train loss: 2.7623056035529316 Val loss: 0.30285018988708967 Time: 0.4838045000069542
Train loss: 2.956473043882599 Val loss: 0.30120885370179945 Time: 0.4953968339978019
Train loss: 2.6885788996594986 Val loss: 0.27913274604632593 Time: 0.4859560000040801
Train loss: 2.7672317450109594 Val loss: 0.30164445500760717 Time: 0.48024508300295565
Train loss: 2.6577603703196644 Val loss: 0.2731860292487264 Time: 0.48208891600370407
Train loss: 2.8114040357548333 Val loss: 0.2908097847648912 Time: 0.48779883299721405
Train loss: 2.667481083978629 Val loss: 0.2687111854122527 Time: 0.5052408750052564
Train loss: 2.637015131875291 Val loss: 0.2938049828225993 Time: 0.4863094999891473
Train loss: 2.7561057991993088 Val loss: 0.2988151255635747 Time: 0.4903710840007989
Train loss: 2.665115191715108 Val loss: 0.29426270852843933 Time: 0.48828766599763185
Train loss: 2.635882441645209 Val loss: 0.28633690488350066 Time: 0.5718555409985129
Train loss: 2.5668892494359277 Val loss: 0.28446290646134953 Time: 0.49348495800222736
Train loss: 2.5805822114730645 Val loss: 0.2827295427563497 Time: 0.49252383400744293
Train loss: 2.467366772185585 Val loss: 0.27341260646370213 Time: 0.49586195799929556
Train loss: 2.398502050404602 Val loss: 0.2675106142754709 Time: 0.5043919580057263
Train loss: 2.49896891129422 Val loss: 0.2719497274093089 Time: 0.4885199589916738
Train loss: 2.4872964647382396 Val loss: 0.2696275553226807 Time: 0.49329787500028033
Train loss: 2.5081340479030843 Val loss: 0.27393990004981916 Time: 0.48717549999128096
Train loss: 2.2583577471007814 Val loss: 0.2509029659543859 Time: 0.6494242500048131
Train loss: 2.436228728907945 Val loss: 0.2685738135886233 Time: 0.4918209590105107
Train loss: 2.362813505424956 Val loss: 0.26464976742635926 Time: 0.4912917500041658
Train loss: 2.4145634955600315 Val loss: 0.2640384596506248 Time: 0.5232872079941444
Train loss: 2.3104556926707858 Val loss: 0.2540375654512309 Time: 0.5738470420037629
Train loss: 2.1579926978003696 Val loss: 0.24171795950036126 Time: 0.6029526670026826
Train loss: 2.410216035563792 Val loss: 0.2619780454847649 Time: 0.5022070839913795
Train loss: 2.1834075513035316 Val loss: 0.2434805603893301 Time: 0.49931516699143685
Train loss: 2.2332564370603905 Val loss: 0.249071645028301 Time: 0.5196282919932855
Train loss: 2.4682695182283556 Val loss: 0.2665139841481688 Time: 0.4904420419916278
Train loss: 2.163676126647328 Val loss: 0.24220309297120166 Time: 0.49460108400671743
Train loss: 2.1839770005232424 Val loss: 0.243287866014956 Time: 0.5022208750015125
Train loss: 2.1602565275896675 Val loss: 0.24253300131250521 Time: 0.49965966600575484
Train loss: 2.104716943315477 Val loss: 0.23604664782122134 Time: 0.5081849169946508
Train loss: 2.154844649736006 Val loss: 0.24121226890443634 Time: 0.4998927080014255
Train loss: 2.118630042161529 Val loss: 0.2348563313938918 Time: 0.6030718749971129
Train loss: 2.0980465600678917 Val loss: 0.23260306683199702 Time: 0.5283662500005448
Train loss: 1.9499857711049344 Val loss: 0.22237929699717465 Time: 0.5108437080052681
Train loss: 2.0951170104771997 Val loss: 0.23321731501743978 Time: 0.5280241250002291
Train loss: 2.0636338814501407 Val loss: 0.23065244017018627 Time: 0.5933994160004659
Train loss: 1.9153223476607568 Val loss: 0.21612900421053535 Time: 0.6054823330050567
Train loss: 1.878868430622191 Val loss: 0.21356252354737223 Time: 0.5108935419993941
Train loss: 1.9816572507681585 Val loss: 0.22225296062897967 Time: 0.5090158749953844
Train loss: 1.8836431948032555 Val loss: 0.21390184310877844 Time: 0.5121797920000972
Train loss: 1.966812367422495 Val loss: 0.22090880327977985 Time: 0.5172546249959851
Train loss: 1.7470854292697595 Val loss: 0.20130882095392358 Time: 0.5528507500130218
Train loss: 1.9311709808122899 Val loss: 0.2190540476772207 Time: 0.661341209008242
Train loss: 1.7694618340946953 Val loss: 0.20548957967617912 Time: 0.5309192499989877
Train loss: 1.9267884595815312 Val loss: 0.2200573763698587 Time: 0.5160757919948082
Train loss: 1.981478513039633 Val loss: 0.22473278156472482 Time: 0.5228952089964878
Train loss: 1.805865238755466 Val loss: 0.20858897547750868 Time: 0.6404295829997864
Train loss: 1.912348762676686 Val loss: 0.2192556756673533 Time: 0.5406899999943562
Train loss: 1.7842178144510825 Val loss: 0.20495825885302926 Time: 0.5332792910048738
Train loss: 1.7392292039326653 Val loss: 0.20290892815203812 Time: 0.5001216670061694
Train loss: 1.7837932244923405 Val loss: 0.21113123305267553 Time: 0.4985261669935426
Train loss: 1.7522191989960518 Val loss: 0.20296142537400003 Time: 0.5109055829962017
Train loss: 1.7390570191367125 Val loss: 0.2092417945515842 Time: 0.5058612919965526
Train loss: 1.7302295534511813 Val loss: 0.20212379096887104 Time: 0.5177720409992617
Train loss: 1.6373589531634707 Val loss: 0.19187839926884812 Time: 0.5836307080026018
Train loss: 1.7742079112373403 Val loss: 0.20374976010163945 Time: 0.6058166669972707
Train loss: 1.6182695203500224 Val loss: 0.19433541001502844 Time: 0.5163335830002325
Train loss: 1.7677382494949008 Val loss: 0.20516848364571355 Time: 0.5237561660032952
Train loss: 1.566848930090913 Val loss: 0.18636082130247303 Time: 0.509328625004855
Train loss: 1.6277648329932788 Val loss: 0.19325624285690757 Time: 0.5104665000108071
Train loss: 1.4755652409461035 Val loss: 0.14773369430807134 Time: 0.5055483330070274
Train loss: 1.6430991103050587 Val loss: 0.19365591347711933 Time: 0.5147952500119573
Train loss: 1.5994216965341366 Val loss: 0.1891207682619011 Time: 0.5201787919941125
Train loss: 1.745692507987954 Val loss: 0.20589170960373057 Time: 0.6494186249910854
Train loss: 1.5835144998560657 Val loss: 0.18734192080217768 Time: 0.5257139999885112
Train loss: 1.5362198340758653 Val loss: 0.15472342725356097 Time: 0.5227210419980111
Train loss: 1.5099998333408706 Val loss: 0.18420770332500874 Time: 0.5344547080021584
Train loss: 1.4553926575910996 Val loss: 0.17989015804099628 Time: 0.5883226250007283
Train loss: 1.4906507193068705 Val loss: 0.18002202859852673 Time: 0.6201127079984872
Train loss: 1.5710719299307208 Val loss: 0.1864226725525283 Time: 0.5152599580032984
Train loss: 1.4869592324333922 Val loss: 0.1807306701427583 Time: 0.5256205420009792
Train loss: 1.4176677177005388 Val loss: 0.17362560244725192 Time: 0.5120239170064451
Train loss: 1.3280608705221866 Val loss: 0.16824570210592923 Time: 0.5178876669961028
Train loss: 1.4496529244514358 Val loss: 0.18371334027801167 Time: 0.5601740830024937
Train loss: 1.5386375767744145 Val loss: 0.18371409106904768 Time: 0.5815531249972992
Train loss: 1.3658957548832973 Val loss: 0.17142890877701022 Time: 0.5431593340035761
Train loss: 1.3563488897643765 Val loss: 0.1738426241272318 Time: 0.5510862090013688
Train loss: 1.3487788053914755 Val loss: 0.16832974344854587 Time: 0.5128786660061451
Train loss: 1.5369266706092048 Val loss: 0.18339434542941346 Time: 0.604681041004369
Train loss: 1.3627592423943753 Val loss: 0.1706356510875044 Time: 0.5072665410116315
Train loss: 1.2121239422051815 Val loss: 0.15746179727862153 Time: 0.5069740000035381
Train loss: 1.1958087580908483 Val loss: 0.15806046826234144 Time: 0.5170049169973936
Train loss: 1.274700984954805 Val loss: 0.1712449077784934 Time: 0.5035300000017742
Train loss: 1.394087997744848 Val loss: 0.17184198609644 Time: 0.5260016660031397
Train loss: 1.1975799712051105 Val loss: 0.15802256815249355 Time: 0.516336250002496
Train loss: 1.3454979600118122 Val loss: 0.16987272441214477 Time: 0.5401592089910991
Train loss: 1.356416149755134 Val loss: 0.1685667125882693 Time: 0.5198534170049243
Train loss: 1.2188599304931813 Val loss: 0.16171006684942396 Time: 0.5361624169891002
Train loss: 1.4001836424989484 Val loss: 0.17546236618884456 Time: 0.5836288340069586
Train loss: 1.2355504536080164 Val loss: 0.1590270757861872 Time: 0.5439832499978365
Train loss: 1.183914641199408 Val loss: 0.15537704383948078 Time: 0.5996314579970203
Train loss: 1.1782228194362325 Val loss: 0.1558100033421103 Time: 0.5977420830022311
Train loss: 1.2905239514950324 Val loss: 0.170145167796451 Time: 0.5063806669932092
Train loss: 1.1193973822511225 Val loss: 0.15069304466997197 Time: 0.5184802919975482
Train loss: 1.1643182999553758 Val loss: 0.15823293847348271 Time: 0.5159684590034885
Train loss: 1.1166316860744168 Val loss: 0.1501216653543999 Time: 0.5076231249986449
Train loss: 1.1488044575073104 Val loss: 0.16229615443432188 Time: 0.5722985409956891
Train loss: 1.1676975529110223 Val loss: 0.16254530678039897 Time: 0.5492413329920964
Train loss: 1.0378821643269518 Val loss: 0.1470761749310706 Time: 0.5382932079955935
Train loss: 1.1836747135835282 Val loss: 0.15820814765546046 Time: 0.5082468329928815
Train loss: 1.3941182691896987 Val loss: 0.1755488249173356 Time: 0.534057833996485
Train loss: 1.0617966710236715 Val loss: 0.14599550964550845 Time: 0.5684027079987573
Train loss: 1.1454427123048418 Val loss: 0.15211242055319998 Time: 0.515834250007174
Train loss: 1.0900225049236205 Val loss: 0.15358075264273593 Time: 0.5677149169932818
Train loss: 1.1095118524546024 Val loss: 0.15857599238545472 Time: 0.5026583329890855
Train loss: 1.1445486560905422 Val loss: 0.15411940910346247 Time: 0.5023022920067888
Train loss: 1.0898286376284432 Val loss: 0.1490724849318576 Time: 0.4940263329917798
Train loss: 0.9953379811776983 Val loss: 0.1415457006920134 Time: 0.5198200830054702
Train loss: 0.858371062154589 Val loss: 0.13361441652751566 Time: 0.5282863750035176
Train loss: 0.9537571222454118 Val loss: 0.14104689822177732 Time: 0.5106569579947973
Train loss: 1.1687394921266616 Val loss: 0.13899255295600024 Time: 0.5012733330077026
Train loss: 1.141394828760582 Val loss: 0.16195539644517093 Time: 0.5034238750085933
Train loss: 1.1416276283052298 Val loss: 0.15747174779983 Time: 0.49925449999864213
Train loss: 1.0044956474105788 Val loss: 0.14714134975486542 Time: 0.5165837920067133
Train loss: 1.1435787999559786 Val loss: 0.15418249936005168 Time: 0.5948817919997964
Train loss: 0.9444875058954829 Val loss: 0.1390611071364805 Time: 0.5422382499964442
Train loss: 1.1018098763344 Val loss: 0.15057978216327603 Time: 0.5366259580041515
Train loss: 0.9091977238405207 Val loss: 0.13822918397573106 Time: 0.5155298749887152
Shrinking learning rate to 1e-05
Train loss: 1.000166452690502 Val loss: 0.14278459857144815 Time: 0.5123460419999901
Train loss: 0.9831580797800576 Val loss: 0.14195804297768133 Time: 0.5215010829997482
Train loss: 0.9891219788855778 Val loss: 0.14186152735008634 Time: 0.7341301659907913
Train loss: 0.9382347998157172 Val loss: 0.13877155602653507 Time: 0.5353890830010641
Train loss: 0.9774163608428346 Val loss: 0.1416434725482234 Time: 0.5416437080129981
Train loss: 0.9808580399583775 Val loss: 0.14333250940729972 Time: 0.5242667919956148
Train loss: 0.8957056626227313 Val loss: 0.13854024628277892 Time: 0.515241540997522
Train loss: 0.9387848599466331 Val loss: 0.14403977898397452 Time: 0.5207790409913287
Train loss: 1.1205612326111378 Val loss: 0.15484807872723502 Time: 0.5206097080081236
Train loss: 1.026658096401718 Val loss: 0.1463276524221964 Time: 0.5078958749945741
Shrinking learning rate to 1.0000000000000002e-06
Train loss: 1.0583019731647454 Val loss: 0.1470441380743522 Time: 0.5149021670076763
Train loss: 0.9200926538939029 Val loss: 0.1373431054958262 Time: 0.5183572079986334
Train loss: 1.0182552576908392 Val loss: 0.14388536497155596 Time: 0.5110561670007883
Train loss: 0.971207216604725 Val loss: 0.14044191414701535 Time: 0.5723921669996344
Train loss: 0.9184304205326654 Val loss: 0.13678355146935656 Time: 0.5100443340052152
Train loss: 0.9724311630465223 Val loss: 0.14045444003194268 Time: 0.5184191250009462
Train loss: 0.9470118567599215 Val loss: 0.13868628211127684 Time: 0.5133540829992853
Train loss: 0.9677940364846815 Val loss: 0.14011700828601292 Time: 0.5054906250006752
Train loss: 0.9127490587023885 Val loss: 0.1362423196518444 Time: 0.5041062089876505
Train loss: 0.9295512942288724 Val loss: 0.13730132597053804 Time: 0.4964197919907747
Shrinking learning rate to 1.0000000000000002e-07
Learning rate getting small
Complete
 Total time: 114.37469541699102