starting log for model: models/lstm_comb2_new_22-23.pth
Train loss: 14.763749789829944 Val loss: 1.6721082840299202 Time: 0.41907050000008894
Train loss: 11.3081924339603 Val loss: 1.2688630942514436 Time: 0.45177724999985003
Train loss: 6.90254707108182 Val loss: 0.8398249506804222 Time: 0.41937458300026265
Train loss: 5.976647065691118 Val loss: 0.7620825161978373 Time: 0.4139095000000452
Train loss: 5.712510162585673 Val loss: 0.7387887114958446 Time: 0.41207787500025006
Train loss: 5.585147832044621 Val loss: 0.7273918124301731 Time: 0.3928058750002492
Train loss: 5.481498927387327 Val loss: 0.7167134904091463 Time: 0.3831162920000679
Train loss: 5.398981251362251 Val loss: 0.7094569340887908 Time: 0.3825810840003214
Train loss: 5.351908373398403 Val loss: 0.7046308748981402 Time: 0.3829019999998309
Train loss: 5.299481223177036 Val loss: 0.7012834207393777 Time: 0.38656741600016176
Train loss: 5.230611046283531 Val loss: 0.6953191487468916 Time: 0.38236120800002027
Train loss: 5.164141360727616 Val loss: 0.6886926705274884 Time: 0.38279970899975524
Train loss: 5.083522145868248 Val loss: 0.6810734424126059 Time: 0.3815473330000714
Train loss: 5.009065129268245 Val loss: 0.6725346659042876 Time: 0.39572445800013156
Train loss: 4.944775041982483 Val loss: 0.6670168830024471 Time: 0.3889920419996997
Train loss: 4.890479997484617 Val loss: 0.6630075307625816 Time: 0.38202316700017036
Train loss: 4.829712365659101 Val loss: 0.6596285429052411 Time: 0.38356408299978284
Train loss: 4.7669903769685495 Val loss: 0.6545474696247724 Time: 0.3824192080001012
Train loss: 4.7215874408140825 Val loss: 0.7365804024860474 Time: 0.38083329100027186
Train loss: 4.681826915019503 Val loss: 0.647615230753517 Time: 0.3852817500001038
Train loss: 4.861187892614389 Val loss: 0.7460496632101363 Time: 0.3813873330000206
Train loss: 4.675892545075813 Val loss: 0.7313686198389302 Time: 0.38104520799970487
Train loss: 4.605220060688899 Val loss: 0.7245297870704652 Time: 0.3800667909999902
Train loss: 4.559834950670788 Val loss: 0.7195116093424013 Time: 0.3821957080003813
Train loss: 4.525462235748794 Val loss: 0.7150271512936349 Time: 0.3830724999997983
Train loss: 4.497662995706548 Val loss: 0.7108411799103989 Time: 0.38622704199997315
Train loss: 4.464308322800881 Val loss: 0.7066880556786459 Time: 0.3823414160001448
Train loss: 4.449928830273599 Val loss: 0.7037498654620882 Time: 0.38248604199998226
Train loss: 4.411728043313913 Val loss: 0.6996057913770259 Time: 0.3954171249997671
Train loss: 4.3776171309137375 Val loss: 0.6953240671574628 Time: 0.3830878750000011
Train loss: 4.34496729400891 Val loss: 0.6918038524489659 Time: 0.3943019160001313
Train loss: 4.323110594615422 Val loss: 0.6887262346591372 Time: 0.38264870800003337
Train loss: 4.268194704349902 Val loss: 0.6829058293164376 Time: 0.3922597499999938
Train loss: 4.227389194080182 Val loss: 0.6783535111217399 Time: 0.4107116249997489
Train loss: 4.163854739768723 Val loss: 0.6710609265671895 Time: 0.4724966660000973
Train loss: 4.126551498534212 Val loss: 0.6644241378209915 Time: 0.40336612500004776
Train loss: 4.020344642974138 Val loss: 0.6564340502983564 Time: 0.3861086659999273
Train loss: 3.95379965805416 Val loss: 0.6481122507456487 Time: 0.39358804199991937
Train loss: 3.9028428321694806 Val loss: 0.6423135974876245 Time: 0.40754341699994256
Train loss: 3.789913086151671 Val loss: 0.6339865958568427 Time: 0.38342570799977693
Train loss: 3.766579716342665 Val loss: 0.6309728980850947 Time: 0.38718812499973865
Train loss: 3.685773141369797 Val loss: 0.7657556726129833 Time: 0.3817943340000056
Train loss: 3.6244454473557113 Val loss: 0.6199544640086888 Time: 0.3821570000000065
Train loss: 3.5889661215008175 Val loss: 0.7548358874903187 Time: 0.3809145830000489
Train loss: 3.5218531957383448 Val loss: 0.7471985554482261 Time: 0.381397540999842
Train loss: 3.499445733909167 Val loss: 0.7466898007071736 Time: 0.3809155419999115
Train loss: 3.3883584881834174 Val loss: 0.7504133238264463 Time: 0.3861349999997401
Train loss: 3.28538792923962 Val loss: 0.4947802474367249 Time: 0.38102675000027375
Train loss: 3.258690809151066 Val loss: 0.4936546748165794 Time: 0.38281999999981053
Train loss: 3.1776021630880367 Val loss: 0.5993636570741971 Time: 0.4218602920000194
Train loss: 3.074454668711251 Val loss: 0.4905243568791665 Time: 0.3813131669999166
Train loss: 3.0469788339614894 Val loss: 0.5401242267004401 Time: 0.38790612499997223
Train loss: 2.947014968014514 Val loss: 0.52656553937788 Time: 0.3811043340001561
Train loss: 2.930833983334814 Val loss: 0.5198004865920388 Time: 0.3823189159998037
Train loss: 2.8596768828016366 Val loss: 0.5145084222620999 Time: 0.38183012499985125
Train loss: 2.8298626284353077 Val loss: 0.513250805495036 Time: 0.382130708999739
Train loss: 2.7824271089233594 Val loss: 0.5115296099299101 Time: 0.3855195000001004
Train loss: 2.6755463899345386 Val loss: 0.8954878210378241 Time: 0.38164975000017876
Train loss: 2.5975736156694227 Val loss: 0.8790186011785187 Time: 0.38141633300028843
Train loss: 2.5395287478663136 Val loss: 0.8877137399871349 Time: 0.38079341699994984
Train loss: 2.4437364773639363 Val loss: 0.8711408333259003 Time: 0.38127266700030304
Train loss: 2.4109489368100085 Val loss: 0.8683522556727571 Time: 0.381039833000159
Train loss: 2.3337474727554195 Val loss: 0.8657161624491507 Time: 0.3857548329997371
Train loss: 2.311314140428891 Val loss: 0.8639681984960654 Time: 0.38221841699987635
Train loss: 2.246033513250019 Val loss: 0.8576270354388165 Time: 0.3809417500001473
Train loss: 2.2048962046651717 Val loss: 0.8551877245791563 Time: 0.3915514160003113
Train loss: 2.1565149991445764 Val loss: 0.8560121385472096 Time: 0.38118516700023974
Train loss: 2.1600141012969516 Val loss: 0.8534785811063305 Time: 0.38525587499998437
Train loss: 2.047641533069111 Val loss: 0.8486560788267167 Time: 0.3813702080001349
Train loss: 1.9803888757257226 Val loss: 0.8453982938340608 Time: 0.3918650420000631
Train loss: 2.071408181958361 Val loss: 0.8531866004903202 Time: 0.39419808399998146
Train loss: 2.051580233779254 Val loss: 0.8487741244646368 Time: 0.382043916999919
Train loss: 1.8908385652053994 Val loss: 0.8387230004249059 Time: 0.39113687500002925
Train loss: 1.8651754477946696 Val loss: 0.8392543987186857 Time: 0.3818383749999157
Train loss: 1.843033420548771 Val loss: 0.8390829089997461 Time: 0.3817484169999261
Train loss: 1.8242169184369468 Val loss: 0.8398882009467613 Time: 0.3830066249997799
Train loss: 1.7520145849322546 Val loss: 0.836913296953044 Time: 0.38866937500006316
Train loss: 1.7601860640222515 Val loss: 0.8386708912472502 Time: 0.38722295799971107
Train loss: 1.6376063725457684 Val loss: 0.8348133340799948 Time: 0.39202579199991305
Train loss: 1.7049664731155796 Val loss: 0.8297855343533261 Time: 0.3922125829999459
Train loss: 1.6486521056121326 Val loss: 0.8399157676009584 Time: 0.3874562500000138
Train loss: 1.7189030761709567 Val loss: 0.8327607356624807 Time: 0.3857450410000638
Train loss: 1.5254717333535979 Val loss: 0.8294808952924908 Time: 0.3854354999998577
Train loss: 1.4459519951704616 Val loss: 0.828612289070234 Time: 0.48147841600030006
Train loss: 1.4288599824092287 Val loss: 0.8254896792248895 Time: 0.39269354199996087
Train loss: 1.4577976157451076 Val loss: 0.827572095739759 Time: 0.44994874999974854
Train loss: 1.3477252842785106 Val loss: 0.8246537806782249 Time: 0.4297953330001292
Train loss: 1.34363180401715 Val loss: 0.8258572650936868 Time: 0.5257055829997626
Train loss: 1.3863579167182287 Val loss: 0.8256961454532586 Time: 0.42199258399978135
Train loss: 1.3153317712151136 Val loss: 0.8254792436235958 Time: 0.4570829589997629
Train loss: 1.3463263857302437 Val loss: 0.8292242739693493 Time: 0.4725554999999986
Train loss: 1.27547892299242 Val loss: 0.8210197988642317 Time: 0.4568085420000898
Train loss: 1.3468053802713413 Val loss: 0.8290149239837735 Time: 0.41175775000010617
Train loss: 1.285340035571327 Val loss: 0.825585984368926 Time: 0.3920437500000844
Train loss: 1.1984276938174157 Val loss: 0.8231286806218594 Time: 0.39283175000036863
Train loss: 1.2072297248957966 Val loss: 0.879945001090423 Time: 0.39698362499984796
Train loss: 1.295029538323881 Val loss: 0.8262681812338003 Time: 0.4025178749998304
Train loss: 1.158662742232039 Val loss: 0.82506266471336 Time: 0.4635587910001959
Train loss: 1.075579117594657 Val loss: 0.8185746484591739 Time: 0.4539117909998822
Train loss: 1.0920474923315169 Val loss: 0.8256472784156788 Time: 0.632519332999891
Train loss: 1.2483910351873977 Val loss: 0.8251801455343059 Time: 0.509717959000227
Train loss: 1.072083761870516 Val loss: 0.8349615344240223 Time: 0.4868057499998031
Train loss: 1.0553142617942513 Val loss: 0.8254829123841224 Time: 0.3955981660001271
Train loss: 0.9790983176070895 Val loss: 0.8227029273625002 Time: 0.3991920419998678
Train loss: 1.0068354641620232 Val loss: 0.822440393573819 Time: 0.39654104199962603
Train loss: 0.9764453253980037 Val loss: 0.8213782485986072 Time: 0.40057483300006425
Train loss: 0.999219829927533 Val loss: 0.8273081872669932 Time: 0.4164522080000097
Train loss: 1.124426991702304 Val loss: 0.824242957076683 Time: 0.40247262499997305
Train loss: 1.1429219994452353 Val loss: 0.8263561748526086 Time: 0.40482120900014706
Train loss: 0.959288859941168 Val loss: 0.8175281829287241 Time: 0.4504402500001561
Train loss: 0.9679740689649634 Val loss: 0.8270526762593484 Time: 0.4502655420001247
Train loss: 0.9672390247959584 Val loss: 0.8192887540178069 Time: 0.41833991699968465
Train loss: 0.9286327248665529 Val loss: 0.823441315032062 Time: 0.4091511659999014
Train loss: 1.1125513997042065 Val loss: 0.8221913348472778 Time: 0.5075783339998452
Train loss: 0.8297479739536726 Val loss: 0.8290032862400581 Time: 0.4036502920002931
Train loss: 0.9056877132344212 Val loss: 0.821362182724487 Time: 0.41124454200007676
Train loss: 0.807812430191575 Val loss: 0.8207351808875525 Time: 0.42143945899988466
Train loss: 1.1825895571273577 Val loss: 0.8256358773429391 Time: 0.433483416999934
Train loss: 0.747382690206849 Val loss: 0.8253121372552956 Time: 0.47992887500004144
Train loss: 0.8755463569374342 Val loss: 0.8206069946108481 Time: 0.4284933750000164
Train loss: 0.7411567694400674 Val loss: 0.8184052805661226 Time: 0.42749370799992903
Train loss: 1.0091110808460257 Val loss: 0.8248010311054943 Time: 0.4213911659999212
Train loss: 1.010922689811082 Val loss: 0.8293156079059291 Time: 0.4147568329999558
Train loss: 0.668093618449916 Val loss: 0.8170870609683214 Time: 0.4138872920002541
Train loss: 0.687812557842876 Val loss: 0.8297988858576548 Time: 0.41601537499991537
Train loss: 0.8997898284947183 Val loss: 0.8264413818139854 Time: 0.4263842079999449
Train loss: 0.7045769277249292 Val loss: 0.8407290096874764 Time: 0.4153427500000362
Train loss: 1.178173642361628 Val loss: 0.8349592712036215 Time: 0.4179372090002289
Train loss: 0.7026928061098836 Val loss: 0.8218371711799879 Time: 0.4158410830000321
Train loss: 0.766556049880478 Val loss: 0.8234437937676801 Time: 0.41885187499974563
Train loss: 0.7118383241205741 Val loss: 0.8267753848500542 Time: 0.41704904100015483
Train loss: 0.6840002301714776 Val loss: 0.8281773763014928 Time: 0.4113901660002739
Train loss: 0.6984050246578306 Val loss: 0.8230575768518764 Time: 0.4108477499999026
Shrinking learning rate to 5e-05
Train loss: 0.9282738318222741 Val loss: 0.8265800539007019 Time: 0.41356508300032147
Train loss: 0.6775747483194152 Val loss: 0.8262767405000306 Time: 0.4131692500000099
Train loss: 0.6253828226246014 Val loss: 0.8264457204030325 Time: 0.4156535420002001
Train loss: 0.5910269269576851 Val loss: 0.8266465750595954 Time: 0.4122256250002465
Train loss: 0.5735247067602041 Val loss: 0.8269630719779191 Time: 0.41851974999963204
Train loss: 0.5618980013477994 Val loss: 0.8274283387867991 Time: 0.4147253340001953
Train loss: 0.5522245749747583 Val loss: 0.8278510798157472 Time: 0.4133236659999966
Train loss: 0.5476639572273054 Val loss: 0.8283543157605502 Time: 0.4146030420001807
Train loss: 0.5423268454862438 Val loss: 0.8288884403102226 Time: 0.41147037499968064
Train loss: 0.5372100123437855 Val loss: 0.8291242880123065 Time: 0.4131904169998961
Train loss: 0.5355710674826373 Val loss: 0.8294344296124773 Time: 0.4151178329998402
Train loss: 0.5314952987239909 Val loss: 0.8294448025977231 Time: 0.4135702079997827
Train loss: 0.5300657865610674 Val loss: 0.8297545855049765 Time: 0.415615667000111
Train loss: 0.5260540068194643 Val loss: 0.8296846976393385 Time: 0.4109017499999936
Train loss: 0.5254531998164964 Val loss: 0.8298581628686286 Time: 0.41627458399989337
Train loss: 0.5220320218127137 Val loss: 0.829838802193564 Time: 0.41501083299999664
Train loss: 0.5219710316094996 Val loss: 0.8299432218441395 Time: 0.41524958399986645
Train loss: 0.5182214289172089 Val loss: 0.8299798661570619 Time: 0.42291508399966915
Train loss: 0.5168907547139518 Val loss: 0.8301523760983472 Time: 0.413937709000038
Train loss: 0.5141491880015678 Val loss: 0.8301097989702205 Time: 0.4478915840004447
Train loss: 0.5130039507776019 Val loss: 0.830287798189795 Time: 0.4150549159999173
Train loss: 0.5107439706870593 Val loss: 0.8302986114626743 Time: 0.4286526659998344
Train loss: 0.5097194238379501 Val loss: 0.8304295510792193 Time: 0.4194193749999613
Train loss: 0.5076792539284725 Val loss: 0.8303699459534039 Time: 0.41476066600034756
Train loss: 0.5070682121466454 Val loss: 0.8304700751220782 Time: 0.4151834159997634
Train loss: 0.5047808796827695 Val loss: 0.8305028462534776 Time: 0.4214872920001653
Train loss: 0.5044515249224517 Val loss: 0.8305488505100662 Time: 0.41694237499996234
Train loss: 0.5030962586640442 Val loss: 0.8305435009731728 Time: 0.42166237500032366
Train loss: 0.5019765673624141 Val loss: 0.8306551615618598 Time: 0.42454449999968347
Train loss: 0.5002746602086328 Val loss: 0.8306082123842223 Time: 0.417358583999885
Train loss: 0.4997926610227843 Val loss: 0.8305419546430413 Time: 0.4152326659996106
Train loss: 0.4986924185049164 Val loss: 0.8306410238219528 Time: 0.4200535410000157
Train loss: 0.49760741066441483 Val loss: 0.8306890466918758 Time: 0.4242087910001828
Train loss: 0.49611862256210415 Val loss: 0.8305309160579907 Time: 0.4166617920000135
Train loss: 0.49567771035928954 Val loss: 0.8305628105625005 Time: 0.4170726250004009
Train loss: 0.4945244827266411 Val loss: 0.8305788870738798 Time: 0.41887533299995994
Train loss: 0.4935210511846997 Val loss: 0.8305846241258156 Time: 0.4179117920002682
Train loss: 0.4925277588766966 Val loss: 0.8305982369700428 Time: 0.42278912499978105
Train loss: 0.4915424992976556 Val loss: 0.8306148090826051 Time: 0.41956024999990404
Train loss: 0.4905913382815408 Val loss: 0.8305867143461503 Time: 0.4187656250001055
Train loss: 0.4892025042270427 Val loss: 0.8305958643311097 Time: 0.4206826659997205
Train loss: 0.4879647583872926 Val loss: 0.8305920868310079 Time: 0.4245095000001129
Train loss: 0.487533247194361 Val loss: 0.8309383502947796 Time: 0.42196754199994757
Train loss: 0.48538252819718153 Val loss: 0.8309526305370231 Time: 0.4192116249996616
Train loss: 0.48433238734453 Val loss: 0.8310333325456642 Time: 0.41864029099997424
Train loss: 0.48308560866787786 Val loss: 0.8311106440073571 Time: 0.4216151670002546
Train loss: 0.4820791157364823 Val loss: 0.8311001134315845 Time: 0.42468920800001797
Train loss: 0.48052279963746525 Val loss: 0.831104071932088 Time: 0.4254467079999813
Train loss: 0.48045613338039583 Val loss: 0.8310985576014709 Time: 0.4818696249999448
Train loss: 0.4793176897220057 Val loss: 0.831112549736784 Time: 0.42445062499973574
Train loss: 0.4786978278824743 Val loss: 0.8311303550567913 Time: 0.4541057080000428
Train loss: 0.47715711417693285 Val loss: 0.8310404267092263 Time: 0.4244791669998449
Train loss: 0.4772309189482016 Val loss: 0.8310617349400052 Time: 0.4230111249999027
Train loss: 0.4756191628508617 Val loss: 0.8310703093879294 Time: 0.4237099590000071
Train loss: 0.47570401640426496 Val loss: 0.8309791743729034 Time: 0.42470495799989294
Train loss: 0.4742801517117279 Val loss: 0.8309811214346426 Time: 0.4246072079999976
Train loss: 0.47428536935893106 Val loss: 0.8309842088508782 Time: 0.42651212500004476
Train loss: 0.4728914767270034 Val loss: 0.8308995689978044 Time: 0.42521362500019677
Train loss: 0.472654090736353 Val loss: 0.8308631545225136 Time: 0.4517073340002753
Train loss: 0.4713292562406082 Val loss: 0.8309173500457679 Time: 0.4444512500003839
Train loss: 0.47121001834331366 Val loss: 0.830803383347137 Time: 0.43539200000031997
Train loss: 0.4700045534781694 Val loss: 0.8308599727322673 Time: 0.4325229579999359
Train loss: 0.4699401149185478 Val loss: 0.8308377381576981 Time: 0.42524720800020077
Train loss: 0.4687452847705673 Val loss: 0.8309412676271224 Time: 0.49022545900015757
Train loss: 0.46800409524651615 Val loss: 0.8307546609858582 Time: 0.43049004200020136
Train loss: 0.46805260993176123 Val loss: 0.8308701863600759 Time: 0.4638436250002087
Train loss: 0.46685735471375267 Val loss: 0.8307797688144355 Time: 0.4335053750000952
Train loss: 0.4660989965466342 Val loss: 0.830632078801566 Time: 0.4448846660002346
Train loss: 0.46601033128144476 Val loss: 0.8307314020977296 Time: 0.4288106250000965
Train loss: 0.4648460133536787 Val loss: 0.8306919744042939 Time: 0.449919165999745
Train loss: 0.4642529054038249 Val loss: 0.8305118541700982 Time: 0.4338289160000386
Train loss: 0.46396055549930626 Val loss: 0.8306059916463423 Time: 0.42684995899981004
Train loss: 0.4630611944304519 Val loss: 0.8305528333233764 Time: 0.4362084170002163
Train loss: 0.46230162367233163 Val loss: 0.8304744985056314 Time: 0.43465329199989355
Train loss: 0.4616774407915223 Val loss: 0.8304557060630305 Time: 0.43932870800017554
Train loss: 0.4615851391879211 Val loss: 0.8304538786609632 Time: 0.44518491700000595
Train loss: 0.4605936808980786 Val loss: 0.8303838968006646 Time: 0.431612750000113
Train loss: 0.4598946498450278 Val loss: 0.83033936600186 Time: 0.4518659589998606
Train loss: 0.45993034740400507 Val loss: 0.8303013538553534 Time: 0.4334534999998141
Train loss: 0.4589765652796629 Val loss: 0.8303239622033275 Time: 0.44647775000021284
Train loss: 0.45832274473706747 Val loss: 0.830153799774259 Time: 0.4334014170003684
Train loss: 0.45820073829547336 Val loss: 0.8302244540724426 Time: 0.42941862499992567
Train loss: 0.457400762763851 Val loss: 0.8301254034840579 Time: 0.42559170799995627
Train loss: 0.4566162293002485 Val loss: 0.8301327778532921 Time: 0.42602450000003955
Train loss: 0.4561574881779933 Val loss: 0.8300406579041948 Time: 0.4392942499998753
Train loss: 0.45600456699431646 Val loss: 0.8300758245665523 Time: 0.42922929100041074
Train loss: 0.4552812060034057 Val loss: 0.8300114394865842 Time: 0.42633533300022464
Train loss: 0.45459392886382943 Val loss: 0.8299401136280445 Time: 0.427937208000003
Train loss: 0.4540610013732902 Val loss: 0.8298795457787451 Time: 0.42968529200015837
Train loss: 0.45399445004308436 Val loss: 0.829865502620468 Time: 0.43198854199999914
Train loss: 0.45313690316069 Val loss: 0.8298703845198473 Time: 0.4275809579999077
Train loss: 0.4526054379994733 Val loss: 0.8297144714391831 Time: 0.43010370799993325
Train loss: 0.45213048315595117 Val loss: 0.8298675474882584 Time: 0.4313207089999196
Train loss: 0.45168073678084397 Val loss: 0.829684406113191 Time: 0.4339153749997422
Train loss: 0.45143912760720184 Val loss: 0.8297821437941408 Time: 0.4331090000000586
Train loss: 0.450750423834009 Val loss: 0.8296884248971353 Time: 0.4315227090000917
Train loss: 0.4503105432638179 Val loss: 0.8295784079068008 Time: 0.43183570800010784
Train loss: 0.4496834153076037 Val loss: 0.8295566212084525 Time: 0.46981437499971435
Train loss: 0.44927449171449135 Val loss: 0.8295149071214971 Time: 0.4301789590003864
Train loss: 0.449117461491654 Val loss: 0.8294898152362369 Time: 0.4303005829997346
Train loss: 0.44840617352524337 Val loss: 0.8294442150520909 Time: 0.43141908300003706
Train loss: 0.44789532390791464 Val loss: 0.8293871547460024 Time: 0.4302472080003099
Train loss: 0.44743814248722025 Val loss: 0.8293516015138169 Time: 0.43153125000026193
Train loss: 0.446820093983634 Val loss: 0.8293672875866432 Time: 0.4335422079998352
Train loss: 0.4464583949944674 Val loss: 0.8293022768905955 Time: 0.43005041600008553
Train loss: 0.4461087993568853 Val loss: 0.8292795534279916 Time: 0.4305187909999404
Train loss: 0.4457208721705683 Val loss: 0.8292166276709343 Time: 0.43979612499970244
Train loss: 0.44525355403376565 Val loss: 0.8291358440537071 Time: 0.46546295799998916
Train loss: 0.44489969088056824 Val loss: 0.8291277356161846 Time: 0.4469580830000268
Train loss: 0.4444648636875499 Val loss: 0.8290151780092335 Time: 0.4331430000002001
Train loss: 0.4440525808387328 Val loss: 0.8290420020589624 Time: 0.4346733329998642
Train loss: 0.4437349958316945 Val loss: 0.8289062895284426 Time: 0.4337018750002244
Train loss: 0.44295127653940725 Val loss: 0.8289596011780289 Time: 0.437340917000256
Train loss: 0.44280500124579447 Val loss: 0.8288717995573376 Time: 0.42945458300027894
Train loss: 0.4422150899255346 Val loss: 0.8289421262836911 Time: 0.43160454200005915
Train loss: 0.44219482883192995 Val loss: 0.8287620672947186 Time: 0.43369462500004374
Train loss: 0.4418118117363008 Val loss: 0.8288732170858112 Time: 0.4440119999999297
Complete
 Total time: 104.49362187499992