starting log for model: models/lstm_lin1_alpha_0.05_22-23.pth
Train loss: 18.214102080555335 Val loss: 1.2527910945080685 Time: 0.380873750000319
Train loss: 18.214102080555335 Val loss: 1.2527910945080685 Time: 0.37833958299961523
Train loss: 18.214102080555335 Val loss: 1.2527910945080685 Time: 0.37721562500155414
Train loss: 18.214102080555335 Val loss: 1.2527910945080685 Time: 0.37641558299947064
Train loss: 18.214102080555335 Val loss: 1.2527910945080685 Time: 0.3936386669993226
Train loss: 18.214102080555335 Val loss: 1.2527910945080685 Time: 0.3748996670001361
Train loss: 18.214102080555335 Val loss: 1.2527910945080685 Time: 0.37634541599982185
Train loss: 18.214102080555335 Val loss: 1.2527910945080685 Time: 0.37590049999926123
Train loss: 18.214102080555335 Val loss: 1.2527910945080685 Time: 0.3750634579992038
Train loss: 18.214102080555335 Val loss: 1.2527910945080685 Time: 0.37611733299854677
Shrinking learning rate to 1e-05
Train loss: 18.214102080555335 Val loss: 1.2527910945080685 Time: 0.39018354100335273
Train loss: 18.214102080555335 Val loss: 1.2527910945080685 Time: 0.3757390419996227
Train loss: 18.214102080555335 Val loss: 1.2527910945080685 Time: 0.37585637500160374
Train loss: 18.214102080555335 Val loss: 1.2527910945080685 Time: 0.37617066700113355
Train loss: 18.214102080555335 Val loss: 1.2527910945080685 Time: 0.3767364589984936
Train loss: 18.214102080555335 Val loss: 1.2527910945080685 Time: 0.3879506660014158
Train loss: 18.214102080555335 Val loss: 1.2527910945080685 Time: 0.3760128329995496
Train loss: 18.214051105691055 Val loss: 1.2527892417235682 Time: 0.3760337499988964
Train loss: 18.214102080555335 Val loss: 1.2527910945080685 Time: 0.3766830829990795
Train loss: 18.214102080555335 Val loss: 1.2527910945080685 Time: 0.37450758300110465
Train loss: 18.21402944647491 Val loss: 1.2527884544763082 Time: 0.37564245799876517
Train loss: 18.214102080555335 Val loss: 1.2527910945080685 Time: 0.3889767920009035
Train loss: 18.214156028680577 Val loss: 1.252793055364413 Time: 0.3775595830011298
Train loss: 18.21192570295682 Val loss: 1.2527119918407212 Time: 0.37560929200117243
Train loss: 18.213695659739074 Val loss: 1.2527763223897928 Time: 0.37862062500062166
Train loss: 18.20638689901301 Val loss: 1.2525106984644403 Time: 0.3756527500008815
Train loss: 17.78906505411262 Val loss: 1.2232448896044419 Time: 0.3912744589979411
Train loss: 15.899811940849961 Val loss: 1.1384701091674592 Time: 0.37636550000024727
Train loss: 14.79134630527706 Val loss: 1.0906103751678708 Time: 0.37835474999883445
Train loss: 14.572988841338201 Val loss: 1.0772503937809257 Time: 0.37609666700154776
Train loss: 14.393190908679898 Val loss: 1.0667815924876554 Time: 0.3763152089995856
Train loss: 14.212859523020743 Val loss: 1.0571954050453376 Time: 0.3897685410011036
Train loss: 14.344641037420981 Val loss: 1.0593982248570022 Time: 0.3757408330020553
Train loss: 14.276252904134964 Val loss: 1.0551003993373123 Time: 0.37650325000140583
Train loss: 14.160579929126037 Val loss: 1.0497329037594842 Time: 0.3750616249999439
Train loss: 14.12330409848198 Val loss: 1.0474444509775134 Time: 0.37510133300020243
Train loss: 14.169254931500745 Val loss: 1.0481825847077102 Time: 0.3753558749995136
Train loss: 14.150524443477138 Val loss: 1.0468984443636602 Time: 0.38723625000056927
Train loss: 14.144953274638056 Val loss: 1.0462732564656299 Time: 0.377492291998351
Train loss: 14.059920516143848 Val loss: 1.0429259233559882 Time: 0.37675033300183713
Train loss: 14.22459181084336 Val loss: 1.048439011182845 Time: 0.376076959000784
Train loss: 14.096131332639061 Val loss: 1.0435963734366414 Time: 0.37565620799796307
Train loss: 13.990439893938401 Val loss: 1.0395010315083197 Time: 0.38698195799952373
Train loss: 14.067765319279715 Val loss: 1.0419102856485882 Time: 0.3766657089981891
Train loss: 14.169256792139294 Val loss: 1.045264183201045 Time: 0.3760234590008622
Train loss: 14.094350070499523 Val loss: 1.0426076959174282 Time: 0.37516237499949057
Train loss: 13.99431191845224 Val loss: 1.0389071908319774 Time: 0.3751204160034831
Train loss: 14.02139929876762 Val loss: 1.0395857805438715 Time: 0.37611316699985764
Train loss: 13.940831545018057 Val loss: 1.0366827052385725 Time: 0.38690512500033947
Train loss: 14.081848730096112 Val loss: 1.0411923678384758 Time: 0.3764520000004268
Train loss: 14.079376831360605 Val loss: 1.0410071371919603 Time: 0.37609687500298605
Train loss: 14.051350321589553 Val loss: 1.0397575506830148 Time: 0.3760861250011658
Train loss: 13.986881094923092 Val loss: 1.0375618263311817 Time: 0.37670429199715727
Train loss: 14.103607028941266 Val loss: 1.0412153206415486 Time: 0.3866170420005801
Train loss: 14.159395527868014 Val loss: 1.0430168345006228 Time: 0.3761139580019517
Train loss: 13.967532144450798 Val loss: 1.036296277402502 Time: 0.37661416700211703
Train loss: 13.931843799244348 Val loss: 1.034858723723625 Time: 0.37514220799857867
Train loss: 14.051732426894432 Val loss: 1.0387602892992225 Time: 0.3756275839987211
Train loss: 13.894531003951215 Val loss: 1.032974964836066 Time: 0.3811219169983815
Train loss: 14.089834086211852 Val loss: 1.0395375636422084 Time: 0.3803447079990292
Train loss: 13.879230265319862 Val loss: 1.0318902237460676 Time: 0.3755596660012088
Train loss: 13.960216418718517 Val loss: 1.034198923342918 Time: 0.3756352499985951
Train loss: 13.710017273779108 Val loss: 1.0251993650638986 Time: 0.3754717919982795
Train loss: 13.998172098392388 Val loss: 1.0347330255338898 Time: 0.3754868329997407
Train loss: 13.768592218903223 Val loss: 1.0266480567564824 Time: 0.3862660419981694
Train loss: 13.716888433818617 Val loss: 1.024345078643874 Time: 0.37758216699876357
Train loss: 13.786220128487443 Val loss: 1.02619969815355 Time: 0.3753964579991589
Train loss: 13.894093680695903 Val loss: 1.0293852923391311 Time: 0.3761158750021423
Train loss: 13.851217046743272 Val loss: 1.027480511230261 Time: 0.37609966700256336
Train loss: 13.961637772568793 Val loss: 1.0310455484579195 Time: 0.3872503330021573
Train loss: 13.752309241859109 Val loss: 1.023424522421082 Time: 0.3762285830016481
Train loss: 13.695555333658886 Val loss: 1.0212057602241174 Time: 0.37644204199750675
Train loss: 13.555807365113223 Val loss: 1.0156420749887995 Time: 0.37498970800152165
Train loss: 13.540464682591073 Val loss: 1.0143880169318613 Time: 0.37565195900242543
Train loss: 13.66029307527458 Val loss: 1.0178927626275909 Time: 0.37671483300073305
Train loss: 13.454836423873232 Val loss: 1.0100529199808703 Time: 0.3883182499994291
Train loss: 13.445896644689256 Val loss: 1.0088255406314304 Time: 0.3759224169989466
Train loss: 13.335658989288618 Val loss: 1.0040579007965744 Time: 0.37666641599935247
Train loss: 13.389526251888121 Val loss: 1.0050437260087466 Time: 0.37601791699853493
Train loss: 13.477298104310888 Val loss: 1.0069415184079682 Time: 0.3748845000009169
Train loss: 13.281669917502768 Val loss: 0.9990070698127003 Time: 0.38623704200290376
Train loss: 13.3237264710109 Val loss: 0.9990895558068528 Time: 0.3772624999983236
Train loss: 13.294973602686454 Val loss: 0.9965712806722762 Time: 0.37446949999866774
Train loss: 13.04916377222078 Val loss: 0.9865295590085023 Time: 0.37547300000005635
Train loss: 13.014093376530695 Val loss: 0.9839176600220817 Time: 0.37574720900011016
Train loss: 12.88238760274514 Val loss: 0.9777920433106885 Time: 0.37621416700130794
Train loss: 12.807855717050522 Val loss: 0.973214233259171 Time: 0.38865645800251514
Train loss: 12.659081313948718 Val loss: 0.9664398342979481 Time: 0.37719183300214354
Train loss: 12.499192033449518 Val loss: 0.9587813045782148 Time: 0.3770172919976176
Train loss: 12.421849006908275 Val loss: 0.9537494687243966 Time: 0.37761062500067055
Train loss: 12.483261178118546 Val loss: 0.9535569373924864 Time: 0.3757062920012686
Train loss: 12.11702677281798 Val loss: 0.9388918159562146 Time: 0.3869771669997135
Train loss: 12.07253525484441 Val loss: 0.934795682282627 Time: 0.37728599999900325
Train loss: 11.840039114439833 Val loss: 0.9241909343554663 Time: 0.37674970800071605
Train loss: 11.728572268608827 Val loss: 0.9175915002941724 Time: 0.3769532079968485
Train loss: 11.603722733417726 Val loss: 0.9099927372443531 Time: 0.3758072910022747
Train loss: 11.288596544964776 Val loss: 0.8974237277331861 Time: 0.38678054100091686
Train loss: 11.455438135722915 Val loss: 0.8983369340960122 Time: 0.37725779200263787
Train loss: 10.956353031245214 Val loss: 0.8778928821594537 Time: 0.37582087500049965
Train loss: 10.71462754424897 Val loss: 0.8654150337679459 Time: 0.3760507909973967
Train loss: 10.535345033516382 Val loss: 0.8546551425458802 Time: 0.3762132079973526
Train loss: 10.273706948109435 Val loss: 0.8415166247505754 Time: 0.3749434170022141
Train loss: 10.308377388244786 Val loss: 0.836638735014427 Time: 0.3877975420000439
Train loss: 9.975985743617713 Val loss: 0.8204750214062814 Time: 0.3767985830018006
Train loss: 9.611278515473828 Val loss: 0.8024301479384334 Time: 0.37649400000009337
Train loss: 9.36697790037465 Val loss: 0.7872863353239327 Time: 0.37657437500092783
Train loss: 9.325044105867335 Val loss: 0.7781477447045061 Time: 0.3760776250019262
Train loss: 9.086756626313898 Val loss: 0.7637327190563107 Time: 0.38612058400030946
Train loss: 8.99469021110056 Val loss: 0.7535638822908691 Time: 0.3768412499994156
Train loss: 8.4309150612292 Val loss: 0.7300218998245824 Time: 0.37697429100080626
Train loss: 8.691346346765684 Val loss: 0.73073722475205 Time: 0.3772970419995545
Train loss: 8.496050389603889 Val loss: 0.7178709264388133 Time: 0.3752768330014078
Train loss: 8.062835792614017 Val loss: 0.6982964974006817 Time: 0.37591437499941094
Train loss: 7.975889814788019 Val loss: 0.6884376900735957 Time: 0.38913158400100656
Train loss: 7.717195332175464 Val loss: 0.6740264081104886 Time: 0.37627741699907347
Train loss: 7.754580236989646 Val loss: 0.6683609947071181 Time: 0.3763580000013462
Train loss: 7.524753502940861 Val loss: 0.6552424208184724 Time: 0.3766080410023278
Train loss: 7.615015168865336 Val loss: 0.6513963807747709 Time: 0.3805938339974091
Train loss: 7.322948238222374 Val loss: 0.6371903145301888 Time: 0.389915417003067
Train loss: 7.230094239055733 Val loss: 0.6296576451902189 Time: 0.37742579100086004
Train loss: 6.9068508054646855 Val loss: 0.6127983608882366 Time: 0.37638074999995297
Train loss: 7.181462835790908 Val loss: 0.616101652815918 Time: 0.4269445830032055
Train loss: 6.904936022128741 Val loss: 0.602819663812844 Time: 0.3774231250026787
Train loss: 7.053774287707251 Val loss: 0.6020136959886724 Time: 0.3918640840020089
Train loss: 7.033464825483701 Val loss: 0.5984228074686125 Time: 0.3782560830004513
Train loss: 6.765480351075439 Val loss: 0.5865124609278646 Time: 0.377854207999917
Train loss: 6.730361860946945 Val loss: 0.5814029000817478 Time: 0.37776758399922983
Train loss: 6.8454331425544 Val loss: 0.5818764029318503 Time: 0.37689283399959095
Train loss: 6.56105144948929 Val loss: 0.5684679841179096 Time: 0.37595695900017745
Train loss: 6.731686378152772 Val loss: 0.5704326135687617 Time: 0.3891749169997638
Train loss: 6.453075852702852 Val loss: 0.5600907239202445 Time: 0.37664700000095763
Train loss: 7.031876772044827 Val loss: 0.5731766919997995 Time: 0.37666420899768127
Train loss: 6.665598767125935 Val loss: 0.558700451103439 Time: 0.3754950000002282
Train loss: 6.48937029933871 Val loss: 0.5516220012298224 Time: 0.37641699999949196
Train loss: 6.324557019261292 Val loss: 0.5430619771313671 Time: 0.38967883399891434
Train loss: 6.226294462040201 Val loss: 0.537237545363375 Time: 0.37721295800292864
Train loss: 6.449106626547334 Val loss: 0.5424436786991359 Time: 0.3777775419985119
Train loss: 6.4124499439191185 Val loss: 0.5391641266877015 Time: 0.3766223330021603
Train loss: 6.398171285022386 Val loss: 0.5365829985139488 Time: 0.3770367079996504
Train loss: 6.531263506539268 Val loss: 0.5394841945458159 Time: 0.37781383300171
Train loss: 6.2751455537693035 Val loss: 0.5293013195711808 Time: 0.3888513329984562
Train loss: 6.395120341342846 Val loss: 0.5307309879627599 Time: 0.3767859170002339
Train loss: 6.538669617098517 Val loss: 0.5329842453775286 Time: 0.3769332080009917
Train loss: 6.106806890815339 Val loss: 0.5176066807519845 Time: 0.37669966600151383
Train loss: 6.3064842828946155 Val loss: 0.5238280255221925 Time: 0.37706504199741175
Train loss: 6.634921275319502 Val loss: 0.5335111890298814 Time: 0.39023195800109534
Train loss: 6.6554527944503095 Val loss: 0.5328435282559414 Time: 0.3785797909986286
Train loss: 6.300852104055977 Val loss: 0.5203425940444185 Time: 0.3784295419973205
Train loss: 6.0172654980639075 Val loss: 0.5099326083497033 Time: 0.37741962499785586
Train loss: 6.134662636600879 Val loss: 0.510374489389045 Time: 0.37844041700009257
Train loss: 6.709782911192207 Val loss: 0.5273991070512342 Time: 0.3868600419991708
Train loss: 6.087286726424129 Val loss: 0.5067544604338821 Time: 0.37828750000335276
Train loss: 6.175485635003923 Val loss: 0.5082241930754078 Time: 0.378509624999424
Train loss: 6.341703864657399 Val loss: 0.5109847345146747 Time: 0.3765392920031445
Train loss: 6.181398880437877 Val loss: 0.5072519059353537 Time: 0.3775173750000249
Train loss: 6.269687825737328 Val loss: 0.5062815334178642 Time: 0.37848387499980163
Train loss: 6.381142610973422 Val loss: 0.508771524232449 Time: 0.38786700000127894
Train loss: 6.144353479178967 Val loss: 0.5002277151037915 Time: 0.3780985840021458
Shrinking learning rate to 1.0000000000000002e-06
Train loss: 6.2536295342439985 Val loss: 0.5166103832224448 Time: 0.37919795799825806
Train loss: 6.385879107658422 Val loss: 0.5204141034713833 Time: 0.3774825839973346
Train loss: 6.176812957796024 Val loss: 0.5137435664348685 Time: 0.37699529199744575
Train loss: 6.144519298533348 Val loss: 0.5124777532755 Time: 0.38989391600262024
Train loss: 6.1122275204153595 Val loss: 0.5112888202903386 Time: 0.378161791999446
Train loss: 6.334155615314204 Val loss: 0.5176651712961367 Time: 0.3775789999999688
Train loss: 5.9990567993896615 Val loss: 0.5072935100694275 Time: 0.37600899999961257
Train loss: 6.179597042129665 Val loss: 0.5125165009483942 Time: 0.3778539999984787
Train loss: 5.974240013701068 Val loss: 0.5064428337458693 Time: 0.37698037500013015
Train loss: 6.138740174552858 Val loss: 0.5109262244816437 Time: 0.3889916660009476
Train loss: 6.1470317005668615 Val loss: 0.5108083997131628 Time: 0.3769934580013796
Train loss: 6.415107296749235 Val loss: 0.5189008143640194 Time: 0.3768825410006684
Train loss: 6.172136548202442 Val loss: 0.5111724413201346 Time: 0.3778401670024323
Train loss: 6.193327922079305 Val loss: 0.5114515847253036 Time: 0.3766678329993738
Train loss: 6.215235234050851 Val loss: 0.5118099864903981 Time: 0.3883453330017801
Train loss: 5.97870623430876 Val loss: 0.5045747116152931 Time: 0.378208000001905
Train loss: 6.2817418008821075 Val loss: 0.5132759335742691 Time: 0.37724904200149467
Train loss: 6.046440455260214 Val loss: 0.5062361701650282 Time: 0.3766902499992284
Shrinking learning rate to 1.0000000000000002e-07
Learning rate getting small
Complete
 Total time: 66.85835054199924