starting log for model: models/lstm_fcast_25_new_22-23.pth
Train loss: 14.888890312990839 Val loss: 1.823051124747449 Time: 0.49489058399922214
Train loss: 14.352495950513912 Val loss: 1.7744010893581303 Time: 0.3893109579948941
Train loss: 14.209160457638305 Val loss: 1.7610558544573025 Time: 0.42014320800080895
Train loss: 14.11640032125374 Val loss: 1.6563009923045957 Time: 0.40953941699990537
Train loss: 13.939007961664235 Val loss: 1.6361841205310474 Time: 0.3828172089997679
Train loss: 13.296929048472016 Val loss: 1.6016251430425055 Time: 0.37411700000666315
Train loss: 11.841038891649248 Val loss: 1.4625415941821889 Time: 0.3674958749979851
Train loss: 9.395260529882329 Val loss: 1.2335525486301526 Time: 0.371666416998778
Train loss: 7.684487238726064 Val loss: 1.0813455516706545 Time: 0.37963904200296383
Train loss: 7.085594573065256 Val loss: 1.0295242106950682 Time: 0.3762609170007636
Train loss: 6.939694671053207 Val loss: 1.0173507702121791 Time: 0.5713183330008178
Train loss: 6.860420853737082 Val loss: 1.0126626925763187 Time: 0.37979920799989486
Train loss: 6.853792455301004 Val loss: 1.010789528868699 Time: 0.37452816699806135
Train loss: 6.607933187692121 Val loss: 0.9893868690258726 Time: 0.3775184160040226
Train loss: 6.585873249928859 Val loss: 0.9836379315132115 Time: 0.3688971669980674
Train loss: 6.58802694572012 Val loss: 0.9843936998354609 Time: 0.3672664999976405
Train loss: 6.525249798096262 Val loss: 0.98160642586121 Time: 0.3662900420022197
Train loss: 6.316826418860269 Val loss: 0.96904829049715 Time: 0.36866062500484986
Train loss: 6.4210340291893155 Val loss: 0.975312194410125 Time: 0.3699789999955101
Train loss: 6.350953816056483 Val loss: 0.9688377467783285 Time: 0.36923829200532055
Train loss: 6.323337508611629 Val loss: 0.9665219946782829 Time: 0.36315162500250153
Train loss: 5.974516218759571 Val loss: 0.9375836035158437 Time: 0.3664144159993157
Train loss: 6.188763676094283 Val loss: 0.9516729946455673 Time: 0.36441383399505867
Train loss: 6.085033339226658 Val loss: 0.9448081212268402 Time: 0.3640805420000106
Train loss: 5.92518531346145 Val loss: 0.930890066907569 Time: 0.3732242080004653
Train loss: 5.962481440822053 Val loss: 0.9350512039983584 Time: 0.37670325000362936
Train loss: 5.926219285620508 Val loss: 0.9313245984591844 Time: 0.3706125000026077
Train loss: 5.827413939060841 Val loss: 0.9201096730012016 Time: 0.46569983300287277
Train loss: 5.729690465494224 Val loss: 0.9108981015343739 Time: 0.3856122079960187
Train loss: 5.731499058279917 Val loss: 0.9072826530355806 Time: 0.373350791996927
Train loss: 5.6658110189184585 Val loss: 0.9020775917692221 Time: 0.3701782910065958
Train loss: 5.527644055586539 Val loss: 0.8925208783828984 Time: 0.36251995799830183
Train loss: 5.4696272454053805 Val loss: 0.8874531499923026 Time: 0.3640103750003618
Train loss: 5.426081702668682 Val loss: 0.8781845824814324 Time: 0.36451829199359054
Train loss: 5.308404394525272 Val loss: 0.8681813999602009 Time: 0.36628512499737553
Train loss: 5.2170860871042795 Val loss: 0.8588763349104697 Time: 0.4418117079985677
Train loss: 5.230922381174887 Val loss: 0.8568859427669565 Time: 0.9026249160015141
Train loss: 5.045754335036989 Val loss: 0.8445149665505775 Time: 0.36861362499621464
Train loss: 4.974553962935687 Val loss: 0.8344780145124385 Time: 0.36343608400056837
Train loss: 4.778463245968915 Val loss: 0.8182345154080262 Time: 0.36741445799998473
Train loss: 4.69559580346851 Val loss: 0.8114642367290844 Time: 0.3645271249988582
Train loss: 4.679453703526058 Val loss: 0.8062520224315223 Time: 0.3647973330007517
Train loss: 4.540164318836096 Val loss: 0.7908013021056882 Time: 0.5429869590007002
Train loss: 4.567243635698929 Val loss: 0.793143052095864 Time: 0.36368208400381263
Train loss: 4.499156185817572 Val loss: 0.7830661236146834 Time: 0.3663963340004557
Train loss: 4.396301093351324 Val loss: 0.7761453923506082 Time: 0.36164075000124285
Train loss: 4.256476356619146 Val loss: 0.7613067619992798 Time: 0.36169225000048755
Train loss: 4.068736847439766 Val loss: 0.7528579197633872 Time: 0.3631165839979076
Train loss: 4.340516465035511 Val loss: 0.7552227551753093 Time: 0.38847925000300165
Train loss: 3.976344760389342 Val loss: 0.7361908413455034 Time: 0.3703370000002906
Train loss: 4.209120253346654 Val loss: 0.7481465139153965 Time: 0.3767399580028723
Train loss: 4.157971553512917 Val loss: 0.7342330259711999 Time: 0.37949229199875845
Train loss: 4.047006516372157 Val loss: 0.7313472312420803 Time: 0.3635315829960746
Train loss: 3.911282635704498 Val loss: 0.7176624816053604 Time: 0.36431774999800837
Train loss: 3.9750904103750884 Val loss: 0.7207896923351726 Time: 0.38637837499845773
Train loss: 3.8577836911917416 Val loss: 0.7078745952260012 Time: 0.3705460420023883
Train loss: 3.8556034207487073 Val loss: 0.7094010598767162 Time: 0.37586729200120317
Train loss: 3.6891308179861797 Val loss: 0.6935905331844963 Time: 0.37000437499955297
Train loss: 3.753473337357496 Val loss: 0.6983791852927205 Time: 0.4222847089986317
Train loss: 3.6638814743938184 Val loss: 0.6928965616158154 Time: 0.36423929200100247
Train loss: 3.6648478459642817 Val loss: 0.6881821226260872 Time: 0.36163004199624993
Train loss: 3.6315887734734122 Val loss: 0.683491212825917 Time: 0.36677433300064877
Train loss: 3.5626212801230253 Val loss: 0.6801972267532472 Time: 0.3645632499974454
Train loss: 3.767481328062049 Val loss: 0.6941442694768478 Time: 0.36708475000341423
Train loss: 3.547419129238147 Val loss: 0.6756831784466276 Time: 0.36575029200321296
Train loss: 3.603878579532267 Val loss: 0.6845731891638654 Time: 0.366649834002601
Train loss: 3.5061850808409587 Val loss: 0.6692751285903782 Time: 0.5528117089997977
Train loss: 3.545450898617524 Val loss: 0.6756721056756281 Time: 0.3670551249961136
Train loss: 3.536971078467502 Val loss: 0.6737969796093923 Time: 0.3647567089938093
Train loss: 3.544999958939922 Val loss: 0.6644804849184626 Time: 0.3644106669962639
Train loss: 3.4530072867407524 Val loss: 0.6650570551700491 Time: 0.3623130000050878
Train loss: 3.5891524419515974 Val loss: 0.6762836837317228 Time: 0.37534445900382707
Train loss: 3.5616191998004894 Val loss: 0.6707984744620673 Time: 0.3682099580037175
Train loss: 3.4051473005846726 Val loss: 0.6573137848165057 Time: 0.36425625000265427
Train loss: 3.387849238620973 Val loss: 0.656159399933414 Time: 0.36644887500006007
Train loss: 3.3450694470284787 Val loss: 0.6490514239089756 Time: 0.364301166999212
Train loss: 3.3856917316290307 Val loss: 0.6617538180409779 Time: 0.36524083300173515
Train loss: 3.5690155016563025 Val loss: 0.6644834939666435 Time: 0.36872329199832166
Train loss: 3.3383195063128888 Val loss: 0.6530424117460216 Time: 0.36448933299834607
Train loss: 3.355467190824381 Val loss: 0.6581645981757124 Time: 0.3825770829935209
Train loss: 3.359279491585202 Val loss: 0.6520469163208265 Time: 0.36479004099965096
Train loss: 3.3410635985084296 Val loss: 0.6520860915722438 Time: 0.37808091699844226
Train loss: 3.2872129651212987 Val loss: 0.6494194330440648 Time: 0.37543908299994655
Train loss: 3.30501451309717 Val loss: 0.6490124782952945 Time: 0.36665274999541
Train loss: 3.2204868436971594 Val loss: 0.6400326626238139 Time: 0.36291312500543427
Train loss: 3.2898730941881773 Val loss: 0.6365136934298671 Time: 0.3640477919980185
Train loss: 3.208453580456882 Val loss: 0.6378279976407188 Time: 0.36384579200239386
Train loss: 3.1540128824172005 Val loss: 0.6309240297065806 Time: 0.3655458749999525
Train loss: 3.095151023581704 Val loss: 0.6257843705356497 Time: 0.3734577499999432
Train loss: 3.169717151167248 Val loss: 0.6360036248844034 Time: 0.36666637499729404
Train loss: 3.0657174751688885 Val loss: 0.6250479146962287 Time: 0.3678138749965001
Train loss: 2.9905465318116384 Val loss: 0.6208936189216634 Time: 0.3669934589997865
Train loss: 3.224777602196516 Val loss: 0.6336480274093594 Time: 0.36388295800134074
Train loss: 3.1491802819479044 Val loss: 0.6280553616318737 Time: 0.37780162499984726
Train loss: 2.9346741027719645 Val loss: 0.6156996509652789 Time: 0.3689973330037901
Train loss: 3.04565367843904 Val loss: 0.618758896967876 Time: 0.3631204580015037
Train loss: 3.0873462725304464 Val loss: 0.6182254376559116 Time: 0.3706748749973485
Train loss: 3.0187939258536503 Val loss: 0.6136660310491087 Time: 0.3651275420052116
Train loss: 3.0372655594055544 Val loss: 0.6180232614742124 Time: 0.36429791699629277
Train loss: 2.979937509808852 Val loss: 0.6129566273562413 Time: 0.37048987499292707
Train loss: 2.8747528619691174 Val loss: 0.6093996726537546 Time: 0.36339191700244555
Train loss: 2.9460879646647165 Val loss: 0.6037535838191451 Time: 0.3667997079974157
Train loss: 2.797116438216415 Val loss: 0.6020137616776509 Time: 0.3684399160047178
Train loss: 2.9248623248124694 Val loss: 0.6036903690804584 Time: 0.3653607079977519
Train loss: 2.8524012170229085 Val loss: 0.6044258747490975 Time: 0.3659917079930892
Train loss: 2.958777687205889 Val loss: 0.6100757672698961 Time: 0.37330587500036927
Train loss: 2.797003569523241 Val loss: 0.5936101538022253 Time: 0.3709353750018636
Train loss: 2.785814339032669 Val loss: 0.5985835915473389 Time: 0.36925316599808866
Train loss: 2.7515268005346645 Val loss: 0.5921716712496768 Time: 0.36684020800021244
Train loss: 2.9034010490562094 Val loss: 0.596546130247128 Time: 0.37255525000364287
Train loss: 2.9172626141796627 Val loss: 0.5983316903768019 Time: 0.37838066599942977
Train loss: 2.985647092233412 Val loss: 0.6024891414185433 Time: 0.37316562500200234
Train loss: 2.7905859051300475 Val loss: 0.5880027812259099 Time: 0.3694362500027637
Train loss: 2.791938791767577 Val loss: 0.593228761360045 Time: 0.37576454199734144
Train loss: 2.7246393867058174 Val loss: 0.5873586304522412 Time: 0.37151779199484736
Train loss: 2.794238367944459 Val loss: 0.5930070954836318 Time: 0.37348716700216755
Train loss: 2.7870649298149885 Val loss: 0.5919335671950249 Time: 0.37654962499800604
Train loss: 2.849234347359726 Val loss: 0.59489227771789 Time: 0.37431337499583606
Train loss: 2.634855498089049 Val loss: 0.5849341531547491 Time: 0.37598904100013897
Train loss: 2.8386264449100107 Val loss: 0.5882846579568175 Time: 0.38364875000115717
Train loss: 2.733376814116793 Val loss: 0.5909188790247657 Time: 0.38107708300231025
Train loss: 2.6559635882130124 Val loss: 0.581109225725469 Time: 0.3845309169992106
Train loss: 2.805659848630879 Val loss: 0.5879721259755852 Time: 0.3780415000001085
Train loss: 2.758662021805293 Val loss: 0.5854318871890098 Time: 0.3786309999995865
Train loss: 2.6681349762541586 Val loss: 0.5916276518679521 Time: 0.3770570420019794
Train loss: 2.6295947482164923 Val loss: 0.5745560457118188 Time: 0.3782298749938491
Train loss: 2.505505314193652 Val loss: 0.5742831408062523 Time: 0.3828515410059481
Train loss: 2.499762773644676 Val loss: 0.5698891325693658 Time: 0.4299319999990985
Train loss: 2.6028153141749364 Val loss: 0.57791135050358 Time: 0.3822145419981098
Train loss: 2.5608058474109328 Val loss: 0.48642043133127055 Time: 0.3826437919997261
Train loss: 2.7561655598950825 Val loss: 0.4906310575860846 Time: 0.38249154199729674
Train loss: 2.4681375781770214 Val loss: 0.4820524897229149 Time: 0.4375760420007282
Train loss: 2.49864637746054 Val loss: 0.4821346276909058 Time: 0.3994051670015324
Train loss: 2.3977033133660868 Val loss: 0.477843114158357 Time: 0.39101270800165366
Train loss: 2.4406730644580605 Val loss: 0.4864579495870818 Time: 0.38807620800071163
Train loss: 2.48792683088911 Val loss: 0.4738724386016575 Time: 0.38592758299637353
Train loss: 2.404265019107071 Val loss: 0.47350438967820246 Time: 0.41108091700152727
Train loss: 2.2771838030545215 Val loss: 0.46450550169976096 Time: 0.39869095900212415
Train loss: 2.396477259254624 Val loss: 0.4697035223647841 Time: 0.38648462499986636
Train loss: 2.5390710204727966 Val loss: 0.48127085487961024 Time: 0.39287908299593255
Train loss: 2.4271872933555514 Val loss: 0.47671766713184716 Time: 0.38662204199499683
Train loss: 2.370538373504716 Val loss: 0.48168642794987443 Time: 0.3861430000033579
Train loss: 2.3475951253411953 Val loss: 0.4664489277963043 Time: 0.39255400000547525
Train loss: 2.385476136576841 Val loss: 0.46914130039936314 Time: 0.3842591659995378
Train loss: 2.2155894613361595 Val loss: 0.4668033391190193 Time: 0.4261779590015067
Train loss: 2.4334620336383956 Val loss: 0.47742322038308627 Time: 0.3970239580012276
Train loss: 2.1768387289590727 Val loss: 0.4643843781088244 Time: 0.39054733300145017
Train loss: 2.274001391678489 Val loss: 0.4636477604469892 Time: 0.40117695800290676
Train loss: 2.2360929575154387 Val loss: 0.45944502089055517 Time: 0.39659341600054177
Train loss: 2.285642393674925 Val loss: 0.46355762110842974 Time: 0.3946228330023587
Train loss: 2.1878779384612876 Val loss: 0.4629757197066281 Time: 0.38912341599643696
Train loss: 2.1876114689528903 Val loss: 0.46000314024049616 Time: 0.3924740419970476
Train loss: 2.171859910355405 Val loss: 0.46029417490152086 Time: 0.40443345899984706
Train loss: 2.156451646754144 Val loss: 0.4597763440124417 Time: 0.39197020800202154
Train loss: 2.2053973661640747 Val loss: 0.45821166876994407 Time: 0.39743091599666514
Train loss: 2.190954188154805 Val loss: 0.46432678719623816 Time: 0.3937844999964
Train loss: 2.129562369576803 Val loss: 0.45328533311828023 Time: 0.3922812079981668
Train loss: 2.129928056789991 Val loss: 0.45610493440972444 Time: 0.4116329999960726
Train loss: 2.192152506302663 Val loss: 0.45783954629350876 Time: 0.44292762499389937
Train loss: 2.1940939005849565 Val loss: 0.45681598032804044 Time: 0.4313261670031352
Train loss: 2.2110388743669 Val loss: 0.45710301021356575 Time: 0.4207243330019992
Train loss: 2.0868859642250754 Val loss: 0.5443604967556757 Time: 0.394036290999793
Train loss: 2.0677804973228997 Val loss: 0.45056225983765297 Time: 0.4027052090023062
Train loss: 2.134711632953071 Val loss: 0.5440059726386155 Time: 0.39562929199746577
Train loss: 2.0384918161588734 Val loss: 0.4499202499702038 Time: 0.39729679100128124
Train loss: 2.1233667505297547 Val loss: 0.5450088426226477 Time: 0.4035334590007551
Train loss: 2.059382682770022 Val loss: 0.5408828279036594 Time: 0.410661916997924
Train loss: 2.1580761623373803 Val loss: 0.45450298463053324 Time: 0.40723529199749464
Train loss: 1.9940536045584996 Val loss: 0.44900886383681615 Time: 0.40687679200345883
Train loss: 2.0387921075623554 Val loss: 0.4494528857133597 Time: 0.40352879199781455
Train loss: 2.018823247512614 Val loss: 0.44815823174435276 Time: 0.40513729200029047
Train loss: 2.1161023446222487 Val loss: 0.45252907020786254 Time: 0.39706999999907566
Train loss: 2.0337948894471194 Val loss: 0.4507412507029999 Time: 0.4754984589962987
Train loss: 1.97567907155846 Val loss: 0.44919034971224264 Time: 0.4498666660001618
Train loss: 1.8897375094418365 Val loss: 0.4423924830346985 Time: 0.3991782500015688
Train loss: 1.9840303344277181 Val loss: 0.4481513604810577 Time: 0.4009205420006765
Train loss: 2.0054208370225144 Val loss: 0.4503396026163523 Time: 0.40029874999891035
Train loss: 1.8673461743409234 Val loss: 0.4429655276266423 Time: 0.4044477499992354
Train loss: 1.9599093728538515 Val loss: 0.5375928767263077 Time: 0.4049523749999935
Train loss: 1.9879418778337767 Val loss: 0.5414093202225826 Time: 0.3971954999942682
Train loss: 2.039549453806586 Val loss: 0.540239354012213 Time: 0.5356106250037556
Train loss: 1.8538291185337528 Val loss: 0.5410163045340888 Time: 0.4016879999981029
Train loss: 1.8962145307603306 Val loss: 0.44715071828433345 Time: 0.4132104160016752
Train loss: 1.9342827701867746 Val loss: 0.4455338196165273 Time: 0.40602995899826055
Train loss: 1.8857739120431098 Val loss: 0.5394375571503548 Time: 0.4060141670051962
Train loss: 1.9088324226671176 Val loss: 0.4493934613410101 Time: 0.40367183399939677
Train loss: 1.806153834145551 Val loss: 0.4485130719992357 Time: 0.4021270419980283
Train loss: 1.9762365576190684 Val loss: 0.4570990642945878 Time: 0.41074775000015507
Train loss: 1.825941724573223 Val loss: 0.43987525081409856 Time: 0.4527713749994291
Train loss: 1.8765460497368194 Val loss: 0.5348058374139558 Time: 0.4065804170022602
Train loss: 1.7907578952764283 Val loss: 0.5317071035246327 Time: 0.40844983299757587
Train loss: 1.7757762026111799 Val loss: 0.4381760487194723 Time: 0.4325779999999213
Train loss: 1.7845895079027798 Val loss: 0.5412302575125568 Time: 0.4183960840018699
Train loss: 1.821173836335916 Val loss: 0.5444487166393424 Time: 0.4064897919961368
Train loss: 1.7724211774174279 Val loss: 0.5507606378967387 Time: 0.4150709999958053
Train loss: 1.6326330209334756 Val loss: 0.531525085526048 Time: 0.4162612500003888
Train loss: 1.8323495602576652 Val loss: 0.5514610184825852 Time: 0.41322133299399866
Train loss: 1.8949040121791585 Val loss: 0.5423289690185777 Time: 0.41324908399838023
Train loss: 1.8160038991849916 Val loss: 0.5357488231709256 Time: 0.40859762499894714
Train loss: 1.7194576286018588 Val loss: 0.5366656218504489 Time: 0.4130124169969349
Train loss: 1.773349709821474 Val loss: 0.5350903337211671 Time: 0.4093124999999418
Train loss: 1.868891654466708 Val loss: 0.5595304839725731 Time: 0.4092093750005006
Train loss: 1.8614058916635905 Val loss: 0.5502979201375848 Time: 0.4360190000006696
Train loss: 1.880430078360206 Val loss: 0.5411606522447928 Time: 0.4691682920019957
Train loss: 1.7464478173141913 Val loss: 0.5317479683228552 Time: 0.4209675829988555
Shrinking learning rate to 1e-05
Train loss: 1.8037295445792612 Val loss: 0.5399651718644078 Time: 0.4464934159987024
Train loss: 1.6001325384431482 Val loss: 0.5366343856743365 Time: 0.4136839999991935
Train loss: 1.5505058118863069 Val loss: 0.5344678987535465 Time: 0.4149241249979241
Train loss: 1.6012494647066764 Val loss: 0.5343740736242539 Time: 0.41671862500516
Train loss: 1.701326022253907 Val loss: 0.5352012997615244 Time: 0.42268375000276137
Train loss: 1.6200890021492873 Val loss: 0.5327791491781367 Time: 0.4195185839998885
Train loss: 1.5671912109782804 Val loss: 0.53121233506188 Time: 0.4376942080052686
Train loss: 1.461910939004484 Val loss: 0.5284797232238173 Time: 0.43819525000435533
Train loss: 1.7605712804717344 Val loss: 0.5369432224333113 Time: 0.41024758300045505
Train loss: 1.689202988561477 Val loss: 0.5349686148729692 Time: 0.41431358300178545
Train loss: 1.5527991352329877 Val loss: 0.5314528940928127 Time: 0.40997808300016914
Train loss: 1.6068295763427876 Val loss: 0.5326066819535408 Time: 0.4160547499996028
Train loss: 1.6743449406076252 Val loss: 0.5339535460188296 Time: 0.41404570799932117
Train loss: 1.6144401282453638 Val loss: 0.5331369635026599 Time: 0.4180364169951645
Train loss: 1.6334881947468247 Val loss: 0.5339462383685121 Time: 0.4113366660021711
Train loss: 1.5654140854053447 Val loss: 0.5294498825190785 Time: 0.41432008300034795
Train loss: 1.609655143633475 Val loss: 0.5311285601173563 Time: 0.4176264580019051
Shrinking learning rate to 1.0000000000000002e-06
Train loss: 1.5616716627463298 Val loss: 0.5312129799047939 Time: 0.41181158299878007
Train loss: 1.6226670996946169 Val loss: 0.5328927548258234 Time: 0.4236777920013992
Train loss: 1.6435810714931662 Val loss: 0.5333917407875001 Time: 0.4173674999983632
Train loss: 1.6267489979978524 Val loss: 0.5327489445236789 Time: 0.4148195419984404
Train loss: 1.6104342984094 Val loss: 0.532191839440385 Time: 0.42142470800172305
Train loss: 1.5345894213812983 Val loss: 0.5298585872708137 Time: 0.4231399589989451
Train loss: 1.5393788944540039 Val loss: 0.5300604148451011 Time: 0.41590379099943675
Train loss: 1.6489981079032816 Val loss: 0.5332245522773806 Time: 0.411604000000807
Train loss: 1.5779455930963486 Val loss: 0.5310514027315656 Time: 0.4270250420013326
Train loss: 1.5526084651599898 Val loss: 0.53024211724322 Time: 0.42991137499484466
Shrinking learning rate to 1.0000000000000002e-07
Learning rate getting small
Complete
 Total time: 91.9997797919932