starting log for model: models/lstm_lin1_alpha_1.0_22-23.pth
Train loss: 18.214102080555335 Val loss: 18.234407485324734 Time: 0.37841445799858775
Train loss: 18.214102080555335 Val loss: 18.234407485324734 Time: 0.38055508300021756
Train loss: 18.214102080555335 Val loss: 18.234407485324734 Time: 0.3749337919980462
Train loss: 18.214102080555335 Val loss: 18.234407485324734 Time: 0.3756551660007972
Train loss: 18.214102080555335 Val loss: 18.234407485324734 Time: 0.38997966699753306
Train loss: 18.214102080555335 Val loss: 18.234407485324734 Time: 0.379582166999171
Train loss: 18.214102080555335 Val loss: 18.234407485324734 Time: 0.37688079199870117
Train loss: 18.214102080555335 Val loss: 18.234407485324734 Time: 0.3757956669978739
Train loss: 18.214102080555335 Val loss: 18.234407485324734 Time: 0.3770593750014086
Train loss: 18.214102080555335 Val loss: 18.234407485324734 Time: 0.3875429589970736
Shrinking learning rate to 1e-05
Train loss: 18.214102080555335 Val loss: 18.234407485324734 Time: 0.37805070899776183
Train loss: 18.214102080555335 Val loss: 18.234407485324734 Time: 0.37616520899973693
Train loss: 18.214102080555335 Val loss: 18.234407485324734 Time: 0.3747998340004415
Train loss: 18.214102080555335 Val loss: 18.234407485324734 Time: 0.37537254199924064
Train loss: 18.214102080555335 Val loss: 18.234407485324734 Time: 0.37707304200012004
Train loss: 18.214102080555335 Val loss: 18.234407485324734 Time: 0.3881701249993057
Train loss: 18.214102080555335 Val loss: 18.234407485324734 Time: 0.37710087500090594
Train loss: 18.214051105691055 Val loss: 18.234356567225017 Time: 0.37625145799756865
Train loss: 18.214102080555335 Val loss: 18.234407485324734 Time: 0.3748692500012112
Train loss: 18.214102080555335 Val loss: 18.234407485324734 Time: 0.3755105000018375
Train loss: 18.21402944647491 Val loss: 18.234334932128224 Time: 0.3877925829983724
Train loss: 18.214102080555335 Val loss: 18.234407485324734 Time: 0.3765712079984951
Train loss: 18.214156028680577 Val loss: 18.2344613733748 Time: 0.3759217080005328
Train loss: 18.21192570295682 Val loss: 18.23223353157796 Time: 0.375131707998662
Train loss: 18.213695659739074 Val loss: 18.23400151709916 Time: 0.37613183400026173
Train loss: 18.20638689901301 Val loss: 18.226700898860692 Time: 0.3755275410003378
Train loss: 17.78906505411262 Val loss: 17.8088752163253 Time: 0.3865168749980512
Train loss: 15.899811940849961 Val loss: 15.920682268498318 Time: 0.3769085410021944
Train loss: 14.79134630527706 Val loss: 14.813048190674685 Time: 0.377925166998466
Train loss: 14.572988841338201 Val loss: 14.594572353147058 Time: 0.37689291700007743
Train loss: 14.393190908679898 Val loss: 14.414716703370964 Time: 0.3767867499991553
Train loss: 14.212859523020743 Val loss: 14.234395825113815 Time: 0.3864112080009363
Train loss: 14.344641037420981 Val loss: 14.365814605342125 Time: 0.3785170829978597
Train loss: 14.276252904134964 Val loss: 14.297381065882194 Time: 0.3773334170000453
Train loss: 14.160579929126037 Val loss: 14.18177203450188 Time: 0.37763949999862234
Train loss: 14.12330409848198 Val loss: 14.144475573149965 Time: 0.3770181670006423
Train loss: 14.169254931500745 Val loss: 14.190297832725642 Time: 0.3835482079994108
Train loss: 14.150524443477138 Val loss: 14.171547022932655 Time: 0.3830907500014291
Train loss: 14.144953274638056 Val loss: 14.16595184274727 Time: 0.37789083299867343
Train loss: 14.059920516143848 Val loss: 14.081010474734756 Time: 0.3757702499970037
Train loss: 14.22459181084336 Val loss: 14.245433970743724 Time: 0.3770057080000697
Train loss: 14.096131332639061 Val loss: 14.117126465442293 Time: 0.37504504099706537
Train loss: 13.990439893938401 Val loss: 14.011553796754493 Time: 0.3873370420005813
Train loss: 14.067765319279715 Val loss: 14.088748811337847 Time: 0.37674533300014446
Train loss: 14.169256792139294 Val loss: 14.19008441339108 Time: 0.37546620800276287
Train loss: 14.094350070499523 Val loss: 14.115279237677223 Time: 0.3760525840007176
Train loss: 13.99431191845224 Val loss: 14.015366292285032 Time: 0.3765523329966527
Train loss: 14.02139929876762 Val loss: 14.0423957284664 Time: 0.38734395800202037
Train loss: 13.940831545018057 Val loss: 13.961934974690825 Time: 0.37641024999902584
Train loss: 14.081848730096112 Val loss: 14.102723107436072 Time: 0.37674308300120174
Train loss: 14.079376831360605 Val loss: 14.10024736269686 Time: 0.37625474999731523
Train loss: 14.051350321589553 Val loss: 14.072240067224092 Time: 0.37681370800055447
Train loss: 13.986881094923092 Val loss: 14.007865476226844 Time: 0.37586662500325474
Train loss: 14.103607028941266 Val loss: 14.124396668271292 Time: 0.3889814579997619
Train loss: 14.159395527868014 Val loss: 14.180096777785895 Time: 0.37696300000243355
Train loss: 13.967532144450798 Val loss: 13.988500073106799 Time: 0.37605795899798977
Train loss: 13.931843799244348 Val loss: 13.952847865059438 Time: 0.3764846249978291
Train loss: 14.051732426894432 Val loss: 14.072547003835835 Time: 0.3757274999989022
Train loss: 13.894531003951215 Val loss: 13.915544693550096 Time: 0.3885999170015566
Train loss: 14.089834086211852 Val loss: 14.110554714884817 Time: 0.3771003750007367
Train loss: 13.879230265319862 Val loss: 13.900224732346565 Time: 0.37585424999997485
Train loss: 13.960216418718517 Val loss: 13.981058284849471 Time: 0.3773237090026669
Train loss: 13.710017273779108 Val loss: 13.731194265297198 Time: 0.3754068329981237
Train loss: 13.998172098392388 Val loss: 14.018902327753809 Time: 0.3764675000020361
Train loss: 13.768592218903223 Val loss: 13.78964113360671 Time: 0.3896396249983809
Train loss: 13.716888433818617 Val loss: 13.737973961803986 Time: 0.3763511670003936
Train loss: 13.786220128487443 Val loss: 13.807164864229913 Time: 0.3764513749993057
Train loss: 13.894093680695903 Val loss: 13.914843106913498 Time: 0.3752243749986519
Train loss: 13.851217046743272 Val loss: 13.87199658819016 Time: 0.3763038750003034
Train loss: 13.961637772568793 Val loss: 13.982241089760379 Time: 0.38906895800027996
Train loss: 13.752309241859109 Val loss: 13.773183808150785 Time: 0.3765184590010904
Train loss: 13.695555333658886 Val loss: 13.716492864879273 Time: 0.37713300000177696
Train loss: 13.555807365113223 Val loss: 13.576893693376453 Time: 0.3781397079983435
Train loss: 13.540464682591073 Val loss: 13.561519325276201 Time: 0.37768824999875505
Train loss: 13.66029307527458 Val loss: 13.681125814835134 Time: 0.3884287079999922
Train loss: 13.454836423873232 Val loss: 13.475913643844885 Time: 0.3779932080033177
Train loss: 13.445896644689256 Val loss: 13.466918177877481 Time: 0.3771812079976371
Train loss: 13.335658989288618 Val loss: 13.356771071072897 Time: 0.37790566600233433
Train loss: 13.389526251888121 Val loss: 13.41049319033665 Time: 0.376643999999942
Train loss: 13.477298104310888 Val loss: 13.49805176695787 Time: 0.3770260830024199
Train loss: 13.281669917502768 Val loss: 13.302622449484913 Time: 0.3894344159998582
Train loss: 13.3237264710109 Val loss: 13.344514333506227 Time: 0.3783716669968271
Train loss: 13.294973602686454 Val loss: 13.315689490441345 Time: 0.37727545800225926
Train loss: 13.04916377222078 Val loss: 13.070126779689291 Time: 0.3781748340006743
Train loss: 13.014093376530695 Val loss: 13.035003022965924 Time: 0.3766984590001812
Train loss: 12.88238760274514 Val loss: 12.903375444102018 Time: 0.3897909579973202
Train loss: 12.807855717050522 Val loss: 12.828803961883198 Time: 0.37836391600285424
Train loss: 12.659081313948718 Val loss: 12.680130709783734 Time: 0.43466875000012806
Train loss: 12.499192033449518 Val loss: 12.520323022004424 Time: 0.4339573750003183
Train loss: 12.421849006908275 Val loss: 12.442918265730274 Time: 0.4110710000022664
Train loss: 12.483261178118546 Val loss: 12.504059378852459 Time: 0.3919932919998246
Train loss: 12.11702677281798 Val loss: 12.138237096494873 Time: 0.376525457999378
Train loss: 12.07253525484441 Val loss: 12.09361753894908 Time: 0.37801541699809604
Train loss: 11.840039114439833 Val loss: 11.86128950827149 Time: 0.3979895420015964
Train loss: 11.728572268608827 Val loss: 11.749786513070873 Time: 0.3760114169999724
Train loss: 11.603722733417726 Val loss: 11.62488073498768 Time: 0.37620729199989
Train loss: 11.288596544964776 Val loss: 11.310137058064404 Time: 0.38762424999731593
Train loss: 11.455438135722915 Val loss: 11.476323647899289 Time: 0.3760669580005924
Train loss: 10.956353031245214 Val loss: 10.977807771976117 Time: 0.37654174999988754
Train loss: 10.71462754424897 Val loss: 10.736162186001119 Time: 0.3758936249978433
Train loss: 10.535345033516382 Val loss: 10.556819911814367 Time: 0.3776326250008424
Train loss: 10.273706948109435 Val loss: 10.295306311578331 Time: 0.38652799999908893
Train loss: 10.308377388244786 Val loss: 10.329421675024054 Time: 0.37564062499950523
Train loss: 9.975985743617713 Val loss: 9.997233121655377 Time: 0.37660287499966216
Train loss: 9.611278515473828 Val loss: 9.63273726194036 Time: 0.37507729200297035
Train loss: 9.36697790037465 Val loss: 9.388330206827495 Time: 0.3763827919974574
Train loss: 9.325044105867335 Val loss: 9.345831710983186 Time: 0.38822062499821186
Train loss: 9.086756626313898 Val loss: 9.107470054139736 Time: 0.3781461250000575
Train loss: 8.99469021110056 Val loss: 9.01499026002676 Time: 0.37621075000060955
Train loss: 8.4309150612292 Val loss: 8.45195598201746 Time: 0.3761333749971527
Train loss: 8.691346346765684 Val loss: 8.711178419581184 Time: 0.37643983399902936
Train loss: 8.496050389603889 Val loss: 8.515735652846312 Time: 0.3761168329983775
Train loss: 8.062835792614017 Val loss: 8.082970723341333 Time: 0.38857420799831743
Train loss: 7.975889814788019 Val loss: 7.995606777781723 Time: 0.3763757499982603
Train loss: 7.717195332175464 Val loss: 7.736958551930709 Time: 0.3775227920014004
Train loss: 7.754580236989646 Val loss: 7.773666270462511 Time: 0.3757710419995419
Train loss: 7.524753502940861 Val loss: 7.5438520082157465 Time: 0.375710791999154
Train loss: 7.615015168865336 Val loss: 7.633334928252559 Time: 0.38722941600281047
Train loss: 7.322948238222374 Val loss: 7.341492931915554 Time: 0.3771076249977341
Train loss: 7.230094239055733 Val loss: 7.248451268995972 Time: 0.3776104589996976
Train loss: 6.9068508054646855 Val loss: 6.925377131242248 Time: 0.3754057500009367
Train loss: 7.181462835790908 Val loss: 7.198892705638408 Time: 0.3767961660014407
Train loss: 6.904936022128741 Val loss: 6.9225961649583665 Time: 0.3746083749974787
Train loss: 7.053774287707251 Val loss: 7.070626765911427 Time: 0.3876687089978077
Train loss: 7.033464825483701 Val loss: 7.050110867155693 Time: 0.37841054100135807
Train loss: 6.765480351075439 Val loss: 6.782425225290695 Time: 0.3767902499967022
Train loss: 6.730361860946945 Val loss: 6.747040513037139 Time: 0.37667154100199696
Train loss: 6.8454331425544 Val loss: 6.861587656672337 Time: 0.3775024169990502
Train loss: 6.56105144948929 Val loss: 6.577456459871511 Time: 0.3861924159973569
Train loss: 6.731686378152772 Val loss: 6.747422163811596 Time: 0.3769508750010573
Train loss: 6.453075852702852 Val loss: 6.469295487907189 Time: 0.3748501669979305
Train loss: 7.031876772044827 Val loss: 7.046432021252482 Time: 0.37562179200176615
Train loss: 6.665598767125935 Val loss: 6.6806644580508 Time: 0.37537129200063646
Train loss: 6.48937029933871 Val loss: 6.504685534057379 Time: 0.38193658299860545
Train loss: 6.324557019261292 Val loss: 6.339947771643579 Time: 0.3807346249996044
Train loss: 6.226294462040201 Val loss: 6.2416704536013805 Time: 0.3762181670026621
Train loss: 6.449106626547334 Val loss: 6.4638412715997235 Time: 0.37813425000058487
Train loss: 6.4124499439191185 Val loss: 6.427084366418963 Time: 0.37626204199841595
Train loss: 6.398171285022386 Val loss: 6.412657453606735 Time: 0.37712337500124704
Train loss: 6.531263506539268 Val loss: 6.545364976877663 Time: 0.3882835829972464
Train loss: 6.2751455537693035 Val loss: 6.289607935204544 Time: 0.37696725000205333
Train loss: 6.395120341342846 Val loss: 6.409133767631186 Time: 0.37658945800285437
Train loss: 6.538669617098517 Val loss: 6.5522047485166395 Time: 0.37584283300020616
Train loss: 6.106806890815339 Val loss: 6.121092578262847 Time: 0.3766587919999438
Train loss: 6.3064842828946155 Val loss: 6.320341007468925 Time: 0.3885316250016331
Train loss: 6.634921275319502 Val loss: 6.648064309833594 Time: 0.37682437500188826
Train loss: 6.6554527944503095 Val loss: 6.668450831715923 Time: 0.37580379199789604
Train loss: 6.300852104055977 Val loss: 6.31444707074741 Time: 0.375590874999034
Train loss: 6.0172654980639075 Val loss: 6.031334564510838 Time: 0.3773849999997765
Train loss: 6.134662636600879 Val loss: 6.148209704472002 Time: 0.37686274999941816
Train loss: 6.709782911192207 Val loss: 6.722111540777726 Time: 0.3885474589988007
Train loss: 6.087286726424129 Val loss: 6.100755864943685 Time: 0.38003787499837927
Train loss: 6.175485635003923 Val loss: 6.188664888446992 Time: 0.37834029200166697
Train loss: 6.341703864657399 Val loss: 6.35435050073177 Time: 0.3767730420004227
Train loss: 6.181398880437877 Val loss: 6.194471114215966 Time: 0.3764317499990284
Train loss: 6.269687825737328 Val loss: 6.2822793602082285 Time: 0.38865891699970234
Train loss: 6.381142610973422 Val loss: 6.3934366371222096 Time: 0.3781571250001434
Train loss: 6.144353479178967 Val loss: 6.157022392753164 Time: 0.37369491700155777
Shrinking learning rate to 1.0000000000000002e-06
Train loss: 6.2536295342439985 Val loss: 6.267136422142343 Time: 0.37859137499981443
Train loss: 6.385879107658422 Val loss: 6.399088543439306 Time: 0.3769817080028588
Train loss: 6.176812957796024 Val loss: 6.190441682292233 Time: 0.3746813750003639
Train loss: 6.144519298533348 Val loss: 6.158194789394529 Time: 0.38888387499901
Train loss: 6.1122275204153595 Val loss: 6.125956513551453 Time: 0.37535487500281306
Train loss: 6.334155615314204 Val loss: 6.3473774718533935 Time: 0.37696833399968455
Train loss: 5.9990567993896615 Val loss: 6.012990726872621 Time: 0.37647191699943505
Train loss: 6.179597042129665 Val loss: 6.193111029025263 Time: 0.3763742919982178
Train loss: 5.974240013701068 Val loss: 5.988221708137251 Time: 0.38782854200326256
Train loss: 6.138740174552858 Val loss: 6.1523138907410795 Time: 0.37782041700120317
Train loss: 6.1470317005668615 Val loss: 6.160556707974695 Time: 0.3773825829994166
Train loss: 6.415107296749235 Val loss: 6.4280615802807075 Time: 0.3784643330000108
Train loss: 6.172136548202442 Val loss: 6.185574238540622 Time: 0.3774126249991241
Train loss: 6.193327922079305 Val loss: 6.206689954963851 Time: 0.41783324999778415
Train loss: 6.215235234050851 Val loss: 6.228525154827744 Time: 0.4308693749990198
Train loss: 5.97870623430876 Val loss: 5.992508786407716 Time: 0.4422887090004224
Train loss: 6.2817418008821075 Val loss: 6.294845632484068 Time: 0.3811432500006049
Train loss: 6.046440455260214 Val loss: 6.060059292906562 Time: 0.37836779200006276
Shrinking learning rate to 1.0000000000000002e-07
Learning rate getting small
Complete
 Total time: 67.11714974999995