starting log for model: models/lstm_comb_alpha_0.0_22-23.pth
Train loss: 14.258185942770325 Val loss: 0.7649266719818115 Time: 0.27030654099871754
Train loss: 13.081581257111594 Val loss: 0.7291555404663086 Time: 0.263337041997147
Train loss: 11.16902961907234 Val loss: 0.6642880439758301 Time: 0.2622353330007172
Train loss: 8.922299200384908 Val loss: 0.5644678473472595 Time: 0.2631182910008647
Train loss: 7.273657791627621 Val loss: 0.4845067858695984 Time: 0.27666741700159037
Train loss: 6.512341715852704 Val loss: 0.4312250316143036 Time: 0.26325316699876566
Train loss: 6.369578577673276 Val loss: 0.4047665297985077 Time: 0.2621888329995272
Train loss: 6.054857952336192 Val loss: 0.4066784083843231 Time: 0.26318724999873666
Train loss: 6.060580687532245 Val loss: 0.3837619423866272 Time: 0.2612837920023594
Train loss: 5.706361108732118 Val loss: 0.384847491979599 Time: 0.262132500000007
Train loss: 5.689249607767305 Val loss: 0.3795909881591797 Time: 0.2599950830008311
Train loss: 5.567493984328522 Val loss: 0.3675278425216675 Time: 0.26073608300066553
Train loss: 5.439245740425054 Val loss: 0.36052748560905457 Time: 0.27382604200101923
Train loss: 5.315335522954692 Val loss: 0.3588692545890808 Time: 0.2614605830021901
Train loss: 4.902223346206593 Val loss: 0.34428638219833374 Time: 0.26059991600050125
Train loss: 4.935460174762882 Val loss: 0.33148401975631714 Time: 0.2611920419985836
Train loss: 5.101847180666141 Val loss: 0.33819490671157837 Time: 0.2608919589983998
Train loss: 4.664839742699513 Val loss: 0.3227986693382263 Time: 0.2604730000020936
Train loss: 4.45951710943503 Val loss: 0.31650203466415405 Time: 0.2608312499978638
Train loss: 4.466680596763446 Val loss: 0.30265605449676514 Time: 0.273469625000871
Train loss: 4.104817220314409 Val loss: 0.2932589650154114 Time: 0.2624359170004027
Train loss: 4.147165015896121 Val loss: 0.2881801128387451 Time: 0.2601395000019693
Train loss: 4.050343226712066 Val loss: 0.2570487856864929 Time: 0.2603630410012556
Train loss: 3.832465106197617 Val loss: 0.2473551630973816 Time: 0.2608302910011844
Train loss: 3.737934617071316 Val loss: 0.24415385723114014 Time: 0.26085937500101863
Train loss: 3.636937824693101 Val loss: 0.2413007616996765 Time: 0.26149237499703304
Train loss: 3.3142942236987967 Val loss: 0.24115592241287231 Time: 0.262137541998527
Train loss: 3.3097663707971776 Val loss: 0.21483486890792847 Time: 0.2738669589998608
Train loss: 3.416994038023688 Val loss: 0.19197571277618408 Time: 0.26259420899805264
Train loss: 3.14886782636367 Val loss: 0.17686879634857178 Time: 0.2615692500003206
Train loss: 2.992062768890463 Val loss: 0.16437417268753052 Time: 0.26137200000084704
Train loss: 2.8407433477957023 Val loss: 0.16155904531478882 Time: 0.26055312500102445
Train loss: 2.721695179273638 Val loss: 0.13334286212921143 Time: 0.2612342920001538
Train loss: 2.8198540389814184 Val loss: 0.12285935878753662 Time: 0.26085616699856473
Train loss: 2.6380807216147097 Val loss: 0.10845822095870972 Time: 0.2605447499990987
Train loss: 2.3738923057886665 Val loss: 0.08585923910140991 Time: 0.27387720800106763
Train loss: 2.5919552272621473 Val loss: 0.10110843181610107 Time: 0.2617629160013166
Train loss: 2.5278603974547886 Val loss: 0.08739924430847168 Time: 0.26104995800051256
Train loss: 2.2992558849742863 Val loss: 0.07394909858703613 Time: 0.26136166600190336
Train loss: 2.2668563627516907 Val loss: 0.06294816732406616 Time: 0.2607579590003297
Train loss: 2.348816414200545 Val loss: 0.050031304359436035 Time: 0.26018287500119186
Train loss: 2.294830940593954 Val loss: 0.0681692361831665 Time: 0.26155095799913397
Train loss: 2.278215973950452 Val loss: 0.07478463649749756 Time: 0.26076454099893454
Train loss: 2.0844565019035777 Val loss: 0.07608944177627563 Time: 0.2734450829993875
Train loss: 2.1411594079078586 Val loss: 0.032942354679107666 Time: 0.2602214159996947
Train loss: 2.0466211169759987 Val loss: 0.05174058675765991 Time: 0.2607184160006
Train loss: 1.944246666502413 Val loss: 0.06299704313278198 Time: 0.26021291600045515
Train loss: 1.9822260018029283 Val loss: 0.041348278522491455 Time: 0.26087704099700204
Train loss: 2.02880315673076 Val loss: 0.05979830026626587 Time: 0.2600179159999243
Train loss: 1.8584358569271207 Val loss: 0.053066909313201904 Time: 0.2593024999987392
Train loss: 1.9049360470809331 Val loss: 0.028968870639801025 Time: 0.2614532089974091
Train loss: 1.970645778719586 Val loss: 0.04777795076370239 Time: 0.2720265419993666
Train loss: 1.8159088351071127 Val loss: 0.05404609441757202 Time: 0.26008004100003745
Train loss: 1.8141887600405724 Val loss: 0.058762550354003906 Time: 0.2600869169982616
Train loss: 1.8184597656010553 Val loss: 0.04234856367111206 Time: 0.26029216700044344
Train loss: 1.6886290184881574 Val loss: 0.028091073036193848 Time: 0.26012058300329954
Train loss: 1.6726370246047537 Val loss: 0.05079871416091919 Time: 0.26025591699726647
Train loss: 1.8164125690068715 Val loss: 0.050598084926605225 Time: 0.2607617920002667
Train loss: 1.7188122065933187 Val loss: 0.05439722537994385 Time: 0.27239716700205463
Train loss: 1.6214523617297778 Val loss: 0.04452717304229736 Time: 0.25973470799726783
Train loss: 1.724343930139086 Val loss: 0.0553511381149292 Time: 0.26014958299856517
Train loss: 1.59856471419651 Val loss: 0.05490821599960327 Time: 0.26266312500229105
Train loss: 1.6882700029281281 Val loss: 0.06984758377075195 Time: 0.26422816700141993
Train loss: 1.4936092864946264 Val loss: 0.07534515857696533 Time: 0.2613833329996851
Train loss: 1.4303170577515516 Val loss: 0.07665187120437622 Time: 0.2611407500007772
Train loss: 1.473752318808387 Val loss: 0.08475494384765625 Time: 0.2613998340020771
Train loss: 1.4285223435498562 Val loss: 0.06618773937225342 Time: 0.2751892910018796
Train loss: 1.4265408106607183 Val loss: 0.07906115055084229 Time: 0.26274054199893726
Train loss: 1.4447839510974028 Val loss: 0.07144224643707275 Time: 0.2612547919998178
Train loss: 1.51411103165578 Val loss: 0.06091362237930298 Time: 0.2615601659999811
Train loss: 1.3728907193038964 Val loss: 0.06847310066223145 Time: 0.2622668750009325
Train loss: 1.4181466195846326 Val loss: 0.06589716672897339 Time: 0.26237754100293387
Train loss: 1.369576102295749 Val loss: 0.06738251447677612 Time: 0.26246070800334564
Train loss: 1.4252034142548666 Val loss: 0.0626559853553772 Time: 0.26080745899889735
Train loss: 1.4190523191809916 Val loss: 0.06812793016433716 Time: 0.2737150000029942
Train loss: 1.3620534875917087 Val loss: 0.09004926681518555 Time: 0.2626060000002326
Train loss: 1.3562408365907572 Val loss: 0.07983237504959106 Time: 0.2645732919991133
Train loss: 1.3488087957355663 Val loss: 0.08146065473556519 Time: 0.2616026249997958
Train loss: 1.259612293925585 Val loss: 0.05893439054489136 Time: 0.26137991700306884
Train loss: 1.26477034624628 Val loss: 0.07697087526321411 Time: 0.2613547910004854
Train loss: 1.3890462038087605 Val loss: 0.0472186803817749 Time: 0.2612204590004694
Train loss: 1.2057273711827747 Val loss: 0.048744261264801025 Time: 0.26135237499693176
Train loss: 1.0673738180511094 Val loss: 0.07097280025482178 Time: 0.27427862499826006
Train loss: 1.2598379504933064 Val loss: 0.0590595006942749 Time: 0.26101849999758997
Train loss: 1.2039460884120103 Val loss: 0.09455424547195435 Time: 0.26260254199951305
Train loss: 1.1219432992116047 Val loss: 0.0770372748374939 Time: 0.2608462079988385
Train loss: 1.177509897884434 Val loss: 0.08404868841171265 Time: 0.26205237500107614
Train loss: 1.105389016151804 Val loss: 0.115345299243927 Time: 0.2613413750004838
Train loss: 1.1191467692558144 Val loss: 0.07186347246170044 Time: 0.26091004199770396
Train loss: 1.1288001945069377 Val loss: 0.05051523447036743 Time: 0.2638572089999798
Train loss: 1.181331934385112 Val loss: 0.09705877304077148 Time: 0.2714652909999131
Train loss: 1.0856248827533417 Val loss: 0.08726292848587036 Time: 0.26059733299916843
Shrinking learning rate to 1e-05
Train loss: 1.2105033462894426 Val loss: 0.055883824825286865 Time: 0.261554624998098
Train loss: 1.1688575002277943 Val loss: 0.054971277713775635 Time: 0.2603245419995801
Train loss: 1.1265132714601584 Val loss: 0.05722230672836304 Time: 0.2597486670019862
Train loss: 1.1172579040320212 Val loss: 0.06508898735046387 Time: 0.2609514579999086
Train loss: 1.1513654412146792 Val loss: 0.06482130289077759 Time: 0.2597576249972917
Train loss: 1.053037314090643 Val loss: 0.06049257516860962 Time: 0.27212745799988625
Train loss: 1.0752210885979707 Val loss: 0.05924677848815918 Time: 0.26148141600060626
Train loss: 0.9637774968537549 Val loss: 0.06516426801681519 Time: 0.2618070410026121
Train loss: 1.0818884918173985 Val loss: 0.061238884925842285 Time: 0.26188941600048565
Train loss: 1.116189874549307 Val loss: 0.05750548839569092 Time: 0.2610417920004693
Train loss: 1.0576945691278183 Val loss: 0.05397021770477295 Time: 0.26118870899881586
Train loss: 1.052823592755182 Val loss: 0.05953758955001831 Time: 0.2609062920018914
Train loss: 1.0654025967467753 Val loss: 0.06411290168762207 Time: 0.261038833999919
Train loss: 1.1153638531845402 Val loss: 0.06258571147918701 Time: 0.2722391660026915
Train loss: 1.0493162902321052 Val loss: 0.06363922357559204 Time: 0.2613307089995942
Train loss: 1.0479483425525444 Val loss: 0.05917567014694214 Time: 0.2609488339985546
Train loss: 1.0725226059264514 Val loss: 0.06501013040542603 Time: 0.2613720830013335
Shrinking learning rate to 1.0000000000000002e-06
Train loss: 1.160183659372933 Val loss: 0.06423908472061157 Time: 0.2619974170011119
Train loss: 1.0422054842318005 Val loss: 0.0639028549194336 Time: 0.26105412499964586
Train loss: 1.1082035929645997 Val loss: 0.06429630517959595 Time: 0.26150041700020665
Train loss: 1.0084842460344419 Val loss: 0.06365525722503662 Time: 0.260193458001595
Train loss: 1.2114189300679143 Val loss: 0.06283974647521973 Time: 0.2726184579987603
Train loss: 1.0610236610021602 Val loss: 0.06267642974853516 Time: 0.2614153329996043
Train loss: 1.0755807298618443 Val loss: 0.061927974224090576 Time: 0.26110479199996917
Train loss: 1.0206358785971565 Val loss: 0.06162744760513306 Time: 0.26181008300045505
Train loss: 1.1863168583229273 Val loss: 0.061449527740478516 Time: 0.2610725829981675
Train loss: 1.118012416611144 Val loss: 0.06142926216125488 Time: 0.2614729169981729
Shrinking learning rate to 1.0000000000000002e-07
Learning rate getting small
Complete
 Total time: 31.3721747089985