starting log for model: models/lstm_lin1_fcast_20_new_22-23.pth
Train loss: 15.715884708966172 Val loss: 2.758957469447334 Time: 0.4440972500001408
Train loss: 10.156720826086314 Val loss: 1.1088604578032157 Time: 0.5841148330000578
Train loss: 7.536424918191585 Val loss: 0.8546581043436567 Time: 0.4212659159998111
Train loss: 6.879703847704818 Val loss: 0.8220792564322241 Time: 0.41354595800021343
Train loss: 6.4732073318468375 Val loss: 0.7807701176481963 Time: 0.41685583399976167
Train loss: 5.998498317625783 Val loss: 0.758687261823738 Time: 0.41283941600022445
Train loss: 5.726486777981353 Val loss: 0.724907393368043 Time: 0.42050566699981573
Train loss: 5.128434188383937 Val loss: 0.6582065275808548 Time: 0.41245470800004114
Train loss: 4.958244932669982 Val loss: 0.6004870810756362 Time: 0.41619183300008444
Train loss: 4.770405266708536 Val loss: 0.5882709458475945 Time: 0.41253166700016664
Train loss: 4.242469501521782 Val loss: 0.52697072423219 Time: 0.4148896669998976
Train loss: 3.8833269655245886 Val loss: 0.4308343214409117 Time: 0.41735333299993727
Train loss: 3.922799658908941 Val loss: 0.4121840119546512 Time: 0.41562295799985804
Train loss: 3.7381407830708167 Val loss: 0.3870898638870193 Time: 0.4127852090000488
Train loss: 3.690059137302317 Val loss: 0.39277582678097656 Time: 0.4137694169999122
Train loss: 3.4892499557853878 Val loss: 0.36310456873017793 Time: 0.41575566700021227
Train loss: 3.4717296986265893 Val loss: 0.3838966487899842 Time: 0.41687191600021833
Train loss: 3.2879664962900677 Val loss: 0.3658739494606165 Time: 0.41126929200027007
Train loss: 3.4425556632244003 Val loss: 0.43290763792921355 Time: 0.4095393749998948
Train loss: 3.493088836380295 Val loss: 0.4915681841165485 Time: 0.4112159999999676
Train loss: 3.6417007036886417 Val loss: 0.45920584836350037 Time: 0.4183092499997656
Train loss: 3.3665465383811313 Val loss: 0.3834111286028771 Time: 0.41888041700030954
Train loss: 3.031286434065245 Val loss: 0.37590667560175484 Time: 0.4194394169999214
Train loss: 2.999219840170781 Val loss: 0.37521901695290744 Time: 0.41007170800003223
Train loss: 3.140096811693967 Val loss: 0.43170797917869125 Time: 0.41213508400005594
Train loss: 2.918434326450992 Val loss: 0.32873793510891147 Time: 0.40953945899991595
Train loss: 2.804799833090444 Val loss: 0.29126037325028065 Time: 0.41582000000016706
Train loss: 2.5920549057621622 Val loss: 0.2790789694363341 Time: 0.4103595420001511
Train loss: 2.490846651861899 Val loss: 0.2929822942695087 Time: 0.4098509169998579
Train loss: 2.500788938709931 Val loss: 0.2708341065610783 Time: 0.40962533299989445
Train loss: 2.1370166359039047 Val loss: 0.24011027538556037 Time: 0.4433333329998277
Train loss: 2.3207645892124305 Val loss: 0.2527150839463139 Time: 0.41308429199989405
Train loss: 2.1880872897462496 Val loss: 0.2428093334426835 Time: 0.4099459589997423
Train loss: 1.9218184178422562 Val loss: 0.23113399539735446 Time: 0.40842004199976145
Train loss: 2.0554642593401997 Val loss: 0.28138436748103046 Time: 0.41009716700000354
Train loss: 1.9954630297618507 Val loss: 0.23007993055252984 Time: 0.411286791999828
Train loss: 1.634792746567669 Val loss: 0.19998031873826677 Time: 0.41608274999998685
Train loss: 1.8901290629191472 Val loss: 0.21774688181266957 Time: 0.40929795800002466
Train loss: 1.6141938517634813 Val loss: 0.1899202504269124 Time: 0.40862220899998647
Train loss: 1.6103467269111533 Val loss: 0.18965744546566382 Time: 0.4108294580000802
Train loss: 1.694443980863383 Val loss: 0.20235490680437637 Time: 0.4107660829999986
Train loss: 1.5325275668867508 Val loss: 0.27404356176728306 Time: 0.41237079199981963
Train loss: 1.2462618122090685 Val loss: 0.33563799949438916 Time: 0.40876495900010923
Train loss: 1.6320288034032586 Val loss: 0.24603390063133954 Time: 0.40972516600004383
Train loss: 1.5930149686148667 Val loss: 0.275510453116851 Time: 0.40889945800017813
Train loss: 1.3075728383634848 Val loss: 0.25732396156179693 Time: 0.41276633300003596
Train loss: 1.4215517107444384 Val loss: 0.30943518839788997 Time: 0.41100091699991026
Train loss: 1.7005622756762229 Val loss: 0.27680648997891305 Time: 0.4099727090001579
Train loss: 1.3349553327498818 Val loss: 0.16681162539216288 Time: 0.4096307499999057
Train loss: 1.291928048106854 Val loss: 0.2597561170638617 Time: 0.4112996660001045
Train loss: 1.3118709268878632 Val loss: 0.20006457386166107 Time: 0.41370658300002106
Train loss: 1.3007433286014134 Val loss: 0.24905803251787678 Time: 0.4102192919999652
Shrinking learning rate to 5e-05
Train loss: 1.5703208322554474 Val loss: 0.24655403590071573 Time: 0.41145479199985857
Train loss: 1.2435890584150509 Val loss: 0.19657421358200675 Time: 0.4086901249997936
Train loss: 1.13866419548242 Val loss: 0.18804474684205932 Time: 0.41143587500027934
Train loss: 1.1177735999374363 Val loss: 0.17123095472629504 Time: 0.4144635000002381
Train loss: 1.0156395525524715 Val loss: 0.15833629742827884 Time: 0.4095180829999663
Train loss: 1.2094123021718985 Val loss: 0.15996434531672207 Time: 0.4091837910000322
Train loss: 1.0753321358215402 Val loss: 0.14749200078468638 Time: 0.4102484580002965
Train loss: 1.0458884074643038 Val loss: 0.1453788011934284 Time: 0.40764891699973305
Train loss: 1.0308091663910481 Val loss: 0.1443618047957491 Time: 0.41384779199961486
Train loss: 0.968804804590377 Val loss: 0.1418734224237907 Time: 0.40683608300014384
Train loss: 1.1205386306680318 Val loss: 0.15179862078354414 Time: 0.40986658300016643
Train loss: 0.9844614266454208 Val loss: 0.14276981764349644 Time: 0.40803191600025457
Train loss: 0.8073803668186521 Val loss: 0.13641235799989995 Time: 0.40841266699999323
Train loss: 0.9683939647266726 Val loss: 0.14043484644485413 Time: 0.4132248749997416
Train loss: 0.8672367976038053 Val loss: 0.13556698045050852 Time: 0.4100909580001826
Train loss: 0.8434247422022327 Val loss: 0.1321721862081016 Time: 0.41095483299977786
Train loss: 0.9288259067878855 Val loss: 0.13726357809331594 Time: 0.411394458000359
Train loss: 0.9267029304529002 Val loss: 0.14225944818448633 Time: 0.4082431669999096
Train loss: 0.8326652078817851 Val loss: 0.14730975649563394 Time: 0.42334749999963606
Train loss: 0.9506059686799802 Val loss: 0.15172054936714208 Time: 0.4124435829999129
Train loss: 1.009650039861242 Val loss: 0.14516360891355914 Time: 0.4092390000000705
Train loss: 0.8881679057683982 Val loss: 0.1421492889109179 Time: 0.4093102090000684
Shrinking learning rate to 5e-06
Train loss: 0.9618883984335866 Val loss: 0.14496496431795955 Time: 0.4134796250000363
Train loss: 0.9096335886706939 Val loss: 0.1395762055505999 Time: 0.41499900000007983
Train loss: 0.9291304302170591 Val loss: 0.1392176863638993 Time: 0.4098787079997237
Train loss: 0.8572926333453097 Val loss: 0.1340772973754421 Time: 0.41093358299985994
Train loss: 1.1194776776205941 Val loss: 0.15163680205844915 Time: 0.41086870800018005
Train loss: 0.8288743808951864 Val loss: 0.13178283968648857 Time: 0.40928758400013976
Train loss: 0.9318899023207141 Val loss: 0.1377283607729146 Time: 0.4155780000000959
Train loss: 0.7708151272013524 Val loss: 0.12702868406168769 Time: 0.4112989580003159
Train loss: 0.9827526615540023 Val loss: 0.1409427654772567 Time: 0.4099658340001042
Train loss: 0.8764328225367439 Val loss: 0.13329334034722706 Time: 0.4086103749996255
Train loss: 0.9308611674912228 Val loss: 0.13681728402551227 Time: 0.415872875000332
Train loss: 1.0234381718951227 Val loss: 0.1434186196420017 Time: 0.41716449999967153
Train loss: 0.820505526496353 Val loss: 0.12969517914106496 Time: 0.4514506670002447
Train loss: 0.894534958985659 Val loss: 0.13427852225272172 Time: 0.4128795000001446
Train loss: 0.9063134332231151 Val loss: 0.1354515452603774 Time: 0.4100399999997535
Train loss: 0.857822440659902 Val loss: 0.13243496185665798 Time: 0.4106694580000294
Train loss: 0.9955421042205757 Val loss: 0.14122093422345983 Time: 0.4141663340001287
Shrinking learning rate to 5.000000000000001e-07
Learning rate getting small
Complete
 Total time: 37.866527958999995