starting log for model: models/lstm_alpha_1.0_22-23.pth
Train loss: 14.88137666961046 Val loss: 14.902319627420502 Time: 0.33427116699749604
Train loss: 14.338439374352106 Val loss: 14.359522414713181 Time: 0.33273695800016867
Train loss: 14.174252089725599 Val loss: 14.195317912838508 Time: 0.331057833001978
Train loss: 13.986883725027155 Val loss: 14.007966820936847 Time: 0.3319418749997567
Train loss: 13.634784412051644 Val loss: 13.655630880538283 Time: 0.34303175000241026
Train loss: 12.522735917195817 Val loss: 12.543522872981786 Time: 0.3321963330017752
Train loss: 10.59880599560605 Val loss: 10.618802396169562 Time: 0.3317171250018873
Train loss: 8.516857543568022 Val loss: 8.536933532341097 Time: 0.3307924170003389
Train loss: 7.539330557141355 Val loss: 7.5593100421896295 Time: 0.33289037499707774
Train loss: 7.200768446544242 Val loss: 7.22037470863255 Time: 0.3308346250014438
Train loss: 7.009314654722022 Val loss: 7.028805772850037 Time: 0.3418296250019921
Train loss: 6.965771926362788 Val loss: 6.984996657806743 Time: 0.3332257500005653
Train loss: 6.92942600856648 Val loss: 6.948162853967641 Time: 0.33248174999971525
Train loss: 6.656429548128989 Val loss: 6.674921239155326 Time: 0.33122908400036977
Train loss: 6.546227570979148 Val loss: 6.56456914071757 Time: 0.33211716699952376
Train loss: 6.5451370326654175 Val loss: 6.563179935429714 Time: 0.3311947500005772
Train loss: 6.387026135240745 Val loss: 6.4047218218346655 Time: 0.33211616600237903
Train loss: 6.241740721982177 Val loss: 6.260155389861694 Time: 0.3422167089993309
Train loss: 6.276176252826877 Val loss: 6.294346901393126 Time: 0.3325356249988545
Train loss: 6.140613677433897 Val loss: 6.158397686700195 Time: 0.33115854100105935
Train loss: 6.129345936174502 Val loss: 6.146887227896234 Time: 0.33137270900260773
Train loss: 5.7848520902382345 Val loss: 5.801793045512487 Time: 0.33115437499873224
Train loss: 5.903292176707392 Val loss: 5.9199326493862126 Time: 0.3322275840000657
Train loss: 5.672805808448414 Val loss: 5.688872474641205 Time: 0.3421621250017779
Train loss: 5.475106584791831 Val loss: 5.491372495117169 Time: 0.3305632909978158
Train loss: 5.416783016799059 Val loss: 5.433171976892751 Time: 0.3306359579983109
Train loss: 5.3045085656744 Val loss: 5.320137954801523 Time: 0.3313840839982731
Train loss: 5.242996988707217 Val loss: 5.258030654402986 Time: 0.3311837920009566
Train loss: 5.097498203351224 Val loss: 5.111413496901805 Time: 0.33184437499949127
Train loss: 5.048781748112982 Val loss: 5.062509480698331 Time: 0.34212387499792385
Train loss: 4.920817521225038 Val loss: 4.934840987154557 Time: 0.33202316599999904
Train loss: 4.610615483833747 Val loss: 4.625062136305927 Time: 0.33234041600007913
Train loss: 4.54184011250677 Val loss: 4.556035583896608 Time: 0.33193499999833875
Train loss: 4.48499985571437 Val loss: 4.497504693877885 Time: 0.3311919580009999
Train loss: 4.3537298759068666 Val loss: 4.366685091693357 Time: 0.3328836670007149
Train loss: 4.337132766200065 Val loss: 4.349268418919696 Time: 0.34227712500069174
Train loss: 4.307494983994329 Val loss: 4.319200567259162 Time: 0.3323716669983696
Train loss: 4.083134273554869 Val loss: 4.096023744306955 Time: 0.33354179200250655
Train loss: 4.08631222930137 Val loss: 4.098547369359173 Time: 0.3324963339982787
Train loss: 3.7139999001604513 Val loss: 3.726477437163534 Time: 0.33243166700049187
Train loss: 3.915601354818513 Val loss: 3.926753577010961 Time: 0.33633275000102003
Train loss: 3.8414165228985118 Val loss: 3.852681531887197 Time: 0.34285904100033804
Train loss: 3.7095390817942713 Val loss: 3.7201994237115334 Time: 0.3334619160013972
Train loss: 3.598230574567631 Val loss: 3.609705984010931 Time: 0.33268349999707425
Train loss: 3.6417394724355363 Val loss: 3.652334563734833 Time: 0.33504454100329895
Train loss: 3.578071722290553 Val loss: 3.5892802118281666 Time: 0.33273566600109916
Train loss: 3.554010309221548 Val loss: 3.564719745271637 Time: 0.33263062500191154
Train loss: 3.2808047537817893 Val loss: 3.292278145247089 Time: 0.34346091599945794
Train loss: 3.564403683943432 Val loss: 3.5731190811310705 Time: 0.33219200000166893
Train loss: 3.2627929658718102 Val loss: 3.272946839722795 Time: 0.33284220800123876
Train loss: 3.447707477549072 Val loss: 3.456950293558832 Time: 0.3319812080007978
Train loss: 3.378438039687964 Val loss: 3.3865588252690677 Time: 0.33165050000025076
Train loss: 3.354268288415278 Val loss: 3.36544231881912 Time: 0.3318146669989801
Train loss: 3.1726396360367133 Val loss: 3.1837766313146956 Time: 0.3424883330008015
Train loss: 3.3093572348616904 Val loss: 3.3192183861193034 Time: 0.33112370900198584
Train loss: 3.1892331568406647 Val loss: 3.1973760018343476 Time: 0.33212066700070864
Train loss: 3.1923404762109993 Val loss: 3.2012339696276815 Time: 0.3314077499999257
Train loss: 3.108486214819255 Val loss: 3.1171061460244736 Time: 0.33056104199931724
Train loss: 3.157616299590636 Val loss: 3.165418909397034 Time: 0.3314109590028238
Train loss: 3.029493511576206 Val loss: 3.0387635713330976 Time: 0.33443666600214783
Train loss: 3.094864772391894 Val loss: 3.105083770557127 Time: 0.33864845800053445
Train loss: 3.0145461126797453 Val loss: 3.0226799331729386 Time: 0.33072658400124055
Train loss: 3.025999016763128 Val loss: 3.034999630540208 Time: 0.33133995800017146
Train loss: 3.1552437810814475 Val loss: 3.1650252748153433 Time: 0.33067941699846415
Train loss: 3.031178024454154 Val loss: 3.0395277201072535 Time: 0.3308908330000122
Train loss: 2.897304005870108 Val loss: 2.9080608047789713 Time: 0.33075074999942444
Train loss: 2.826148425115875 Val loss: 2.8337732237190307 Time: 0.3422102919976169
Train loss: 2.9270063945622145 Val loss: 2.9353348553374525 Time: 0.33154629199998453
Train loss: 2.9266531581153865 Val loss: 2.9351271276986384 Time: 0.33045249999850057
Train loss: 2.853577410540609 Val loss: 2.861149570957946 Time: 0.3299985419980658
Train loss: 2.8131111975979657 Val loss: 2.8230069581835475 Time: 0.3314242499982356
Train loss: 2.895972578005937 Val loss: 2.9047955795060982 Time: 0.33186475000184146
Train loss: 2.982239496152183 Val loss: 2.991047512693781 Time: 0.34100949999992736
Train loss: 2.8764083942754883 Val loss: 2.8836336579087463 Time: 0.330331290999311
Train loss: 2.7950507436949454 Val loss: 2.8034477917789964 Time: 0.3323559159980505
Train loss: 2.704472851472633 Val loss: 2.71146881569131 Time: 0.33196425000278396
Train loss: 2.7439124404373683 Val loss: 2.753576951009164 Time: 0.3311152919995948
Train loss: 2.808091213945275 Val loss: 2.8165357451995634 Time: 0.330295040999772
Train loss: 2.703648498497488 Val loss: 2.712204649240397 Time: 0.34068616600052337
Train loss: 2.661876631764372 Val loss: 2.6700328784284006 Time: 0.3323523330000171
Train loss: 2.6717294593156424 Val loss: 2.6798094065708624 Time: 0.33150095800010604
Train loss: 2.5557454262266344 Val loss: 2.563960616614384 Time: 0.3312929580024502
Train loss: 2.59374906034191 Val loss: 2.6013428861314445 Time: 0.33248900000035064
Train loss: 2.629449573414759 Val loss: 2.637870070050067 Time: 0.33020304199817474
Train loss: 2.594330409359616 Val loss: 2.5997426616279116 Time: 0.33914124999864725
Train loss: 2.4584811634324266 Val loss: 2.4630323341698817 Time: 0.3310953330001212
Train loss: 2.5999831036397723 Val loss: 2.607065215615605 Time: 0.3349875419989985
Train loss: 2.5024919743435348 Val loss: 2.5098996373596822 Time: 0.33169845799784525
Train loss: 2.411026460904276 Val loss: 2.4175259359096337 Time: 0.331589207999059
Train loss: 2.3934623327556217 Val loss: 2.3994796553806927 Time: 0.3538019579973479
Train loss: 2.347439744785632 Val loss: 2.352220853211005 Time: 0.3451890830001503
Train loss: 2.284401693656825 Val loss: 2.291820168899253 Time: 0.33281999999962864
Train loss: 2.498359071109757 Val loss: 2.50396785192121 Time: 0.3321775410004193
Train loss: 2.372532452515388 Val loss: 2.3778121104088656 Time: 0.33141145900299307
Train loss: 2.2955028493839222 Val loss: 2.301608752143682 Time: 0.3317166249980801
Train loss: 2.234939672277825 Val loss: 2.2414723047907743 Time: 0.3321287500002654
Train loss: 2.3809278206031586 Val loss: 2.386429225809326 Time: 0.3434666249995644
Train loss: 2.320901137839913 Val loss: 2.326092897554585 Time: 0.3320097910000186
Train loss: 2.24194966200366 Val loss: 2.248015616432811 Time: 0.3319282499978726
Train loss: 2.218142463615278 Val loss: 2.221603558365018 Time: 0.33194783400176675
Train loss: 2.0892502094059457 Val loss: 2.095539816666279 Time: 0.33142824999958975
Train loss: 2.2433372171044246 Val loss: 2.244400710544084 Time: 0.3321117919986136
Train loss: 2.10101213772343 Val loss: 2.105349414298792 Time: 0.3300747079993016
Train loss: 2.2151158150246877 Val loss: 2.2188618591934968 Time: 0.34239341700231307
Train loss: 2.24003857854686 Val loss: 2.2446386360834416 Time: 0.33118437500161235
Train loss: 2.165382162295982 Val loss: 2.1699567902908816 Time: 0.3315547089987376
Train loss: 2.258927609305573 Val loss: 2.261585796104578 Time: 0.33123716699992656
Train loss: 2.2228833017235825 Val loss: 2.227887653408547 Time: 0.3306014170011622
Train loss: 2.084589655394325 Val loss: 2.089287439695213 Time: 0.3303944170002069
Train loss: 2.285199925385201 Val loss: 2.2884634459985063 Time: 0.3422288750007283
Train loss: 2.1265529256577747 Val loss: 2.129434775609595 Time: 0.33018950000041514
Train loss: 2.133658314721586 Val loss: 2.137719982511388 Time: 0.33081262500127195
Train loss: 2.110925869906918 Val loss: 2.1122398366150232 Time: 0.3324356250013807
Train loss: 2.0077702727719 Val loss: 2.009547618262953 Time: 0.32990220799911185
Train loss: 2.1041546359190715 Val loss: 2.105966614600958 Time: 0.33158999999795924
Train loss: 2.194563404012875 Val loss: 2.196851033491326 Time: 0.3425483750033891
Train loss: 2.006546582138328 Val loss: 2.0106780271491926 Time: 0.33071404099973734
Train loss: 2.122078847836254 Val loss: 2.125265288381002 Time: 0.3299433329993917
Train loss: 1.8850703646306766 Val loss: 1.8890920449863213 Time: 0.3299947500017879
Train loss: 2.1227823452505845 Val loss: 2.1233773125115785 Time: 0.33165066599758575
Train loss: 1.795752354158031 Val loss: 1.7996065920725857 Time: 0.3297930830012774
Train loss: 2.0575020645375233 Val loss: 2.0584031541506778 Time: 0.34246358400196186
Train loss: 2.1326510262957274 Val loss: 2.1334008093343546 Time: 0.3308464579968131
Train loss: 2.0094819106584794 Val loss: 2.010444029758563 Time: 0.329029915999854
Train loss: 2.0213243385672754 Val loss: 2.026667465359479 Time: 0.33150920800107997
Train loss: 1.9344704129818524 Val loss: 1.934627304332462 Time: 0.32998187499833875
Train loss: 1.7774516529700293 Val loss: 1.7793302233302424 Time: 0.32953550000092946
Train loss: 1.8155704198586982 Val loss: 1.816820708103414 Time: 0.34154116599893314
Train loss: 1.8203461095987876 Val loss: 1.8240813873240431 Time: 0.33117945900085033
Train loss: 1.9682292735467093 Val loss: 1.9692131637593069 Time: 0.3291793749995122
Train loss: 1.9706820382708088 Val loss: 1.9708102098885525 Time: 0.3338302920019487
Train loss: 1.7611281245671053 Val loss: 1.7642229116276296 Time: 0.3308607920007489
Train loss: 1.8941633879764623 Val loss: 1.8943698799706652 Time: 0.32964341700062505
Train loss: 1.857959248553322 Val loss: 1.8586030856730404 Time: 0.3378004170008353
Train loss: 1.671257872597213 Val loss: 1.6722823811638765 Time: 0.337215916999412
Train loss: 1.7597413410914768 Val loss: 1.7597536153314555 Time: 0.3310965839991695
Train loss: 1.71089006209254 Val loss: 1.7115595953049603 Time: 0.33196983299785643
Train loss: 1.7220229884500662 Val loss: 1.722591458011642 Time: 0.3331902500030992
Train loss: 1.7111031382304418 Val loss: 1.7111213578472417 Time: 0.33015099999829545
Train loss: 2.0397017186068354 Val loss: 2.039745911266614 Time: 0.332061208999221
Train loss: 1.7851800276070693 Val loss: 1.7867433159679373 Time: 0.341525666997768
Train loss: 1.6462333997172998 Val loss: 1.6467725190289813 Time: 0.3302026659985131
Train loss: 1.6969572269693742 Val loss: 1.69696762064143 Time: 0.33244550000017625
Train loss: 1.709839665212371 Val loss: 1.7099755040715576 Time: 0.33013008299894864
Train loss: 1.5643249655485505 Val loss: 1.5654376652661743 Time: 0.32970270900113974
Train loss: 1.7326917533849056 Val loss: 1.7344047310301818 Time: 0.33251470799950766
Train loss: 1.633443063933246 Val loss: 1.6336954612800552 Time: 0.3426209169992944
Train loss: 1.5092444378591203 Val loss: 1.50924503965401 Time: 0.3302130419979221
Train loss: 1.525036817774045 Val loss: 1.5250842339128874 Time: 0.3330651249998482
Train loss: 1.5648183725289755 Val loss: 1.5648534369687008 Time: 0.3303005839989055
Train loss: 1.5223364106099728 Val loss: 1.5223373351918743 Time: 0.32999458300037077
Train loss: 1.4831319683531774 Val loss: 1.4831472101330005 Time: 0.3316819169995142
Train loss: 1.5033954581459614 Val loss: 1.5034049081455065 Time: 0.3413098750024801
Train loss: 1.4776810190268002 Val loss: 1.4777024546734385 Time: 0.33101149999856716
Train loss: 1.6575202686106572 Val loss: 1.6577534399786857 Time: 0.33352662499964936
Train loss: 1.588539323984521 Val loss: 1.5891192852695657 Time: 0.33027766599843744
Train loss: 1.4225930458063551 Val loss: 1.4226403935307108 Time: 0.3307860829991114
Train loss: 1.458677176050287 Val loss: 1.4587476190188347 Time: 0.3319445830020413
Train loss: 1.5186474422291525 Val loss: 1.5186847781985482 Time: 0.34004879200074356
Train loss: 1.4632593483410403 Val loss: 1.4632618162576545 Time: 0.3294244169992453
Train loss: 1.4153306582081626 Val loss: 1.4160913347505075 Time: 0.33178925000174786
Train loss: 1.4249077498770504 Val loss: 1.4249912956299045 Time: 0.3320995829999447
Train loss: 1.5133091920299329 Val loss: 1.5143249901727438 Time: 0.330433584000275
Train loss: 1.4950843604822808 Val loss: 1.4966332501908863 Time: 0.33195729100043536
Train loss: 1.2672544375412906 Val loss: 1.2672698148595583 Time: 0.341315959001804
Train loss: 1.6239301892989317 Val loss: 1.6245537407894195 Time: 0.3307063339998422
Train loss: 1.4861563321596378 Val loss: 1.4877056605077763 Time: 0.3330950000017765
Train loss: 1.4821698146366202 Val loss: 1.48219821509891 Time: 0.3320880420033063
Train loss: 1.4641781127116822 Val loss: 1.467904955713932 Time: 0.3298329589997593
Train loss: 1.4508674481722466 Val loss: 1.4515788016552484 Time: 0.331719666999561
Train loss: 1.2844833154177486 Val loss: 1.2871779459581425 Time: 0.34067674999823794
Train loss: 1.5034803280208848 Val loss: 1.5039040970341044 Time: 0.331595625000773
Train loss: 1.4705358031802547 Val loss: 1.471816343519023 Time: 0.33221174999926006
Train loss: 1.2745778771997927 Val loss: 1.2799532983218933 Time: 0.3307832079990476
Shrinking learning rate to 1e-05
Train loss: 1.4012943604144539 Val loss: 1.4022490349745471 Time: 0.3325621250005497
Train loss: 1.3024820894064568 Val loss: 1.3044329557642305 Time: 0.33426720799980103
Train loss: 1.333393094053065 Val loss: 1.3351936791944827 Time: 0.3321322499978123
Train loss: 1.2334087366633781 Val loss: 1.2354346753864498 Time: 0.3417491250002058
Train loss: 1.3621429352126313 Val loss: 1.3635648449341848 Time: 0.33386324999810313
Train loss: 1.4165678450728623 Val loss: 1.41831108048944 Time: 0.3316496669976914
Train loss: 1.245814252797743 Val loss: 1.2475422590295508 Time: 0.3305063340012566
Train loss: 1.3858761392066299 Val loss: 1.3880563590617243 Time: 0.33151641699805623
Train loss: 1.14243775956355 Val loss: 1.1445205931013818 Time: 0.33100287500201375
Train loss: 1.2973512999289696 Val loss: 1.2989473238771927 Time: 0.34171929100193665
Train loss: 1.2673964181863449 Val loss: 1.2690373683584861 Time: 0.3323934170002758
Train loss: 1.4290445840271178 Val loss: 1.4305373567023139 Time: 0.3316004999978759
Train loss: 1.3308681424024824 Val loss: 1.3331117456024244 Time: 0.3321700830019836
Train loss: 1.3997096453086044 Val loss: 1.4012005345561847 Time: 0.332004040999891
Train loss: 1.2178233867432215 Val loss: 1.2198309215191983 Time: 0.33179329199992935
Train loss: 1.3635673709510552 Val loss: 1.365184058954839 Time: 0.34285341700160643
Train loss: 1.209727196273235 Val loss: 1.2114468196559423 Time: 0.3332614579994697
Train loss: 1.2957319432650536 Val loss: 1.2971852505816088 Time: 0.34376049999991665
Shrinking learning rate to 1.0000000000000002e-06
Train loss: 1.2825479905278632 Val loss: 1.2843872837284174 Time: 0.37708316700081923
Train loss: 1.2438365540495937 Val loss: 1.245761894209025 Time: 0.3978854170018167
Train loss: 1.3491787434004436 Val loss: 1.3509561399014656 Time: 0.4153982499992708
Train loss: 1.1662644946987513 Val loss: 1.1682317591582125 Time: 0.33903400000053807
Train loss: 1.3228361202201029 Val loss: 1.324596441847144 Time: 0.33370683300017845
Train loss: 1.2443549358901151 Val loss: 1.2462485610601306 Time: 0.33138762499947916
Train loss: 1.4181154968038925 Val loss: 1.4197399050069517 Time: 0.4371270829979039
Train loss: 1.2103999186008423 Val loss: 1.2123009622550387 Time: 0.35168916700058617
Train loss: 1.274805278187813 Val loss: 1.2766298897316495 Time: 0.34109308299957775
Train loss: 1.2695185837902665 Val loss: 1.2713869523955101 Time: 0.33423749999928987
Shrinking learning rate to 1.0000000000000002e-07
Learning rate getting small
Complete
 Total time: 67.8112860830006