starting log for model: models\lstm_comb_new_24-25.pth
Train loss: 3.556232409577353 Val loss: 0.3697358813682358 Time: 1.3959556999616325
Train loss: 3.53081385651958 Val loss: 0.3602176758520656 Time: 1.1873140999814495
Train loss: 3.217059863368724 Val loss: 0.3258228032261707 Time: 1.311677800025791
Train loss: 3.4366966369438714 Val loss: 0.3459525958382315 Time: 1.2960747999604791
Train loss: 3.253051948793882 Val loss: 0.3261635901809953 Time: 1.366988699999638
Train loss: 3.416570182156825 Val loss: 0.34184966827482466 Time: 1.5439037999603897
Train loss: 3.3152173353138323 Val loss: 0.33152813177758633 Time: 1.3115858000237495
Train loss: 3.316460584554842 Val loss: 0.3316492232954588 Time: 1.3343097000615671
Train loss: 2.9968915938425873 Val loss: 0.3000373085697482 Time: 1.3093689000234008
Train loss: 2.837391918113731 Val loss: 0.2846573519476296 Time: 1.4024424999952316
Train loss: 2.9973859960066083 Val loss: 0.3011699023170527 Time: 1.571646700031124
Train loss: 2.981837514849425 Val loss: 0.3012476450208169 Time: 1.5027291000587866
Train loss: 2.89556617812908 Val loss: 0.29102359504318986 Time: 1.4253167000133544
Train loss: 3.068869453335261 Val loss: 0.30987028772747366 Time: 1.2646143999882042
Train loss: 2.951046254699561 Val loss: 0.29987036235948744 Time: 1.2581280999584123
Train loss: 3.028228250551045 Val loss: 0.3079026700641197 Time: 1.1248666000319645
Train loss: 2.9682846870900335 Val loss: 0.30172246142683956 Time: 0.9529829999664798
Train loss: 2.861529450493032 Val loss: 0.293432493952207 Time: 0.9532658000243828
Train loss: 2.7752104175457646 Val loss: 0.28623914974863124 Time: 0.9912741999141872
Train loss: 2.627144215398781 Val loss: 0.2719705502027893 Time: 1.0329078000504524
Train loss: 2.9678299789042977 Val loss: 0.30479826059139653 Time: 1.1277575999265537
Train loss: 2.634284453103106 Val loss: 0.27347639517341304 Time: 1.1479233000427485
Train loss: 2.670655469906726 Val loss: 0.2794460385964075 Time: 1.3771408000029624
Train loss: 2.8379484062761744 Val loss: 0.29504391426505744 Time: 1.4571601999923587
Train loss: 2.6814013391937275 Val loss: 0.28314237592643016 Time: 1.4569782000035048
Train loss: 2.687829387111628 Val loss: 0.28266084910617845 Time: 1.7592374999076128
Train loss: 2.832758112851188 Val loss: 0.29447199060686363 Time: 1.4607763000531122
Train loss: 2.680216864994403 Val loss: 0.28558590039554177 Time: 1.3255995999788865
Train loss: 2.7079702970620474 Val loss: 0.28917128351902494 Time: 1.3253431000048295
Shrinking learning rate to 1.0000000000000002e-06
Train loss: 2.839175243793676 Val loss: 0.29161066547474535 Time: 1.419606399955228
Train loss: 2.742064795394157 Val loss: 0.2822385285408884 Time: 1.1906050000106916
Train loss: 2.70153289303685 Val loss: 0.2781769212836845 Time: 1.3864061000058427
Train loss: 2.5854570003987876 Val loss: 0.26684697389363266 Time: 1.3730512000620365
Train loss: 2.811755727749585 Val loss: 0.28855298561307485 Time: 1.343551199999638
Train loss: 2.6371885904891315 Val loss: 0.2714100904967969 Time: 1.3492397000081837
Train loss: 2.746094292159749 Val loss: 0.2818136813392245 Time: 1.479265599977225
Train loss: 2.6372085672058674 Val loss: 0.2711742792619595 Time: 1.3136490000179037
Train loss: 2.9340877384124013 Val loss: 0.30006298839571827 Time: 1.0433197999373078
Train loss: 2.5101137822783848 Val loss: 0.2587368951427729 Time: 1.1961079000029713
Train loss: 2.6330841659801476 Val loss: 0.27082152482617805 Time: 1.6429283999605104
Train loss: 2.9990283063847585 Val loss: 0.30658436486665114 Time: 1.2051355000585318
Train loss: 2.6804015225392988 Val loss: 0.27533754638958385 Time: 1.2032621999969706
Train loss: 2.718661552442864 Val loss: 0.279249402795659 Time: 1.378599499934353
Train loss: 2.562923028845777 Val loss: 0.2641635894951588 Time: 1.3888062000041828
Train loss: 2.542648503295919 Val loss: 0.2623132024836647 Time: 1.3444351000944152
Train loss: 2.779463704310011 Val loss: 0.28533257361477976 Time: 1.2574814000399783
Train loss: 2.6657720072452236 Val loss: 0.27435886928676245 Time: 1.383062700042501
Train loss: 2.6186090871598218 Val loss: 0.2696917556467951 Time: 1.4661945999832824
Shrinking learning rate to 1.0000000000000002e-07
Learning rate getting small
Complete
 Total time: 63.54764849995263