starting log for model: models/lstm_fcast_23_new_23-24.pth
Train loss: 17.554731930485417 Val loss: 1.9590830980971967 Time: 0.4370020409987774
Train loss: 16.145538255657726 Val loss: 1.7468456771033456 Time: 0.4180823750066338
Train loss: 8.559234790455942 Val loss: 0.9234837121363052 Time: 0.4146650420007063
Train loss: 7.385672115466946 Val loss: 0.8359002007910281 Time: 0.4056443750014296
Train loss: 6.949711545328206 Val loss: 0.7909143574603045 Time: 0.4048305839969544
Train loss: 6.680238050433005 Val loss: 0.7652092883887218 Time: 0.40553895800258033
Train loss: 6.2907372928902205 Val loss: 0.7298014998737304 Time: 0.4062482080043992
Train loss: 5.752172193347079 Val loss: 0.6664299072403039 Time: 0.40755158400861546
Train loss: 5.59883106221605 Val loss: 0.6440920901484636 Time: 0.46510691700677853
Train loss: 5.165803889805787 Val loss: 0.5968405082644594 Time: 0.4265915840078378
Train loss: 4.591993175254402 Val loss: 0.5261379246305455 Time: 0.4150099999969825
Train loss: 4.397206150925641 Val loss: 0.4955259042698414 Time: 0.415391250004177
Train loss: 3.936402564130269 Val loss: 0.44398458204622415 Time: 0.43671695799275767
Train loss: 3.927233802452349 Val loss: 0.44433310570509865 Time: 0.41593020800792146
Train loss: 4.005000927576521 Val loss: 0.4384132941929051 Time: 0.4223167919990374
Train loss: 3.749673255873631 Val loss: 0.398140463096651 Time: 0.43286241599707864
Train loss: 3.6795560528639717 Val loss: 0.39891918962497597 Time: 0.4191977079899516
Train loss: 3.6103376376736946 Val loss: 0.3877425981416229 Time: 0.42799250000098255
Train loss: 3.3518266352225368 Val loss: 0.3592625682000915 Time: 0.4208314579882426
Train loss: 3.4037108677514105 Val loss: 0.41435119078676524 Time: 0.42386950000945944
Train loss: 3.141001420099201 Val loss: 0.33244850076070953 Time: 0.43106408399762586
Train loss: 3.1624481194479532 Val loss: 0.3373802500344976 Time: 0.42397404099756386
Train loss: 3.057877930971358 Val loss: 0.32355414260232274 Time: 0.42445729099563323
Train loss: 3.3438487735390297 Val loss: 0.3694437452464243 Time: 0.4225546669913456
Train loss: 3.005283404426799 Val loss: 0.31672909408918404 Time: 0.4265258750092471
Train loss: 3.2107323577649254 Val loss: 0.3370514922439884 Time: 0.4270058749971213
Train loss: 2.950459341920123 Val loss: 0.3133896233715453 Time: 0.42668708399287425
Train loss: 2.938818498456677 Val loss: 0.3122715283004105 Time: 0.4335249159921659
Train loss: 2.9387991011095664 Val loss: 0.3110195486579793 Time: 0.4233645830099704
Train loss: 3.04756337382646 Val loss: 0.32313258018767144 Time: 0.4273605409980519
Train loss: 2.627189062742577 Val loss: 0.28873996020881276 Time: 0.43139170898939483
Train loss: 2.8006191253884367 Val loss: 0.30177189752169875 Time: 0.4326687499997206
Train loss: 2.7242750568188123 Val loss: 0.29310641634909185 Time: 0.42707958300889004
Train loss: 2.9052517049946074 Val loss: 0.30753386702355745 Time: 0.42834316699008923
Train loss: 2.5833757568324316 Val loss: 0.28114591880548745 Time: 0.43255970800237264
Train loss: 2.707774322223983 Val loss: 0.304328207124502 Time: 0.43287920800503343
Train loss: 2.732389030484381 Val loss: 0.29277925124621734 Time: 0.4359085410105763
Train loss: 2.520159908167102 Val loss: 0.27130404108710204 Time: 0.4330519999930402
Train loss: 2.6262442120515175 Val loss: 0.2883392814597613 Time: 0.44013991599786095
Train loss: 2.7693988529125306 Val loss: 0.42295187100943615 Time: 0.4328287500102306
Train loss: 2.6627644400318307 Val loss: 0.2864643713804284 Time: 0.44252404099097475
Train loss: 2.6334051235377274 Val loss: 0.2834890878005498 Time: 0.44254737500159536
Train loss: 2.322930498814344 Val loss: 0.31229830247519386 Time: 0.4358887090056669
Train loss: 2.551660894789795 Val loss: 0.2834918870184235 Time: 0.4361519169906387
Train loss: 2.3546314111910362 Val loss: 0.27321434976685616 Time: 0.43488820899801794
Train loss: 2.341200714221892 Val loss: 0.2604947510594426 Time: 0.4387366250011837
Train loss: 2.1346549685889897 Val loss: 0.29343321192996813 Time: 0.43947087500419
Train loss: 2.468736124445564 Val loss: 0.30304173787756233 Time: 0.44031020801048726
Train loss: 2.2193838945538573 Val loss: 0.24342710005560336 Time: 0.4411977499985369
Train loss: 2.317482622726118 Val loss: 0.25444005130897174 Time: 0.4527794160094345
Train loss: 2.0214310996968265 Val loss: 0.24083505832633625 Time: 0.4511780830071075
Train loss: 2.187724302489092 Val loss: 0.26723213734357415 Time: 0.4402115410048282
Train loss: 2.05470106713868 Val loss: 0.2539033323145773 Time: 0.43902308300312143
Train loss: 1.9180522806756564 Val loss: 0.28872610389921255 Time: 0.4413358750025509
Train loss: 2.265718443841479 Val loss: 0.24790400079022343 Time: 0.4438659580046078
Train loss: 1.9468600588727973 Val loss: 0.2313994099734897 Time: 0.44677774999581743
Train loss: 1.901398778705488 Val loss: 0.26508515695945756 Time: 0.4459036249900237
Train loss: 1.9434456212369469 Val loss: 0.2279207468962413 Time: 0.44219249999150634
Train loss: 1.9291348378239377 Val loss: 0.21966733296071916 Time: 0.4447843749949243
Train loss: 2.2519091990988267 Val loss: 0.24695262567432796 Time: 0.4466657919983845
Train loss: 1.6675249119981572 Val loss: 0.19960835031347526 Time: 0.4474333329999354
Train loss: 1.9055306894889554 Val loss: 0.2239576122925136 Time: 0.4447900840023067
Train loss: 1.905197836857326 Val loss: 0.22597052948128324 Time: 0.4463258330069948
Train loss: 1.9123770580057453 Val loss: 0.25804765751099634 Time: 0.44687358300143387
Train loss: 1.7448262322816612 Val loss: 0.2299285803865325 Time: 0.45397520800179336
Train loss: 1.6424288717463469 Val loss: 0.19991636489479203 Time: 0.4673585830023512
Train loss: 1.6717896976662274 Val loss: 0.20060386964972657 Time: 0.45460224999987986
Train loss: 1.769068415262888 Val loss: 0.20406327842782246 Time: 0.4478853330074344
Train loss: 1.7064548679592235 Val loss: 0.197846201963351 Time: 0.44877591700060293
Train loss: 1.6315159004392399 Val loss: 0.2345738109898062 Time: 0.45133016699401196
Train loss: 1.53159649970533 Val loss: 0.19278232874571227 Time: 0.44721016599214636
Train loss: 1.5192795062027429 Val loss: 0.21204212018200697 Time: 0.45004804100608453
Train loss: 1.7573762194858575 Val loss: 0.24616384698273866 Time: 0.44767837499966845
Train loss: 1.8319217590196786 Val loss: 0.2495583649833079 Time: 0.4556612909946125
Train loss: 1.6030073605758162 Val loss: 0.1737677748399621 Time: 0.4555145829945104
Train loss: 1.6867280490735368 Val loss: 0.19655105936145986 Time: 0.5018737079954008
Train loss: 1.4764214265475033 Val loss: 0.21754769985250536 Time: 0.45184729200263973
Train loss: 1.3776115114174567 Val loss: 0.1762687754236328 Time: 0.4668791250005597
Train loss: 1.4010265669220416 Val loss: 0.1757718931521117 Time: 0.45343225001124665
Train loss: 1.4308161235967454 Val loss: 0.17852877083643015 Time: 0.45581116700486746
Train loss: 1.6615013354921055 Val loss: 0.19483953767289078 Time: 0.4548240000003716
Train loss: 1.2935024826906556 Val loss: 0.1700106719645706 Time: 0.4556823749881005
Train loss: 1.3566230811321986 Val loss: 0.19638791747618933 Time: 0.45576083299238235
Train loss: 1.7139768374152027 Val loss: 0.17139934902285822 Time: 0.4608466670033522
Train loss: 1.397676909503467 Val loss: 0.19568581762759343 Time: 0.45296487500309013
Train loss: 1.139252483481357 Val loss: 0.12153637767997943 Time: 0.4630683750001481
Train loss: 1.257789637727491 Val loss: 0.19891102538951705 Time: 0.45906179099984
Train loss: 1.2318766312528915 Val loss: 0.15992987775349815 Time: 0.4578135409974493
Train loss: 1.2689667355139278 Val loss: 0.1803039040015234 Time: 0.4586922919988865
Train loss: 1.226805463307084 Val loss: 0.18729457909525468 Time: 0.4552803750120802
Train loss: 1.5412116934120945 Val loss: 0.21348109469203969 Time: 0.45783174999814946
Train loss: 0.9584777326745524 Val loss: 0.14071458599113099 Time: 0.45997966699360404
Train loss: 1.417311570120205 Val loss: 0.1913773811536134 Time: 0.45403608299966436
Train loss: 1.397262958551952 Val loss: 0.1738698970519536 Time: 0.4690735420008423
Train loss: 1.1306349233901756 Val loss: 0.2019620154116866 Time: 0.4573727079987293
Train loss: 1.144673249564903 Val loss: 0.1536064579771241 Time: 0.4640669170039473
Train loss: 1.4251938813650584 Val loss: 0.17411253915169472 Time: 0.4628680840105517
Train loss: 1.2254116308865548 Val loss: 0.15892330381919517 Time: 0.45733083300001454
Train loss: 1.286907536126023 Val loss: 0.19634554014461306 Time: 0.4567850410094252
Train loss: 1.1405254246200869 Val loss: 0.1739159738371866 Time: 0.4591228749923175
Train loss: 1.0528111379825447 Val loss: 0.15511136303430473 Time: 0.46154229099920485
Shrinking learning rate to 5e-05
Train loss: 1.0433498515152735 Val loss: 0.14483573864480342 Time: 0.46295549999922514
Train loss: 0.8828484840140902 Val loss: 0.13694217135312445 Time: 0.45624208300432656
Train loss: 0.8774088091396379 Val loss: 0.13757458542151513 Time: 0.45645837498886976
Train loss: 0.8801206042368648 Val loss: 0.1366188852934067 Time: 0.46144270899822004
Train loss: 0.7828123688119604 Val loss: 0.13092811796967935 Time: 0.45755541599646676
Train loss: 0.8306909745489932 Val loss: 0.13472490055180297 Time: 0.45900029099720996
Train loss: 0.8073792904229506 Val loss: 0.13250269717073446 Time: 0.5326360000035493
Train loss: 0.7669385976348482 Val loss: 0.1297617738001795 Time: 0.4670693750085775
Train loss: 0.7432499433876592 Val loss: 0.12750534051720278 Time: 0.4871895000105724
Train loss: 0.7675973116302686 Val loss: 0.1298894790438874 Time: 0.4718665830005193
Train loss: 0.8104831352140653 Val loss: 0.1343276240734417 Time: 0.46464862499851733
Train loss: 0.7389761201406326 Val loss: 0.12890339678928742 Time: 0.46707091700227465
Train loss: 0.8178986952590321 Val loss: 0.1331030260910283 Time: 0.4664320419979049
Train loss: 0.7877962843024591 Val loss: 0.1329159379463879 Time: 0.4639179170044372
Train loss: 0.8389390944875821 Val loss: 0.13338410296500564 Time: 0.46537883298879024
Train loss: 0.7263730979699972 Val loss: 0.1276310510706527 Time: 0.46359125000890344
Train loss: 0.7933562603026303 Val loss: 0.13107805643079287 Time: 0.46826033300021663
Train loss: 0.7791077459521603 Val loss: 0.13030371123707796 Time: 0.4716420409968123
Train loss: 0.7061975790341783 Val loss: 0.12555451767905967 Time: 0.46747004200005904
Train loss: 0.688431922906716 Val loss: 0.12728934568911632 Time: 0.4766796250041807
Train loss: 0.8046211489736343 Val loss: 0.1368524035392488 Time: 0.46602724998956546
Train loss: 0.6862488921585737 Val loss: 0.1277609930999308 Time: 0.4671631669916678
Train loss: 0.7465141452199404 Val loss: 0.13319567619704176 Time: 0.4704147090087645
Train loss: 0.7606686563777885 Val loss: 0.13006689984543643 Time: 0.4690323749964591
Train loss: 0.8552669532152564 Val loss: 0.13724999900741183 Time: 0.4643042499956209
Train loss: 0.8898419032850491 Val loss: 0.13801221908412087 Time: 0.46690329200646374
Train loss: 0.8131984290069738 Val loss: 0.13656132282273623 Time: 0.4678567910013953
Train loss: 0.7892018251194806 Val loss: 0.13476689806577424 Time: 0.4667567079886794
Train loss: 0.7223405827667335 Val loss: 0.12997627447248994 Time: 0.467050167004345
Train loss: 0.7136571324434051 Val loss: 0.1328072478810287 Time: 0.4635692080046283
Train loss: 0.7090215845858678 Val loss: 0.13518437872980565 Time: 0.4671764580125455
Shrinking learning rate to 5e-06
Train loss: 0.659216941996718 Val loss: 0.12625449422170518 Time: 0.46694558300077915
Train loss: 0.7759250577536854 Val loss: 0.13278195991849057 Time: 0.4695055000047432
Train loss: 0.6449371268517732 Val loss: 0.12594073817943943 Time: 0.46754079099628143
Train loss: 0.8279179436262902 Val loss: 0.13609700257368734 Time: 0.47593174999929033
Train loss: 0.6952126461212345 Val loss: 0.1285751462624566 Time: 0.4766988329938613
Train loss: 0.8146806314560422 Val loss: 0.13592459029437906 Time: 0.46747745900938753
Train loss: 0.8727588040547971 Val loss: 0.13939561155782787 Time: 0.47009579099540133
Train loss: 0.7658089165823299 Val loss: 0.1326687943637047 Time: 0.4696652910060948
Train loss: 0.7150911928900996 Val loss: 0.12979691393627818 Time: 0.467109375007567
Train loss: 0.7051044659658601 Val loss: 0.12932306625080367 Time: 0.4713672090001637
Train loss: 0.7540479249814105 Val loss: 0.1326332439905953 Time: 0.4694361250003567
Train loss: 0.7388740789691042 Val loss: 0.13238619894453538 Time: 0.4699897499958752
Shrinking learning rate to 5.000000000000001e-07
Learning rate getting small
Complete
 Total time: 64.86729012499563