starting log for model: models/lstm_alpha_0.1_22-23.pth
Train loss: 14.88137666961046 Val loss: 1.6847291802554032 Time: 0.33512829200117267
Train loss: 14.338439374352106 Val loss: 1.6312414669812656 Time: 0.33164374999978463
Train loss: 14.174252089725599 Val loss: 1.6145347833026669 Time: 0.33187037500101724
Train loss: 13.986883725027155 Val loss: 1.5957904882572533 Time: 0.3307170000007318
Train loss: 13.634784412051644 Val loss: 1.5581983962305748 Time: 0.348072458000388
Train loss: 12.522735917195817 Val loss: 1.445420479206437 Time: 0.3623474999985774
Train loss: 10.59880599560605 Val loss: 1.2440348394344192 Time: 0.33383408300142037
Train loss: 8.516857543568022 Val loss: 1.033315219259166 Time: 0.3664408340009686
Train loss: 7.539330557141355 Val loss: 0.932779779263064 Time: 0.3319214160001138
Train loss: 7.200768446544242 Val loss: 0.8951286915974004 Time: 0.3326580000029935
Train loss: 7.009314654722022 Val loss: 0.8745990983519878 Time: 0.3443292919982923
Train loss: 6.965771926362788 Val loss: 0.8679974451393637 Time: 0.33273650000046473
Train loss: 6.92942600856648 Val loss: 0.8603439342147683 Time: 0.3320873330012546
Train loss: 6.656429548128989 Val loss: 0.830421436991019 Time: 0.33199245799914934
Train loss: 6.546227570979148 Val loss: 0.8179263697450546 Time: 0.33123524999973597
Train loss: 6.5451370326654175 Val loss: 0.815414174651505 Time: 0.33311999999932596
Train loss: 6.387026135240745 Val loss: 0.7964294013654415 Time: 0.3433529579997412
Train loss: 6.241740721982177 Val loss: 0.7872811042876262 Time: 0.33247291700172354
Train loss: 6.276176252826877 Val loss: 0.788871625864888 Time: 0.33409404199846904
Train loss: 6.140613677433897 Val loss: 0.7718789383193212 Time: 0.3324341250008729
Train loss: 6.129345936174502 Val loss: 0.7687846273358694 Time: 0.333756625001115
Train loss: 5.7848520902382345 Val loss: 0.7286521626144594 Time: 0.33300470799804316
Train loss: 5.903292176707392 Val loss: 0.7383986964573482 Time: 0.3437980829985463
Train loss: 5.672805808448414 Val loss: 0.7101771256298991 Time: 0.33074491699881037
Train loss: 5.475106584791831 Val loss: 0.6914822387066757 Time: 0.3321415419995901
Train loss: 5.416783016799059 Val loss: 0.6864654848721871 Time: 0.33243962499909685
Train loss: 5.3045085656744 Val loss: 0.6689057078839916 Time: 0.33224758399956045
Train loss: 5.242996988707217 Val loss: 0.6578442925833391 Time: 0.33226537500013364
Train loss: 5.097498203351224 Val loss: 0.6339596852108788 Time: 0.3434305000009772
Train loss: 5.048781748112982 Val loss: 0.6274608143003799 Time: 0.3338412500015693
Train loss: 4.920817521225038 Val loss: 0.6167292291412751 Time: 0.3339697499977774
Train loss: 4.610615483833747 Val loss: 0.5882196667240273 Time: 0.33361608300037915
Train loss: 4.54184011250677 Val loss: 0.5791647004370618 Time: 0.3323335829991265
Train loss: 4.48499985571437 Val loss: 0.5598901702595537 Time: 0.3317556659967522
Train loss: 4.3537298759068666 Val loss: 0.5500222686188663 Time: 0.3430306250011199
Train loss: 4.337132766200065 Val loss: 0.5417770339193653 Time: 0.33218487500198535
Train loss: 4.307494983994329 Val loss: 0.5352808920995822 Time: 0.3327061669988325
Train loss: 4.083134273554869 Val loss: 0.5216750645820752 Time: 0.33235454199893866
Train loss: 4.08631222930137 Val loss: 0.5168388335801035 Time: 0.33102108299863175
Train loss: 3.7139999001604513 Val loss: 0.4803923228788911 Time: 0.33166999999957625
Train loss: 3.915601354818513 Val loss: 0.4906923928596902 Time: 0.3405784999995376
Train loss: 3.8414165228985118 Val loss: 0.48398232692006615 Time: 0.33086529100182815
Train loss: 3.7095390817942713 Val loss: 0.46562898837822825 Time: 0.331031041998358
Train loss: 3.598230574567631 Val loss: 0.46063722811834396 Time: 0.3312439170003927
Train loss: 3.6417394724355363 Val loss: 0.45815286118063714 Time: 0.3323300410011143
Train loss: 3.578071722290553 Val loss: 0.45646594797916457 Time: 0.33215416699749767
Train loss: 3.554010309221548 Val loss: 0.4500527491938865 Time: 0.3320253749989206
Train loss: 3.2808047537817893 Val loss: 0.42784617745025705 Time: 0.3445477919995028
Train loss: 3.564403683943432 Val loss: 0.43503572503247323 Time: 0.3319771669994225
Train loss: 3.2627929658718102 Val loss: 0.4157177610955459 Time: 0.33080570899983286
Train loss: 3.447707477549072 Val loss: 0.4274170678578311 Time: 0.3309365829991293
Train loss: 3.378438039687964 Val loss: 0.411187943496961 Time: 0.3322700420030742
Train loss: 3.354268288415278 Val loss: 0.43312516451591315 Time: 0.3330806660014787
Train loss: 3.1726396360367133 Val loss: 0.41406255633164174 Time: 0.3426595839991933
Train loss: 3.3093572348616904 Val loss: 0.4181911523458285 Time: 0.3330587079981342
Train loss: 3.1892331568406647 Val loss: 0.3920679146541377 Time: 0.33158137500140583
Train loss: 3.1923404762109993 Val loss: 0.39846152813500757 Time: 0.3318580410013965
Train loss: 3.108486214819255 Val loss: 0.3876738878740992 Time: 0.3308712090001791
Train loss: 3.157616299590636 Val loss: 0.3860590414460633 Time: 0.3327543340019474
Train loss: 3.029493511576206 Val loss: 0.38474850895822105 Time: 0.34253508300025715
Train loss: 3.094864772391894 Val loss: 0.3989224766528706 Time: 0.3314713749969087
Train loss: 3.0145461126797453 Val loss: 0.37413980754328163 Time: 0.33116941600019345
Train loss: 3.025999016763128 Val loss: 0.3822556846173741 Time: 0.3322950000001583
Train loss: 3.1552437810814475 Val loss: 0.40171794252599846 Time: 0.335361000001285
Train loss: 3.031178024454154 Val loss: 0.3775830339487586 Time: 0.3311630839998543
Train loss: 2.897304005870108 Val loss: 0.3826105681826548 Time: 0.3416423329981626
Train loss: 2.826148425115875 Val loss: 0.3507519235725702 Time: 0.331338500000129
Train loss: 2.9270063945622145 Val loss: 0.36673961265307936 Time: 0.3325409579992993
Train loss: 2.9266531581153865 Val loss: 0.3678661916033591 Time: 0.33307383300052607
Train loss: 2.853577410540609 Val loss: 0.35313151916059027 Time: 0.3318429999999353
Train loss: 2.8131111975979657 Val loss: 0.36730045194932204 Time: 0.3321435840007325
Train loss: 2.895972578005937 Val loss: 0.36748708532605856 Time: 0.34426687500308617
Train loss: 2.982239496152183 Val loss: 0.3762317569075325 Time: 0.33195954199982225
Train loss: 2.8764083942754883 Val loss: 0.3526401492630533 Time: 0.3312664160002896
Train loss: 2.7950507436949454 Val loss: 0.35374277094968376 Time: 0.3305747079975845
Train loss: 2.704472851472633 Val loss: 0.3332138474875356 Time: 0.33177545799844665
Train loss: 2.7439124404373683 Val loss: 0.3583588971266674 Time: 0.3311961250001332
Train loss: 2.808091213945275 Val loss: 0.3554590001794556 Time: 0.33925879199887277
Train loss: 2.703648498497488 Val loss: 0.34559515038232164 Time: 0.3323685840005055
Train loss: 2.661876631764372 Val loss: 0.33814825325993386 Time: 0.3310368330021447
Train loss: 2.6717294593156424 Val loss: 0.33855802280904873 Time: 0.33085429199854843
Train loss: 2.5557454262266344 Val loss: 0.3276853776231599 Time: 0.3318805000017164
Train loss: 2.59374906034191 Val loss: 0.3266894015458376 Time: 0.3326910420000786
Train loss: 2.629449573414759 Val loss: 0.3368879604945818 Time: 0.3338169580019894
Train loss: 2.594330409359616 Val loss: 0.3088966437004905 Time: 0.33893541599900345
Train loss: 2.4584811634324266 Val loss: 0.2878192914378713 Time: 0.33121816600032616
Train loss: 2.5999831036397723 Val loss: 0.32322750602734995 Time: 0.3314644579986634
Train loss: 2.5024919743435348 Val loss: 0.31583978340449725 Time: 0.3301867080008378
Train loss: 2.411026460904276 Val loss: 0.2991881374101546 Time: 0.3302841249969788
Train loss: 2.3934623327556217 Val loss: 0.2934745264057262 Time: 0.3305509580022772
Train loss: 2.347439744785632 Val loss: 0.2785216695976572 Time: 0.3419266249984503
Train loss: 2.284401693656825 Val loss: 0.2934850925874283 Time: 0.3305581249987881
Train loss: 2.498359071109757 Val loss: 0.3007905180361808 Time: 0.33141258300020127
Train loss: 2.372532452515388 Val loss: 0.2852530395118843 Time: 0.33198008299950743
Train loss: 2.2955028493839222 Val loss: 0.28418805346105985 Time: 0.33105224999962957
Train loss: 2.234939672277825 Val loss: 0.2814112787540093 Time: 0.33232499999940046
Train loss: 2.3809278206031586 Val loss: 0.2879502313664885 Time: 0.3425392089993693
Train loss: 2.320901137839913 Val loss: 0.2792702944166262 Time: 0.3314685000004829
Train loss: 2.24194966200366 Val loss: 0.2783869746181571 Time: 0.332138625002699
Train loss: 2.218142463615278 Val loss: 0.2541022265463038 Time: 0.3326659580015985
Train loss: 2.0892502094059457 Val loss: 0.26451909213889024 Time: 0.3325510419999773
Train loss: 2.2433372171044246 Val loss: 0.2347302676295144 Time: 0.33119970899861073
Train loss: 2.10101213772343 Val loss: 0.2497732440749059 Time: 0.344106708002073
Train loss: 2.2151158150246877 Val loss: 0.2562757439767944 Time: 0.3327879999997094
Train loss: 2.24003857854686 Val loss: 0.2660967898229489 Time: 0.331730082998547
Train loss: 2.165382162295982 Val loss: 0.2583047851430139 Time: 0.3306410830009554
Train loss: 2.258927609305573 Val loss: 0.2510854605504207 Time: 0.33382095900014974
Train loss: 2.2228833017235825 Val loss: 0.26774115271941706 Time: 0.33099112499985495
Train loss: 2.084589655394325 Val loss: 0.2511237037894237 Time: 0.34030725000047823
Train loss: 2.285199925385201 Val loss: 0.25912860066120746 Time: 0.3336256250004226
Train loss: 2.1265529256577747 Val loss: 0.23976528399266092 Time: 0.33108120799806784
Train loss: 2.133658314721586 Val loss: 0.2507466803124921 Time: 0.3319701250002254
Train loss: 2.110925869906918 Val loss: 0.2238507972369177 Time: 0.3302806669998972
Train loss: 2.0077702727719 Val loss: 0.2178338277725083 Time: 0.33052958400003263
Train loss: 2.1041546359190715 Val loss: 0.2278229954870602 Time: 0.3408972500001255
Train loss: 2.194563404012875 Val loss: 0.241261299137791 Time: 0.33213933300066856
Train loss: 2.006546582138328 Val loss: 0.23845174445256972 Time: 0.33116779099873384
Train loss: 2.122078847836254 Val loss: 0.24200433038993455 Time: 0.33135412499905215
Train loss: 1.8850703646306766 Val loss: 0.22519630906801816 Time: 0.3314432080005645
Train loss: 2.1227823452505845 Val loss: 0.21814759873626213 Time: 0.3319070830002602
Train loss: 1.795752354158031 Val loss: 0.21471989647360698 Time: 0.3403481249988545
Train loss: 2.0575020645375233 Val loss: 0.21457387282017723 Time: 0.3396769589999167
Train loss: 2.1326510262957274 Val loss: 0.22063684485566468 Time: 0.33236591700188
Train loss: 2.0094819106584794 Val loss: 0.2103516651249344 Time: 0.33332712500123307
Train loss: 2.0213243385672754 Val loss: 0.24997290709000108 Time: 0.3331768749994808
Train loss: 1.9344704129818524 Val loss: 0.1950097068187411 Time: 0.3374722090011346
Train loss: 1.7774516529700293 Val loss: 0.19563999794781145 Time: 0.3350369170002523
Train loss: 1.8155704198586982 Val loss: 0.1936607740926388 Time: 0.3470040419997531
Train loss: 1.8203461095987876 Val loss: 0.2162164388705885 Time: 0.33469583300029626
Train loss: 1.9682292735467093 Val loss: 0.20642983265311776 Time: 0.3326262080008746
Train loss: 1.9706820382708088 Val loss: 0.1983458202166169 Time: 0.33335250000163796
Train loss: 1.7611281245671053 Val loss: 0.20475823178088315 Time: 0.33329704200150445
Train loss: 1.8941633879764623 Val loss: 0.19147023578903058 Time: 0.3327291250025155
Train loss: 1.857959248553322 Val loss: 0.19212752661024396 Time: 0.34760170799927437
Train loss: 1.671257872597213 Val loss: 0.177077707236526 Time: 0.3333167910022894
Train loss: 1.7597413410914768 Val loss: 0.1760968341599676 Time: 0.33372754100128077
Train loss: 1.71089006209254 Val loss: 0.17765948260403652 Time: 0.3329771669996262
Train loss: 1.7220229884500662 Val loss: 0.1777970477586228 Time: 0.3338727500013192
Train loss: 1.7111031382304418 Val loss: 0.17129241406303689 Time: 0.3316898749981192
Train loss: 2.0397017186068354 Val loss: 0.204411625525725 Time: 0.34525829199992586
Train loss: 1.7851800276070693 Val loss: 0.19352680304959308 Time: 0.33174625000174274
Train loss: 1.6462333997172998 Val loss: 0.16992988891812308 Time: 0.3315517920018465
Train loss: 1.6969572269693742 Val loss: 0.16979962792504416 Time: 0.3322364999985439
Train loss: 1.709839665212371 Val loss: 0.17233705521030598 Time: 0.33348470899727545
Train loss: 1.5643249655485505 Val loss: 0.16719333710983184 Time: 0.3326752499997383
Train loss: 1.7326917533849056 Val loss: 0.18963455880798652 Time: 0.34249670899953344
Train loss: 1.633443063933246 Val loss: 0.1658492674886986 Time: 0.3312559580008383
Train loss: 1.5092444378591203 Val loss: 0.15093046161603363 Time: 0.3320119580021128
Train loss: 1.525036817774045 Val loss: 0.15297711567073258 Time: 0.3314453749990207
Train loss: 1.5648183725289755 Val loss: 0.1568320935859949 Time: 0.33038679200035403
Train loss: 1.5223364106099728 Val loss: 0.15224288660206584 Time: 0.3328262499999255
Train loss: 1.4831319683531774 Val loss: 0.14846553717831015 Time: 0.34328549999918323
Train loss: 1.5033954581459614 Val loss: 0.15043401642525037 Time: 0.33348387500154786
Train loss: 1.4776810190268002 Val loss: 0.14798230467101203 Time: 0.33303466600045795
Train loss: 1.6575202686106572 Val loss: 0.16806772835548336 Time: 0.3320507499993255
Train loss: 1.588539323984521 Val loss: 0.16455239533020768 Time: 0.3323089160003292
Train loss: 1.4225930458063551 Val loss: 0.14273200435914624 Time: 0.3332859580004879
Train loss: 1.458677176050287 Val loss: 0.1465704714544498 Time: 0.34442616700107465
Train loss: 1.5186474422291525 Val loss: 0.15223765066736233 Time: 0.33324541700130794
Train loss: 1.4632593483410403 Val loss: 0.14635061194022586 Time: 0.33328070800052956
Train loss: 1.4153306582081626 Val loss: 0.14894765863269804 Time: 0.33316466599717387
Train loss: 1.4249077498770504 Val loss: 0.14332382187868048 Time: 0.3330159580000327
Train loss: 1.5133091920299329 Val loss: 0.16117230620120693 Time: 0.33504920799896354
Train loss: 1.4950843604822808 Val loss: 0.16427602706363734 Time: 0.34341533399856417
Train loss: 1.2672544375412906 Val loss: 0.12687912468474621 Time: 0.33521783299875096
Train loss: 1.6239301892989317 Val loss: 0.16851436019994587 Time: 0.33137533300032374
Train loss: 1.4861563321596378 Val loss: 0.16338327676011766 Time: 0.33303800000066985
Train loss: 1.4821698146366202 Val loss: 0.1485007172260155 Time: 0.3317738340010692
Train loss: 1.4641781127116822 Val loss: 0.17990438772585965 Time: 0.3329033750014787
Train loss: 1.4508674481722466 Val loss: 0.15203561678336777 Time: 0.3353929579971009
Train loss: 1.2844833154177486 Val loss: 0.15306420499358053 Time: 0.33873099999982514
Train loss: 1.5034803280208848 Val loss: 0.15452820874402073 Time: 0.3347950839997793
Train loss: 1.4705358031802547 Val loss: 0.15935041919951248 Time: 0.33223999999972875
Train loss: 1.2745778771997927 Val loss: 0.1731391593153756 Time: 0.33257720800247625
Shrinking learning rate to 1e-05
Train loss: 1.4012943604144539 Val loss: 0.14937446369104987 Time: 0.3332864590011013
Train loss: 1.3024820894064568 Val loss: 0.14849356481492249 Time: 0.3334651670011226
Train loss: 1.333393094053065 Val loss: 0.15028103381723829 Time: 0.34316900000339956
Train loss: 1.2334087366633781 Val loss: 0.14217839704556887 Time: 0.3329002499995113
Train loss: 1.3621429352126313 Val loss: 0.14976663229906068 Time: 0.332156541000586
Train loss: 1.4165678450728623 Val loss: 0.15814077887026623 Time: 0.32928629200250725
Train loss: 1.245814252797743 Val loss: 0.14081572041251914 Time: 0.33121062500140397
Train loss: 1.3858761392066299 Val loss: 0.15891604526176337 Time: 0.33152383400010876
Train loss: 1.14243775956355 Val loss: 0.13347282083376022 Time: 0.34069308399921283
Train loss: 1.2973512999289696 Val loss: 0.14482734111557538 Time: 0.3332650830016064
Train loss: 1.2673964181863449 Val loss: 0.14221497202113106 Time: 0.3302247499996156
Train loss: 1.4290445840271178 Val loss: 0.15713176004544047 Time: 0.33085266599664465
Train loss: 1.3308681424024824 Val loss: 0.1539123579376496 Time: 0.34994191599980695
Train loss: 1.3997096453086044 Val loss: 0.1541678234337437 Time: 0.36112120800316916
Train loss: 1.2178233867432215 Val loss: 0.14044434416747956 Time: 0.34369491599863977
Train loss: 1.3635673709510552 Val loss: 0.1516730017282599 Time: 0.33229920899975696
Train loss: 1.209727196273235 Val loss: 0.1371054570227817 Time: 0.33108591699783574
Train loss: 1.2957319432650536 Val loss: 0.14337893226347348 Time: 0.33090900000024703
Shrinking learning rate to 1.0000000000000002e-06
Train loss: 1.2825479905278632 Val loss: 0.14550134046211732 Time: 0.33158629199897405
Train loss: 1.2438365540495937 Val loss: 0.14235384647135432 Time: 0.3295374160006759
Train loss: 1.3491787434004436 Val loss: 0.15166424466664474 Time: 0.34085262499866076
Train loss: 1.1662644946987513 Val loss: 0.13488624921357847 Time: 0.3317794579998008
Train loss: 1.3228361202201029 Val loss: 0.14885995702246446 Time: 0.33086283300144714
Train loss: 1.2443549358901151 Val loss: 0.1421283277010416 Time: 0.3308087910008908
Train loss: 1.4181154968038925 Val loss: 0.1572270689688981 Time: 0.3305687499996566
Train loss: 1.2103999186008423 Val loss: 0.13876721430170944 Time: 0.3318537080012902
Train loss: 1.274805278187813 Val loss: 0.1445913656955048 Time: 0.34141920899855904
Train loss: 1.2695185837902665 Val loss: 0.1444441846478703 Time: 0.332833959000709
Shrinking learning rate to 1.0000000000000002e-07
Learning rate getting small
Complete
 Total time: 67.70283433399891