starting log for model: models/lstm_comb_fcast_20_new_23-24.pth
Train loss: 16.72261734265743 Val loss: 1.8552790737655451 Time: 0.37139558300259523
Train loss: 14.993725861732337 Val loss: 1.6852997688979388 Time: 0.3209887080010958
Train loss: 12.641601438283217 Val loss: 1.4504375977555664 Time: 0.3597062909975648
Train loss: 9.905035923151901 Val loss: 1.178572192154795 Time: 0.3356703339959495
Train loss: 7.9611498175624575 Val loss: 0.9822345298158186 Time: 0.34703533399442676
Train loss: 7.02772545181719 Val loss: 0.8735383381165147 Time: 0.3488462920067832
Train loss: 6.432210027297231 Val loss: 0.8110220316010934 Time: 0.33895041700452566
Train loss: 6.327237872415463 Val loss: 0.7803963530379124 Time: 0.35848991699458566
Train loss: 5.974960388831391 Val loss: 0.7433127494726047 Time: 0.348808958005975
Train loss: 6.000958214397819 Val loss: 0.7346577322307507 Time: 0.35746058299264405
Train loss: 6.108313557466908 Val loss: 0.7393775337024794 Time: 0.35226574999978766
Train loss: 5.735069240568862 Val loss: 0.7047044088022787 Time: 0.3385397920064861
Train loss: 5.702774710317186 Val loss: 0.695045891064756 Time: 0.3692728750029346
Train loss: 5.556049826841942 Val loss: 0.6812436133227978 Time: 0.333269166003447
Train loss: 5.497245008869683 Val loss: 0.6748365102193338 Time: 0.3299846249865368
Train loss: 5.2858705477600845 Val loss: 0.6549842028825958 Time: 0.3344577090028906
Train loss: 5.0516207646593045 Val loss: 0.6291789970157263 Time: 0.338931499994942
Train loss: 5.219839661656174 Val loss: 0.6401212378661717 Time: 0.3409671670087846
Train loss: 5.082724596932962 Val loss: 0.6320921032076093 Time: 0.3471875000104774
Train loss: 4.802552438762916 Val loss: 0.6047634727643891 Time: 0.33057537500280887
Train loss: 4.877646512448109 Val loss: 0.6047880691175422 Time: 0.3333880410064012
Train loss: 4.585536056214224 Val loss: 0.5811166606244846 Time: 0.398318334002397
Train loss: 4.836715637363383 Val loss: 0.5952754757895282 Time: 0.3476023749972228
Train loss: 4.506763124035576 Val loss: 0.5685576142891084 Time: 0.3848093339911429
Train loss: 4.3749704902714655 Val loss: 0.5538270462334174 Time: 0.3904309170029592
Train loss: 4.346047977106821 Val loss: 0.5509020740138022 Time: 0.365281958002015
Train loss: 4.303382916358405 Val loss: 0.5471073032305468 Time: 0.35352654100279324
Train loss: 4.2211129002856325 Val loss: 0.5386709534555624 Time: 0.3406055419909535
Train loss: 3.9361141199824345 Val loss: 0.5161664984128611 Time: 0.34984904099837877
Train loss: 3.780107065641947 Val loss: 0.5059571137872599 Time: 0.3598246659967117
Train loss: 3.8527403984533706 Val loss: 0.5034549639606517 Time: 0.3698082500050077
Train loss: 3.627330094799305 Val loss: 0.4834880070502653 Time: 0.3619975829933537
Train loss: 3.429318249450432 Val loss: 0.4790736921678841 Time: 0.3545477919979021
Train loss: 3.166495706006671 Val loss: 0.4535583524280916 Time: 0.3705074999888893
Train loss: 3.3888444102220774 Val loss: 0.4684304343883043 Time: 0.3555002500070259
Train loss: 3.1148090092772325 Val loss: 0.4367870734121427 Time: 0.3697264170041308
Train loss: 3.213128987262417 Val loss: 0.4619658244932378 Time: 0.41901129100006074
Train loss: 3.137115655242937 Val loss: 0.4462116619627538 Time: 0.45370216699666344
Train loss: 2.8562003921212096 Val loss: 0.4250777907659607 Time: 0.4031083750014659
Train loss: 2.8553944609309383 Val loss: 0.402974731676806 Time: 0.4580678749916842
Train loss: 2.558424594065656 Val loss: 0.3960889165996998 Time: 0.37355112499790266
Train loss: 2.606121147663657 Val loss: 0.39951848759845504 Time: 0.3725475829996867
Train loss: 2.5284264254945246 Val loss: 0.3886002120071579 Time: 0.3473922919947654
Train loss: 2.5696043955209973 Val loss: 0.3664972071222533 Time: 0.36936233400774654
Train loss: 2.4792283870024185 Val loss: 0.35070208328236774 Time: 0.3769413749978412
Train loss: 2.3629236782810636 Val loss: 0.35566799819205897 Time: 0.35496033300296403
Train loss: 2.3816787684678786 Val loss: 0.3450786453722985 Time: 0.3764435000048252
Train loss: 2.136675660569928 Val loss: 0.320248291051641 Time: 0.35038583299319725
Train loss: 2.1008328362797286 Val loss: 0.3058005249649907 Time: 0.3550394170015352
Train loss: 1.905028180240592 Val loss: 0.32539315857883183 Time: 0.35250729200197384
Train loss: 2.0318207428956896 Val loss: 0.3040031215087466 Time: 0.348696832996211
Train loss: 2.0341142083690897 Val loss: 0.3073902755388732 Time: 0.360987958003534
Train loss: 2.0907136070437176 Val loss: 0.2940218021931345 Time: 0.37889583299693186
Train loss: 1.9921204939888213 Val loss: 0.2806597013788843 Time: 0.3882812079973519
Train loss: 1.8729466208543073 Val loss: 0.2760272110830513 Time: 0.39419991700560786
Train loss: 1.8009455044024492 Val loss: 0.2754652143626884 Time: 0.3852999579976313
Train loss: 1.8191611226153128 Val loss: 0.26448070950388824 Time: 0.39032866699562874
Train loss: 1.6378758372173507 Val loss: 0.23922136129283714 Time: 0.4673240830015857
Train loss: 1.6519652305006503 Val loss: 0.269115486450124 Time: 0.38279674999648705
Train loss: 1.8496223372434262 Val loss: 0.2579623784699843 Time: 0.3791499590006424
Train loss: 1.5961929407789341 Val loss: 0.26809083817406926 Time: 0.39316512500226963
Train loss: 1.6842114269658222 Val loss: 0.2543122536990732 Time: 0.36422604200197384
Train loss: 1.7195011796738058 Val loss: 0.2343022409374363 Time: 0.39083883400599007
Train loss: 1.8208194062717453 Val loss: 0.24138088920782308 Time: 0.3723116659966763
Train loss: 1.5589714739613783 Val loss: 0.24846839923641764 Time: 0.3846955409971997
Train loss: 1.5702940697812693 Val loss: 0.24224151143824982 Time: 0.471505250010523
Train loss: 1.5730649845447147 Val loss: 0.23014857677760556 Time: 0.4524281249905471
Train loss: 1.4655977485266618 Val loss: 0.23655371651541668 Time: 0.37856612500036135
Train loss: 1.463886840980213 Val loss: 0.22377153530495772 Time: 0.3587764169933507
Train loss: 1.5732786421901572 Val loss: 0.23841285164285636 Time: 0.3568246250069933
Train loss: 1.4021811340743255 Val loss: 0.20539651299474654 Time: 0.36098583400598727
Train loss: 1.3816550995212262 Val loss: 0.22936286623156082 Time: 0.37873737499467097
Train loss: 1.3509682711591324 Val loss: 0.22686546653791773 Time: 0.41365966699959245
Train loss: 1.3247012054693386 Val loss: 0.21424899913324663 Time: 0.4686027499992633
Train loss: 1.2884574546487784 Val loss: 0.2127499759267668 Time: 0.374702208006056
Train loss: 1.2973019996988278 Val loss: 0.18720505901337087 Time: 0.39564029200118966
Train loss: 1.3456794056173607 Val loss: 0.22954004130570843 Time: 0.37156616600987036
Train loss: 1.2339761161372849 Val loss: 0.20576069656538915 Time: 0.3671554579923395
Train loss: 1.3377233098056536 Val loss: 0.2059597018742836 Time: 0.36644462498952635
Train loss: 1.2630853931610062 Val loss: 0.2178310047859861 Time: 0.3609138750034617
Train loss: 1.3642029447512982 Val loss: 0.20724255825776974 Time: 0.36153558299702127
Train loss: 1.213492804823474 Val loss: 0.18843973278792323 Time: 0.3701760420080973
Train loss: 1.2880368373152464 Val loss: 0.22396118807378934 Time: 0.36536229199555237
Train loss: 1.3086033044310934 Val loss: 0.2018886262070363 Time: 0.3745875000022352
Train loss: 1.1870340519541855 Val loss: 0.17645546611399096 Time: 0.3634587080014171
Train loss: 1.1961828959180458 Val loss: 0.18053713814977723 Time: 0.36353229099768214
Train loss: 1.1972140448665698 Val loss: 0.20491010456748926 Time: 0.3594357499969192
Train loss: 1.1658719272420512 Val loss: 0.18379602629913 Time: 0.3661705419945065
Train loss: 1.0067843031742427 Val loss: 0.1996803239925367 Time: 0.36518154200166464
Train loss: 1.1275645339184166 Val loss: 0.19759267614728881 Time: 0.3750145420053741
Train loss: 1.156785084326689 Val loss: 0.20735712114046534 Time: 0.36137604201212525
Train loss: 1.0631172604982737 Val loss: 0.15260275827773945 Time: 0.36339524999493733
Train loss: 1.115799197355905 Val loss: 0.16685511848074358 Time: 0.3636837079975521
Train loss: 1.0522666723790268 Val loss: 0.17470246907560483 Time: 0.3645798749930691
Train loss: 1.0725327841211905 Val loss: 0.20412966887602826 Time: 0.38598341699980665
Train loss: 1.106476412265323 Val loss: 0.19834444707886603 Time: 0.36293758399551734
Train loss: 0.9579625567398828 Val loss: 0.15557114917466935 Time: 0.3633299580105813
Train loss: 0.9987787679882416 Val loss: 0.19817314398845232 Time: 0.3636410829931265
Train loss: 1.0703773334478246 Val loss: 0.18165930086566331 Time: 0.36131029098760337
Train loss: 0.993438700595533 Val loss: 0.1950658788856277 Time: 0.36549766700773034
Train loss: 0.9990970382080137 Val loss: 0.1777917831030117 Time: 0.3752962500002468
Train loss: 1.104919336038825 Val loss: 0.16994164507695594 Time: 0.3640386659972137
Train loss: 1.08166306049867 Val loss: 0.17771765335295225 Time: 0.3816390839929227
Train loss: 1.0607269371092656 Val loss: 0.17358331621720013 Time: 0.3678458330105059
Train loss: 0.9810320933278733 Val loss: 0.16419951047644216 Time: 0.3631569169956492
Train loss: 0.9374141491740478 Val loss: 0.12054552170615707 Time: 0.36114408299908973
Train loss: 0.9176742785301855 Val loss: 0.1776845032407279 Time: 0.3716354580101324
Train loss: 1.150353354810762 Val loss: 0.17345486485914896 Time: 0.36675129098875914
Train loss: 0.9008642754851388 Val loss: 0.14966462443983378 Time: 0.37472437499673106
Train loss: 0.9456190271838238 Val loss: 0.15552672669740847 Time: 0.3667557920125546
Train loss: 0.8781817346161347 Val loss: 0.13905846106431657 Time: 0.3857912910025334
Train loss: 0.907499810997308 Val loss: 0.1516254187596837 Time: 0.37480025000695605
Train loss: 0.9030129359992998 Val loss: 0.15513481485833217 Time: 0.36512679200677667
Train loss: 0.8154820503447695 Val loss: 0.17492036479237033 Time: 0.36445758400077466
Train loss: 0.9113932292226252 Val loss: 0.14161164538797572 Time: 0.36379237500659656
Train loss: 0.920676738810954 Val loss: 0.1520304016068828 Time: 0.36502320900035556
Train loss: 0.9262257248411814 Val loss: 0.15323375067032333 Time: 0.36880195800040383
Train loss: 0.921535629567316 Val loss: 0.14416276839993442 Time: 0.37895329200546257
Train loss: 0.7857943205047775 Val loss: 0.16272411559327282 Time: 0.36789387500903104
Train loss: 0.8644264914426358 Val loss: 0.15790203950218712 Time: 0.36891312499938067
Train loss: 0.8227944391056852 Val loss: 0.16979338876748004 Time: 0.36555345900706016
Train loss: 0.9830558750469329 Val loss: 0.15826486665714615 Time: 0.36475862500083167
Train loss: 0.747705648793044 Val loss: 0.16040511427558 Time: 0.38469600000826176
Train loss: 0.8224347761438366 Val loss: 0.1277897501784466 Time: 0.36778833299467806
Train loss: 0.8194553964185971 Val loss: 0.14540266789065034 Time: 0.3636506670009112
Train loss: 0.9054217150777566 Val loss: 0.1696729553901175 Time: 0.36527641699649394
Train loss: 0.7642922245163709 Val loss: 0.12961318754640339 Time: 0.36700300000666175
Train loss: 0.7625381403158249 Val loss: 0.13909015570546238 Time: 0.3684089160087751
Train loss: 0.7270105557113595 Val loss: 0.1601641310332887 Time: 0.38126562499383
Train loss: 0.748584371192436 Val loss: 0.17172279766397372 Time: 0.36860341600549873
Train loss: 0.7368033317557803 Val loss: 0.15388693878943707 Time: 0.3681956250075018
Train loss: 0.7808077870725185 Val loss: 0.12204857504448063 Time: 0.36940458399476483
Train loss: 0.7884038768901718 Val loss: 0.13565832725964708 Time: 0.36782412500178907
Train loss: 0.9432703649462724 Val loss: 0.17002317791214014 Time: 0.37502470800245646
Train loss: 0.7679323721209741 Val loss: 0.16326339920433816 Time: 0.3673182080092374
Train loss: 0.7120575083494893 Val loss: 0.1455782629576747 Time: 0.3730326249933569
Train loss: 0.7227528682208373 Val loss: 0.11371769374509098 Time: 0.3692115419980837
Train loss: 0.7463416865619905 Val loss: 0.1404390827777563 Time: 0.3675627920019906
Train loss: 0.7713801434084786 Val loss: 0.17604632604620654 Time: 0.3703547499899287
Train loss: 0.7957398079703317 Val loss: 0.13836484398706947 Time: 0.38366900000255555
Train loss: 0.6200175291938734 Val loss: 0.1496511681371339 Time: 0.3671639999956824
Train loss: 0.614952376991269 Val loss: 0.12721788234404746 Time: 0.42427366599440575
Train loss: 0.6287033822551962 Val loss: 0.17860503853139598 Time: 0.368667540999013
Train loss: 0.7698511749987511 Val loss: 0.17101122126941729 Time: 0.36681895799119957
Train loss: 0.6675171238670146 Val loss: 0.15892565629017827 Time: 0.38177566599915735
Train loss: 0.7079351176516866 Val loss: 0.1419003643366222 Time: 0.36683312500827014
Train loss: 0.6763576469472439 Val loss: 0.11973722551067262 Time: 0.3670135419961298
Train loss: 0.6511595565175732 Val loss: 0.1673082241432224 Time: 0.3666199169965694
Train loss: 0.6246819206178316 Val loss: 0.18567675551786972 Time: 0.37388766699586995
Train loss: 0.6788387669280382 Val loss: 0.1725402340536664 Time: 0.37800108300871216
Train loss: 0.5851857426663578 Val loss: 0.12965425337384232 Time: 0.38214699999662116
Train loss: 0.6034942039080988 Val loss: 0.1424705287282124 Time: 0.36955312501231674
Train loss: 0.58258901162651 Val loss: 0.17974504303652025 Time: 0.39027424999221694
Train loss: 0.59292424144114 Val loss: 0.18658530715932006 Time: 0.37243375000252854
Train loss: 0.6375479983243117 Val loss: 0.16770133712555974 Time: 0.36792237499321345
Train loss: 0.6282107771522503 Val loss: 0.19440612600346982 Time: 0.37560054200002924
Train loss: 0.600398229919449 Val loss: 0.17469828034132853 Time: 0.36769162499695085
Train loss: 0.5814114861580224 Val loss: 0.1754382747295132 Time: 0.36975666700163856
Train loss: 0.5652296173052811 Val loss: 0.14165007324497303 Time: 0.3690541250107344
Train loss: 0.69653684601181 Val loss: 0.18811306407731154 Time: 0.370443083011196
Train loss: 0.5391626844916217 Val loss: 0.21271543483362276 Time: 0.3681507080036681
Train loss: 0.553505843500318 Val loss: 0.19084393639560338 Time: 0.3797062080120668
Train loss: 0.5386104476481961 Val loss: 0.1523479994765131 Time: 0.37694945800467394
Train loss: 0.5547097829310133 Val loss: 0.1367821023036713 Time: 0.373377083989908
Train loss: 0.5224097528710736 Val loss: 0.18150624358790973 Time: 0.3717149169970071
Train loss: 0.6578237008603551 Val loss: 0.19995247273126207 Time: 0.37172954200650565
Train loss: 0.5599020175256193 Val loss: 0.18903399808904667 Time: 0.38140812500205357
Train loss: 0.5283010492721729 Val loss: 0.16208120219818706 Time: 0.37095204200886656
Train loss: 0.5004106865562008 Val loss: 0.2183965368944991 Time: 0.37228537499322556
Train loss: 0.632879692342307 Val loss: 0.19982338374171735 Time: 0.3730754580028588
Train loss: 0.5162161655253232 Val loss: 0.16612277031172037 Time: 0.37089199999172706
Train loss: 0.4278204386459672 Val loss: 0.17516279983473323 Time: 0.37325533300463576
Train loss: 0.42561715031052216 Val loss: 0.18030859702861027 Time: 0.3791177500097547
Train loss: 0.5031707211644658 Val loss: 0.18560077679472012 Time: 0.3738660419912776
Train loss: 0.5870607556150773 Val loss: 0.2071069907873001 Time: 0.37050212499161717
Train loss: 0.5358367301201383 Val loss: 0.1658936128428235 Time: 0.3721318329917267
Train loss: 0.43433568780495874 Val loss: 0.2252286036888436 Time: 0.38207920800778084
Train loss: 0.4356185065937197 Val loss: 0.19185009085634616 Time: 0.38572537500294857
Train loss: 0.4557598216039622 Val loss: 0.13391059198103433 Time: 0.3729449590027798
Train loss: 0.4696521929150208 Val loss: 0.1971645517337155 Time: 0.37490287500259
Train loss: 0.5553595497140549 Val loss: 0.22255448610808867 Time: 0.3717235839867499
Train loss: 0.5730566312600445 Val loss: 0.24483046449319637 Time: 0.3734695840103086
Shrinking learning rate to 1e-05
Train loss: 0.6379976174201767 Val loss: 0.1731246130346094 Time: 0.3757210000039777
Train loss: 0.5572480727896796 Val loss: 0.17605788608561715 Time: 0.38222954199591186
Train loss: 0.48104559605786434 Val loss: 0.17163336142066862 Time: 0.37379095901269466
Train loss: 0.5902173478877799 Val loss: 0.1793172526752953 Time: 0.37408475000120234
Train loss: 0.5297261021887678 Val loss: 0.17722847184815504 Time: 0.3739589999895543
Train loss: 0.5839073626131785 Val loss: 0.17649578650758208 Time: 0.3726695419900352
Train loss: 0.4680212081564816 Val loss: 0.17153298126630595 Time: 0.3793009999935748
Train loss: 0.41869925931574414 Val loss: 0.17570252156799626 Time: 0.37629812500381377
Train loss: 0.4752135286368855 Val loss: 0.17065555554845566 Time: 0.37314545799745247
Train loss: 0.4478404842264929 Val loss: 0.17260281654889548 Time: 0.37301420800213236
Train loss: 0.4587812838060472 Val loss: 0.17822009513971937 Time: 0.3717061250063125
Train loss: 0.5261015135431819 Val loss: 0.17791115458511747 Time: 0.3701970830006758
Train loss: 0.5747113645499395 Val loss: 0.182395696122526 Time: 0.38131929200608283
Train loss: 0.4580122470328052 Val loss: 0.17485275537910663 Time: 0.37237979100609664
Train loss: 0.6145399374169926 Val loss: 0.18143335075353786 Time: 0.3723610409942921
Train loss: 0.4616199492482309 Val loss: 0.17932732658632433 Time: 0.37189129200123716
Train loss: 0.46934997510147713 Val loss: 0.17969649560027462 Time: 0.37478316700435244
Shrinking learning rate to 1.0000000000000002e-06
Train loss: 0.5138175859605951 Val loss: 0.17717496436338123 Time: 0.38987795799039304
Train loss: 0.5396509745243112 Val loss: 0.17738499077812803 Time: 0.37184879199776333
Train loss: 0.4847738039332135 Val loss: 0.1756701792458904 Time: 0.37577462499029934
Train loss: 0.44003911715695754 Val loss: 0.17409876211116196 Time: 0.3952325839927653
Train loss: 0.46409286830927954 Val loss: 0.17431796857015017 Time: 0.37456933299836237
Train loss: 0.5016332254786207 Val loss: 0.17519765281027785 Time: 0.3785234159877291
Train loss: 0.4553659641643435 Val loss: 0.17401716750065502 Time: 0.3825475420017028
Train loss: 0.4539426260083046 Val loss: 0.1740207995796378 Time: 0.3715881249954691
Train loss: 0.4508394215355338 Val loss: 0.1732628448783694 Time: 0.37121737499546725
Train loss: 0.45539391322871303 Val loss: 0.17433594014328563 Time: 0.3737375409982633
Shrinking learning rate to 1.0000000000000002e-07
Learning rate getting small
Complete
 Total time: 78.05453308299184