starting log for model: models/rnn1_fcast_19_new_22-23.pth
Train loss: 10.625108242819294 Val loss: 1.2844918992672616 Time: 0.21469470800002455
Train loss: 7.216251173450484 Val loss: 0.8675097108973008 Time: 0.19261487500079966
Train loss: 6.57994344458956 Val loss: 0.8366472894187817 Time: 0.18909158300084528
Train loss: 6.111793471145248 Val loss: 0.8911675460742098 Time: 0.17853166699933354
Train loss: 5.652008228452168 Val loss: 0.8580708419619733 Time: 0.1793266249987937
Train loss: 5.27531778032548 Val loss: 0.8259738516444259 Time: 0.1775387919988134
Train loss: 4.957062089091046 Val loss: 0.7982181884200431 Time: 0.18171795800117252
Train loss: 4.670439471248528 Val loss: 0.7728874526168945 Time: 0.1781456659991818
Train loss: 4.459783523105186 Val loss: 0.7531240913366134 Time: 0.18204716699983692
Train loss: 4.177205396669388 Val loss: 0.7306274989713354 Time: 0.1807579579999583
Train loss: 3.906743214743642 Val loss: 0.710831351455453 Time: 0.18056041600175377
Train loss: 3.651593873132441 Val loss: 0.6933359564337827 Time: 0.18490354200002912
Train loss: 3.495560332233225 Val loss: 0.6807741445515317 Time: 0.18546362500092073
Train loss: 3.3253872327514955 Val loss: 0.6643106672331671 Time: 0.17886687500140397
Train loss: 3.1382630904902697 Val loss: 0.6508610588854715 Time: 0.18275229100072465
Train loss: 2.952635523794349 Val loss: 0.636453868235756 Time: 0.1768057500012219
Train loss: 2.7807326047342684 Val loss: 0.6235688362252099 Time: 0.18155154200030665
Train loss: 2.6129000317090245 Val loss: 0.6133394565928841 Time: 0.1793084170003567
Train loss: 2.4537432371528407 Val loss: 0.6054674762662345 Time: 0.21221295800023654
Train loss: 2.3499820463359216 Val loss: 0.6087057763899875 Time: 0.1837401669999963
Train loss: 2.2230461495998286 Val loss: 0.5969014629974326 Time: 0.22695604199907393
Train loss: 2.1169012569791477 Val loss: 0.5838643968118348 Time: 0.18216708399995696
Train loss: 1.9687761627696396 Val loss: 0.3611045493591424 Time: 0.18191250000018044
Train loss: 1.8009584277655257 Val loss: 0.33699700985786873 Time: 0.17960108399893215
Train loss: 1.62388722905132 Val loss: 0.2950690435146173 Time: 0.1793201250002312
Train loss: 1.561824713461027 Val loss: 0.27357624927627017 Time: 0.1780185839998012
Train loss: 1.545426139018324 Val loss: 0.2860807857456855 Time: 0.19282412500069768
Train loss: 1.4473489566902105 Val loss: 0.27251839480415513 Time: 0.1775307910011179
Train loss: 1.3697602158890785 Val loss: 0.24905046799665617 Time: 0.18228370799988625
Train loss: 1.38969848486105 Val loss: 0.2595852192859151 Time: 0.177244458000132
Train loss: 1.3032426232300134 Val loss: 0.24094295713958203 Time: 0.18474004099880403
Train loss: 1.2066279405555405 Val loss: 0.2526167695685135 Time: 0.1785068750014034
Train loss: 1.3709583519882396 Val loss: 0.26835382039689937 Time: 0.18167962500046997
Train loss: 1.110831156883286 Val loss: 0.25474949517190254 Time: 0.1785639590016217
Train loss: 1.188855939848839 Val loss: 0.2738347210861491 Time: 0.18714462500065565
Train loss: 1.0240452032484768 Val loss: 0.22492568664372561 Time: 0.17701162500088685
Train loss: 0.9942329650169341 Val loss: 0.2780562214608715 Time: 0.1841177090009296
Train loss: 1.1484623274017176 Val loss: 0.23588266553730775 Time: 0.17967258300086542
Train loss: 0.9606188673320375 Val loss: 0.2356262312041749 Time: 0.17960779200075194
Train loss: 0.9449226164520041 Val loss: 0.2234826447137324 Time: 0.17859725000016624
Train loss: 0.9860247808077389 Val loss: 0.2547776993224943 Time: 0.1864003339996998
Train loss: 1.0014245014353031 Val loss: 0.26182525673894297 Time: 0.18182962500031863
Train loss: 0.7979611486557587 Val loss: 0.3184826256444756 Time: 0.1791405420008232
Train loss: 1.1461241037250858 Val loss: 0.2509121987880016 Time: 0.18578229199920315
Train loss: 0.835987119218629 Val loss: 0.2236630895928745 Time: 0.18052391700075532
Train loss: 0.936356056916793 Val loss: 0.3779456244230816 Time: 0.18677791699883528
Train loss: 0.8595040503803499 Val loss: 0.21840619289070753 Time: 0.18104541700085974
Train loss: 0.7277658781565925 Val loss: 0.42131820735597886 Time: 0.1820908329991653
Train loss: 0.9175799298053775 Val loss: 0.2355158155781024 Time: 0.1807723750007426
Train loss: 0.7010362935028951 Val loss: 0.4237138660676722 Time: 0.18290595799953735
Train loss: 0.9575941633997953 Val loss: 0.24563586764062115 Time: 0.18066704100056086
Train loss: 0.8295013064375212 Val loss: 0.1435793677295133 Time: 0.1812889169996197
Train loss: 1.75550943647562 Val loss: 0.3565201078872403 Time: 0.17895770900031494
Train loss: 1.4564761203523346 Val loss: 0.200888360121868 Time: 0.17664112499915063
Train loss: 1.4852681677196244 Val loss: 0.4856175569576112 Time: 0.18704900000011548
Train loss: 0.9697614220730797 Val loss: 0.2410911165545633 Time: 0.17779358299958403
Train loss: 0.8723879357721858 Val loss: 0.4545009961534259 Time: 0.18147883399979037
Train loss: 0.9606034671094932 Val loss: 0.22749483118586533 Time: 0.1796352500005014
Train loss: 0.6590691835014519 Val loss: 0.4319334314574888 Time: 0.18145712499972433
Train loss: 0.9998656405212532 Val loss: 0.33637630942221225 Time: 0.1815537080001377
Train loss: 0.8957186788783247 Val loss: 0.5117291196789068 Time: 0.17876758300008078
Train loss: 1.253644501611717 Val loss: 0.2634810747400001 Time: 0.18082979199971305
Train loss: 0.7841175244053034 Val loss: 0.47790395531752783 Time: 0.17864270899917756
Train loss: 1.0885980290175041 Val loss: 0.24915723299331569 Time: 0.17688641599852417
Train loss: 0.7723658163532399 Val loss: 0.4515032393969822 Time: 0.1808395420011948
Train loss: 0.925668966706553 Val loss: 0.24287596664510197 Time: 0.1774487910006428
Train loss: 0.6216859053478743 Val loss: 0.40354960518907584 Time: 0.18500166699959664
Train loss: 1.1652808041895923 Val loss: 0.3707797010886795 Time: 0.17825829200046428
Train loss: 1.1905269339460176 Val loss: 0.2607177498454522 Time: 0.18813529100043525
Train loss: 0.9835777798166987 Val loss: 0.3619134854239231 Time: 0.17696670900113531
Train loss: 0.7508884947175938 Val loss: 0.2192870858981421 Time: 0.18131275000087044
Train loss: 0.9956790505165714 Val loss: 0.23330961036137357 Time: 0.1811243749998539
Train loss: 1.0891990353301253 Val loss: 0.23002368882576438 Time: 0.1786212910010363
Train loss: 1.0960089476350845 Val loss: 0.37996776476056016 Time: 0.18056587499995658
Train loss: 0.8950379706860616 Val loss: 0.22431453559335254 Time: 0.17843758300114132
Train loss: 0.7783056862440851 Val loss: 0.2978800387614616 Time: 0.18051420799929474
Shrinking learning rate to 5e-05
Train loss: 0.7698567604377047 Val loss: 0.32828655515771116 Time: 0.1797681250009191
Train loss: 0.5560436943887446 Val loss: 0.30379100742210174 Time: 0.17788074999953096
Train loss: 0.5074449629014453 Val loss: 0.2901834698099922 Time: 0.1804413330009993
Train loss: 0.48325717317305816 Val loss: 0.27798680289147065 Time: 0.1852552910004306
Train loss: 0.4668674318306678 Val loss: 0.26743748615094437 Time: 0.1794830839990027
Train loss: 0.4545955451841337 Val loss: 0.25990211123799556 Time: 0.18081233399971097
Train loss: 0.4463380886433015 Val loss: 0.25505553973155903 Time: 0.17900858299981337
Train loss: 0.43965415057757085 Val loss: 0.25163801731683133 Time: 0.17878983300033724
Train loss: 0.43427812120968046 Val loss: 0.2489568661227889 Time: 0.18760979199942085
Train loss: 0.42946404951624295 Val loss: 0.24680395511933803 Time: 0.1776939579995087
Train loss: 0.42460464660780417 Val loss: 0.24486938987457424 Time: 0.1809475840000232
Train loss: 0.41977316680782284 Val loss: 0.24316752083038518 Time: 0.183956875000149
Train loss: 0.4152513666515105 Val loss: 0.2420934629971818 Time: 0.1842716669998481
Train loss: 0.41115738788391276 Val loss: 0.24106092974963703 Time: 0.17893062499933876
Train loss: 0.4072563771796798 Val loss: 0.24030053319840963 Time: 0.1792915419991914
Train loss: 0.40374415018117205 Val loss: 0.24009209937851284 Time: 0.182767625001361
Train loss: 0.40048600788960714 Val loss: 0.2399945474635014 Time: 0.1797192920002999
Train loss: 0.39760571731846994 Val loss: 0.23991605812408776 Time: 0.18368687499969383
Train loss: 0.394889271362275 Val loss: 0.23971790786383484 Time: 0.17924070899971412
Train loss: 0.3918218821364441 Val loss: 0.23951269588277682 Time: 0.18107545800012304
Train loss: 0.38917698078844243 Val loss: 0.2394668765037039 Time: 0.18205158400087385
Train loss: 0.38657782253621065 Val loss: 0.23952800556472897 Time: 0.17821408300005714
Train loss: 0.38409956008479185 Val loss: 0.2396952337599696 Time: 0.17982737500096846
Train loss: 0.38473374292230744 Val loss: 0.2411165046444985 Time: 0.18063358299878018
Train loss: 0.3809216848752186 Val loss: 0.24166137562055176 Time: 0.1785493330007739
Train loss: 0.3778297019388326 Val loss: 0.24163184587723846 Time: 0.17746154200176534
Train loss: 0.37498574376321336 Val loss: 0.24127151090553886 Time: 0.19245287499870756
Train loss: 0.3714626534642633 Val loss: 0.24110556142710146 Time: 0.1781173340004898
Train loss: 0.36898308990137707 Val loss: 0.2409900703685979 Time: 0.17907387500054028
Train loss: 0.3668288486953779 Val loss: 0.24000677363302353 Time: 0.1816314159987087
Train loss: 0.36475932782305165 Val loss: 0.24072404936822037 Time: 0.17990187500072352
Train loss: 0.3626815647092698 Val loss: 0.23975745720435063 Time: 0.1791698750002979
Train loss: 0.3604822818625948 Val loss: 0.2406531632947238 Time: 0.18364800000017567
Train loss: 0.35889729804704334 Val loss: 0.23963141158644788 Time: 0.1784460829985619
Train loss: 0.3562502122751283 Val loss: 0.24086511794307397 Time: 0.17917783399934706
Train loss: 0.35430158718216376 Val loss: 0.24017212548864383 Time: 0.1774373750013183
Train loss: 0.35197910505745256 Val loss: 0.24069727586262854 Time: 0.1848223329998291
Train loss: 0.35012814994763986 Val loss: 0.24065914261079832 Time: 0.181048667000141
Train loss: 0.3487087992195872 Val loss: 0.24088900154991874 Time: 0.17904470899884473
Train loss: 0.3477404569191842 Val loss: 0.241265373216768 Time: 0.18592937500034168
Train loss: 0.3455236357642042 Val loss: 0.2414744288806462 Time: 0.1789807089990063
Train loss: 0.34345521110360444 Val loss: 0.24164561931628548 Time: 0.17781308400117268
Train loss: 0.34157110173877925 Val loss: 0.2418907876110964 Time: 0.18247937500018452
Train loss: 0.33972270839447827 Val loss: 0.24180349841057938 Time: 0.17669541699979163
Train loss: 0.3373882077882573 Val loss: 0.24294907147780498 Time: 0.17904224999983853
Train loss: 0.3354027587058397 Val loss: 0.24400886544991118 Time: 0.17877108299944666
Train loss: 0.3337504072187585 Val loss: 0.24383418096459916 Time: 0.18122270799904072
Train loss: 0.3318117663626481 Val loss: 0.24394633765845605 Time: 0.17794270900049014
Train loss: 0.3303614166687092 Val loss: 0.24424552535333774 Time: 0.18335537500024657
Train loss: 0.32866279983672086 Val loss: 0.24457135279365513 Time: 0.17870762499842385
Train loss: 0.32754763899157524 Val loss: 0.24471496484351718 Time: 0.18212779200075602
Train loss: 0.3261652189637605 Val loss: 0.24481660594592047 Time: 0.18578241700015496
Train loss: 0.3247681715061219 Val loss: 0.24442020291069294 Time: 0.1797500000011496
Train loss: 0.32354304690090974 Val loss: 0.24518930073430187 Time: 0.17932941700019
Train loss: 0.32212398357455285 Val loss: 0.24435627375655192 Time: 0.18391804099883302
Train loss: 0.3208702160262362 Val loss: 0.2446511163693871 Time: 0.1792061249998369
Train loss: 0.3195875643035002 Val loss: 0.24428013795484332 Time: 0.185043958001188
Train loss: 0.3184634161848834 Val loss: 0.24555676127373674 Time: 0.1805556670005899
Train loss: 0.31719201319916923 Val loss: 0.244420715612084 Time: 0.20575237499906507
Train loss: 0.31586506116346413 Val loss: 0.2453990698547262 Time: 0.18484804199943028
Train loss: 0.3152886084102562 Val loss: 0.24477119760404478 Time: 0.18824529199991957
Train loss: 0.31374422955537895 Val loss: 0.24627708293684547 Time: 0.17939649999971152
Train loss: 0.31228784962988243 Val loss: 0.2454714658832201 Time: 0.18946416600010707
Train loss: 0.3104921731875798 Val loss: 0.24582002851244128 Time: 0.1783842500008177
Train loss: 0.30950042241325276 Val loss: 0.24679069986885202 Time: 0.17876637500012293
Train loss: 0.3081358407480965 Val loss: 0.24575215345723422 Time: 0.1814991250012099
Train loss: 0.30710378568205954 Val loss: 0.2470394620661216 Time: 0.17862658400008513
Train loss: 0.306163712223821 Val loss: 0.2461223885047954 Time: 0.1786984170012147
Train loss: 0.30465054046772405 Val loss: 0.24688008842123124 Time: 0.22690912500002014
Train loss: 0.3037044422782978 Val loss: 0.24625519057814002 Time: 0.17715654099993117
Train loss: 0.3025780371992841 Val loss: 0.24728348573134587 Time: 0.18044329199983622
Train loss: 0.30182364829646247 Val loss: 0.24628945853819273 Time: 0.17974737499935145
Train loss: 0.30040680567693734 Val loss: 0.24751658809073024 Time: 0.185107417000836
Train loss: 0.29984954804458397 Val loss: 0.24649136456927986 Time: 0.1769957919987064
Train loss: 0.29843994834748155 Val loss: 0.2474782577440227 Time: 0.18479895800010127
Train loss: 0.29786365259042924 Val loss: 0.2472655504958396 Time: 0.1808362079991639
Train loss: 0.296376094756269 Val loss: 0.24736193889342192 Time: 0.18010216699985904
Train loss: 0.29595049234549187 Val loss: 0.2467382913482954 Time: 0.17690695799865352
Train loss: 0.2948387615764023 Val loss: 0.24750625041970936 Time: 0.1810791670013714
Train loss: 0.2937103654471654 Val loss: 0.24685669635207103 Time: 0.17684520799957681
Train loss: 0.29297940601001926 Val loss: 0.24762359986230995 Time: 0.1805190830000356
Train loss: 0.2920249176352414 Val loss: 0.2474534928033962 Time: 0.17682070800037764
Train loss: 0.2911057787317457 Val loss: 0.24680702533947374 Time: 0.19039225000051374
Train loss: 0.29044992702492856 Val loss: 0.247730783183467 Time: 0.17657087499901536
Train loss: 0.2894142151824326 Val loss: 0.24744871846849587 Time: 0.18000920800113818
Train loss: 0.28872061679187766 Val loss: 0.24737334862856686 Time: 0.1764467089997197
Train loss: 0.2876727257155096 Val loss: 0.2476427091090953 Time: 0.17965712499972142
Train loss: 0.2872806155720591 Val loss: 0.24692182228626827 Time: 0.17816595799922652
Train loss: 0.28583420033597995 Val loss: 0.2478201576187283 Time: 0.17860762499913108
Train loss: 0.2855814524228686 Val loss: 0.24706758194934195 Time: 0.1794320829994831
Train loss: 0.2847328871818826 Val loss: 0.24654395341158977 Time: 0.1783304999989923
Train loss: 0.2837975176760781 Val loss: 0.24620007510822753 Time: 0.18526241600011417
Train loss: 0.2829135145412929 Val loss: 0.2469559295573885 Time: 0.18080770800042956
Train loss: 0.28221860633637164 Val loss: 0.24605498888998587 Time: 0.18102091699984157
Train loss: 0.2814666604482179 Val loss: 0.24623153493614638 Time: 0.1842292080000334
Train loss: 0.2806644639680891 Val loss: 0.2464282874996985 Time: 0.17809758399926068
Train loss: 0.2799801908693098 Val loss: 0.2461658049868088 Time: 0.1813699579997774
Train loss: 0.2791286957856869 Val loss: 0.24607040997125457 Time: 0.17977658299969335
Train loss: 0.27836048023270976 Val loss: 0.24643296729282665 Time: 0.17894695900031365
Train loss: 0.2775667447828045 Val loss: 0.2464165317072571 Time: 0.18192916700172646
Train loss: 0.2770663049992592 Val loss: 0.24502832363759175 Time: 0.1790600419990369
Train loss: 0.2760576148244809 Val loss: 0.2464893367062794 Time: 0.18368541699965135
Train loss: 0.27578128295944954 Val loss: 0.24567083195724948 Time: 0.18007500000021537
Train loss: 0.27465773658214593 Val loss: 0.24617888281811787 Time: 0.1789709579988994
Train loss: 0.274267585243841 Val loss: 0.24553218908632019 Time: 0.18329783299850533
Train loss: 0.2733441369307519 Val loss: 0.24588876821049604 Time: 0.17977595900083543
Train loss: 0.27289084220522497 Val loss: 0.2455520059566439 Time: 0.17978637499982142
Train loss: 0.271999569533115 Val loss: 0.24593405087527453 Time: 0.18851216599978216
Train loss: 0.27159352566408757 Val loss: 0.24523717174889018 Time: 0.1828335000009247
Train loss: 0.27066861155563915 Val loss: 0.24589896806070125 Time: 0.1774134999996022
Train loss: 0.2703737636618282 Val loss: 0.24540951703316047 Time: 0.18401754099977552
Train loss: 0.269314929473792 Val loss: 0.24561097402996934 Time: 0.18049812500066764
Train loss: 0.26919154762585507 Val loss: 0.2451208577859244 Time: 0.17925812499925087
Train loss: 0.26815153039374096 Val loss: 0.24601031063968087 Time: 0.18478049999976065
Train loss: 0.2678015732883132 Val loss: 0.24556901401796236 Time: 0.17977733400039142
Train loss: 0.2671770091070331 Val loss: 0.24609821645281713 Time: 0.17685904199970537
Train loss: 0.2663352275796693 Val loss: 0.24641330667523592 Time: 0.18668991699996695
Train loss: 0.26619043258092856 Val loss: 0.24547260560949152 Time: 0.1782113749995915
Train loss: 0.265329235284959 Val loss: 0.2460745048780286 Time: 0.17882995899890375
Train loss: 0.26497282476065553 Val loss: 0.24681735768910792 Time: 0.1782937080006377
Train loss: 0.2640442425830832 Val loss: 0.2463549132903832 Time: 0.17976262500087614
Train loss: 0.26387932627128663 Val loss: 0.24653165424521714 Time: 0.18325083299896505
Train loss: 0.2629433295469106 Val loss: 0.2467693852273124 Time: 0.18007858300006774
Train loss: 0.2625920221210478 Val loss: 0.2475590828472622 Time: 0.17823200000020734
Train loss: 0.2618255904447402 Val loss: 0.24667944941719622 Time: 0.18405504200018186
Train loss: 0.26158809546784756 Val loss: 0.24721754486233977 Time: 0.17813262500021665
Train loss: 0.2605857604985431 Val loss: 0.24793549478794488 Time: 0.1795892090012785
Train loss: 0.2605115105178051 Val loss: 0.24767471140808403 Time: 0.18709654200029036
Train loss: 0.2596154618127837 Val loss: 0.2473191309561057 Time: 0.18026149999968766
Train loss: 0.25915621376205156 Val loss: 0.24853836375749697 Time: 0.17812924999998359
Train loss: 0.25860917129063576 Val loss: 0.24756402386341206 Time: 0.18219279199911398
Train loss: 0.2580251703606864 Val loss: 0.24849381778784863 Time: 0.17807054100012465
Train loss: 0.25741602079699 Val loss: 0.24899952828822577 Time: 0.17985533300088719
Train loss: 0.257222179159732 Val loss: 0.24797840126081971 Time: 0.18263116699927195
Train loss: 0.2563576026421126 Val loss: 0.24906010406443652 Time: 0.17903949999890756
Train loss: 0.25585141651845333 Val loss: 0.24871546241849143 Time: 0.17851670799973363
Train loss: 0.2555494924782602 Val loss: 0.24897757369437643 Time: 0.1838604580007086
Train loss: 0.2548991732232162 Val loss: 0.2496782210349924 Time: 0.17741254100110382
Train loss: 0.2542967582991409 Val loss: 0.2488045736310397 Time: 0.1829554169999028
Train loss: 0.2539398781888782 Val loss: 0.2493770482297361 Time: 0.17795099999966624
Train loss: 0.2534563719959948 Val loss: 0.24912870311200735 Time: 0.18893200000093202
Train loss: 0.25278449968464844 Val loss: 0.2501075757124931 Time: 0.1790129170003638
Train loss: 0.2525025587029104 Val loss: 0.2500660665072247 Time: 0.17959570799939684
Train loss: 0.2517707807330396 Val loss: 0.24931723715731757 Time: 0.18244816700098454
Train loss: 0.25153602027927136 Val loss: 0.24995259775969314 Time: 0.17999062499984575
Train loss: 0.2509064980091189 Val loss: 0.2506812506537334 Time: 0.17729412500011676
Train loss: 0.2504727468808934 Val loss: 0.2501681390552248 Time: 0.18350895900039177
Train loss: 0.2500157659548119 Val loss: 0.2505801028211075 Time: 0.17797445799988054
Train loss: 0.24941752310332088 Val loss: 0.2511766911515273 Time: 0.1839652919989021
Train loss: 0.24920729744836478 Val loss: 0.25028008395537676 Time: 0.177875250001307
Train loss: 0.24863133247071545 Val loss: 0.25061117099831176 Time: 0.1859132919998956
Train loss: 0.24809717155250777 Val loss: 0.251233743571085 Time: 0.17814854199968977
Train loss: 0.247664577824636 Val loss: 0.2517642760109791 Time: 0.17863562499951513
Train loss: 0.24717342201707848 Val loss: 0.25070722646731314 Time: 0.18416541700025846
Train loss: 0.24673729260560506 Val loss: 0.25246538168139765 Time: 0.1795300829999178
Train loss: 0.24631369995218666 Val loss: 0.2509762628162643 Time: 0.1774167919993488
Train loss: 0.24566391191536818 Val loss: 0.2522715085127977 Time: 0.18228720800107112
Train loss: 0.24562636562366613 Val loss: 0.2520357980895488 Time: 0.17850199999884353
Train loss: 0.24472269575553796 Val loss: 0.25304045691644883 Time: 0.1890580420003971
Train loss: 0.24455516050644843 Val loss: 0.25110649839301036 Time: 0.21671000000060303
Train loss: 0.24398157486251448 Val loss: 0.25375749093219413 Time: 0.17745641699912085
Train loss: 0.24361870506469274 Val loss: 0.2518325702040948 Time: 0.1865206250004121
Train loss: 0.24302179391581724 Val loss: 0.2531900998852004 Time: 0.1780540839990863
Train loss: 0.24261260355177205 Val loss: 0.2527392897817685 Time: 0.1788946249998844
Train loss: 0.24248318140974173 Val loss: 0.25349876571502605 Time: 0.1801412500008155
Train loss: 0.24174789445920908 Val loss: 0.2536557940816477 Time: 0.18008562499926484
Train loss: 0.24144310944832093 Val loss: 0.2529726409184708 Time: 0.18122645800031023
Train loss: 0.24096384141112814 Val loss: 0.2538243196113259 Time: 0.17979204199946253
Train loss: 0.2406777268852427 Val loss: 0.2541948511791817 Time: 0.1823746249992837
Train loss: 0.23998913592418702 Val loss: 0.2532728464029574 Time: 0.17961808299878612
Train loss: 0.23976316516917806 Val loss: 0.2540376647564273 Time: 0.17936316600025748
Train loss: 0.23919883586101864 Val loss: 0.25413538153248194 Time: 0.1836027080007625
Train loss: 0.23886992679890273 Val loss: 0.2537032364862823 Time: 0.18055554200145707
Train loss: 0.23824182770388824 Val loss: 0.2543342857988966 Time: 0.18080550000013318
Complete
 Total time: 45.636355582999386