starting log for model: models/rnn1_fcast_23_new_23-24.pth
Train loss: 11.352765196666912 Val loss: 1.203242126059689 Time: 0.21989837499859277
Train loss: 7.255047021544559 Val loss: 0.8207549542100386 Time: 0.20242408399644773
Train loss: 6.528527412558634 Val loss: 0.7458361355002993 Time: 0.2114299579989165
Train loss: 5.978134965545255 Val loss: 0.6944778576279612 Time: 0.19987974999821745
Train loss: 5.5890989510965055 Val loss: 0.6532433534861266 Time: 0.19885112500924151
Train loss: 5.131106745757386 Val loss: 0.6118697185832042 Time: 0.19713841698830947
Train loss: 4.764218944015646 Val loss: 0.5729452779193911 Time: 0.1989763750025304
Train loss: 4.515668436903653 Val loss: 0.5501668211937407 Time: 0.20297745800053235
Train loss: 4.177109326863786 Val loss: 0.517620857121282 Time: 0.19728095798927825
Train loss: 3.976060621966141 Val loss: 0.5044709688484219 Time: 0.1979208329867106
Train loss: 3.7322679980082754 Val loss: 0.49426137116418745 Time: 0.19486550000146963
Train loss: 3.5994680669046257 Val loss: 0.48724631151882786 Time: 0.19755395800166298
Train loss: 3.4215533375847826 Val loss: 0.4575867517095875 Time: 0.19542370800627396
Train loss: 3.2719281357962196 Val loss: 0.4275019188945001 Time: 0.25341512500017416
Train loss: 3.118892624478681 Val loss: 0.41078312216748536 Time: 0.19562345900340006
Train loss: 2.988006603796041 Val loss: 0.39372656283680624 Time: 0.19719587500730995
Train loss: 2.8743667027865323 Val loss: 0.397500047946637 Time: 0.1957578330038814
Train loss: 2.8325006155704875 Val loss: 0.38434378163145994 Time: 0.20122245799575467
Train loss: 2.6827842060463354 Val loss: 0.3604365994034234 Time: 0.1955954579898389
Train loss: 2.64098963325182 Val loss: 0.34897716246550553 Time: 0.19754624999768566
Train loss: 2.5576840361154387 Val loss: 0.3407990695935381 Time: 0.1951058330014348
Train loss: 2.427224343787735 Val loss: 0.37128156218425235 Time: 0.19628887499857228
Train loss: 2.4310934962681614 Val loss: 0.34310637117658005 Time: 0.1951550829980988
Train loss: 2.4923614537031398 Val loss: 0.297097716333811 Time: 0.1979460000002291
Train loss: 2.2319239759146896 Val loss: 0.3045025830524848 Time: 0.19657850000658073
Train loss: 2.1437133072985857 Val loss: 0.41239056571060445 Time: 0.19737170900043566
Train loss: 2.221775636665498 Val loss: 0.4147419035697008 Time: 0.1942217080068076
Train loss: 2.5171445961890413 Val loss: 0.3365947994086474 Time: 0.20077491700067185
Train loss: 2.800325171304685 Val loss: 0.30657805435379926 Time: 0.19526125000265893
Train loss: 1.9473652784609499 Val loss: 0.4327484911845138 Time: 0.19840824999846518
Train loss: 1.968129875036709 Val loss: 0.32384365604000714 Time: 0.19439045900071505
Train loss: 1.8186332479458613 Val loss: 0.292476047966456 Time: 0.20033958299609367
Train loss: 2.2613382568121247 Val loss: 0.3309999883045422 Time: 0.20366645899775904
Train loss: 1.86096916073285 Val loss: 0.26866743025206874 Time: 0.19756570798926987
Train loss: 1.6693345441329726 Val loss: 0.34576201494936015 Time: 0.19689612500951625
Train loss: 1.988053759077363 Val loss: 0.348243917317567 Time: 0.19445041600556578
Train loss: 2.0535125739039373 Val loss: 0.2885600064787152 Time: 0.19636258399987128
Train loss: 1.7230788021884678 Val loss: 0.2225365172343222 Time: 0.1951731250010198
Train loss: 1.4643874879049008 Val loss: 0.24146404565083945 Time: 0.20168433300568722
Train loss: 1.727904125949101 Val loss: 0.32995960303377725 Time: 0.19605266700091306
Train loss: 1.74249727906205 Val loss: 0.267889474444368 Time: 0.19704545800050255
Train loss: 1.7162116383867954 Val loss: 0.26949985790791325 Time: 0.19515862500702497
Train loss: 1.3057595233667634 Val loss: 0.2547177437454179 Time: 0.19874841599084903
Train loss: 1.6527676772740278 Val loss: 0.35581521936073257 Time: 0.19542945799184963
Train loss: 1.6317768780555753 Val loss: 0.26193823546588557 Time: 0.19654404200264253
Train loss: 1.6058134381232207 Val loss: 0.2629222641338929 Time: 0.19448637499590404
Train loss: 1.252133203008711 Val loss: 0.22292751814246256 Time: 0.19704504199035
Train loss: 1.3930031363329607 Val loss: 0.33435216375416965 Time: 0.1962868749978952
Train loss: 1.7138768270827995 Val loss: 0.2712721464171585 Time: 0.20156962498731446
Train loss: 1.4845855759430684 Val loss: 0.25133484820695334 Time: 0.19477562498650514
Train loss: 1.280634897371103 Val loss: 0.28618555104328147 Time: 0.19713762500032317
Train loss: 1.1962094011590398 Val loss: 0.3200845433737781 Time: 0.1948777919897111
Train loss: 1.3653292561771622 Val loss: 0.27351388908932933 Time: 0.19789537499309517
Train loss: 1.2540793300866682 Val loss: 0.26913205392833583 Time: 0.1945391670014942
Train loss: 1.5108791461781692 Val loss: 0.26645189262558067 Time: 0.20822895799938124
Train loss: 1.1522259537852464 Val loss: 0.3326122963644426 Time: 0.19458429201040417
Train loss: 1.6252017834331696 Val loss: 0.385361366265238 Time: 0.20475087499653455
Train loss: 1.1416229694677504 Val loss: 0.2704265717766978 Time: 0.19452487499802373
Train loss: 1.2431051053098097 Val loss: 0.2591614198841407 Time: 0.20000183299998753
Train loss: 1.113187858464066 Val loss: 0.3273078633441843 Time: 0.19502633399679326
Train loss: 1.5636862188392833 Val loss: 0.2847622139036151 Time: 0.19786062500497792
Train loss: 1.1993316087427672 Val loss: 0.27537930282165307 Time: 0.19459087500581518
Train loss: 1.2222736961081182 Val loss: 0.2538342232894792 Time: 0.19671683300111908
Train loss: 1.1310922155440721 Val loss: 0.2687183998231471 Time: 0.19452062500931788
Train loss: 1.0839545725341893 Val loss: 0.23217129399766862 Time: 0.19749591700383462
Train loss: 1.0609811311996111 Val loss: 0.233685686503277 Time: 0.1949414589907974
Train loss: 0.9062365371011261 Val loss: 0.25927630686828357 Time: 0.2050682919943938
Train loss: 1.5592026645350643 Val loss: 0.3605851007024478 Time: 0.19501525000669062
Train loss: 1.316072545257441 Val loss: 0.2663281927153878 Time: 0.19743991699942853
Train loss: 1.1958732515956996 Val loss: 0.29824741528378684 Time: 0.19774716599204112
Train loss: 1.2621981299030836 Val loss: 0.37550664350006646 Time: 0.19610000000102445
Train loss: 0.7642526962843492 Val loss: 0.21410640891719057 Time: 0.19365666700468864
Train loss: 0.8892118730024947 Val loss: 0.17380769813494623 Time: 0.19801662499958184
Train loss: 1.3144492617802115 Val loss: 0.3416069279974572 Time: 0.1946167500136653
Train loss: 0.9154349907167614 Val loss: 0.22595545969314768 Time: 0.19641216599848121
Train loss: 0.9387113065273578 Val loss: 0.22676687292874273 Time: 0.19457666600646917
Train loss: 1.2551009752800353 Val loss: 0.2306732533677716 Time: 0.1958984579978278
Train loss: 0.8174417577505091 Val loss: 0.22162040933595206 Time: 0.19366491700930055
Train loss: 0.8871705274581352 Val loss: 0.2104202524107917 Time: 0.25958666698716115
Train loss: 1.1164090720308195 Val loss: 0.44229579451666046 Time: 0.20856125000864267
Train loss: 0.7015012815052354 Val loss: 0.12445104654737348 Time: 0.196745709006791
Train loss: 0.7261145643838844 Val loss: 0.15374968942501674 Time: 0.1962697080016369
Train loss: 0.8555806057651125 Val loss: 0.1454498345840348 Time: 0.19423495800583623
Train loss: 0.8116159363141833 Val loss: 0.4171893317116575 Time: 0.21439283300423995
Train loss: 0.7773788015074601 Val loss: 0.13556643825797918 Time: 0.19627475000743289
Train loss: 0.7480190468651386 Val loss: 0.13485828923133272 Time: 0.1960339159995783
Train loss: 0.9578542343744045 Val loss: 0.4258405211080292 Time: 0.19539816699398216
Train loss: 0.8824977219787877 Val loss: 0.3162650467443183 Time: 0.1957036249950761
Train loss: 0.9565241615397326 Val loss: 0.16473072983737228 Time: 0.19447370800480712
Train loss: 1.0524285228509882 Val loss: 0.1590676656650681 Time: 0.20137824999983422
Shrinking learning rate to 5e-05
Train loss: 0.9353430179514675 Val loss: 0.16122573867384557 Time: 0.1957105409965152
Train loss: 0.7302859290954018 Val loss: 0.1549858362387029 Time: 0.1966690419940278
Train loss: 0.6515680001753346 Val loss: 0.15188270275791807 Time: 0.19463954199454747
Train loss: 0.6077805282738069 Val loss: 0.1481735315451443 Time: 0.19713524999679066
Train loss: 0.5832620850188306 Val loss: 0.14394923812194466 Time: 0.19621316700067837
Train loss: 0.5668482733460678 Val loss: 0.14006421363071414 Time: 0.19818795799801592
Train loss: 0.5534433778245864 Val loss: 0.1367022719242568 Time: 0.19496116699883714
Train loss: 0.5436322312938424 Val loss: 0.13454901528569088 Time: 0.19615679199341685
Train loss: 0.5355205243207103 Val loss: 0.13294865227502756 Time: 0.19466508300683927
Train loss: 0.5281611080027346 Val loss: 0.13141541654677427 Time: 0.19780399999581277
Train loss: 0.5217227754215141 Val loss: 0.13028102705745093 Time: 0.19701466700644232
Train loss: 0.5158778919567268 Val loss: 0.1295326476102885 Time: 0.19648075000441168
Train loss: 0.5100698877159262 Val loss: 0.12884589932333687 Time: 0.19944795800256543
Train loss: 0.5052815792596923 Val loss: 0.128185990072657 Time: 0.19801279199600685
Train loss: 0.500774718702985 Val loss: 0.12768998844191298 Time: 0.1943810419907095
Train loss: 0.49649840971434767 Val loss: 0.12697584353072777 Time: 0.19727775000501424
Train loss: 0.492610275962023 Val loss: 0.1262938971728407 Time: 0.19542875001206994
Train loss: 0.4886688675399711 Val loss: 0.12559306220163352 Time: 0.19671849999576807
Train loss: 0.4851218099487804 Val loss: 0.12463124189208712 Time: 0.1949213750049239
Train loss: 0.48205108795005547 Val loss: 0.12394718782548088 Time: 0.1970677500066813
Train loss: 0.47846933453482965 Val loss: 0.12342460679629574 Time: 0.19800504100567196
Train loss: 0.47522037497964575 Val loss: 0.12277556746993186 Time: 0.19733129200176336
Train loss: 0.4723949411518229 Val loss: 0.12250505559582757 Time: 0.19544720799603965
Train loss: 0.46970921291943846 Val loss: 0.1219174711205952 Time: 0.19815975001256447
Train loss: 0.46729815604020075 Val loss: 0.12168642228651741 Time: 0.19448787499277387
Train loss: 0.4648789504260975 Val loss: 0.12117884162379057 Time: 0.19654658299987204
Train loss: 0.4627741755437995 Val loss: 0.12104855673885942 Time: 0.19502129200554918
Train loss: 0.46043154254680907 Val loss: 0.12071176582137542 Time: 0.19834733298921492
Train loss: 0.4588516446279769 Val loss: 0.12010487080325079 Time: 0.19656045800365973
Train loss: 0.45617064414518993 Val loss: 0.119820231243747 Time: 0.1965453750017332
Train loss: 0.4541184732163901 Val loss: 0.11927094525326698 Time: 0.19812375000037719
Train loss: 0.4520390282513027 Val loss: 0.11892056337651447 Time: 0.19669612500001676
Train loss: 0.4501195039519139 Val loss: 0.11864814936963304 Time: 0.19498204099363647
Train loss: 0.4481963206358701 Val loss: 0.4049635188450356 Time: 0.20249320899893064
Train loss: 0.44634334723060953 Val loss: 0.4048712678362319 Time: 0.19467450000229292
Train loss: 0.4444668036669981 Val loss: 0.40479638943197654 Time: 0.19629750000603963
Train loss: 0.44270929318261665 Val loss: 0.404684115421602 Time: 0.19466166700294707
Train loss: 0.4410924869124351 Val loss: 0.40462317574677265 Time: 0.2004458750016056
Train loss: 0.4393410759653209 Val loss: 0.40449209106697287 Time: 0.19534408299659844
Train loss: 0.43770671267357386 Val loss: 0.40440859319555555 Time: 0.19741875000181608
Train loss: 0.4361187669800659 Val loss: 0.40435565425192177 Time: 0.19432041700929403
Train loss: 0.4343493006782959 Val loss: 0.4042280765360383 Time: 0.20059258300170768
Train loss: 0.43302575847661373 Val loss: 0.4041779051488122 Time: 0.19463308400008827
Train loss: 0.4314395525425434 Val loss: 0.40409660438224104 Time: 0.19806804199470207
Train loss: 0.42991339023473785 Val loss: 0.40400731745261 Time: 0.1944389999989653
Train loss: 0.4283326153384017 Val loss: 0.40393789493524507 Time: 0.20007108399295248
Train loss: 0.4267398444271784 Val loss: 0.40388229112489077 Time: 0.19407366700761486
Train loss: 0.4252372413937202 Val loss: 0.4037831192517781 Time: 0.1956468330026837
Train loss: 0.4239266932058028 Val loss: 0.4037174346122808 Time: 0.19426391599699855
Train loss: 0.4223158104805238 Val loss: 0.4036034147530313 Time: 0.19808687499607913
Train loss: 0.42080441659733125 Val loss: 0.4035398474341979 Time: 0.1980126249982277
Train loss: 0.4189692320397591 Val loss: 0.4034312217132073 Time: 0.20039120799629018
Train loss: 0.4175663906217084 Val loss: 0.4033476382351821 Time: 0.1942411249910947
Train loss: 0.41582404797126316 Val loss: 0.4032466976947105 Time: 0.19664312500390224
Train loss: 0.4143593712411347 Val loss: 0.40322077566652303 Time: 0.19486124999821186
Train loss: 0.41274114721935895 Val loss: 0.4031238523156213 Time: 0.197864000001573
Train loss: 0.41161809678204175 Val loss: 0.40306900885454466 Time: 0.1950832089933101
Train loss: 0.4099743920360419 Val loss: 0.4030013003414319 Time: 0.2080489999934798
Train loss: 0.40867290352665364 Val loss: 0.40295830079254813 Time: 0.1944993329962017
Train loss: 0.40717476055531066 Val loss: 0.40290400194095444 Time: 0.1966573329991661
Train loss: 0.4059507351529028 Val loss: 0.4028838999770749 Time: 0.19555074999516364
Train loss: 0.4045986827617982 Val loss: 0.4028327273048248 Time: 0.19977758299501147
Train loss: 0.4033648708859041 Val loss: 0.402798793477739 Time: 0.1955005420022644
Train loss: 0.4020437188870887 Val loss: 0.40275001308839253 Time: 0.19725108399870805
Train loss: 0.4008608980476396 Val loss: 0.4027407763423062 Time: 0.19455287500750273
Train loss: 0.3995926184150278 Val loss: 0.4026975455946021 Time: 0.1983067090041004
Train loss: 0.39842916143401297 Val loss: 0.40265437735333454 Time: 0.1967069160018582
Train loss: 0.39733594535117334 Val loss: 0.4026375509033456 Time: 0.19765750000078697
Train loss: 0.39610924380547097 Val loss: 0.40259129410279 Time: 0.1951397079974413
Train loss: 0.3950620500948503 Val loss: 0.4025698280878114 Time: 0.19741925000562333
Train loss: 0.39382584445185387 Val loss: 0.40251336021722606 Time: 0.19603170799382497
Train loss: 0.39277973218831264 Val loss: 0.4024738575180015 Time: 0.1958674589986913
Train loss: 0.39171504367556764 Val loss: 0.40244606058758176 Time: 0.1988317079958506
Train loss: 0.3905730448914646 Val loss: 0.402414162063181 Time: 0.19716395800060127
Train loss: 0.3895117899796485 Val loss: 0.4023793779867193 Time: 0.2502384169929428
Train loss: 0.388149695363488 Val loss: 0.4023570382228924 Time: 0.1998860000021523
Train loss: 0.3872403750148594 Val loss: 0.4023355328816973 Time: 0.1970553330029361
Train loss: 0.386068529967996 Val loss: 0.4023008898201384 Time: 0.19424733299820218
Train loss: 0.3849919967709226 Val loss: 0.4022608132305371 Time: 0.19826024999201763
Train loss: 0.3838666288015631 Val loss: 0.4022506547796035 Time: 0.19460558300488628
Train loss: 0.38289305858347156 Val loss: 0.4022060876033316 Time: 0.19669304198760074
Train loss: 0.38165367690329877 Val loss: 0.4021944912132025 Time: 0.19435449999582488
Train loss: 0.3805342554502449 Val loss: 0.4021616036054391 Time: 0.2003111660014838
Train loss: 0.379510784007266 Val loss: 0.4021271916954474 Time: 0.1946017500013113
Train loss: 0.3783200051918323 Val loss: 0.4021135146641656 Time: 0.1966350419970695
Train loss: 0.37737573480217534 Val loss: 0.402105506927563 Time: 0.19544525000674184
Train loss: 0.37630864657931995 Val loss: 0.4020655397426704 Time: 0.196423750006943
Train loss: 0.3752392031835168 Val loss: 0.4020592814742724 Time: 0.19431912500294857
Train loss: 0.3742351675948239 Val loss: 0.4020414402644792 Time: 0.1972611249948386
Train loss: 0.3731702317522039 Val loss: 0.4020125605630438 Time: 0.19638325000414625
Train loss: 0.37207903312401713 Val loss: 0.40200441374455076 Time: 0.19719441699271556
Train loss: 0.3710312360449546 Val loss: 0.4019829328673829 Time: 0.19380329200066626
Train loss: 0.3700630802550837 Val loss: 0.4019378590963999 Time: 0.20018004201119766
Train loss: 0.36908552144170415 Val loss: 0.4019484466899244 Time: 0.1948252500005765
Train loss: 0.36809346506877816 Val loss: 0.40191218825739355 Time: 0.19641000000410713
Train loss: 0.36711185996247764 Val loss: 0.401898817619278 Time: 0.19500837501254864
Train loss: 0.3661499414012259 Val loss: 0.4018690430079141 Time: 0.19592058299167547
Train loss: 0.3652403269922928 Val loss: 0.4018559396007084 Time: 0.1945700000069337
Train loss: 0.36426556808432414 Val loss: 0.40183462382687696 Time: 0.19617862500308547
Train loss: 0.36334427765220245 Val loss: 0.40182451850147904 Time: 0.1950015420006821
Train loss: 0.3623215109707374 Val loss: 0.40180651810012075 Time: 0.1960776670021005
Train loss: 0.36146886541851986 Val loss: 0.40178592001328783 Time: 0.20011437499488238
Train loss: 0.3606119039847613 Val loss: 0.4017679236452447 Time: 0.19821737500024028
Train loss: 0.35969224054037596 Val loss: 0.40174856603424663 Time: 0.20120016700820997
Train loss: 0.3588428563330517 Val loss: 0.40171984645877523 Time: 0.19505362499330658
Train loss: 0.3579648062814078 Val loss: 0.40171595760786394 Time: 0.19745679199695587
Train loss: 0.3570470442806253 Val loss: 0.4017036013614085 Time: 0.1948887499893317
Train loss: 0.35625650135112963 Val loss: 0.40167795468510364 Time: 0.19725941598881036
Train loss: 0.35544711751163405 Val loss: 0.40166707249940425 Time: 0.19452295800147112
Train loss: 0.3545822973111894 Val loss: 0.4016591929932821 Time: 0.19727495800179895
Train loss: 0.35379304967100556 Val loss: 0.40164708718047903 Time: 0.19499241700395942
Train loss: 0.3528485865288764 Val loss: 0.40161933234958597 Time: 0.1971749579970492
Train loss: 0.35215845624550024 Val loss: 0.40161292085230915 Time: 0.19399087500642054
Train loss: 0.3513023354473752 Val loss: 0.4016012139916289 Time: 0.19956833400647156
Train loss: 0.3504111054473169 Val loss: 0.40158403741158355 Time: 0.19527741700585466
Train loss: 0.3497375750680405 Val loss: 0.4015726060184099 Time: 0.19660004200704861
Train loss: 0.34896901756066523 Val loss: 0.4015578156480695 Time: 0.19636437499138992
Train loss: 0.3480579329588934 Val loss: 0.4015486272367832 Time: 0.1946975410101004
Train loss: 0.3473274895859986 Val loss: 0.4015329474302874 Time: 0.19709620799403638
Train loss: 0.3465250398578352 Val loss: 0.4015219250027819 Time: 0.194483917002799
Train loss: 0.34576536569124094 Val loss: 0.4015167351165539 Time: 0.20118049999291543
Train loss: 0.34504197146313853 Val loss: 0.40150301189012866 Time: 0.19473704099073075
Train loss: 0.34419199015170854 Val loss: 0.40149293571627453 Time: 0.19647120901208837
Train loss: 0.34347513922564055 Val loss: 0.40148451739794927 Time: 0.19781300000613555
Train loss: 0.3427885075759747 Val loss: 0.4014781380735802 Time: 0.1974793330009561
Train loss: 0.3419080116033164 Val loss: 0.4014672523986122 Time: 0.1976770830078749
Train loss: 0.34119962758791145 Val loss: 0.4014621115055947 Time: 0.19562474999111146
Train loss: 0.3404106220617049 Val loss: 0.40144950539663893 Time: 0.19471224999870174
Train loss: 0.3398113481427565 Val loss: 0.40144592053991335 Time: 0.19703770900378004
Train loss: 0.3390854761561642 Val loss: 0.40143745263940683 Time: 0.1942019169946434
Train loss: 0.3381612969283153 Val loss: 0.4014285585880924 Time: 0.19956083400757052
Train loss: 0.3375926137486571 Val loss: 0.40142443061314126 Time: 0.19481695799913723
Train loss: 0.33675582624586614 Val loss: 0.4014155339572423 Time: 0.19658120900567155
Train loss: 0.3362513494992392 Val loss: 0.40141126937078525 Time: 0.19514200001140125
Train loss: 0.3354303860597714 Val loss: 0.40140398815158246 Time: 0.20067454199306667
Train loss: 0.33470304766821757 Val loss: 0.4013979457624804 Time: 0.19486075000895653
Train loss: 0.3341324480446746 Val loss: 0.4013932079142815 Time: 0.2002960840036394
Train loss: 0.33345201634697297 Val loss: 0.4013879400637699 Time: 0.19432520899863448
Train loss: 0.33266594383183357 Val loss: 0.40138149192778183 Time: 0.1968142919940874
Train loss: 0.331931197529471 Val loss: 0.40137850951749376 Time: 0.20673424999404233
Train loss: 0.3314494765882856 Val loss: 0.4013734504524916 Time: 0.19761308300076053
Train loss: 0.3307551604280832 Val loss: 0.4013685326718032 Time: 0.19701533300394658
Train loss: 0.32999688226567336 Val loss: 0.4013650264423587 Time: 0.19506554199324455
Train loss: 0.32929811102110174 Val loss: 0.4013612467465555 Time: 0.19643341700430028
Train loss: 0.3287362108015362 Val loss: 0.4013573888806618 Time: 0.19829549999849405
Train loss: 0.3280775395643829 Val loss: 0.4013537373384781 Time: 0.21173404200817458
Train loss: 0.32751628645094777 Val loss: 0.40135230218800916 Time: 0.19501754199154675
Train loss: 0.32665371441599 Val loss: 0.4013480027107981 Time: 0.19720683399646077
Train loss: 0.3263528172758472 Val loss: 0.4013476462282107 Time: 0.19444612500956282
Train loss: 0.32555820057908225 Val loss: 0.401343903672111 Time: 0.19704866599931847
Train loss: 0.3248561393558633 Val loss: 0.4013405830550439 Time: 0.19448929200007115
Train loss: 0.32431597822758196 Val loss: 0.40133899067221274 Time: 0.19707449999987148
Train loss: 0.3237082978173582 Val loss: 0.4013373120344905 Time: 0.2172312500042608
Train loss: 0.3230052099902372 Val loss: 0.40133416995629995 Time: 0.19734745800087694
Train loss: 0.3225126477690843 Val loss: 0.4013309215964472 Time: 0.20092337499954738
Train loss: 0.3218022923909399 Val loss: 0.40132605431333107 Time: 0.19571354099025484
Train loss: 0.3213360450025551 Val loss: 0.4013233172530994 Time: 0.19713387500087265
Train loss: 0.32052737121717456 Val loss: 0.4013215825925509 Time: 0.1943300840066513
Train loss: 0.3201589966247038 Val loss: 0.4013237043869678 Time: 0.19757133300299756
Train loss: 0.3194465059101361 Val loss: 0.4013167790576797 Time: 0.1944617919943994
Complete
 Total time: 49.70391141700384