starting log for model: models/rnn1_fcast_24_new_22-23.pth
Train loss: 11.427036612624761 Val loss: 1.3069228791846301 Time: 0.22177983300025517
Train loss: 6.442721927205376 Val loss: 0.703894620520048 Time: 0.18497224999919126
Train loss: 6.0899642236068985 Val loss: 0.7117263143567276 Time: 0.1949097079996136
Train loss: 5.578337739334472 Val loss: 0.7202873449426451 Time: 0.18637145799948485
Train loss: 5.252246641214128 Val loss: 0.6926705492180713 Time: 0.1930648339985055
Train loss: 4.851477625933626 Val loss: 0.5824047462038572 Time: 0.18799466699965706
Train loss: 4.488198849511338 Val loss: 0.5178570753179809 Time: 0.20918766700015112
Train loss: 4.308438693224048 Val loss: 0.4943124594563451 Time: 0.1896710000000894
Train loss: 4.133168929587612 Val loss: 0.5013744732422613 Time: 0.18735662499966566
Train loss: 4.028245586512952 Val loss: 0.48714235610992396 Time: 0.18331666699850757
Train loss: 3.9560014103327603 Val loss: 0.43333646680099386 Time: 0.18256695799937006
Train loss: 3.799105649857097 Val loss: 0.5932274352467651 Time: 0.19459004199961782
Train loss: 3.8021178411098395 Val loss: 0.5678654922887579 Time: 0.2017062499999156
Train loss: 3.7318576034952002 Val loss: 0.41790291506068983 Time: 0.19231883399879734
Train loss: 3.6542926468902728 Val loss: 0.3802274202882854 Time: 0.19588699999985693
Train loss: 3.4446470581521 Val loss: 0.3501101239958761 Time: 0.1798441669998283
Train loss: 3.0377976105827145 Val loss: 0.3237716049185477 Time: 0.18895200000042678
Train loss: 2.8769667286156846 Val loss: 0.3113988524075716 Time: 0.18935833300020022
Train loss: 2.763595673781971 Val loss: 0.3119873114093516 Time: 0.18519820799883746
Train loss: 2.571080659884501 Val loss: 0.30347225873011585 Time: 0.18836429200018756
Train loss: 2.527230767192293 Val loss: 0.2718967935257804 Time: 0.19274262499857286
Train loss: 2.5672074251585766 Val loss: 0.3053574746195379 Time: 0.18485579200023494
Train loss: 2.2984006673032997 Val loss: 0.2790211857843549 Time: 0.18108287500035658
Train loss: 2.5240384059106873 Val loss: 0.3404099845849618 Time: 0.17778733299928717
Train loss: 2.3101460904191526 Val loss: 0.2518986560392569 Time: 0.19883629200012365
Train loss: 2.294861928219916 Val loss: 0.25744790169988846 Time: 0.1792865420011367
Train loss: 2.0701612522413946 Val loss: 0.2581135871684077 Time: 0.18124941700079944
Train loss: 2.2138175659677017 Val loss: 0.269575303645448 Time: 0.17715916599991033
Train loss: 2.049756133541858 Val loss: 0.2731155976988082 Time: 0.18116295800064108
Train loss: 2.354699672929314 Val loss: 0.3772656829140362 Time: 0.18891716599864594
Train loss: 1.916163293894087 Val loss: 0.2429618529397298 Time: 0.1823127920015395
Train loss: 2.308169616707165 Val loss: 0.3401171906857276 Time: 0.17944858299961197
Train loss: 2.0965920603333643 Val loss: 0.7308362854927936 Time: 0.18180333300006168
Train loss: 2.162965130046043 Val loss: 0.2468090706366256 Time: 0.18831512500037206
Train loss: 2.130005859655917 Val loss: 0.7355053243152105 Time: 0.18090216699965822
Train loss: 1.8880364802322198 Val loss: 0.2142340489927569 Time: 0.18125429199972132
Train loss: 2.046203482740773 Val loss: 0.7517842706107516 Time: 0.18477241700020386
Train loss: 1.9417276560958072 Val loss: 0.7278452800034982 Time: 0.18728058300075645
Train loss: 2.4079351885971256 Val loss: 0.7829805090043335 Time: 0.18303379099961603
Train loss: 2.066884974909069 Val loss: 0.2698260454058489 Time: 0.17998049999914656
Train loss: 1.9167970743124556 Val loss: 0.2658941911795163 Time: 0.1819902090010146
Train loss: 1.7062424480251366 Val loss: 0.7212561394802964 Time: 0.18264524999904097
Train loss: 1.8409165559548057 Val loss: 0.3562178544808009 Time: 0.22982699999920442
Train loss: 1.5596121129951683 Val loss: 0.21795905630063825 Time: 0.1774132919999829
Train loss: 1.8082186216506617 Val loss: 0.26986202262226494 Time: 0.18348058400079026
Train loss: 1.6942456440234537 Val loss: 0.3348143484470766 Time: 0.17850920900127676
Train loss: 1.5459634733230132 Val loss: 0.31236813641116445 Time: 0.18497608300094726
Train loss: 1.8145005252289366 Val loss: 0.27068789221777895 Time: 0.17947129099957237
Train loss: 1.5258549864799278 Val loss: 0.2610626421466395 Time: 0.1804286669994326
Train loss: 1.5626320387690171 Val loss: 0.2828287026982298 Time: 0.18794850000085717
Train loss: 1.3956674951022023 Val loss: 0.28283347593200536 Time: 0.17942179100100475
Train loss: 2.022322247651001 Val loss: 0.28934469043752714 Time: 0.17688545800046995
Train loss: 1.6322656679787002 Val loss: 0.3977789863953797 Time: 0.1852489169996261
Train loss: 1.434726084321774 Val loss: 0.3732562583997727 Time: 0.17926937499942142
Train loss: 1.641534763037833 Val loss: 0.30353296113682904 Time: 0.1796645840004203
Train loss: 1.4892828770328066 Val loss: 0.31278103555497305 Time: 0.18430595900099433
Train loss: 1.3305653839584863 Val loss: 0.24021789754485512 Time: 0.17998745800105098
Train loss: 1.4052225516277455 Val loss: 0.2731362871163933 Time: 0.17732812499889405
Train loss: 1.2834294311005578 Val loss: 0.3692347844149016 Time: 0.18504637500154786
Train loss: 1.3710023086499632 Val loss: 0.3339423767746989 Time: 0.17839695799921174
Train loss: 1.4036062786856434 Val loss: 0.2817785305108912 Time: 0.1821774580002966
Train loss: 1.656413881446781 Val loss: 0.3143968967798674 Time: 0.18233979199976602
Train loss: 1.2718337577585999 Val loss: 0.28843731819663454 Time: 0.18068795799990767
Train loss: 1.0979466635270683 Val loss: 0.2281598534038873 Time: 0.1854153749991383
Train loss: 1.1288823960100303 Val loss: 0.23007245797557144 Time: 0.1807364169999346
Train loss: 1.1252260085965986 Val loss: 0.2502674534747896 Time: 0.17831158400076674
Train loss: 1.2082286115330305 Val loss: 0.251303851135475 Time: 0.18464887499976612
Train loss: 1.2057151629367695 Val loss: 0.816403604383313 Time: 0.17847912499928498
Train loss: 1.3482170490984053 Val loss: 0.2870445308761819 Time: 0.1877565830000094
Train loss: 1.1953117955535983 Val loss: 0.25858946324672666 Time: 0.1786624580017815
Train loss: 1.5108442462297376 Val loss: 0.383043568951101 Time: 0.18181324999932258
Train loss: 1.2833960101579844 Val loss: 0.2567620647910341 Time: 0.18287112500001967
Train loss: 1.3572006577687716 Val loss: 0.2480574283328583 Time: 0.1961976250004227
Shrinking learning rate to 0.0001
Train loss: 1.1415336678895773 Val loss: 0.23632841378167455 Time: 0.18074029099989275
Train loss: 1.048828910732464 Val loss: 0.23449785782717006 Time: 0.1858302079999703
Train loss: 0.9902054793364101 Val loss: 0.23306075051434152 Time: 0.17934016599974711
Train loss: 0.9516135609495897 Val loss: 0.2320201087227695 Time: 0.18073929199999839
Train loss: 0.9221597545821121 Val loss: 0.23145832540856362 Time: 0.17820779100111395
Train loss: 0.8983130387432468 Val loss: 0.23087776619121494 Time: 0.18381100000078732
Train loss: 0.8824305456942803 Val loss: 0.23056228460923087 Time: 0.1794191659992066
Train loss: 0.8674580380942416 Val loss: 0.23011019684572231 Time: 0.1797658750001574
Train loss: 0.8555019750853006 Val loss: 0.22958141123003 Time: 0.18095508400074323
Train loss: 0.8455120425344376 Val loss: 0.22941990531051418 Time: 0.17906487499931245
Train loss: 0.8383090637736501 Val loss: 0.22942247396038476 Time: 0.1789911249998113
Train loss: 0.8325507062520918 Val loss: 0.2294682714239445 Time: 0.18011791600110882
Train loss: 0.8277990105644903 Val loss: 0.22961166607364933 Time: 0.18314920900047582
Train loss: 0.8238559908093777 Val loss: 0.22974783398250892 Time: 0.18773933299962664
Train loss: 0.8202168881973257 Val loss: 0.22999173091739375 Time: 0.1772486250010843
Train loss: 0.8164876076779422 Val loss: 0.23023845838407092 Time: 0.18369150000035006
Train loss: 0.8129918542038368 Val loss: 0.23049781398460045 Time: 0.1774518749989511
Train loss: 0.809517870174119 Val loss: 0.2310344911824196 Time: 0.18423341699963203
Train loss: 0.8046699651555524 Val loss: 0.23109036960692855 Time: 0.18132650000006834
Train loss: 0.8005772308909007 Val loss: 0.23150906912293193 Time: 0.1819785409988981
Train loss: 0.7970327035157045 Val loss: 0.2318183563226977 Time: 0.1780627079988335
Train loss: 0.7946978812672061 Val loss: 0.2321879435735015 Time: 0.17971120800029894
Train loss: 0.7908210655878962 Val loss: 0.2328612851767953 Time: 0.18354220800028997
Train loss: 0.7875528394491971 Val loss: 0.23295152580210046 Time: 0.1788015420006559
Train loss: 0.7838899615861692 Val loss: 0.23301927327045785 Time: 0.1847242500007269
Train loss: 0.7814128569744696 Val loss: 0.2331818386915714 Time: 0.17946574999950826
Train loss: 0.7788965022118646 Val loss: 0.23312507874663732 Time: 0.17727600000034727
Train loss: 0.7765206315828397 Val loss: 0.23326582831669027 Time: 0.1883045829999901
Train loss: 0.7740706034305447 Val loss: 0.23342094609215816 Time: 0.17746812500081433
Train loss: 0.7716508796550698 Val loss: 0.23349119952206365 Time: 0.18107899999995425
Train loss: 0.7692783343756986 Val loss: 0.23299500081534416 Time: 0.17807495900160575
Train loss: 0.7670778870567645 Val loss: 0.23360735582817663 Time: 0.18343658300000243
Train loss: 0.7647694864025958 Val loss: 0.23410895348844946 Time: 0.17789045800054737
Train loss: 0.7624745111209155 Val loss: 0.23393696994917448 Time: 0.1799423749998823
Train loss: 0.7603847619106547 Val loss: 0.23353517343910338 Time: 0.18128812500071945
Train loss: 0.758091246169351 Val loss: 0.2345073541666057 Time: 0.18287187500027358
Train loss: 0.7560857505672045 Val loss: 0.23368211650349446 Time: 0.1818322500002978
Train loss: 0.7538306240014956 Val loss: 0.2343746146691126 Time: 0.1790748329985945
Train loss: 0.7517457849956108 Val loss: 0.23414247676848388 Time: 0.1828658340000402
Train loss: 0.7496668734192999 Val loss: 0.2346074929625049 Time: 0.18005320799966285
Train loss: 0.7473742024955286 Val loss: 0.23414061194067326 Time: 0.17763129100057995
Train loss: 0.745651717428963 Val loss: 0.2345525129405677 Time: 0.20618875000036496
Train loss: 0.7433808292346806 Val loss: 0.23409782867342133 Time: 0.17862633299955633
Train loss: 0.7415166563034212 Val loss: 0.23470404897617025 Time: 0.18676612499984913
Train loss: 0.7390311415366035 Val loss: 0.234333807155686 Time: 0.17820708299950638
Train loss: 0.7362899119619541 Val loss: 0.23450384514108139 Time: 0.17955049999909534
Train loss: 0.7345053686099163 Val loss: 0.23588286400502562 Time: 0.18647141699875647
Train loss: 0.7320799941956295 Val loss: 0.23552100622389713 Time: 0.18003608300023188
Train loss: 0.730299025161333 Val loss: 0.2355209201459699 Time: 0.18253999999978987
Train loss: 0.7279925341206663 Val loss: 0.2362059897934528 Time: 0.17960516599850962
Train loss: 0.7261775157314236 Val loss: 0.23611248095682186 Time: 0.18024508300004527
Train loss: 0.7239047863998938 Val loss: 0.23645008675428097 Time: 0.186217750000651
Train loss: 0.7221549113562702 Val loss: 0.2359688877798786 Time: 0.18246320899925195
Train loss: 0.7200808497057238 Val loss: 0.23716008349710466 Time: 0.17982587500046066
Train loss: 0.71757651245224 Val loss: 0.23755570177868376 Time: 0.18338574999870616
Train loss: 0.7173725794223174 Val loss: 0.23681877600395906 Time: 0.17964925000160292
Train loss: 0.714454216638476 Val loss: 0.2390401185651766 Time: 0.1795672080006625
Train loss: 0.7124643501292773 Val loss: 0.24016132475142424 Time: 0.18208970800151292
Train loss: 0.7108607645348934 Val loss: 0.23867434259317455 Time: 0.18554416699953435
Train loss: 0.7097609657692345 Val loss: 0.24027945835657533 Time: 0.18967379099922255
Train loss: 0.7080496368695322 Val loss: 0.23786487108741486 Time: 0.17707208400133823
Train loss: 0.7051176326717139 Val loss: 0.23902362612144565 Time: 0.1841407079991768
Train loss: 0.704646186593596 Val loss: 0.24055423447544072 Time: 0.17943116700007522
Train loss: 0.7025174083357553 Val loss: 0.23897101241890142 Time: 0.1843920410010469
Train loss: 0.7004157542548768 Val loss: 0.23993704902879076 Time: 0.17926633299975947
Train loss: 0.6996041007184814 Val loss: 0.2416640910850708 Time: 0.18054674999984854
Train loss: 0.6972880569970883 Val loss: 0.24033285252630548 Time: 0.18132616699949722
Train loss: 0.6964229870362715 Val loss: 0.2417320328166289 Time: 0.1797330419994978
Train loss: 0.6944255582605532 Val loss: 0.2401540299774405 Time: 0.1784534580001491
Train loss: 0.6944095414260687 Val loss: 0.2428491946227009 Time: 0.191364958000122
Train loss: 0.6915670710026314 Val loss: 0.24050846692557618 Time: 0.1798479999997653
Train loss: 0.6892288615907953 Val loss: 0.24353784735472467 Time: 0.18122324999967532
Train loss: 0.6883624722018871 Val loss: 0.2434039890593102 Time: 0.17760908299896982
Train loss: 0.6865812068117378 Val loss: 0.2409057053300116 Time: 0.1811556249995192
Train loss: 0.6855528329404135 Val loss: 0.24291214552608864 Time: 0.17828029100019194
Train loss: 0.6857254649749258 Val loss: 0.2431416534422309 Time: 0.1801985420006531
Train loss: 0.6825166067126744 Val loss: 0.24422165973563226 Time: 0.17887808400155336
Train loss: 0.6810502473170601 Val loss: 0.2432494684357311 Time: 0.1850309159999597
Train loss: 0.6800814576814798 Val loss: 0.24410364496897907 Time: 0.17666120800095086
Train loss: 0.6779407087744396 Val loss: 0.24360305537096852 Time: 0.17990491699856648
Train loss: 0.6767485224375469 Val loss: 0.24504554204193982 Time: 0.1803276669998013
Train loss: 0.6753717756128736 Val loss: 0.24426430894525036 Time: 0.183243333000064
Train loss: 0.674199356767466 Val loss: 0.24532472242483316 Time: 0.17855491699992854
Train loss: 0.6746737318975846 Val loss: 0.24492398823331987 Time: 0.1774796250010695
Train loss: 0.6712887707881308 Val loss: 0.24613273234248423 Time: 0.18669020800007274
Train loss: 0.6701692418064056 Val loss: 0.24496164787367203 Time: 0.17937220800013165
Train loss: 0.6684657509864422 Val loss: 0.24649101293107814 Time: 0.1775687499994092
Train loss: 0.6694500940380408 Val loss: 0.24582953290788917 Time: 0.18201933399905101
Train loss: 0.6658367788791466 Val loss: 0.24729927580356328 Time: 0.1773566669999127
Train loss: 0.6654168121707187 Val loss: 0.24729822738899127 Time: 0.1802654999992228
Train loss: 0.6633410910927751 Val loss: 0.2458104059647893 Time: 0.18515254199883202
Train loss: 0.6619864818959229 Val loss: 0.2475668450095165 Time: 0.18617154200001096
Train loss: 0.6628983401852828 Val loss: 0.24704392393628996 Time: 0.1781102920012927
Train loss: 0.6593390849944649 Val loss: 0.24996918757804285 Time: 0.18507120899994334
Train loss: 0.6591272948933273 Val loss: 0.2488345883770468 Time: 0.17863404200033983
Train loss: 0.6575321219061152 Val loss: 0.24833913516191242 Time: 0.18077850000008766
Train loss: 0.6551714338360206 Val loss: 0.24958074700798788 Time: 0.18477487499876588
Train loss: 0.6565282541475801 Val loss: 0.24788996116228929 Time: 0.1793303750000632
Train loss: 0.6538293781101316 Val loss: 0.2475669229810382 Time: 0.18322100000114006
Train loss: 0.6516460391775998 Val loss: 0.24909500497255457 Time: 0.1861116249983752
Train loss: 0.6524635164151391 Val loss: 0.2501490433419285 Time: 0.19098787499933678
Train loss: 0.6495978135729894 Val loss: 0.25123492733340247 Time: 0.18507933399996546
Train loss: 0.6483720764293537 Val loss: 0.24968482230749908 Time: 0.18272375000015018
Train loss: 0.6477182922366609 Val loss: 0.2474229182904416 Time: 0.18149333399924217
Train loss: 0.6472387780395756 Val loss: 0.2505198278613793 Time: 0.18251108299955376
Train loss: 0.6447427205812382 Val loss: 0.25193972171181384 Time: 0.18100787500043225
Train loss: 0.6436341966824166 Val loss: 0.2506989048122118 Time: 0.18490104200100177
Train loss: 0.6439695244933539 Val loss: 0.2487175994374478 Time: 0.18013749999954598
Train loss: 0.6411982789299131 Val loss: 0.25232121667657065 Time: 0.17703808399892296
Train loss: 0.6400957684221851 Val loss: 0.2529334776420447 Time: 0.24309924999943178
Train loss: 0.6388666298883499 Val loss: 0.2520455927672391 Time: 0.17778504099987913
Train loss: 0.6392914687813374 Val loss: 0.24973653194512777 Time: 0.18594212499920104
Train loss: 0.6363343706211211 Val loss: 0.2521082616869512 Time: 0.17823129199859977
Train loss: 0.635702625681354 Val loss: 0.2538074473582694 Time: 0.18444020900096803
Train loss: 0.6360689974506748 Val loss: 0.25270294872194266 Time: 0.18936225000106788
Train loss: 0.6322513055326908 Val loss: 0.254473983596478 Time: 0.1815043329988839
Train loss: 0.6316122576936856 Val loss: 0.2529744859957856 Time: 0.17748279199986428
Train loss: 0.6329982041195317 Val loss: 0.25067603866212196 Time: 0.18308958399939002
Train loss: 0.6289864279311317 Val loss: 0.2515718099729894 Time: 0.17853412499971455
Train loss: 0.6278456185325361 Val loss: 0.25388718699427143 Time: 0.18673850000050152
Train loss: 0.6289498974131256 Val loss: 0.2535579710308381 Time: 0.17726083300112805
Train loss: 0.6262740594038911 Val loss: 0.2547119710433528 Time: 0.18160600000010163
Train loss: 0.6245200408307578 Val loss: 0.2546110455400482 Time: 0.18041749999974854
Train loss: 0.6251173532914989 Val loss: 0.2533947856137267 Time: 0.17925033299979987
Train loss: 0.6223691928380184 Val loss: 0.2506682713129962 Time: 0.17748604200096452
Train loss: 0.6216289845083391 Val loss: 0.2544197537506297 Time: 0.1917726669998956
Train loss: 0.6219131493515162 Val loss: 0.25550046949303307 Time: 0.17906870799924945
Train loss: 0.6192205645492423 Val loss: 0.2561830262252965 Time: 0.182337499998539
Train loss: 0.6178958981865197 Val loss: 0.25543037415764885 Time: 0.1829485840007692
Train loss: 0.6166934674403821 Val loss: 0.25408778820502254 Time: 0.17927166700064845
Train loss: 0.6173328653877164 Val loss: 0.25144856432264656 Time: 0.17823808299908706
Train loss: 0.6146431378883399 Val loss: 0.25591781596213004 Time: 0.18437279099998705
Train loss: 0.6129042353222653 Val loss: 0.25498572038342154 Time: 0.17894341700048244
Train loss: 0.6120203205993144 Val loss: 0.2546251032700989 Time: 0.18066133399952378
Train loss: 0.6121751547600702 Val loss: 0.25459361336078307 Time: 0.17890341700149293
Train loss: 0.60873829331031 Val loss: 0.25070193735029317 Time: 0.1878890419993695
Train loss: 0.6106900971849794 Val loss: 0.2548074686982436 Time: 0.18002337500001886
Train loss: 0.606744161286958 Val loss: 0.25515763801093516 Time: 0.1790552079983172
Train loss: 0.6071252660420301 Val loss: 0.25327217360056287 Time: 0.17894654200063087
Train loss: 0.6059053728628356 Val loss: 0.2499021775489741 Time: 0.18037324999932025
Train loss: 0.6008009724154522 Val loss: 0.25326148773381374 Time: 0.18741666700043424
Train loss: 0.6064929735799973 Val loss: 0.25365746959352 Time: 0.18231641600141302
Train loss: 0.5995437794305403 Val loss: 0.2544435945877957 Time: 0.18028975000015635
Train loss: 0.5995308332558551 Val loss: 0.25186294653004115 Time: 0.18104879199927382
Train loss: 0.5961641588052089 Val loss: 0.2542178691421341 Time: 0.1797668330000306
Train loss: 0.5967677901313273 Val loss: 0.2554189193024317 Time: 0.19378816700009338
Train loss: 0.5916082788578136 Val loss: 0.25233452180757926 Time: 0.17709504200138326
Train loss: 0.592992660897 Val loss: 0.2549880178500418 Time: 0.1842443750010716
Train loss: 0.5904866056931866 Val loss: 0.2560931583858015 Time: 0.17795891700006905
Train loss: 0.590060516641234 Val loss: 0.25616245481471395 Time: 0.1891372500012949
Train loss: 0.5864455559478099 Val loss: 0.25284852828144344 Time: 0.178337958001066
Train loss: 0.587136565443485 Val loss: 0.25655886487558605 Time: 0.1805088330002036
Train loss: 0.5834862554185261 Val loss: 0.2566005706602336 Time: 0.1794416659995477
Train loss: 0.5845933536929948 Val loss: 0.25672830571390576 Time: 0.18042029099888168
Train loss: 0.581658150319754 Val loss: 0.25584485659949124 Time: 0.18381700000099954
Train loss: 0.5822708577902906 Val loss: 0.2525871619989225 Time: 0.18087775000094553
Train loss: 0.5784678384717914 Val loss: 0.25454862053028887 Time: 0.18752725000013015
Train loss: 0.579859206530815 Val loss: 0.25308789561586925 Time: 0.17862491699997918
Train loss: 0.5740018610770292 Val loss: 0.2531090641132119 Time: 0.18212491700069222
Train loss: 0.5809280573806177 Val loss: 0.25687035705172967 Time: 0.1829470829998172
Train loss: 0.5759110808317676 Val loss: 0.2544791833216886 Time: 0.17691958400064323
Train loss: 0.57094756636898 Val loss: 0.2570207853921856 Time: 0.1787840420001885
Train loss: 0.5713196584797684 Val loss: 0.2533029612893216 Time: 0.18265962500117894
Train loss: 0.5693935627837234 Val loss: 0.25799916541943274 Time: 0.18198575000133133
Train loss: 0.5685229232137523 Val loss: 0.25834944850448516 Time: 0.2018975840001076
Train loss: 0.5659936137605488 Val loss: 0.258504318270886 Time: 0.1971537499994156
Train loss: 0.5668330361142466 Val loss: 0.25514966382331056 Time: 0.1944513750004262
Train loss: 0.5636574869686122 Val loss: 0.25725655370936235 Time: 0.18359958400105825
Train loss: 0.5638629853146169 Val loss: 0.2586879687807979 Time: 0.21009583299928636
Train loss: 0.5605016794468902 Val loss: 0.25837753780221373 Time: 0.19196629200087045
Train loss: 0.5595560588331709 Val loss: 0.2546263053402516 Time: 0.21489074999954028
Train loss: 0.5591093086485872 Val loss: 0.25679532075154843 Time: 0.19283337500019115
Train loss: 0.5563147404747806 Val loss: 0.25805854366626363 Time: 0.20772966699951212
Train loss: 0.5563514492689805 Val loss: 0.25562041411960534 Time: 0.184414666999146
Train loss: 0.5528704677970366 Val loss: 0.2575751911250588 Time: 0.18988412500038976
Train loss: 0.5531434059445753 Val loss: 0.25610221030097413 Time: 0.19294916699982423
Train loss: 0.5502849290284209 Val loss: 0.2602718748407427 Time: 0.20484391699937987
Complete
 Total time: 46.149444791999485