starting log for model: models/rnn_comb_alpha_10_22-23.pth
Train loss: 13.189897983097723 Val loss: 131.90099039205725 Time: 0.21588845899896114
Train loss: 9.891389035106897 Val loss: 98.91594401918907 Time: 0.21435908299827133
Train loss: 7.744208030081445 Val loss: 77.44397928591025 Time: 0.21503283299898612
Train loss: 6.410317210913718 Val loss: 64.10501187223697 Time: 0.21588154100027168
Train loss: 5.944854605911274 Val loss: 59.450226795157896 Time: 0.21853837500020745
Train loss: 5.6240430091665985 Val loss: 56.24209562446698 Time: 0.2225282920007885
Train loss: 5.32406527705734 Val loss: 53.24234384208788 Time: 0.21588504199826275
Train loss: 5.318662046504102 Val loss: 53.18826128290969 Time: 0.2149287499996717
Train loss: 4.922701410258071 Val loss: 49.22876359289324 Time: 0.2150807910002186
Train loss: 4.811650776777038 Val loss: 48.118280816158006 Time: 0.21457220899901586
Train loss: 4.6877974422760165 Val loss: 46.87972977102846 Time: 0.21567791599954944
Train loss: 4.3491316579310535 Val loss: 43.4931118652617 Time: 0.2149882500016247
Train loss: 4.205820608805709 Val loss: 42.06005603611307 Time: 0.21475537500009523
Train loss: 3.8952044963468495 Val loss: 38.95379103310005 Time: 0.21490029199776473
Train loss: 3.821230652917613 Val loss: 38.21387050349414 Time: 0.22661024999979418
Train loss: 3.688442882246477 Val loss: 36.88593271584934 Time: 0.2149247089982964
Train loss: 3.5123543315940253 Val loss: 35.12488538276491 Time: 0.21790270899873576
Train loss: 3.196583600233339 Val loss: 31.96720883632931 Time: 0.21426166699893656
Train loss: 2.8793269375510278 Val loss: 28.794703308330337 Time: 0.21760174999872106
Train loss: 2.7964396523270096 Val loss: 27.96579787465772 Time: 0.2160294579989568
Train loss: 2.6114451145793396 Val loss: 26.115652872836293 Time: 0.21486191599979065
Train loss: 2.512155866864873 Val loss: 25.12284950617478 Time: 0.21390766700278618
Train loss: 2.5695352465343344 Val loss: 25.696452379818066 Time: 0.21431704200222157
Train loss: 2.4020915592797536 Val loss: 24.02225677923555 Time: 0.2225914999980887
Train loss: 2.4050261545423837 Val loss: 24.05149229641129 Time: 0.21754716600116808
Train loss: 2.463087084634946 Val loss: 24.63182040741638 Time: 0.2140562909989967
Train loss: 2.0806903447065324 Val loss: 20.807987441241426 Time: 0.21398499999850173
Train loss: 2.0775975355055323 Val loss: 20.77688631933632 Time: 0.2146861249966605
Train loss: 1.975153939605229 Val loss: 19.752840869981156 Time: 0.21570929100198555
Train loss: 1.9387504595127112 Val loss: 19.388201968185317 Time: 0.21441145800054073
Train loss: 2.0812322242513908 Val loss: 20.81339344885139 Time: 0.21454862500104355
Train loss: 1.9506848572082482 Val loss: 19.507738870534272 Time: 0.2137992089992622
Train loss: 1.979280490041484 Val loss: 19.793805990342893 Time: 0.21468383399769664
Train loss: 1.9036501725752029 Val loss: 19.037899697900038 Time: 0.22801920900019468
Train loss: 1.7374560838046378 Val loss: 17.375690642960365 Time: 0.2154454590017849
Train loss: 1.6610220403224787 Val loss: 16.61146024411099 Time: 0.2156277920003049
Train loss: 1.6748410845092143 Val loss: 16.750456254221984 Time: 0.21599937499922817
Train loss: 1.6646517245166486 Val loss: 16.64843716176775 Time: 0.2151482080007554
Train loss: 1.46872866475573 Val loss: 14.690107896267323 Time: 0.2164673750012298
Train loss: 1.542749463402778 Val loss: 15.429774891187588 Time: 0.21575954199943226
Train loss: 1.5628225893661494 Val loss: 15.629920020718597 Time: 0.21445691600092687
Train loss: 1.3724426398847527 Val loss: 13.727226497149115 Time: 0.213734791999741
Train loss: 1.3963251383854427 Val loss: 13.96560991445211 Time: 0.22280570799921406
Train loss: 1.3781239319708334 Val loss: 13.784752809674586 Time: 0.2182472919994325
Train loss: 1.4293273442822105 Val loss: 14.297221593952825 Time: 0.21432895899852156
Train loss: 1.4590965624555565 Val loss: 14.593615314932721 Time: 0.21454074999928707
Train loss: 1.2444570325608026 Val loss: 12.448396299942072 Time: 0.2153302500009886
Train loss: 1.4130568618612074 Val loss: 14.133885502609578 Time: 0.21631679099664325
Train loss: 1.1314835410700539 Val loss: 11.31915466856377 Time: 0.2140177080000285
Train loss: 1.2264498186510089 Val loss: 12.269445999558338 Time: 0.21439758300039102
Train loss: 1.3118683825112427 Val loss: 13.121914568408938 Time: 0.21390412500113598
Train loss: 1.2633692198811808 Val loss: 12.637410799368038 Time: 0.21516337499997462
Train loss: 1.0734666781316307 Val loss: 10.739428333213699 Time: 0.2251600839990715
Train loss: 1.218881200490956 Val loss: 12.192491130877489 Time: 0.2142488340032287
Train loss: 1.2065395334270796 Val loss: 12.06943544575091 Time: 0.21377141599805327
Train loss: 1.087208013983087 Val loss: 10.877170233407742 Time: 0.21358725000027334
Train loss: 1.0543774161226018 Val loss: 10.547164220094482 Time: 0.2146504170013941
Train loss: 1.1005207211938868 Val loss: 11.010560361332962 Time: 0.21475879200079362
Train loss: 1.1803620845736242 Val loss: 11.80854451852391 Time: 0.21361079099733615
Train loss: 1.1065996987193234 Val loss: 11.069783933875756 Time: 0.21438399999897229
Train loss: 1.202831295857301 Val loss: 12.032581976905012 Time: 0.21509279200108722
Train loss: 1.0057080975998103 Val loss: 10.061951495233341 Time: 0.21822066700042342
Train loss: 0.9903180249657524 Val loss: 9.908011863910023 Time: 0.21924425000179326
Train loss: 1.1029058482229743 Val loss: 11.034630677480502 Time: 0.21474033299818984
Train loss: 0.9016656067255546 Val loss: 9.021383360321005 Time: 0.21421512500091922
Train loss: 1.010806488393719 Val loss: 10.113902443308863 Time: 0.21575987500182237
Train loss: 0.9471711449434475 Val loss: 9.476366766573213 Time: 0.2135180830009631
Train loss: 0.9214739548518409 Val loss: 9.221206118125519 Time: 0.2161567909970472
Train loss: 0.9928065445906533 Val loss: 9.93393072924513 Time: 0.21496062500227708
Train loss: 0.9684511938433502 Val loss: 9.689516236001717 Time: 0.21471300000121119
Train loss: 0.9290870750653915 Val loss: 9.296480334004977 Time: 0.21444829199754167
Train loss: 0.9366629054040914 Val loss: 9.371813845154088 Time: 0.22609279199969023
Train loss: 0.8090784971643075 Val loss: 8.096598456383967 Time: 0.2140716669964604
Train loss: 0.9378045321699062 Val loss: 9.383741011459351 Time: 0.2142638330005866
Train loss: 0.9337305187689395 Val loss: 9.343263521089282 Time: 0.21463124999718275
Train loss: 0.8914912781204158 Val loss: 8.921124928873438 Time: 0.21460962499986636
Train loss: 0.8666230519099898 Val loss: 8.671692513329596 Time: 0.21409191700149677
Train loss: 0.8821852927826583 Val loss: 8.829286372158602 Time: 0.2139065000010305
Train loss: 0.9692010585944892 Val loss: 9.697692983575765 Time: 0.21413566599949263
Train loss: 0.8133321571953127 Val loss: 8.139263888862894 Time: 0.21433808299843804
Train loss: 0.7851581238187253 Val loss: 7.859214239047225 Time: 0.21655012499832083
Train loss: 0.9146356800130562 Val loss: 9.152532961345283 Time: 0.22092754199911724
Train loss: 0.9839002797172647 Val loss: 9.84414835855098 Time: 0.21324616600031732
Train loss: 0.9194920522399741 Val loss: 9.20018078171429 Time: 0.21276837500045076
Train loss: 0.6784713719206366 Val loss: 6.793616724917616 Time: 0.21455825000157347
Train loss: 0.7449237836475504 Val loss: 7.455192367844075 Time: 0.21807450000051176
Train loss: 0.802561804372214 Val loss: 8.030456772867737 Time: 0.214449582999805
Train loss: 0.6810666398482255 Val loss: 6.817762968173656 Time: 0.21450445899972692
Train loss: 0.8711352970387694 Val loss: 8.716377791536527 Time: 0.21460441699673538
Train loss: 0.7764210298887737 Val loss: 7.7707244262843 Time: 0.2129659999991418
Train loss: 0.7295260129264172 Val loss: 7.301317518888197 Time: 0.22404816700145602
Train loss: 0.7432405113822256 Val loss: 7.439321580355372 Time: 0.213445249999495
Train loss: 0.7436682178684606 Val loss: 7.4449714434413075 Time: 0.2136258340033237
Train loss: 0.8355184565317302 Val loss: 8.360427238699476 Time: 0.21536445899982937
Shrinking learning rate to 1e-05
Train loss: 0.9656507921414921 Val loss: 9.661770046748604 Time: 0.21493454200026463
Train loss: 0.7910749080854202 Val loss: 7.917107030275035 Time: 0.2140313329982746
Train loss: 0.7629111723999955 Val loss: 7.635737583023322 Time: 0.21444133399927523
Train loss: 0.8727773807704375 Val loss: 8.733518543250037 Time: 0.21398887499890407
Train loss: 0.7779507139061508 Val loss: 7.786080164458447 Time: 0.21521258400025545
Train loss: 0.8602049142934618 Val loss: 8.607821608965606 Time: 0.2148682920014835
Train loss: 0.7763160769121527 Val loss: 7.769819461247552 Time: 0.2249977499996021
Train loss: 0.7212213359110962 Val loss: 7.219561682058444 Time: 0.2149399590016401
Train loss: 0.8625193013008783 Val loss: 8.631147411861482 Time: 0.21615991599901463
Train loss: 0.8554876318339666 Val loss: 8.560894907016834 Time: 0.21406800000113435
Shrinking learning rate to 1.0000000000000002e-06
Train loss: 1.112035910121449 Val loss: 11.12563911537065 Time: 0.21535112499987008
Train loss: 1.0294740465812424 Val loss: 10.300299530093215 Time: 0.2143902909992903
Train loss: 1.0483881831018778 Val loss: 10.48920845249659 Time: 0.21467987500000163
Train loss: 1.0360104434780197 Val loss: 10.365385349263066 Time: 0.21435425000163377
Train loss: 0.8183783444024755 Val loss: 8.190358325183015 Time: 0.21571412499906728
Train loss: 0.932591630858326 Val loss: 9.331595605469307 Time: 0.22609949999969103
Train loss: 0.8745455590622875 Val loss: 8.751432951763059 Time: 0.21617604199855123
Train loss: 0.9354220032030014 Val loss: 9.359734067063743 Time: 0.21581362500000978
Train loss: 0.8552783742537926 Val loss: 8.558742378585574 Time: 0.21430291700016824
Train loss: 0.8266790867023133 Val loss: 8.272930465498478 Time: 0.21454912500121281
Shrinking learning rate to 1.0000000000000002e-07
Learning rate getting small
Complete
 Total time: 24.686730749999697