starting log for model: models/rnn_lin1_alpha_0.05_22-23.pth
Train loss: 14.509361087864505 Val loss: 1.0720075552762478 Time: 0.33331654199719196
Train loss: 13.06137329753063 Val loss: 1.0019860288123945 Time: 0.31439400000090245
Train loss: 10.2952072137895 Val loss: 0.8151113789601999 Time: 0.30648520800241386
Train loss: 7.660518769533748 Val loss: 0.658145744267231 Time: 0.30698704200040083
Train loss: 6.860173052331719 Val loss: 0.5964191869995659 Time: 0.3172908330016071
Train loss: 6.3312977481872394 Val loss: 0.5622128798145936 Time: 0.3070597080004518
Train loss: 5.9767604131433245 Val loss: 0.5368670776060283 Time: 0.3048652500001481
Train loss: 5.905608939473964 Val loss: 0.5219164437570689 Time: 0.31415450000349665
Train loss: 5.6867265251752315 Val loss: 0.5042741950320425 Time: 0.309724875001848
Train loss: 5.439400411867268 Val loss: 0.49651007142680353 Time: 0.30732754199925694
Train loss: 5.413860941661767 Val loss: 0.4819326086845463 Time: 0.30605929200100945
Train loss: 5.075543066752051 Val loss: 0.46928562045986505 Time: 0.31694599999900674
Train loss: 5.100258616229972 Val loss: 0.46429736407383354 Time: 0.30590037499860046
Train loss: 4.826680510232165 Val loss: 0.4367530279208999 Time: 0.30467945800046436
Train loss: 4.679397053289719 Val loss: 0.4395698301787573 Time: 0.3060918750015844
Train loss: 4.737906273134342 Val loss: 0.4314966286252112 Time: 0.3056128329990315
Train loss: 4.442785432880589 Val loss: 0.4114956040750559 Time: 0.3051695419999305
Train loss: 4.351572995101776 Val loss: 0.4034740437143679 Time: 0.3050049589983246
Train loss: 4.143452569374794 Val loss: 0.38729379526127083 Time: 0.31599583300339873
Train loss: 3.9478093807183647 Val loss: 0.3773852020036391 Time: 0.30657587500172667
Train loss: 3.7505730324154527 Val loss: 0.3480348351628249 Time: 0.306247832999361
Train loss: 3.6807532730954193 Val loss: 0.3390308641351677 Time: 0.30554387499796576
Train loss: 3.5831256905373206 Val loss: 0.3385649686757394 Time: 0.3054952080019575
Train loss: 3.3804831388164445 Val loss: 0.31138734365464865 Time: 0.3056213329982711
Train loss: 3.235843109054451 Val loss: 0.29167416724954115 Time: 0.31686241699935636
Train loss: 3.312406398280544 Val loss: 0.27054761572649866 Time: 0.3059497079993889
Train loss: 2.805358167849022 Val loss: 0.2459037797423577 Time: 0.30595858299784595
Train loss: 2.73064868721616 Val loss: 0.22448359720356706 Time: 0.3064492919984332
Train loss: 2.4927149225008947 Val loss: 0.2353220818977555 Time: 0.3053757079978823
Train loss: 2.5458092093183495 Val loss: 0.19561024770308652 Time: 0.3053083749982761
Train loss: 2.630503483639746 Val loss: 0.20533880894808626 Time: 0.3056984579998243
Train loss: 2.3185244928391384 Val loss: 0.1906795552672806 Time: 0.3151305419996788
Train loss: 2.387365138246244 Val loss: 0.18540853154520515 Time: 0.3061440000019502
Train loss: 2.0297628002718966 Val loss: 0.17298756256084935 Time: 0.3063167500004056
Train loss: 2.1507081820416776 Val loss: 0.18303199353157135 Time: 0.30638008399910177
Train loss: 2.0711018050522796 Val loss: 0.1634566264922888 Time: 0.3060604169986618
Train loss: 2.044216831309063 Val loss: 0.13125671781974566 Time: 0.30465745800029254
Train loss: 2.2206371420652715 Val loss: 0.1749906878044701 Time: 0.3061236670000653
Train loss: 1.8586498967096325 Val loss: 0.12480799586358932 Time: 0.3150992499977292
Train loss: 1.8977308045149783 Val loss: 0.13648221222548293 Time: 0.30560729100034223
Train loss: 1.842193808616706 Val loss: 0.10501599858796852 Time: 0.3048503330028325
Train loss: 1.9065804387096748 Val loss: 0.1378245537334575 Time: 0.30525566700089257
Train loss: 1.7151620182406617 Val loss: 0.11420276689793099 Time: 0.3045862919971114
Train loss: 1.9057704064674539 Val loss: 0.14846112677232576 Time: 0.3059148339998501
Train loss: 1.5203355540394905 Val loss: 0.11373475625413762 Time: 0.31406587500168825
Train loss: 1.6708603873904204 Val loss: 0.13505705358688272 Time: 0.30472191700027906
Train loss: 1.458822705888764 Val loss: 0.11966949705017796 Time: 0.304676040999766
Train loss: 1.49343179489275 Val loss: 0.16216344014446632 Time: 0.3050415409998095
Train loss: 1.4367221473548222 Val loss: 0.11394083311316565 Time: 0.3043355829977372
Train loss: 1.5598061359315096 Val loss: 0.12597248520799123 Time: 0.3062732500002312
Train loss: 1.391166560673497 Val loss: 0.0910535385626487 Time: 0.3056706249990384
Train loss: 1.3998965810700028 Val loss: 0.11984042952170539 Time: 0.3150952079995477
Train loss: 1.412355484183994 Val loss: 0.09931774622649414 Time: 0.30490429200290237
Train loss: 1.338366120362725 Val loss: 0.0840358732421162 Time: 0.3045673339984205
Train loss: 1.4528276814586594 Val loss: 0.11984412234850647 Time: 0.30500949999986915
Train loss: 1.1771802407630219 Val loss: 0.0929352505494417 Time: 0.3053031250019558
Train loss: 1.208839836649986 Val loss: 0.11681305348336089 Time: 0.35255795899865916
Train loss: 1.1655011624736886 Val loss: 0.09457858204184187 Time: 0.30475237499922514
Train loss: 1.1108026157842659 Val loss: 0.08304482575252226 Time: 0.31582404199798475
Train loss: 1.140278372134826 Val loss: 0.057014188827612694 Time: 0.3056672500024433
Train loss: 1.1670728037003606 Val loss: 0.0998022312746869 Time: 0.3698399999993853
Train loss: 1.1033387563320645 Val loss: 0.11735578334959705 Time: 0.3054441249987576
Train loss: 1.0702911019793646 Val loss: 0.07478158137505604 Time: 0.3037781659986649
Train loss: 1.0604262545531071 Val loss: 0.12469463599938463 Time: 0.3057340419982211
Train loss: 0.9814909244773844 Val loss: 0.05604662619042636 Time: 0.31594529200083343
Train loss: 1.086554001862737 Val loss: 0.05791763898618403 Time: 0.30539608300023247
Train loss: 1.0999418479275391 Val loss: 0.10387492854738836 Time: 0.30504629200004274
Train loss: 1.0654447282760353 Val loss: 0.05373934299183324 Time: 0.30453791599938995
Train loss: 1.0180201877152157 Val loss: 0.07555308016030055 Time: 0.3054457079997519
Train loss: 0.986848307403875 Val loss: 0.06455686958543476 Time: 0.30551229199772933
Train loss: 1.1559750935326747 Val loss: 0.1428148061277565 Time: 0.3044772909997846
Train loss: 0.903693932226389 Val loss: 0.11442902737494269 Time: 0.3155115419976937
Train loss: 0.8632652497038373 Val loss: 0.09262467458717756 Time: 0.3050472079994506
Train loss: 0.9092715802464832 Val loss: 0.09358095058693654 Time: 0.3055569159987499
Train loss: 0.9503691204353153 Val loss: 0.08495984908380297 Time: 0.30546691700146766
Train loss: 0.8727007924149532 Val loss: 0.06751755961875698 Time: 0.30461766599910334
Train loss: 0.7845254440461531 Val loss: 0.11143269170400105 Time: 0.3055417079995095
Train loss: 0.8674276533437606 Val loss: 0.11263523713005943 Time: 0.3133418340003118
Train loss: 0.8948148894183419 Val loss: 0.08413409589926775 Time: 0.30567175000032876
Train loss: 0.8001427941309507 Val loss: 0.07304865386473842 Time: 0.30516570799954934
Train loss: 0.7444001125408808 Val loss: 0.13042753587439318 Time: 0.3044380000028468
Train loss: 0.7994631629900679 Val loss: 0.15243661446199158 Time: 0.3050976669983356
Train loss: 0.7336832562505471 Val loss: 0.047161296187944124 Time: 0.306004459001997
Train loss: 0.7992802130318495 Val loss: 0.08168817096871185 Time: 0.30632233299911604
Train loss: 0.6838263995080149 Val loss: 0.14617017037828414 Time: 0.315809084000648
Train loss: 0.777183329945194 Val loss: 0.039035287094121913 Time: 0.30426525000075344
Train loss: 0.730666541240879 Val loss: 0.04298932452380613 Time: 0.30505404099676525
Train loss: 0.6407044862960447 Val loss: 0.14697977008014634 Time: 0.3039600830015843
Train loss: 0.6609817122889723 Val loss: 0.055308160174856964 Time: 0.3049764999996114
Train loss: 0.7109452572012742 Val loss: 0.0470765913218117 Time: 0.30551762499817414
Train loss: 0.7413589480491405 Val loss: 0.12841707328783428 Time: 0.3052487499990093
Train loss: 0.759849708642486 Val loss: 0.1882287721909538 Time: 0.31621425000048475
Train loss: 0.6439332397435855 Val loss: 0.09311458344637645 Time: 0.3054870830019354
Train loss: 0.6788589139801575 Val loss: 0.06257251471389519 Time: 0.3043078330010758
Train loss: 0.6237510248700744 Val loss: 0.0953219203760425 Time: 0.3052600840019295
Train loss: 0.6186060345586704 Val loss: 0.16609815112458423 Time: 0.30431324999881326
Train loss: 0.6069990561836391 Val loss: 0.16705904293428017 Time: 0.3048949999974866
Train loss: 0.6544290188568862 Val loss: 0.11601941412319411 Time: 0.30777820799994515
Train loss: 0.5650828985143619 Val loss: 0.05824702986917754 Time: 0.31095895799808204
Train loss: 0.746764571872518 Val loss: 0.07340760697103577 Time: 0.30479600000035134
Train loss: 0.6649088587687473 Val loss: 0.12254686602817252 Time: 0.3052247920022637
Train loss: 0.6003220265995708 Val loss: 0.14259963980596016 Time: 0.30568679199859616
Train loss: 0.5534056366158095 Val loss: 0.03692291256964102 Time: 0.31546070799959125
Train loss: 0.6318751999619368 Val loss: 0.08774351098649123 Time: 0.30765616599819623
Train loss: 0.5639119238391572 Val loss: 0.15341548702863111 Time: 0.317120083996997
Train loss: 0.4467398696961036 Val loss: 0.15281296208251735 Time: 0.3049352500020177
Train loss: 0.5734206987794886 Val loss: 0.08884687334869068 Time: 0.3048267920021317
Train loss: 0.5254374210554076 Val loss: 0.09171785807088857 Time: 0.30494954100140603
Train loss: 0.49917849956014493 Val loss: 0.17544168379763206 Time: 0.3053012500022305
Train loss: 0.5109012398276782 Val loss: 0.1636656156466784 Time: 0.30502466700272635
Train loss: 0.580202881118673 Val loss: 0.06253129021183192 Time: 0.31456066600003396
Train loss: 0.5862839867728837 Val loss: 0.09528989416646155 Time: 0.39717791699877125
Train loss: 0.5475164729494857 Val loss: 0.10826527225090408 Time: 0.354189249999763
Train loss: 0.6204772389069184 Val loss: 0.22147527595839414 Time: 0.3416982500020822
Train loss: 0.6442705682985235 Val loss: 0.1020585326692017 Time: 0.30642558399995323
Shrinking learning rate to 1e-05
Train loss: 0.4522484720116893 Val loss: 0.13561453784763097 Time: 0.3065895420004381
Train loss: 0.515748505114459 Val loss: 0.12474030287024582 Time: 0.30496470800062525
Train loss: 0.5561688925348616 Val loss: 0.12290315176559007 Time: 0.3206299579978804
Train loss: 0.42543681568099956 Val loss: 0.12314897791754616 Time: 0.34004579199972795
Train loss: 0.46667057912035403 Val loss: 0.11893222262756545 Time: 0.3071000419986376
Train loss: 0.4660268936996559 Val loss: 0.12229467983956131 Time: 0.3060074590030126
Train loss: 0.43963517599328755 Val loss: 0.11709414094215372 Time: 0.3042527500001597
Train loss: 0.45999620685095977 Val loss: 0.12041152746207115 Time: 0.3027464589977171
Train loss: 0.42884893138058544 Val loss: 0.12171945225715387 Time: 0.3053102919984667
Train loss: 0.4895199014577969 Val loss: 0.11585292519898893 Time: 0.3140014170021459
Train loss: 0.44734160490710906 Val loss: 0.11500497316717476 Time: 0.3052534589987772
Train loss: 0.4122094111450032 Val loss: 0.12147731464853966 Time: 0.3050242499994056
Train loss: 0.456140573379912 Val loss: 0.11893358962528341 Time: 0.30379158399955486
Train loss: 0.5431011573224538 Val loss: 0.12161758125279297 Time: 0.30500404199847253
Train loss: 0.5250340520321308 Val loss: 0.12378597455274924 Time: 0.30332437500328524
Train loss: 0.41928487286735305 Val loss: 0.12314138531845999 Time: 0.3153917910021846
Train loss: 0.453782226429408 Val loss: 0.12338744585244368 Time: 0.3052632920007454
Train loss: 0.41930962530102533 Val loss: 0.12626207251439991 Time: 0.3043088330014143
Train loss: 0.515215777977506 Val loss: 0.12337080520031003 Time: 0.35482045900062076
Train loss: 0.4042957861530694 Val loss: 0.12623225920358452 Time: 0.30403245799971046
Train loss: 0.47136081955662534 Val loss: 0.12792614552820605 Time: 0.305049541999324
Train loss: 0.4456617225503976 Val loss: 0.12695576458353544 Time: 0.30337033400064684
Train loss: 0.4270685677985 Val loss: 0.1260989609961515 Time: 0.31623224999930244
Train loss: 0.4239224600111591 Val loss: 0.1294919901352889 Time: 0.30552745800014236
Train loss: 0.42250540344359955 Val loss: 0.12155456430763276 Time: 0.30611383299765293
Train loss: 0.4642949055827046 Val loss: 0.12337945802252434 Time: 0.3032726250021369
Train loss: 0.37469482017482747 Val loss: 0.12717147920703042 Time: 0.3039050839979609
Train loss: 0.42139241334899324 Val loss: 0.12019933051384801 Time: 0.3041025409984286
Train loss: 0.4235277024396886 Val loss: 0.12128033196586921 Time: 0.304196207998757
Train loss: 0.45482834529469285 Val loss: 0.11453023355085404 Time: 0.31354300000020885
Train loss: 0.4379312709009202 Val loss: 0.11335087253364239 Time: 0.3049162499992235
Train loss: 0.4990219149347226 Val loss: 0.11865915297116009 Time: 0.3055203749972861
Train loss: 0.39651289473513884 Val loss: 0.1177803629920747 Time: 0.30340358300236403
Train loss: 0.43138251523351556 Val loss: 0.11878190290847555 Time: 0.305119000000559
Train loss: 0.44560737385452853 Val loss: 0.11320245273022334 Time: 0.3051004170010856
Train loss: 0.38987558238196485 Val loss: 0.11798754205296356 Time: 0.31445700000040233
Shrinking learning rate to 1.0000000000000002e-06
Train loss: 0.44986886836321105 Val loss: 0.12688216100720667 Time: 0.37593620799816563
Train loss: 0.41738911147944435 Val loss: 0.12669100827772414 Time: 0.3080176670009678
Train loss: 0.4739519073834728 Val loss: 0.12734658712638738 Time: 0.3181336250017921
Train loss: 0.4094709070409892 Val loss: 0.12749772082917718 Time: 0.307458792001853
Train loss: 0.4899684854730495 Val loss: 0.12824485670956784 Time: 0.3074342909967527
Train loss: 0.436535197317518 Val loss: 0.12773204607235894 Time: 0.3075522910003201
Train loss: 0.43920572439225225 Val loss: 0.1275692702120201 Time: 0.31877908399837906
Train loss: 0.4215265726493911 Val loss: 0.12726112947226237 Time: 0.3075043340031698
Train loss: 0.47921961563718796 Val loss: 0.12695045369861688 Time: 0.30720854199898895
Train loss: 0.40900821020302125 Val loss: 0.12636913815948164 Time: 0.3058099170011701
Shrinking learning rate to 1.0000000000000002e-07
Learning rate getting small
Complete
 Total time: 50.03401020900128