starting log for model: models/rnn_new_24-25.pth
Train loss: 1.578454189793007 Val loss: 0.8612540602266645 Time: 0.37549254199984716
Train loss: 1.8355968209219844 Val loss: 0.8220304659852539 Time: 0.3458969579951372
Train loss: 1.4878917921652146 Val loss: 0.8210782825420355 Time: 0.33360379199439194
Train loss: 1.3989221610950153 Val loss: 0.7945916362370503 Time: 0.3235388749963022
Train loss: 1.2351605667677177 Val loss: 0.7580469955428906 Time: 0.32561883400194347
Train loss: 1.1937346263917554 Val loss: 0.7833215166691789 Time: 0.3231809999997495
Train loss: 1.166536530781471 Val loss: 0.7466841962304779 Time: 0.36704379100410733
Train loss: 1.1502368885444412 Val loss: 0.7707832255103843 Time: 0.3210912919967086
Train loss: 1.110498031053146 Val loss: 0.7403449696820853 Time: 0.32222162499965634
Train loss: 1.0828292482248116 Val loss: 0.7489272667934986 Time: 0.32811545800359454
Train loss: 1.026361324389267 Val loss: 0.7384695982214965 Time: 0.3226767079977435
Train loss: 1.0013354693005994 Val loss: 0.728857747632595 Time: 0.31853283300006296
Train loss: 0.9753487074132785 Val loss: 0.7274986533709832 Time: 0.36827479200292146
Train loss: 0.9395334054667508 Val loss: 0.7129431106007367 Time: 0.32033824999962235
Train loss: 0.921843689253335 Val loss: 0.727344536926698 Time: 0.3204548329958925
Train loss: 0.9076263005993042 Val loss: 0.7068115014472344 Time: 0.32757745800336124
Train loss: 0.8885258946944605 Val loss: 0.6991934516829813 Time: 0.3091574169957312
Train loss: 0.888707923016181 Val loss: 0.7029301420212993 Time: 0.3069379999942612
Train loss: 0.8645201011228671 Val loss: 0.7319563188930949 Time: 0.3075525419990299
Train loss: 0.8586165925592653 Val loss: 0.7165908969084708 Time: 0.3090765000015381
Train loss: 0.8459516843899308 Val loss: 0.7221245954200702 Time: 0.3076683750041411
Train loss: 0.8323855525807744 Val loss: 0.655599274332681 Time: 0.3139781670033699
Train loss: 0.8394913891099804 Val loss: 0.670385070643538 Time: 0.30883737499971176
Train loss: 0.8175265054398153 Val loss: 0.6642301929191144 Time: 0.30775516699941363
Train loss: 0.8050096738003814 Val loss: 0.646520244883824 Time: 0.3619723330048146
Train loss: 0.8085093985143139 Val loss: 0.6884163510108086 Time: 0.30850116700457875
Train loss: 0.7886546760975826 Val loss: 0.6169057467383438 Time: 0.4143717920014751
Train loss: 0.7899267557216376 Val loss: 0.6638546033839416 Time: 0.3070803330047056
Train loss: 0.7693559176792775 Val loss: 0.6493822890134394 Time: 0.314016290998552
Train loss: 0.7508075769222755 Val loss: 0.5929161057451818 Time: 0.3074586669972632
Train loss: 0.752441771880072 Val loss: 0.5921999230112097 Time: 0.3071179589969688
Train loss: 0.7346559178863004 Val loss: 0.5902553422059996 Time: 0.30632516700279666
Train loss: 0.7266458853782964 Val loss: 0.618504226003307 Time: 0.30748624999978347
Train loss: 0.72477749643161 Val loss: 0.6657563449663639 Time: 0.30692583299969556
Train loss: 0.7227469746230781 Val loss: 0.6632309740447148 Time: 0.3130474999998114
Train loss: 0.7218804614602377 Val loss: 0.621671587350812 Time: 0.30781841600401094
Train loss: 0.696481621500916 Val loss: 0.5709684799703909 Time: 0.30548608300159685
Train loss: 0.7093296390873292 Val loss: 0.5906813456419411 Time: 0.30579066700011026
Train loss: 0.6901941497796109 Val loss: 0.5694982835399396 Time: 0.3062709579971852
Train loss: 0.7717082350047519 Val loss: 0.7178099547784198 Time: 0.3047630000000936
Train loss: 0.7678098451264646 Val loss: 0.6819919112393934 Time: 0.3051484580064425
Train loss: 0.7673000265307408 Val loss: 0.47706877530077807 Time: 0.3128388749973965
Train loss: 0.8041760836115941 Val loss: 0.4081575629699867 Time: 0.3062939169976744
Train loss: 0.8924063049153972 Val loss: 0.6498134887216279 Time: 0.3048284579999745
Train loss: 0.746524082394945 Val loss: 0.7598690008974505 Time: 0.30474491699715145
Train loss: 0.7787002693555165 Val loss: 0.5890125843481093 Time: 0.3100310419977177
Train loss: 0.7521782830016264 Val loss: 0.5052370590078316 Time: 0.30729237500054296
Train loss: 0.8310800824519617 Val loss: 0.6630085084050387 Time: 0.3071838329997263
Shrinking learning rate to 1e-05
Train loss: 0.882702305731506 Val loss: 0.56521651853547 Time: 0.3760573750041658
Train loss: 0.7848188846166977 Val loss: 0.567260678819159 Time: 0.3119113329958054
Train loss: 0.7546992392973522 Val loss: 0.5680739619733941 Time: 0.30535954099468654
Train loss: 0.7341830049863631 Val loss: 0.5677604165213541 Time: 0.30597037500410806
Train loss: 0.7188086296679208 Val loss: 0.5675430793531647 Time: 0.3038574169986532
Train loss: 0.7062208477483551 Val loss: 0.5671531931704167 Time: 0.3939069159969222
Train loss: 0.6960866785114845 Val loss: 0.5662677750579485 Time: 0.316407333004463
Train loss: 0.6856675212036851 Val loss: 0.565732339914613 Time: 0.30523245899530593
Train loss: 0.6777608082313265 Val loss: 0.5650296854366417 Time: 0.3061849999940023
Train loss: 0.6705282962506267 Val loss: 0.5646126125510879 Time: 0.3053089579989319
Train loss: 0.6646787281738256 Val loss: 0.5640877997923834 Time: 0.30782449999969685
Train loss: 0.6588925295931691 Val loss: 0.5640705845121519 Time: 0.3048387500020908
Train loss: 0.6531043470016584 Val loss: 0.562523377816275 Time: 0.3108567919989582
Train loss: 0.646139774810095 Val loss: 0.5625951719343618 Time: 0.3074305420013843
Train loss: 0.6402076891204551 Val loss: 0.561820478742955 Time: 0.3061323750007432
Train loss: 0.6350774377303878 Val loss: 0.5638605543492798 Time: 0.30584291699778987
Train loss: 0.6307652438384643 Val loss: 0.5617246795321718 Time: 0.3083116250054445
Train loss: 0.6267282571944008 Val loss: 0.5605289752257684 Time: 0.3061987080000108
Train loss: 0.6227400580718787 Val loss: 0.5596552325597475 Time: 0.30631575000006706
Train loss: 0.6194057740321668 Val loss: 0.5587208355698348 Time: 0.3146636249948642
Train loss: 0.614881432442342 Val loss: 0.5579171817621332 Time: 0.3060295409959508
Train loss: 0.6114429117666447 Val loss: 0.5576209027805379 Time: 0.3061990829955903
Train loss: 0.608393255974164 Val loss: 0.5572310465618657 Time: 0.34123366600397276
Train loss: 0.605438561851912 Val loss: 0.5599978814408547 Time: 0.33071020799980033
Train loss: 0.602693191135586 Val loss: 0.5588011865629546 Time: 0.3304838749972987
Train loss: 0.5999222359114356 Val loss: 0.5587669239145654 Time: 0.31440837500122143
Train loss: 0.5977966762882261 Val loss: 0.5569920188504826 Time: 0.3151240829974995
Train loss: 0.5933856199286467 Val loss: 0.5601363353474047 Time: 0.31537591599771986
Train loss: 0.5899198788951807 Val loss: 0.5592122381822883 Time: 0.3159112919965992
Train loss: 0.586949166002924 Val loss: 0.5608182496474702 Time: 0.30983216700406047
Train loss: 0.5843829923898198 Val loss: 0.5599294058382481 Time: 0.3118484169972362
Train loss: 0.5816676240998468 Val loss: 0.5592422740854445 Time: 0.3082883750030305
Train loss: 0.579243142400717 Val loss: 0.5614643783472489 Time: 0.3240229590010131
Train loss: 0.5769589488086071 Val loss: 0.559700219765922 Time: 0.3704500000021653
Train loss: 0.5747836690772035 Val loss: 0.5617919655556642 Time: 0.3065974159981124
Train loss: 0.5725038055749607 Val loss: 0.5600860579336026 Time: 0.307103167004243
Train loss: 0.5705112218838408 Val loss: 0.5620109198753687 Time: 0.3060095420005382
Train loss: 0.5682862994627627 Val loss: 0.5599277131288797 Time: 0.30711937500018394
Train loss: 0.5664854110882871 Val loss: 0.5622425066381143 Time: 0.31193112499749986
Train loss: 0.5645358420686453 Val loss: 0.5623071674845315 Time: 0.30884083299315535
Train loss: 0.5625684978117129 Val loss: 0.5604071988320909 Time: 0.306439958003466
Train loss: 0.560707879221173 Val loss: 0.5626247114598627 Time: 0.3059364170039771
Train loss: 0.5588487225709677 Val loss: 0.5630282641881172 Time: 0.30526812500465894
Train loss: 0.5569607634380773 Val loss: 0.56110744333169 Time: 0.30741695900360355
Train loss: 0.5552743762722736 Val loss: 0.5630813950063812 Time: 0.3053261669992935
Train loss: 0.5534343970435742 Val loss: 0.560674910515546 Time: 0.31578004200127907
Train loss: 0.5519326386063277 Val loss: 0.562931031148533 Time: 0.3063619589956943
Train loss: 0.5502512422124255 Val loss: 0.5634651146127337 Time: 0.3056550840046839
Train loss: 0.5486835194645572 Val loss: 0.561231249593897 Time: 0.3059132080015843
Train loss: 0.547048622238286 Val loss: 0.5634596164955825 Time: 0.3063231249980163
Train loss: 0.5455924040716482 Val loss: 0.5640851971431251 Time: 0.3045052079978632
Train loss: 0.5440646966528151 Val loss: 0.5614975554317656 Time: 0.3055935419979505
Train loss: 0.5424877077792871 Val loss: 0.5633892957610737 Time: 0.31239120900136186
Train loss: 0.541166469618318 Val loss: 0.5634148561339282 Time: 0.3058542500002659
Train loss: 0.5397286864717268 Val loss: 0.5646132579202621 Time: 0.30525829199905274
Train loss: 0.5384664511623143 Val loss: 0.5615841995379138 Time: 0.3049704580043908
Train loss: 0.5370379695015473 Val loss: 0.5640455236260522 Time: 0.30801966699800687
Train loss: 0.535732404696919 Val loss: 0.5641358173425967 Time: 0.30583920800563646
Train loss: 0.5345528955354553 Val loss: 0.5647665332958657 Time: 0.31415166599617805
Train loss: 0.5332290080602837 Val loss: 0.5618936180779457 Time: 0.32791708299919264
Train loss: 0.5319947913015746 Val loss: 0.5637546784173194 Time: 0.3091042500018375
Train loss: 0.5308858907477259 Val loss: 0.5645018202203186 Time: 0.3112230830010958
Train loss: 0.529616029759528 Val loss: 0.5650719776348775 Time: 0.30810395900334697
Train loss: 0.5284587462210555 Val loss: 0.5658314841016229 Time: 0.30680116599978646
Train loss: 0.5274548285923277 Val loss: 0.5637943859774074 Time: 0.30958320799982175
Train loss: 0.526220694818516 Val loss: 0.5650590683942681 Time: 0.3141748749985709
Train loss: 0.5251546997891063 Val loss: 0.5659272502314795 Time: 0.31543820800288813
Train loss: 0.5240262444589929 Val loss: 0.5668244136357463 Time: 0.3135402920015622
Train loss: 0.52294824814786 Val loss: 0.5649392485350325 Time: 0.3155658749965369
Train loss: 0.5220317502534453 Val loss: 0.5661450765707169 Time: 0.33589437499904307
Train loss: 0.5208405378679553 Val loss: 0.5670310958372279 Time: 0.34152683400316164
Train loss: 0.5200714116106475 Val loss: 0.567377368029869 Time: 0.3179946669988567
Train loss: 0.5189125217297514 Val loss: 0.5656701801697873 Time: 0.31289212499541463
Train loss: 0.5179171351178908 Val loss: 0.5670440861274398 Time: 0.31135729199741036
Train loss: 0.5170585049788485 Val loss: 0.5675038608973887 Time: 0.3088151249976363
Train loss: 0.5160694976209674 Val loss: 0.5680981132225917 Time: 0.30959445900225546
Train loss: 0.515145801437086 Val loss: 0.5686273469286057 Time: 0.3113974999942002
Train loss: 0.5142084169803383 Val loss: 0.5663706823570389 Time: 0.30797741599963047
Train loss: 0.5132834959165127 Val loss: 0.568135260755508 Time: 0.31809200000134297
Train loss: 0.5123480007770018 Val loss: 0.5689044602326919 Time: 0.31074516700027743
Train loss: 0.5113675292769297 Val loss: 0.5697362881969628 Time: 0.31010466699808603
Train loss: 0.5106654017529877 Val loss: 0.567185130229684 Time: 0.3081746669995482
Train loss: 0.509649848918194 Val loss: 0.5689253418825454 Time: 0.308054874993104
Train loss: 0.5087883052320734 Val loss: 0.5698518171149465 Time: 0.3212640830024611
Train loss: 0.5080021924450477 Val loss: 0.5702808580788232 Time: 0.3194408330018632
Train loss: 0.5071582435316948 Val loss: 0.5709214155948287 Time: 0.33322466700337827
Train loss: 0.506191596692986 Val loss: 0.568779351829978 Time: 0.31424491699726786
Train loss: 0.5055433644992755 Val loss: 0.5701309467033528 Time: 0.3130232499970589
Train loss: 0.5047322061264099 Val loss: 0.5714420960945473 Time: 0.31491874999483116
Train loss: 0.503812650517439 Val loss: 0.5714586209687023 Time: 0.3127703330028453
Train loss: 0.5029576160252454 Val loss: 0.5693978100489966 Time: 0.30821370899502654
Train loss: 0.5023270592415088 Val loss: 0.5709207386703867 Time: 0.320681124998373
Train loss: 0.5013985296684433 Val loss: 0.5713229729882323 Time: 0.3144113749949611
Train loss: 0.5006540103553974 Val loss: 0.5729529651073099 Time: 0.31340154099598294
Train loss: 0.4997498220373615 Val loss: 0.5733040683208284 Time: 0.3510586670017801
Train loss: 0.4988385624659355 Val loss: 0.5707521595003521 Time: 0.5242352080022101
Train loss: 0.4984162721093739 Val loss: 0.5724972009576876 Time: 0.33022075000189943
Train loss: 0.4975412319927548 Val loss: 0.5729714525877044 Time: 0.33274079200054985
Train loss: 0.49662930891007306 Val loss: 0.5741476532701223 Time: 0.3265354169998318
Train loss: 0.4958817298774072 Val loss: 0.5747919014285361 Time: 0.32623474999854807
Train loss: 0.495072046995182 Val loss: 0.5723143855479491 Time: 0.31973399999696994
Train loss: 0.49440357129239754 Val loss: 0.5739245220376324 Time: 0.31954016600502655
Complete
 Total time: 47.86963041600393