starting log for model: models/rnn_fcast_23_new_22-23.pth
Train loss: 14.364681928404956 Val loss: 1.7365596699906356 Time: 0.30066508399977465
Train loss: 12.997637564177595 Val loss: 1.507477549844651 Time: 0.2767475000000559
Train loss: 10.908193875720947 Val loss: 1.2877553503999648 Time: 0.2990152499996839
Train loss: 7.95480516369666 Val loss: 0.9666493124504472 Time: 0.27219295800023247
Train loss: 6.309829092426684 Val loss: 0.8030878623713625 Time: 0.2732886249996227
Train loss: 5.833240801538949 Val loss: 0.7532798578439177 Time: 0.2725213329995313
Train loss: 5.659661693602445 Val loss: 0.7321810238074473 Time: 0.3243910000001051
Train loss: 5.535938193735959 Val loss: 0.716728614623049 Time: 0.2720909580002626
Train loss: 5.404697942633042 Val loss: 0.702639445234518 Time: 0.27539045800040185
Train loss: 5.278517560059271 Val loss: 0.6889142434266629 Time: 0.27540262500042445
Train loss: 5.164257621363163 Val loss: 0.6764130970395351 Time: 0.2804484580001372
Train loss: 5.054484736499642 Val loss: 0.664337718843245 Time: 0.2734848330001114
Train loss: 4.949555226068071 Val loss: 0.6530291304541436 Time: 0.27808241700040526
Train loss: 4.8514013517030925 Val loss: 0.6423202048650187 Time: 0.2699700000002849
Train loss: 4.751048964114802 Val loss: 0.6318444734467952 Time: 0.27117112500036455
Train loss: 4.654337887785935 Val loss: 0.6214671622987892 Time: 0.2713472080004067
Train loss: 4.557842718728409 Val loss: 0.5848050566815656 Time: 0.27716824999970413
Train loss: 4.4670936128543985 Val loss: 0.571597769360327 Time: 0.2692597079994812
Train loss: 4.375624520581425 Val loss: 0.5588942691691153 Time: 0.2758409589996518
Train loss: 4.2843346982362505 Val loss: 0.5455024293169848 Time: 0.26847429200006445
Train loss: 4.191369374186138 Val loss: 0.5327464829299747 Time: 0.272857083999952
Train loss: 4.106161274690876 Val loss: 0.5204829128938947 Time: 0.2692285829998582
Train loss: 4.023318082749 Val loss: 0.5089213430049454 Time: 0.2697541249999631
Train loss: 3.9419978522925163 Val loss: 0.4976652861715062 Time: 0.26784945800045534
Train loss: 3.8590049530484762 Val loss: 0.48637542496038066 Time: 0.27585958300005586
Train loss: 3.787821085090968 Val loss: 0.47562990780355263 Time: 0.266275291999591
Train loss: 3.7149163116873467 Val loss: 0.4639890428714263 Time: 0.27484766699944885
Train loss: 3.6381737739902604 Val loss: 0.45285122587018795 Time: 0.2675714169999992
Train loss: 3.5706820016077216 Val loss: 0.4423056016333913 Time: 0.26911879099952785
Train loss: 3.499254180304934 Val loss: 0.43144381575284135 Time: 0.26735987499978364
Train loss: 3.4307981119166016 Val loss: 0.4211128213855659 Time: 0.27414779199989425
Train loss: 3.3649914659157574 Val loss: 0.41099534416694 Time: 0.2706938330002231
Train loss: 3.304130760588521 Val loss: 0.40159482612567193 Time: 0.273089667000022
Train loss: 3.2442396708482875 Val loss: 0.4283493006560768 Time: 0.2669239169999855
Train loss: 3.1859347687439197 Val loss: 0.4192488018344648 Time: 0.2768572499999209
Train loss: 3.133267966246239 Val loss: 0.4102604642813878 Time: 0.26918374999968364
Train loss: 3.0705144793677306 Val loss: 0.40056283268619214 Time: 0.2687491249998857
Train loss: 3.0157359307051337 Val loss: 0.3920541928701049 Time: 0.273848666000049
Train loss: 2.9605361921140627 Val loss: 0.38372021028807246 Time: 0.27116887499960285
Train loss: 2.913857195340329 Val loss: 0.3760846627609376 Time: 0.27548825000030774
Train loss: 2.8662636551500356 Val loss: 0.36845288222921396 Time: 0.274491209000189
Train loss: 2.8160739851880194 Val loss: 0.36138544300886755 Time: 0.26953587499974674
Train loss: 2.7728141983471915 Val loss: 0.3551190175538749 Time: 0.27322716700018645
Train loss: 2.7255209339663082 Val loss: 0.3485433968690949 Time: 0.267232915999557
Train loss: 2.6754022220762543 Val loss: 0.3423381166630205 Time: 0.27574620800078264
Train loss: 2.6366595233821517 Val loss: 0.3371383417755687 Time: 0.26904512500004785
Train loss: 2.5964164757050696 Val loss: 0.3322999850159348 Time: 0.27163770900006057
Train loss: 2.5571319793306415 Val loss: 0.32764951338300236 Time: 0.2697211670001707
Train loss: 2.514387565776076 Val loss: 0.3231441327978452 Time: 0.279588875000627
Train loss: 2.4773003553291346 Val loss: 0.31937585598042834 Time: 0.2673762500007797
Train loss: 2.43780582807932 Val loss: 0.3157043135536726 Time: 0.2753895839996403
Train loss: 2.400850218174453 Val loss: 0.3125144777979118 Time: 0.26884879099998216
Train loss: 2.367799391898977 Val loss: 0.3099798954073121 Time: 0.2725243330005469
Train loss: 2.3310578877749832 Val loss: 0.3075021401268654 Time: 0.26729279099981795
Train loss: 2.289700701344554 Val loss: 0.3050190726155153 Time: 0.2815675830006512
Train loss: 2.2533629765860836 Val loss: 0.30293960724238334 Time: 0.275535249999848
Train loss: 2.2233986016257408 Val loss: 0.3018024187491699 Time: 0.279613791999509
Train loss: 2.1832175036223234 Val loss: 0.29979577354088277 Time: 0.2770597500002623
Train loss: 2.156700610170816 Val loss: 0.29902182531222543 Time: 0.2812543329991968
Train loss: 2.1232110388086767 Val loss: 0.29782452184268626 Time: 0.2703736659996139
Train loss: 2.0885355866845625 Val loss: 0.296290297850622 Time: 0.27841958299995895
Train loss: 2.0564925690529923 Val loss: 0.2949075683696107 Time: 0.27301245800026663
Train loss: 2.0261040227174973 Val loss: 0.2938333632062937 Time: 0.28542666700013797
Train loss: 1.995067161453477 Val loss: 0.2927409268498822 Time: 0.2692823329998646
Train loss: 1.9662826168326717 Val loss: 0.2920320720162167 Time: 0.2796968749998996
Train loss: 1.933043386544238 Val loss: 0.2909402546494659 Time: 0.2751676249999946
Train loss: 1.9030354750275045 Val loss: 0.2903050434726454 Time: 0.27176091599994834
Train loss: 1.8719765663356975 Val loss: 0.2890911988378104 Time: 0.2756498329999886
Train loss: 1.8445305198482322 Val loss: 0.2881587769732759 Time: 0.27118366600006993
Train loss: 1.8166364738872423 Val loss: 0.2881054278251585 Time: 0.2750316660003591
Train loss: 1.791017208897423 Val loss: 0.28758929425276214 Time: 0.27340054199976294
Train loss: 1.7614672977892951 Val loss: 0.2870028530946429 Time: 0.27264904100047715
Train loss: 1.7366290059444038 Val loss: 0.2861578779830239 Time: 0.26670608299991727
Train loss: 1.7091133921232071 Val loss: 0.2850445897133917 Time: 0.2750288750003165
Train loss: 1.6822873299695527 Val loss: 0.2839371978767813 Time: 0.26815870799964614
Train loss: 1.6486989249425221 Val loss: 0.28263277563270905 Time: 0.27092083299976366
Train loss: 1.6211548282414912 Val loss: 0.2817079839706631 Time: 0.277542750000066
Train loss: 1.6035927881591903 Val loss: 0.2805623792500571 Time: 0.26824233299976186
Train loss: 1.5768632647530167 Val loss: 0.27956395077092605 Time: 0.27731450000010227
Train loss: 1.5564787695852687 Val loss: 0.27930122329154916 Time: 0.28222612500030664
Train loss: 1.5316187979909017 Val loss: 0.27854768551018405 Time: 0.29254854200007685
Train loss: 1.5137977270842775 Val loss: 0.2787317501385459 Time: 0.2722259579995807
Train loss: 1.487986310185982 Val loss: 0.2768879730602753 Time: 0.2751229579998835
Train loss: 1.470584534231051 Val loss: 0.27587723018148014 Time: 0.2663650829999824
Train loss: 1.4424160478494912 Val loss: 0.27287938993253796 Time: 0.2714028749996942
Train loss: 1.428112571271818 Val loss: 0.2721795003279319 Time: 0.2716085419997398
Train loss: 1.4197120180260328 Val loss: 0.27184597087517254 Time: 0.2683324999998149
Train loss: 1.390405353766659 Val loss: 0.26940614145867403 Time: 0.26610687500033237
Train loss: 1.3769594247351549 Val loss: 0.2684438387393832 Time: 0.2731612919997133
Train loss: 1.3577788622228582 Val loss: 0.2668990776905121 Time: 0.26734866599963425
Train loss: 1.3466975953054967 Val loss: 0.2657572433823011 Time: 0.3153440829992178
Train loss: 1.330045784774492 Val loss: 0.265313492621584 Time: 0.2705281670005206
Train loss: 1.3135821914815828 Val loss: 0.2634443164899747 Time: 0.2759021669999129
Train loss: 1.3050014620047696 Val loss: 0.2629342546348981 Time: 0.2700841669993679
Train loss: 1.2879773657049576 Val loss: 0.26262858226440966 Time: 0.2677097089999734
Train loss: 1.275536751776281 Val loss: 0.26084456809100576 Time: 0.27110616600020876
Train loss: 1.2563139757973758 Val loss: 0.25933773455344294 Time: 0.2682699169999978
Train loss: 1.2567661033403832 Val loss: 0.26003951143906445 Time: 0.2685678330008159
Train loss: 1.237327392826724 Val loss: 0.2577446974062201 Time: 0.268619917000251
Train loss: 1.22840721789715 Val loss: 0.2572581168480014 Time: 0.27004649999980757
Train loss: 1.2079040728646895 Val loss: 0.2538812858819326 Time: 0.2676260420003018
Train loss: 1.2122659834888196 Val loss: 0.2551404586166887 Time: 0.30478237499937677
Train loss: 1.1998139463768338 Val loss: 0.2541427160425317 Time: 0.2697864589999881
Train loss: 1.1836307860824888 Val loss: 0.25204286672272563 Time: 0.26728033299968956
Train loss: 1.1868798740256477 Val loss: 0.25430714972480595 Time: 0.27057741600037843
Train loss: 1.166201520430015 Val loss: 0.2517352149570675 Time: 0.26760837500023626
Train loss: 1.160860271750792 Val loss: 0.2552309651497942 Time: 0.2735539579998658
Train loss: 1.141538511983451 Val loss: 0.2527135723137422 Time: 0.2683965000005628
Train loss: 1.1453272107060926 Val loss: 0.25454283491732155 Time: 0.2706836249999469
Train loss: 1.130474274953114 Val loss: 0.25442614875213876 Time: 0.2654541669999162
Train loss: 1.119857205103429 Val loss: 0.2537714247360708 Time: 0.2673837909997019
Train loss: 1.1061428576607464 Val loss: 0.2523087344981548 Time: 0.2660239580000052
Train loss: 1.1065061262492655 Val loss: 0.2530308396352665 Time: 0.2695382920001066
Train loss: 1.088340164069066 Val loss: 0.25139699009136857 Time: 0.2734022080003342
Train loss: 1.0847804090805315 Val loss: 0.25300212948823175 Time: 0.2715847500003292
Train loss: 1.0682206803149032 Val loss: 0.25020354506859377 Time: 0.2692415829997117
Train loss: 1.064348357056815 Val loss: 0.2516539692476927 Time: 0.2675410419997206
Train loss: 1.0575232679338598 Val loss: 0.24764701339887293 Time: 0.270344374999695
Train loss: 1.0392518470853815 Val loss: 0.24804589477704792 Time: 0.26767266699971515
Train loss: 1.0351427256746888 Val loss: 0.2489015656770541 Time: 0.2667480419995627
Train loss: 1.0203599106749266 Val loss: 0.24798153478563031 Time: 0.2691424169997845
Train loss: 1.0163550741067198 Val loss: 0.24694803050139785 Time: 0.2697845419997975
Train loss: 1.00897223829364 Val loss: 0.24833339659817266 Time: 0.2869965420004519
Train loss: 1.0031628710601694 Val loss: 0.24676113624358237 Time: 0.26874750000024505
Train loss: 0.9966015429447912 Val loss: 0.2469914293569483 Time: 0.2692056670002785
Train loss: 0.9978502023537352 Val loss: 0.24601446257551415 Time: 0.26667387500037876
Train loss: 0.9755726582360504 Val loss: 0.24339321239218076 Time: 0.2671142499993948
Train loss: 0.9872859565758958 Val loss: 0.24415287175472655 Time: 0.26858124999944266
Train loss: 0.9740302643810423 Val loss: 0.24823640548186493 Time: 0.26654899999994086
Train loss: 0.9757314810622688 Val loss: 0.24362399042656432 Time: 0.2710679589999927
Train loss: 0.9542744633671951 Val loss: 0.25113803448383354 Time: 0.2702942500000063
Train loss: 0.9572288740118857 Val loss: 0.2469534274884363 Time: 0.26629941600003804
Train loss: 0.9435364365267276 Val loss: 0.24734368724001324 Time: 0.2689465840003322
Train loss: 0.9409802886680598 Val loss: 0.2448330223705226 Time: 0.2675357090001853
Train loss: 0.9383416785688823 Val loss: 0.2465014076828223 Time: 0.2698322090000147
Train loss: 0.9356375466498754 Val loss: 0.24791702882457262 Time: 0.26632537500063336
Train loss: 0.920781787955022 Val loss: 0.2462971084902478 Time: 0.2722905840000749
Train loss: 0.9223869349747451 Val loss: 0.2439101023541088 Time: 0.27390283299973817
Train loss: 0.9084838128478339 Val loss: 0.24155930244534887 Time: 0.2675904999996419
Train loss: 0.9007198509618526 Val loss: 0.24381002021562015 Time: 0.2672260830004234
Train loss: 0.9023493301031529 Val loss: 0.2428255075599188 Time: 0.2688723339997523
Train loss: 0.885190672371504 Val loss: 0.23703791991852677 Time: 0.2725537499991333
Train loss: 0.8906306907229578 Val loss: 0.23846360769773128 Time: 0.26719216700075776
Train loss: 0.8729166773287729 Val loss: 0.23898539286448503 Time: 0.2690979580002022
Train loss: 0.8766862571687426 Val loss: 0.23915339120405338 Time: 0.27078912499928265
Train loss: 0.8656834408412095 Val loss: 0.23515311717122653 Time: 0.2728089160000309
Train loss: 0.8675092955056414 Val loss: 0.2379449883477564 Time: 0.2669852089993583
Train loss: 0.8584014593407387 Val loss: 0.2350830110521058 Time: 0.2759412079994945
Train loss: 0.8510215967754233 Val loss: 0.2331396817415696 Time: 0.2668273749995933
Train loss: 0.8450527675679638 Val loss: 0.23376883669952572 Time: 0.2742365410003913
Train loss: 0.8444248073608023 Val loss: 0.23129499678129892 Time: 0.26631754099980753
Train loss: 0.8369736615183996 Val loss: 0.23316405452936367 Time: 0.2738584999997329
Train loss: 0.8285636722105778 Val loss: 0.2268572553014494 Time: 0.2696704589998262
Train loss: 0.826811155791404 Val loss: 0.41791636723426306 Time: 0.26988395799980935
Train loss: 0.8280110804749938 Val loss: 0.2293735243334821 Time: 0.26836562500011496
Train loss: 0.823977970050521 Val loss: 0.41563821721137617 Time: 0.2661142090000794
Train loss: 0.8106578791412105 Val loss: 0.4123624059131266 Time: 0.271409207999568
Train loss: 0.8032494187277592 Val loss: 0.41227626568259657 Time: 0.2679649159999826
Train loss: 0.7955700136907282 Val loss: 0.4150569049692642 Time: 0.26667120799993427
Train loss: 0.8013503641094673 Val loss: 0.415681468331739 Time: 0.2767999580000833
Train loss: 0.7895148850784368 Val loss: 0.41251319497794825 Time: 0.26866729100038356
Train loss: 0.787884312840113 Val loss: 0.41168861594614253 Time: 0.26697679100016103
Train loss: 0.7837747004607536 Val loss: 0.4120111811352515 Time: 0.27432320800016896
Train loss: 0.779722274276214 Val loss: 0.4137082115013335 Time: 0.26859337499990943
Train loss: 0.7714549830737614 Val loss: 0.41640907530806054 Time: 0.26734770799976104
Train loss: 0.7711268289511111 Val loss: 0.4135227525071168 Time: 0.2700577079995128
Train loss: 0.7632060746267939 Val loss: 0.4121186990701895 Time: 0.2679837089999637
Train loss: 0.7578662357710484 Val loss: 0.41031376908835393 Time: 0.26831549999951676
Train loss: 0.7553749186483338 Val loss: 0.4140500431513259 Time: 0.26979916600066645
Train loss: 0.7450882807259873 Val loss: 0.4130969492605813 Time: 0.26586520900036703
Train loss: 0.7431845233758945 Val loss: 0.4127320317202056 Time: 0.2665698339997107
Train loss: 0.7420440830001365 Val loss: 0.4103970454419901 Time: 0.27317341700018005
Train loss: 0.7346236298445845 Val loss: 0.4122811472012928 Time: 0.26900841600036074
Train loss: 0.7320469779576948 Val loss: 0.4113985043094586 Time: 0.2668222500005868
Train loss: 0.7269114083158605 Val loss: 0.4162094199285942 Time: 0.2721429169996554
Train loss: 0.723190458782164 Val loss: 0.4129561905269595 Time: 0.2670200829998066
Train loss: 0.727590898383454 Val loss: 0.7076798746196817 Time: 0.31432425000002695
Train loss: 0.7744010845683675 Val loss: 0.7091513598687417 Time: 0.2673939579999569
Train loss: 0.7262213099889436 Val loss: 0.7058957390846075 Time: 0.27105925000068964
Train loss: 0.7515647857743877 Val loss: 0.42932905366357954 Time: 0.27040875000056985
Train loss: 0.7194007876547355 Val loss: 0.7105432832649176 Time: 0.2683467080005357
Train loss: 0.8083389764638258 Val loss: 0.7099671244806686 Time: 0.2672624580000047
Train loss: 0.7302282274299365 Val loss: 0.7046666552075492 Time: 0.28322879200004536
Train loss: 0.735108898365965 Val loss: 0.7243191757181424 Time: 0.266368292000152
Train loss: 0.7027393558334794 Val loss: 0.7118535557145427 Time: 0.26749254199967254
Train loss: 0.7088728429475566 Val loss: 0.7147567141646378 Time: 0.2669603750000533
Train loss: 0.6917604642760686 Val loss: 0.707866248839489 Time: 0.26551945800019894
Train loss: 0.7206871152234307 Val loss: 0.7178300711306669 Time: 0.26723508299983223
Train loss: 0.6916807208648699 Val loss: 0.714587709873368 Time: 0.2681057919999148
Train loss: 0.7005351184108433 Val loss: 0.7198954118120651 Time: 0.2705833750005695
Train loss: 0.6664907122893373 Val loss: 0.7083384228948684 Time: 0.2688524580007652
Train loss: 0.6954715662018032 Val loss: 0.7192132049778831 Time: 0.271777750000183
Train loss: 0.6554771163696032 Val loss: 0.7082267363150329 Time: 0.2696620830001848
Train loss: 0.6863402733454507 Val loss: 0.7213313765650657 Time: 0.27202883299923997
Train loss: 0.6464545969608366 Val loss: 0.7087983801015614 Time: 0.2691713329995764
Train loss: 0.6662170332433419 Val loss: 0.7170470119868597 Time: 0.270085791999918
Train loss: 0.6380826319964825 Val loss: 0.7065153371006955 Time: 0.2670417909994285
Train loss: 0.65397368624091 Val loss: 0.7075708625529196 Time: 0.2733589999998003
Train loss: 0.6551842148189237 Val loss: 0.716581266802603 Time: 0.2675051670003086
Train loss: 0.6583499368423844 Val loss: 0.719165715540613 Time: 0.273065041999871
Train loss: 0.6221986911259227 Val loss: 0.7113374046071738 Time: 0.2668976250006381
Train loss: 0.6424894826435832 Val loss: 0.7099030651823569 Time: 0.2766747919995396
Train loss: 0.6163011686079475 Val loss: 0.7046399725273483 Time: 0.27054608299931715
Train loss: 0.6442944355542375 Val loss: 0.7107182561373462 Time: 0.26989941600004386
Train loss: 0.6408107810198127 Val loss: 0.7153883923211919 Time: 0.2689285420001397
Train loss: 0.6051693252466617 Val loss: 0.7115730226991613 Time: 0.26742708300025697
Train loss: 0.6071080429611353 Val loss: 0.70797583893691 Time: 0.26797170900044875
Train loss: 0.596430857413258 Val loss: 0.7084585431302624 Time: 0.2664429169999494
Train loss: 0.5821688013458206 Val loss: 0.7042270469332724 Time: 0.27041095799995674
Train loss: 0.6241240933838768 Val loss: 0.7152219471142344 Time: 0.26863554200008366
Train loss: 0.6262581453805405 Val loss: 0.7205049723147022 Time: 0.26883100000031845
Train loss: 0.5989159358544436 Val loss: 0.7145880974692428 Time: 0.26636608300032094
Train loss: 0.6297610355575927 Val loss: 0.7142681539380485 Time: 0.27400570800000423
Train loss: 0.604819689685204 Val loss: 0.8055404974584847 Time: 0.26571549999971467
Train loss: 0.6090187832439184 Val loss: 0.7081231686376236 Time: 0.2668213750002906
Train loss: 0.6855865703836166 Val loss: 0.7404048511448643 Time: 0.27261395799996535
Train loss: 0.6595345902734095 Val loss: 0.7215236176967526 Time: 0.2679738750002798
Train loss: 0.6178016709358758 Val loss: 0.7161330521656594 Time: 0.27040737500010437
Shrinking learning rate to 1e-05
Train loss: 0.8449561258929026 Val loss: 0.7142972598545655 Time: 0.2677678330001072
Train loss: 0.7120046301980523 Val loss: 0.7129491442644093 Time: 0.26906070799941517
Train loss: 0.6941549131409062 Val loss: 0.7122889812279443 Time: 0.27698858299936546
Train loss: 0.6809957852402704 Val loss: 0.7118620854068872 Time: 0.2675314170001002
Train loss: 0.6696556718707143 Val loss: 0.7116399477274622 Time: 0.2695297919999575
Train loss: 0.6601468022536352 Val loss: 0.7115408470507169 Time: 0.26836058299977594
Train loss: 0.6513956271990082 Val loss: 0.7114578471500868 Time: 0.27153516600083094
Train loss: 0.6437245674587757 Val loss: 0.7114020297162504 Time: 0.26766904199939745
Train loss: 0.6371004723453737 Val loss: 0.7112821873053656 Time: 0.2708021660000668
Train loss: 0.6305822830930907 Val loss: 0.711184775823367 Time: 0.2700357920002716
Shrinking learning rate to 1.0000000000000002e-06
Train loss: 1.1924440201988862 Val loss: 0.7128232153003424 Time: 0.2755549160001465
Train loss: 1.078401085249375 Val loss: 0.7119248333367112 Time: 0.26786908299982315
Train loss: 0.9856686440489426 Val loss: 0.711537801398312 Time: 0.2702802080002584
Train loss: 0.9108165103593997 Val loss: 0.7115296414913381 Time: 0.2670589169993036
Train loss: 0.8520961223700567 Val loss: 0.7117751409891451 Time: 0.26629104199946596
Train loss: 0.8051747462423577 Val loss: 0.712167760595483 Time: 0.27231470799961244
Train loss: 0.7703843698336179 Val loss: 0.7126462681213654 Time: 0.26788329200007865
Train loss: 0.7447942243943482 Val loss: 0.7131397207154138 Time: 0.26843858400025056
Train loss: 0.7259030274720999 Val loss: 0.7135959329007888 Time: 0.27707483299946034
Train loss: 0.7124852204586887 Val loss: 0.7140089217742491 Time: 0.27142133399956947
Shrinking learning rate to 1.0000000000000002e-07
Learning rate getting small
Complete
 Total time: 64.95290512500014