starting log for model: models/rnn_fcast_19_new_22-23.pth
Train loss: 14.300015814023016 Val loss: 1.7268045135547283 Time: 0.3645804580010008
Train loss: 13.382585938396904 Val loss: 1.6485004941482329 Time: 0.28468549999888637
Train loss: 12.330697766117737 Val loss: 1.4814686724442987 Time: 0.27608779200090794
Train loss: 10.79515064196761 Val loss: 1.3307297449834088 Time: 0.2793724580005801
Train loss: 9.06288305761649 Val loss: 1.1583640489688065 Time: 0.2807322500011651
Train loss: 7.724259311393801 Val loss: 1.0359217014220499 Time: 0.28273929199895065
Train loss: 6.932505604118049 Val loss: 0.9178745455734029 Time: 0.27816479099965363
Train loss: 6.593604755732542 Val loss: 0.8812649857361657 Time: 0.27928604199951224
Train loss: 6.390264638114573 Val loss: 0.8572233802299473 Time: 0.2745629170003667
Train loss: 6.217177097657299 Val loss: 0.837086989238519 Time: 0.27611595800044597
Train loss: 6.1007994976564515 Val loss: 0.8221706523659351 Time: 0.28225150000071153
Train loss: 5.975387313795693 Val loss: 0.8068565079230532 Time: 0.2764032089999091
Train loss: 5.852556520767848 Val loss: 0.791934219324384 Time: 0.28458620799938217
Train loss: 5.733543010624402 Val loss: 0.777428154526559 Time: 0.2747727499991015
Train loss: 5.622771302261469 Val loss: 0.7640138999258391 Time: 0.2790184589994169
Train loss: 5.514587094176712 Val loss: 0.7512062154868608 Time: 0.271851624998817
Train loss: 5.406298336516144 Val loss: 0.7380649170714176 Time: 0.27259645800040744
Train loss: 5.2917201829698275 Val loss: 0.7242023417927262 Time: 0.27224158399985754
Train loss: 5.1809216634841615 Val loss: 0.7108546164317833 Time: 0.27677320899965707
Train loss: 5.06446799130693 Val loss: 0.6970850629325143 Time: 0.2744278749996738
Train loss: 4.940044628969715 Val loss: 0.6823773149816861 Time: 0.269071165999776
Train loss: 4.805284888655407 Val loss: 0.6673972848723589 Time: 0.2689932499997667
Train loss: 4.674836619525032 Val loss: 0.6526861886606622 Time: 0.2779027920005319
Train loss: 4.544865329033051 Val loss: 0.6381867216483117 Time: 0.3237733330006449
Train loss: 4.416099871870772 Val loss: 0.5551556097227092 Time: 0.2767425000001822
Train loss: 4.272436998178786 Val loss: 0.5251575369052827 Time: 0.27656545900026686
Train loss: 4.141620925026466 Val loss: 0.5043724617876736 Time: 0.27414041700103553
Train loss: 4.020512807086953 Val loss: 0.4852476287266463 Time: 0.2756037920007657
Train loss: 3.8808975206206924 Val loss: 0.46516178670517283 Time: 0.276738957998532
Train loss: 3.7621535101554855 Val loss: 0.44700761536642386 Time: 0.27573599999959697
Train loss: 3.631729865435913 Val loss: 0.4287505534821837 Time: 0.27015737500005343
Train loss: 3.5109010818637785 Val loss: 0.412272909150825 Time: 0.2740239169997949
Train loss: 3.399194154205797 Val loss: 0.4435093909464922 Time: 0.272011917000782
Train loss: 3.29793046484437 Val loss: 0.4269381724112375 Time: 0.2774854580002284
Train loss: 3.2039943291173643 Val loss: 0.41226995063665983 Time: 0.28015025000058813
Train loss: 3.1060853803813586 Val loss: 0.39799102716268514 Time: 0.2707762919999368
Train loss: 3.0130928951214173 Val loss: 0.38459677280368454 Time: 0.27494524999929126
Train loss: 2.922101970526672 Val loss: 0.3726310202017928 Time: 0.2776335830003518
Train loss: 2.845309824375638 Val loss: 0.3628590663177314 Time: 0.28916724999908183
Train loss: 2.7518143457211925 Val loss: 0.3527241296748246 Time: 0.27896304199930455
Train loss: 2.673581280701171 Val loss: 0.34425354877001 Time: 0.2697526669999206
Train loss: 2.604435171732348 Val loss: 0.33682735670768604 Time: 0.27965308300008473
Train loss: 2.5371032336018686 Val loss: 0.3298273058813424 Time: 0.2737837499989837
Train loss: 2.4727391004130226 Val loss: 0.323499805342277 Time: 0.27550137499929406
Train loss: 2.4173221352191367 Val loss: 0.3179198968347008 Time: 0.27559329200084903
Train loss: 2.3563196065694 Val loss: 0.31248911450372985 Time: 0.27209037499960687
Train loss: 2.3049595521952604 Val loss: 0.3077925208615526 Time: 0.26931662500101083
Train loss: 2.2503504242162826 Val loss: 0.3031848059166897 Time: 0.27790220899987617
Train loss: 2.2022628761829233 Val loss: 0.29919425197492605 Time: 0.2764487080003164
Train loss: 2.1474912584033063 Val loss: 0.29482695762986927 Time: 0.273176250000688
Train loss: 2.0988447035028486 Val loss: 0.29092897350049934 Time: 0.2748929169993062
Train loss: 2.049678473834039 Val loss: 0.2871303468583824 Time: 0.27271283300069626
Train loss: 2.0044607855594734 Val loss: 0.28382862463466635 Time: 0.2695970420008962
Train loss: 1.9541855819009086 Val loss: 0.28015392599222216 Time: 0.276658666000003
Train loss: 1.914674335348593 Val loss: 0.2772646493225686 Time: 0.2714219579993369
Train loss: 1.8718064854111156 Val loss: 0.2743092667448485 Time: 0.2684361669998907
Train loss: 1.8356547125083083 Val loss: 0.27179776727786203 Time: 0.28175287500016566
Train loss: 1.7958937577215721 Val loss: 0.26912397727282616 Time: 0.269087832999503
Train loss: 1.7722498481051847 Val loss: 0.26762600262086106 Time: 0.27440287500030536
Train loss: 1.7309760233758693 Val loss: 0.264962356447997 Time: 0.27544304200091574
Train loss: 1.6879419617401688 Val loss: 0.2621243271005997 Time: 0.26936504200057243
Train loss: 1.6792808644056212 Val loss: 0.26158137692352085 Time: 0.27449841700035904
Train loss: 1.6392215226965803 Val loss: 0.2590901073600343 Time: 0.2703999580007803
Train loss: 1.6040560332168323 Val loss: 0.25696145257454023 Time: 0.27529620800123666
Train loss: 1.5723638674186944 Val loss: 0.25498572561753596 Time: 0.2761389999996027
Train loss: 1.5354821629937758 Val loss: 0.25275938750357235 Time: 0.2726564580007107
Train loss: 1.5004741322979385 Val loss: 0.2507099192443603 Time: 0.2677135419999104
Train loss: 1.4823933411840082 Val loss: 0.24956893613246717 Time: 0.27455495899994276
Train loss: 1.4492269921450003 Val loss: 0.24758774374047082 Time: 0.2746315420008614
Train loss: 1.4151629860585064 Val loss: 0.24541170609117396 Time: 0.2732897090008919
Train loss: 1.375664840423802 Val loss: 0.24312925446051373 Time: 0.2698435000002064
Train loss: 1.3481698038501833 Val loss: 0.24146349095398761 Time: 0.2774300829987624
Train loss: 1.3108951185775304 Val loss: 0.23942864781809114 Time: 0.2768741250001767
Train loss: 1.288396827571745 Val loss: 0.23809031086331472 Time: 0.27106266699956905
Train loss: 1.2607904395132588 Val loss: 0.2365458851221448 Time: 0.26964870799929486
Train loss: 1.2336678223891528 Val loss: 0.235086495733661 Time: 0.2784213329996419
Train loss: 1.2130763216782405 Val loss: 0.2339403772314176 Time: 0.2728850000003149
Train loss: 1.2066740706613928 Val loss: 0.23358747569888877 Time: 0.27358133400048246
Train loss: 1.1823651029182294 Val loss: 0.23235682639467417 Time: 0.27709458299977996
Train loss: 1.166825993419872 Val loss: 0.23163768702703377 Time: 0.27255679100017005
Train loss: 1.1494445905723296 Val loss: 0.2308125995163485 Time: 0.27153508300034446
Train loss: 1.1324529449251886 Val loss: 0.22991639269662395 Time: 0.27100783300011244
Train loss: 1.1184941219110844 Val loss: 0.229268933438569 Time: 0.27087924999977986
Train loss: 1.105729737773764 Val loss: 0.22863290459953792 Time: 0.28079287500077044
Train loss: 1.0925902983662112 Val loss: 0.2279871819602751 Time: 0.2728722910014767
Train loss: 1.0851822282293377 Val loss: 0.227668552596854 Time: 0.2744869159996597
Train loss: 1.0737890042632046 Val loss: 0.22707881741568461 Time: 0.2750567500006582
Train loss: 1.0628084852507378 Val loss: 0.22650228642874487 Time: 0.2785485410004185
Train loss: 1.052879293790106 Val loss: 0.2260220238813133 Time: 0.2729817079998611
Train loss: 1.0533400704634346 Val loss: 0.22604261142739823 Time: 0.2697774999996909
Train loss: 1.0423109827268426 Val loss: 0.22553259795660993 Time: 0.2683341249994555
Train loss: 1.0330058102613577 Val loss: 0.2251342305777841 Time: 0.27136495800004923
Train loss: 1.0223895557705056 Val loss: 0.224823093126479 Time: 0.2759519999999611
Train loss: 1.0120682083692571 Val loss: 0.22443506376997988 Time: 0.2725105000008625
Train loss: 1.0020512868906408 Val loss: 0.22419003055666295 Time: 0.27635970800110954
Train loss: 0.9950547875187115 Val loss: 0.22405146541565796 Time: 0.2792570000001433
Train loss: 0.9853277397782492 Val loss: 0.22401276086784505 Time: 0.27246083299905877
Train loss: 0.9778414468584844 Val loss: 0.22448893172169262 Time: 0.271130125000127
Train loss: 0.9619976482260597 Val loss: 0.22437739727586278 Time: 0.26978083299945865
Train loss: 0.9551357400021914 Val loss: 0.22469315286849675 Time: 0.27357866700003797
Train loss: 0.9408690127291024 Val loss: 0.2242389893314355 Time: 0.2725693329994101
Train loss: 0.9350214624004352 Val loss: 0.22464671368958863 Time: 0.2720461660010187
Train loss: 0.9259459842495517 Val loss: 0.22464192292201646 Time: 0.2745739580004738
Train loss: 0.9154277905035748 Val loss: 0.22436137782718074 Time: 0.27118370900097943
Train loss: 0.9097793745714853 Val loss: 0.22520258857653577 Time: 0.27109262500016484
Train loss: 0.8973858787947222 Val loss: 0.2252132326222011 Time: 0.27163637500052573
Train loss: 0.8958729806325243 Val loss: 0.22537871069129176 Time: 0.27812166699914087
Train loss: 0.8869541160576659 Val loss: 0.22585802464873408 Time: 0.2762364170012006
Train loss: 0.8757075947049779 Val loss: 0.22529046979142706 Time: 0.27491945899964776
Train loss: 0.8710655823920712 Val loss: 0.22591862243806418 Time: 0.2759858749996056
Train loss: 0.8670404632225228 Val loss: 0.2263016649610622 Time: 0.2692170840000472
Train loss: 0.8583721451800415 Val loss: 0.22601563144522957 Time: 0.2746471250011382
Train loss: 0.8533595746470937 Val loss: 0.22687353947600808 Time: 0.2712311659997795
Train loss: 0.8448339080923057 Val loss: 0.22690800708481823 Time: 0.31197816699932446
Train loss: 0.8451996963229256 Val loss: 0.22739870727392303 Time: 0.2727830839994567
Train loss: 0.8377004335349625 Val loss: 0.22726617393269932 Time: 0.2690471659989271
Train loss: 0.8336560068742642 Val loss: 0.22818523740017235 Time: 0.27807879200008756
Train loss: 0.8242042165391368 Val loss: 0.22818106005250738 Time: 0.2699175000016112
Train loss: 0.8190636762469694 Val loss: 0.22926375541422359 Time: 0.2748086669998884
Train loss: 0.814449116793881 Val loss: 0.23033389984161462 Time: 0.27223249999951804
Train loss: 0.8087967956117836 Val loss: 0.23061651194949442 Time: 0.27514708299895574
Train loss: 0.7999386124650778 Val loss: 0.23166749012512122 Time: 0.26959391700074775
Train loss: 0.7946277148979455 Val loss: 0.23230877195676744 Time: 0.2692436670004099
Train loss: 0.7878165637833803 Val loss: 0.23242265066942364 Time: 0.27261087499937275
Train loss: 0.7843205287671395 Val loss: 0.2324720291124774 Time: 0.27034870900024544
Train loss: 0.7760291295354591 Val loss: 0.23344042060055878 Time: 0.26948787499895843
Train loss: 0.7676288589833584 Val loss: 0.23402497368724548 Time: 0.2736745830006839
Train loss: 0.7644213419528478 Val loss: 0.23465544920025388 Time: 0.2736052079999354
Train loss: 0.7579339091829995 Val loss: 0.235474776356671 Time: 0.2725983330001327
Train loss: 0.7503698771837017 Val loss: 0.23546333938334987 Time: 0.2738956249995681
Train loss: 0.7519737674004148 Val loss: 0.24203363951631207 Time: 0.2758314999991853
Train loss: 0.7476000396486029 Val loss: 0.24198500756339317 Time: 0.2747020410006371
Train loss: 0.7352985241227259 Val loss: 0.24135925158058052 Time: 0.27118925000104355
Train loss: 0.7278750273428045 Val loss: 0.2427949145311982 Time: 0.2700132499994652
Train loss: 0.7180547506574273 Val loss: 0.2432672247689197 Time: 0.2725289999998495
Train loss: 0.7147120153797175 Val loss: 0.2436468485505974 Time: 0.27359591599997657
Train loss: 0.7059257098351317 Val loss: 0.2436907007693725 Time: 0.2735598340004799
Train loss: 0.6966442600857476 Val loss: 0.24296537300166932 Time: 0.2718434160015022
Train loss: 0.6891113123082562 Val loss: 0.2434236732677832 Time: 0.27260979100174154
Train loss: 0.6797158465358955 Val loss: 0.2451181318930451 Time: 0.2739862500002346
Train loss: 0.6747255168045441 Val loss: 0.24419032368957622 Time: 0.2681976250005391
Train loss: 0.6665149588011019 Val loss: 0.24569020574474046 Time: 0.2700883340003202
Train loss: 0.6605426856197774 Val loss: 0.24571541930342386 Time: 0.2714507920009055
Train loss: 0.6525371061788974 Val loss: 0.24602771334786033 Time: 0.2725103749999107
Train loss: 0.6519580080117295 Val loss: 0.24873240749155243 Time: 0.27218100000027334
Train loss: 0.6460301785922589 Val loss: 0.2471526127005503 Time: 0.2707147500004794
Train loss: 0.6368249434562598 Val loss: 0.24944754606207925 Time: 0.2773179579999123
Train loss: 0.6368561702841475 Val loss: 0.25415815451043877 Time: 0.2755712090001907
Train loss: 0.6305307368435269 Val loss: 0.2501162701594003 Time: 0.27041800000006333
Train loss: 0.6194270273315112 Val loss: 0.2542056758868379 Time: 0.27358970800014504
Train loss: 0.6174470658261697 Val loss: 0.25743922723252344 Time: 0.27004637500067474
Train loss: 0.6154323976457476 Val loss: 0.2567104797976213 Time: 0.27287362500101153
Train loss: 0.6040989776932832 Val loss: 0.2603963028810657 Time: 0.27020762500069395
Train loss: 0.6078889105734788 Val loss: 0.2603901295577391 Time: 0.29112058300052013
Train loss: 0.6006067902624181 Val loss: 0.25447895037007917 Time: 0.26883804199860606
Train loss: 0.5908314768870042 Val loss: 0.2682517640962954 Time: 0.27496870799950557
Train loss: 0.6017661471051738 Val loss: 0.261769219594729 Time: 0.26853537500028324
Train loss: 0.5822885127651638 Val loss: 0.2610050054301801 Time: 0.2775946669989935
Train loss: 0.5832633309678101 Val loss: 0.26845850294690776 Time: 0.27205891700032225
Train loss: 0.5846164596814027 Val loss: 0.26432946973003535 Time: 0.27210829199975706
Train loss: 0.5726693762089212 Val loss: 0.2643572383823862 Time: 0.27825804200074344
Train loss: 0.5704905956854986 Val loss: 0.2684362775704182 Time: 0.2709977499998786
Train loss: 0.5705513337071011 Val loss: 0.2628239588341188 Time: 0.2722270419999404
Train loss: 0.5604417893027858 Val loss: 0.2717227044121273 Time: 0.27169120799953816
Train loss: 0.5656017174564605 Val loss: 0.2727041552266878 Time: 0.2744424579996121
Train loss: 0.5584071635314558 Val loss: 0.2654443205191786 Time: 0.27016079199893284
Train loss: 0.5485924054872555 Val loss: 0.2748805457604354 Time: 0.2750257079987932
Train loss: 0.5544788294471488 Val loss: 0.2743354297956069 Time: 0.26982870800020464
Train loss: 0.5455985149206981 Val loss: 0.27436063470598365 Time: 0.2809999170003721
Train loss: 0.5420658704200463 Val loss: 0.2760405998195001 Time: 0.27171295799962536
Train loss: 0.5409621919409782 Val loss: 0.2719450660373203 Time: 0.27235099999961676
Train loss: 0.5366708913251017 Val loss: 0.28093412635688325 Time: 0.2760796670008858
Train loss: 0.5400392646635552 Val loss: 0.2752634871957425 Time: 0.27000349999980244
Train loss: 0.5270668882034819 Val loss: 0.27364224937903264 Time: 0.2714344579999306
Train loss: 0.5673266477395629 Val loss: 0.30785840383414087 Time: 0.27030637500138255
Train loss: 0.5535021512195044 Val loss: 0.24528890020194555 Time: 0.27036874999976135
Train loss: 0.5320015228263628 Val loss: 0.29398195323372267 Time: 0.27275054100027774
Train loss: 0.5366098845514298 Val loss: 0.26178352575747904 Time: 0.2728032079994591
Train loss: 0.511216495490423 Val loss: 0.2954444886735454 Time: 0.2713163330008683
Train loss: 0.5490124232559683 Val loss: 0.2866625090844952 Time: 0.26930920899940247
Train loss: 0.5511084444328347 Val loss: 0.23207852319387107 Time: 0.2756890830005432
Train loss: 0.5181411618775087 Val loss: 0.3034099292125381 Time: 0.2716599169998517
Train loss: 0.5618478196149965 Val loss: 0.27057446275526514 Time: 0.26779220800017356
Train loss: 0.48816321915282224 Val loss: 0.27148377716042416 Time: 0.277683917000104
Train loss: 0.48461644700702156 Val loss: 0.2876329711265137 Time: 0.27738770799987833
Train loss: 0.49472008426378267 Val loss: 0.2845600031099592 Time: 0.2715914590007742
Train loss: 0.4838272474228802 Val loss: 0.26169190698539124 Time: 0.2727502079997066
Train loss: 0.4902005359242452 Val loss: 0.25616194003214754 Time: 0.2686387089997879
Train loss: 0.4802647810275621 Val loss: 0.2847213583445852 Time: 0.2726010829992447
Train loss: 0.5247462491657018 Val loss: 0.29575033398259065 Time: 0.2716271660010534
Train loss: 0.49149851088123686 Val loss: 0.25269742985711835 Time: 0.2755649580012687
Train loss: 0.4825479235493617 Val loss: 0.2729290996017479 Time: 0.27725408299920673
Train loss: 0.5093353203438831 Val loss: 0.3116877341484853 Time: 0.27462220800043724
Train loss: 0.5045327633197907 Val loss: 0.2867143222947433 Time: 0.2705890420002106
Train loss: 0.5226270645673878 Val loss: 0.2378196463705044 Time: 0.2745062499998312
Train loss: 0.49195298598980486 Val loss: 0.2988346117926882 Time: 0.2694890000002488
Train loss: 0.5741335867912234 Val loss: 0.31612843860408313 Time: 0.2746299579994229
Train loss: 0.46982421508925043 Val loss: 0.26729751574932553 Time: 0.27626012499968056
Train loss: 0.48663787430911043 Val loss: 0.25008389626146305 Time: 0.2717276250004943
Train loss: 0.4839690030343995 Val loss: 0.3090889751844411 Time: 0.2699508749992674
Train loss: 0.5250181145938821 Val loss: 0.3012531167435463 Time: 0.26689441700000316
Train loss: 0.4903673397699517 Val loss: 0.2415555619874731 Time: 0.2757965000000695
Train loss: 0.4684596938232346 Val loss: 0.2832465917058193 Time: 0.2701074169999629
Train loss: 0.5261543483054396 Val loss: 0.32119043735186315 Time: 0.2782262079999782
Train loss: 0.47152020008413587 Val loss: 0.2803057231630693 Time: 0.2723061670003517
Train loss: 0.5075353583908395 Val loss: 0.2358814244247766 Time: 0.2761149999987538
Train loss: 0.4658524281948111 Val loss: 0.29124755013664955 Time: 0.2750932079998165
Train loss: 0.5828721594235731 Val loss: 0.32563805777477206 Time: 0.31705574999978126
Train loss: 0.4619356702394697 Val loss: 0.3416502045364633 Time: 0.27194062499984284
Train loss: 0.4727943021252179 Val loss: 0.25135886922862744 Time: 0.27332241700059967
Train loss: 0.44379653098271654 Val loss: 0.38021891624907966 Time: 0.2734552080000867
Train loss: 0.4847893926633091 Val loss: 0.30015459023316887 Time: 0.2827694999996311
Train loss: 0.48498078120832844 Val loss: 0.23298190982308292 Time: 0.2699791249997361
Train loss: 0.4700741884503259 Val loss: 0.3546134709312574 Time: 0.27788670799964166
Train loss: 0.5147574726188466 Val loss: 0.32911154291013134 Time: 0.27166829199995846
Train loss: 0.4864067147247968 Val loss: 0.366120295561225 Time: 0.2738813329997356
Train loss: 0.5089992777323307 Val loss: 0.23805152947833033 Time: 0.2699110829998972
Train loss: 0.44982590928701427 Val loss: 0.3758235738601307 Time: 0.2712000829997123
Train loss: 0.5447377394468447 Val loss: 0.3972429506840509 Time: 0.27062083300006634
Train loss: 0.43738304689652807 Val loss: 0.34345532865866485 Time: 0.27545529199960583
Train loss: 0.46300811125233865 Val loss: 0.2501861806878841 Time: 0.2713645000003453
Train loss: 0.43400288816243915 Val loss: 0.38526443411913347 Time: 0.2689332909994846
Train loss: 0.4974919815832699 Val loss: 0.3846420581050473 Time: 0.2755996670002787
Train loss: 0.4995379912813078 Val loss: 0.2284524463856425 Time: 0.2701794999993581
Train loss: 0.4755931093086687 Val loss: 0.3670040631574781 Time: 0.26919120800084784
Train loss: 0.5380315124796198 Val loss: 0.4074172571803179 Time: 0.2760493329988094
Train loss: 0.4385524690821896 Val loss: 0.3576949223920892 Time: 0.2707219169988093
Train loss: 0.5067293565380453 Val loss: 0.23875604541818635 Time: 0.2711507080002775
Train loss: 0.4548820683109991 Val loss: 0.39189173533149657 Time: 0.27307199999995646
Train loss: 0.5103681603256502 Val loss: 0.3885144218267206 Time: 0.27565750000030675
Train loss: 0.4914338475505966 Val loss: 0.23193568833519654 Time: 0.2697201249993668
Shrinking learning rate to 1e-05
Train loss: 0.5591448442897331 Val loss: 0.3619178352224127 Time: 0.2730300420007552
Train loss: 0.3961620647827999 Val loss: 0.35513979929027856 Time: 0.2709652499997901
Train loss: 0.38681430425100416 Val loss: 0.3542153011187025 Time: 0.27088799999910407
Train loss: 0.3841691546134882 Val loss: 0.35417726988335463 Time: 0.2759910000004311
Train loss: 0.3823997342894804 Val loss: 0.35424242182355153 Time: 0.27453233300002466
Train loss: 0.3809674058405861 Val loss: 0.3542882417516169 Time: 0.27424908300054085
Train loss: 0.3796421594650532 Val loss: 0.354364352090043 Time: 0.2681073749990901
Train loss: 0.3785679535487978 Val loss: 0.3544501957345504 Time: 0.2738696249998611
Train loss: 0.37755016339306824 Val loss: 0.35450547518049164 Time: 0.2773297919993638
Train loss: 0.3766942783199383 Val loss: 0.35454006488129536 Time: 0.30911891700088745
Train loss: 0.37589516125623845 Val loss: 0.35454805070836837 Time: 0.2776882079997449
Train loss: 0.37515302099659564 Val loss: 0.35457543623153126 Time: 0.2705073329998413
Train loss: 0.3744589130474252 Val loss: 0.3545763827812557 Time: 0.2702717920001305
Train loss: 0.3739108327735785 Val loss: 0.35454702542306643 Time: 0.27450929199949314
Train loss: 0.37322594114393226 Val loss: 0.3545728509854342 Time: 0.2743610829984391
Train loss: 0.3726576715681631 Val loss: 0.3545946595989776 Time: 0.27919529099926876
Train loss: 0.3722504733429082 Val loss: 0.3545814105749715 Time: 0.27567129199997
Train loss: 0.37165897536371006 Val loss: 0.3545878228930864 Time: 0.26894741599971894
Train loss: 0.3711663899529061 Val loss: 0.35455232134398834 Time: 0.27551737500107265
Complete
 Total time: 68.93832095800099