starting log for model: models/rnn_lin1_alpha_0.01_22-23.pth
Train loss: 14.509361087864505 Val loss: 0.8024639908071075 Time: 0.3242586249980377
Train loss: 13.06137329753063 Val loss: 0.7710624281686678 Time: 0.38185108299876447
Train loss: 10.2952072137895 Val loss: 0.6403338663000159 Time: 0.3062965829994937
Train loss: 7.660518769533748 Val loss: 0.5406619146314618 Time: 0.3074286250011937
Train loss: 6.860173052331719 Val loss: 0.49271402281868454 Time: 0.30558470799951465
Train loss: 6.3312977481872394 Val loss: 0.46891206788324047 Time: 0.3064395420005894
Train loss: 5.9767604131433245 Val loss: 0.4499936254332454 Time: 0.3053505000025325
Train loss: 5.905608939473964 Val loss: 0.434389057865916 Time: 0.3147560830002476
Train loss: 5.6867265251752315 Val loss: 0.420332253345016 Time: 0.32005554100032896
Train loss: 5.439400411867268 Val loss: 0.4189430350426621 Time: 0.3077746249982738
Train loss: 5.413860941661767 Val loss: 0.40238700600781085 Time: 0.30545304200131795
Train loss: 5.075543066752051 Val loss: 0.39799781878360707 Time: 0.30567270900064614
Train loss: 5.100258616229972 Val loss: 0.39133324826812577 Time: 0.3063051249991986
Train loss: 4.826680510232165 Val loss: 0.3672067265222987 Time: 0.3045248749986058
Train loss: 4.679397053289719 Val loss: 0.3750592210915149 Time: 0.3155849160029902
Train loss: 4.737906273134342 Val loss: 0.3637509126692462 Time: 0.30510920799861196
Train loss: 4.442785432880589 Val loss: 0.34922286638594685 Time: 0.3060501670006488
Train loss: 4.351572995101776 Val loss: 0.342555767540332 Time: 0.3041836670017801
Train loss: 4.143452569374794 Val loss: 0.3298375445286642 Time: 0.30717599999843515
Train loss: 3.9478093807183647 Val loss: 0.3240603544337945 Time: 0.3076166249993548
Train loss: 3.7505730324154527 Val loss: 0.29558066769539887 Time: 0.306149459000153
Train loss: 3.6807532730954193 Val loss: 0.2871007831032026 Time: 0.3173862920011743
Train loss: 3.5831256905373206 Val loss: 0.28950499598513296 Time: 0.306410417000734
Train loss: 3.3804831388164445 Val loss: 0.2636961865175998 Time: 0.3064896249998128
Train loss: 3.235843109054451 Val loss: 0.244835018609097 Time: 0.3074754160006705
Train loss: 3.312406398280544 Val loss: 0.2164789265069592 Time: 0.30714637500204844
Train loss: 2.805358167849022 Val loss: 0.20391318302595504 Time: 0.3065528750012163
Train loss: 2.73064868721616 Val loss: 0.18027041911047006 Time: 0.3162738339997304
Train loss: 2.4927149225008947 Val loss: 0.20115609805579648 Time: 0.30602716700013843
Train loss: 2.5458092093183495 Val loss: 0.15069380257284162 Time: 0.30459079099819064
Train loss: 2.630503483639746 Val loss: 0.1598659121712964 Time: 0.30497441600164166
Train loss: 2.3185244928391384 Val loss: 0.15315795382408304 Time: 0.3057872919998772
Train loss: 2.387365138246244 Val loss: 0.14386623662901907 Time: 0.30534608300149557
Train loss: 2.0297628002718966 Val loss: 0.14155157342771396 Time: 0.3042822499992326
Train loss: 2.1507081820416776 Val loss: 0.14966429438519638 Time: 0.316156625001895
Train loss: 2.0711018050522796 Val loss: 0.1281536511212289 Time: 0.3048468339984538
Train loss: 2.044216831309063 Val loss: 0.08484781720607133 Time: 0.3058212079995428
Train loss: 2.2206371420652715 Val loss: 0.13706491330079323 Time: 0.30479258299965295
Train loss: 1.8586498967096325 Val loss: 0.0853583339750301 Time: 0.30531887499819277
Train loss: 1.8977308045149783 Val loss: 0.0999203530747845 Time: 0.37953749999724096
Train loss: 1.842193808616706 Val loss: 0.05369853527811037 Time: 0.316984125001909
Train loss: 1.9065804387096748 Val loss: 0.10134836005371675 Time: 0.30521629100257996
Train loss: 1.7151620182406617 Val loss: 0.07734337832023017 Time: 0.30400737499803654
Train loss: 1.9057704064674539 Val loss: 0.11542963285615822 Time: 0.3057367080000404
Train loss: 1.5203355540394905 Val loss: 0.08595455955145334 Time: 0.3055988750020333
Train loss: 1.6708603873904204 Val loss: 0.10742508590459213 Time: 0.30535574999885284
Train loss: 1.458822705888764 Val loss: 0.0959853930289535 Time: 0.3049128750026284
Train loss: 1.49343179489275 Val loss: 0.14472100351053444 Time: 0.3177912089995516
Train loss: 1.4367221473548222 Val loss: 0.08960192063590279 Time: 0.305766917001165
Train loss: 1.5598061359315096 Val loss: 0.10014928154221854 Time: 0.3069078749977052
Train loss: 1.391166560673497 Val loss: 0.06038145680499145 Time: 0.30436333299803664
Train loss: 1.3998965810700028 Val loss: 0.09827727864306823 Time: 0.30641620800088276
Train loss: 1.412355484183994 Val loss: 0.07125039987690764 Time: 0.3050385410024319
Train loss: 1.338366120362725 Val loss: 0.05256510913563833 Time: 0.3037869170002523
Train loss: 1.4528276814586594 Val loss: 0.09642050512548503 Time: 0.31656125000154134
Train loss: 1.1771802407630219 Val loss: 0.07287765657939735 Time: 0.3047071250002773
Train loss: 1.208839836649986 Val loss: 0.10068855179459986 Time: 0.30364662500142003
Train loss: 1.1655011624736886 Val loss: 0.07539870740071986 Time: 0.3047725830001582
Train loss: 1.1108026157842659 Val loss: 0.0627305762870642 Time: 0.3058318330004113
Train loss: 1.140278372134826 Val loss: 0.011404134748870646 Time: 0.30595333299788763
Train loss: 1.1670728037003606 Val loss: 0.08180185778744418 Time: 0.3161162920005154
Train loss: 1.1033387563320645 Val loss: 0.10416681092679679 Time: 0.3070813750018715
Train loss: 1.0702911019793646 Val loss: 0.05332006760883975 Time: 0.3063542909985699
Train loss: 1.0604262545531071 Val loss: 0.11335758919362106 Time: 0.3064503749992582
Train loss: 0.9814909244773844 Val loss: 0.02879662590884313 Time: 0.3048837089991139
Train loss: 1.086554001862737 Val loss: 0.022825728207891083 Time: 0.3575349160018959
Train loss: 1.0999418479275391 Val loss: 0.08880488621439496 Time: 0.3062367499987886
Train loss: 1.0654447282760353 Val loss: 0.012786831490522921 Time: 0.31649395799831836
Train loss: 1.0180201877152157 Val loss: 0.0567537811557879 Time: 0.30508870799894794
Train loss: 0.986848307403875 Val loss: 0.042782033779247663 Time: 0.3060580420024053
Train loss: 1.1559750935326747 Val loss: 0.13110682914640934 Time: 0.30565779199969256
Train loss: 0.903693932226389 Val loss: 0.10551782678975472 Time: 0.30710191699836287
Train loss: 0.8632652497038373 Val loss: 0.08240622429859037 Time: 0.30537045799792395
Train loss: 0.9092715802464832 Val loss: 0.08229905696184621 Time: 0.30686016700201435
Train loss: 0.9503691204353153 Val loss: 0.07106681673015747 Time: 0.3157662919984432
Train loss: 0.8727007924149532 Val loss: 0.05225672053885848 Time: 0.3068426659992838
Train loss: 0.7845254440461531 Val loss: 0.10459489646605609 Time: 0.3052528339976561
Train loss: 0.8674276533437606 Val loss: 0.10431137465425144 Time: 0.305851959001302
Train loss: 0.8948148894183419 Val loss: 0.07181142837743697 Time: 0.30335637499956647
Train loss: 0.8001427941309507 Val loss: 0.06164055039542655 Time: 0.3686904169990157
Train loss: 0.7444001125408808 Val loss: 0.1252255023872694 Time: 0.37633166600062395
Train loss: 0.7994631629900679 Val loss: 0.1473193204949251 Time: 0.3588079580003978
Train loss: 0.7336832562505471 Val loss: 0.030533410699121355 Time: 0.3080020420020446
Train loss: 0.7992802130318495 Val loss: 0.071691840642763 Time: 0.30502879100095015
Train loss: 0.6838263995080149 Val loss: 0.14227942297192092 Time: 0.3053868749993853
Train loss: 0.777183329945194 Val loss: 0.008609309524766778 Time: 0.30607016700014356
Train loss: 0.730666541240879 Val loss: 0.023807255117710174 Time: 0.32678012500036857
Train loss: 0.6407044862960447 Val loss: 0.14358916198581625 Time: 0.31620612500046263
Train loss: 0.6609817122889723 Val loss: 0.04483793265054183 Time: 0.30449291599870776
Train loss: 0.7109452572012742 Val loss: 0.031672414961794605 Time: 0.3060177500010468
Train loss: 0.7413589480491405 Val loss: 0.12317415839439266 Time: 0.30526204200214124
Train loss: 0.759849708642486 Val loss: 0.1845111890622794 Time: 0.30479237500185263
Train loss: 0.6439332397435855 Val loss: 0.08760802251506535 Time: 0.30506591700032004
Train loss: 0.6788589139801575 Val loss: 0.053002650663941935 Time: 0.3134098329974222
Train loss: 0.6237510248700744 Val loss: 0.09029126029529692 Time: 0.3064143329975195
Train loss: 0.6186060345586704 Val loss: 0.16331007190196034 Time: 0.30365245799839613
Train loss: 0.6069990561836391 Val loss: 0.16439114628233137 Time: 0.30513979099850985
Train loss: 0.6544290188568862 Val loss: 0.11150174364446704 Time: 0.304494916999829
Train loss: 0.5650828985143619 Val loss: 0.05124794289839074 Time: 0.3054493329982506
Train loss: 0.746764571872518 Val loss: 0.06364196083783552 Time: 0.3054205419975915
Train loss: 0.6649088587687473 Val loss: 0.11813841575118944 Time: 0.3157915000010689
Train loss: 0.6003220265995708 Val loss: 0.13953397287865094 Time: 0.3050892500032205
Train loss: 0.5534056366158095 Val loss: 0.025065569131655398 Time: 0.31757337499948335
Train loss: 0.6318751999619368 Val loss: 0.082101672798134 Time: 0.33402154199939105
Train loss: 0.5639119238391572 Val loss: 0.15090765282581572 Time: 0.30713254200236406
Train loss: 0.4467398696961036 Val loss: 0.15123762016644623 Time: 0.30540870900222217
Train loss: 0.5734206987794886 Val loss: 0.08428890667902428 Time: 0.3153241670006537
Train loss: 0.5254374210554076 Val loss: 0.08803160073997747 Time: 0.3062105419994623
Train loss: 0.49917849956014493 Val loss: 0.17372896820948666 Time: 0.30559125000218046
Train loss: 0.5109012398276782 Val loss: 0.161740488315537 Time: 0.3044231250023586
Train loss: 0.580202881118673 Val loss: 0.05569773187245747 Time: 0.3048548330007179
Train loss: 0.5862839867728837 Val loss: 0.09085821117931119 Time: 0.30531087499912246
Train loss: 0.5475164729494857 Val loss: 0.10488999420345047 Time: 0.3060390409991669
Train loss: 0.6204772389069184 Val loss: 0.21937939067114556 Time: 0.31336812500012456
Train loss: 0.6442705682985235 Val loss: 0.09705535087860341 Time: 0.3048217499999737
Shrinking learning rate to 1e-05
Train loss: 0.4522484720116893 Val loss: 0.13379250368603599 Time: 0.3075766250003653
Train loss: 0.515748505114459 Val loss: 0.12215462132434425 Time: 0.305239375000383
Train loss: 0.5561688925348616 Val loss: 0.11984493107786985 Time: 0.30511945800026297
Train loss: 0.42543681568099956 Val loss: 0.12137248123115872 Time: 0.30701808300000266
Train loss: 0.46667057912035403 Val loss: 0.11671417286916412 Time: 0.30912383399845567
Train loss: 0.4660268936996559 Val loss: 0.12014472172966052 Time: 0.3314110419996723
Train loss: 0.43963517599328755 Val loss: 0.11509634239128279 Time: 0.30682883400004357
Train loss: 0.45999620685095977 Val loss: 0.11828399858386451 Time: 0.3063370419986313
Train loss: 0.42884893138058544 Val loss: 0.11989260896114702 Time: 0.30603845799851115
Train loss: 0.4895199014577969 Val loss: 0.1133436761171382 Time: 0.3055437500006519
Train loss: 0.44734160490710906 Val loss: 0.11289760416248212 Time: 0.30688062500121305
Train loss: 0.4122094111450032 Val loss: 0.11978705329664255 Time: 0.3147290000015346
Train loss: 0.456140573379912 Val loss: 0.11681542966027764 Time: 0.30669904200112796
Train loss: 0.5431011573224538 Val loss: 0.1186715416128725 Time: 0.3061576670006616
Train loss: 0.5250340520321308 Val loss: 0.12108419253589633 Time: 0.3038023749977583
Train loss: 0.41928487286735305 Val loss: 0.12141614903740149 Time: 0.30587350000132574
Train loss: 0.453782226429408 Val loss: 0.12136827366463596 Time: 0.3033943329974136
Train loss: 0.41930962530102533 Val loss: 0.12457986035930274 Time: 0.3852241659988067
Train loss: 0.515215777977506 Val loss: 0.1207612605965511 Time: 0.31640362499820185
Train loss: 0.4042957861530694 Val loss: 0.12466872528889611 Time: 0.30520312499720603
Train loss: 0.47136081955662534 Val loss: 0.1258247362659359 Time: 0.3060166670002218
Train loss: 0.4456617225503976 Val loss: 0.12506435011912173 Time: 0.31679970800178126
Train loss: 0.4270685677985 Val loss: 0.12435118743488312 Time: 0.30877795899868943
Train loss: 0.4239224600111591 Val loss: 0.12781576938763528 Time: 0.3060560829981114
Train loss: 0.42250540344359955 Val loss: 0.11977932269705291 Time: 0.3147556660005648
Train loss: 0.4642949055827046 Val loss: 0.1212646825728403 Time: 0.3056384999981674
Train loss: 0.37469482017482747 Val loss: 0.12583971640092861 Time: 0.3054139169980772
Train loss: 0.42139241334899324 Val loss: 0.11841329020642008 Time: 0.3807917499980249
Train loss: 0.4235277024396886 Val loss: 0.11949233116141897 Time: 0.3439611249996233
Train loss: 0.45482834529469285 Val loss: 0.11234184091589719 Time: 0.32136404199991375
Train loss: 0.4379312709009202 Val loss: 0.11130201790111038 Time: 0.30725175000043237
Train loss: 0.4990219149347226 Val loss: 0.11611347765022323 Time: 0.31971837500168476
Train loss: 0.39651289473513884 Val loss: 0.11616746517371336 Time: 0.30782087500119815
Train loss: 0.43138251523351556 Val loss: 0.11688679292324024 Time: 0.30641429200113635
Train loss: 0.44560737385452853 Val loss: 0.11107761731428153 Time: 0.3081920420008828
Train loss: 0.38987558238196485 Val loss: 0.11643132290036658 Time: 0.30773458299881895
Shrinking learning rate to 1.0000000000000002e-06
Train loss: 0.44986886836321105 Val loss: 0.12495345527405383 Time: 0.3079593750007916
Train loss: 0.41738911147944435 Val loss: 0.1250299914800866 Time: 0.32995491700057755
Train loss: 0.4739519073834728 Val loss: 0.12521198132570516 Time: 0.30780554200100596
Train loss: 0.4094709070409892 Val loss: 0.12590976689567682 Time: 0.3069475420015806
Train loss: 0.4899684854730495 Val loss: 0.12597847987748295 Time: 0.30583691699939664
Train loss: 0.436535197317518 Val loss: 0.1259290452812151 Time: 0.30609924999953364
Train loss: 0.43920572439225225 Val loss: 0.1257416187998786 Time: 0.3359317499998724
Train loss: 0.4215265726493911 Val loss: 0.125574487500754 Time: 0.30572870899777627
Train loss: 0.47921961563718796 Val loss: 0.12476078806362671 Time: 0.3172678749979241
Train loss: 0.40900821020302125 Val loss: 0.1247704634949226 Time: 0.3073949999998149
Shrinking learning rate to 1.0000000000000002e-07
Learning rate getting small
Complete
 Total time: 50.33065258299757