starting log for model: models/rnn_comb_fcast_24_new_22-23.pth
Train loss: 12.501026777801599 Val loss: 1.5539781202226215 Time: 0.41616870800498873
Train loss: 8.674601320074714 Val loss: 1.1715230220801836 Time: 0.3110844170441851
Train loss: 6.771272568325337 Val loss: 0.9485400141115967 Time: 0.2803949160152115
Train loss: 6.361063628396025 Val loss: 0.8974753461597559 Time: 0.26401462499052286
Train loss: 6.054637166716759 Val loss: 0.8650294995614819 Time: 0.26864895899780095
Train loss: 5.904673546825156 Val loss: 0.8426462947748319 Time: 0.30496716598281637
Train loss: 5.823818423542272 Val loss: 0.8292403130746007 Time: 0.2603746249806136
Train loss: 5.795179369285677 Val loss: 0.8190687123868349 Time: 0.251121457957197
Train loss: 5.3750075437021145 Val loss: 0.7746800096066612 Time: 0.2555914169643074
Train loss: 5.326727420674409 Val loss: 0.7753585450135991 Time: 0.24949362501502037
Train loss: 5.216599928519873 Val loss: 0.7646486538478847 Time: 0.34151008300250396
Train loss: 4.987458974843123 Val loss: 0.7421437369554431 Time: 0.35272912500659004
Train loss: 4.956428024456084 Val loss: 0.7354652997511847 Time: 0.3823467909824103
Train loss: 4.938060946000886 Val loss: 0.7235465133663563 Time: 0.41061420796904713
Train loss: 4.765497812136715 Val loss: 0.7149850898149969 Time: 0.2677353330072947
Train loss: 4.528304007633196 Val loss: 0.6875977546931713 Time: 0.2535448329872452
Train loss: 4.32340263216336 Val loss: 0.6760140639170922 Time: 0.260445958992932
Train loss: 4.441229829697411 Val loss: 0.6410711735937683 Time: 0.24683329195249826
Train loss: 4.0875279339981105 Val loss: 0.6080363302172729 Time: 0.27590891596628353
Train loss: 4.018310581294842 Val loss: 0.5960623580669251 Time: 0.2517518330132589
Train loss: 3.885724246527257 Val loss: 0.5885369440908695 Time: 0.24757149996003136
Train loss: 3.8430758181339044 Val loss: 0.5765006804804027 Time: 0.24680458300281316
Train loss: 3.6197179659831513 Val loss: 0.554100540165217 Time: 0.2531965409871191
Train loss: 3.3875710120942646 Val loss: 0.5410833969593473 Time: 0.25570466701174155
Train loss: 3.247977009626016 Val loss: 0.523150666429914 Time: 0.27181254199240357
Train loss: 3.060156331406792 Val loss: 0.5095471160082129 Time: 0.24574320804094896
Train loss: 2.9652303782738976 Val loss: 0.47925663047548406 Time: 0.26762108301045373
Train loss: 2.9677123150209965 Val loss: 0.4889505529374827 Time: 0.25062187504954636
Train loss: 2.766879892676946 Val loss: 0.4819572302792094 Time: 0.25021308299619704
Train loss: 2.901863294343954 Val loss: 0.4676963842241741 Time: 0.25159341597463936
Train loss: 2.5847971877458633 Val loss: 0.45361622374380467 Time: 0.25033108302159235
Train loss: 2.491821260284362 Val loss: 0.4502518119301541 Time: 0.25573516701115295
Train loss: 2.363698416474179 Val loss: 0.43329497610100276 Time: 0.24973670800682157
Train loss: 2.466218189658875 Val loss: 0.4347003354931789 Time: 0.24992516601923853
Train loss: 2.3443188663610575 Val loss: 0.4434879890451091 Time: 0.32567983301123604
Train loss: 2.11138311845702 Val loss: 0.40673980896773815 Time: 0.2530019169789739
Train loss: 2.2805567296879716 Val loss: 0.40631895799995016 Time: 0.25347225001314655
Train loss: 2.1719151745527867 Val loss: 0.42446132939506587 Time: 0.24811070802388713
Train loss: 1.961891939231478 Val loss: 0.385166057561021 Time: 0.25034349999623373
Train loss: 2.045282841414817 Val loss: 0.3998763006448073 Time: 0.2489819589536637
Train loss: 1.8634834951407049 Val loss: 0.3890243671154627 Time: 0.2520657089771703
Train loss: 1.8549447694613568 Val loss: 0.38552678150066994 Time: 0.2509338750387542
Train loss: 1.730482029334624 Val loss: 0.40711255063902824 Time: 0.2645626660087146
Train loss: 1.761092266065667 Val loss: 0.3792410152376145 Time: 0.2500272920005955
Train loss: 1.6305880326861342 Val loss: 0.3724721804158293 Time: 0.2466016660328023
Train loss: 1.574464035602638 Val loss: 0.3665896399417142 Time: 0.24998554203193635
Train loss: 1.6202632874338612 Val loss: 0.37673902194009956 Time: 0.2510922079673037
Train loss: 1.4772293625709727 Val loss: 0.37871768531654737 Time: 0.26691274996846914
Train loss: 1.5790397923362036 Val loss: 0.3738849421034203 Time: 0.28793433302780613
Train loss: 1.6055758931379387 Val loss: 0.3548774509535187 Time: 0.24826341698644683
Train loss: 1.490460746649969 Val loss: 0.39981941448834385 Time: 0.2809385000145994
Train loss: 1.258023739496494 Val loss: 0.34429901150225756 Time: 0.252110667002853
Train loss: 1.2794276638974877 Val loss: 0.37069136099134814 Time: 0.32245558401336893
Train loss: 1.2541706161820958 Val loss: 0.3459979640645757 Time: 0.2475540000014007
Train loss: 1.1828077204258642 Val loss: 0.34862694300760005 Time: 0.24407916597556323
Train loss: 1.2941850690451173 Val loss: 0.3534017407986229 Time: 0.24305866699432954
Train loss: 1.174568828919817 Val loss: 0.3602245514191027 Time: 0.33338787499815226
Train loss: 1.232712256949199 Val loss: 0.33312392093726206 Time: 0.31357233301969245
Train loss: 1.1725593331339894 Val loss: 0.33356137632339034 Time: 0.27326924999943003
Train loss: 1.2104345845351538 Val loss: 0.3849810952230844 Time: 0.5510069170268252
Train loss: 1.2023930194135914 Val loss: 0.3242202713301834 Time: 0.29732729197712615
Train loss: 1.1120513888747183 Val loss: 0.34221782373719317 Time: 0.2558264590334147
Train loss: 1.0905038064116006 Val loss: 0.35127260655131476 Time: 0.29485879198182374
Train loss: 1.0847479169430514 Val loss: 0.34460855733276935 Time: 0.2518485000473447
Train loss: 1.0401405178050993 Val loss: 0.3579118375227376 Time: 0.2611075000022538
Train loss: 1.101447782830384 Val loss: 0.32284450742363274 Time: 0.25303124997299165
Train loss: 1.0104131413396074 Val loss: 0.34160252758627546 Time: 0.25816470803692937
Train loss: 1.0356753165165395 Val loss: 0.33065387206914154 Time: 0.24900220904964954
Train loss: 0.968992265065503 Val loss: 0.3156597591764189 Time: 0.24546712503070012
Train loss: 1.087187939635446 Val loss: 0.3200927803302736 Time: 0.24307458300609142
Train loss: 0.9624496399826713 Val loss: 0.3339900352482418 Time: 0.2519002500339411
Train loss: 0.9843505706907365 Val loss: 0.32911122309808827 Time: 0.2538843330112286
Train loss: 0.9851644129586354 Val loss: 0.33546039232006936 Time: 0.26940420898608863
Train loss: 0.9156807143805281 Val loss: 0.3146468177386139 Time: 0.24679679196560755
Train loss: 0.7724098759365035 Val loss: 0.31437996556382847 Time: 0.2606719590257853
Train loss: 0.9354102277283722 Val loss: 0.3153288844661691 Time: 0.2968932500225492
Train loss: 0.7963856950008221 Val loss: 0.3260711343469951 Time: 0.24987783300457522
Train loss: 0.8311546207020442 Val loss: 0.3113112017564177 Time: 0.25229262496577576
Train loss: 0.8342903457267994 Val loss: 0.3362148309771658 Time: 0.250349541020114
Train loss: 0.9557654148352892 Val loss: 0.31801954779718034 Time: 0.25134862505365163
Train loss: 0.9242564795803361 Val loss: 0.3200636811914532 Time: 0.2655482920235954
Train loss: 0.8064984539768911 Val loss: 0.31145730681783734 Time: 0.266165875014849
Train loss: 1.0130087420337048 Val loss: 0.31934687761562675 Time: 0.29481695796130225
Train loss: 0.7851081667178903 Val loss: 0.31016461365870257 Time: 0.2731556659564376
Shrinking learning rate to 1e-05
Train loss: 0.9858723527307494 Val loss: 0.3178270479196079 Time: 0.3870689580217004
Train loss: 0.9373675482662449 Val loss: 0.31591328192257645 Time: 0.24991454102564603
Train loss: 0.9481782574093067 Val loss: 0.31739939191688693 Time: 0.2521411250345409
Train loss: 1.0185931441789968 Val loss: 0.3207811365401901 Time: 0.26787108299322426
Train loss: 0.9363947332411016 Val loss: 0.3180833497527491 Time: 0.24274591699941084
Train loss: 0.9194783019799218 Val loss: 0.3179225411295461 Time: 0.24468216596869752
Train loss: 0.8206781023592704 Val loss: 0.3145757654991552 Time: 0.2802171250223182
Train loss: 0.8104185372018762 Val loss: 0.3148532142411203 Time: 0.25741933402605355
Train loss: 0.8680478995391239 Val loss: 0.31620247423322345 Time: 0.2518894170061685
Train loss: 0.863746166056238 Val loss: 0.31752570424266946 Time: 0.2605394590063952
Shrinking learning rate to 1.0000000000000002e-06
Train loss: 1.1161249542175824 Val loss: 0.3236496578176148 Time: 0.2524141669855453
Train loss: 1.0549135281217596 Val loss: 0.3210023080285567 Time: 0.36198062502080575
Train loss: 1.0860978716234442 Val loss: 0.3215288163544495 Time: 0.2842437500366941
Train loss: 1.0910583818644604 Val loss: 0.3213530846117477 Time: 0.2736959169851616
Train loss: 0.976231275522764 Val loss: 0.3173851437614542 Time: 0.34190641599707305
Train loss: 1.0633628528713217 Val loss: 0.3199625495746439 Time: 0.2413560000131838
Train loss: 0.8871299193913416 Val loss: 0.31444159172790337 Time: 0.24615658400580287
Train loss: 0.9808789482911209 Val loss: 0.3170500082947469 Time: 0.2432305829715915
Train loss: 0.9760738588686593 Val loss: 0.3168617755242879 Time: 0.2533608330413699
Train loss: 0.9293806249658019 Val loss: 0.315340923994032 Time: 0.25280029099667445
Shrinking learning rate to 1.0000000000000002e-07
Learning rate getting small
Complete
 Total time: 28.569520915974863