starting log for model: models\rnn_lin1_new_24-25.pth
Train loss: 1.7683917392794797 Val loss: 0.6245456631688794 Time: 3.485373599920422
Train loss: 2.4618288061747364 Val loss: 0.5808084635620542 Time: 1.534438900067471
Train loss: 1.7776776527830478 Val loss: 0.46467026447683546 Time: 3.1222292999736965
Train loss: 1.594635905994176 Val loss: 0.502760982249035 Time: 2.217883300036192
Train loss: 1.4802159176670493 Val loss: 0.43578192255735043 Time: 1.5907024999614805
Train loss: 1.4576514038370378 Val loss: 0.48159537390530566 Time: 1.8214661000529304
Train loss: 1.5217454107921187 Val loss: 0.5236265609423013 Time: 1.5549179000081494
Train loss: 1.4267991000098732 Val loss: 0.49462126710639304 Time: 2.1856920000864193
Train loss: 1.3644134007048487 Val loss: 0.37492726966926754 Time: 1.9723539999686182
Train loss: 1.2946888351987837 Val loss: 0.41475070723519464 Time: 1.5524359000846744
Train loss: 1.2786857721545175 Val loss: 0.3786512651172932 Time: 1.0481414999812841
Train loss: 1.237161521097164 Val loss: 0.4915973323793542 Time: 1.5172938000177965
Train loss: 1.1233471946686624 Val loss: 0.4002526059119933 Time: 1.4542377999750897
Train loss: 1.1834314359474565 Val loss: 0.3878835384400645 Time: 1.415663499967195
Train loss: 1.3731506319138598 Val loss: 0.2958703549943826 Time: 1.3727420000359416
Train loss: 1.227402924798497 Val loss: 0.4904187108424907 Time: 1.0825190000468865
Train loss: 1.2492037805925302 Val loss: 0.34802718051401826 Time: 1.1915611999575049
Train loss: 1.0526919617391393 Val loss: 0.33783326609333314 Time: 1.1253189000999555
Train loss: 1.1159640920564158 Val loss: 0.44064285842775314 Time: 1.245630000019446
Train loss: 1.205548216133402 Val loss: 0.29871887210768816 Time: 1.1339893999975175
Train loss: 1.331288854501269 Val loss: 0.3895361647949755 Time: 0.9259323000442237
Train loss: 0.93339347577772 Val loss: 0.388047137714662 Time: 0.9412740999832749
Train loss: 1.0127826535562328 Val loss: 0.4335152690653592 Time: 0.9411956000840291
Train loss: 1.211814042222544 Val loss: 0.3541495583713255 Time: 0.9548246000194922
Train loss: 0.989106254540971 Val loss: 0.2946094720304655 Time: 0.9573196999263018
Train loss: 1.0154680140653634 Val loss: 0.3550841395602293 Time: 0.9825107998913154
Train loss: 0.977548231938826 Val loss: 0.2593865667341692 Time: 1.0158467000583187
Train loss: 1.0613786176485667 Val loss: 0.5813766824934228 Time: 1.3639294999884441
Train loss: 0.9784113174914641 Val loss: 0.39468648461022887 Time: 1.4567812999011949
Train loss: 1.0856716691619894 Val loss: 0.23834927528718597 Time: 1.142865200061351
Train loss: 1.180374210809485 Val loss: 0.3819854123882465 Time: 1.1939119000453502
Shrinking learning rate to 1e-05
Train loss: 1.047904899804779 Val loss: 0.34061642654682367 Time: 1.253211300005205
Train loss: 0.9982556271148049 Val loss: 0.34470610080000635 Time: 1.1103898999281228
Train loss: 0.9766180536622082 Val loss: 0.3490648275007595 Time: 1.2076219000155106
Train loss: 1.0194304354940371 Val loss: 0.35489391503255535 Time: 1.4131052000448108
Train loss: 0.9082994739442825 Val loss: 0.3401431959732553 Time: 0.9645848000654951
Train loss: 0.9000260448553092 Val loss: 0.3382437970083396 Time: 0.9584196000359952
Train loss: 0.9511342216085632 Val loss: 0.35275946527742297 Time: 0.9228249000152573
Train loss: 0.8861611376847114 Val loss: 0.34486278248104096 Time: 0.9139679999789223
Train loss: 0.9172010002921525 Val loss: 0.350607484344421 Time: 0.9415051999967545
Train loss: 0.9440991932740417 Val loss: 0.3435405732844155 Time: 0.9871284000109881
Train loss: 0.7800654863379073 Val loss: 0.323903135885874 Time: 1.078286400064826
Train loss: 0.9171973074065249 Val loss: 0.33137154876002783 Time: 1.320516699925065
Train loss: 0.8938176426895126 Val loss: 0.3248458659005987 Time: 1.3687617001123726
Train loss: 0.9003382962392033 Val loss: 0.33560735624271304 Time: 0.958400100003928
Train loss: 0.8133147301552128 Val loss: 0.3296693209860244 Time: 0.9650529000209644
Train loss: 0.8384577811894545 Val loss: 0.3285337335647159 Time: 0.9909149999730289
Train loss: 0.869374600471005 Val loss: 0.32417252754693276 Time: 0.9712155000306666
Train loss: 0.859289551717989 Val loss: 0.33775819234473836 Time: 0.9235494999447837
Train loss: 0.8073768250601461 Val loss: 0.34176892343411247 Time: 0.9189808000810444
Train loss: 0.9441094134947434 Val loss: 0.3206046430675609 Time: 0.926489399978891
Shrinking learning rate to 1.0000000000000002e-06
Train loss: 0.8713406579506007 Val loss: 0.327203857834078 Time: 0.9383732000133023
Train loss: 0.909994412875986 Val loss: 0.3316655736891559 Time: 0.9046249999664724
Train loss: 0.84888484463427 Val loss: 0.3318579134788467 Time: 0.9238704000599682
Train loss: 0.8143464201507351 Val loss: 0.3331793459427053 Time: 0.9182436999399215
Train loss: 0.882760509385804 Val loss: 0.33374488490363013 Time: 0.9583856000099331
Train loss: 0.9087718315622482 Val loss: 0.3352053943489655 Time: 1.0005787999834865
Train loss: 0.7969037797742722 Val loss: 0.3329032674260666 Time: 1.0468751000007614
Train loss: 0.8798502933188672 Val loss: 0.33652920087722094 Time: 1.4379325000336394
Train loss: 0.8490511000714429 Val loss: 0.3349853154602253 Time: 1.590501599945128
Train loss: 0.8824006894837453 Val loss: 0.336549839769243 Time: 1.5045691999839619
Shrinking learning rate to 1.0000000000000002e-07
Learning rate getting small
Complete
 Total time: 78.11603519995697