starting log for model: models/rnn_comb_alpha_1.0_22-23.pth
Train loss: 13.189897983097723 Val loss: 13.209988446534345 Time: 0.21522245899905101
Train loss: 9.891389035106897 Val loss: 9.911904653893947 Time: 0.21787791699898662
Train loss: 7.744208030081445 Val loss: 7.763174887369166 Time: 0.2159568749993923
Train loss: 6.410317210913718 Val loss: 6.428688780032562 Time: 0.2143805000014254
Train loss: 5.944854605911274 Val loss: 5.961638511238791 Time: 0.21887612499995157
Train loss: 5.6240430091665985 Val loss: 5.64067399386585 Time: 0.22194212500107824
Train loss: 5.32406527705734 Val loss: 5.340949488313491 Time: 0.21458783399793901
Train loss: 5.318662046504102 Val loss: 5.335045245513208 Time: 0.21531333300299593
Train loss: 4.922701410258071 Val loss: 4.940165645385513 Time: 0.2153492079996795
Train loss: 4.811650776777038 Val loss: 4.829349038368625 Time: 0.21632899999895017
Train loss: 4.6877974422760165 Val loss: 4.705318510314248 Time: 0.21399187499991967
Train loss: 4.3491316579310535 Val loss: 4.367047984665982 Time: 0.2141521660014405
Train loss: 4.205820608805709 Val loss: 4.224279987044405 Time: 0.21552783399965847
Train loss: 3.8952044963468495 Val loss: 3.9126266219402344 Time: 0.21493275000102585
Train loss: 3.821230652917613 Val loss: 3.8368388395786974 Time: 0.22658508300082758
Train loss: 3.688442882246477 Val loss: 3.7034515865999507 Time: 0.21577554199757287
Train loss: 3.5123543315940253 Val loss: 3.5257497126579853 Time: 0.2154134160009562
Train loss: 3.196583600233339 Val loss: 3.210282880167715 Time: 0.21508212499975343
Train loss: 2.8793269375510278 Val loss: 2.893631092136502 Time: 0.21466529199824436
Train loss: 2.7964396523270096 Val loss: 2.810418578190176 Time: 0.2148392499984766
Train loss: 2.6114451145793396 Val loss: 2.623435136402791 Time: 0.21484762500040233
Train loss: 2.512155866864873 Val loss: 2.5250315774203327 Time: 0.21629933300209814
Train loss: 2.5695352465343344 Val loss: 2.5805111844775013 Time: 0.21639987500020652
Train loss: 2.4020915592797536 Val loss: 2.41546656163726 Time: 0.2208708750004007
Train loss: 2.4050261545423837 Val loss: 2.4173026465612266 Time: 0.21939683399978094
Train loss: 2.463087084634946 Val loss: 2.4725646442837186 Time: 0.2153597090000403
Train loss: 2.0806903447065324 Val loss: 2.0915024766700636 Time: 0.21458229199924972
Train loss: 2.0775975355055323 Val loss: 2.0866874927255528 Time: 0.2148252090009919
Train loss: 1.975153939605229 Val loss: 1.9881265065710532 Time: 0.21591949999856297
Train loss: 1.9387504595127112 Val loss: 1.945711817646905 Time: 0.21589387499989243
Train loss: 2.0812322242513908 Val loss: 2.0919171354796062 Time: 0.21542033399964566
Train loss: 1.9506848572082482 Val loss: 1.9595678194283066 Time: 0.21465004199853865
Train loss: 1.979280490041484 Val loss: 1.9892664516618739 Time: 0.2155860830025631
Train loss: 1.9036501725752029 Val loss: 1.9175794461476776 Time: 0.22573912500229198
Train loss: 1.7374560838046378 Val loss: 1.7487180012898993 Time: 0.21449591700002202
Train loss: 1.6610220403224787 Val loss: 1.6733749778253622 Time: 0.2155371249973541
Train loss: 1.6748410845092143 Val loss: 1.6951730138732974 Time: 0.21509966699886718
Train loss: 1.6646517245166486 Val loss: 1.6837425277162914 Time: 0.2148250829995959
Train loss: 1.46872866475573 Val loss: 1.4966779303296138 Time: 0.21452754200072377
Train loss: 1.542749463402778 Val loss: 1.5653876250298382 Time: 0.214841291999619
Train loss: 1.5628225893661494 Val loss: 1.5796739272968838 Time: 0.21352266699977918
Train loss: 1.3724426398847527 Val loss: 1.4001664638262394 Time: 0.21401170800163527
Train loss: 1.3963251383854427 Val loss: 1.4197165090318595 Time: 0.2227783329981321
Train loss: 1.3781239319708334 Val loss: 1.412826390122694 Time: 0.21556095800042385
Train loss: 1.4293273442822105 Val loss: 1.4682834373581 Time: 0.21904595800151583
Train loss: 1.4590965624555565 Val loss: 1.485359512658921 Time: 0.22898574999999255
Train loss: 1.2444570325608026 Val loss: 1.2821517684336907 Time: 0.21365529100148706
Train loss: 1.4130568618612074 Val loss: 1.4458490966992077 Time: 0.21358729200073867
Train loss: 1.1314835410700539 Val loss: 1.1738897066328646 Time: 0.21465358299974469
Train loss: 1.2264498186510089 Val loss: 1.2749778534695875 Time: 0.21442379200016148
Train loss: 1.3118683825112427 Val loss: 1.3437913864841438 Time: 0.21459274999870104
Train loss: 1.2633692198811808 Val loss: 1.3000288163762967 Time: 0.21382500000254367
Train loss: 1.0734666781316307 Val loss: 1.1200806789675153 Time: 0.22619558299993514
Train loss: 1.218881200490956 Val loss: 1.255138743888141 Time: 0.21564320800098358
Train loss: 1.2065395334270796 Val loss: 1.246292522896367 Time: 0.21436733299924526
Train loss: 1.087208013983087 Val loss: 1.136981523726598 Time: 0.21481237500120187
Train loss: 1.0543774161226018 Val loss: 1.0877551463142692 Time: 0.21411587499824236
Train loss: 1.1005207211938868 Val loss: 1.1528224280532118 Time: 0.21448816699921736
Train loss: 1.1803620845736242 Val loss: 1.2286224915574777 Time: 0.2148836249980377
Train loss: 1.1065996987193234 Val loss: 1.1438487292163158 Time: 0.21436195799833513
Train loss: 1.202831295857301 Val loss: 1.244796982586993 Time: 0.214326584002265
Train loss: 1.0057080975998103 Val loss: 1.0532990611518465 Time: 0.2215509169982397
Train loss: 0.9903180249657524 Val loss: 1.0375210015932088 Time: 0.21707758300181013
Train loss: 1.1029058482229743 Val loss: 1.1573005201737279 Time: 0.21508783300305367
Train loss: 0.9016656067255546 Val loss: 0.9477721060741404 Time: 0.2149332080007298
Train loss: 1.010806488393719 Val loss: 1.0676032464655134 Time: 0.2153295829994022
Train loss: 0.9471711449434475 Val loss: 0.9926441915805512 Time: 0.21438495899928967
Train loss: 0.9214739548518409 Val loss: 0.9840384013830639 Time: 0.2160613749983895
Train loss: 0.9928065445906533 Val loss: 1.0498385924604994 Time: 0.21588495800097007
Train loss: 0.9684511938433502 Val loss: 1.0172763228034196 Time: 0.214088750002702
Train loss: 0.9290870750653915 Val loss: 0.9836005735248597 Time: 0.21533350000026985
Train loss: 0.9366629054040914 Val loss: 0.9871637709005141 Time: 0.2241976250006701
Train loss: 0.8090784971643075 Val loss: 0.8652821049388759 Time: 0.2148593330020958
Train loss: 0.9378045321699062 Val loss: 0.99314583765977 Time: 0.21618745799787575
Train loss: 0.9337305187689395 Val loss: 0.9915431095756276 Time: 0.2153091250002035
Train loss: 0.8914912781204158 Val loss: 0.95160748160921 Time: 0.2144101249978121
Train loss: 0.8666230519099898 Val loss: 0.9196385973086695 Time: 0.21514866700090352
Train loss: 0.8821852927826583 Val loss: 0.9536559401509497 Time: 0.21535600000061095
Train loss: 0.9692010585944892 Val loss: 1.024466054882958 Time: 0.2140529999996943
Train loss: 0.8133321571953127 Val loss: 0.8707502843395616 Time: 0.21352412499982165
Train loss: 0.7851581238187253 Val loss: 0.8581339025974418 Time: 0.2194305830016674
Train loss: 0.9146356800130562 Val loss: 0.9744615540749793 Time: 0.21854479200192145
Train loss: 0.9839002797172647 Val loss: 1.0340892721706842 Time: 0.21450308299972676
Train loss: 0.9194920522399741 Val loss: 0.9706846228871128 Time: 0.21415924999746494
Train loss: 0.6784713719206366 Val loss: 0.7623721899499973 Time: 0.21444350000092527
Train loss: 0.7449237836475504 Val loss: 0.802284451193011 Time: 0.2147591659995669
Train loss: 0.802561804372214 Val loss: 0.8495860445040825 Time: 0.2151871249989199
Train loss: 0.6810666398482255 Val loss: 0.7487101352986808 Time: 0.2146042500025942
Train loss: 0.8711352970387694 Val loss: 0.9200260517265377 Time: 0.2140634579991456
Train loss: 0.7764210298887737 Val loss: 0.8390626672368426 Time: 0.213380541998049
Train loss: 0.7295260129264172 Val loss: 0.7877977922846253 Time: 0.22624408400224638
Train loss: 0.7432405113822256 Val loss: 0.8094851806732783 Time: 0.21553087500069523
Train loss: 0.7436682178684606 Val loss: 0.8224356419556336 Time: 0.21374950000245008
Train loss: 0.8355184565317302 Val loss: 0.8864116336538235 Time: 0.21357262499805074
Shrinking learning rate to 1e-05
Train loss: 0.9656507921414921 Val loss: 1.0169250966825887 Time: 0.21535041699826252
Train loss: 0.7910749080854202 Val loss: 0.8523099311853163 Time: 0.21507012499932898
Train loss: 0.7629111723999955 Val loss: 0.8265447335105367 Time: 0.21445070799745736
Train loss: 0.8727773807704375 Val loss: 0.928466942452026 Time: 0.21608812500198837
Train loss: 0.7779507139061508 Val loss: 0.8411422673551721 Time: 0.21429599999828497
Train loss: 0.8602049142934618 Val loss: 0.9161309343580087 Time: 0.2170327499989071
Train loss: 0.7763160769121527 Val loss: 0.8402951769621999 Time: 0.22461699999985285
Train loss: 0.7212213359110962 Val loss: 0.791334037610738 Time: 0.21622920899972087
Train loss: 0.8625193013008783 Val loss: 0.9201579640171595 Time: 0.21482395899874973
Train loss: 0.8554876318339666 Val loss: 0.9137132346195064 Time: 0.21432554200146114
Shrinking learning rate to 1.0000000000000002e-06
Train loss: 1.112035910121449 Val loss: 1.1636507426634148 Time: 0.21630245800042758
Train loss: 1.0294740465812424 Val loss: 1.083653987113529 Time: 0.21531362499808893
Train loss: 1.0483881831018778 Val loss: 1.1003787964278127 Time: 0.21492483299880405
Train loss: 1.0360104434780197 Val loss: 1.0875510002572868 Time: 0.21422524999798043
Train loss: 0.8183783444024755 Val loss: 0.881703550400001 Time: 0.21538070799942943
Train loss: 0.932591630858326 Val loss: 0.9877695577723842 Time: 0.22583741699781967
Train loss: 0.8745455590622875 Val loss: 0.9324243435919989 Time: 0.2152488749998156
Train loss: 0.9354220032030014 Val loss: 0.9890418204496333 Time: 0.21482579200164764
Train loss: 0.8552783742537926 Val loss: 0.9129416486511025 Time: 0.21366362500339164
Train loss: 0.8266790867023133 Val loss: 0.8859715346819796 Time: 0.2143158750004659
Shrinking learning rate to 1.0000000000000002e-07
Learning rate getting small
Complete
 Total time: 24.71744645799845