starting log for model: models/rnn_comb_fcast_19_new_22-23.pth
Train loss: 14.359641906696623 Val loss: 1.616027527887665 Time: 0.28180033300304785
Train loss: 11.701414831629904 Val loss: 1.3555716547983503 Time: 0.2626849580119597
Train loss: 9.838332590981565 Val loss: 1.1665541976430418 Time: 0.2669720420090016
Train loss: 8.338329194367589 Val loss: 0.9934232133874511 Time: 0.2665608749957755
Train loss: 7.105208489028797 Val loss: 0.8574425035865576 Time: 0.38275712500035297
Train loss: 6.354021247621249 Val loss: 0.774128900037221 Time: 0.2795745830080705
Train loss: 6.1364333087076535 Val loss: 0.7373945633822822 Time: 0.28946708398871124
Train loss: 5.969811873902128 Val loss: 0.7077992984748682 Time: 0.2787982500012731
Train loss: 5.753657762503439 Val loss: 0.6818917992304572 Time: 0.28701370900671463
Train loss: 5.433754512205553 Val loss: 0.649789181111704 Time: 0.27627887499693315
Train loss: 5.539152376813449 Val loss: 0.6522860169093685 Time: 0.2874445830093464
Train loss: 5.359392012135155 Val loss: 0.6322574222790562 Time: 0.2841705000028014
Train loss: 5.165072595938838 Val loss: 0.6124962554362523 Time: 0.2863232920062728
Train loss: 4.778889970277005 Val loss: 0.6051738698534408 Time: 0.3115483330038842
Train loss: 4.875831917847989 Val loss: 0.6091422432139632 Time: 0.28282841699547134
Train loss: 4.774013443668757 Val loss: 0.5950164164852063 Time: 0.2816322919970844
Train loss: 5.010081174377447 Val loss: 0.6121918020577352 Time: 0.2822882500040578
Train loss: 4.613922279071126 Val loss: 0.5759032203834815 Time: 0.28944020900235046
Train loss: 4.4508415236331205 Val loss: 0.5538070576888472 Time: 0.28587291701114736
Train loss: 4.474421760707813 Val loss: 0.5515073987571228 Time: 0.31586245899961796
Train loss: 4.229866528121008 Val loss: 0.5266528198799639 Time: 0.2981876249978086
Train loss: 4.076855605194979 Val loss: 0.5086580388333882 Time: 0.2834095839934889
Train loss: 3.9930572851019264 Val loss: 0.49916996875152503 Time: 0.27964341698680073
Train loss: 4.114940425171994 Val loss: 0.5056595043740088 Time: 0.28272908300277777
Train loss: 3.6978254758243807 Val loss: 0.46739471445404407 Time: 0.28360254199651536
Train loss: 3.600622766030188 Val loss: 0.45377515991805006 Time: 0.2838021669886075
Train loss: 4.002973816927522 Val loss: 0.4803083637329798 Time: 0.2861240829952294
Train loss: 3.51437105632197 Val loss: 0.43239064772554825 Time: 0.2870092919911258
Train loss: 3.4880415546711667 Val loss: 0.4275335175971144 Time: 0.29211087500152644
Train loss: 3.226958116234867 Val loss: 0.40586955725038065 Time: 0.2859373339888407
Train loss: 3.194816906438111 Val loss: 0.39768867837860084 Time: 0.2828635409969138
Train loss: 3.427910079676341 Val loss: 0.4180119197216429 Time: 0.28543470799922943
Train loss: 3.063045376057282 Val loss: 0.3801931303243424 Time: 0.2879341670050053
Train loss: 3.044438593528824 Val loss: 0.37922197434207594 Time: 0.2863832500006538
Train loss: 2.952818565448201 Val loss: 0.3682230207937221 Time: 0.28469595800561365
Train loss: 3.0534946393650557 Val loss: 0.37577193027999195 Time: 0.2989819580106996
Train loss: 2.8011064297202064 Val loss: 0.3517613517173717 Time: 0.2859955000021728
Train loss: 2.86254422804285 Val loss: 0.35334172146232656 Time: 0.2850787090137601
Train loss: 2.6166799556573004 Val loss: 0.33325433051467634 Time: 0.2908786250045523
Train loss: 2.4597039901431117 Val loss: 0.32134526399540525 Time: 0.28838808299042284
Train loss: 2.4980792474631954 Val loss: 0.32266168149744967 Time: 0.38013558299280703
Train loss: 2.399006741554352 Val loss: 0.31368328845300625 Time: 0.3007429580029566
Train loss: 2.560555386194059 Val loss: 0.3253105595713668 Time: 0.28848404200107325
Train loss: 2.671653436232823 Val loss: 0.3360480812246167 Time: 0.2886395419918699
Train loss: 2.3235812744790643 Val loss: 0.30760502875709156 Time: 0.28701916699355934
Train loss: 2.3546704673995436 Val loss: 0.310268709994116 Time: 0.29120112500095274
Train loss: 2.260995316409435 Val loss: 0.3029620812894091 Time: 0.29115562500373926
Train loss: 2.3278311009930714 Val loss: 0.3084467786752675 Time: 0.29584191700269
Train loss: 2.1002860539424497 Val loss: 0.2920978097629946 Time: 0.3050722920015687
Train loss: 2.1818396081040534 Val loss: 0.29784778040948845 Time: 0.29247133299941197
Train loss: 2.2359043243905052 Val loss: 0.30115500493241226 Time: 0.2899978750065202
Train loss: 2.0209630944839767 Val loss: 0.2866239417536306 Time: 0.28879962500650436
Train loss: 2.0182663464759543 Val loss: 0.28535929909078894 Time: 0.3105587909958558
Train loss: 2.1270190828140443 Val loss: 0.2938285689276782 Time: 0.29236400000809226
Train loss: 1.889265176070424 Val loss: 0.2751982362266231 Time: 0.29100495800958015
Train loss: 1.9505267847499965 Val loss: 0.28030896740778427 Time: 0.313581583002815
Train loss: 1.971450600258521 Val loss: 0.281660655291144 Time: 0.29134629099280573
Train loss: 2.0391139487284136 Val loss: 0.2876122231528009 Time: 0.29133891699893866
Train loss: 1.8670653500773406 Val loss: 0.27489922139266926 Time: 0.29942283300624695
Train loss: 1.9025569616557405 Val loss: 0.27936829397098517 Time: 0.2936834589927457
Train loss: 1.7041039654441477 Val loss: 0.2651800091249103 Time: 0.2910267080005724
Train loss: 1.781714626479939 Val loss: 0.2687363894245798 Time: 0.29187795901088975
Train loss: 1.6835023584173072 Val loss: 0.2619387338088127 Time: 0.30402145799598657
Train loss: 1.9952100973410367 Val loss: 0.28555139480558506 Time: 0.3123285420006141
Train loss: 1.7585355929729864 Val loss: 0.2682794375587298 Time: 0.2924450829887064
Train loss: 1.6477058301421508 Val loss: 0.2647956849930608 Time: 0.290768749997369
Train loss: 1.687597193346754 Val loss: 0.26784059657968623 Time: 0.29110479200608097
Train loss: 1.6467247708971122 Val loss: 0.2655672811084253 Time: 0.29290883299836423
Train loss: 1.7397623234152206 Val loss: 0.2773800683698163 Time: 0.2923475419956958
Train loss: 1.6866874626922543 Val loss: 0.27065274376813986 Time: 0.3066531250078697
Train loss: 1.5444259710209352 Val loss: 0.2584566662767889 Time: 0.2948179579980206
Train loss: 1.4681012353684935 Val loss: 0.26699959261709405 Time: 0.29318237499683164
Train loss: 1.4945740282890974 Val loss: 0.25650540588318993 Time: 0.29223262499726843
Train loss: 1.4772163296247527 Val loss: 0.25665821121417937 Time: 0.2938530420069583
Train loss: 1.4772798273044998 Val loss: 0.26613119631147353 Time: 0.291902333003236
Train loss: 1.4894865279546483 Val loss: 0.26327091826049004 Time: 0.2912703329930082
Train loss: 1.4688134720670014 Val loss: 0.26174508072320707 Time: 0.30584083299618214
Train loss: 1.512399519646916 Val loss: 0.26590058055754534 Time: 0.29293379200680647
Train loss: 1.3756469467373238 Val loss: 0.2546561120413562 Time: 0.29193987500912044
Train loss: 1.5355781133948199 Val loss: 0.2772614022645964 Time: 0.2956532080133911
Train loss: 1.4845370993475555 Val loss: 0.27196307141595827 Time: 0.29357983299996704
Train loss: 1.385591839252129 Val loss: 0.26977305214406677 Time: 0.292063999993843
Train loss: 1.2503723743721196 Val loss: 0.2680351457820167 Time: 0.29335766698932275
Train loss: 1.3873924069502488 Val loss: 0.2659969581749167 Time: 0.30598033299611416
Train loss: 1.3157194027008643 Val loss: 0.2660771959224455 Time: 0.29333704100281466
Train loss: 1.2211442890073139 Val loss: 0.2569626836341611 Time: 0.29287858300085645
Train loss: 1.2722617204129723 Val loss: 0.27064342958004173 Time: 0.2970544580020942
Train loss: 1.2770516825592075 Val loss: 0.2733245192580188 Time: 0.29352199999266304
Train loss: 1.2701393341327112 Val loss: 0.26783507492578756 Time: 0.2923195830080658
Train loss: 1.351227291620063 Val loss: 0.26266186058168706 Time: 0.3396159580006497
Train loss: 1.2630968452303843 Val loss: 0.27019813830654205 Time: 0.30445149999286514
Train loss: 1.2555562783292045 Val loss: 0.270212613940089 Time: 0.2954932499997085
Train loss: 1.2050565181121584 Val loss: 0.27304148927565536 Time: 0.29624708300980274
Train loss: 1.2610731238847848 Val loss: 0.26081186088799013 Time: 0.29599524999503046
Train loss: 1.1879672990413548 Val loss: 0.2583295661780937 Time: 0.2969699160021264
Train loss: 1.1104127511061002 Val loss: 0.2673684129403621 Time: 0.2938217080081813
Train loss: 1.147288452841785 Val loss: 0.2827057622491559 Time: 0.2948043329961365
Train loss: 1.0156081432366904 Val loss: 0.28471366281881333 Time: 0.3046828749938868
Train loss: 1.0325553994627725 Val loss: 0.25862481965159684 Time: 0.2949155420064926
Train loss: 1.1366569118377963 Val loss: 0.2723891216077163 Time: 0.3004157500108704
Train loss: 1.1892238942129405 Val loss: 0.2907260528452395 Time: 0.3175272919907002
Train loss: 1.0982241719895787 Val loss: 0.2670660824468634 Time: 0.2960079580079764
Train loss: 1.0832004771677006 Val loss: 0.27895873924865816 Time: 0.2947577910090331
Train loss: 1.0427135853041989 Val loss: 0.2808197417907766 Time: 0.29422204100410454
Train loss: 1.1240929809528097 Val loss: 0.27839785664092753 Time: 0.30707008398894686
Train loss: 1.057472548495241 Val loss: 0.2809919068976428 Time: 0.30018654199375305
Train loss: 1.123183519067588 Val loss: 0.2837027541774553 Time: 0.298379957996076
Shrinking learning rate to 5e-06
Train loss: 1.069390102934562 Val loss: 0.27270273828885727 Time: 0.2996246249967953
Train loss: 0.9860445477999349 Val loss: 0.2639891791965471 Time: 0.29995879100169986
Train loss: 1.0162134697051215 Val loss: 0.26759656207455684 Time: 0.2981546250084648
Train loss: 1.124007679444194 Val loss: 0.27365609994586565 Time: 0.32209662499371916
Train loss: 1.0054640015306973 Val loss: 0.2682911822412764 Time: 0.30630974999803584
Train loss: 1.0339730561370857 Val loss: 0.266137371194566 Time: 0.2958116250083549
Train loss: 1.1509539146906818 Val loss: 0.2711992177621608 Time: 0.29625625000335276
Train loss: 1.0622859231044117 Val loss: 0.2684384573401302 Time: 0.29526454099686816
Train loss: 1.0208367620757386 Val loss: 0.26734320253411503 Time: 0.29640599999402184
Train loss: 1.0089958156700902 Val loss: 0.26980399065762223 Time: 0.29799154101056047
Train loss: 1.1737155420972876 Val loss: 0.27695879326778594 Time: 0.30068949999986216
Shrinking learning rate to 5.000000000000001e-07
Learning rate getting small
Complete
 Total time: 34.959687041002326