starting log for model: models/rnn_lin1_alpha_0.0_22-23.pth
Train loss: 14.509361087864505 Val loss: 0.7892377972602844 Time: 0.413599791998422
Train loss: 13.06137329753063 Val loss: 0.759919285774231 Time: 0.321873916000186
Train loss: 10.2952072137895 Val loss: 0.6320034265518188 Time: 0.31005966699740384
Train loss: 7.660518769533748 Val loss: 0.5352073907852173 Time: 0.3205552910003462
Train loss: 6.860173052331719 Val loss: 0.4879148602485657 Time: 0.3146034579986008
Train loss: 6.3312977481872394 Val loss: 0.46461811661720276 Time: 0.390226999999868
Train loss: 5.9767604131433245 Val loss: 0.4460068345069885 Time: 0.41131416600183
Train loss: 5.905608939473964 Val loss: 0.4303559362888336 Time: 0.3172035000025062
Train loss: 5.6867265251752315 Val loss: 0.41646766662597656 Time: 0.31953429200075334
Train loss: 5.439400411867268 Val loss: 0.41539686918258667 Time: 0.3266576250025537
Train loss: 5.413860941661767 Val loss: 0.3987283706665039 Time: 0.3076277920008579
Train loss: 5.075543066752051 Val loss: 0.3947482109069824 Time: 0.3066657080016739
Train loss: 5.100258616229972 Val loss: 0.3879954218864441 Time: 0.30733875000078115
Train loss: 4.826680510232165 Val loss: 0.3640207350254059 Time: 0.30590579099953175
Train loss: 4.679397053289719 Val loss: 0.3721286654472351 Time: 0.3899317499999597
Train loss: 4.737906273134342 Val loss: 0.3606521189212799 Time: 0.31650037500003236
Train loss: 4.442785432880589 Val loss: 0.34638530015945435 Time: 0.3069565409969073
Train loss: 4.351572995101776 Val loss: 0.3397805690765381 Time: 0.3062266670021927
Train loss: 4.143452569374794 Val loss: 0.3272246718406677 Time: 0.30514599999878556
Train loss: 3.9478093807183647 Val loss: 0.32164669036865234 Time: 0.3047660000011092
Train loss: 3.7505730324154527 Val loss: 0.29319149255752563 Time: 0.3061514159999206
Train loss: 3.6807532730954193 Val loss: 0.28473156690597534 Time: 0.30600958400100353
Train loss: 3.5831256905373206 Val loss: 0.28727906942367554 Time: 0.31727562499872874
Train loss: 3.3804831388164445 Val loss: 0.2615203857421875 Time: 0.305937459001143
Train loss: 3.235843109054451 Val loss: 0.24268728494644165 Time: 0.30495074999998906
Train loss: 3.312406398280544 Val loss: 0.21392971277236938 Time: 0.3052992909979366
Train loss: 2.805358167849022 Val loss: 0.20197421312332153 Time: 0.3045170830009738
Train loss: 2.73064868721616 Val loss: 0.17819029092788696 Time: 0.30622412500088103
Train loss: 2.4927149225008947 Val loss: 0.19960564374923706 Time: 0.3051567500006058
Train loss: 2.5458092093183495 Val loss: 0.14852780103683472 Time: 0.31581916700088186
Train loss: 2.630503483639746 Val loss: 0.15768688917160034 Time: 0.30510829200284206
Train loss: 2.3185244928391384 Val loss: 0.1513928771018982 Time: 0.30409974999929545
Train loss: 2.387365138246244 Val loss: 0.14187157154083252 Time: 0.30445433400018374
Train loss: 2.0297628002718966 Val loss: 0.1400887370109558 Time: 0.30516691699813236
Train loss: 2.1507081820416776 Val loss: 0.14811092615127563 Time: 0.30404279100184795
Train loss: 2.0711018050522796 Val loss: 0.12646901607513428 Time: 0.309148374999495
Train loss: 2.044216831309063 Val loss: 0.08234846591949463 Time: 0.3083367500003078
Train loss: 2.2206371420652715 Val loss: 0.13525408506393433 Time: 0.3053282079999917
Train loss: 1.8586498967096325 Val loss: 0.08331018686294556 Time: 0.30757733399877907
Train loss: 1.8977308045149783 Val loss: 0.0981016755104065 Time: 0.3036678339994978
Train loss: 1.842193808616706 Val loss: 0.05043971538543701 Time: 0.3043491249991348
Train loss: 1.9065804387096748 Val loss: 0.09953886270523071 Time: 0.30359895800211234
Train loss: 1.7151620182406617 Val loss: 0.07541763782501221 Time: 0.31499229200198897
Train loss: 1.9057704064674539 Val loss: 0.11384552717208862 Time: 0.305336500001431
Train loss: 1.5203355540394905 Val loss: 0.0845993161201477 Time: 0.30495341700225254
Train loss: 1.6708603873904204 Val loss: 0.10611772537231445 Time: 0.3055574999998498
Train loss: 1.458822705888764 Val loss: 0.09487032890319824 Time: 0.3063822500007518
Train loss: 1.49343179489275 Val loss: 0.14394837617874146 Time: 0.3053210409998428
Train loss: 1.4367221473548222 Val loss: 0.08844256401062012 Time: 0.30447999999887543
Train loss: 1.5598061359315096 Val loss: 0.09892714023590088 Time: 0.32007037500079605
Train loss: 1.391166560673497 Val loss: 0.058757007122039795 Time: 0.3064565830027277
Train loss: 1.3998965810700028 Val loss: 0.09727513790130615 Time: 0.3063975000004575
Train loss: 1.412355484183994 Val loss: 0.0698365569114685 Time: 0.30521041700194473
Train loss: 1.338366120362725 Val loss: 0.05083274841308594 Time: 0.3052440840001509
Train loss: 1.4528276814586594 Val loss: 0.09531968832015991 Time: 0.30397487500158604
Train loss: 1.1771802407630219 Val loss: 0.07192063331604004 Time: 0.30607466700166697
Train loss: 1.208839836649986 Val loss: 0.09996026754379272 Time: 0.3138025000007474
Train loss: 1.1655011624736886 Val loss: 0.0744924545288086 Time: 0.3041002079989994
Train loss: 1.1108026157842659 Val loss: 0.06173926591873169 Time: 0.3067658340005437
Train loss: 1.140278372134826 Val loss: 0.0001755356788635254 Time: 0.30424329200104694
Train loss: 1.1670728037003606 Val loss: 0.08096504211425781 Time: 0.3058871249995718
Train loss: 1.1033387563320645 Val loss: 0.10358083248138428 Time: 0.3054758750004112
Train loss: 1.0702911019793646 Val loss: 0.05223482847213745 Time: 0.31426291599927936
Train loss: 1.0604262545531071 Val loss: 0.11286050081253052 Time: 0.30547000000296975
Train loss: 0.9814909244773844 Val loss: 0.027072370052337646 Time: 0.3050917500004289
Train loss: 1.086554001862737 Val loss: 0.02007371187210083 Time: 0.3052057499990042
Train loss: 1.0999418479275391 Val loss: 0.08812105655670166 Time: 0.3062099999988277
Train loss: 1.0654447282760353 Val loss: 0.007070064544677734 Time: 0.30390770899975905
Train loss: 1.0180201877152157 Val loss: 0.055833280086517334 Time: 0.3042554999992717
Train loss: 0.986848307403875 Val loss: 0.04162830114364624 Time: 0.3163993340021989
Train loss: 1.1559750935326747 Val loss: 0.13059622049331665 Time: 0.3050950830001966
Train loss: 0.903693932226389 Val loss: 0.105130136013031 Time: 0.30461704099798226
Train loss: 0.8632652497038373 Val loss: 0.08195281028747559 Time: 0.3052427090005949
Train loss: 0.9092715802464832 Val loss: 0.08179521560668945 Time: 0.3058417920001375
Train loss: 0.9503691204353153 Val loss: 0.07042849063873291 Time: 0.3579860829995596
Train loss: 0.8727007924149532 Val loss: 0.05152285099029541 Time: 0.31250187499972526
Train loss: 0.7845254440461531 Val loss: 0.10430026054382324 Time: 0.309397708002507
Train loss: 0.8674276533437606 Val loss: 0.10395008325576782 Time: 0.30551933399692643
Train loss: 0.8948148894183419 Val loss: 0.0712517499923706 Time: 0.30678749999788124
Train loss: 0.8001427941309507 Val loss: 0.061119019985198975 Time: 0.30603441600032966
Train loss: 0.7444001125408808 Val loss: 0.12500405311584473 Time: 0.30533899999863934
Train loss: 0.7994631629900679 Val loss: 0.1471022367477417 Time: 0.30641045800075517
Train loss: 0.7336832562505471 Val loss: 0.029638826847076416 Time: 0.32130333299937774
Train loss: 0.7992802130318495 Val loss: 0.07124489545822144 Time: 0.30576833299710415
Train loss: 0.6838263995080149 Val loss: 0.14211499691009521 Time: 0.30665841700101737
Train loss: 0.777183329945194 Val loss: 0.003703892230987549 Time: 0.30384725000112667
Train loss: 0.730666541240879 Val loss: 0.02265828847885132 Time: 0.3065057500025432
Train loss: 0.6407044862960447 Val loss: 0.143446147441864 Time: 0.30505858300239197
Train loss: 0.6609817122889723 Val loss: 0.044348061084747314 Time: 0.30603804199927254
Train loss: 0.7109452572012742 Val loss: 0.030864179134368896 Time: 0.31626924999727635
Train loss: 0.7413589480491405 Val loss: 0.12295085191726685 Time: 0.3040864579998015
Train loss: 0.759849708642486 Val loss: 0.18435466289520264 Time: 0.3047927920015354
Train loss: 0.6439332397435855 Val loss: 0.08737105131149292 Time: 0.3086649580000085
Train loss: 0.6788589139801575 Val loss: 0.05256611108779907 Time: 0.3050035000014759
Train loss: 0.6237510248700744 Val loss: 0.0900755524635315 Time: 0.3051702499979001
Train loss: 0.6186060345586704 Val loss: 0.16319286823272705 Time: 0.31094941700212075
Train loss: 0.6069990561836391 Val loss: 0.164279043674469 Time: 0.3103241249991697
Train loss: 0.6544290188568862 Val loss: 0.11130952835083008 Time: 0.305081958998926
Train loss: 0.5650828985143619 Val loss: 0.050935447216033936 Time: 0.304063290997874
Train loss: 0.746764571872518 Val loss: 0.06320232152938843 Time: 0.3051610000002256
Train loss: 0.6649088587687473 Val loss: 0.1179511547088623 Time: 0.30439824999848497
Train loss: 0.6003220265995708 Val loss: 0.1394047737121582 Time: 0.3045929170002637
Train loss: 0.5534056366158095 Val loss: 0.02444702386856079 Time: 0.33109904099910636
Train loss: 0.6318751999619368 Val loss: 0.08185815811157227 Time: 0.33470574999955716
Train loss: 0.5639119238391572 Val loss: 0.15080225467681885 Time: 0.3097938749997411
Train loss: 0.4467398696961036 Val loss: 0.15117162466049194 Time: 0.3055375420008204
Train loss: 0.5734206987794886 Val loss: 0.08409363031387329 Time: 0.30569620900132577
Train loss: 0.5254374210554076 Val loss: 0.0878746509552002 Time: 0.37657904099978623
Train loss: 0.49917849956014493 Val loss: 0.17365723848342896 Time: 0.3078495420013496
Train loss: 0.5109012398276782 Val loss: 0.16165977716445923 Time: 0.31316933299967786
Train loss: 0.580202881118673 Val loss: 0.05539470911026001 Time: 0.3046221670010709
Train loss: 0.5862839867728837 Val loss: 0.09066885709762573 Time: 0.30439279200072633
Train loss: 0.5475164729494857 Val loss: 0.1047469973564148 Time: 0.3058282909987611
Train loss: 0.6204772389069184 Val loss: 0.21929162740707397 Time: 0.3087472080005682
Train loss: 0.6442705682985235 Val loss: 0.09684127569198608 Time: 0.3044367089969455
Shrinking learning rate to 1e-05
Train loss: 0.4522484720116893 Val loss: 0.13371604681015015 Time: 0.31631866699899547
Train loss: 0.515748505114459 Val loss: 0.12204569578170776 Time: 0.3034276250000403
Train loss: 0.5561688925348616 Val loss: 0.11971580982208252 Time: 0.3046416670003964
Train loss: 0.42543681568099956 Val loss: 0.12129789590835571 Time: 0.3056682089991227
Train loss: 0.46667057912035403 Val loss: 0.11662083864212036 Time: 0.30439783400288434
Train loss: 0.4660268936996559 Val loss: 0.12005430459976196 Time: 0.3185574170020118
Train loss: 0.43963517599328755 Val loss: 0.11501234769821167 Time: 0.3059638749982696
Train loss: 0.45999620685095977 Val loss: 0.11819452047348022 Time: 0.31658975000027567
Train loss: 0.42884893138058544 Val loss: 0.1198158860206604 Time: 0.3060569580011361
Train loss: 0.4895199014577969 Val loss: 0.11323791742324829 Time: 0.30461233299865853
Train loss: 0.44734160490710906 Val loss: 0.1128089427947998 Time: 0.30467508400033694
Train loss: 0.4122094111450032 Val loss: 0.1197161078453064 Time: 0.30309083399697556
Train loss: 0.456140573379912 Val loss: 0.1167263388633728 Time: 0.3059023329988122
Train loss: 0.5431011573224538 Val loss: 0.11854720115661621 Time: 0.30446362500151736
Train loss: 0.5250340520321308 Val loss: 0.12097030878067017 Time: 0.31485408400112647
Train loss: 0.41928487286735305 Val loss: 0.12134373188018799 Time: 0.306177625003329
Train loss: 0.453782226429408 Val loss: 0.12128341197967529 Time: 0.3045838750003895
Train loss: 0.41930962530102533 Val loss: 0.12450927495956421 Time: 0.30581433300176286
Train loss: 0.515215777977506 Val loss: 0.12065130472183228 Time: 0.3044203749996086
Train loss: 0.4042957861530694 Val loss: 0.12460315227508545 Time: 0.30444516699935775
Train loss: 0.47136081955662534 Val loss: 0.12573641538619995 Time: 0.3174403750017518
Train loss: 0.4456617225503976 Val loss: 0.12498492002487183 Time: 0.3169638750005106
Train loss: 0.4270685677985 Val loss: 0.12427783012390137 Time: 0.30595954100135714
Train loss: 0.4239224600111591 Val loss: 0.12774544954299927 Time: 0.3068596669982071
Train loss: 0.42250540344359955 Val loss: 0.11970478296279907 Time: 0.304667917000188
Train loss: 0.4642949055827046 Val loss: 0.12117576599121094 Time: 0.30509504200017545
Train loss: 0.37469482017482747 Val loss: 0.12578392028808594 Time: 0.30558483400091063
Train loss: 0.42139241334899324 Val loss: 0.11833828687667847 Time: 0.31358829099917784
Train loss: 0.4235277024396886 Val loss: 0.11941725015640259 Time: 0.30543062499782536
Train loss: 0.45482834529469285 Val loss: 0.11224973201751709 Time: 0.30647770799987484
Train loss: 0.4379312709009202 Val loss: 0.11121582984924316 Time: 0.3051952500027255
Train loss: 0.4990219149347226 Val loss: 0.11600619554519653 Time: 0.3051390000000538
Train loss: 0.39651289473513884 Val loss: 0.1160997748374939 Time: 0.30436579099841765
Train loss: 0.43138251523351556 Val loss: 0.11680716276168823 Time: 0.3040830419995473
Train loss: 0.44560737385452853 Val loss: 0.11098819971084595 Time: 0.316005500000756
Train loss: 0.38987558238196485 Val loss: 0.11636602878570557 Time: 0.30581495799924596
Shrinking learning rate to 1.0000000000000002e-06
Train loss: 0.44986886836321105 Val loss: 0.12487244606018066 Time: 0.3501083750015823
Train loss: 0.41738911147944435 Val loss: 0.12496030330657959 Time: 0.3043640840005537
Train loss: 0.4739519073834728 Val loss: 0.12512224912643433 Time: 0.3188228340004571
Train loss: 0.4094709070409892 Val loss: 0.12584316730499268 Time: 0.30753454099976807
Train loss: 0.4899684854730495 Val loss: 0.12588316202163696 Time: 0.3162125829985598
Train loss: 0.436535197317518 Val loss: 0.12585335969924927 Time: 0.3047943749988917
Train loss: 0.43920572439225225 Val loss: 0.12566488981246948 Time: 0.3043650420004269
Train loss: 0.4215265726493911 Val loss: 0.12550371885299683 Time: 0.30701137500000186
Train loss: 0.47921961563718796 Val loss: 0.12466871738433838 Time: 0.30490637500042794
Train loss: 0.40900821020302125 Val loss: 0.12470340728759766 Time: 0.3052772080009163
Shrinking learning rate to 1.0000000000000002e-07
Learning rate getting small
Complete
 Total time: 50.23764424999899