starting log for model: models/rnn_lin1_fcast_23_new_22-23.pth
Train loss: 15.079974847650291 Val loss: 1.7448210317588764 Time: 0.45012150000002293
Train loss: 13.097551420835543 Val loss: 1.57858059810339 Time: 0.41227812499892025
Train loss: 9.412193862120574 Val loss: 1.126487129397875 Time: 0.42254441600016435
Train loss: 7.209703222591642 Val loss: 0.9155595477654488 Time: 0.39734258400130784
Train loss: 6.718103891601231 Val loss: 0.8819441205037714 Time: 0.3749370840014308
Train loss: 6.293575724870038 Val loss: 0.8448273079195933 Time: 0.4373324579992186
Train loss: 6.12401470224572 Val loss: 0.8426333915411337 Time: 0.4282505000010133
Train loss: 6.161251631525125 Val loss: 0.8272709082163557 Time: 0.42194062500129803
Train loss: 5.836927623073194 Val loss: 0.8080044350668768 Time: 0.3948583330002293
Train loss: 5.697682919883585 Val loss: 0.7926426120196789 Time: 0.39142250000077183
Train loss: 5.447542182486782 Val loss: 0.7687293991293248 Time: 0.38894291700125905
Train loss: 5.193108528794477 Val loss: 0.7524668634421934 Time: 0.3765737079993414
Train loss: 5.250958119351565 Val loss: 0.7470678321447849 Time: 0.36451195900008315
Train loss: 5.10307564443257 Val loss: 0.7270939165195582 Time: 0.3987134580002021
Train loss: 4.862034018047948 Val loss: 0.6986162481665787 Time: 0.4379502499996306
Train loss: 4.517842568972956 Val loss: 0.6640778386865794 Time: 0.38235429099950125
Train loss: 4.18008930514268 Val loss: 0.6282149595193334 Time: 0.41012633399986953
Train loss: 4.062391969253014 Val loss: 0.6253126127314537 Time: 0.35993670800053224
Train loss: 3.807954518747553 Val loss: 0.5120206648506768 Time: 0.36291075000008277
Train loss: 3.7375357939843425 Val loss: 0.49633446458254726 Time: 0.37388104099954944
Train loss: 3.5728675818897884 Val loss: 0.4641726388923822 Time: 0.36397712500001944
Train loss: 3.2633235627266117 Val loss: 0.4041037986168755 Time: 0.36992570900110877
Train loss: 3.206974593247871 Val loss: 0.40511051614777693 Time: 0.3833042500009469
Train loss: 3.0631404136419462 Val loss: 0.3798963848787147 Time: 0.3792173330002697
Train loss: 3.0707961775908528 Val loss: 0.3656487667019657 Time: 0.4160142079999787
Train loss: 2.927744804190951 Val loss: 0.3431529008847722 Time: 0.4055930829999852
Train loss: 2.6804296552795943 Val loss: 0.31801812545502944 Time: 0.4252491249990271
Train loss: 2.5084265411512217 Val loss: 0.3238282181925139 Time: 0.410957750000307
Train loss: 2.455236176186908 Val loss: 0.2989527457536753 Time: 0.38810000000012224
Train loss: 2.490076336207495 Val loss: 0.30632060248864396 Time: 0.40406775000155903
Train loss: 2.4739018009132536 Val loss: 0.28301998817967766 Time: 0.3907065830007923
Train loss: 2.4291251040469817 Val loss: 0.2788048466332041 Time: 0.4107204579995596
Train loss: 2.3071725249828603 Val loss: 0.2856492106888267 Time: 0.3960842500000581
Train loss: 2.3729298574208 Val loss: 0.2975383716241928 Time: 0.434772458000225
Train loss: 2.2343954269048822 Val loss: 0.26936650276686247 Time: 0.3958322919988859
Train loss: 2.210612259766032 Val loss: 0.23347896724062142 Time: 0.4838845409994974
Train loss: 2.224838753354476 Val loss: 0.2556342833466186 Time: 0.3868770000008226
Train loss: 2.0855882482683796 Val loss: 0.2529327580168406 Time: 0.4307492079988151
Train loss: 2.1093320356596905 Val loss: 0.2530896990177114 Time: 0.3961647920004907
Train loss: 2.019469295658837 Val loss: 0.2738335399272845 Time: 0.4757283750004717
Train loss: 2.03750890388676 Val loss: 0.29048667673926315 Time: 0.46528270799899474
Train loss: 1.935568107908555 Val loss: 0.24128411706792663 Time: 0.4026278339988494
Train loss: 1.881377993632455 Val loss: 0.2217275062913447 Time: 0.3787095829993632
Train loss: 1.9967631496148208 Val loss: 0.26199582088038176 Time: 0.3741942080014269
Train loss: 1.888164649769621 Val loss: 0.2578455243284027 Time: 0.36255858300137334
Train loss: 2.0210036951959314 Val loss: 0.22126285684816732 Time: 0.36666254199917603
Train loss: 1.8655511805609208 Val loss: 0.26501124174983326 Time: 0.36351312500119093
Train loss: 1.7929983203900406 Val loss: 0.20995776282558698 Time: 0.3889388749994396
Train loss: 1.7568702922297357 Val loss: 0.21867698760764823 Time: 0.36368112500167626
Train loss: 1.8128127266285219 Val loss: 0.240461351433783 Time: 0.3639334580002469
Train loss: 1.721084096616437 Val loss: 0.20581612498809815 Time: 0.3596823330008192
Train loss: 1.6439537794856847 Val loss: 0.1886762347931386 Time: 0.37904095799967763
Train loss: 1.5649436129482925 Val loss: 0.19030830657368453 Time: 0.36703441700046824
Train loss: 1.7559595621304251 Val loss: 0.20264374117138317 Time: 0.3754024589998153
Train loss: 1.7070035310016682 Val loss: 0.2543217057403105 Time: 0.40407787499862025
Train loss: 1.5290423444834715 Val loss: 0.17636274348990655 Time: 0.3647703750011715
Train loss: 1.4621529358560537 Val loss: 0.1675973898496231 Time: 0.3785591249998106
Train loss: 1.465139535547351 Val loss: 0.16290132436143048 Time: 0.37281699999948614
Train loss: 1.5321055285993026 Val loss: 0.1634492571094173 Time: 0.3769237920005253
Train loss: 1.5989788937877165 Val loss: 0.18268890902082224 Time: 0.3753772920008487
Train loss: 1.5667482753081572 Val loss: 0.17474123778487036 Time: 0.3733375840001827
Train loss: 1.6641862710645063 Val loss: 0.16965467225223618 Time: 0.3716851669996686
Train loss: 1.367954735162023 Val loss: 0.14756558560974828 Time: 0.3923867089997657
Train loss: 1.422695790109561 Val loss: 0.20827383090645024 Time: 0.39332945800015295
Train loss: 1.4978042944035224 Val loss: 0.216909962489613 Time: 0.4086425000004965
Train loss: 1.359270443294463 Val loss: 0.17461751338189963 Time: 0.38538524999967194
Train loss: 1.2638427574336646 Val loss: 0.15645839756670313 Time: 0.3787559579996014
Train loss: 1.2586838346233264 Val loss: 0.16778856406848558 Time: 0.3872910409991164
Train loss: 1.4066815548921738 Val loss: 0.15610348524926632 Time: 0.3876821670000936
Train loss: 1.2476030837927112 Val loss: 0.1515375542233288 Time: 0.43886008400113496
Train loss: 1.2937461031440023 Val loss: 0.21047482135117881 Time: 0.37790912500167906
Train loss: 1.214323655751596 Val loss: 0.20602853943629557 Time: 0.3839097079999192
Train loss: 1.169664753970528 Val loss: 0.16615178462292368 Time: 0.39968183300152305
Train loss: 1.110143574007132 Val loss: 0.19032402807748794 Time: 0.3823797500008368
Train loss: 1.327137688573714 Val loss: 0.1869166475645982 Time: 0.4045228330014652
Train loss: 1.3291107016635237 Val loss: 0.1450381055268453 Time: 0.38668529099959414
Train loss: 1.1172145880804267 Val loss: 0.1937664515416501 Time: 0.3880715830000554
Train loss: 1.0852457309674612 Val loss: 0.18659109806679955 Time: 0.3903114999993704
Train loss: 1.089122196713488 Val loss: 0.1718424941422972 Time: 0.4095423329999903
Train loss: 1.170614695536635 Val loss: 0.16562556513338456 Time: 0.39325854200069443
Train loss: 1.1710282765173474 Val loss: 0.13924979026332218 Time: 0.3833797089992004
Train loss: 1.1367266287844586 Val loss: 0.22053522845390092 Time: 0.3795117500012566
Train loss: 1.1314344934053508 Val loss: 0.16356310985254913 Time: 0.3715742090007552
Train loss: 1.0153826365865344 Val loss: 0.1180579868516927 Time: 0.3839293750006618
Train loss: 1.0763299279830107 Val loss: 0.18058917046448603 Time: 0.3987756249989616
Train loss: 1.063255508353933 Val loss: 0.2143517600531045 Time: 0.3955269580001186
Train loss: 1.1009670213680325 Val loss: 0.167710896281654 Time: 0.3938627079987782
Train loss: 0.9567824382116612 Val loss: 0.3498995787415126 Time: 0.38714929199886683
Train loss: 0.8899368535374634 Val loss: 0.25250689319809855 Time: 0.3856392500001675
Train loss: 0.9574415879360396 Val loss: 0.38093681899389603 Time: 0.3807250420013588
Train loss: 1.1263828832644833 Val loss: 0.13630378282795677 Time: 0.3938252909993025
Train loss: 0.9609918011429748 Val loss: 0.3703068368545758 Time: 0.38591379199897347
Train loss: 0.9423294890537948 Val loss: 0.25096742480226797 Time: 0.39422504199865216
Train loss: 0.9226229412334697 Val loss: 0.14110404683071756 Time: 0.38949104200037254
Train loss: 0.8904449533706895 Val loss: 0.37383667678663585 Time: 0.3814947079990816
Train loss: 0.8560674451807779 Val loss: 0.22595638650818117 Time: 0.3876931250015332
Train loss: 0.8170052869081701 Val loss: 0.17668249321242724 Time: 0.3804923340012465
Train loss: 1.0647490033703093 Val loss: 0.12969006835593924 Time: 0.38929137499872013
Train loss: 0.8749490967748557 Val loss: 0.19923470404006427 Time: 0.4089767909990769
Train loss: 0.783315621992962 Val loss: 0.1343148318729065 Time: 0.38860749999912514
Train loss: 0.8527394901596139 Val loss: 0.2167811824376424 Time: 0.388678166000318
Train loss: 0.8862222950882704 Val loss: 0.3910045359025919 Time: 0.4149482920001901
Train loss: 0.8651529708463102 Val loss: 0.14049393069320384 Time: 0.3921118750004098
Train loss: 0.8129031549709147 Val loss: 0.3568727007873401 Time: 0.3933442079996894
Train loss: 0.8366343133360488 Val loss: 0.3505057855180863 Time: 0.38096774999939953
Train loss: 0.6800161739558135 Val loss: 0.3844760120488893 Time: 0.40154366699971433
Train loss: 0.7433489977698596 Val loss: 0.23557436102522714 Time: 0.40072587500071677
Train loss: 0.7709587897825436 Val loss: 0.22217044750343104 Time: 0.3983476659996086
Train loss: 0.7520339303675314 Val loss: 0.18190135650308262 Time: 0.39023316699967836
Train loss: 0.7374324161388728 Val loss: 0.359947191833219 Time: 0.39157266700021864
Train loss: 0.8311093654388628 Val loss: 0.21778526174748458 Time: 0.38871437500165484
Train loss: 0.8627376436827205 Val loss: 0.19013949075509332 Time: 0.4025395409989869
Train loss: 0.6905068391298528 Val loss: 0.24994331491841074 Time: 0.3913408749995142
Train loss: 0.7531548288713878 Val loss: 0.34845587415827417 Time: 0.3911321670002508
Train loss: 0.6737826801838716 Val loss: 0.21236311710767689 Time: 0.3930884999990667
Train loss: 0.6850807566212609 Val loss: 0.37621510821691945 Time: 0.3987550410001859
Train loss: 0.665637228456907 Val loss: 0.23207884416589455 Time: 0.4066783750004106
Train loss: 0.6503709452771896 Val loss: 0.28411737024997463 Time: 0.39800566699886986
Train loss: 0.886898454262564 Val loss: 0.13017664990278466 Time: 0.41407341699959943
Train loss: 0.824421531135628 Val loss: 0.2351959764643404 Time: 0.4002998750002007
Train loss: 0.6637926546110009 Val loss: 0.2631489381523818 Time: 0.40158941700065043
Train loss: 0.5666216071758186 Val loss: 0.2718660270360799 Time: 0.4128684159986733
Train loss: 0.5942906814858997 Val loss: 0.2502295175809036 Time: 0.4046397500005696
Train loss: 0.7685273151704184 Val loss: 0.1127772049356279 Time: 0.3887891670001409
Train loss: 0.8295246283695121 Val loss: 0.2551594859341091 Time: 0.40668108299905725
Train loss: 0.6527271453952679 Val loss: 0.2820543824465583 Time: 0.39331750000019383
Train loss: 0.5234219577515304 Val loss: 0.1697819040297844 Time: 0.41026774999954796
Train loss: 0.6016859786833066 Val loss: 0.1396302883186243 Time: 0.40349541700015834
Train loss: 0.6409175968367151 Val loss: 0.3920579614031839 Time: 0.3990341249991616
Train loss: 0.6433515214570775 Val loss: 0.20391018489532106 Time: 0.3845994999992399
Train loss: 0.6993258715887356 Val loss: 0.2884296814315628 Time: 0.39295141699949454
Train loss: 0.682904553306642 Val loss: 0.20446421930469735 Time: 0.4317155839999032
Train loss: 0.5482960271295099 Val loss: 0.21188572952857165 Time: 0.4101515410002321
Train loss: 0.5853882248210596 Val loss: 0.23149460755105153 Time: 0.39957500000127766
Train loss: 0.5287641073549025 Val loss: 0.22483135734357473 Time: 0.3911581250013114
Train loss: 0.5686116595880009 Val loss: 0.2687735707479217 Time: 0.39849458300159313
Shrinking learning rate to 1e-05
Train loss: 0.7786823181982783 Val loss: 0.1940458603133421 Time: 0.4093245839994779
Train loss: 0.7226768258690868 Val loss: 0.19235577244575433 Time: 0.39760808299979544
Train loss: 0.6843675671619742 Val loss: 0.19471171886375027 Time: 0.3891152090000105
Train loss: 0.6732733666939055 Val loss: 0.1849802878162703 Time: 0.3946072920007282
Train loss: 0.5991807405847567 Val loss: 0.1889356008273285 Time: 0.4012907920005091
Train loss: 0.5840757433523935 Val loss: 0.1922813380671235 Time: 0.40020108300086576
Train loss: 0.568239396190112 Val loss: 0.19316495183148816 Time: 0.40497195800162444
Train loss: 0.5465672885310937 Val loss: 0.19911230455718876 Time: 0.39906429100119567
Train loss: 0.5481479694519256 Val loss: 0.18943137454759074 Time: 0.4062747499992838
Train loss: 0.5267090727607808 Val loss: 0.18209715589091063 Time: 0.38454154200007906
Shrinking learning rate to 1.0000000000000002e-06
Train loss: 0.676386163900065 Val loss: 0.175786435488916 Time: 0.4021244579998893
Train loss: 0.7890884974065671 Val loss: 0.18156980120426552 Time: 0.4079712919992744
Train loss: 0.8634766489614094 Val loss: 0.18572938829423144 Time: 0.4048211249992164
Train loss: 0.7623928727636056 Val loss: 0.18183919265984366 Time: 0.4011014579991752
Train loss: 0.7718232415501802 Val loss: 0.1825683987260165 Time: 0.3968045000001439
Train loss: 0.7035091573147341 Val loss: 0.17869548777424882 Time: 0.41594766699927277
Train loss: 0.6784119537602464 Val loss: 0.17867547545977933 Time: 0.4053508749984758
Train loss: 0.6822445355225 Val loss: 0.17965505911474072 Time: 0.4195783750001283
Train loss: 0.6930531700515132 Val loss: 0.1799548652337458 Time: 0.41160641700116685
Train loss: 0.7314610022681336 Val loss: 0.18016855519427455 Time: 0.3988054159999592
Shrinking learning rate to 1.0000000000000002e-07
Learning rate getting small
Complete
 Total time: 61.87082891600039