starting log for model: models/rnn_lin1_fcast_20_new_22-23.pth
Train loss: 14.799835495135827 Val loss: 1.680596230187629 Time: 0.36115491700002167
Train loss: 14.126790906305501 Val loss: 1.6387190500162514 Time: 0.3881102920004196
Train loss: 12.604683878518438 Val loss: 1.485637513395832 Time: 0.3476490000002741
Train loss: 10.015989835707671 Val loss: 1.2042415406227522 Time: 0.3448009160001675
Train loss: 7.5961363527971315 Val loss: 0.9653314377622536 Time: 0.37737970799935283
Train loss: 7.095914865942346 Val loss: 0.9196966449963795 Time: 0.34514791699984926
Train loss: 6.721440281868684 Val loss: 0.8850138460641238 Time: 0.34521079099977214
Train loss: 6.542867525524638 Val loss: 0.8777998244174726 Time: 0.34907654200014804
Train loss: 6.375256456859085 Val loss: 0.8617071973190576 Time: 0.3497302089999721
Train loss: 6.236518571386725 Val loss: 0.8430165701071095 Time: 0.3450135000002774
Train loss: 6.013474893870374 Val loss: 0.826954620823095 Time: 0.34404595799969684
Train loss: 6.035949225873395 Val loss: 0.82178151716429 Time: 0.3441825410000092
Train loss: 5.993371736263896 Val loss: 0.8111942175431398 Time: 0.3438080000005357
Train loss: 5.806562455714939 Val loss: 0.7958730364167694 Time: 0.34634504200039373
Train loss: 5.612749490284205 Val loss: 0.7710602222856908 Time: 0.3442531669998061
Train loss: 5.4461083398940335 Val loss: 0.7537829598935935 Time: 0.34394000000065716
Train loss: 5.498659944819167 Val loss: 0.7513191109548012 Time: 0.3405891660004272
Train loss: 5.278673039550853 Val loss: 0.723127851689638 Time: 0.34282166700086236
Train loss: 4.984539703667338 Val loss: 0.6285007055993124 Time: 0.3421250419996795
Train loss: 4.652161417649978 Val loss: 0.5983557251121943 Time: 0.34536545799983287
Train loss: 4.656841628357014 Val loss: 0.5951222946996771 Time: 0.3414568749994942
Train loss: 4.540864986766252 Val loss: 0.5758637483409045 Time: 0.3441820420002841
Train loss: 4.312347427130135 Val loss: 0.5413208887588915 Time: 0.34183883300011075
Train loss: 4.117883018256283 Val loss: 0.5082657169705247 Time: 0.340363416999935
Train loss: 3.9055483648153455 Val loss: 0.4925263835072798 Time: 0.3421249169996372
Train loss: 3.9284488792953525 Val loss: 0.47236097386221565 Time: 0.3438227909991838
Train loss: 3.9439471074748242 Val loss: 0.46959579953931035 Time: 0.3410845000007612
Train loss: 3.5087495064192815 Val loss: 0.4287961086567034 Time: 0.34200700000019424
Train loss: 3.283178048658499 Val loss: 0.38470505865527777 Time: 0.3400955420001992
Train loss: 3.4772032107305884 Val loss: 0.4119469680643346 Time: 0.34120366600018315
Train loss: 3.236676491865044 Val loss: 0.37726896327808557 Time: 0.341265791999831
Train loss: 3.218493719999985 Val loss: 0.3591494037089104 Time: 0.3425694170000497
Train loss: 2.991284649192835 Val loss: 0.3536858767895658 Time: 0.3404514999992898
Train loss: 2.961088123932825 Val loss: 0.33841061471814216 Time: 0.340915457999472
Train loss: 2.8648963201655597 Val loss: 0.3306701085035036 Time: 0.3417265829993994
Train loss: 2.63922455147463 Val loss: 0.3234043053292975 Time: 0.3425573340000483
Train loss: 2.8521590338690643 Val loss: 0.3271067511064426 Time: 0.3419153329996334
Train loss: 2.6332070435747945 Val loss: 0.32021465111192804 Time: 0.3457200829998328
Train loss: 2.4351100750930854 Val loss: 0.28635320602866476 Time: 0.3411135419992206
Train loss: 2.59254813947458 Val loss: 0.28482731368474595 Time: 0.3411994579992097
Train loss: 2.4414857642001095 Val loss: 0.2707682126398954 Time: 0.340355708000061
Train loss: 2.333619971287101 Val loss: 0.264939587256372 Time: 0.34064179200049693
Train loss: 2.3824144409074712 Val loss: 0.29340825449850083 Time: 0.3407413329996416
Train loss: 2.2279464825891857 Val loss: 0.27467747632424666 Time: 0.3453992080003445
Train loss: 2.505477320743137 Val loss: 0.3065522159835901 Time: 0.34082212500015885
Train loss: 2.245974079568862 Val loss: 0.2605899811291025 Time: 0.3400764580001123
Train loss: 2.019360529068365 Val loss: 0.24809419270074137 Time: 0.3418259999998554
Train loss: 2.3032728160174827 Val loss: 0.30330767833323496 Time: 0.34020070800033864
Train loss: 1.9843524101347896 Val loss: 0.22697984047019243 Time: 0.3396933750000244
Train loss: 2.2177262476351416 Val loss: 0.31474667857560235 Time: 0.3441712909998387
Train loss: 2.309864407429558 Val loss: 0.3023467679186521 Time: 0.34232204199997796
Train loss: 1.9687002026569473 Val loss: 0.2307373040004444 Time: 0.34273324999958277
Train loss: 1.810267796827759 Val loss: 0.23285180136416353 Time: 0.34144141700016917
Train loss: 1.9927421832862389 Val loss: 0.24284891532865446 Time: 0.3406403749995661
Train loss: 2.0002196593406723 Val loss: 0.25287007676171996 Time: 0.3409107920006136
Train loss: 1.9888581481582364 Val loss: 0.24621347620145623 Time: 0.3454011249996256
Train loss: 1.8840577284093465 Val loss: 0.22740899764247774 Time: 0.34896850000041013
Train loss: 1.9354315042231818 Val loss: 0.26064408590305066 Time: 0.34061991699945793
Train loss: 1.9144986427354098 Val loss: 0.25305443446475934 Time: 0.3397414999999455
Train loss: 1.7759129998541652 Val loss: 0.21823386332447747 Time: 0.3412533329992584
Train loss: 1.755418492322839 Val loss: 0.20927709266197234 Time: 0.3744073749994641
Train loss: 1.8868179395909692 Val loss: 0.23836283085224455 Time: 0.34485941599996295
Train loss: 1.6096746926262284 Val loss: 0.19714989231852492 Time: 0.34113233300013235
Train loss: 1.6988780113109954 Val loss: 0.20104520195981948 Time: 0.34140033400035463
Train loss: 1.820108656482581 Val loss: 0.2265984603681443 Time: 0.3398149160002504
Train loss: 1.6364497076224307 Val loss: 0.2091181658797459 Time: 0.33954341700064106
Train loss: 1.6788809827778834 Val loss: 0.21317954048661106 Time: 0.3493442090002645
Train loss: 1.6652306928877607 Val loss: 0.22505603059167156 Time: 0.34395991699966544
Train loss: 1.3792289347518452 Val loss: 0.1740106695824781 Time: 0.33993958299925
Train loss: 1.719500237238421 Val loss: 0.26197053018771305 Time: 0.3411478329999227
Train loss: 1.5581417938525206 Val loss: 0.1873893523849752 Time: 0.34010166700045374
Train loss: 1.8310816478781824 Val loss: 0.20957438853263527 Time: 0.33944466699995246
Train loss: 1.6040112176841497 Val loss: 0.20959586113804426 Time: 0.3415714160000789
Train loss: 1.4593472187423302 Val loss: 0.21391801241175062 Time: 0.34438808300001256
Train loss: 1.417159634736933 Val loss: 0.17935236822670322 Time: 0.34010254199984047
Train loss: 1.3840776286552057 Val loss: 0.18921482973833612 Time: 0.34125516599942785
Train loss: 1.476654229237628 Val loss: 0.22604035511064005 Time: 0.34147720800046955
Train loss: 1.3230292478378836 Val loss: 0.18195478724297187 Time: 0.3405207079995307
Train loss: 1.3831978229843322 Val loss: 0.19272031637734754 Time: 0.341243625000061
Train loss: 1.3921745987959184 Val loss: 0.17993070983319584 Time: 0.34501287500006583
Train loss: 1.5935587859124658 Val loss: 0.18908912141353576 Time: 0.3408811669996794
Train loss: 1.4523322023692842 Val loss: 0.18805675676933625 Time: 0.3457860000007713
Train loss: 1.3274472820955587 Val loss: 0.19804766456504633 Time: 0.3429800410003736
Train loss: 1.250896360985088 Val loss: 0.20212827147064702 Time: 0.3397522499999468
Train loss: 1.2339251748552393 Val loss: 0.19113403971240708 Time: 0.3417900840004222
Train loss: 1.2547714886923913 Val loss: 0.20235941881024108 Time: 0.34498941699985153
Train loss: 1.1780466318167413 Val loss: 0.15475458484310775 Time: 0.342364207999708
Train loss: 1.263819316927945 Val loss: 0.17342901468211716 Time: 0.3417771250005899
Train loss: 1.2573400039448117 Val loss: 0.16168104392416655 Time: 0.34150887499981764
Train loss: 1.2674657232516362 Val loss: 0.18825801248295052 Time: 0.3401421250000567
Train loss: 1.3675951140181155 Val loss: 0.16971255820946327 Time: 0.3384730829993714
Train loss: 1.2903377905042248 Val loss: 0.16347089918948043 Time: 0.3433745000002091
Train loss: 1.2366048010198867 Val loss: 0.1607673632958712 Time: 0.34191233399997145
Train loss: 1.2001067417955937 Val loss: 0.1872665033665584 Time: 0.33982954200018867
Train loss: 1.2555983561798438 Val loss: 0.1684055067961295 Time: 0.3406910419998894
Train loss: 1.1776520683186256 Val loss: 0.18936881949566495 Time: 0.34160787499968137
Train loss: 1.0247134085990115 Val loss: 0.157511901163921 Time: 0.34097325000038836
Train loss: 1.1006688742320634 Val loss: 0.16839396972118864 Time: 0.3441289999991568
Train loss: 1.039562943895703 Val loss: 0.16441612895361155 Time: 0.3372785829997156
Train loss: 1.0889367286791831 Val loss: 0.15095990411107132 Time: 0.3378957079994507
Train loss: 1.1745522024438202 Val loss: 0.1542654196628831 Time: 0.3408190840000316
Train loss: 0.9924293281866632 Val loss: 0.1688234998807411 Time: 0.3409557080003651
Train loss: 0.9669743602065068 Val loss: 0.13965450692069875 Time: 0.34120200000052137
Train loss: 1.1086048169146352 Val loss: 0.16284659746906743 Time: 0.3450990419996742
Train loss: 1.004707522765635 Val loss: 0.14559373650355015 Time: 0.34136879200013936
Train loss: 1.0470074995320147 Val loss: 0.1830474017543715 Time: 0.3397265419998803
Train loss: 1.0836734821611458 Val loss: 0.20170039817261196 Time: 0.3395640419994379
Train loss: 0.9523156980840355 Val loss: 0.1571726025529353 Time: 0.3402241250005318
Train loss: 0.987311092101752 Val loss: 0.16914630723188995 Time: 0.3506399580001016
Train loss: 0.9435075790875782 Val loss: 0.16563010173644158 Time: 0.34733358299945394
Train loss: 0.911313771154429 Val loss: 0.1516892227022938 Time: 0.3412792079998326
Train loss: 0.9887732969238527 Val loss: 0.14290260997963738 Time: 0.3746938339991175
Train loss: 0.9110317433930142 Val loss: 0.1487977504930165 Time: 0.3410617910003566
Train loss: 0.9338802047252642 Val loss: 0.17487599090482928 Time: 0.3408318749998216
Train loss: 0.9909971215870321 Val loss: 0.19549320955838267 Time: 0.34246975000041857
Train loss: 0.9731569991975739 Val loss: 0.15112331500723192 Time: 0.3403308749993812
Train loss: 0.9301810256824794 Val loss: 0.16925884862952367 Time: 0.33994075000009616
Train loss: 0.9955403067040578 Val loss: 0.16450412283829 Time: 0.3633401249999224
Train loss: 0.87329451088425 Val loss: 0.14322505913668615 Time: 0.345597333999649
Train loss: 0.9777087731857819 Val loss: 0.15046724007874218 Time: 0.35069387500061566
Train loss: 0.9040430061981652 Val loss: 0.1847239442928965 Time: 0.4089164580000215
Train loss: 0.8592916163114523 Val loss: 0.16396393631478398 Time: 0.4004512080000495
Train loss: 0.7841579378545127 Val loss: 0.16739094297540177 Time: 0.3932102909993773
Train loss: 0.7429129189929853 Val loss: 0.14424085938575734 Time: 0.36114529199949175
Train loss: 1.0495438507235806 Val loss: 0.15425568432052328 Time: 0.3591187499996522
Train loss: 1.0090769942774216 Val loss: 0.1794307689581742 Time: 0.3483019579998654
Train loss: 0.7035051483221055 Val loss: 0.16858464682043656 Time: 0.35492024999985006
Train loss: 0.8193490797247165 Val loss: 0.13837447432923877 Time: 0.34378395800013095
Train loss: 0.835592848980335 Val loss: 0.1674834619848778 Time: 0.34870533299999806
Train loss: 0.9047529664363658 Val loss: 0.15763649327918258 Time: 0.34991249999984575
Train loss: 0.8938448453696148 Val loss: 0.1844089633931672 Time: 0.3442602499999339
Train loss: 0.7228935111244255 Val loss: 0.13636397948404103 Time: 0.34045483299996704
Train loss: 0.7787572720533262 Val loss: 0.19152668148882335 Time: 0.34448316599991813
Train loss: 0.8511141062009528 Val loss: 0.16293125898066427 Time: 0.34653070900003513
Train loss: 0.8835555910506545 Val loss: 0.1558203492225465 Time: 0.37752304100013134
Train loss: 0.8770007650764597 Val loss: 0.15568445357910374 Time: 0.40050895900003525
Shrinking learning rate to 1e-05
Train loss: 1.118107026367511 Val loss: 0.17367916360970706 Time: 0.3886073330004365
Train loss: 0.9489435918458184 Val loss: 0.16458286797089045 Time: 0.3679769159998614
Train loss: 0.9536886268284093 Val loss: 0.16739521164073431 Time: 0.34230612499959534
Train loss: 0.8614018556733072 Val loss: 0.16197196475467265 Time: 0.38774116700005834
Train loss: 0.8383543700371519 Val loss: 0.16276621020029025 Time: 0.360655874999793
Train loss: 0.9471486576682082 Val loss: 0.168099345339961 Time: 0.40661179200014885
Train loss: 0.8504517628864221 Val loss: 0.16363058194698005 Time: 0.347988625000653
Train loss: 0.8438360224193397 Val loss: 0.1634585674795957 Time: 0.3629467500004466
Train loss: 0.8477966073169938 Val loss: 0.16392063409941193 Time: 0.3508233329994255
Train loss: 0.797151984517086 Val loss: 0.16077746283471875 Time: 0.3594424169996273
Shrinking learning rate to 1.0000000000000002e-06
Train loss: 1.493424110483609 Val loss: 0.21105682384728736 Time: 0.394751124999857
Train loss: 1.2862118072708313 Val loss: 0.1943339020385955 Time: 0.413898374999917
Train loss: 1.2374955536549237 Val loss: 0.18864788420833478 Time: 0.3454367080003067
Train loss: 1.1314320269016491 Val loss: 0.17942997505565098 Time: 0.34525433299950237
Train loss: 0.9956757595211663 Val loss: 0.1695451030242184 Time: 0.3436265000000276
Train loss: 1.0461742886151342 Val loss: 0.17126027659297985 Time: 0.3568070829996941
Train loss: 1.0500141273272448 Val loss: 0.16979497709845895 Time: 0.4295994999993127
Train loss: 1.0754552380994475 Val loss: 0.16978366685577048 Time: 0.36497570800020185
Train loss: 0.8849785083610726 Val loss: 0.15765089001972193 Time: 0.3585336249998363
Train loss: 0.9705591831424396 Val loss: 0.16150526016890676 Time: 0.37113270800000464
Shrinking learning rate to 1.0000000000000002e-07
Learning rate getting small
Complete
 Total time: 54.63397512499978