starting log for model: models/rnn_new_23-24.pth
Train loss: 17.637839075252487 Val loss: 1.9650666411953115 Time: 0.3380216250079684
Train loss: 15.262608194825361 Val loss: 1.7276517186778753 Time: 0.311513083986938
Train loss: 12.537333217784933 Val loss: 1.445298887710968 Time: 0.31286283303052187
Train loss: 9.40702741251355 Val loss: 1.1234248100138338 Time: 0.3076678329962306
Train loss: 8.047764463576224 Val loss: 0.9601880006546082 Time: 0.3182336250320077
Train loss: 7.557493034992902 Val loss: 0.9028366173407928 Time: 0.30178091704146937
Train loss: 7.237783428551186 Val loss: 0.8647121041353351 Time: 0.2992260840255767
Train loss: 6.955721664527857 Val loss: 0.8352175544428138 Time: 0.30607574997702613
Train loss: 6.716355952602798 Val loss: 0.7853537391380992 Time: 0.30053808400407434
Train loss: 6.507595143495848 Val loss: 0.761635717788009 Time: 0.29842037498019636
Train loss: 6.314321897960788 Val loss: 0.7398188593530428 Time: 0.3036855000536889
Train loss: 6.150725199606782 Val loss: 0.7229862569123165 Time: 0.3139812499866821
Train loss: 5.983563661364817 Val loss: 0.7062662251548089 Time: 0.3030470420490019
Train loss: 5.832339354637169 Val loss: 0.6898628234438107 Time: 0.33084562502335757
Train loss: 5.6823965858676395 Val loss: 0.673608605222815 Time: 0.29951291700126603
Train loss: 5.540378673668961 Val loss: 0.6576112140348443 Time: 0.2987304169801064
Train loss: 5.404060355977748 Val loss: 0.6414243504750291 Time: 0.29795500001637265
Train loss: 5.272944322274458 Val loss: 0.6258902026393257 Time: 0.30224404198816046
Train loss: 5.145278355056135 Val loss: 0.6107322917315983 Time: 0.3050107500166632
Train loss: 5.021729763172168 Val loss: 0.5958650537632713 Time: 0.2973955830093473
Train loss: 4.916231333013362 Val loss: 0.5833407811862165 Time: 0.2973287079948932
Train loss: 4.7592649534503835 Val loss: 0.5654805747023283 Time: 0.2971687910030596
Train loss: 4.6208758445614215 Val loss: 0.548801939299558 Time: 0.3766320419963449
Train loss: 4.493486495874748 Val loss: 0.5351881198715416 Time: 0.30086070799734443
Train loss: 4.349748464435321 Val loss: 0.5186007034703828 Time: 0.31291316699935123
Train loss: 4.226567353657174 Val loss: 0.5042084928353625 Time: 0.29682745900936425
Train loss: 4.113944815866034 Val loss: 0.4905696857724261 Time: 0.2982499999925494
Train loss: 3.987916227856772 Val loss: 0.47556741531529323 Time: 0.29826879204483703
Train loss: 3.8755584592103958 Val loss: 0.4620042115570042 Time: 0.2977129169739783
Train loss: 3.7847135367096527 Val loss: 0.45073037869649396 Time: 0.29852224997011945
Train loss: 3.702969827226344 Val loss: 0.4382899831214102 Time: 0.29724058299325407
Train loss: 3.616788612300271 Val loss: 0.4280002303755781 Time: 0.3078765830141492
Train loss: 3.5339011905304574 Val loss: 0.41904492436449425 Time: 0.2983359170029871
Train loss: 3.471260953306196 Val loss: 0.4098846181286921 Time: 0.2986117089749314
Train loss: 3.414343239193407 Val loss: 0.4027112233034688 Time: 0.29714395897462964
Train loss: 3.346266648086571 Val loss: 0.3932089635822033 Time: 0.2967286250204779
Train loss: 3.2825727310871002 Val loss: 0.38419802760730365 Time: 0.29861091601196676
Train loss: 3.229504084446276 Val loss: 0.3770237288162563 Time: 0.2973290410009213
Train loss: 3.1881915478003293 Val loss: 0.37020979281528926 Time: 0.3069616249995306
Train loss: 3.136426760487467 Val loss: 0.3615175465250177 Time: 0.2976315409759991
Train loss: 3.0754111507914104 Val loss: 0.35513876109694165 Time: 0.2976631249766797
Train loss: 3.0304103223082883 Val loss: 0.34730790749408985 Time: 0.2988052080036141
Train loss: 2.973300104632699 Val loss: 0.3394320840804308 Time: 0.2979840830084868
Train loss: 2.9273680223884924 Val loss: 0.33341170914638574 Time: 0.2984347909805365
Train loss: 2.888896143532783 Val loss: 0.32622123265989555 Time: 0.29836229200009257
Train loss: 2.8329546222591517 Val loss: 0.3192342487976622 Time: 0.3067239169613458
Train loss: 2.800240492216171 Val loss: 0.31253380026473326 Time: 0.2986162909655832
Train loss: 2.757284547177864 Val loss: 0.30659916796734704 Time: 0.2975659999647178
Train loss: 2.7149600659993887 Val loss: 0.29817588806549006 Time: 0.2979459589696489
Train loss: 2.6713010360771317 Val loss: 0.29283286069261794 Time: 0.3716670419671573
Train loss: 2.637781716703925 Val loss: 0.2879741012059317 Time: 0.29739591700490564
Train loss: 2.5942225093886506 Val loss: 0.28147481680267683 Time: 0.3108144160360098
Train loss: 2.5594853051272253 Val loss: 0.2766354693592287 Time: 0.2980324159725569
Train loss: 2.5158418694621654 Val loss: 0.2704636554070459 Time: 0.2988328749779612
Train loss: 2.483045957173985 Val loss: 0.26582846179699604 Time: 0.29671183304162696
Train loss: 2.4418244371282185 Val loss: 0.2601162702373647 Time: 0.29903529200237244
Train loss: 2.4148530266826924 Val loss: 0.2572409874429521 Time: 0.29841654101619497
Train loss: 2.3814469029379666 Val loss: 0.2525212260324163 Time: 0.30345879099331796
Train loss: 2.3511367071213343 Val loss: 0.24931776440801603 Time: 0.30713625001953915
Train loss: 2.302588855732605 Val loss: 0.24429901062264658 Time: 0.2974786250269972
Train loss: 2.2681193075268453 Val loss: 0.23905419920439663 Time: 0.29791862500132993
Train loss: 2.242796181941344 Val loss: 0.23684457002102205 Time: 0.2977296669851057
Train loss: 2.2110306019492967 Val loss: 0.23248848616967627 Time: 0.2976364589994773
Train loss: 2.1862710386958497 Val loss: 0.23066781079391965 Time: 0.2986818749923259
Train loss: 2.149283738916523 Val loss: 0.22611316434458878 Time: 0.2978306249715388
Train loss: 2.1251488978944524 Val loss: 0.22256853821091424 Time: 0.30604870803654194
Train loss: 2.096670932129232 Val loss: 0.21982880319095996 Time: 0.2979152089683339
Train loss: 2.065491122858027 Val loss: 0.21675317549205175 Time: 0.2990267910063267
Train loss: 2.035660551400426 Val loss: 0.21264387559587547 Time: 0.2987279579974711
Train loss: 2.0132459945251853 Val loss: 0.2096944810808524 Time: 0.29641241702483967
Train loss: 1.9877770256175236 Val loss: 0.2076401063470203 Time: 0.2973100410308689
Train loss: 1.954747801964416 Val loss: 0.20331124847255888 Time: 0.2978351670317352
Train loss: 1.9331867943068648 Val loss: 0.20165329629400086 Time: 0.3059447080013342
Train loss: 1.9028598216521928 Val loss: 0.1974750932348037 Time: 0.2977114159730263
Train loss: 1.884760569069213 Val loss: 0.19551494702529565 Time: 0.2973820829647593
Train loss: 1.8516786952560604 Val loss: 0.19315616062639088 Time: 0.29816479195142165
Train loss: 1.8418985327946515 Val loss: 0.19067508264756305 Time: 0.315852208994329
Train loss: 1.8065462417154414 Val loss: 0.18710440794534428 Time: 0.2977894999785349
Train loss: 1.7855073341491803 Val loss: 0.18582491219210542 Time: 0.38106250000419095
Train loss: 1.763432395207161 Val loss: 0.18400777764296147 Time: 0.29922850005095825
Train loss: 1.7400406836325146 Val loss: 0.1810266239805185 Time: 0.2987471669912338
Train loss: 1.710695258230952 Val loss: 0.17818648079789562 Time: 0.2983647920191288
Train loss: 1.6903823702576886 Val loss: 0.17654569321248295 Time: 0.2977307499968447
Train loss: 1.664279437419399 Val loss: 0.17550375404410068 Time: 0.29939812497468665
Train loss: 1.6326891273184287 Val loss: 0.17310353127512398 Time: 0.29806900001131
Train loss: 1.6119942263814977 Val loss: 0.17013033663019947 Time: 0.3069944580201991
Train loss: 1.5860289843140976 Val loss: 0.17035727241645818 Time: 0.2986971249920316
Train loss: 1.5736276190799856 Val loss: 0.1677122378637823 Time: 0.2977804580004886
Train loss: 1.5383696905488478 Val loss: 0.1709514298759727 Time: 0.2991057090112008
Train loss: 1.524721407549876 Val loss: 0.16577439277835862 Time: 0.2987825839663856
Train loss: 1.5136658259710316 Val loss: 0.16835624089533838 Time: 0.2994642920093611
Train loss: 1.4757235920891958 Val loss: 0.16405586304320796 Time: 0.2989651249954477
Train loss: 1.4759096499420155 Val loss: 0.1650999141066894 Time: 0.30675058299675584
Train loss: 1.427925943998929 Val loss: 0.16167570778868084 Time: 0.29815200000302866
Train loss: 1.4153041986702668 Val loss: 0.16301472668048653 Time: 0.2978025830234401
Train loss: 1.3874868971770127 Val loss: 0.15765327355709802 Time: 0.3017553749959916
Train loss: 1.370442984427683 Val loss: 0.18992857039250652 Time: 0.300457582983654
Train loss: 1.3541101529144477 Val loss: 0.18628265202568017 Time: 0.3087203339673579
Train loss: 1.330499948248061 Val loss: 0.18160626872179653 Time: 0.30733495799358934
Train loss: 1.3062080221542516 Val loss: 0.18292548778339848 Time: 0.32024966698372737
Train loss: 1.2931970280501552 Val loss: 0.18238936607883513 Time: 0.3028251670184545
Train loss: 1.277789161551361 Val loss: 0.18042250961164377 Time: 0.302810708002653
Train loss: 1.2725626142887023 Val loss: 0.17894254666450016 Time: 0.3009202919784002
Train loss: 1.2416073080580716 Val loss: 0.17448907354174825 Time: 0.3039625000092201
Train loss: 1.2094210821024995 Val loss: 0.1764409031017742 Time: 0.30137983401073143
Train loss: 1.1956895198259758 Val loss: 0.1758299776178045 Time: 0.30326187500031665
Train loss: 1.1786803239315282 Val loss: 0.17243529058731247 Time: 0.3007692500250414
Train loss: 1.1595126519534347 Val loss: 0.17320520660982774 Time: 0.2974704169901088
Train loss: 1.1393061685875523 Val loss: 0.17209808939849972 Time: 0.2972480409662239
Train loss: 1.1180117519566046 Val loss: 0.17004199787495758 Time: 0.3056366670061834
Train loss: 1.09968571076422 Val loss: 0.17239745595281553 Time: 0.30194912501610816
Train loss: 1.0854852811659663 Val loss: 0.1681069432687997 Time: 0.2981987919774838
Train loss: 1.072652349672527 Val loss: 0.16718531663903602 Time: 0.3086935000028461
Train loss: 1.0585297564933853 Val loss: 0.16685201059976826 Time: 0.29990008304594085
Train loss: 1.0433191922469867 Val loss: 0.1692035199909519 Time: 0.3094726250274107
Train loss: 1.0383818463386874 Val loss: 0.16330493150231776 Time: 0.30686770798638463
Train loss: 1.023863323860212 Val loss: 0.1667499912607696 Time: 0.3039667080156505
Train loss: 1.0061728377364716 Val loss: 0.1631023924606184 Time: 0.3049368330393918
Train loss: 1.0026966856926691 Val loss: 0.16039132416177135 Time: 0.2985272500081919
Train loss: 0.9902668600236879 Val loss: 0.158403623626663 Time: 0.3073222080129199
Train loss: 0.969821669195313 Val loss: 0.15791860483574652 Time: 0.29808312497334555
Train loss: 0.9650492955550627 Val loss: 0.15706208736389043 Time: 0.2990721660316922
Train loss: 0.9529989521512334 Val loss: 0.1550252456365871 Time: 0.2978925000061281
Train loss: 0.941574835723884 Val loss: 0.1544782792114015 Time: 0.29851533396868035
Train loss: 0.9491893434117387 Val loss: 0.14953528263321705 Time: 0.2995872909668833
Train loss: 0.9292447592191024 Val loss: 0.15210225265853014 Time: 0.2976055829785764
Train loss: 0.9175020925921498 Val loss: 0.14966321053675907 Time: 0.30702245800057426
Train loss: 0.9087509817094492 Val loss: 0.14707800268231436 Time: 0.30165208398830146
Train loss: 0.9171640790382938 Val loss: 0.14441801625473386 Time: 0.3161877089878544
Train loss: 0.8910401591237331 Val loss: 0.14991213950625276 Time: 0.29913966602180153
Train loss: 0.8914499251091801 Val loss: 0.14875221948719422 Time: 0.2982874160516076
Train loss: 0.9033719811706931 Val loss: 0.1405867788076568 Time: 0.29629533301340416
Train loss: 0.9012494681911676 Val loss: 0.14485519523695287 Time: 0.29781295801512897
Train loss: 0.8660230753751819 Val loss: 0.15082277254963494 Time: 0.30669716699048877
Train loss: 0.856030684454101 Val loss: 0.15527850204065402 Time: 0.2986009999876842
Train loss: 0.8389393595291106 Val loss: 0.15743866996471007 Time: 0.2970795829896815
Train loss: 0.8491781935109834 Val loss: 0.1459042912933088 Time: 0.2980281669879332
Train loss: 0.8398895060179561 Val loss: 0.1409239279335924 Time: 0.29825316701317206
Train loss: 0.8235820423072475 Val loss: 0.14516295432118362 Time: 0.29626079101581126
Train loss: 0.8027745079351689 Val loss: 0.16681116236374058 Time: 0.30386179202469066
Train loss: 0.8267306587419263 Val loss: 0.15590884946499065 Time: 0.2976380830514245
Train loss: 0.7894282920676545 Val loss: 0.1570442767788756 Time: 0.2960247919545509
Train loss: 0.7926835389403664 Val loss: 0.1442986491634978 Time: 0.29786116600735113
Train loss: 0.7681514089011614 Val loss: 0.14173061418531155 Time: 0.2982516660122201
Train loss: 0.7676139132183906 Val loss: 0.14841036863030463 Time: 0.2981825419701636
Train loss: 0.7538511333938516 Val loss: 0.1584603228158847 Time: 0.298726707987953
Train loss: 0.7522314906821359 Val loss: 0.1502943698293365 Time: 0.31656729202950373
Train loss: 0.7879985932689095 Val loss: 0.14550350309103585 Time: 0.29826283402508125
Train loss: 0.8059276166740705 Val loss: 0.1497490397619412 Time: 0.29798458400182426
Train loss: 0.748746653870981 Val loss: 0.17370532657651033 Time: 0.29816762497648597
Train loss: 0.7553083357795423 Val loss: 0.2205840237183662 Time: 0.29160179203609005
Train loss: 0.7588287656151849 Val loss: 0.19119898126740248 Time: 0.3630198330502026
Train loss: 0.7542630560044472 Val loss: 0.12964748068452525 Time: 0.35581370803993195
Train loss: 0.860550207305999 Val loss: 0.13252784410266702 Time: 0.34048925002571195
Train loss: 0.7837043926280103 Val loss: 0.13410499169609127 Time: 0.3135468339896761
Train loss: 0.670771608753526 Val loss: 0.1778004313530608 Time: 0.2922188750235364
Train loss: 0.6701407528575629 Val loss: 0.20032933571616068 Time: 0.2919108340283856
Train loss: 0.6875042107940743 Val loss: 0.1968960151405593 Time: 0.2918710000230931
Train loss: 0.6785904651331309 Val loss: 0.1288743170590349 Time: 0.2942130829906091
Train loss: 0.795874146874926 Val loss: 0.12811448288902702 Time: 0.3299825840513222
Train loss: 0.7918825461214283 Val loss: 0.13208103464992718 Time: 0.2986185420304537
Train loss: 0.6496456053321538 Val loss: 0.18083222212607888 Time: 0.29434591700555757
Train loss: 0.7487140655630071 Val loss: 0.2456356829499974 Time: 0.29477670800406486
Train loss: 0.7493494951467454 Val loss: 0.15035775121628184 Time: 0.2936400420148857
Train loss: 0.7011752104822335 Val loss: 0.1257721778853066 Time: 0.294446624990087
Train loss: 1.0321816681207565 Val loss: 0.14382249467896652 Time: 0.29551575001096353
Train loss: 0.6730900468966752 Val loss: 0.15120632801060543 Time: 0.30262837500777096
Train loss: 0.6265655765067848 Val loss: 0.19658885904418522 Time: 0.29531441698782146
Train loss: 0.6641127953497659 Val loss: 0.18504833607846732 Time: 0.2949607920018025
Train loss: 0.6248608255693053 Val loss: 0.12811164919541215 Time: 0.2952250420348719
Train loss: 0.9708401611234496 Val loss: 0.13940969993088742 Time: 0.29341308400034904
Train loss: 0.7346241208694266 Val loss: 0.13998193667432535 Time: 0.2940279169706628
Train loss: 0.7066022509937682 Val loss: 0.23282249640427516 Time: 0.2939597920048982
Train loss: 0.6795926953286227 Val loss: 0.1492835237604178 Time: 0.3073202919913456
Train loss: 0.5644966525304898 Val loss: 0.12365262434784156 Time: 0.29766391700832173
Train loss: 0.7139439549296913 Val loss: 0.12287301148697885 Time: 0.29429333296138793
Train loss: 0.7017020799751146 Val loss: 0.13673799957709154 Time: 0.29242474999045953
Train loss: 0.5908201096445405 Val loss: 0.21436086666365767 Time: 0.2910422079730779
Train loss: 0.81665860570536 Val loss: 0.2534018375972401 Time: 0.29192583402618766
Train loss: 0.7444759535487151 Val loss: 0.14160524999324745 Time: 0.2927471250295639
Train loss: 0.6587809180366548 Val loss: 0.1289081697753217 Time: 0.3006247919984162
Train loss: 0.749294163232195 Val loss: 0.12628951350614226 Time: 0.2938255000044592
Train loss: 0.5775238019395488 Val loss: 0.1450048603018252 Time: 0.2943855830235407
Train loss: 0.5649638604440952 Val loss: 0.23334323386294903 Time: 0.2938810830237344
Shrinking learning rate to 1e-05
Train loss: 0.643253195888823 Val loss: 0.13024200366560312 Time: 0.3983062090119347
Train loss: 0.560949758983611 Val loss: 0.13155876281303466 Time: 0.29380333301378414
Train loss: 0.5364484590048804 Val loss: 0.13255089377421395 Time: 0.3213525000028312
Train loss: 0.5263134606548528 Val loss: 0.13283582068884667 Time: 0.3069272079737857
Train loss: 0.5202126477866642 Val loss: 0.1328951524946568 Time: 0.29272775002755225
Train loss: 0.5154776813874271 Val loss: 0.1328227469287239 Time: 0.2927488340064883
Train loss: 0.5114111983470693 Val loss: 0.13297433681973772 Time: 0.29649216699181125
Train loss: 0.5077322065906102 Val loss: 0.13306852202329442 Time: 0.29325208300724626
Train loss: 0.504945952305385 Val loss: 0.13312026237736074 Time: 0.2925356670166366
Train loss: 0.5018783979129608 Val loss: 0.13303579924508882 Time: 0.2919308750424534
Train loss: 0.49951817269664855 Val loss: 0.13304269297040705 Time: 0.3009071670239791
Train loss: 0.49747188934302944 Val loss: 0.13308067003255591 Time: 0.2951666669687256
Train loss: 0.49539260826743714 Val loss: 0.13302526814846502 Time: 0.30247758398763835
Train loss: 0.49348706591448654 Val loss: 0.13303887416987564 Time: 0.32158462499501184
Train loss: 0.49177430469467076 Val loss: 0.13294568789777045 Time: 0.3020249580149539
Train loss: 0.49039399625294344 Val loss: 0.13286514143662692 Time: 0.2959145419881679
Train loss: 0.48872591918563746 Val loss: 0.13277405159257083 Time: 0.29508816701127216
Train loss: 0.48737879418363406 Val loss: 0.1327306692368643 Time: 0.3025943330139853
Train loss: 0.48622891913533994 Val loss: 0.13262975037147712 Time: 0.2916454169899225
Train loss: 0.4848500598198129 Val loss: 0.13249199805260248 Time: 0.29525008401833475
Train loss: 0.48361912309121635 Val loss: 0.13253731982569894 Time: 0.3008532919920981
Train loss: 0.4826806494100637 Val loss: 0.13248996662846527 Time: 0.29487525002332404
Train loss: 0.48137609023934363 Val loss: 0.13248469881252217 Time: 0.29297708300873637
Train loss: 0.4801544269059111 Val loss: 0.13257562252984875 Time: 0.2948043750366196
Train loss: 0.47927056191211115 Val loss: 0.1325904737299964 Time: 0.33480541699100286
Train loss: 0.47797663169858284 Val loss: 0.13239167383235742 Time: 0.32287999999243766
Train loss: 0.47686404692900286 Val loss: 0.13239477013173143 Time: 0.2967797919991426
Train loss: 0.4760154494269102 Val loss: 0.13235313169904733 Time: 0.2973975830245763
Train loss: 0.47491085055693105 Val loss: 0.1323210184515139 Time: 0.2965560000156984
Train loss: 0.4740303331642366 Val loss: 0.1322632892180349 Time: 0.2980096670216881
Train loss: 0.47329788640324466 Val loss: 0.1322321263703627 Time: 0.3061420420417562
Train loss: 0.4722725444696323 Val loss: 0.13217437000994522 Time: 0.3026724170194939
Train loss: 0.47133429722936526 Val loss: 0.13207120794432023 Time: 0.2949622920132242
Train loss: 0.4706235378038315 Val loss: 0.13204673979389625 Time: 0.2929685419658199
Train loss: 0.46963563118175333 Val loss: 0.1319875547182571 Time: 0.29196962498826906
Train loss: 0.46880586449672634 Val loss: 0.13197400608529455 Time: 0.2952130420017056
Train loss: 0.468144703984533 Val loss: 0.1318956372542134 Time: 0.4180336670251563
Train loss: 0.4673132531540338 Val loss: 0.1318605403565277 Time: 0.3189335420029238
Train loss: 0.46645167850526104 Val loss: 0.1317787517945069 Time: 0.29339545901166275
Train loss: 0.4658260155953301 Val loss: 0.13166013700990187 Time: 0.29457075003301725
Train loss: 0.46495976662839666 Val loss: 0.13153990056907655 Time: 0.2964628749759868
Train loss: 0.46406987910464026 Val loss: 0.1314901138435412 Time: 0.2966424580081366
Train loss: 0.4633223149617438 Val loss: 0.1313848793978899 Time: 0.29328529100166634
Train loss: 0.46279418659114313 Val loss: 0.13135328550387718 Time: 0.29453170800115913
Train loss: 0.46190060830751634 Val loss: 0.13128303053861803 Time: 0.3015241250395775
Train loss: 0.46113550904892 Val loss: 0.13115810147307996 Time: 0.29202895797789097
Train loss: 0.46068689398028084 Val loss: 0.1311030059807139 Time: 0.2929769590264186
Train loss: 0.4598214773395003 Val loss: 0.1311025674478062 Time: 0.29234841698780656
Train loss: 0.4591263678331157 Val loss: 0.1310552767536323 Time: 0.2926930000539869
Train loss: 0.4583886948102638 Val loss: 0.1308698457324281 Time: 0.29455591697478667
Train loss: 0.45803833434622643 Val loss: 0.13088929692434817 Time: 0.2920681250398047
Train loss: 0.4571542564690152 Val loss: 0.13087111994529602 Time: 0.299163541989401
Train loss: 0.45652691130718215 Val loss: 0.13077310193202482 Time: 0.2921625829767436
Train loss: 0.4560733975089786 Val loss: 0.13073668023947882 Time: 0.3143460829742253
Train loss: 0.4552720173281024 Val loss: 0.13064037976670761 Time: 0.2931381670059636
Train loss: 0.4546240395901431 Val loss: 0.13067263034952178 Time: 0.29188470903318375
Train loss: 0.45424811731641324 Val loss: 0.13058512735992833 Time: 0.292976374970749
Train loss: 0.4535396219105141 Val loss: 0.13058497918814868 Time: 0.2923172920127399
Train loss: 0.4527672737486199 Val loss: 0.13053227006777934 Time: 0.31262758397497237
Train loss: 0.45229926665973963 Val loss: 0.13043649507675759 Time: 0.292614291945938
Train loss: 0.4517888621697077 Val loss: 0.1304743363429132 Time: 0.291434874990955
Train loss: 0.4510474360438055 Val loss: 0.13038247622538385 Time: 0.2928466250305064
Train loss: 0.45044557236339955 Val loss: 0.13026809177086873 Time: 0.291809959046077
Train loss: 0.45005277167586843 Val loss: 0.13032915731071804 Time: 0.2941885420004837
Train loss: 0.44941405328844386 Val loss: 0.13033437591815103 Time: 0.29271887498907745
Train loss: 0.4487800776386246 Val loss: 0.13027598461478765 Time: 0.3165527500095777
Complete
 Total time: 75.90754758298863