starting log for model: models/rnn_comb_fcast_23_new_23-24.pth
Train loss: 16.342847554367353 Val loss: 1.8015070149629895 Time: 0.2965772500028834
Train loss: 12.532351089039544 Val loss: 1.4221825861107018 Time: 0.32292395799595397
Train loss: 9.402677067331489 Val loss: 1.1049792698603498 Time: 0.29453545800060965
Train loss: 7.952083591260035 Val loss: 0.9485211375850991 Time: 0.2784772500017425
Train loss: 7.309787841984182 Val loss: 0.8709230135820052 Time: 0.2813630829914473
Train loss: 6.679632720947978 Val loss: 0.8019596759721457 Time: 0.2704128749901429
Train loss: 6.260115703436377 Val loss: 0.7588232275522356 Time: 0.2680620000028284
Train loss: 6.033993004293141 Val loss: 0.7315509320993061 Time: 0.2706990839942591
Train loss: 5.93480371672365 Val loss: 0.7204230293202538 Time: 0.27831208299903665
Train loss: 5.972302993058001 Val loss: 0.7220439358810171 Time: 0.27498070799629204
Train loss: 5.23514281966834 Val loss: 0.636513463329086 Time: 0.2758794170076726
Train loss: 5.27328228869132 Val loss: 0.6331561072680189 Time: 0.2709929159900639
Train loss: 5.159150037942492 Val loss: 0.628898034598585 Time: 0.28205762499419507
Train loss: 4.844678107179682 Val loss: 0.5931929696666334 Time: 0.346645500001614
Train loss: 4.774997583960024 Val loss: 0.5901438013919226 Time: 0.5648505419958383
Train loss: 4.667942746928048 Val loss: 0.5730176162801172 Time: 0.35583491598663386
Train loss: 4.400995394147344 Val loss: 0.5407692410445946 Time: 0.32329462499183137
Train loss: 4.204378791343402 Val loss: 0.5200585045186082 Time: 0.3477629590051947
Train loss: 4.37925937443714 Val loss: 0.5296783999032044 Time: 0.3356129159947159
Train loss: 3.939810573780562 Val loss: 0.49270486946934405 Time: 0.2768700419983361
Train loss: 3.882536047517135 Val loss: 0.4832024902702262 Time: 0.34195279200503137
Train loss: 3.8556639236576444 Val loss: 0.49905839824087983 Time: 0.4343604169989703
Train loss: 3.719390792255311 Val loss: 0.4513895254827941 Time: 0.3542315829981817
Train loss: 3.592771686243985 Val loss: 0.45137232205678834 Time: 0.30301399999007117
Train loss: 3.4974537628353772 Val loss: 0.43590200548555397 Time: 0.3903280829981668
Train loss: 3.308770095820364 Val loss: 0.4329802042781984 Time: 0.35564049999811687
Train loss: 3.323356986824124 Val loss: 0.402103971188528 Time: 0.6307723749923753
Train loss: 3.1352130767505955 Val loss: 0.38301152197787275 Time: 0.42249145900132135
Train loss: 3.147113317629671 Val loss: 0.38141409909368534 Time: 0.6196679589920677
Train loss: 3.041110675081484 Val loss: 0.3828350031946001 Time: 0.5123180829978082
Train loss: 2.9183967108932762 Val loss: 0.362726443124663 Time: 0.3378092920029303
Train loss: 2.750420022332591 Val loss: 0.3619973484139525 Time: 0.2876242500060471
Train loss: 2.7205579125163837 Val loss: 0.3419621877405367 Time: 0.29037324999808334
Train loss: 2.6942098572305326 Val loss: 0.31156598654193296 Time: 0.2846158330066828
Train loss: 2.686597743713847 Val loss: 0.3546148780410793 Time: 0.2960426659992663
Train loss: 2.4501668585182443 Val loss: 0.28039763627453795 Time: 0.28547570800583344
Train loss: 2.498194672609948 Val loss: 0.30377143679014834 Time: 0.33265429199673235
Train loss: 2.4975695473255968 Val loss: 0.2879835848944044 Time: 0.3071984170092037
Train loss: 2.2627719949196035 Val loss: 0.28063754778319416 Time: 0.3544797080103308
Train loss: 2.3184362637665537 Val loss: 0.27845238458489 Time: 0.35683045799669344
Train loss: 2.2029801001309575 Val loss: 0.24038464929844403 Time: 0.324176374997478
Train loss: 2.235800224480478 Val loss: 0.25192545880929856 Time: 0.2861208749964135
Train loss: 2.105621876619484 Val loss: 0.2188417233026754 Time: 0.28630462499859277
Train loss: 2.036980377000104 Val loss: 0.25423492308854606 Time: 0.2840300409880001
Train loss: 2.1200607888915215 Val loss: 0.23012429692755176 Time: 0.29196137499820907
Train loss: 1.9217014171021134 Val loss: 0.2208134518651719 Time: 0.29116504099511076
Train loss: 2.078996184103847 Val loss: 0.2445384758284195 Time: 0.28367887499916833
Train loss: 1.9005907858294506 Val loss: 0.21334159656392196 Time: 0.31809875000908505
Train loss: 1.998997078790282 Val loss: 0.21480619905873308 Time: 0.3315074579877546
Train loss: 1.8074495492371199 Val loss: 0.18081653718973273 Time: 0.3567389160016319
Train loss: 1.90199584431004 Val loss: 0.20854937155899275 Time: 0.40154354099649936
Train loss: 1.7720177486067445 Val loss: 0.18035839548856628 Time: 0.2965045830060262
Train loss: 1.8321257006286231 Val loss: 0.19325971478039158 Time: 0.29028662499331404
Train loss: 1.8253439798118478 Val loss: 0.2031214105893358 Time: 0.28558795899152756
Train loss: 1.7633127055447968 Val loss: 0.17888126616587524 Time: 0.3042759169911733
Train loss: 1.7030185939676983 Val loss: 0.18836334098527013 Time: 0.28899104200536385
Train loss: 1.576468519281188 Val loss: 0.16158921474422389 Time: 0.2893839579919586
Train loss: 1.6878524554429646 Val loss: 0.19320274888463584 Time: 0.28912499999569263
Train loss: 1.662770944469358 Val loss: 0.1674024194326825 Time: 0.28789570899971295
Train loss: 1.659163802429731 Val loss: 0.18876075462936348 Time: 0.2886330830078805
Train loss: 1.4104988214552707 Val loss: 0.14105306275026158 Time: 0.29243099999439437
Train loss: 1.494157498825019 Val loss: 0.16203761466024433 Time: 0.331426457996713
Train loss: 1.5233759340568582 Val loss: 0.15784480830058167 Time: 0.31960079199052416
Train loss: 1.428167950812977 Val loss: 0.1438290370023342 Time: 0.36567674999241717
Train loss: 1.408006262701352 Val loss: 0.14200594458250596 Time: 0.32582391699543223
Train loss: 1.384124340974214 Val loss: 0.14097267427119156 Time: 0.30865904201345984
Train loss: 1.4178757281580578 Val loss: 0.1422959797840509 Time: 0.3742948750004871
Train loss: 1.460621847378519 Val loss: 0.16067404325692503 Time: 0.3709076660015853
Train loss: 1.3724371513147275 Val loss: 0.1445780438095938 Time: 0.3199304169975221
Train loss: 1.2685225484013074 Val loss: 0.12770600367452875 Time: 0.31162420799955726
Train loss: 1.2400144132472004 Val loss: 0.12404669152551862 Time: 0.35273779201088473
Train loss: 1.244754523498374 Val loss: 0.13629277900403508 Time: 0.329413958999794
Train loss: 1.302107582157828 Val loss: 0.16180776873885308 Time: 0.42839241700130515
Train loss: 1.2433354801733119 Val loss: 0.1274308216048909 Time: 0.3378123339934973
Train loss: 1.1954735479842817 Val loss: 0.12318891199908853 Time: 0.32010799999989104
Train loss: 1.1510820152485906 Val loss: 0.12972430074051636 Time: 0.30151908300467767
Train loss: 1.2307214486493319 Val loss: 0.12351472362609672 Time: 0.29748083399317693
Train loss: 1.0899796266825952 Val loss: 0.11119108897742637 Time: 0.2977917500102194
Train loss: 1.00694354807153 Val loss: 0.10694412311123905 Time: 0.29837912500079256
Train loss: 1.1436156845162664 Val loss: 0.1148561471553464 Time: 0.32037512499664444
Train loss: 1.0877448844257627 Val loss: 0.11114540063360438 Time: 0.2966120420023799
Train loss: 1.085319831772292 Val loss: 0.10891067865487958 Time: 0.29605825000908226
Train loss: 1.1455323411752094 Val loss: 0.11943189456563971 Time: 0.298081374989124
Train loss: 1.0915857126976576 Val loss: 0.11018410064858204 Time: 0.3191898749937536
Train loss: 1.0183754669952059 Val loss: 0.15291131864438964 Time: 0.3093079999962356
Train loss: 0.9824322268157317 Val loss: 0.10248606717964587 Time: 0.31859525000618305
Train loss: 0.9426706651915246 Val loss: 0.1193434911408283 Time: 0.33326883301197086
Train loss: 1.0207682601192118 Val loss: 0.12444001970772622 Time: 0.2961517499934416
Train loss: 1.2427940271485483 Val loss: 0.13057866723595687 Time: 0.2995555829984369
Train loss: 1.1085503802682979 Val loss: 0.11570008962807506 Time: 0.2982137090002652
Train loss: 0.9016061672675253 Val loss: 0.09792887356613368 Time: 0.29536287499649916
Train loss: 1.0479264125421004 Val loss: 0.11134500025861123 Time: 0.29544562500086613
Train loss: 0.8924724391726429 Val loss: 0.10568597409936731 Time: 0.4282132090011146
Train loss: 0.8384554925805405 Val loss: 0.09316480218298848 Time: 0.5114728329936042
Train loss: 0.9461315554036329 Val loss: 0.09506394161593475 Time: 0.3035788749984931
Train loss: 0.9266445712809883 Val loss: 0.09950062752394746 Time: 0.3137284160038689
Train loss: 0.9600324668673466 Val loss: 0.10751548741789795 Time: 0.32365804200526327
Train loss: 0.940412048998013 Val loss: 0.1218231160989486 Time: 0.3181629999889992
Train loss: 0.9351624054987262 Val loss: 0.0943075781448504 Time: 0.3122265830024844
Train loss: 0.8638448749947099 Val loss: 0.10277595998952675 Time: 0.33102404201054014
Train loss: 0.9031059961428838 Val loss: 0.10375251849682733 Time: 0.33025891600118484
Train loss: 0.8404159899659973 Val loss: 0.10787402982149917 Time: 0.38147433300036937
Train loss: 0.7916851626299604 Val loss: 0.11322164773208776 Time: 0.3716804590076208
Train loss: 0.9853879593363701 Val loss: 0.12608881329657617 Time: 0.34777441700862255
Train loss: 0.8201548183902427 Val loss: 0.1030450463391892 Time: 0.3250612919946434
Train loss: 0.9358039530872304 Val loss: 0.12262374782484084 Time: 0.5348335840099026
Train loss: 0.9318240009478317 Val loss: 0.11983518837337262 Time: 0.32407170899386983
Train loss: 0.9712009530013734 Val loss: 0.16009071207836048 Time: 0.31919462500081863
Train loss: 0.8862531448719224 Val loss: 0.08931248434565404 Time: 0.31527674999961164
Train loss: 0.7958214405363537 Val loss: 0.08355284166622737 Time: 0.30733254199731164
Train loss: 0.9006035584766323 Val loss: 0.19258638768761333 Time: 0.3661755840003025
Train loss: 1.056229467058671 Val loss: 0.10694078509863675 Time: 0.31153929099673405
Shrinking learning rate to 1e-05
Train loss: 1.0785473383512718 Val loss: 0.13149250114854752 Time: 0.3155762910027988
Train loss: 0.9916154651738518 Val loss: 0.12089129856298016 Time: 0.30915279100008775
Train loss: 0.943652813749118 Val loss: 0.11403825010381384 Time: 0.3065324579947628
Train loss: 0.9487700606016887 Val loss: 0.10780932959567112 Time: 0.30997079200460576
Train loss: 0.9090075527986841 Val loss: 0.10138825502238832 Time: 0.43494416600151453
Train loss: 0.8327733741931667 Val loss: 0.09343182211755796 Time: 0.40911233400402125
Train loss: 0.8405839089148444 Val loss: 0.09837366518663482 Time: 0.3202876249997644
Train loss: 0.7685301823625323 Val loss: 0.09237081026515158 Time: 0.33709791699948255
Train loss: 0.7981624476755727 Val loss: 0.091414177931059 Time: 0.37097362498752773
Train loss: 0.8401926440351417 Val loss: 0.09431224175317499 Time: 0.44728845899226144
Train loss: 0.8094576887454767 Val loss: 0.09332761247098324 Time: 0.4385843339987332
Train loss: 0.8143732591931729 Val loss: 0.09305768850059723 Time: 0.3428611249983078
Train loss: 0.7975523579426529 Val loss: 0.08781475295769922 Time: 0.32223633299872745
Train loss: 0.7785406609752243 Val loss: 0.08330429843816158 Time: 0.3208769159973599
Train loss: 0.7890141982235139 Val loss: 0.08811412343011983 Time: 0.32266549998894334
Train loss: 0.7255158011815865 Val loss: 0.08110517186429089 Time: 0.3186436250107363
Train loss: 0.7221166371565957 Val loss: 0.08435186358920266 Time: 0.3711287500045728
Train loss: 0.7208611294890765 Val loss: 0.08494931335646208 Time: 0.31177012500120327
Train loss: 0.7258165731331623 Val loss: 0.07795680076128184 Time: 0.3074720000004163
Train loss: 0.6947773158795592 Val loss: 0.07456463279300382 Time: 0.3216630829992937
Train loss: 0.7305622149990927 Val loss: 0.07744321779926026 Time: 0.31269474999862723
Train loss: 0.8695347410649354 Val loss: 0.09496681498149347 Time: 0.3105303750053281
Train loss: 0.7178105140284572 Val loss: 0.08186456905342378 Time: 0.39542704200721346
Train loss: 0.7610787217266797 Val loss: 0.08350915644719048 Time: 0.3463764589978382
Train loss: 0.7443155983867911 Val loss: 0.08366216521432353 Time: 0.31279158301185817
Train loss: 0.7139822619540261 Val loss: 0.08175721604223404 Time: 0.3146653330040863
Train loss: 0.6856218591898878 Val loss: 0.0753958066790843 Time: 0.3217533330025617
Train loss: 0.7136912589652411 Val loss: 0.07849602792233293 Time: 0.3134197079925798
Train loss: 0.7266724946342471 Val loss: 0.08018546215606598 Time: 0.31199112499598414
Train loss: 0.7073743990638661 Val loss: 0.07851046719895084 Time: 0.3189164170034928
Train loss: 0.6952866236560187 Val loss: 0.07833417110330054 Time: 0.3120895830070367
Train loss: 0.6941571107608757 Val loss: 0.07490816488707316 Time: 0.3097201250056969
Train loss: 0.6578806972447158 Val loss: 0.07478851696586584 Time: 0.30909574999532197
Train loss: 0.7987020856419917 Val loss: 0.08942555098913524 Time: 0.3100248749979073
Train loss: 0.6962301827036976 Val loss: 0.0747911709805019 Time: 0.32675074999860954
Train loss: 0.6740104893853616 Val loss: 0.08155790242278743 Time: 0.32236729201395065
Train loss: 0.6509856308656801 Val loss: 0.07133651409741443 Time: 0.3199033750133822
Train loss: 0.7063640966996358 Val loss: 0.07497664546948808 Time: 0.3101470830006292
Train loss: 0.6790306265308175 Val loss: 0.078266837716921 Time: 0.31001237499003764
Train loss: 0.6949759115988016 Val loss: 0.08148734064428141 Time: 0.3132408329984173
Train loss: 0.6204256967988417 Val loss: 0.07233787536767278 Time: 0.31844812499184627
Train loss: 0.6830426929840632 Val loss: 0.07337267227226064 Time: 0.30939945799764246
Train loss: 0.6883721144381525 Val loss: 0.07733585727787087 Time: 0.32334766699932516
Train loss: 0.7223420340807509 Val loss: 0.07786092082530903 Time: 0.31378579199372325
Train loss: 0.6063033038187982 Val loss: 0.07143165807636308 Time: 0.3129494590102695
Train loss: 0.6603233893589184 Val loss: 0.07388972466944418 Time: 0.31083595799282193
Train loss: 0.7276921153594709 Val loss: 0.07873047943371933 Time: 0.31354725001438055
Train loss: 0.625759752671442 Val loss: 0.06942460072513648 Time: 0.3103768750006566
Train loss: 0.6624297285687817 Val loss: 0.07317423631652734 Time: 0.3142982499994105
Train loss: 0.6670317244158213 Val loss: 0.07913568493472949 Time: 0.3229832499928307
Train loss: 0.6263112585260453 Val loss: 0.06747880316639716 Time: 0.3140002080035629
Train loss: 0.6617166890409187 Val loss: 0.07506257131671858 Time: 0.316029333989718
Train loss: 0.7732787642823595 Val loss: 0.08384319801732087 Time: 0.3145349169935798
Train loss: 0.6788406819912112 Val loss: 0.07560893359400117 Time: 0.31199420800840016
Shrinking learning rate to 1.0000000000000002e-06
Train loss: 0.6835312360659884 Val loss: 0.0771940882407622 Time: 0.31745716600562446
Train loss: 0.6237670806770943 Val loss: 0.0721909377439638 Time: 0.3247768330038525
Train loss: 0.617418195570604 Val loss: 0.07146830434063761 Time: 0.31273137500102166
Train loss: 0.7306832682045439 Val loss: 0.08273003439669886 Time: 0.3157490419980604
Train loss: 0.6551568455620229 Val loss: 0.0763719638603729 Time: 0.3138047920074314
Train loss: 0.6484705749720909 Val loss: 0.07584215455106263 Time: 0.3124393749894807
Train loss: 0.6299149524871268 Val loss: 0.07382930881364957 Time: 0.33273462500073947
Train loss: 0.6596925837080327 Val loss: 0.07632187751501554 Time: 0.31476275000022724
Train loss: 0.6387173521822263 Val loss: 0.0746553670650902 Time: 0.32033704200875945
Train loss: 0.7560234453550834 Val loss: 0.0856812455280388 Time: 0.3173547499900451
Shrinking learning rate to 1.0000000000000002e-07
Learning rate getting small
Complete
 Total time: 58.26107962499373