starting log for model: models\rnn_comb_new_24-25.pth
Train loss: 2.270491695253426 Val loss: 0.4748145659887735 Time: 1.0061601999914274
Train loss: 3.1632497384551357 Val loss: 0.501629650673009 Time: 1.2983615000266582
Train loss: 2.380426472900595 Val loss: 0.417983507891126 Time: 1.249956899904646
Train loss: 1.7719444003695095 Val loss: 0.3897223279289129 Time: 1.651388099999167
Train loss: 1.668308165075949 Val loss: 0.3484151208510157 Time: 1.9179712000768632
Train loss: 1.5187893410859137 Val loss: 0.3095802417930789 Time: 2.5166788999922574
Train loss: 1.416429271257897 Val loss: 0.3599049098004233 Time: 2.0637922999449074
Train loss: 1.3594270560707271 Val loss: 0.25047933089984636 Time: 1.260138800018467
Train loss: 1.1958707876389782 Val loss: 0.27903789466125284 Time: 1.102766599971801
Train loss: 1.1851354763217472 Val loss: 0.27526767228431726 Time: 1.1713840999873355
Train loss: 1.232871411996035 Val loss: 0.30981717130473724 Time: 1.0384324999758974
Train loss: 1.1726529260199519 Val loss: 0.34380089491570315 Time: 0.88160640001297
Train loss: 1.1907719770480965 Val loss: 0.1787441258660433 Time: 0.9612052999436855
Train loss: 1.253132328455564 Val loss: 0.3469277196756494 Time: 0.7427266000304371
Train loss: 1.1770970660918527 Val loss: 0.3656578086507978 Time: 0.7826142000267282
Train loss: 1.0990476875789739 Val loss: 0.35112963968122035 Time: 0.7621213999809697
Train loss: 1.0564371725410453 Val loss: 0.29801936967792547 Time: 0.8408624000148848
Train loss: 0.9927524995704502 Val loss: 0.17365002096060192 Time: 1.1129858000203967
Train loss: 0.9408440568280447 Val loss: 0.20977719462145705 Time: 1.0948502999963239
Train loss: 1.0200088357463883 Val loss: 0.3401207533859503 Time: 1.0580848000245169
Train loss: 1.0910242960324865 Val loss: 0.23577334558120802 Time: 0.9108807999873534
Train loss: 0.9298638305048712 Val loss: 0.2768708205990375 Time: 0.7554129000054672
Train loss: 0.8644013488195235 Val loss: 0.1901126249643528 Time: 0.7695895000360906
Train loss: 1.000758971476909 Val loss: 0.2063889361714372 Time: 0.7762535000219941
Train loss: 0.9711352882875985 Val loss: 0.40671099655157517 Time: 0.7860289999516681
Train loss: 0.8424743080126027 Val loss: 0.35743682200146837 Time: 0.7310145000228658
Train loss: 0.8498263995381095 Val loss: 0.2205055946118679 Time: 0.7450621000025421
Train loss: 0.7953993746151049 Val loss: 0.3246093806029333 Time: 0.7354024000233039
Train loss: 0.9448882660213087 Val loss: 0.3664484483528553 Time: 0.717289499938488
Train loss: 0.8661137121420408 Val loss: 0.11253030795011212 Time: 0.7706072999862954
Train loss: 0.8644722875627657 Val loss: 0.21372924453671763 Time: 0.9302776999538764
Train loss: 0.9532062570530115 Val loss: 0.3248232312972136 Time: 0.7835413999855518
Train loss: 0.7847268015775057 Val loss: 0.2595469630395629 Time: 0.7354742999887094
Train loss: 0.8849996558455473 Val loss: 0.42360435926291684 Time: 0.7778006000444293
Train loss: 0.7089979345346586 Val loss: 0.2903585475793738 Time: 0.7306291999993846
Train loss: 0.7879982553377545 Val loss: 0.10780950332865821 Time: 0.7208758000051603
Train loss: 0.9351934682588308 Val loss: 0.32368116897776456 Time: 0.8278529000235721
Train loss: 0.8777209521512397 Val loss: 0.13991247977666915 Time: 0.8252248000353575
Train loss: 0.7515992648972261 Val loss: 0.1537478478830415 Time: 0.7294396000215784
Train loss: 0.7635211154527042 Val loss: 0.2428617230485121 Time: 0.7417168999090791
Train loss: 0.8295847050755984 Val loss: 0.35997589505738226 Time: 0.764447099994868
Train loss: 0.7327687437973509 Val loss: 0.07594355304648288 Time: 0.7994970000581816
Train loss: 0.8448621963330112 Val loss: 0.24885695678401948 Time: 0.7827336000045761
Train loss: 0.71644382596174 Val loss: 0.2866705651625315 Time: 0.7717310000443831
Shrinking learning rate to 1e-05
Train loss: 0.9398798121605978 Val loss: 0.25284695015164016 Time: 0.7892861000727862
Train loss: 0.9088140958227484 Val loss: 0.26707824564823335 Time: 0.7541269999928772
Train loss: 0.8994453343051738 Val loss: 0.27570509522731385 Time: 0.7199574999976903
Train loss: 0.7969900628649071 Val loss: 0.25506515624450965 Time: 0.6995544999372214
Train loss: 0.8284179120547606 Val loss: 0.2665976485777268 Time: 0.7161648999899626
Train loss: 0.6792308921189019 Val loss: 0.264855792788153 Time: 0.7635046999203041
Train loss: 0.8483958239037932 Val loss: 0.26942473985297166 Time: 0.7364013999467716
Train loss: 0.8370865276691575 Val loss: 0.25824741863409056 Time: 0.6860655000200495
Train loss: 0.7312660341274579 Val loss: 0.26616955954746363 Time: 0.88001959992107
Train loss: 0.6216182623161952 Val loss: 0.26518626674708384 Time: 0.792144599952735
Train loss: 0.6830817624650791 Val loss: 0.24495925000214402 Time: 0.752770800027065
Train loss: 0.7321275118424966 Val loss: 0.2573827953523977 Time: 0.7729239000473171
Train loss: 0.9307867809745858 Val loss: 0.2623756129584116 Time: 0.7073656999273226
Train loss: 0.6947802591711714 Val loss: 0.26089235598794713 Time: 0.7245233999565244
Train loss: 0.7692908041763253 Val loss: 0.24764439355339982 Time: 0.7162202000617981
Train loss: 0.6614788707628882 Val loss: 0.25567670330774844 Time: 0.7118470999412239
Train loss: 0.6664134464855636 Val loss: 0.253870062779537 Time: 0.7421180999372154
Train loss: 0.7514188469461018 Val loss: 0.24313883276987458 Time: 0.779338699998334
Train loss: 0.7324175115833178 Val loss: 0.25549654059939986 Time: 0.7488416000269353
Shrinking learning rate to 1.0000000000000002e-06
Train loss: 0.7036592783588786 Val loss: 0.2673736685534306 Time: 0.7909361999481916
Train loss: 0.6128492345282895 Val loss: 0.26418701268934724 Time: 0.8161952999653295
Train loss: 0.6674885654565834 Val loss: 0.26609435189442426 Time: 0.855572700034827
Train loss: 0.690963298517361 Val loss: 0.26408074405021964 Time: 0.7471420000074431
Train loss: 0.6609663062733659 Val loss: 0.26093440090674325 Time: 0.7229081999976188
Train loss: 0.7016623639406614 Val loss: 0.2624540626885345 Time: 0.7178530000383034
Train loss: 0.6575862233304548 Val loss: 0.26308656027195726 Time: 0.7681624999968335
Train loss: 0.6945596522762756 Val loss: 0.2628117109555517 Time: 0.7239718999480829
Train loss: 0.8233222917804968 Val loss: 0.26761991807183205 Time: 0.7078401000471786
Train loss: 0.7223337737316164 Val loss: 0.2636901512174594 Time: 0.7274793999968097
Train loss: 0.694229910307147 Val loss: 0.26199079649620155 Time: 0.7160655999323353
Shrinking learning rate to 1.0000000000000002e-07
Learning rate getting small
Complete
 Total time: 65.91376119991764