starting log for model: models/rnn_lin1_fcast_20_new_23-24.pth
Train loss: 16.954623731092376 Val loss: 1.8879200680122858 Time: 0.40338654100196436
Train loss: 16.356904645773284 Val loss: 1.8274233528393078 Time: 0.4067416659963783
Train loss: 15.568039712984316 Val loss: 1.7469595556136746 Time: 0.4704327499930514
Train loss: 13.505626721121843 Val loss: 1.5391985157083965 Time: 0.4085025000094902
Train loss: 11.206258471768646 Val loss: 1.299565727893947 Time: 0.401282666993211
Train loss: 8.91986489115087 Val loss: 1.063457980894112 Time: 0.4014300830021966
Train loss: 7.76543839673086 Val loss: 0.9367826421063353 Time: 0.3813555000087945
Train loss: 7.274847772599713 Val loss: 0.8758789628141379 Time: 0.3940880830050446
Train loss: 6.955772953290151 Val loss: 0.8386296132488991 Time: 0.40079216699814424
Train loss: 6.798639576474983 Val loss: 0.8148534140914435 Time: 0.4157604159991024
Train loss: 6.655034336831946 Val loss: 0.7953576213511221 Time: 0.3826276659965515
Train loss: 6.414349111183341 Val loss: 0.7775848228293623 Time: 0.38243954100471456
Train loss: 6.432263275070832 Val loss: 0.7679757288237795 Time: 0.37108458300645
Train loss: 6.326271178762461 Val loss: 0.7559290565966655 Time: 0.3824135839968221
Train loss: 6.030878339067044 Val loss: 0.7297960336363705 Time: 0.3710447500052396
Train loss: 5.934616684386605 Val loss: 0.7186632486419897 Time: 0.37106183300784323
Train loss: 5.9337438137882454 Val loss: 0.7089150071119478 Time: 0.3691895419906359
Train loss: 5.829570441964449 Val loss: 0.6996273751515031 Time: 0.37052387499716133
Train loss: 5.630600990313091 Val loss: 0.6802848498035924 Time: 0.3708368330117082
Train loss: 5.708947820544154 Val loss: 0.6865516445812816 Time: 0.380193999997573
Train loss: 5.4644991314344935 Val loss: 0.6649488309667493 Time: 0.3716482080053538
Train loss: 5.558326718324963 Val loss: 0.6726562159957 Time: 0.3708089169958839
Train loss: 5.319712442842448 Val loss: 0.6506974494818245 Time: 0.37256904199603014
Train loss: 5.280211712777081 Val loss: 0.648759625374138 Time: 0.3957239169976674
Train loss: 5.235202658751177 Val loss: 0.6365123841217766 Time: 0.3862607089977246
Train loss: 5.075637086398217 Val loss: 0.6235213394374863 Time: 0.37545941599819344
Train loss: 4.969507187306718 Val loss: 0.6127460299761223 Time: 0.37751045799814165
Train loss: 4.828618468256636 Val loss: 0.5948058203437819 Time: 0.3788126659928821
Train loss: 4.68128678360847 Val loss: 0.5836847474540208 Time: 0.3797024590021465
Train loss: 4.771527827436522 Val loss: 0.590465667690447 Time: 0.38095512498694006
Train loss: 4.579489372838964 Val loss: 0.5676824488628528 Time: 0.38722633398720063
Train loss: 4.404590966271499 Val loss: 0.5555525016579755 Time: 0.3803030840063002
Train loss: 4.380374317666089 Val loss: 0.5463089159685504 Time: 0.38445545799913816
Train loss: 4.316960968663624 Val loss: 0.54125379770307 Time: 0.3856032079929719
Train loss: 4.068312376797678 Val loss: 0.5216944817637716 Time: 0.3845142079953803
Train loss: 4.000519830556419 Val loss: 0.5156739737622096 Time: 0.3946423749875976
Train loss: 3.848444018231781 Val loss: 0.51087713681713 Time: 0.38553829200100154
Train loss: 4.03107135360996 Val loss: 0.5245223717894006 Time: 0.38528045899874996
Train loss: 3.6790598146944404 Val loss: 0.4924179805211334 Time: 0.38549041700025555
Train loss: 3.7715025887365066 Val loss: 0.48949504256960974 Time: 0.3824993329908466
Train loss: 3.568688560891511 Val loss: 0.47444553333660205 Time: 0.3917438330099685
Train loss: 3.511346000051467 Val loss: 0.47095974141480434 Time: 0.3864706250024028
Train loss: 3.237648678683953 Val loss: 0.44611561763387964 Time: 0.3894595419988036
Train loss: 3.565318465125401 Val loss: 0.4667022262857274 Time: 0.3892029169946909
Train loss: 3.331313207434359 Val loss: 0.4414514469004411 Time: 0.3881741249933839
Train loss: 3.1421321620271385 Val loss: 0.42660539155578275 Time: 0.3997205420018872
Train loss: 3.1753015017016626 Val loss: 0.4170386275482876 Time: 0.39153879099467304
Train loss: 3.2545161879737803 Val loss: 0.42794964761108295 Time: 0.39303233301325236
Train loss: 3.0783561756629396 Val loss: 0.40726579419952325 Time: 0.3894278330117231
Train loss: 2.999372171595347 Val loss: 0.4039580722167013 Time: 0.391814415997942
Train loss: 2.7753255053298886 Val loss: 0.3863827871190923 Time: 0.393045083998004
Train loss: 2.863028824359681 Val loss: 0.38881196012744956 Time: 0.3972842499933904
Train loss: 2.6878715804572586 Val loss: 0.37744405684972404 Time: 0.38821808400098234
Train loss: 2.833196283543998 Val loss: 0.38604268156413174 Time: 0.39198658299574163
Train loss: 2.7470611883544827 Val loss: 0.3646065412644975 Time: 0.3922088750114199
Train loss: 2.7299869999642397 Val loss: 0.36899762817135545 Time: 0.3937173750018701
Train loss: 2.792711572248889 Val loss: 0.36593821807519494 Time: 0.3979712910077069
Train loss: 2.5729020365614668 Val loss: 0.3589737454738637 Time: 0.3964420839911327
Train loss: 2.6189537067303164 Val loss: 0.34942234810722644 Time: 0.3994459170062328
Train loss: 2.3681616641335808 Val loss: 0.3264455881073357 Time: 0.3994993749947753
Train loss: 2.4654800450767738 Val loss: 0.3386166215067818 Time: 0.39780070800043177
Train loss: 2.5091727672918163 Val loss: 0.3380805590688329 Time: 0.40363450000586454
Train loss: 2.3597684741829426 Val loss: 0.3271630599754644 Time: 0.3980195000040112
Train loss: 2.3024488922105437 Val loss: 0.3108701635367171 Time: 0.39753400000336114
Train loss: 2.234897337691663 Val loss: 0.301561738842594 Time: 0.39849987500929274
Train loss: 2.277498654878343 Val loss: 0.2998273070621319 Time: 0.40184504199714866
Train loss: 2.249488127609794 Val loss: 0.3018669388093803 Time: 0.41004983299353626
Train loss: 2.2635172184391417 Val loss: 0.29704918549384224 Time: 0.4008826250064885
Train loss: 2.2527322960966387 Val loss: 0.2938520190985691 Time: 0.40265954099595547
Train loss: 2.146292427960713 Val loss: 0.28209596022754135 Time: 0.4042151249886956
Train loss: 2.0114409662369184 Val loss: 0.2791604145609319 Time: 0.40265337500022724
Train loss: 2.144186116382667 Val loss: 0.278613771264573 Time: 0.425215291994391
Train loss: 2.014858202282781 Val loss: 0.2704038826176084 Time: 0.4043247910012724
Train loss: 1.9639506853606292 Val loss: 0.2623293458442076 Time: 0.40407129100640304
Train loss: 1.894894585127049 Val loss: 0.2646410174369563 Time: 0.40384050000284333
Train loss: 1.9024689008588602 Val loss: 0.2530733790403145 Time: 0.40632541599916294
Train loss: 1.9224896649881629 Val loss: 0.25554709648014573 Time: 0.4550459169986425
Train loss: 1.8083392422023596 Val loss: 0.24731033505968616 Time: 0.41062591699301265
Train loss: 1.8780698985199749 Val loss: 0.23966155640103332 Time: 0.40573983400827274
Train loss: 1.8251857017649513 Val loss: 0.24817572086094805 Time: 0.4047430840000743
Train loss: 1.7937922091415928 Val loss: 0.2333349060339151 Time: 0.40573129200492986
Train loss: 1.8336374955302546 Val loss: 0.23222529478002799 Time: 0.4133235000044806
Train loss: 1.6993000701162941 Val loss: 0.2345371369060118 Time: 0.41000854200683534
Train loss: 1.7251779010587862 Val loss: 0.2288828489780553 Time: 0.40451833300176077
Train loss: 1.6454654943617761 Val loss: 0.21426120983572738 Time: 0.4057534159946954
Train loss: 1.6775108427942813 Val loss: 0.2275765362225756 Time: 0.40647820799495094
Train loss: 1.6236801737246669 Val loss: 0.2087333602505957 Time: 0.41964824999740813
Train loss: 1.6392231877963184 Val loss: 0.21852135517536356 Time: 0.40691454100306146
Train loss: 1.619951001349465 Val loss: 0.20150445560278815 Time: 0.40986933300155215
Train loss: 1.4459391163813216 Val loss: 0.19829775513466452 Time: 0.4082736659911461
Train loss: 1.6054850938292304 Val loss: 0.2033937789411564 Time: 0.4057782089948887
Train loss: 1.4812566472280464 Val loss: 0.19702730491104764 Time: 0.41767483300645836
Train loss: 1.4821288239998331 Val loss: 0.20443372683748975 Time: 0.4056691250007134
Train loss: 1.4809850320578057 Val loss: 0.1989647503063343 Time: 0.40736437498708256
Train loss: 1.4582936101194406 Val loss: 0.18438206950068325 Time: 0.4078645840054378
Train loss: 1.4038616349732855 Val loss: 0.1899240439924307 Time: 0.41137475000869017
Train loss: 1.4081118734037936 Val loss: 0.1894654721333653 Time: 0.4201761659933254
Train loss: 1.3504465971652242 Val loss: 0.17315610450483737 Time: 0.4103553339955397
Train loss: 1.3193961260206521 Val loss: 0.18077780298404084 Time: 0.4112432080000872
Train loss: 1.365333729308643 Val loss: 0.1738719119881628 Time: 0.4126714159938274
Train loss: 1.3268452511753992 Val loss: 0.17309701337601247 Time: 0.4126519159908639
Train loss: 1.2383645215624224 Val loss: 0.17270239308690621 Time: 0.41874924999137875
Train loss: 1.313908328776506 Val loss: 0.1718894792543982 Time: 0.43048495799303055
Train loss: 1.2021074484486007 Val loss: 0.1636000028526913 Time: 0.49126241701014806
Train loss: 1.2367908135557721 Val loss: 0.16780020619459093 Time: 0.4137820830073906
Train loss: 1.2816592533676185 Val loss: 0.17807874809082735 Time: 0.41877083299914375
Train loss: 1.1462509799293068 Val loss: 0.17205437306849844 Time: 0.42430529100238346
Train loss: 1.2056973704605145 Val loss: 0.16191654503194614 Time: 0.41379566700197756
Train loss: 1.1048871645659801 Val loss: 0.15191623195378215 Time: 0.41496337500575464
Train loss: 1.1032402452252175 Val loss: 0.15697484951945473 Time: 0.4155517910112394
Train loss: 1.1502491623193123 Val loss: 0.16849109509912966 Time: 0.4150468330044532
Train loss: 1.0885747692803207 Val loss: 0.15270353137253956 Time: 0.4239953329961281
Train loss: 1.1964125069470164 Val loss: 0.1575635046693861 Time: 0.41593154199654236
Train loss: 1.053137809883638 Val loss: 0.1470246802321033 Time: 0.4160689170093974
Train loss: 1.1378012185464002 Val loss: 0.15594387194735165 Time: 0.41392949999135453
Train loss: 1.1129444415273522 Val loss: 0.14991545365632067 Time: 0.41531858399685007
Train loss: 1.016561268691035 Val loss: 0.15148006241664197 Time: 0.4251379169872962
Train loss: 1.0575931461696015 Val loss: 0.15064297110682714 Time: 0.4333318330027396
Train loss: 1.0807627662190384 Val loss: 0.15144831198950875 Time: 0.41823366600146983
Train loss: 1.0163864048459956 Val loss: 0.14461449247981972 Time: 0.41370250000909436
Train loss: 1.0417827081881654 Val loss: 0.14456121038279485 Time: 0.42411770900071133
Train loss: 1.1421745976054751 Val loss: 0.15315297567999012 Time: 0.41908716699981596
Train loss: 0.9651884744321466 Val loss: 0.13956484624698937 Time: 0.4190963750006631
Train loss: 0.8932240732270582 Val loss: 0.13410009814045706 Time: 0.41922920900105964
Train loss: 1.035213482185334 Val loss: 0.15162968165640203 Time: 0.4184370000002673
Train loss: 0.9467075622267773 Val loss: 0.14068909530241683 Time: 0.4234751670010155
Train loss: 0.9743340048491413 Val loss: 0.13962711306564796 Time: 0.42181179199542385
Train loss: 0.9145832722028473 Val loss: 0.13554750244814232 Time: 0.4157743749965448
Train loss: 0.9116358759206413 Val loss: 0.13854669926222568 Time: 0.4169670419942122
Train loss: 0.9365574503185572 Val loss: 0.13767778284957055 Time: 0.42053358400880825
Train loss: 0.9388668836302045 Val loss: 0.14103135778436846 Time: 0.42616008401091676
Train loss: 0.8847897043896502 Val loss: 0.1348260198618025 Time: 0.418403000003309
Train loss: 0.9001538572159973 Val loss: 0.13493350600948553 Time: 0.4209288749989355
Train loss: 0.8447430441670178 Val loss: 0.13296385502648192 Time: 0.4415399999998044
Train loss: 0.827030232045638 Val loss: 0.13384911041667671 Time: 0.4239783749944763
Train loss: 0.9032577547981191 Val loss: 0.1359876842779829 Time: 0.42966295799124055
Train loss: 0.863737043449035 Val loss: 0.13239405768505677 Time: 0.4242429589940002
Train loss: 0.811640589191656 Val loss: 0.12954755003580812 Time: 0.4239464160054922
Train loss: 0.793592953405124 Val loss: 0.12895340571346775 Time: 0.423461624988704
Train loss: 0.7846412488907275 Val loss: 0.12711080322799975 Time: 0.42405937500006985
Train loss: 0.8286430869079311 Val loss: 0.13190875643847735 Time: 0.4317512920097215
Train loss: 0.7763693186591105 Val loss: 0.1267189680380955 Time: 0.4217075840133475
Train loss: 0.760637672733484 Val loss: 0.12932247341639183 Time: 0.4238835830037715
Train loss: 0.7684379674013639 Val loss: 0.12616325822124957 Time: 0.4264005000004545
Train loss: 0.8079601813357371 Val loss: 0.1349803814788495 Time: 0.42567333299666643
Train loss: 0.7810479995445974 Val loss: 0.12887124475618414 Time: 0.4356626249937108
Train loss: 0.7674916326251875 Val loss: 0.12658447357027686 Time: 0.4210883750056382
Train loss: 0.7189794070849773 Val loss: 0.12519993583290373 Time: 0.42451737499504816
Train loss: 0.7667740810534305 Val loss: 0.12809680897018771 Time: 0.4245636249979725
Train loss: 0.798677386722499 Val loss: 0.13318107271135837 Time: 0.42842700000619516
Train loss: 0.8526068861564795 Val loss: 0.13702009335063128 Time: 0.43066820899548475
Train loss: 0.7483310999921144 Val loss: 0.12928641475012187 Time: 0.42972099999315105
Train loss: 0.7983260253893347 Val loss: 0.13134968604640915 Time: 0.4240132500126492
Train loss: 0.6749728352224089 Val loss: 0.12585130345879514 Time: 0.4232342089962913
Train loss: 0.6274591882404579 Val loss: 0.1213451653949199 Time: 0.4342566249979427
Train loss: 0.6807960242585871 Val loss: 0.12320952304689302 Time: 0.4310500830033561
Train loss: 0.6651079639627007 Val loss: 0.12042183115652877 Time: 0.4292541250033537
Train loss: 0.7109996634213971 Val loss: 0.09456303282850612 Time: 0.4273934999946505
Train loss: 0.6719026230179033 Val loss: 0.12529505251447814 Time: 0.4274310000037076
Train loss: 0.6365670104737433 Val loss: 0.07472571266011697 Time: 0.43686779199924786
Train loss: 0.6868391900727957 Val loss: 0.12136000960877036 Time: 0.427021124996827
Train loss: 0.7923156952053292 Val loss: 0.13450002659435262 Time: 0.42779816599795595
Train loss: 0.6543298713352392 Val loss: 0.07943941563775911 Time: 0.43212758300069254
Train loss: 0.6755424373901064 Val loss: 0.12458087550195486 Time: 0.4253734579979209
Shrinking learning rate to 5e-06
Train loss: 1.0381160854605014 Val loss: 0.15509477067501187 Time: 0.45161137499962933
Train loss: 0.8065873513001129 Val loss: 0.14372549475696536 Time: 0.42537208399153315
Train loss: 0.7691326291786709 Val loss: 0.13915716517733562 Time: 0.426292124990141
Train loss: 0.7988626609964058 Val loss: 0.13915652293793696 Time: 0.4281231250060955
Train loss: 0.7537690548886715 Val loss: 0.13476162201955005 Time: 0.42783891699218657
Train loss: 0.7052174935494975 Val loss: 0.13311750304219316 Time: 0.435675499989884
Train loss: 0.7136722319901878 Val loss: 0.13295654468115142 Time: 0.4295334580092458
Train loss: 0.6491701734565822 Val loss: 0.12757020936367602 Time: 0.4263757090084255
Train loss: 0.7263548008535947 Val loss: 0.1311241925194208 Time: 0.428119958989555
Train loss: 0.6213742961293747 Val loss: 0.1255581564570941 Time: 0.43238879198906943
Train loss: 0.7040007034700659 Val loss: 0.13047735913612254 Time: 0.4366627089912072
Train loss: 0.6966330203457289 Val loss: 0.12869684379882326 Time: 0.4276032500056317
Train loss: 0.6357983478541129 Val loss: 0.12406757079481386 Time: 0.42571333299565595
Train loss: 0.6310218070511269 Val loss: 0.12373839116423514 Time: 0.42642533298931085
Train loss: 0.6721692007980096 Val loss: 0.1256808847106681 Time: 0.435117667002487
Train loss: 0.6626059652244578 Val loss: 0.12661629445127928 Time: 0.4316197090083733
Train loss: 0.5973665996943645 Val loss: 0.12300620750152846 Time: 0.4280930829991121
Train loss: 0.7341341773261831 Val loss: 0.13220823812508542 Time: 0.4852040839905385
Train loss: 0.6630140290317192 Val loss: 0.12667176829768598 Time: 0.4286356669908855
Train loss: 0.6214294890893939 Val loss: 0.1230778978873168 Time: 0.43577675000415184
Train loss: 0.6511765138272843 Val loss: 0.12468652185541801 Time: 0.43261991599865723
Train loss: 0.6416567367503516 Val loss: 0.12598425636878008 Time: 0.4353839169925777
Train loss: 0.6608523695707618 Val loss: 0.12687776164330025 Time: 0.4360622499953024
Train loss: 0.6077273083399675 Val loss: 0.12490816394661278 Time: 0.4310759169893572
Train loss: 0.6562782016869226 Val loss: 0.1263346436821351 Time: 0.4348567080014618
Train loss: 0.6214886273054745 Val loss: 0.12466313531226772 Time: 0.4303078750090208
Shrinking learning rate to 5.000000000000001e-07
Learning rate getting small
Complete
 Total time: 78.44827195799735