starting log for model: models/rnn_lin1_alpha_0.1_22-23.pth
Train loss: 14.509361087864505 Val loss: 1.6516996980094876 Time: 0.3340933750005206
Train loss: 13.06137329753063 Val loss: 1.5111161586939896 Time: 0.35869158299828996
Train loss: 10.2952072137895 Val loss: 1.2080319726405728 Time: 0.3192315829983272
Train loss: 7.660518769533748 Val loss: 0.934495815579133 Time: 0.30910841600052663
Train loss: 6.860173052331719 Val loss: 0.8418317254242444 Time: 0.3068840829982946
Train loss: 6.3312977481872394 Val loss: 0.7853173282507682 Time: 0.30599016699852655
Train loss: 5.9767604131433245 Val loss: 0.7457471064564153 Time: 0.3066648339990934
Train loss: 5.905608939473964 Val loss: 0.7307314153360225 Time: 0.30659250000098837
Train loss: 5.6867265251752315 Val loss: 0.7048644572300417 Time: 0.30627062499843305
Train loss: 5.439400411867268 Val loss: 0.6844160484185867 Time: 0.3198985829985759
Train loss: 5.413860941661767 Val loss: 0.6723713382728872 Time: 0.30543320800279616
Train loss: 5.075543066752051 Val loss: 0.6429910763290666 Time: 0.3066982909986109
Train loss: 5.100258616229972 Val loss: 0.640832916546209 Time: 0.30604862499967567
Train loss: 4.826680510232165 Val loss: 0.604549041027266 Time: 0.30660408299809205
Train loss: 4.679397053289719 Val loss: 0.5978689751700663 Time: 0.30675779200100806
Train loss: 4.737906273134342 Val loss: 0.5954389216472724 Time: 0.3159060830003
Train loss: 4.442785432880589 Val loss: 0.5633526428381382 Time: 0.3061863340008131
Train loss: 4.351572995101776 Val loss: 0.5520984608192333 Time: 0.30694799999764655
Train loss: 4.143452569374794 Val loss: 0.5279753571974913 Time: 0.3053062079998199
Train loss: 3.9478093807183647 Val loss: 0.509223509364981 Time: 0.30641908400139073
Train loss: 3.7505730324154527 Val loss: 0.4760559127066169 Time: 0.3066092090011807
Train loss: 3.6807532730954193 Val loss: 0.4653509554806548 Time: 0.3079340419972141
Train loss: 3.5831256905373206 Val loss: 0.45925718379881497 Time: 0.31835949999731383
Train loss: 3.3804831388164445 Val loss: 0.4273986133306534 Time: 0.3077320000011241
Train loss: 3.235843109054451 Val loss: 0.4044798196929324 Time: 0.3075004579986853
Train loss: 3.312406398280544 Val loss: 0.39431749071093375 Time: 0.30764075000115554
Train loss: 2.805358167849022 Val loss: 0.3456789366825192 Time: 0.3063194999995176
Train loss: 2.73064868721616 Val loss: 0.32606165415595617 Time: 0.30780116700043436
Train loss: 2.4927149225008947 Val loss: 0.31934102440045775 Time: 0.3067458749974321
Train loss: 2.5458092093183495 Val loss: 0.29474048412686504 Time: 0.3164304579986492
Train loss: 2.630503483639746 Val loss: 0.30669307261662265 Time: 0.30794562499795575
Train loss: 2.3185244928391384 Val loss: 0.27690316263296866 Time: 0.3045641249991604
Train loss: 2.387365138246244 Val loss: 0.27770967906178684 Time: 0.3068092500034254
Train loss: 2.0297628002718966 Val loss: 0.24662567686881443 Time: 0.30562366700178245
Train loss: 2.1507081820416776 Val loss: 0.2611365606122567 Time: 0.30582720800157404
Train loss: 2.0711018050522796 Val loss: 0.24267063871824437 Time: 0.3149601660006738
Train loss: 2.044216831309063 Val loss: 0.22038487782369923 Time: 0.3064190419972874
Train loss: 2.2206371420652715 Val loss: 0.2600114626197856 Time: 0.30685416699998314
Train loss: 1.8586498967096325 Val loss: 0.20368206013423515 Time: 0.3056327500016778
Train loss: 1.8977308045149783 Val loss: 0.21362996232270362 Time: 0.3068696669979545
Train loss: 1.842193808616706 Val loss: 0.19099985647434697 Time: 0.30653679199895123
Train loss: 1.9065804387096748 Val loss: 0.21507783447244053 Time: 0.3057659160003823
Train loss: 1.7151620182406617 Val loss: 0.18736495825863092 Time: 0.3178013329998066
Train loss: 1.9057704064674539 Val loss: 0.22199191985016486 Time: 0.30734495899741887
Train loss: 1.5203355540394905 Val loss: 0.17398633928203194 Time: 0.3049577080018935
Train loss: 1.6708603873904204 Val loss: 0.19793614116603014 Time: 0.30626500000289525
Train loss: 1.458822705888764 Val loss: 0.17401728701013347 Time: 0.3041490409996186
Train loss: 1.49343179489275 Val loss: 0.20742352871471034 Time: 0.3061660829989705
Train loss: 1.4367221473548222 Val loss: 0.1687121584704883 Time: 0.30526691699924413
Train loss: 1.5598061359315096 Val loss: 0.18470660760283988 Time: 0.3160130830001435
Train loss: 1.391166560673497 Val loss: 0.1510159921375902 Time: 0.35132154199891374
Train loss: 1.3998965810700028 Val loss: 0.17046863884783311 Time: 0.3054054160020314
Train loss: 1.412355484183994 Val loss: 0.15755832195823496 Time: 0.30665700000099605
Train loss: 1.338366120362725 Val loss: 0.14316496440322196 Time: 0.30636295799922664
Train loss: 1.4528276814586594 Val loss: 0.1737611167712094 Time: 0.30610670799796935
Train loss: 1.1771802407630219 Val loss: 0.13794966723051255 Time: 0.31724387500071316
Train loss: 1.208839836649986 Val loss: 0.1568597864149581 Time: 0.30614662500011036
Train loss: 1.1655011624736886 Val loss: 0.138322288077525 Time: 0.3052925830015738
Train loss: 1.1108026157842659 Val loss: 0.12708485932051677 Time: 0.30649445800008834
Train loss: 1.140278372134826 Val loss: 0.11402797232415843 Time: 0.3057263340015197
Train loss: 1.1670728037003606 Val loss: 0.14204199145299867 Time: 0.3075773329983349
Train loss: 1.1033387563320645 Val loss: 0.15133589451871773 Time: 0.30696283399811364
Train loss: 1.0702911019793646 Val loss: 0.11909537243434629 Time: 0.3181030420018942
Train loss: 1.0604262545531071 Val loss: 0.1548629428143173 Time: 0.3078734579976299
Train loss: 0.9814909244773844 Val loss: 0.10181432889611078 Time: 0.30507349999970756
Train loss: 1.086554001862737 Val loss: 0.1104941170287514 Time: 0.30571470799986855
Train loss: 1.0999418479275391 Val loss: 0.14093984992503686 Time: 0.3063244160002796
Train loss: 1.0654447282760353 Val loss: 0.10677879238302827 Time: 0.30397137500040117
Train loss: 1.0180201877152157 Val loss: 0.11610773527709825 Time: 0.31082675000288873
Train loss: 0.986848307403875 Val loss: 0.10710560804348682 Time: 0.3124033749991213
Train loss: 1.1559750935326747 Val loss: 0.1744080186683449 Time: 0.3067072910016577
Train loss: 0.903693932226389 Val loss: 0.13863250964166499 Time: 0.3072952089969476
Train loss: 0.8632652497038373 Val loss: 0.11903164296722638 Time: 0.3067547499995271
Train loss: 0.9092715802464832 Val loss: 0.12230374222641016 Time: 0.30745358299827785
Train loss: 0.9503691204353153 Val loss: 0.11828857486849707 Time: 0.306018999999651
Train loss: 0.8727007924149532 Val loss: 0.10134431856293208 Time: 0.31707495800219476
Train loss: 0.7845254440461531 Val loss: 0.13051186180982766 Time: 0.30727808400115464
Train loss: 0.8674276533437606 Val loss: 0.13538806131537484 Time: 0.3056191249997937
Train loss: 0.8948148894183419 Val loss: 0.11438421543299966 Time: 0.30608858299819985
Train loss: 0.8001427941309507 Val loss: 0.10068673951393997 Time: 0.3305392500005837
Train loss: 0.7444001125408808 Val loss: 0.14548996037836318 Time: 0.35015779200330144
Train loss: 0.7994631629900679 Val loss: 0.16742306157148568 Time: 0.30612970900256187
Train loss: 0.7336832562505471 Val loss: 0.07912882699683496 Time: 0.3171261659990705
Train loss: 0.7992802130318495 Val loss: 0.10707158221626918 Time: 0.3062458329986839
Train loss: 0.6838263995080149 Val loss: 0.15771131155816734 Time: 0.30571183299980476
Train loss: 0.777183329945194 Val loss: 0.07780654279111605 Time: 0.3062953340013337
Train loss: 0.730666541240879 Val loss: 0.07649924170656816 Time: 0.3042808749996766
Train loss: 0.6407044862960447 Val loss: 0.1571044862615698 Time: 0.3059953750016575
Train loss: 0.6609817122889723 Val loss: 0.07959722835489372 Time: 0.3158938330016099
Train loss: 0.7109452572012742 Val loss: 0.07750502655317441 Time: 0.30649450000055367
Train loss: 0.7413589480491405 Val loss: 0.14357243079960358 Time: 0.30457250000108615
Train loss: 0.759849708642486 Val loss: 0.19939999380251874 Time: 0.3068473340026685
Train loss: 0.6439332397435855 Val loss: 0.10853663335363885 Time: 0.30629966700143996
Train loss: 0.6788589139801575 Val loss: 0.08585854812304958 Time: 0.3138045840023551
Train loss: 0.6237510248700744 Val loss: 0.10956394736351505 Time: 0.31036500000118394
Train loss: 0.6186060345586704 Val loss: 0.17452405708654678 Time: 0.3211025000018708
Train loss: 0.6069990561836391 Val loss: 0.17513447042965694 Time: 0.30465900000126567
Train loss: 0.6544290188568862 Val loss: 0.12912236254384485 Time: 0.30734524999934365
Train loss: 0.5650828985143619 Val loss: 0.07607632092202742 Time: 0.30690166700151167
Train loss: 0.746764571872518 Val loss: 0.09783203312179323 Time: 0.30614087499998277
Train loss: 0.6649088587687473 Val loss: 0.13540130280704668 Time: 0.30535220799720264
Train loss: 0.6003220265995708 Val loss: 0.1517812777978371 Time: 0.3139896659995429
Train loss: 0.5534056366158095 Val loss: 0.06049987572228125 Time: 0.34069137500046054
Train loss: 0.6318751999619368 Val loss: 0.10340899734882135 Time: 0.3300205420018756
Train loss: 0.5639119238391572 Val loss: 0.16100089004130358 Time: 0.3262192500005767
Train loss: 0.4467398696961036 Val loss: 0.1576344670884308 Time: 0.30661229099860066
Train loss: 0.5734206987794886 Val loss: 0.10178335638626759 Time: 0.3060120000009192
Train loss: 0.5254374210554076 Val loss: 0.10238554153273716 Time: 0.3064649579973775
Train loss: 0.49917849956014493 Val loss: 0.18068931407784383 Time: 0.3171799160008959
Train loss: 0.5109012398276782 Val loss: 0.16954080429630267 Time: 0.3058603339995898
Train loss: 0.580202881118673 Val loss: 0.08021800066066477 Time: 0.3064139999987674
Train loss: 0.5862839867728837 Val loss: 0.10797282426079603 Time: 0.307571083001676
Train loss: 0.5475164729494857 Val loss: 0.11819338533393152 Time: 0.3064206250019197
Train loss: 0.6204772389069184 Val loss: 0.22790071937327994 Time: 0.3051442500000121
Train loss: 0.6442705682985235 Val loss: 0.11631456628216554 Time: 0.30510654200043064
Shrinking learning rate to 1e-05
Train loss: 0.4522484720116893 Val loss: 0.1411568913617162 Time: 0.31777779100229964
Train loss: 0.515748505114459 Val loss: 0.1324957247012867 Time: 0.30589512499864213
Train loss: 0.5561688925348616 Val loss: 0.13200421770379753 Time: 0.30616087499947753
Train loss: 0.42543681568099956 Val loss: 0.12854238364509266 Time: 0.30603016699751606
Train loss: 0.46667057912035403 Val loss: 0.12561144175494818 Time: 0.30582337500163703
Train loss: 0.4660268936996559 Val loss: 0.12878216766868747 Time: 0.31428108399995835
Train loss: 0.43963517599328755 Val loss: 0.12312851417425952 Time: 0.32497745799992117
Train loss: 0.45999620685095977 Val loss: 0.1268302399789918 Time: 0.3070849169998837
Train loss: 0.42884893138058544 Val loss: 0.12725942245027905 Time: 0.3059108329980518
Train loss: 0.4895199014577969 Val loss: 0.12336581082936597 Time: 0.3045770419994369
Train loss: 0.44734160490710906 Val loss: 0.12135486265201365 Time: 0.30629695799871115
Train loss: 0.4122094111450032 Val loss: 0.12661402949118292 Time: 0.30497454199939966
Train loss: 0.456140573379912 Val loss: 0.12532230612018153 Time: 0.30648445900078514
Train loss: 0.5431011573224538 Val loss: 0.13039565779931905 Time: 0.37777066699709394
Train loss: 0.5250340520321308 Val loss: 0.13187275368484375 Time: 0.3052501249985653
Train loss: 0.41928487286735305 Val loss: 0.12838340746671617 Time: 0.30564337499890826
Train loss: 0.453782226429408 Val loss: 0.12949459105176536 Time: 0.3068212499965739
Train loss: 0.41930962530102533 Val loss: 0.13138023127418078 Time: 0.3075813340001332
Train loss: 0.515215777977506 Val loss: 0.13119150243003583 Time: 0.3059487079990504
Train loss: 0.4042957861530694 Val loss: 0.13099807778704012 Time: 0.3090613329986809
Train loss: 0.47136081955662534 Val loss: 0.1342812584700559 Time: 0.3181112500024028
Train loss: 0.4456617225503976 Val loss: 0.13269278029753345 Time: 0.30780466700161924
Train loss: 0.4270685677985 Val loss: 0.13141101428845264 Time: 0.30505354200067814
Train loss: 0.4239224600111591 Val loss: 0.13459569978257888 Time: 0.30587637500138953
Train loss: 0.42250540344359955 Val loss: 0.1269422830406056 Time: 0.30667225000070175
Train loss: 0.4642949055827046 Val loss: 0.1297661891906256 Time: 0.3064043330014101
Train loss: 0.37469482017482747 Val loss: 0.13124616827053665 Time: 0.3162075830005051
Train loss: 0.42139241334899324 Val loss: 0.12561713975882408 Time: 0.35831237500315183
Train loss: 0.4235277024396886 Val loss: 0.12670531473563076 Time: 0.3592904170000111
Train loss: 0.45482834529469285 Val loss: 0.12111436981151115 Time: 0.3609024170000339
Train loss: 0.4379312709009202 Val loss: 0.11952739765168803 Time: 0.3073894590015698
Train loss: 0.4990219149347226 Val loss: 0.12628406914857293 Time: 0.30665945800137706
Train loss: 0.39651289473513884 Val loss: 0.12268407587877563 Time: 0.3198666669995873
Train loss: 0.43138251523351556 Val loss: 0.12451836015996785 Time: 0.3070671669993317
Train loss: 0.44560737385452853 Val loss: 0.11959949745458766 Time: 0.3232004160017823
Train loss: 0.38987558238196485 Val loss: 0.12272360144948656 Time: 0.3121382919998723
Shrinking learning rate to 1.0000000000000002e-06
Train loss: 0.44986886836321105 Val loss: 0.1327288505648892 Time: 0.30768637499932083
Train loss: 0.41738911147944435 Val loss: 0.13174678025017678 Time: 0.3190375000012864
Train loss: 0.4739519073834728 Val loss: 0.13379791228409288 Time: 0.31120895799904247
Train loss: 0.4094709070409892 Val loss: 0.1323373227569686 Time: 0.3184206660007476
Train loss: 0.4899684854730495 Val loss: 0.1350824253858852 Time: 0.30637974999990547
Train loss: 0.436535197317518 Val loss: 0.13320922615404335 Time: 0.3061612919991603
Train loss: 0.43920572439225225 Val loss: 0.1331190490311936 Time: 0.3086619999994582
Train loss: 0.4215265726493911 Val loss: 0.1323934664567232 Time: 0.3072656669974094
Train loss: 0.47921961563718796 Val loss: 0.13356198371681433 Time: 0.30889354100145283
Train loss: 0.40900821020302125 Val loss: 0.13123954034234978 Time: 0.3074261250003474
Shrinking learning rate to 1.0000000000000002e-07
Learning rate getting small
Complete
 Total time: 50.25281441699917