starting log for model: models/rnn_lin1_fcast_25_new_22-23.pth
Train loss: 14.961617246590322 Val loss: 1.874962085367578 Time: 0.37435179200110724
Train loss: 14.44893632671301 Val loss: 1.8306830994851995 Time: 0.3409511249992647
Train loss: 13.665623643535362 Val loss: 1.7614925366536474 Time: 0.3446279580020928
Train loss: 11.9778892221458 Val loss: 1.559923669949505 Time: 0.3371248330004164
Train loss: 8.927426939432456 Val loss: 1.2317598277996484 Time: 0.334665791997395
Train loss: 7.325845022643785 Val loss: 1.041808369522047 Time: 0.3465477080026176
Train loss: 6.8736688178872605 Val loss: 0.9838467693335293 Time: 0.3369615000046906
Train loss: 6.402114207846296 Val loss: 0.9628034756013777 Time: 0.33374516700132517
Train loss: 6.284376040564695 Val loss: 0.9530305569821411 Time: 0.3383222500051488
Train loss: 5.990701963881321 Val loss: 0.9367731308698942 Time: 0.3407039160010754
Train loss: 5.92175266670448 Val loss: 0.9265735501132283 Time: 0.34639795800467255
Train loss: 5.855542968703702 Val loss: 0.7949776470519014 Time: 0.38198770899907686
Train loss: 5.677015704608294 Val loss: 0.8142510546393513 Time: 0.3325602080003591
Train loss: 5.729929453255125 Val loss: 0.8153995455275931 Time: 0.3382506249981816
Train loss: 5.40045597032389 Val loss: 0.7866330346577499 Time: 0.3361379170019063
Train loss: 5.49516881407817 Val loss: 0.788820877689909 Time: 0.33392045900109224
Train loss: 5.442827356280603 Val loss: 0.7835184527169203 Time: 0.3361989170007291
Train loss: 5.511946775653939 Val loss: 0.7852757554929318 Time: 0.3334191670001019
Train loss: 5.25409664941476 Val loss: 0.7484041456039553 Time: 0.33447191700543044
Train loss: 5.2775476542718565 Val loss: 0.7535074006278712 Time: 0.3329544169973815
Train loss: 5.004281057353751 Val loss: 0.7272629437468289 Time: 0.3361569580010837
Train loss: 5.164949564708465 Val loss: 0.7327250809343221 Time: 0.3325150830060011
Train loss: 5.08781630191637 Val loss: 0.7255089283583681 Time: 0.3328969159992994
Train loss: 5.083579346106717 Val loss: 0.7175735829750247 Time: 0.3328904580048402
Train loss: 4.836847903402287 Val loss: 0.6920810319336599 Time: 0.33207416599907447
Train loss: 4.812917446688871 Val loss: 0.6897957376066717 Time: 0.3318708750011865
Train loss: 4.8479699233022915 Val loss: 0.6887211691474843 Time: 0.33826399999816203
Train loss: 4.565876173326384 Val loss: 0.6583219626279083 Time: 0.33679695799946785
Train loss: 4.604026529440962 Val loss: 0.6522728770912539 Time: 0.34327208300237544
Train loss: 4.530839749908893 Val loss: 0.652305018806764 Time: 0.3346010000022943
Train loss: 4.294668900769966 Val loss: 0.6172223803947395 Time: 0.33261058399511967
Train loss: 4.278709815780928 Val loss: 0.6121012768223226 Time: 0.34075112500431715
Train loss: 4.159041774906996 Val loss: 0.6028985774708685 Time: 0.3388092079985654
Train loss: 3.887597384451098 Val loss: 0.5672900387100496 Time: 0.3326191669984837
Train loss: 3.8558144795640104 Val loss: 0.5269070784005503 Time: 0.34141866699792445
Train loss: 3.643864493855176 Val loss: 0.4981783271483568 Time: 0.33205341599386884
Train loss: 3.4925955184912825 Val loss: 0.4761398786708982 Time: 0.3323260830002255
Train loss: 3.4013741929870775 Val loss: 0.4561403174502892 Time: 0.3403705410019029
Train loss: 3.405428569561394 Val loss: 0.4501096496284749 Time: 0.33663904199784156
Train loss: 3.034848747661421 Val loss: 0.41175653483663127 Time: 0.33330874999955995
Train loss: 3.1256512104983614 Val loss: 0.41156759404188836 Time: 0.3394971669986262
Train loss: 2.886070356668583 Val loss: 0.3876300723553972 Time: 0.33239599999797065
Train loss: 2.906119798636322 Val loss: 0.37668874221702003 Time: 0.33814737500506453
Train loss: 2.668764759115362 Val loss: 0.35418650435009974 Time: 0.3373449159989832
Train loss: 2.8062355738358615 Val loss: 0.3617301919583482 Time: 0.33832791700115195
Train loss: 2.5866801181300865 Val loss: 0.3438832110177753 Time: 0.3409876660007285
Train loss: 2.498251290255226 Val loss: 0.331321038096703 Time: 0.33532862499851035
Train loss: 2.5877839235570796 Val loss: 0.3329602401344668 Time: 0.33124400000087917
Train loss: 2.4421462660341096 Val loss: 0.3267369769646129 Time: 0.3389607499993872
Train loss: 2.4083961730764125 Val loss: 0.31531070949469286 Time: 0.33554929200181505
Train loss: 2.3814386701950063 Val loss: 0.32353022042401713 Time: 0.33610395800496917
Train loss: 2.3101913083696326 Val loss: 0.3088461079636472 Time: 0.35196050000377
Train loss: 2.401981981559288 Val loss: 0.3157578916434528 Time: 0.3368725420004921
Train loss: 2.2781903922862234 Val loss: 0.31270099717644595 Time: 0.3335724580028909
Train loss: 2.3522019664366187 Val loss: 0.3234637421161583 Time: 0.33273375000135275
Train loss: 2.2377475672063163 Val loss: 0.30212599275310703 Time: 0.33371504199749324
Train loss: 2.1498137360268004 Val loss: 0.2937408326168479 Time: 0.337369957996998
Train loss: 2.168554314355056 Val loss: 0.3023868023842049 Time: 0.3346800829967833
Train loss: 2.208506190980998 Val loss: 0.30265680438183684 Time: 0.34727633299917215
Train loss: 2.1395152252192737 Val loss: 0.29324081972172444 Time: 0.33442854099848773
Train loss: 2.1303383402915586 Val loss: 0.29346101559810545 Time: 0.33653558300284203
Train loss: 2.005842470984806 Val loss: 0.2836988677624506 Time: 0.335948041996744
Train loss: 1.8342326244321328 Val loss: 0.2733243556043896 Time: 0.3436139170007664
Train loss: 2.0191816947913255 Val loss: 0.2889342233885816 Time: 0.34431570800370537
Train loss: 1.89379655718038 Val loss: 0.2797044769677169 Time: 0.3366887910015066
Train loss: 2.0692338904047176 Val loss: 0.29554548792891583 Time: 0.33853466699656565
Train loss: 1.9403157471736918 Val loss: 0.28075076740042826 Time: 0.33927454199874774
Train loss: 1.9801348495809492 Val loss: 0.28148943690636546 Time: 0.33851462500024354
Train loss: 1.9385781034442857 Val loss: 0.2881890607441234 Time: 0.3433058750015334
Train loss: 1.758081172093477 Val loss: 0.2664033008112651 Time: 0.3425887080011307
Train loss: 1.795297194648171 Val loss: 0.2755123278358287 Time: 0.34551333299896214
Train loss: 1.767288653761586 Val loss: 0.2679307045841512 Time: 0.3418119170019054
Train loss: 1.7501224583981667 Val loss: 0.26746626748429275 Time: 0.344399000001431
Train loss: 1.64730087900403 Val loss: 0.25998306091068046 Time: 0.34382887500396464
Train loss: 1.647613497323574 Val loss: 0.26491327785353846 Time: 0.35885474999668077
Train loss: 1.7102833936322384 Val loss: 0.278673499382652 Time: 0.34304162499756785
Train loss: 1.6164889395622595 Val loss: 0.25715994299349265 Time: 0.3464416670030914
Train loss: 1.6879385580273834 Val loss: 0.27741474882104084 Time: 0.35290600000007544
Train loss: 1.560641611318668 Val loss: 0.2575734307570665 Time: 0.3451910419971682
Train loss: 1.5780843162498748 Val loss: 0.25821957278678437 Time: 0.3474323749978794
Train loss: 1.5766976883784594 Val loss: 0.2547120100774417 Time: 0.36498608400142984
Train loss: 1.6312645062043885 Val loss: 0.25950666761703145 Time: 0.3478894579966436
Train loss: 1.4182187945670037 Val loss: 0.25317473294471393 Time: 0.3508922090040869
Train loss: 1.440813464486837 Val loss: 0.24742563868435455 Time: 0.35268470899609383
Train loss: 1.5156865169709806 Val loss: 0.2521609709376454 Time: 0.3509059159987373
Train loss: 1.5181904578822127 Val loss: 0.2643493860123764 Time: 0.3554462500032969
Train loss: 1.401793512512512 Val loss: 0.24682264144291027 Time: 0.35186704200168606
Train loss: 1.3771123574208133 Val loss: 0.24379175470299208 Time: 0.4001380409972626
Train loss: 1.4772927410432466 Val loss: 0.2679988487285278 Time: 0.3552254169990192
Train loss: 1.3863481114938878 Val loss: 0.269362694731971 Time: 0.35289266699692234
Train loss: 1.276838042312761 Val loss: 0.23735521778758242 Time: 0.34998454199376283
Train loss: 1.4372969066389487 Val loss: 0.2473727303824842 Time: 0.3651158749999013
Train loss: 1.226239891286653 Val loss: 0.25696575926565374 Time: 0.3539608330029296
Train loss: 1.2189677096283233 Val loss: 0.2563617971024772 Time: 0.3520078749934328
Train loss: 1.3412822601051264 Val loss: 0.27583506589369633 Time: 0.36130045800382504
Train loss: 1.3033999663110265 Val loss: 0.2823261761945568 Time: 0.35440770800050814
Train loss: 1.2830555538839583 Val loss: 0.24080498298060257 Time: 0.3609999999971478
Train loss: 1.2239378535244718 Val loss: 0.235334626803676 Time: 0.36362725000071805
Train loss: 1.0986860345377103 Val loss: 0.2281923315245169 Time: 0.3556806249980582
Train loss: 1.284986777284928 Val loss: 0.23854738028095912 Time: 0.35587529099575477
Train loss: 1.1787516168469248 Val loss: 0.2720720727824599 Time: 0.3560055830021156
Train loss: 1.2147932680144065 Val loss: 0.23884058706990088 Time: 0.36279120900144335
Train loss: 1.2972773907055455 Val loss: 0.264340232807808 Time: 0.35882329200103413
Train loss: 1.1669135112395566 Val loss: 0.24003518852435132 Time: 0.3621869999988121
Train loss: 1.049165821883066 Val loss: 0.22594650161433197 Time: 0.35884633399837185
Train loss: 1.2130103101006 Val loss: 0.23697189626766244 Time: 0.3588764590022038
Train loss: 1.184259528210987 Val loss: 0.25545848919379033 Time: 0.3587599579987
Train loss: 1.1357140926890992 Val loss: 0.2734797211506132 Time: 0.42281958300009137
Train loss: 1.0833615489651187 Val loss: 0.24183123399757864 Time: 0.36147345900099026
Train loss: 1.2344178927357916 Val loss: 0.24674246450958895 Time: 0.3703852079997887
Train loss: 1.2088943853489695 Val loss: 0.2736399753326603 Time: 0.36093220899783773
Train loss: 1.1972059719931032 Val loss: 0.2338853387609219 Time: 0.35791654200147605
Train loss: 1.087583697307906 Val loss: 0.2288919713342717 Time: 0.3610532919992693
Train loss: 1.2797927352720855 Val loss: 0.3123803823787095 Time: 0.3655772909987718
Shrinking learning rate to 1e-05
Train loss: 1.1897563360740584 Val loss: 0.24175221747605374 Time: 0.3660399590007728
Train loss: 1.079701076815013 Val loss: 0.2389036432740746 Time: 0.36766816699673655
Train loss: 1.069772364215737 Val loss: 0.23645853358765445 Time: 0.36969104199670255
Train loss: 1.0369643721525401 Val loss: 0.2390721343975026 Time: 0.3634003749975818
Train loss: 1.1350028756278903 Val loss: 0.24242626960636496 Time: 0.36446199999772944
Train loss: 0.9856880360640332 Val loss: 0.23609154183559772 Time: 0.3704042910030694
Train loss: 1.0218159822819874 Val loss: 0.2402549523188561 Time: 0.3645788329959032
Train loss: 1.0735270067612126 Val loss: 0.2404661631680588 Time: 0.36341487500612857
Train loss: 1.0140567786099837 Val loss: 0.24013072003342475 Time: 0.3697690000044531
Train loss: 1.0176050820857654 Val loss: 0.2388642396249646 Time: 0.3640679999953136
Train loss: 0.9899491034363166 Val loss: 0.23757698585868353 Time: 0.36488850000023376
Train loss: 1.02137291900206 Val loss: 0.24291673352598028 Time: 0.3682006250019185
Train loss: 1.0682286233607527 Val loss: 0.2446852255381855 Time: 0.3643783750012517
Train loss: 1.1134406581444978 Val loss: 0.2489518121299888 Time: 0.36719866700150305
Train loss: 1.1029707075387165 Val loss: 0.24691950568197096 Time: 0.3682980419980595
Shrinking learning rate to 1.0000000000000002e-06
Train loss: 1.1007646699441693 Val loss: 0.24167062817202703 Time: 0.37191995800094446
Train loss: 0.9464871426306729 Val loss: 0.23562084501368094 Time: 0.3701849169956404
Train loss: 0.9764756420409242 Val loss: 0.23725155281932303 Time: 0.37231662499834783
Train loss: 0.9886892011142345 Val loss: 0.23721625581565392 Time: 0.367752083002415
Train loss: 0.9986082561914174 Val loss: 0.2378675608017049 Time: 0.36898008400021354
Train loss: 1.0315174466995387 Val loss: 0.23956700448105736 Time: 0.3689328749969718
Train loss: 0.986184283985498 Val loss: 0.23834709519021036 Time: 0.36738441699708346
Train loss: 1.0474754913902444 Val loss: 0.24160484968069443 Time: 0.37581304099876434
Train loss: 0.9665318370061939 Val loss: 0.238182091253673 Time: 0.37088487499568146
Train loss: 0.9785972531203901 Val loss: 0.23855562851557383 Time: 0.3710117500013439
Train loss: 1.0396496274778926 Val loss: 0.24151538263689476 Time: 0.3709147500048857
Shrinking learning rate to 1.0000000000000002e-07
Learning rate getting small
Complete
 Total time: 49.13235341600375