starting log for model: models/rnn_comb_fcast_23_new_22-23.pth
Train loss: 13.392370316419719 Val loss: 1.5842614294953368 Time: 0.2814500410022447
Train loss: 9.434714758885775 Val loss: 1.2050234463261191 Time: 0.2449127919971943
Train loss: 7.075524057853752 Val loss: 0.9087981956768878 Time: 0.2627395000017714
Train loss: 6.497439361566379 Val loss: 0.835414389855122 Time: 0.2650866659969324
Train loss: 6.2373729656205255 Val loss: 0.8025218402848399 Time: 0.28446420800173655
Train loss: 5.8380991796374 Val loss: 0.7672976930438024 Time: 0.3260972080024658
Train loss: 5.627896200168635 Val loss: 0.739786778472943 Time: 0.25784733300679363
Train loss: 5.408749107415986 Val loss: 0.7171119706179649 Time: 0.2715874589921441
Train loss: 5.446240788302234 Val loss: 0.7106703397113163 Time: 0.24947816699568648
Train loss: 5.041091667220314 Val loss: 0.6763708620287838 Time: 0.25140754200401716
Train loss: 5.096775979242223 Val loss: 0.6605967603751101 Time: 0.2510949590068776
Train loss: 4.64539480667626 Val loss: 0.6146432521531253 Time: 0.2502328750124434
Train loss: 4.450820881726983 Val loss: 0.6022105716255314 Time: 0.2602920829958748
Train loss: 4.486560885298758 Val loss: 0.5942181379580341 Time: 0.2627237499982584
Train loss: 4.3129725475324 Val loss: 0.5610596711918003 Time: 0.287426291994052
Train loss: 4.041781579293229 Val loss: 0.5425896389211723 Time: 0.25720891599485185
Train loss: 3.956401860976854 Val loss: 0.5196837091918681 Time: 0.2581809169932967
Train loss: 3.619738909783198 Val loss: 0.5067375543389417 Time: 0.25928283399844076
Train loss: 3.835645555134114 Val loss: 0.5091381466865375 Time: 0.2643774579919409
Train loss: 3.617919090619182 Val loss: 0.4464720101141202 Time: 0.2663702080026269
Train loss: 3.3101039844371485 Val loss: 0.44216439699604876 Time: 0.25954208298935555
Train loss: 3.4553765993292984 Val loss: 0.4079102229278775 Time: 0.25908925000112504
Train loss: 3.136665702601796 Val loss: 0.382295060994684 Time: 0.256586082992726
Train loss: 2.8619918525184724 Val loss: 0.33184463234103456 Time: 0.2597692090057535
Train loss: 2.8790099585171447 Val loss: 0.34372832120821184 Time: 0.25737991600180976
Train loss: 3.0842698751628745 Val loss: 0.34963615331032016 Time: 0.25948649999918416
Train loss: 2.5967380558348765 Val loss: 0.3021742721448717 Time: 0.25836866699683014
Train loss: 2.6669540865508194 Val loss: 0.3036233434853192 Time: 0.27437070800806396
Train loss: 2.480982491137812 Val loss: 0.28438050305512563 Time: 0.2595147500105668
Train loss: 2.5926812813478364 Val loss: 0.2899080048060238 Time: 0.2604222079971805
Train loss: 2.462220365349581 Val loss: 0.286425594983669 Time: 0.26785974999074824
Train loss: 2.514474918165142 Val loss: 0.28606789790256487 Time: 0.2881389159883838
Train loss: 2.276614496394826 Val loss: 0.2545450942149226 Time: 0.30422433400235604
Train loss: 2.1348825132516254 Val loss: 0.24981374495678588 Time: 0.3004758750030305
Train loss: 2.2895934179736708 Val loss: 0.2627431880943219 Time: 0.3886166250013048
Train loss: 2.2309785206760786 Val loss: 0.26449985503359275 Time: 0.29308366699842736
Train loss: 2.046337595378361 Val loss: 0.2430175038302652 Time: 0.2732336660119472
Train loss: 2.0065512842539994 Val loss: 0.23059203281882734 Time: 0.28288008300296497
Train loss: 1.9202150211452427 Val loss: 0.23076171098120596 Time: 0.28974045799986925
Train loss: 2.0063282038002797 Val loss: 0.256900429456856 Time: 0.2867286250111647
Train loss: 1.896879420980369 Val loss: 0.2283316488235492 Time: 0.2935552079870831
Train loss: 1.7815474212670495 Val loss: 0.2825817370467115 Time: 0.2780265839974163
Train loss: 1.6787054448543302 Val loss: 0.28195514690942847 Time: 0.26568608300294727
Train loss: 1.7618450810346484 Val loss: 0.2774415315006819 Time: 0.29720587498741224
Train loss: 1.6847429930054503 Val loss: 0.2756292985226422 Time: 0.3619835410063388
Train loss: 1.8303576567850257 Val loss: 0.28224733934426777 Time: 0.34538300000713207
Train loss: 1.4562242929952056 Val loss: 0.27523656289200954 Time: 0.3283566659956705
Train loss: 1.4641112094833204 Val loss: 0.2586619738742691 Time: 0.27077866600302514
Train loss: 1.6009819039821167 Val loss: 0.2709460644866641 Time: 0.2845651670068037
Train loss: 1.5035057016412594 Val loss: 0.2582154113940421 Time: 0.2760069579962874
Train loss: 1.4790128443168031 Val loss: 0.27171743976446083 Time: 0.2839937499957159
Train loss: 1.4066691550995927 Val loss: 0.2669688554571934 Time: 0.27466354200441856
Train loss: 1.541292245125831 Val loss: 0.2633436353704442 Time: 0.2763601249898784
Train loss: 1.3438617460815934 Val loss: 0.2560093729506026 Time: 0.2748803750000661
Train loss: 1.3600519845781243 Val loss: 0.2623605245924955 Time: 0.2718632920004893
Train loss: 1.3328072512507791 Val loss: 0.24642739662127233 Time: 0.28478562500094995
Train loss: 1.290299792356322 Val loss: 0.26853368798887667 Time: 0.28177945800416637
Train loss: 1.290120860260643 Val loss: 0.24818519308815717 Time: 0.3714244169968879
Train loss: 1.2674328888612456 Val loss: 0.24817602732926503 Time: 0.28696183300053235
Train loss: 1.1155659668816051 Val loss: 0.24443095994865785 Time: 0.275829291989794
Train loss: 1.097276882504758 Val loss: 0.24511624990189326 Time: 0.283076167004765
Train loss: 1.2155340353804718 Val loss: 0.23993039777372166 Time: 0.2792713749950053
Train loss: 1.141223635197286 Val loss: 0.2595101453277585 Time: 0.3064562079962343
Train loss: 1.1184127803430712 Val loss: 0.2516638557524178 Time: 0.2753022919932846
Train loss: 1.0718424118103655 Val loss: 0.2572748533076123 Time: 0.29121008299989626
Train loss: 1.108046836867004 Val loss: 0.23255176644021136 Time: 0.2785153329896275
Train loss: 1.0168974765904846 Val loss: 0.2547810468448389 Time: 0.3028278749989113
Train loss: 1.057158305266015 Val loss: 0.2491061448528565 Time: 0.2809295829938492
Train loss: 1.1019946877547255 Val loss: 0.295535976549368 Time: 0.33138695800153073
Train loss: 1.0686020294402603 Val loss: 0.24460197863138453 Time: 0.29004195900051855
Train loss: 1.010918741671503 Val loss: 0.24142902743026867 Time: 0.27539766699192114
Train loss: 1.0012126239237893 Val loss: 0.2307221075672981 Time: 0.28457491600420326
Train loss: 1.0755704130125023 Val loss: 0.26154223561338336 Time: 0.28119095900910906
Train loss: 1.0385225186839948 Val loss: 0.24374176718175397 Time: 0.27624770799593534
Train loss: 0.9219969802995251 Val loss: 0.26814146309394765 Time: 0.28036020799481776
Train loss: 0.9734959307025077 Val loss: 0.23252789930585677 Time: 0.2809956669952953
Train loss: 0.8077275381033644 Val loss: 0.25774167379824997 Time: 0.27782933399430476
Train loss: 1.0139675959352203 Val loss: 0.2532270540270679 Time: 0.2969857919961214
Train loss: 1.0447327652522134 Val loss: 0.27056637594935634 Time: 0.2802445830020588
Train loss: 0.9293272686685246 Val loss: 0.2970593032060427 Time: 0.3051051669899607
Train loss: 0.8581319562962371 Val loss: 0.24963557724479737 Time: 0.288631917006569
Train loss: 0.8274229743280728 Val loss: 0.2403257138729942 Time: 0.2889182079961756
Train loss: 0.8677409678988357 Val loss: 0.25152436103713655 Time: 0.3505885420017876
Train loss: 1.0301145067874025 Val loss: 0.2684855452470875 Time: 0.2923913749982603
Train loss: 0.806116404012446 Val loss: 0.24081756238003157 Time: 0.2875539170054253
Train loss: 0.7337971209434357 Val loss: 0.2626805825870678 Time: 0.3101319169945782
Train loss: 0.8556986423277735 Val loss: 0.2671747550426918 Time: 0.30988079200324137
Train loss: 0.9399662233173274 Val loss: 0.24618114969718174 Time: 0.30716920900158584
Train loss: 0.7367002657277837 Val loss: 0.2576463601731867 Time: 0.45365237499936484
Train loss: 0.7500468315432798 Val loss: 0.2776316492461808 Time: 0.3144955409952672
Train loss: 0.8792335379895728 Val loss: 0.25123568125679874 Time: 0.3380230000038864
Train loss: 0.7451269912593013 Val loss: 0.26430845616231985 Time: 0.30346620798809454
Train loss: 0.7002264566697249 Val loss: 0.23994950200735807 Time: 0.2864571249956498
Train loss: 0.752249194742042 Val loss: 0.2926082659999683 Time: 0.28790908301016316
Train loss: 0.8341051795649435 Val loss: 0.23549955756793492 Time: 0.28736145798757207
Train loss: 0.8086083670052615 Val loss: 0.2572100966133814 Time: 0.2875147500017192
Train loss: 0.819147227926436 Val loss: 0.2721704155762073 Time: 0.293769166994025
Train loss: 0.7939203967023403 Val loss: 0.2622202878665926 Time: 0.29725124999822583
Train loss: 0.6389803947853507 Val loss: 0.3489879340754003 Time: 0.2838562909892062
Train loss: 0.774041973360875 Val loss: 0.2520637404410799 Time: 0.287629124999512
Train loss: 0.6486607880805737 Val loss: 0.3341519745237772 Time: 0.29273929199553095
Train loss: 0.6814927707555753 Val loss: 0.3623983427354192 Time: 0.29566712499945424
Train loss: 0.619949568622161 Val loss: 0.3319442260361377 Time: 0.29048362499452196
Train loss: 0.6771326966873297 Val loss: 0.375986202749363 Time: 0.2807523340015905
Train loss: 0.8001669584408795 Val loss: 0.3227054148059081 Time: 0.2903287079971051
Train loss: 0.6488042377490331 Val loss: 0.33011835103255033 Time: 0.3355336250097025
Train loss: 0.6790919705096599 Val loss: 0.36065699803519036 Time: 0.3031059580098372
Train loss: 0.6432661510429512 Val loss: 0.32737226031343086 Time: 0.2971935410023434
Train loss: 0.6486868250131019 Val loss: 0.33018292331637916 Time: 0.3083385000063572
Train loss: 0.7162256743252584 Val loss: 0.35333300847646154 Time: 0.3243002079980215
Train loss: 0.7772229562057271 Val loss: 0.33994804298814785 Time: 0.3951981670106761
Train loss: 0.6208776941759169 Val loss: 0.3471018346630148 Time: 0.297328832995845
Shrinking learning rate to 1e-05
Train loss: 0.921233337584145 Val loss: 0.34094779662866476 Time: 0.2955310420074966
Train loss: 0.8452865236996558 Val loss: 0.33802586551119596 Time: 0.29055370899732225
Train loss: 0.7449374357946397 Val loss: 0.33873081059726484 Time: 0.31034891700255685
Train loss: 0.7268768343518488 Val loss: 0.33934797212786255 Time: 0.3372997080005007
Train loss: 0.8091388789999314 Val loss: 0.3428947944149388 Time: 0.34943804099748377
Train loss: 0.6310449256349884 Val loss: 0.3415082283838537 Time: 0.3873489160032477
Train loss: 0.7940742701481298 Val loss: 0.34479300935983515 Time: 0.29192329199577216
Train loss: 0.741303715803748 Val loss: 0.34371946135916365 Time: 0.2888428330043098
Train loss: 0.7178904155028829 Val loss: 0.34126539444887966 Time: 0.3026757500047097
Train loss: 0.7850570374898147 Val loss: 0.34255894826543787 Time: 0.2999017499969341
Shrinking learning rate to 1.0000000000000002e-06
Train loss: 0.9447420448939852 Val loss: 0.3394482408451013 Time: 0.29638295801123604
Train loss: 0.877892884435596 Val loss: 0.337159509919657 Time: 0.3007471250020899
Train loss: 0.783893171582605 Val loss: 0.33471078209000626 Time: 0.31670183400274254
Train loss: 0.8284418013566324 Val loss: 0.3357413163352851 Time: 0.35890658300195355
Train loss: 0.7335650212607003 Val loss: 0.33345930739489504 Time: 0.3277711250120774
Train loss: 0.8662049803755281 Val loss: 0.3368559088037239 Time: 0.4942776249954477
Train loss: 0.8001979788584359 Val loss: 0.3348952079966144 Time: 0.33481862500775605
Train loss: 0.750894242563102 Val loss: 0.3340870088288558 Time: 0.32350337500975
Train loss: 0.7278009074109839 Val loss: 0.3334663944201134 Time: 0.30638004100183025
Train loss: 0.7102344132788971 Val loss: 0.33383436475595013 Time: 0.3113072919950355
Shrinking learning rate to 1.0000000000000002e-07
Learning rate getting small
Complete
 Total time: 39.12830970900541