starting log for model: models/rnn_comb_fcast_20_new_23-24.pth
Train loss: 14.957090446663575 Val loss: 1.6660522752951563 Time: 0.30269279101048596
Train loss: 10.434450544970503 Val loss: 1.1960363208065918 Time: 0.30604220800159965
Train loss: 7.62388891187711 Val loss: 0.9092664460247785 Time: 0.29766208300134167
Train loss: 6.842653183645 Val loss: 0.8281912065598115 Time: 0.2878755829879083
Train loss: 6.813110955071799 Val loss: 0.8210715044958443 Time: 0.27905633400951046
Train loss: 6.025573499071271 Val loss: 0.7221943831362175 Time: 0.2860797920002369
Train loss: 6.0269779687671345 Val loss: 0.7216499778180314 Time: 0.29432200000155717
Train loss: 5.914778686700984 Val loss: 0.7123946255528991 Time: 0.29106187500292435
Train loss: 5.851108414791226 Val loss: 0.7018206261531924 Time: 0.2929455420089653
Train loss: 5.5516624236159515 Val loss: 0.6734581742570299 Time: 0.3036085829953663
Train loss: 5.46469531995217 Val loss: 0.6573577436712216 Time: 0.29327633399225306
Train loss: 4.919330215455901 Val loss: 0.619499129528337 Time: 0.30788658300298266
Train loss: 4.910100407145142 Val loss: 0.6156325617331366 Time: 0.30880750001233537
Train loss: 4.656090335002347 Val loss: 0.5872212748835189 Time: 0.3233791250095237
Train loss: 4.448571730703748 Val loss: 0.5598769341633003 Time: 0.3098252500058152
Train loss: 4.15208586785856 Val loss: 0.5330483852710446 Time: 0.31810566601052415
Train loss: 3.994684676768486 Val loss: 0.5270036134701356 Time: 0.31414529199537355
Train loss: 3.8167835656246325 Val loss: 0.5020196143765528 Time: 0.32313795799564105
Train loss: 3.7423332301981134 Val loss: 0.4861373914540895 Time: 0.31178579200059175
Train loss: 3.380842421611886 Val loss: 0.45653559466217974 Time: 0.3067104579968145
Train loss: 3.373834349660278 Val loss: 0.45072925452625223 Time: 0.35132570899440907
Train loss: 3.257868192408485 Val loss: 0.4191492135913579 Time: 0.30944241701217834
Train loss: 3.0670948218721232 Val loss: 0.40419269683809333 Time: 0.2972607920091832
Train loss: 2.9754104300239277 Val loss: 0.383951890000355 Time: 0.2984297079965472
Train loss: 3.01385570515162 Val loss: 0.39142554949722325 Time: 0.2981371250061784
Train loss: 2.7730982044034924 Val loss: 0.3741015214891623 Time: 0.29500945800100453
Train loss: 2.6552587250144626 Val loss: 0.3478494076687099 Time: 0.29086974999518134
Train loss: 2.6039693264333263 Val loss: 0.3261598787913704 Time: 0.2913038339902414
Train loss: 2.4021494440021343 Val loss: 0.31087242632601536 Time: 0.30933483300032094
Train loss: 2.294224784463381 Val loss: 0.2668474506398935 Time: 0.29569245800666977
Train loss: 2.1578324435596983 Val loss: 0.2753054595459732 Time: 0.315111917007016
Train loss: 2.2862470669825967 Val loss: 0.288388573090562 Time: 0.324773083004402
Train loss: 2.2345990545069583 Val loss: 0.27443289049154485 Time: 0.33594108298711944
Train loss: 1.91241661090789 Val loss: 0.23405796982244215 Time: 0.3179908330057515
Train loss: 2.039381896294657 Val loss: 0.22900604520063014 Time: 0.31470437500684056
Train loss: 1.9227204348541587 Val loss: 0.19949378716695645 Time: 0.33182858298823703
Train loss: 1.954142095382064 Val loss: 0.2338577516710595 Time: 0.29720779199851677
Train loss: 1.7796813872684591 Val loss: 0.19229756926383143 Time: 0.30396900000050664
Train loss: 1.7228403566733967 Val loss: 0.17468587504914257 Time: 0.31111754100129474
Train loss: 1.7504027695310072 Val loss: 0.1937770552586995 Time: 0.30207166699983645
Train loss: 1.595443956085175 Val loss: 0.1805735305495514 Time: 0.32020954199833795
Train loss: 1.6689936410079174 Val loss: 0.189754240821273 Time: 0.3208385000034468
Train loss: 1.5257217265549068 Val loss: 0.16250746281279269 Time: 0.2985817919980036
Train loss: 1.5174302954629086 Val loss: 0.18901386083161137 Time: 0.30732712500321213
Train loss: 1.6135923585402736 Val loss: 0.1615679978122367 Time: 0.3650984999985667
Train loss: 1.599007856994863 Val loss: 0.1607386139744466 Time: 0.3017730000137817
Train loss: 1.3930119173502256 Val loss: 0.14294634467573472 Time: 0.3450451249955222
Train loss: 1.3560279713969123 Val loss: 0.13652744760242652 Time: 0.33941458399931435
Train loss: 1.3465457768818077 Val loss: 0.1460043419256926 Time: 0.3778611669986276
Train loss: 1.3912904810413735 Val loss: 0.14049751757665718 Time: 0.33974770799977705
Train loss: 1.4512494876667335 Val loss: 0.14562434950114156 Time: 0.38048304099356756
Train loss: 1.2730864313245371 Val loss: 0.13472370108692053 Time: 0.3183918750000885
Train loss: 1.3806336809720818 Val loss: 0.1397905338733328 Time: 0.3075090419879416
Train loss: 1.3744625822827459 Val loss: 0.1379435258016209 Time: 0.32530566699279007
Train loss: 1.2991826487199205 Val loss: 0.13098645527025923 Time: 0.35353195799689274
Train loss: 1.367298955572032 Val loss: 0.15389046119230632 Time: 0.3301811249984894
Train loss: 1.3547182091171877 Val loss: 0.13566339406212757 Time: 0.3352659170050174
Train loss: 1.1504470394759743 Val loss: 0.11532761052968238 Time: 0.3332220000011148
Train loss: 1.256901560795228 Val loss: 0.1290245666397123 Time: 0.3309026250062743
Train loss: 1.188751011037093 Val loss: 0.11899796647829165 Time: 0.319860333998804
Train loss: 1.2678419699229027 Val loss: 0.12984701177924876 Time: 0.3462322499981383
Train loss: 1.0999926140579142 Val loss: 0.11989029263468465 Time: 0.32744491600897163
Train loss: 1.309890248236833 Val loss: 0.1309930956743878 Time: 0.3295972080086358
Train loss: 1.0286503128398188 Val loss: 0.10485426750676297 Time: 0.32287854098831303
Train loss: 1.0631415637018797 Val loss: 0.10869802614852347 Time: 0.31403045800107066
Train loss: 1.0535205610007594 Val loss: 0.1151146413491567 Time: 0.3108094170020195
Train loss: 1.1294093835913834 Val loss: 0.11645727557625452 Time: 0.38475408300291747
Train loss: 1.1216841651057763 Val loss: 0.12941415302402012 Time: 0.3219587500061607
Train loss: 1.1806008818527438 Val loss: 0.11850811000160356 Time: 0.3090452080068644
Train loss: 1.0991104806242618 Val loss: 0.11060001327770344 Time: 0.3077144999988377
Train loss: 0.9914083798483313 Val loss: 0.10402344330749519 Time: 0.32046850000915583
Train loss: 1.0358514830347598 Val loss: 0.11332485681076077 Time: 0.356812166995951
Train loss: 1.0980410169211297 Val loss: 0.1106456298584867 Time: 0.35363175001111813
Train loss: 1.0792279281574508 Val loss: 0.11993708904148297 Time: 0.3267453750013374
Train loss: 1.0142029753345696 Val loss: 0.10160455822487716 Time: 0.32781520900607575
Train loss: 0.9650286991868757 Val loss: 0.10606209709754125 Time: 0.3455977499979781
Train loss: 0.8593714978980529 Val loss: 0.10166259826575613 Time: 0.34333029099798296
Train loss: 0.8629543550325689 Val loss: 0.08938599278382847 Time: 0.32404700000188313
Train loss: 1.024577340686303 Val loss: 0.11261825773245171 Time: 0.3208510840049712
Train loss: 0.9110228238776585 Val loss: 0.09131105311774568 Time: 0.324251958008972
Train loss: 0.8849788171958437 Val loss: 0.10285689020362364 Time: 0.32457308399898466
Train loss: 1.0157154185170043 Val loss: 0.10241891509498266 Time: 0.3245856669964269
Train loss: 0.8706181122032177 Val loss: 0.08706628026605451 Time: 0.3407267910079099
Train loss: 0.8192476616609228 Val loss: 0.08192684897899682 Time: 0.41373108299740124
Train loss: 0.8573192147394764 Val loss: 0.10653742971036435 Time: 0.31813929199415725
Train loss: 0.839165814009732 Val loss: 0.10587463967000356 Time: 0.3258955839992268
Train loss: 0.8138818049827137 Val loss: 0.08151504106275581 Time: 0.31861216700053774
Train loss: 0.8408044081999231 Val loss: 0.0913435847116434 Time: 0.31322245800402015
Train loss: 0.7637789794252114 Val loss: 0.0958394538911802 Time: 0.31266166699060705
Train loss: 0.7618267637255238 Val loss: 0.07644437076743132 Time: 0.31327187501301523
Train loss: 0.8132008080039563 Val loss: 0.08137308412799162 Time: 0.3254784159944393
Train loss: 0.8246584396310688 Val loss: 0.08271407848972975 Time: 0.40090258300188
Train loss: 0.8331079839004261 Val loss: 0.09998700517116835 Time: 0.33153466699877754
Train loss: 0.7328410910090639 Val loss: 0.13525527268009743 Time: 0.35304425000504125
Train loss: 0.7606224362003537 Val loss: 0.07677509219637303 Time: 0.4115433330007363
Train loss: 0.7490893755717138 Val loss: 0.0911461289203874 Time: 0.34973637500661425
Train loss: 0.7069195928532008 Val loss: 0.07317093478512546 Time: 0.3202861669997219
Train loss: 0.7326796727823854 Val loss: 0.07366139686031398 Time: 0.31921308299934026
Train loss: 0.7969785771107638 Val loss: 0.08409580132356136 Time: 0.3153846670029452
Train loss: 0.6696745659227865 Val loss: 0.11532177877644885 Time: 0.3143626660021255
Train loss: 0.8063351568543027 Val loss: 0.09521667076621997 Time: 0.3160161660052836
Train loss: 0.8017760160175307 Val loss: 0.08172031704200139 Time: 0.3156622919923393
Train loss: 0.6725888986267705 Val loss: 0.07978116860691337 Time: 0.3122494999988703
Train loss: 0.535859668302578 Val loss: 0.05359907831604254 Time: 0.32463958399603143
Train loss: 0.8285242565363689 Val loss: 0.0932663436946993 Time: 0.31229687499580905
Train loss: 0.6604062352909921 Val loss: 0.06654888001849149 Time: 0.3140445839962922
Train loss: 0.6812189759258445 Val loss: 0.07004919889536118 Time: 0.31359129201155156
Train loss: 0.6220807547791241 Val loss: 0.07879728304469513 Time: 0.3197379999910481
Train loss: 0.6667267176071903 Val loss: 0.1002610047552684 Time: 0.31518916600907687
Train loss: 0.643258941030563 Val loss: 0.07390570497802856 Time: 0.32403887499822304
Train loss: 0.5875839305046355 Val loss: 0.0686114156133255 Time: 0.3253957090055337
Train loss: 0.651822916248822 Val loss: 0.06898814612234513 Time: 0.31721012499474455
Train loss: 0.7545252272246259 Val loss: 0.07600827122812491 Time: 0.3139242079923861
Shrinking learning rate to 1e-05
Train loss: 0.9310922439237039 Val loss: 0.09314357921204414 Time: 0.32095374999335036
Train loss: 0.8900298124016537 Val loss: 0.08935412324905107 Time: 0.31599108400405385
Train loss: 0.7012359922606137 Val loss: 0.07017246419018525 Time: 0.31739195800037123
Train loss: 0.6966341203632667 Val loss: 0.06989627830857846 Time: 0.32830912500503473
Train loss: 0.7549308219965241 Val loss: 0.0757399347315264 Time: 0.3174592920113355
Train loss: 0.6480436784467543 Val loss: 0.06510257075243067 Time: 0.3144159999937983
Train loss: 0.6346192263129957 Val loss: 0.06451773435033441 Time: 0.3172830000112299
Train loss: 0.7417481185227217 Val loss: 0.0746561561419746 Time: 0.31732566699793097
Train loss: 0.724266505453258 Val loss: 0.07364506694531145 Time: 0.3156659999949625
Train loss: 0.544974871521589 Val loss: 0.05554587120400836 Time: 0.38041066699952353
Shrinking learning rate to 1.0000000000000002e-06
Train loss: 1.129542136062696 Val loss: 0.11301818054369012 Time: 0.33403741600341164
Train loss: 1.0210028619083182 Val loss: 0.10237413644039796 Time: 0.3526761660032207
Train loss: 1.036768305874034 Val loss: 0.1042620769709649 Time: 0.3195067909982754
Train loss: 0.9890720738611094 Val loss: 0.09990120687142913 Time: 0.31874029099708423
Train loss: 1.017800253950612 Val loss: 0.10309208735313194 Time: 0.3283683750050841
Train loss: 0.8541406395922309 Val loss: 0.08722669554940497 Time: 0.35309541699825786
Train loss: 0.8676033369123672 Val loss: 0.08886773490152158 Time: 0.3347592079953756
Train loss: 0.9127013768061829 Val loss: 0.09398578089170496 Time: 0.34484583300945815
Train loss: 0.8488202215256138 Val loss: 0.08762310785252168 Time: 0.34724912499950733
Train loss: 0.8163917905035483 Val loss: 0.08489183554228218 Time: 0.3653889590059407
Shrinking learning rate to 1.0000000000000002e-07
Learning rate getting small
Complete
 Total time: 43.22348324999621