starting log for model: models/rnn_lin1_fcast_24_new_22-23.pth
Train loss: 14.921366192092337 Val loss: 2.4699927791681486 Time: 0.34815037499902246
Train loss: 13.888064681510699 Val loss: 1.639229523715877 Time: 0.3791804169995885
Train loss: 11.280738306360576 Val loss: 1.3763957949445733 Time: 0.3687900839995564
Train loss: 7.955949422658431 Val loss: 1.0235243157498308 Time: 0.36236633299995447
Train loss: 6.915016604772852 Val loss: 0.944448715304895 Time: 0.36234179200073413
Train loss: 6.423237690575501 Val loss: 0.8940469760538404 Time: 0.36545433300125296
Train loss: 6.417874493098623 Val loss: 0.8919054634969873 Time: 0.36249291599961
Train loss: 6.075860160279072 Val loss: 0.860373118583866 Time: 0.3912364579991845
Train loss: 6.12193787965964 Val loss: 0.8593228955431035 Time: 0.37399475000165694
Train loss: 5.957349652188114 Val loss: 0.8466160051452609 Time: 0.3742149160007102
Train loss: 5.755741332490153 Val loss: 0.8239593231236516 Time: 0.3736254169998574
Train loss: 5.830448636806267 Val loss: 0.8309079937417543 Time: 0.3709770000004937
Train loss: 5.605939605835303 Val loss: 0.8121694187485158 Time: 0.37258070900134044
Train loss: 5.563797256825563 Val loss: 0.809328126872258 Time: 0.3795737089985778
Train loss: 5.358108955752641 Val loss: 0.7919615757642634 Time: 0.37364058300045144
Train loss: 5.157279890293935 Val loss: 0.7849469934370829 Time: 0.3727453749997949
Train loss: 5.042822778903243 Val loss: 0.7636296477506912 Time: 0.37917654200100515
Train loss: 5.0124830746977125 Val loss: 0.7673679566733551 Time: 0.3760602910006128
Train loss: 4.877882981221532 Val loss: 0.7392606473263139 Time: 0.3822111669996957
Train loss: 4.5910989989249344 Val loss: 0.7250116914845188 Time: 0.3868450829995709
Train loss: 4.508235961797851 Val loss: 0.7148894156354964 Time: 0.3750618750000285
Train loss: 4.479002794740865 Val loss: 0.7107637449785948 Time: 0.36984174999997776
Train loss: 4.188369651957144 Val loss: 0.673237608940004 Time: 0.3865387080004439
Train loss: 4.1240397743324735 Val loss: 0.6733264959650459 Time: 0.379767250000441
Train loss: 3.936433664211254 Val loss: 0.6611539908552105 Time: 0.3840354580006533
Train loss: 3.8690901179501083 Val loss: 0.5103789783571697 Time: 0.3848655410001811
Train loss: 3.7538148430218072 Val loss: 0.5021312866793646 Time: 0.3848302500009595
Train loss: 3.5028946348397767 Val loss: 0.4641570067057836 Time: 0.38115720899986627
Train loss: 3.5358255046267004 Val loss: 0.4560426717297177 Time: 0.39195050000125775
Train loss: 3.3106035875097675 Val loss: 0.4203477840751723 Time: 0.4059634590012138
Train loss: 3.258171964689925 Val loss: 0.40554201314675303 Time: 0.38925066699994204
Train loss: 3.362422684276538 Val loss: 0.40529882898213265 Time: 0.38432258300053945
Train loss: 2.964600913497275 Val loss: 0.36747018706960527 Time: 0.3865982499992242
Train loss: 3.152252134037383 Val loss: 0.3810566013436392 Time: 0.3856886659996235
Train loss: 2.9381070923097 Val loss: 0.3485382219786948 Time: 0.4025365409997903
Train loss: 2.8698503595699734 Val loss: 0.3483958094840225 Time: 0.3922732499995618
Train loss: 2.661259987561822 Val loss: 0.3224186200914342 Time: 0.39341862499895797
Train loss: 2.760718178897406 Val loss: 0.32421816852414737 Time: 0.38646404199971585
Train loss: 2.6871848080729848 Val loss: 0.3263506560802281 Time: 0.39448375000029046
Train loss: 2.4795847237417092 Val loss: 0.3118652523768145 Time: 0.39224825000019337
Train loss: 2.5721833364590196 Val loss: 0.3028111867492227 Time: 0.39782083300087834
Train loss: 2.463198513529878 Val loss: 0.27862020730046 Time: 0.40583862499988754
Train loss: 2.3751295532310213 Val loss: 0.2822983912210613 Time: 0.39674345799903676
Train loss: 2.462508040608646 Val loss: 0.27862264570538364 Time: 0.40498700000171084
Train loss: 2.4612449171099744 Val loss: 0.28258076093461526 Time: 0.3917639590017643
Train loss: 2.280802388389759 Val loss: 0.26117823514920757 Time: 0.39929574999951
Train loss: 2.3112145638532975 Val loss: 0.2614950786755719 Time: 0.39770770799987076
Train loss: 2.317128721831864 Val loss: 0.28035718638907314 Time: 0.38384079199931875
Train loss: 2.3272228572353697 Val loss: 0.28368370673377974 Time: 0.39411404200109246
Train loss: 2.3731769537138234 Val loss: 0.26959852450476673 Time: 0.3928307500009396
Train loss: 2.2201464963472404 Val loss: 0.2599816530182641 Time: 0.4095222500000091
Train loss: 2.21530979278117 Val loss: 0.2538433170289689 Time: 0.4101625420007622
Train loss: 2.281026748901838 Val loss: 0.2545126141440164 Time: 0.39313837500048976
Train loss: 2.009744879259191 Val loss: 0.23557410021898323 Time: 0.39622945799965237
Train loss: 2.186392080629446 Val loss: 0.26298521286761506 Time: 0.3987728749998496
Train loss: 2.122068956750142 Val loss: 0.24459611876157947 Time: 0.39775516699955915
Train loss: 2.2025365986930474 Val loss: 0.266800278494432 Time: 0.3999490419992071
Train loss: 2.0810095567410656 Val loss: 0.24746201463463466 Time: 0.39855612499923154
Train loss: 2.0059720338414877 Val loss: 0.24515746747422537 Time: 0.39535937500113505
Train loss: 1.9563657685170286 Val loss: 0.22791552453502473 Time: 0.39945395799986727
Train loss: 2.0142493959374157 Val loss: 0.23316929730898434 Time: 0.4109264170001552
Train loss: 1.998644346570174 Val loss: 0.4496190633997839 Time: 0.39402974999939033
Train loss: 1.8950725062792273 Val loss: 0.22111749718927962 Time: 0.3967724590002035
Train loss: 2.0510416295702925 Val loss: 0.4496942577821264 Time: 0.3955336669987446
Train loss: 1.8941603891911427 Val loss: 0.4540153350184377 Time: 0.3898599589992955
Train loss: 1.9228962530416425 Val loss: 0.4514157268734117 Time: 0.4098358339997503
Train loss: 1.875573046238733 Val loss: 0.22246632097236155 Time: 0.3930642920004175
Train loss: 1.8654921381635947 Val loss: 0.24100279122391596 Time: 0.39509349999934784
Train loss: 1.725232240260837 Val loss: 0.20809952232913922 Time: 0.4042747910007165
Train loss: 1.8142061496365613 Val loss: 0.4592594583109758 Time: 0.4066707090005366
Train loss: 1.7955966931590552 Val loss: 0.4389826845765778 Time: 0.4049775419989601
Train loss: 1.7825735396317341 Val loss: 0.4384076010559457 Time: 0.40769770800034166
Train loss: 1.7227773324142248 Val loss: 0.4421024653609188 Time: 0.40019050000046263
Train loss: 1.8404928288836393 Val loss: 0.4489831884812433 Time: 0.40343566600131453
Train loss: 1.6393471684735346 Val loss: 0.4327030572138532 Time: 0.3977379169991764
Train loss: 1.6492935690333694 Val loss: 0.4368903815691338 Time: 0.412568249999822
Train loss: 1.7219305511545429 Val loss: 0.4425960878133092 Time: 0.391249209000307
Train loss: 1.4857304348568405 Val loss: 0.42876996900664033 Time: 0.4071668750002573
Train loss: 1.7138690367870595 Val loss: 0.4367477732366286 Time: 0.40183095799875446
Train loss: 1.6394807406767171 Val loss: 0.4370872315974193 Time: 0.4004550420013402
Train loss: 1.4578106819755021 Val loss: 0.4279750966640024 Time: 0.403525207999337
Train loss: 1.5873846342720164 Val loss: 0.4416739464593654 Time: 0.398675500000536
Train loss: 1.5835420792021502 Val loss: 0.4352127767024538 Time: 0.40525549999983923
Train loss: 1.4679594238983837 Val loss: 0.4272335781309261 Time: 0.3988083750009537
Train loss: 1.430532095523347 Val loss: 0.4254144719589794 Time: 0.4059847089993127
Train loss: 1.4490894498849087 Val loss: 0.42574936520534207 Time: 0.40030516700062435
Train loss: 1.5279837366144307 Val loss: 0.435059278549102 Time: 0.40860616600002686
Train loss: 1.4234915116646363 Val loss: 0.42629763254701736 Time: 0.39723433399922214
Train loss: 1.5578921894315414 Val loss: 0.4306374833993047 Time: 0.40740508299859357
Train loss: 1.3928669719566216 Val loss: 0.4255771611372582 Time: 0.40885516599882976
Train loss: 1.3626133729640664 Val loss: 0.42257456259057746 Time: 0.40029574999971373
Train loss: 1.3293294281491796 Val loss: 0.46520149602061844 Time: 0.40739399999984016
Train loss: 1.5503938245995244 Val loss: 0.4306890274343248 Time: 0.4035830419998092
Train loss: 1.2632469826493775 Val loss: 0.42947575724835924 Time: 0.40100462500049616
Train loss: 1.4459687457881145 Val loss: 0.4330601058221157 Time: 0.4025400829996215
Train loss: 1.31869615413774 Val loss: 0.42728397006004026 Time: 0.40893058300025587
Train loss: 1.4821217641051607 Val loss: 0.4357449090249925 Time: 0.4179324169999745
Train loss: 1.2713222816000211 Val loss: 0.4275566934628397 Time: 0.4060421659996791
Train loss: 1.3885698447107302 Val loss: 0.44333964286115796 Time: 0.4128003340010764
Train loss: 1.2376833329531103 Val loss: 0.4241738935047971 Time: 0.4007867090003856
Train loss: 1.399632290020878 Val loss: 0.42456255808687204 Time: 0.3980853749999369
Train loss: 1.1515012488702787 Val loss: 0.41676468921795357 Time: 0.40724512499946286
Train loss: 1.2616723611121685 Val loss: 0.420875870479162 Time: 0.4052075840008911
Train loss: 1.1169780756616774 Val loss: 0.42163644000354 Time: 0.3994600000005448
Train loss: 1.2640138871660733 Val loss: 0.4239142858203445 Time: 0.41795854099837015
Train loss: 1.3963033896654906 Val loss: 0.47183306894688 Time: 0.4023485409998102
Train loss: 1.106849862872295 Val loss: 0.4150316987675402 Time: 0.4137358330008283
Train loss: 1.2177424335997102 Val loss: 0.4199236073358733 Time: 0.4026168749987846
Train loss: 1.1425573093167358 Val loss: 0.4160567347603106 Time: 0.4106392079993384
Train loss: 1.2129306385033232 Val loss: 0.43256082271691326 Time: 0.39846016699993925
Train loss: 1.444571549050412 Val loss: 0.4646953859011928 Time: 0.40632895800081315
Train loss: 1.2725782817015556 Val loss: 0.4227142077642404 Time: 0.4129564589984511
Train loss: 1.2001155441135154 Val loss: 0.4199867468186985 Time: 0.4025783750003029
Train loss: 1.059839771724775 Val loss: 0.4149833114442535 Time: 0.4111830000001646
Train loss: 1.2611489450527245 Val loss: 0.43392186374715486 Time: 0.4038676250002027
Train loss: 1.3168055012602622 Val loss: 0.4492165153321752 Time: 0.4284436669986462
Train loss: 1.0290410811615018 Val loss: 0.41316702888265566 Time: 0.4165534999992815
Train loss: 1.0898908946796269 Val loss: 0.4151405717858016 Time: 0.4040560840003309
Train loss: 1.1487646076414615 Val loss: 0.42679582539665634 Time: 0.4064137080004002
Train loss: 1.0681568807181119 Val loss: 0.4144237583624096 Time: 0.40390729200044007
Train loss: 1.0757070635200705 Val loss: 0.42090282679033275 Time: 0.4014168339999742
Train loss: 0.9812346948879649 Val loss: 0.4120886697660261 Time: 0.424401874999603
Train loss: 0.964482740311932 Val loss: 0.4210058104489057 Time: 0.4034189169997262
Train loss: 1.1443832453082479 Val loss: 0.4323076986426631 Time: 0.42378595800073526
Train loss: 1.265426979473574 Val loss: 0.42706467379192814 Time: 0.40292754100119055
Train loss: 1.0711462069073323 Val loss: 0.41670486633410075 Time: 0.4090235000003304
Train loss: 1.094695348428644 Val loss: 0.420837785683982 Time: 0.41497283300122945
Train loss: 1.1016826937664224 Val loss: 0.4217832810572922 Time: 0.3975725420004892
Train loss: 1.1486723261323561 Val loss: 0.4199866277807475 Time: 0.4032515840008273
Train loss: 1.0858497348830483 Val loss: 0.4213103396889452 Time: 0.40118674999939685
Train loss: 0.9752000067594224 Val loss: 0.42540742133663534 Time: 0.4036381670011906
Train loss: 1.1571498502321484 Val loss: 0.4174687007936858 Time: 0.4067231659992103
Shrinking learning rate to 1e-05
Train loss: 1.3981092578487448 Val loss: 0.4240647270931616 Time: 0.40568679199895996
Train loss: 1.1477701698959244 Val loss: 0.4161420385485297 Time: 0.4026461670000572
Train loss: 1.224581441244247 Val loss: 0.4184042801969447 Time: 0.41710245899957954
Train loss: 1.1235480052949356 Val loss: 0.4155190050597445 Time: 0.4062011670011998
Train loss: 1.0776857244812312 Val loss: 0.41442180831266845 Time: 0.4169407499994122
Train loss: 1.118730237402076 Val loss: 0.41562947941400813 Time: 0.4021799580004881
Train loss: 1.0539952928870822 Val loss: 0.413947132140855 Time: 0.40096933399945556
Train loss: 0.9674774962872448 Val loss: 0.4119257609700545 Time: 0.40152862499962794
Train loss: 1.0495194406157395 Val loss: 0.41392736113652595 Time: 0.41429012499975215
Train loss: 0.9829668159130378 Val loss: 0.4121371387611583 Time: 0.4106470419992547
Shrinking learning rate to 1.0000000000000002e-06
Train loss: 1.9229019574009882 Val loss: 0.4506205593638549 Time: 0.40654162500140956
Train loss: 1.6990784338263438 Val loss: 0.43998470570785636 Time: 0.40100783400157525
Train loss: 1.6191741042741796 Val loss: 0.4356540114246636 Time: 0.40182512499995937
Train loss: 1.4421180544077856 Val loss: 0.4283244159354564 Time: 0.4251094999999623
Train loss: 1.5180224555284667 Val loss: 0.4300945414525167 Time: 0.42208854099953896
Train loss: 1.3938134802280011 Val loss: 0.4251477378663355 Time: 0.4031511249995674
Train loss: 1.3952560229639142 Val loss: 0.4246906895100532 Time: 0.4036155419998977
Train loss: 1.198685723908568 Val loss: 0.41826384026329666 Time: 0.406004208000013
Train loss: 1.2616301417164508 Val loss: 0.4198382567980845 Time: 0.4139878750011121
Train loss: 1.2469858988965292 Val loss: 0.4192385579199766 Time: 0.4120792909998272
Shrinking learning rate to 1.0000000000000002e-07
Learning rate getting small
Complete
 Total time: 60.662562540999716