starting log for model: models/rnn_lin1_fcast_24_new_23-24.pth
Train loss: 16.907311124484295 Val loss: 1.9183573757368155 Time: 0.40444979099265765
Train loss: 15.483932240724476 Val loss: 1.7434513447506825 Time: 0.3864444170030765
Train loss: 12.803826579152059 Val loss: 1.4541898224300402 Time: 0.3911906249995809
Train loss: 9.413045743145009 Val loss: 1.0941845722197279 Time: 0.3849864579970017
Train loss: 8.118423046940043 Val loss: 0.9318359295984995 Time: 0.40066229199874215
Train loss: 7.403226229016348 Val loss: 0.850495472710604 Time: 0.45173687499482185
Train loss: 7.191387366934968 Val loss: 0.8177998008844614 Time: 0.37668720800138544
Train loss: 6.799850273265097 Val loss: 0.7669420578943277 Time: 0.4206409159960458
Train loss: 6.839319877940793 Val loss: 0.7641368444708508 Time: 0.5587945420120377
Train loss: 6.599801146541318 Val loss: 0.7417144196785751 Time: 0.3920835830067517
Train loss: 6.032312364593763 Val loss: 0.6909744457546599 Time: 0.386315541996737
Train loss: 5.8779442284720105 Val loss: 0.6658148887346603 Time: 0.39059679199999664
Train loss: 5.711283018426457 Val loss: 0.6506423471955528 Time: 0.4036537909996696
Train loss: 5.540319669368387 Val loss: 0.6288537231106982 Time: 0.3796887499920558
Train loss: 5.216432195201612 Val loss: 0.5989842673118756 Time: 0.39038483299373183
Train loss: 5.261008442625911 Val loss: 0.599301784424416 Time: 0.38298629099153914
Train loss: 4.899073920105295 Val loss: 0.569066324744334 Time: 0.3776851250004256
Train loss: 4.819209259415498 Val loss: 0.5578764275019796 Time: 0.39087950000248384
Train loss: 4.5730159274911415 Val loss: 0.5288266640673723 Time: 0.3943115419970127
Train loss: 4.395836327667496 Val loss: 0.523614057969481 Time: 0.3814055830007419
Train loss: 4.256711981512627 Val loss: 0.5139867387116017 Time: 0.38188054200145416
Train loss: 4.035858889516227 Val loss: 0.5035560965174999 Time: 0.4266580840048846
Train loss: 3.9988836055450796 Val loss: 0.4896974990287173 Time: 0.38146537500142585
Train loss: 3.8087491915811427 Val loss: 0.47636957234901167 Time: 0.3799462500028312
Train loss: 3.597642348034438 Val loss: 0.4718260233417328 Time: 0.40474837500369176
Train loss: 3.5936149070523697 Val loss: 0.4598926297137204 Time: 0.4520231249916833
Train loss: 3.3871308507043523 Val loss: 0.4522522711051868 Time: 0.3943599579943111
Train loss: 3.3068476143055676 Val loss: 0.44123801553645053 Time: 0.3935705420008162
Train loss: 3.493166254445754 Val loss: 0.4382723341966741 Time: 0.40938595800253097
Train loss: 3.176610122660989 Val loss: 0.43341612278441755 Time: 0.3920813750009984
Train loss: 3.091573227771059 Val loss: 0.42519113558233956 Time: 0.3769227499869885
Train loss: 3.072710813466376 Val loss: 0.4365974342519488 Time: 0.3810108749894425
Train loss: 3.034619921306117 Val loss: 0.42239192540174386 Time: 0.3772925000084797
Train loss: 3.1399183364471526 Val loss: 0.42661738645277647 Time: 0.43171475001145154
Train loss: 2.788605714491748 Val loss: 0.382848305707587 Time: 0.6640988340077456
Train loss: 2.952323854545298 Val loss: 0.3985090898813896 Time: 0.432041666994337
Train loss: 2.882139756779644 Val loss: 0.38527781926401616 Time: 0.3756844580057077
Train loss: 2.89109109661155 Val loss: 0.37965243393158166 Time: 0.3971636250062147
Train loss: 2.602091864757295 Val loss: 0.3412595250225387 Time: 0.5683678750065155
Train loss: 2.6471426210659246 Val loss: 0.3688460520119363 Time: 0.42583383301098365
Train loss: 2.493464677551905 Val loss: 0.31422296256223603 Time: 0.4231279999949038
Train loss: 2.514630912786454 Val loss: 0.3605501575872704 Time: 0.4237319160019979
Train loss: 2.466636440045093 Val loss: 0.3073317886837878 Time: 0.437991291997605
Train loss: 2.566226869555578 Val loss: 0.3268335481379135 Time: 0.4078675420023501
Train loss: 2.4561863310693894 Val loss: 0.35851964347694676 Time: 0.4810288339940598
Train loss: 2.3818928775089603 Val loss: 0.3302336963544858 Time: 0.4207893749990035
Train loss: 2.4060402665052507 Val loss: 0.3011108862843704 Time: 0.4213817910058424
Train loss: 2.250346574587894 Val loss: 0.3237193259813012 Time: 0.39529383400804363
Train loss: 2.134010425420854 Val loss: 0.29874726961426823 Time: 0.3945945839950582
Train loss: 2.1954266942673897 Val loss: 0.2927888512692554 Time: 0.3931542089994764
Train loss: 2.0481764987330537 Val loss: 0.24905117263367615 Time: 0.40496975000132807
Train loss: 2.3971173203496736 Val loss: 0.33316952387983106 Time: 0.39200070800143294
Train loss: 2.0102443986823895 Val loss: 0.2702322969689763 Time: 0.39266945800045505
Train loss: 2.07371056779904 Val loss: 0.2529584523958789 Time: 0.38995104099740274
Train loss: 2.007915962626001 Val loss: 0.2577389223902538 Time: 0.39148287499847356
Train loss: 2.0775529788199947 Val loss: 0.2714733595778712 Time: 0.45727074999012984
Train loss: 2.1713315327490648 Val loss: 0.270894928365381 Time: 0.41013012499024626
Train loss: 2.059722992972354 Val loss: 0.25577181363040946 Time: 0.41819912499340717
Train loss: 1.949128403506533 Val loss: 0.23121295729912136 Time: 0.39063783299934585
Train loss: 1.7995810977276676 Val loss: 0.26382776552767023 Time: 0.390980625001248
Train loss: 1.7859775701396519 Val loss: 0.21076316710896614 Time: 0.39423112499935087
Train loss: 1.8757444084752013 Val loss: 0.2347733542453535 Time: 0.39499637500557583
Train loss: 1.7647838934993274 Val loss: 0.24476620073067235 Time: 0.5039793749892851
Train loss: 1.8450537750242824 Val loss: 0.22049259744821192 Time: 0.4072450419917004
Train loss: 1.7498749159074691 Val loss: 0.20976005014725882 Time: 0.4056740410014754
Train loss: 1.8217103726088644 Val loss: 0.22565406695843718 Time: 0.402240499999607
Train loss: 1.6822766393313504 Val loss: 0.21735875570645105 Time: 0.39247295798850246
Train loss: 1.6404369150538116 Val loss: 0.19499409667806378 Time: 0.4062568750086939
Train loss: 1.6275205131364316 Val loss: 0.21707000998999426 Time: 0.40870812500361353
Train loss: 1.5798176792059095 Val loss: 0.20895260473141478 Time: 0.4428203330026008
Train loss: 1.6551826828698903 Val loss: 0.2751018359044024 Time: 0.41776937499525957
Train loss: 1.7063557037143928 Val loss: 0.2617855236153364 Time: 0.4165908330032835
Train loss: 1.5108275566990876 Val loss: 0.19806784340966074 Time: 0.4118831669911742
Train loss: 1.611765151376602 Val loss: 0.18970445878947245 Time: 0.40839775001222733
Train loss: 1.6174455060457973 Val loss: 0.20886963082690896 Time: 0.39943824999500066
Train loss: 1.468167934367047 Val loss: 0.2191623300110709 Time: 0.40247525001177564
Train loss: 1.5203934446362268 Val loss: 0.23703583071514422 Time: 0.41323808299785014
Train loss: 1.4395781386937614 Val loss: 0.21744842798929867 Time: 0.41392837499734014
Train loss: 1.3786497662041644 Val loss: 0.1753824821994545 Time: 0.39786858299339656
Train loss: 1.6096801514311239 Val loss: 0.23116748006837007 Time: 0.39878675001091324
Train loss: 1.3540907778052471 Val loss: 0.2512752756105932 Time: 0.4005104579991894
Train loss: 1.4689900016914752 Val loss: 0.3158824498127522 Time: 0.4029069999960484
Train loss: 1.4105506735332014 Val loss: 0.23659272576257517 Time: 0.40825145799317397
Train loss: 1.3204151044412686 Val loss: 0.18580190091336685 Time: 0.4000470419996418
Train loss: 1.328479682538628 Val loss: 0.19256975140509627 Time: 0.44091150000167545
Train loss: 1.7383655680990842 Val loss: 0.30493033852893586 Time: 0.5346908749925205
Train loss: 1.5096359024815342 Val loss: 0.28917027109808346 Time: 0.4723985000018729
Train loss: 1.4152088475777802 Val loss: 0.22542533837129555 Time: 0.4417791669984581
Train loss: 1.2809993877131092 Val loss: 0.16515158980334385 Time: 0.45641025000077207
Train loss: 1.3294358298217634 Val loss: 0.17214487782473148 Time: 0.41523908299859613
Train loss: 1.404534440975425 Val loss: 0.23921727781455288 Time: 0.42555783299030736
Train loss: 1.3097002491980767 Val loss: 0.22134368634812449 Time: 0.4086119999992661
Train loss: 1.2202648422190787 Val loss: 0.21835714518942273 Time: 0.40722633300174493
Train loss: 1.2032972953612386 Val loss: 0.3263260881514132 Time: 0.39634879199729767
Train loss: 1.3372261685525615 Val loss: 0.29191198468949514 Time: 0.42995987500762567
Train loss: 1.1800484656279941 Val loss: 0.26776479618794213 Time: 0.4171649580093799
Train loss: 1.1267611294125608 Val loss: 0.25914686535735193 Time: 0.40826104099687655
Train loss: 1.2471568606533836 Val loss: 0.21920312001603093 Time: 0.4162292089895345
Train loss: 1.2491381669875636 Val loss: 0.2001588466593662 Time: 0.42719412500446197
Train loss: 1.2008451910894173 Val loss: 0.18478593817549804 Time: 0.42539658400346525
Train loss: 1.2791945564047522 Val loss: 0.1998736542296527 Time: 0.4217315419955412
Train loss: 1.1447209932507576 Val loss: 0.24389400616637488 Time: 0.41518037499918137
Train loss: 1.2786901809890159 Val loss: 0.30125116922153305 Time: 0.41018208299647085
Train loss: 1.366765863700337 Val loss: 0.2672385266095518 Time: 0.4132557089906186
Train loss: 1.1299322523866864 Val loss: 0.20228495544095298 Time: 0.41166341699135955
Train loss: 1.3387232204925432 Val loss: 0.1802171829804735 Time: 0.45754858299915213
Shrinking learning rate to 1e-05
Train loss: 1.7894136915380727 Val loss: 0.25611711687254946 Time: 0.5625067919900175
Train loss: 1.4748109217865988 Val loss: 0.23601485118430468 Time: 0.4424176660104422
Train loss: 1.2759285514683825 Val loss: 0.22729013157269193 Time: 0.4804862500022864
Train loss: 1.3735722319465076 Val loss: 0.23676324971709584 Time: 0.4099929580115713
Train loss: 1.2112911664720514 Val loss: 0.23953796224052265 Time: 0.4196254999988014
Train loss: 1.305245907428855 Val loss: 0.2485264292459215 Time: 0.419539333001012
Train loss: 1.207778904953102 Val loss: 0.2405023022060207 Time: 0.4123572910029907
Train loss: 1.1903039037742147 Val loss: 0.23912150038654797 Time: 0.40878687500662636
Train loss: 1.272191080214668 Val loss: 0.25204470277647195 Time: 0.4128267920023063
Train loss: 1.1743811717818105 Val loss: 0.2432640901409898 Time: 0.41609970800345764
Shrinking learning rate to 1.0000000000000002e-06
Train loss: 2.3199335566422405 Val loss: 0.3228576712449984 Time: 0.41916208299517166
Train loss: 2.093935082647107 Val loss: 0.3009832828264503 Time: 0.42683054199733306
Train loss: 1.9918345908577066 Val loss: 0.28838622827560956 Time: 0.47873766599514056
Train loss: 1.8119803041539162 Val loss: 0.271532172211366 Time: 0.4077769160066964
Train loss: 1.670644446032309 Val loss: 0.2580976823648175 Time: 0.44199366599787027
Train loss: 1.6193532902532612 Val loss: 0.2509424396418908 Time: 0.4331513749930309
Train loss: 1.5800400095653373 Val loss: 0.24515673478566158 Time: 0.4228223749960307
Train loss: 1.552510146990901 Val loss: 0.24076034220182552 Time: 0.4254188329941826
Train loss: 1.403959624706408 Val loss: 0.22914620493021323 Time: 0.41974254199885763
Train loss: 1.4153645760578968 Val loss: 0.22782947406097706 Time: 0.42064675000438
Shrinking learning rate to 1.0000000000000002e-07
Learning rate getting small
Complete
 Total time: 52.85495212499518