starting log for model: models/rnn_comb_fcast_24_new_23-24.pth
Train loss: 16.134662275291408 Val loss: 1.7879061566885834 Time: 0.3190161669626832
Train loss: 11.724837713979369 Val loss: 1.3017399401936058 Time: 0.27738241699989885
Train loss: 8.085462621521758 Val loss: 0.9215305831268842 Time: 0.29191791702760383
Train loss: 6.933059175922235 Val loss: 0.7976790314715374 Time: 0.29002991697052494
Train loss: 6.3937185234205955 Val loss: 0.7454303887539085 Time: 0.29149375000270084
Train loss: 6.275161277123075 Val loss: 0.7203297436604883 Time: 0.3051250000135042
Train loss: 6.133146057086959 Val loss: 0.7059095001249072 Time: 0.2929188330308534
Train loss: 5.90290351764221 Val loss: 0.6713699343422858 Time: 0.293628457991872
Train loss: 5.536881694514779 Val loss: 0.6355706570068325 Time: 0.2955291669932194
Train loss: 5.122435559732381 Val loss: 0.5928634153092944 Time: 0.296854791988153
Train loss: 4.763363600670019 Val loss: 0.5599454111306517 Time: 0.29758054099511355
Train loss: 4.818135740481918 Val loss: 0.555940875354664 Time: 0.3571477919467725
Train loss: 4.571232216124017 Val loss: 0.5280184561617973 Time: 0.3080146659631282
Train loss: 4.577726229434845 Val loss: 0.5380281254433105 Time: 0.30001995799830183
Train loss: 4.422682083101798 Val loss: 0.5223483453582531 Time: 0.33182166604092345
Train loss: 3.993949356130031 Val loss: 0.4823464291473966 Time: 0.30289179197279736
Train loss: 3.95489789161374 Val loss: 0.4809579548089096 Time: 0.29865333397174254
Train loss: 3.9765095450907424 Val loss: 0.482915307071901 Time: 0.29788537498097867
Train loss: 3.650944129483392 Val loss: 0.4455575949911019 Time: 0.2955587499891408
Train loss: 3.535478849267058 Val loss: 0.44752523231475577 Time: 0.30673470796318725
Train loss: 3.2996241630421537 Val loss: 0.4124638683570165 Time: 0.2981753750354983
Train loss: 3.338286662400506 Val loss: 0.40596850808704915 Time: 0.29870520799886435
Train loss: 3.2004516111047963 Val loss: 0.38223025905965063 Time: 0.29827108402969316
Train loss: 3.09762896787824 Val loss: 0.38218902867450427 Time: 0.30055487499339506
Train loss: 3.0916316819436105 Val loss: 0.3552024100248327 Time: 0.2973820000188425
Train loss: 2.922370336128779 Val loss: 0.351790340062138 Time: 0.3082694999757223
Train loss: 2.812999480624086 Val loss: 0.3638742218050015 Time: 0.42452700005378574
Train loss: 2.7717351853432017 Val loss: 0.35568506936025746 Time: 0.39166504197055474
Train loss: 2.6991315496653243 Val loss: 0.32816778973539973 Time: 0.3375869590090588
Train loss: 2.8145171174120094 Val loss: 0.32819289080591396 Time: 0.33764895802596584
Train loss: 2.6287963310022295 Val loss: 0.2993291386080357 Time: 0.3010714169940911
Train loss: 2.6092353842271905 Val loss: 0.3130201883853548 Time: 0.3183262500097044
Train loss: 2.498841593105645 Val loss: 0.2782570688350396 Time: 0.3006091249990277
Train loss: 2.4359636532816182 Val loss: 0.2851631431267167 Time: 0.3155502500012517
Train loss: 2.4398204083495156 Val loss: 0.2842219847263314 Time: 0.3213065000018105
Train loss: 2.1982540602623177 Val loss: 0.24798118771970648 Time: 0.3013967080041766
Train loss: 2.4204622043465465 Val loss: 0.2654089441549235 Time: 0.3045816659578122
Train loss: 2.264842752793811 Val loss: 0.2828543946988664 Time: 0.40468475001398474
Train loss: 2.3073303153051916 Val loss: 0.2650289403826584 Time: 0.3109684999799356
Train loss: 2.216780091648836 Val loss: 0.24440619815055376 Time: 0.36244691599858925
Train loss: 2.113859510550995 Val loss: 0.23881187211118532 Time: 0.29977054201299325
Train loss: 2.216415320273512 Val loss: 0.24394657587757343 Time: 0.3009707079618238
Train loss: 2.0129524439536963 Val loss: 0.23334951566577683 Time: 0.30138204200193286
Train loss: 2.000657907447451 Val loss: 0.2239700744451771 Time: 0.3016965829883702
Train loss: 2.0166143257469287 Val loss: 0.22560306790715307 Time: 0.31523208401631564
Train loss: 1.9879604307685668 Val loss: 0.22311539472043004 Time: 0.300245416990947
Train loss: 1.912795774811702 Val loss: 0.22400650286738147 Time: 0.3060061249998398
Train loss: 1.847042623014124 Val loss: 0.22183431954134739 Time: 0.30296312499558553
Train loss: 1.8916438789380978 Val loss: 0.21541050215571966 Time: 0.3046615829807706
Train loss: 1.8920167940474926 Val loss: 0.21610208697136365 Time: 0.3037154590128921
Train loss: 1.6945491869808988 Val loss: 0.19695950871726578 Time: 0.3056295830174349
Train loss: 1.840759093205791 Val loss: 0.2120000280413581 Time: 0.31186974997399375
Train loss: 1.6790753013908422 Val loss: 0.19563816626843422 Time: 0.3035562500008382
Train loss: 1.7614305474129424 Val loss: 0.20290589672560622 Time: 0.30346787499729544
Train loss: 1.8210749251505263 Val loss: 0.21086658386477006 Time: 0.3048433330259286
Train loss: 1.739343100413139 Val loss: 0.20063464874129605 Time: 0.3059067919966765
Train loss: 1.6758921930227295 Val loss: 0.19907899754704336 Time: 0.30256637500133365
Train loss: 1.6460316929382126 Val loss: 0.2004235575264784 Time: 0.30489862500689924
Train loss: 1.70626546870934 Val loss: 0.19778266156003432 Time: 0.3121312920120545
Train loss: 1.6636666076787394 Val loss: 0.19776273026230695 Time: 0.3061009999946691
Train loss: 1.436238600644316 Val loss: 0.20542854272047542 Time: 0.30511512502562255
Train loss: 1.5472528869302593 Val loss: 0.1948264942368425 Time: 0.30504570802440867
Train loss: 1.5069920720867884 Val loss: 0.18173456176231023 Time: 0.3083964170073159
Train loss: 1.447347018895078 Val loss: 0.18997452432816692 Time: 0.31386679102433845
Train loss: 1.424708660301576 Val loss: 0.20451474626088975 Time: 0.3180833749938756
Train loss: 1.5404858380467488 Val loss: 0.18367431303037393 Time: 0.30591475003166124
Train loss: 1.5253315038586148 Val loss: 0.18427288279642862 Time: 0.30944933398859575
Train loss: 1.3703326361370536 Val loss: 0.17635860147356575 Time: 0.3078379170037806
Train loss: 1.4091787280747496 Val loss: 0.18372203089820546 Time: 0.3053214169922285
Train loss: 1.462567402703968 Val loss: 0.1781950307729027 Time: 0.3086704169982113
Train loss: 1.4415965723818829 Val loss: 0.20053127841680002 Time: 0.30605445796390995
Train loss: 1.3124980321808977 Val loss: 0.1749703554508361 Time: 0.31568104098550975
Train loss: 1.3391487652363594 Val loss: 0.18208871102069588 Time: 0.30773066700203344
Train loss: 1.2906139883790502 Val loss: 0.1705602501858314 Time: 0.30881041701650247
Train loss: 1.3268024228595943 Val loss: 0.20389818641470908 Time: 0.3058117920299992
Train loss: 1.2450706899460613 Val loss: 0.16953559043294728 Time: 0.305574458965566
Train loss: 1.270673271267361 Val loss: 0.16254056855179005 Time: 0.3090201659942977
Train loss: 1.3804432363711483 Val loss: 0.17827647769801747 Time: 0.3100139159942046
Train loss: 1.4144372071580023 Val loss: 0.23504446928693862 Time: 0.31993854203028604
Train loss: 1.2484926748053446 Val loss: 0.2024380038563388 Time: 0.30833037494448945
Train loss: 1.268799501829136 Val loss: 0.19942456933071528 Time: 0.3081537089892663
Train loss: 1.276355748833545 Val loss: 0.1647237733458765 Time: 0.30674162501236424
Train loss: 1.2654267056976778 Val loss: 0.16653474482710584 Time: 0.30651741701876745
Train loss: 1.2369064448582832 Val loss: 0.1669462523565414 Time: 0.3068750000093132
Train loss: 1.1532246952968137 Val loss: 0.2007022595487553 Time: 0.3196339170099236
Train loss: 1.1456546093461526 Val loss: 0.17444057284333364 Time: 0.3308300830540247
Train loss: 1.249101154471518 Val loss: 0.1603641191074929 Time: 0.3073233750183135
Train loss: 1.2072667490709872 Val loss: 0.16598234084764327 Time: 0.31030758400447667
Train loss: 1.151957542143009 Val loss: 0.15914375363142522 Time: 0.3091872079530731
Train loss: 1.1339381167849858 Val loss: 0.20456227822736764 Time: 0.30903841700637713
Train loss: 1.0980433868144814 Val loss: 0.15046415498809756 Time: 0.3103209579712711
Train loss: 1.2041837246372893 Val loss: 0.1613802846408649 Time: 0.32499699998879805
Train loss: 1.1895133864238403 Val loss: 0.20080082053641357 Time: 0.3093118329998106
Train loss: 1.1132279432785026 Val loss: 0.20071979051218183 Time: 0.30901608301792294
Train loss: 1.0802983740501375 Val loss: 0.14821470657149624 Time: 0.3102649579523131
Train loss: 1.2046399505215073 Val loss: 0.1758013040757562 Time: 0.30883212498156354
Train loss: 1.1678795283841126 Val loss: 0.18655227976860214 Time: 0.3120770829846151
Train loss: 1.1330014056782556 Val loss: 0.1688873441209819 Time: 0.3191522500128485
Train loss: 1.119699809103139 Val loss: 0.15017958883660507 Time: 0.3102064580307342
Train loss: 1.0632181297620065 Val loss: 0.15418579367217808 Time: 0.3126486249966547
Train loss: 1.0224176507943952 Val loss: 0.17526104353396157 Time: 0.31038879201514646
Train loss: 1.0679914888999917 Val loss: 0.1669513603750471 Time: 0.3107747919857502
Train loss: 1.0102084801033016 Val loss: 0.16361927648080943 Time: 0.311485874990467
Train loss: 1.2267331782636348 Val loss: 0.16269414747525843 Time: 0.31306829198729247
Train loss: 1.0295165561047988 Val loss: 0.15222912429303978 Time: 0.3173996669938788
Train loss: 0.9557316366404378 Val loss: 0.16869794272620992 Time: 0.31054216704797
Train loss: 1.0308723205914028 Val loss: 0.1456567893484062 Time: 0.30822029197588563
Train loss: 1.029591511985359 Val loss: 0.1463462326667597 Time: 0.3083232499775477
Train loss: 0.984852254098147 Val loss: 0.1505006095626539 Time: 0.31119237502571195
Train loss: 0.9768738072390448 Val loss: 0.14235792908646341 Time: 0.31163841602392495
Train loss: 0.9530646690569 Val loss: 0.1424352044110395 Time: 0.311267500044778
Train loss: 1.023148389183981 Val loss: 0.16520377478124026 Time: 0.31571120797889307
Train loss: 1.0746498133921705 Val loss: 0.1472501660616124 Time: 0.3111468330025673
Train loss: 0.8929270388454142 Val loss: 0.13410811269360653 Time: 0.31221391703002155
Train loss: 0.8382512392020909 Val loss: 0.14663788777232858 Time: 0.31342554197181016
Train loss: 0.8559067172715151 Val loss: 0.21614609600984913 Time: 0.30904258298687637
Train loss: 0.905595190857351 Val loss: 0.1433108623296985 Time: 0.31067974999314174
Train loss: 1.0417974552780986 Val loss: 0.14919339793024095 Time: 0.3233563750400208
Train loss: 0.926272510811672 Val loss: 0.1406299226293224 Time: 0.31391308398451656
Train loss: 0.9474639338648037 Val loss: 0.17277646278484637 Time: 0.31020633300067857
Train loss: 0.8886462873242351 Val loss: 0.13796050771738347 Time: 0.30987612501485273
Train loss: 0.921530057043185 Val loss: 0.14457848334536394 Time: 0.31081662501674145
Train loss: 0.8841060834944763 Val loss: 0.16192653513326577 Time: 0.31287316605448723
Train loss: 0.9661828849568508 Val loss: 0.16214887073364911 Time: 0.31462033302523196
Shrinking learning rate to 1e-05
Train loss: 1.036014001183551 Val loss: 0.16473620335239425 Time: 0.3306173330056481
Train loss: 1.0014940503968148 Val loss: 0.16557748973520528 Time: 0.32128387497505173
Train loss: 1.0407078670233005 Val loss: 0.16918437961626628 Time: 0.3137341669644229
Train loss: 0.913330113322445 Val loss: 0.15553498936255583 Time: 0.31307858298532665
Train loss: 0.8789877606301602 Val loss: 0.16047419481296304 Time: 0.31295487500028685
Train loss: 0.9707619188454863 Val loss: 0.1594885453391022 Time: 0.3096909169689752
Train loss: 0.9332824583405568 Val loss: 0.16168020360993124 Time: 0.32189374999143183
Train loss: 0.8565495640541352 Val loss: 0.15891047636492575 Time: 0.3120937499916181
Train loss: 0.9249836591703604 Val loss: 0.16326358708189898 Time: 0.3113862919854
Train loss: 0.801161413884941 Val loss: 0.15791552665518407 Time: 0.35897129197837785
Train loss: 0.863250498355832 Val loss: 0.1566088102733875 Time: 0.3134787079761736
Train loss: 0.9538073400693605 Val loss: 0.16539912717377736 Time: 0.3162166249821894
Train loss: 0.9411491838614694 Val loss: 0.16797599687148262 Time: 0.34149383299518377
Train loss: 0.8329151051365073 Val loss: 0.15571305009992323 Time: 0.3177306249854155
Train loss: 0.9437377050187123 Val loss: 0.1624034688731691 Time: 0.3160986249567941
Train loss: 0.8929176970479702 Val loss: 0.1559692317139268 Time: 0.3159886249923147
Train loss: 0.8440216028097325 Val loss: 0.1520915474602415 Time: 0.3156809159554541
Train loss: 0.8398922157250044 Val loss: 0.15990237738976124 Time: 0.3156330829951912
Train loss: 0.782881853201034 Val loss: 0.15354579393448167 Time: 0.3926669590291567
Train loss: 0.8165514368429365 Val loss: 0.15573678560665022 Time: 0.3633669170085341
Train loss: 0.8199846107178281 Val loss: 0.15930446856860025 Time: 0.31398604199057445
Train loss: 0.8404669219602106 Val loss: 0.15911444221170035 Time: 0.317602208990138
Train loss: 0.8227354571491441 Val loss: 0.1488513876324894 Time: 0.31661558302585036
Train loss: 0.8562493326967342 Val loss: 0.15462820333077706 Time: 0.3217302500270307
Train loss: 0.8176999055615397 Val loss: 0.1530126340422302 Time: 0.3195122079923749
Train loss: 0.7412040005764595 Val loss: 0.14925569801658134 Time: 0.3370565419900231
Train loss: 0.8025234975119879 Val loss: 0.15753539135057248 Time: 0.3659795409766957
Train loss: 0.8324346365075224 Val loss: 0.1544916766585959 Time: 0.33111795800505206
Train loss: 0.7264065877136119 Val loss: 0.14705445038416007 Time: 0.321076542022638
Train loss: 0.8355582247623716 Val loss: 0.15750072342534402 Time: 0.3170047089806758
Train loss: 0.8148538020381864 Val loss: 0.15700261221923711 Time: 0.3620809590211138
Train loss: 0.8828327526369826 Val loss: 0.15977272590595765 Time: 0.36595554201630875
Train loss: 0.8163351235774776 Val loss: 0.14938267502205138 Time: 0.3197470000013709
Train loss: 0.8286622525750875 Val loss: 0.15859389836163232 Time: 0.31976308301091194
Train loss: 0.7683590453533995 Val loss: 0.1508137387165996 Time: 0.3226237919880077
Train loss: 0.7063796871348131 Val loss: 0.1479375292045049 Time: 0.3203785420046188
Train loss: 0.7705437568247862 Val loss: 0.15795220589814368 Time: 0.31796750001376495
Train loss: 0.8274400538841462 Val loss: 0.15715780608103277 Time: 0.3278731660102494
Train loss: 0.7650131390175972 Val loss: 0.1526070901825995 Time: 0.379140125005506
Train loss: 0.7364737642009063 Val loss: 0.15616626392790844 Time: 0.3179324999800883
Train loss: 0.7171626860331832 Val loss: 0.1548436043994415 Time: 0.31882687500910833
Train loss: 0.8472917815294068 Val loss: 0.16106970009327798 Time: 0.3169183749705553
Train loss: 0.9139078845159552 Val loss: 0.1627885997057152 Time: 0.3167421250254847
Train loss: 0.7966663994287959 Val loss: 0.15819418044965822 Time: 0.32194549997802824
Train loss: 0.6788987744092845 Val loss: 0.14244674844421695 Time: 0.3259609160013497
Train loss: 0.7881185278510277 Val loss: 0.150408942977079 Time: 0.31677941704401746
Train loss: 0.7400096202476212 Val loss: 0.1497420109134721 Time: 0.3258837090106681
Train loss: 0.755234147834074 Val loss: 0.1584264101864277 Time: 0.31394716701470315
Train loss: 0.753511281096678 Val loss: 0.1489296083344898 Time: 0.31718650000402704
Train loss: 0.7082752938871755 Val loss: 0.1472604483314049 Time: 0.315853749983944
Train loss: 0.7119494388872063 Val loss: 0.15040114831651372 Time: 0.327104666037485
Train loss: 0.7201833272560876 Val loss: 0.1493441085432506 Time: 0.3159071669797413
Train loss: 0.7379444573834917 Val loss: 0.1543597199324139 Time: 0.3186071250238456
Train loss: 0.7494048306169674 Val loss: 0.1501944457483406 Time: 0.3184246250311844
Shrinking learning rate to 1.0000000000000002e-06
Train loss: 0.7908507320905187 Val loss: 0.15006154405608008 Time: 0.31908358400687575
Train loss: 0.7058458728512325 Val loss: 0.14677756069265915 Time: 0.3179295409936458
Train loss: 0.6837786236485641 Val loss: 0.1475133501833196 Time: 0.31661504198564216
Train loss: 0.7180543028376434 Val loss: 0.15035574675812174 Time: 0.3250651659909636
Train loss: 0.7860026999747731 Val loss: 0.15520371306145564 Time: 0.3165275420178659
Train loss: 0.743503207050459 Val loss: 0.15361088339425386 Time: 0.323638791043777
Train loss: 0.7579754650390211 Val loss: 0.15561707482156334 Time: 0.3179597079870291
Train loss: 0.7154273052313975 Val loss: 0.15462990978948757 Time: 0.3149098749854602
Train loss: 0.7616181934176325 Val loss: 0.1568744030858578 Time: 0.3157710420200601
Train loss: 0.7299654134996985 Val loss: 0.1559152959773188 Time: 0.32647224998800084
Shrinking learning rate to 1.0000000000000002e-07
Learning rate getting small
Complete
 Total time: 59.60582170798443