starting log for model: models/rnn_fcast_20_new_22-23.pth
Train loss: 14.167087663535401 Val loss: 1.6336514338477406 Time: 0.30609616699985054
Train loss: 12.849256631484437 Val loss: 1.4836112518146631 Time: 0.31201716599935025
Train loss: 10.804108814109666 Val loss: 1.2677141348451124 Time: 0.2921089170004052
Train loss: 8.343653027302341 Val loss: 1.0069126934670651 Time: 0.2926527090003219
Train loss: 6.84520928205626 Val loss: 0.8571845439384695 Time: 0.2705969999997251
Train loss: 6.237457346196621 Val loss: 0.7955963575810451 Time: 0.2742497910003294
Train loss: 5.957891066185838 Val loss: 0.7660064407113394 Time: 0.26665295800012245
Train loss: 5.791756001928572 Val loss: 0.7464763765815521 Time: 0.2681962080005178
Train loss: 5.643592025921378 Val loss: 0.7294538712454122 Time: 0.26753041699976166
Train loss: 5.5206780438519445 Val loss: 0.7158024887201946 Time: 0.2661961670000892
Train loss: 5.408218506588533 Val loss: 0.7034864521478479 Time: 0.2665609999994558
Train loss: 5.29828335050594 Val loss: 0.6905404535070434 Time: 0.27151354199941125
Train loss: 5.187022621584334 Val loss: 0.6757377921035504 Time: 0.2672241660002328
Train loss: 5.093552162616895 Val loss: 0.662199516752283 Time: 0.2663917500003663
Train loss: 5.004005114913127 Val loss: 0.6251257193692784 Time: 0.2674935420000111
Train loss: 4.894937191138863 Val loss: 0.6079970302970104 Time: 0.26829054199970415
Train loss: 4.78235856629718 Val loss: 0.5905285799207166 Time: 0.26689895799972874
Train loss: 4.675128416657632 Val loss: 0.5737999549368019 Time: 0.2661928329998773
Train loss: 4.577004033589311 Val loss: 0.5576578238198749 Time: 0.2663726669998141
Train loss: 4.477887742228367 Val loss: 0.5409848674536819 Time: 0.2709539579991542
Train loss: 4.377901271585831 Val loss: 0.5245832218801554 Time: 0.26755716700063203
Train loss: 4.278966267449249 Val loss: 0.5086703114649644 Time: 0.2669618749996516
Train loss: 4.162419901819092 Val loss: 0.49049107878942627 Time: 0.26800612499937415
Train loss: 4.055962516482847 Val loss: 0.4740014415474729 Time: 0.2658980830001383
Train loss: 3.9505684790716273 Val loss: 0.4576549730068053 Time: 0.26663025000016205
Train loss: 3.8364605261816607 Val loss: 0.44065064555922734 Time: 0.26658545800000866
Train loss: 3.727220326052308 Val loss: 0.4244807160961528 Time: 0.2688114590000623
Train loss: 3.627628863430985 Val loss: 0.4095440681650939 Time: 0.26639354200051457
Train loss: 3.5333694129568727 Val loss: 0.3957403789508055 Time: 0.26827324999976554
Train loss: 3.4451727335847204 Val loss: 0.38282182237102336 Time: 0.26753624999946624
Train loss: 3.3547861142114925 Val loss: 0.37029478950510564 Time: 0.266000042000087
Train loss: 3.2719729720054005 Val loss: 0.35885904835891896 Time: 0.2661929579999196
Train loss: 3.1991913045316247 Val loss: 0.3489914981913592 Time: 0.26607870899988484
Train loss: 3.126455416202944 Val loss: 0.33970263496512454 Time: 0.2656587920000675
Train loss: 3.0525917977612664 Val loss: 0.3305284405691681 Time: 0.27046837500074616
Train loss: 2.983073877058814 Val loss: 0.32197655650073925 Time: 0.26709583299998485
Train loss: 2.911508222819549 Val loss: 0.31393023006263565 Time: 0.2666458749999947
Train loss: 2.8483554597010396 Val loss: 0.30658306276403 Time: 0.2667242500001521
Train loss: 2.7912392959474914 Val loss: 0.3004151273663275 Time: 0.2664930410001034
Train loss: 2.7338122492694037 Val loss: 0.29387714851790564 Time: 0.266719665999517
Train loss: 2.681886719680506 Val loss: 0.288266683232033 Time: 0.26676804200087645
Train loss: 2.6333326843931673 Val loss: 0.28316115312560836 Time: 0.26883470799930365
Train loss: 2.579794849542239 Val loss: 0.27790626381269623 Time: 0.2693030410000574
Train loss: 2.5316498517616033 Val loss: 0.273076979656302 Time: 0.2668639580006129
Train loss: 2.478790261488708 Val loss: 0.2679598922978017 Time: 0.2672126670004218
Train loss: 2.4377335781395573 Val loss: 0.2639095155252466 Time: 0.2651792500000738
Train loss: 2.3899806491851265 Val loss: 0.2593472401276538 Time: 0.2669972499998039
Train loss: 2.3519234648274363 Val loss: 0.2556833516198365 Time: 0.26676012500047364
Train loss: 2.315783332343255 Val loss: 0.2522609826884412 Time: 0.2664959580006325
Train loss: 2.283706973095293 Val loss: 0.2493467665012981 Time: 0.27162412500001665
Train loss: 2.2464187855216835 Val loss: 0.2459483501392573 Time: 0.26703175000056945
Train loss: 2.2195953620858546 Val loss: 0.24357283209917377 Time: 0.2673479579998457
Train loss: 2.1869357622379297 Val loss: 0.29659974821615404 Time: 0.2677917500004696
Train loss: 2.1638975581384443 Val loss: 0.29504794752613334 Time: 0.27361629200004245
Train loss: 2.1354301547242054 Val loss: 0.29323071618016117 Time: 0.2668281250007567
Train loss: 2.102818648742982 Val loss: 0.2910785738127438 Time: 0.2640050419995532
Train loss: 2.0801296557390856 Val loss: 0.28986001096423436 Time: 0.29991995799991855
Train loss: 2.0519132798536432 Val loss: 0.28828796758071523 Time: 0.26991733300019405
Train loss: 2.0247492992939566 Val loss: 0.2867257769100741 Time: 0.2674614579991612
Train loss: 1.9942513795984151 Val loss: 0.2847074256954083 Time: 0.268426124999678
Train loss: 1.9740061704007985 Val loss: 0.2841176457628075 Time: 0.26721154200004094
Train loss: 1.9430237773343677 Val loss: 0.28244757902848516 Time: 0.2670312500004002
Train loss: 1.9148492777161112 Val loss: 0.2807393341561886 Time: 0.2665468340001098
Train loss: 1.8929881511511795 Val loss: 0.27990748616305994 Time: 0.2657757910001237
Train loss: 1.8616153699631752 Val loss: 0.278151430371023 Time: 0.2702958750005564
Train loss: 1.8395600426514118 Val loss: 0.27693245713872866 Time: 0.2684981250004057
Train loss: 1.8104236510090175 Val loss: 0.2758668966455587 Time: 0.26736849999997503
Train loss: 1.7955200476927757 Val loss: 0.2751507252757555 Time: 0.26723841600050946
Train loss: 1.768561266356194 Val loss: 0.27346392174286455 Time: 0.266246625000349
Train loss: 1.745433331496459 Val loss: 0.2721877990302588 Time: 0.264967125000112
Train loss: 1.7309741103744933 Val loss: 0.27215437767412975 Time: 0.2643169580005633
Train loss: 1.717323710916336 Val loss: 0.2716476972659578 Time: 0.267323292000583
Train loss: 1.6931535562715903 Val loss: 0.2701634392481489 Time: 0.26977091699973244
Train loss: 1.6732954074803832 Val loss: 0.2689150356417054 Time: 0.26616241600004287
Train loss: 1.6579770186864877 Val loss: 0.26836937032822333 Time: 0.2669500830006655
Train loss: 1.6276197827043344 Val loss: 0.266528348967056 Time: 0.26413870800024597
Train loss: 1.6092052732732256 Val loss: 0.26505868138707334 Time: 0.2675022080002236
Train loss: 1.5876600679912052 Val loss: 0.26367993090689024 Time: 0.2639737919998879
Train loss: 1.5647616761396321 Val loss: 0.26221069214323633 Time: 0.266127625000081
Train loss: 1.5492901751984967 Val loss: 0.26061941405103495 Time: 0.2672413330001291
Train loss: 1.528627969443468 Val loss: 0.2600279806996073 Time: 0.2692335000001549
Train loss: 1.513494275933084 Val loss: 0.2597197509616934 Time: 0.2661842500001512
Train loss: 1.5002138751850511 Val loss: 0.2586566399389884 Time: 0.2657336669999495
Train loss: 1.4795024246000352 Val loss: 0.25779729796498846 Time: 0.2655277499998192
Train loss: 1.463203975103383 Val loss: 0.2565123900302983 Time: 0.2669428749995859
Train loss: 1.4449585543813015 Val loss: 0.2560169929391595 Time: 0.2657381669996539
Train loss: 1.4285116776728017 Val loss: 0.2549683917281351 Time: 0.2671027500000491
Train loss: 1.4094626808539346 Val loss: 0.2533681847587758 Time: 0.27015279100032785
Train loss: 1.3882527859695912 Val loss: 0.25146874211620823 Time: 0.2660325829992871
Train loss: 1.3761619233846503 Val loss: 0.24987306534612683 Time: 0.2663879169995198
Train loss: 1.3554141663648167 Val loss: 0.24788825538180226 Time: 0.2662386659994809
Train loss: 1.3389160020838844 Val loss: 0.24628521959531988 Time: 0.26679937500011874
Train loss: 1.3205302876493583 Val loss: 0.2450317260581434 Time: 0.26482929099984176
Train loss: 1.3078799077989682 Val loss: 0.24386994439780388 Time: 0.26670679200015
Train loss: 1.2932306786666654 Val loss: 0.24316664379645583 Time: 0.2670907910005553
Train loss: 1.280664933956997 Val loss: 0.24180946505286613 Time: 0.27102512500005105
Train loss: 1.265039618558618 Val loss: 0.24126340169073318 Time: 0.2683944159998646
Train loss: 1.2522141736501553 Val loss: 0.23951896830151612 Time: 0.2673686669995732
Train loss: 1.2379961373655863 Val loss: 0.23913540670196312 Time: 0.2674297909998131
Train loss: 1.2204444353276092 Val loss: 0.23798034892746844 Time: 0.26733162500022445
Train loss: 1.2133139920080298 Val loss: 0.23634715255427768 Time: 0.2664047500002198
Train loss: 1.1940463873641392 Val loss: 0.23506369197560234 Time: 0.2651047080007629
Train loss: 1.1770870556756936 Val loss: 0.2339992954564348 Time: 0.26898862500001997
Train loss: 1.1645074753823756 Val loss: 0.23306734180374836 Time: 0.2687444160001178
Train loss: 1.162735163968137 Val loss: 0.2324815655971916 Time: 0.26521670800048014
Train loss: 1.1476189850443994 Val loss: 0.23118468508303167 Time: 0.26687987500008603
Train loss: 1.1360303322875733 Val loss: 0.2305139725587088 Time: 0.26609404099963285
Train loss: 1.1249479125205202 Val loss: 0.22998684757303037 Time: 0.2721581249998053
Train loss: 1.1120431260957133 Val loss: 0.22921328615713343 Time: 0.26627054199980194
Train loss: 1.1004086640095156 Val loss: 0.22839219373015168 Time: 0.26679970900022454
Train loss: 1.0860825668037606 Val loss: 0.22776839624517864 Time: 0.2706089579996842
Train loss: 1.074738304448573 Val loss: 0.2271083902510953 Time: 0.26579599999968195
Train loss: 1.0673827256371027 Val loss: 0.2267181046125376 Time: 0.26576879200001713
Train loss: 1.054000101055859 Val loss: 0.22610102742376975 Time: 0.26589558300020144
Train loss: 1.0512772246087891 Val loss: 0.22594944885585747 Time: 0.2659722910002529
Train loss: 1.0340429148783912 Val loss: 0.1439054674857223 Time: 0.266222082999775
Train loss: 1.0239397073912393 Val loss: 0.14313299129525217 Time: 0.26593887499984703
Train loss: 1.015321153150488 Val loss: 0.14251773252148736 Time: 0.2659397920006086
Train loss: 1.0052329681764434 Val loss: 0.1417928565585893 Time: 0.2700572920002742
Train loss: 0.9938315375566731 Val loss: 0.14102201301566833 Time: 0.26751345899992884
Train loss: 0.9793474868587717 Val loss: 0.14011386291472652 Time: 0.2663005410004189
Train loss: 0.9681249708957296 Val loss: 0.13928566564627612 Time: 0.26596416699976544
Train loss: 0.9610520179721984 Val loss: 0.13873799070027953 Time: 0.26754908300063107
Train loss: 0.9478480221767243 Val loss: 0.1380168923172734 Time: 0.26689745799922093
Train loss: 0.937562356653943 Val loss: 0.13731127273283367 Time: 0.26688820800063695
Train loss: 0.9274838715274853 Val loss: 0.13662956655212327 Time: 0.2703041670001767
Train loss: 0.9200318394874785 Val loss: 0.1362274060922234 Time: 0.26662758299971756
Train loss: 0.9079284140822352 Val loss: 0.1358477712699589 Time: 0.29946087499956775
Train loss: 0.896499494577224 Val loss: 0.13504917234191746 Time: 0.2677783750004892
Train loss: 0.8901675674767588 Val loss: 0.21980168291956156 Time: 0.2658712079992256
Train loss: 0.8965207626219742 Val loss: 0.21992534294332822 Time: 0.26580262500010576
Train loss: 0.8733358213005005 Val loss: 0.21901701170846222 Time: 0.26676887500070734
Train loss: 0.8639205040728268 Val loss: 0.21865489445107758 Time: 0.26606316700053867
Train loss: 0.8543848949341717 Val loss: 0.21829430473030728 Time: 0.26994283299973176
Train loss: 0.8439252919197102 Val loss: 0.21773118655201487 Time: 0.2658136669997475
Train loss: 0.8347945817922957 Val loss: 0.2173746876923931 Time: 0.2648154579992479
Train loss: 0.8223069101988842 Val loss: 0.21663423389638045 Time: 0.26582191699981195
Train loss: 0.8143796732805981 Val loss: 0.21623168661397196 Time: 0.26824566699997376
Train loss: 0.81107229539424 Val loss: 0.2161462163423082 Time: 0.2658466249995399
Train loss: 0.8008729084846635 Val loss: 0.21587140685612566 Time: 0.26603604199954134
Train loss: 0.7933193107127584 Val loss: 0.21542602097073368 Time: 0.26693558399983885
Train loss: 0.7881832017394768 Val loss: 0.21566420904214453 Time: 0.2671464579998428
Train loss: 0.7806282313490982 Val loss: 0.21490350270081465 Time: 0.2664990420007598
Train loss: 0.7629870028345076 Val loss: 0.21416794649510845 Time: 0.2668513750004422
Train loss: 0.7668179052966346 Val loss: 0.21462526897809484 Time: 0.26349800000025425
Train loss: 0.7500193023269546 Val loss: 0.2136930030631766 Time: 0.26673912499973085
Train loss: 0.7380981117660905 Val loss: 0.21318552099282825 Time: 0.26551404200017714
Train loss: 0.7348964963908582 Val loss: 0.2134078614336302 Time: 0.2649912500000937
Train loss: 0.7320814202380834 Val loss: 0.21297805939448033 Time: 0.26923941699988063
Train loss: 0.7236520487199943 Val loss: 0.21296873057084478 Time: 0.26761179200002516
Train loss: 0.720272639646609 Val loss: 0.21261243427397133 Time: 0.2653568340001584
Train loss: 0.6904932150265886 Val loss: 0.21160110284614514 Time: 0.26670416700017086
Train loss: 0.7090355075418167 Val loss: 0.21255076852447613 Time: 0.2684259170000587
Train loss: 0.6949134766242757 Val loss: 0.2117390419480311 Time: 0.2656313750003392
Train loss: 0.677061271692716 Val loss: 0.21117779108762447 Time: 0.26627833299971826
Train loss: 0.6731947718551652 Val loss: 0.21104983785765558 Time: 0.26651795900033903
Train loss: 0.6655744906558319 Val loss: 0.21080510215256296 Time: 0.27130495900019014
Train loss: 0.673088368730518 Val loss: 0.21114818067864066 Time: 0.26719254099953105
Train loss: 0.6671682843985174 Val loss: 0.21083611307563888 Time: 0.2659134579998863
Train loss: 0.6360693751894297 Val loss: 0.20988797213716465 Time: 0.2655219580001358
Train loss: 0.6511097093797744 Val loss: 0.21034395320553637 Time: 0.2642203329996846
Train loss: 0.6303171084595722 Val loss: 0.20972263009433964 Time: 0.2665397500004474
Train loss: 0.6276673607429331 Val loss: 0.20961862196995237 Time: 0.27412995800023054
Train loss: 0.6457063884995193 Val loss: 0.21033758589881282 Time: 0.26895054200031154
Train loss: 0.6204828744224393 Val loss: 0.21015888486912943 Time: 0.2687163339996914
Train loss: 0.599307418995279 Val loss: 0.20895434227517257 Time: 0.2674375830001736
Train loss: 0.6376606766473891 Val loss: 0.21008895839533542 Time: 0.2651632500001142
Train loss: 0.6039135131692888 Val loss: 0.20895615454394822 Time: 0.2662123750005776
Train loss: 0.5770344687048379 Val loss: 0.20838570424332856 Time: 0.26640308300011384
Train loss: 0.6044471983638147 Val loss: 0.20921487603387706 Time: 0.26625008300015907
Train loss: 0.5955638506341785 Val loss: 0.2087856087272078 Time: 0.26553395800056023
Train loss: 0.5671754868370869 Val loss: 0.20789388975476167 Time: 0.269308708000608
Train loss: 0.5712311227611764 Val loss: 0.20799839224589578 Time: 0.26563741600057256
Train loss: 0.5656928630059355 Val loss: 0.20787474227794384 Time: 0.2665599170004498
Train loss: 0.5722511177593925 Val loss: 0.20803174108572467 Time: 0.2651354589997936
Train loss: 0.5417192865315315 Val loss: 0.20778595566234298 Time: 0.2654284579994055
Train loss: 0.5429876115890409 Val loss: 0.2072408079145614 Time: 0.2652836249999382
Train loss: 0.5675331542766537 Val loss: 0.20844125551981266 Time: 0.26775083400025323
Train loss: 0.5582084723215033 Val loss: 0.2078120882784826 Time: 0.2660751670000536
Train loss: 0.5403696903313842 Val loss: 0.20958806598074292 Time: 0.2719157080000514
Train loss: 0.5219254853423081 Val loss: 0.20673607976535838 Time: 0.268166167000345
Train loss: 0.574669886903564 Val loss: 0.20969132612165228 Time: 0.26671441700000287
Train loss: 0.559039735625305 Val loss: 0.2088977795856174 Time: 0.2670588749997478
Train loss: 0.5233834686920638 Val loss: 0.21065867069676297 Time: 0.2659297090003747
Train loss: 0.5127859257118743 Val loss: 0.20666380837724083 Time: 0.26692287500009115
Train loss: 0.5426320836803598 Val loss: 0.2082977826053423 Time: 0.26487008300046
Train loss: 0.5378606273575495 Val loss: 0.20916440858337554 Time: 0.26893666599971766
Train loss: 0.5197721290456558 Val loss: 0.21223757745419544 Time: 0.26868841700070334
Train loss: 0.5212466286927402 Val loss: 0.20690230338616872 Time: 0.2659590829998706
Train loss: 0.5705284881643706 Val loss: 0.21740249244358942 Time: 0.2730256670001836
Train loss: 0.6241620956530375 Val loss: 0.21265309595986376 Time: 0.2680970840001464
Train loss: 0.5056329059710478 Val loss: 0.21169469073278474 Time: 0.265621167000063
Train loss: 0.5585507156462448 Val loss: 0.21985685509081537 Time: 0.2658580420002181
Train loss: 0.5159670559414735 Val loss: 0.2087981392635224 Time: 0.26482791700072994
Train loss: 0.5787284594957347 Val loss: 0.21777969986330895 Time: 0.2695358339997256
Train loss: 0.5182996335838226 Val loss: 0.20676844917164042 Time: 0.2663521670001501
Train loss: 0.5480764010899373 Val loss: 0.22008413739108543 Time: 0.26700208300007944
Train loss: 0.5066089336950483 Val loss: 0.20934758533704126 Time: 0.2987380000004123
Train loss: 0.5769215642665317 Val loss: 0.2231307688837853 Time: 0.26662833299997146
Train loss: 0.5242138753248815 Val loss: 0.20803427890526305 Time: 0.2670742500004053
Train loss: 0.49307498493569235 Val loss: 0.21409477834112683 Time: 0.2681423329995596
Train loss: 0.492518303777735 Val loss: 0.20602912718374633 Time: 0.2661331669996798
Train loss: 0.49248660841230674 Val loss: 0.21899191180879674 Time: 0.2700247920001857
Train loss: 0.5098259283646343 Val loss: 0.20954608147004633 Time: 0.26577725000061037
Train loss: 0.47659953759331586 Val loss: 0.21148339514683479 Time: 0.2661490410000624
Train loss: 0.49319667762777186 Val loss: 0.20645489305535902 Time: 0.26639049999994313
Train loss: 0.46586230291922015 Val loss: 0.21854996811448008 Time: 0.26548170800015214
Train loss: 0.5449889642196348 Val loss: 0.2125675809756828 Time: 0.2655985410001449
Train loss: 0.4833576281059919 Val loss: 0.2125456724764034 Time: 0.266417167000327
Train loss: 0.5681638229256052 Val loss: 0.21526746353823561 Time: 0.26941695799996523
Train loss: 0.4799881420670835 Val loss: 0.21835552725456192 Time: 0.26736054199955106
Train loss: 0.6046234455474195 Val loss: 0.2229015453463603 Time: 0.2654689999999391
Train loss: 0.47215701828096535 Val loss: 0.20576859521748622 Time: 0.26485062500069034
Train loss: 0.6097958392527403 Val loss: 0.22494037709425915 Time: 0.27602329199999076
Train loss: 0.5138370844036899 Val loss: 0.11837934321529411 Time: 0.26693770899964875
Train loss: 0.5494510395596945 Val loss: 0.23205597944692014 Time: 0.26740679100021225
Shrinking learning rate to 1e-05
Train loss: 0.6447609549565811 Val loss: 0.21217702226400265 Time: 0.2690119999997478
Train loss: 0.5103275653443973 Val loss: 0.2068988501032775 Time: 0.280391583999517
Train loss: 0.4694769255067257 Val loss: 0.2056362994687729 Time: 0.2763504170006854
Train loss: 0.4520817254944023 Val loss: 0.2051984152323737 Time: 0.26899691700054973
Train loss: 0.4419630448049432 Val loss: 0.20499315969203638 Time: 0.2852412499996717
Train loss: 0.43461326491379637 Val loss: 0.20485639836223823 Time: 0.298072042000058
Train loss: 0.4293303215747679 Val loss: 0.20478059110621064 Time: 0.2859153330000481
Train loss: 0.4253149627278354 Val loss: 0.20472696559131243 Time: 0.2903018750002957
Train loss: 0.42172506456114434 Val loss: 0.20462846649532768 Time: 0.2905628329999672
Train loss: 0.4189287576927825 Val loss: 0.20459116300596347 Time: 0.32114720800018404
Train loss: 0.4165312802149721 Val loss: 0.20455834360741146 Time: 0.30308024999976624
Train loss: 0.4144295902216122 Val loss: 0.2045369451675471 Time: 0.28415933300038887
Train loss: 0.4115108486771746 Val loss: 0.20450489317449017 Time: 0.2742642920002254
Train loss: 0.4097300124698515 Val loss: 0.2044888475891732 Time: 0.2731039589998545
Train loss: 0.4081828905819691 Val loss: 0.20447692331241293 Time: 0.272849457999655
Train loss: 0.40669439856447553 Val loss: 0.20446676730306845 Time: 0.2724476659996071
Train loss: 0.4053540029835574 Val loss: 0.20439108533922123 Time: 0.27091945800020767
Train loss: 0.40418786887912006 Val loss: 0.20438147337097343 Time: 0.2806849999997212
Train loss: 0.4030090459038824 Val loss: 0.20436977683598484 Time: 0.2728387090000979
Train loss: 0.4019495118589891 Val loss: 0.20435931848147626 Time: 0.30215395800041733
Train loss: 0.4010745873354331 Val loss: 0.20429481544248806 Time: 0.26559850000012375
Train loss: 0.40026915689972853 Val loss: 0.20429040587688438 Time: 0.2657499999995707
Train loss: 0.3994153192028804 Val loss: 0.20427245922249618 Time: 0.26632258300014655
Train loss: 0.39862301629924524 Val loss: 0.20426119514246685 Time: 0.27514329199948406
Train loss: 0.3978811097641082 Val loss: 0.2041836521478349 Time: 0.2681569579999632
Train loss: 0.39722115325239216 Val loss: 0.2041969726764977 Time: 0.2787814579996848
Train loss: 0.39643594213167077 Val loss: 0.20418252052320943 Time: 0.2914613749999262
Train loss: 0.39580002345320153 Val loss: 0.20410915591146808 Time: 0.30666008400021383
Train loss: 0.39513231519578973 Val loss: 0.20412000772877273 Time: 0.29470074999971985
Train loss: 0.39444799757589616 Val loss: 0.2040532533937383 Time: 0.27838195900039864
Train loss: 0.39395835753202135 Val loss: 0.20407031226026817 Time: 0.28607862500030024
Train loss: 0.3932442364319897 Val loss: 0.20406994235449163 Time: 0.2825940829998217
Train loss: 0.39273573765239433 Val loss: 0.2040203133496857 Time: 0.2776383749996967
Train loss: 0.39134768796305 Val loss: 0.20404666709025607 Time: 0.2759953750000932
Complete
 Total time: 67.79551158400045