starting log for model: models/rnn_fcast_23_new_23-24.pth
Train loss: 16.878063510504482 Val loss: 1.9112568929557396 Time: 0.4261572500108741
Train loss: 14.934969373002417 Val loss: 1.7226961403638898 Time: 0.3213743750093272
Train loss: 11.975816898442401 Val loss: 1.3708233665111362 Time: 0.31515487500291783
Train loss: 9.439803173009537 Val loss: 1.1086269781029243 Time: 0.38140520799788646
Train loss: 8.095531702608902 Val loss: 0.9690768786943662 Time: 0.31265595799777657
Train loss: 7.45249092165983 Val loss: 0.8918663594600748 Time: 0.30392341599508654
Train loss: 7.1052574737947225 Val loss: 0.8483239844209951 Time: 0.2973432500002673
Train loss: 6.878569576297153 Val loss: 0.8181319856328912 Time: 0.2973664169985568
Train loss: 6.691692232542756 Val loss: 0.794804864452428 Time: 0.31731204099196475
Train loss: 6.522200545177162 Val loss: 0.7742389607951805 Time: 0.30320270800439175
Train loss: 6.386578556634959 Val loss: 0.7637156920572642 Time: 0.2985731670050882
Train loss: 6.238829276675856 Val loss: 0.7457388466485021 Time: 0.29622520800330676
Train loss: 6.08346389849914 Val loss: 0.7287814065428105 Time: 0.29895191598916426
Train loss: 5.9470740021498685 Val loss: 0.7138895594882428 Time: 0.29733608399692457
Train loss: 5.812185277372933 Val loss: 0.6998227924204679 Time: 0.29749487500521354
Train loss: 5.6864694420346815 Val loss: 0.6866805975992419 Time: 0.2960180840018438
Train loss: 5.571262756644501 Val loss: 0.6742931700768438 Time: 0.29947149999497924
Train loss: 5.45820139696275 Val loss: 0.6626703982236875 Time: 0.2944390840129927
Train loss: 5.353582012080709 Val loss: 0.6511194317962969 Time: 0.2953710830042837
Train loss: 5.2523896511527255 Val loss: 0.6405150995018137 Time: 0.2966748749895487
Train loss: 5.1592148645473515 Val loss: 0.63057822772029 Time: 0.3177310829923954
Train loss: 5.050135968195008 Val loss: 0.6186654538480593 Time: 0.2959427500027232
Train loss: 4.940700595105271 Val loss: 0.6065966720637516 Time: 0.2984544999926584
Train loss: 4.826239116112731 Val loss: 0.5934632005166779 Time: 0.2966805000032764
Train loss: 4.7122881536518975 Val loss: 0.5803986606529239 Time: 0.2947307909926167
Train loss: 4.613640797502711 Val loss: 0.5681295310065423 Time: 0.29485325000132434
Train loss: 4.5242527575251765 Val loss: 0.5567243666540309 Time: 0.2945804170012707
Train loss: 4.430207697652893 Val loss: 0.5450350467419238 Time: 0.2947812499915017
Train loss: 4.340516146935691 Val loss: 0.5337498572208261 Time: 0.29372245800914243
Train loss: 4.256125103403989 Val loss: 0.5232642354075961 Time: 0.29841933300485834
Train loss: 4.17524405204415 Val loss: 0.5136878178598775 Time: 0.29470629199931864
Train loss: 4.097439487339415 Val loss: 0.5042435059422995 Time: 0.2958127500023693
Train loss: 4.020999473057174 Val loss: 0.495154833275224 Time: 0.2944009999919217
Train loss: 3.9407702784029084 Val loss: 0.4859809566515318 Time: 0.2950304580008378
Train loss: 3.871762034963414 Val loss: 0.47779696390547066 Time: 0.2977873330091825
Train loss: 3.806837415643379 Val loss: 0.47067609262600785 Time: 0.29416966599819716
Train loss: 3.7345719642094424 Val loss: 0.4625689056956959 Time: 0.3067238340008771
Train loss: 3.673489636062678 Val loss: 0.45588290826671884 Time: 0.2987040000007255
Train loss: 3.6166995312468657 Val loss: 0.4491345466713301 Time: 0.3048755420022644
Train loss: 3.5572641802866087 Val loss: 0.4429962535754998 Time: 0.29483600000094157
Train loss: 3.503856828806647 Val loss: 0.4378991779743138 Time: 0.29478679099702276
Train loss: 3.4460430153484083 Val loss: 0.43126605192932727 Time: 0.29352641600416973
Train loss: 3.3953363841126247 Val loss: 0.42584817569130723 Time: 0.2955162080033915
Train loss: 3.3376759043669395 Val loss: 0.42022581402516934 Time: 0.29696495800453704
Train loss: 3.284524358557846 Val loss: 0.41496779744549284 Time: 0.2932406250038184
Train loss: 3.23413946570113 Val loss: 0.40979625199788455 Time: 0.29351579200010747
Train loss: 3.1874100682190516 Val loss: 0.40606286206764636 Time: 0.2945470840058988
Train loss: 3.129177547763881 Val loss: 0.40003779283478796 Time: 0.29377829100121744
Train loss: 3.085529805516842 Val loss: 0.3962782267179717 Time: 0.2940556249959627
Train loss: 3.034628142387703 Val loss: 0.3782458898098515 Time: 0.2942505419923691
Train loss: 2.9906940186807676 Val loss: 0.3729788489504765 Time: 0.29819975000282284
Train loss: 2.9530017727301043 Val loss: 0.36854823802703934 Time: 0.29543516600097064
Train loss: 2.913428555353983 Val loss: 0.3640786542305941 Time: 0.29312629099877086
Train loss: 2.8739269702344217 Val loss: 0.3588286614487029 Time: 0.2964459170034388
Train loss: 2.8328558838728597 Val loss: 0.3536771662017112 Time: 0.29416270900401287
Train loss: 2.79701702303273 Val loss: 0.3494472195300422 Time: 0.2942935419996502
Train loss: 2.7660955813647776 Val loss: 0.3455529291110773 Time: 0.29447399999480695
Train loss: 2.723698278671246 Val loss: 0.3409280666297868 Time: 0.29802970800665207
Train loss: 2.6970009944040507 Val loss: 0.33679322868599637 Time: 0.2945612500043353
Train loss: 2.6609018714802133 Val loss: 0.3317868252245081 Time: 0.293475665996084
Train loss: 2.630091463954373 Val loss: 0.3280445730758117 Time: 0.3053958750097081
Train loss: 2.602485140433643 Val loss: 0.32403077786245915 Time: 0.29861866700230166
Train loss: 2.572811810809384 Val loss: 0.3222744726894008 Time: 0.2948810000088997
Train loss: 2.545717405889775 Val loss: 0.31811257317570063 Time: 0.29421679201186635
Train loss: 2.516018091259216 Val loss: 0.31452828349225415 Time: 0.2964889159920858
Train loss: 2.488816814349825 Val loss: 0.3103245595737243 Time: 0.29435354100132827
Train loss: 2.462567563599368 Val loss: 0.30811186575363486 Time: 0.2935050000087358
Train loss: 2.427189636448915 Val loss: 0.3025974971621875 Time: 0.29317545899539255
Train loss: 2.3950300820494377 Val loss: 0.2978645566196888 Time: 0.29458145900571253
Train loss: 2.372114386933788 Val loss: 0.29408308695567165 Time: 0.2942804589984007
Train loss: 2.344953992934709 Val loss: 0.2900189327125127 Time: 0.29366558299807366
Train loss: 2.321974689160733 Val loss: 0.2866802394142611 Time: 0.2969297919917153
Train loss: 2.2815293208536858 Val loss: 0.2820000462285386 Time: 0.2944339579989901
Train loss: 2.264024509107866 Val loss: 0.2775713882593829 Time: 0.2928722079959698
Train loss: 2.234068421157481 Val loss: 0.27401796083962804 Time: 0.2933792080002604
Train loss: 2.208150977766085 Val loss: 0.26921830732488994 Time: 0.2938824999873759
Train loss: 2.1842213657015357 Val loss: 0.26577398685067516 Time: 0.2928378749929834
Train loss: 2.161304697677025 Val loss: 0.2622034941451769 Time: 0.2944101250031963
Train loss: 2.1410559633304054 Val loss: 0.25940600441102357 Time: 0.3013827079994371
Train loss: 2.108689789375905 Val loss: 0.25582468425674443 Time: 0.2947901669977
Train loss: 2.0948576884997934 Val loss: 0.2529583092455647 Time: 0.2939631659974111
Train loss: 2.078718284265589 Val loss: 0.2505896214732567 Time: 0.2944904579926515
Train loss: 2.0501945159467567 Val loss: 0.24739290699325003 Time: 0.2943116249953164
Train loss: 2.034336152486979 Val loss: 0.24414089791299862 Time: 0.29373904201202095
Train loss: 2.0183338013637844 Val loss: 0.2422440028983213 Time: 0.29422804100613575
Train loss: 1.995514863031179 Val loss: 0.2588064450730908 Time: 0.29749825000180863
Train loss: 1.979482318247193 Val loss: 0.2558685287418328 Time: 0.2933116659987718
Train loss: 1.9556911929775618 Val loss: 0.2511728635536614 Time: 0.3001548750034999
Train loss: 1.9317714417119851 Val loss: 0.24706505729451603 Time: 0.29379504099779297
Train loss: 1.9156987357158695 Val loss: 0.24501966129255195 Time: 0.34482762499828823
Train loss: 1.9024445707006805 Val loss: 0.2416999500841877 Time: 0.2989669579983456
Train loss: 1.8789642264345012 Val loss: 0.23747513134381326 Time: 0.29955891700228676
Train loss: 1.8541766991112496 Val loss: 0.23516314660211518 Time: 0.2945988340070471
Train loss: 1.8417092369415897 Val loss: 0.23166846742544722 Time: 0.2931439170060912
Train loss: 1.8163567154242237 Val loss: 0.2284607090360195 Time: 0.2957722080027452
Train loss: 1.7973001156699357 Val loss: 0.22447056288362197 Time: 0.29374700000334997
Train loss: 1.78818873516245 Val loss: 0.22387039154861124 Time: 0.29341762499825563
Train loss: 1.7557097274001876 Val loss: 0.21850836418428812 Time: 0.29441820801002905
Train loss: 1.7468544172233784 Val loss: 0.21791605603731395 Time: 0.30053983299876563
Train loss: 1.7245421119451345 Val loss: 0.21454687336337291 Time: 0.29380258299352136
Train loss: 1.6916098513254063 Val loss: 0.20947492824868497 Time: 0.2932860409928253
Train loss: 1.6794909554166857 Val loss: 0.20927669394672613 Time: 0.29477295800461434
Train loss: 1.664595936451903 Val loss: 0.20542243211969544 Time: 0.2959008750040084
Train loss: 1.6375924011579173 Val loss: 0.20154589749982252 Time: 0.29566387500381097
Train loss: 1.6261830654722331 Val loss: 0.2012404023169231 Time: 0.296498583003995
Train loss: 1.610257457572275 Val loss: 0.1974898755047973 Time: 0.29724020800495055
Train loss: 1.5909963913082237 Val loss: 0.19540553946805558 Time: 0.29523991599853616
Train loss: 1.5662479294260625 Val loss: 0.192435981838513 Time: 0.29387933399993926
Train loss: 1.5588517305945722 Val loss: 0.19122020585318802 Time: 0.29416725000191946
Train loss: 1.5340003322162898 Val loss: 0.18858846750623195 Time: 0.294193958005053
Train loss: 1.5158014512558577 Val loss: 0.18513071769735462 Time: 0.2938747079897439
Train loss: 1.5030335876164171 Val loss: 0.18477675324546838 Time: 0.2943592079973314
Train loss: 1.4812830031602715 Val loss: 0.18053743140077133 Time: 0.29751391599711496
Train loss: 1.465351998671963 Val loss: 0.1795676881876612 Time: 0.3067107910028426
Train loss: 1.4464126138519617 Val loss: 0.1773818800742837 Time: 0.2942177500081016
Train loss: 1.4369046870572149 Val loss: 0.17652241352349757 Time: 0.29389616700063925
Train loss: 1.4117416194592076 Val loss: 0.17386251920797843 Time: 0.29417979100253433
Train loss: 1.3980526752181106 Val loss: 0.1726954297027921 Time: 0.29390608399990015
Train loss: 1.378107730231548 Val loss: 0.170893965854769 Time: 0.2933341250027297
Train loss: 1.3621837764181075 Val loss: 0.16958956406009223 Time: 0.2973053330060793
Train loss: 1.3445689008831607 Val loss: 0.16780934237172657 Time: 0.29974291600228753
Train loss: 1.335746248305476 Val loss: 0.1673765547870549 Time: 0.29541483300272375
Train loss: 1.3164199503927705 Val loss: 0.16577995804715398 Time: 0.2939537500060396
Train loss: 1.310264406914385 Val loss: 0.16516023507125102 Time: 0.29444416699698195
Train loss: 1.2949272751128547 Val loss: 0.16361319948325792 Time: 0.2986438750085654
Train loss: 1.288429230849709 Val loss: 0.1630977831503252 Time: 0.2956744170078309
Train loss: 1.25834959712369 Val loss: 0.16085970911171854 Time: 0.2976118749938905
Train loss: 1.250750493426068 Val loss: 0.1602488350080219 Time: 0.29421629100397695
Train loss: 1.2305709071096445 Val loss: 0.15872362859339254 Time: 0.29428741699666716
Train loss: 1.210160138362442 Val loss: 0.15760162033774075 Time: 0.29332729199086316
Train loss: 1.2218560876952334 Val loss: 0.15854447405918246 Time: 0.2940611249941867
Train loss: 1.1793576464531412 Val loss: 0.15483856577499183 Time: 0.2942899579938967
Train loss: 1.1750798689627302 Val loss: 0.1543302056730912 Time: 0.29322562500601634
Train loss: 1.1639258387931797 Val loss: 0.15355747796306826 Time: 0.297842917003436
Train loss: 1.1517323469620901 Val loss: 0.15330575550874367 Time: 0.29331208299845457
Train loss: 1.1362046817546432 Val loss: 0.15222359217942205 Time: 0.2969616249902174
Train loss: 1.119626875268839 Val loss: 0.15132976397314024 Time: 0.29354829200019594
Train loss: 1.1031967060523344 Val loss: 0.14935858404112987 Time: 0.2994918339973083
Train loss: 1.09868419338504 Val loss: 0.14945031946922416 Time: 0.2937446670111967
Train loss: 1.0895947519108375 Val loss: 0.14953108851095903 Time: 0.2987110840040259
Train loss: 1.0665616167848464 Val loss: 0.14794645837540585 Time: 0.29705362500681076
Train loss: 1.0551289304423292 Val loss: 0.14819267648731843 Time: 0.2940426659915829
Train loss: 1.0679589751262668 Val loss: 0.15035984596556995 Time: 0.29570600000442937
Train loss: 1.0327996246345759 Val loss: 0.14463003424899284 Time: 0.29551054201147053
Train loss: 1.034948139735639 Val loss: 0.14476938663974637 Time: 0.2922843330015894
Train loss: 1.0251881438689798 Val loss: 0.14540104582639926 Time: 0.2931898749957327
Train loss: 1.0040191844869448 Val loss: 0.14482641865390955 Time: 0.3222413330076961
Train loss: 1.00298555474851 Val loss: 0.14743976742570122 Time: 0.2953081250016112
Train loss: 0.9976152356457897 Val loss: 0.14854484739896506 Time: 0.2940611659869319
Train loss: 0.9672752248459098 Val loss: 0.13992783568802153 Time: 0.29387866699835286
Train loss: 0.9860636671621874 Val loss: 0.14046506827125682 Time: 0.2934876249928493
Train loss: 0.9909479596002235 Val loss: 0.14099507719646143 Time: 0.2942667080060346
Train loss: 0.9539796509816028 Val loss: 0.1456645450377492 Time: 0.294721500002197
Train loss: 0.9693381312503537 Val loss: 0.15902611110793152 Time: 0.2959534160036128
Train loss: 0.9325034342437741 Val loss: 0.1442231736819438 Time: 0.2936377919977531
Train loss: 0.9096183055278892 Val loss: 0.13524872077023217 Time: 0.2947028749913443
Train loss: 0.9501919685592694 Val loss: 0.13861732819451292 Time: 0.29424800000560936
Train loss: 0.9583471844472342 Val loss: 0.13888408914650038 Time: 0.29370991699397564
Train loss: 0.9060586766671861 Val loss: 0.15600834951106635 Time: 0.2967196669924306
Train loss: 0.9121679659539161 Val loss: 0.17287000212837872 Time: 0.2931527500040829
Train loss: 0.8911748963946664 Val loss: 0.14983431051459373 Time: 0.29698270799417514
Train loss: 0.8634988104929704 Val loss: 0.13238374335674052 Time: 0.2945223749993602
Train loss: 0.9321796732356837 Val loss: 0.14125388051745363 Time: 0.2934910000039963
Train loss: 0.9669278943396691 Val loss: 0.14007305427898264 Time: 0.2925629169913009
Train loss: 0.8734949564138772 Val loss: 0.16729566773514365 Time: 0.29359433299396187
Train loss: 0.8873766588755481 Val loss: 0.18332500386389036 Time: 0.3062065420090221
Train loss: 0.8687215742279017 Val loss: 0.15617581688466403 Time: 0.293329125008313
Train loss: 0.8123183691496507 Val loss: 0.1293128452128793 Time: 0.29712929199740756
Train loss: 0.8875948708331407 Val loss: 0.13954576895357051 Time: 0.29336962499655783
Train loss: 0.9422274622108726 Val loss: 0.13800918212458582 Time: 0.2938062500033993
Train loss: 0.817561210387467 Val loss: 0.17100508263303119 Time: 0.29420958399714436
Train loss: 0.9000845113111353 Val loss: 0.20012642881660572 Time: 0.30637579200265463
Train loss: 0.8365836824168582 Val loss: 0.1453540602542251 Time: 0.2932072919938946
Train loss: 0.7791573939432421 Val loss: 0.1281494096053403 Time: 0.2937244579952676
Train loss: 0.9166225522181151 Val loss: 0.14102035532321228 Time: 0.2973819999897387
Train loss: 0.8471197420736969 Val loss: 0.13995622994124035 Time: 0.2935381249990314
Train loss: 0.8079021340175621 Val loss: 0.20336540390079585 Time: 0.2936519170034444
Train loss: 0.8978469162418072 Val loss: 0.18242469458061192 Time: 0.29320800000277814
Train loss: 0.7663976306895925 Val loss: 0.1279087911155911 Time: 0.2932589999982156
Train loss: 0.8220245215180526 Val loss: 0.1404321179009009 Time: 0.29434570799639914
Train loss: 0.87757282657968 Val loss: 0.13308024465526233 Time: 0.2938208329869667
Train loss: 0.7383142593388934 Val loss: 0.17020621039223696 Time: 0.29768183300620876
Train loss: 0.8537025673629302 Val loss: 0.2073920252320652 Time: 0.2942845840007067
Train loss: 0.7800274469044552 Val loss: 0.14510992740156886 Time: 0.2942423330096062
Train loss: 0.7311258855993242 Val loss: 0.12874151455338928 Time: 0.29349250000086613
Train loss: 0.8691879676742369 Val loss: 0.13708966901941882 Time: 0.2940967079921393
Train loss: 0.7267449353603728 Val loss: 0.14286403957299865 Time: 0.29198729200288653
Train loss: 0.7796807397696899 Val loss: 0.21861484164689865 Time: 0.30270541600475553
Train loss: 0.8377053036951772 Val loss: 0.1721824201158381 Time: 0.3037657079985365
Train loss: 0.6888635750461418 Val loss: 0.12151227433096344 Time: 0.2934327499970095
Train loss: 0.8497982004732592 Val loss: 0.14231930622264904 Time: 0.2990015410032356
Train loss: 0.7769362549450705 Val loss: 0.13293369436880081 Time: 0.29408037500979844
Train loss: 0.6904126910507138 Val loss: 0.19228887693721977 Time: 0.2935782080021454
Train loss: 0.8014088655974065 Val loss: 0.18735809907076253 Time: 0.34886037500109524
Train loss: 0.662864357135561 Val loss: 0.12385600747231748 Time: 0.2943749999976717
Train loss: 0.7905639591104876 Val loss: 0.14828367227757544 Time: 0.29755100001057144
Train loss: 0.7715130989773442 Val loss: 0.12864908832027927 Time: 0.2944287499994971
Train loss: 0.6363481914544309 Val loss: 0.18372995037752782 Time: 0.2968458339892095
Train loss: 0.7695829267797194 Val loss: 0.20575973876098602 Time: 0.29525725000712555
Train loss: 0.6713983287275482 Val loss: 0.12752878178739638 Time: 0.29426900000544265
Train loss: 0.7225549992009945 Val loss: 0.14756056500191442 Time: 0.29295416599779855
Train loss: 0.8014425219289976 Val loss: 0.13192711158179007 Time: 0.29518891699262895
Train loss: 0.6040867027885 Val loss: 0.15302008956349025 Time: 0.29706041600729804
Train loss: 0.7130359042306722 Val loss: 0.21140237156728794 Time: 0.2946263329940848
Train loss: 0.7206870397360046 Val loss: 0.15304637929126028 Time: 0.2982343750045402
Train loss: 0.6313836948317437 Val loss: 0.12444226631249933 Time: 0.2973019579949323
Train loss: 0.8056665055364647 Val loss: 0.1549720818388431 Time: 0.29471441700297873
Train loss: 0.6818225490118488 Val loss: 0.12129605676892874 Time: 0.29320879199076444
Train loss: 0.5910499873654317 Val loss: 0.18105060331925713 Time: 0.29670116599299945
Train loss: 0.769693562236645 Val loss: 0.19904094558018579 Time: 0.297237207996659
Train loss: 0.6486550592904123 Val loss: 0.12564994042243235 Time: 0.2941276670026127
Train loss: 0.6450759323085979 Val loss: 0.14175650268615508 Time: 0.29318279201106634
Train loss: 0.852954764919275 Val loss: 0.15472955765233254 Time: 0.2943422500102315
Train loss: 0.6153120262558787 Val loss: 0.13987693016235037 Time: 0.2942784170008963
Train loss: 0.6605562986030975 Val loss: 0.20133491531085 Time: 0.29229779200977646
Train loss: 0.7204444736283904 Val loss: 0.15694224999186915 Time: 0.2935360829869751
Train loss: 0.5873231464187576 Val loss: 0.11719548065583071 Time: 0.29754787498677615
Train loss: 0.7208313933180781 Val loss: 0.15945409564916962 Time: 0.30607883400807623
Train loss: 0.7047483445313816 Val loss: 0.12390772370890182 Time: 0.2933166250004433
Train loss: 0.5348171342485095 Val loss: 0.17229590665515007 Time: 0.29410216699761804
Train loss: 0.8155906506792947 Val loss: 0.19843151439327303 Time: 0.29481925000436604
Train loss: 0.6359008826009287 Val loss: 0.12076156314465746 Time: 0.29303195800457615
Train loss: 0.6093385661645527 Val loss: 0.1432860774065182 Time: 0.2972663749969797
Train loss: 0.835347149999393 Val loss: 0.15369364196303964 Time: 0.2967108329903567
Train loss: 0.5888522793524338 Val loss: 0.1340846361895496 Time: 0.2938562499912223
Train loss: 0.6291857556219753 Val loss: 0.19245862753122153 Time: 0.29330041698995046
Train loss: 0.7123631137017696 Val loss: 0.15089299302250195 Time: 0.29285091599740554
Train loss: 0.5816310822189195 Val loss: 0.12061260193650203 Time: 0.3034909160051029
Train loss: 0.8254311165088382 Val loss: 0.17854430999058749 Time: 0.29398879199288785
Shrinking learning rate to 1e-05
Train loss: 0.8016330643562029 Val loss: 0.13783746779131814 Time: 0.2984823330043582
Train loss: 0.5475604199156687 Val loss: 0.11808473716529108 Time: 0.30177029100013897
Train loss: 0.5115019116648227 Val loss: 0.11453332009635701 Time: 0.29573162499582395
Train loss: 0.48988380470930526 Val loss: 0.11285596210708734 Time: 0.2943746670061955
Train loss: 0.47729538508124847 Val loss: 0.11193718236207144 Time: 0.29491774999769405
Train loss: 0.46918626659648055 Val loss: 0.11140117790709342 Time: 0.29712929199740756
Train loss: 0.46326783232521507 Val loss: 0.11105129826952959 Time: 0.29468304199690465
Train loss: 0.45847648585063894 Val loss: 0.1108424054708469 Time: 0.29860991600435227
Train loss: 0.45420050109057186 Val loss: 0.11064192360624028 Time: 0.2951030000112951
Train loss: 0.45073585530536153 Val loss: 0.11047132015207181 Time: 0.302329792000819
Train loss: 0.4475123672003676 Val loss: 0.11032135138921603 Time: 0.29414533301314805
Train loss: 0.44491371494343923 Val loss: 0.11021733085513985 Time: 0.29422645799058955
Train loss: 0.4423612831069308 Val loss: 0.11010567086001968 Time: 0.29495275000226684
Train loss: 0.4400273084724824 Val loss: 0.11001612578901244 Time: 0.29803858399100136
Train loss: 0.43777580422041185 Val loss: 0.1099225612249827 Time: 0.2983277079911204
Train loss: 0.4359819237051259 Val loss: 0.10983457911490173 Time: 0.2937393750034971
Train loss: 0.43415867356158877 Val loss: 0.10975042809186002 Time: 0.29558624999481253
Train loss: 0.4324376790839324 Val loss: 0.10968196646191278 Time: 0.29605624999385327
Train loss: 0.430799416215919 Val loss: 0.10961758896110249 Time: 0.2950906250043772
Train loss: 0.42930249580311064 Val loss: 0.10955530484882298 Time: 0.2962611250113696
Train loss: 0.42759506107158884 Val loss: 0.10947632826200529 Time: 0.29722575000778306
Complete
 Total time: 74.67569324999931