starting log for model: models/rnn_lin1_fcast_23_new_23-24.pth
Train loss: 17.35560525761572 Val loss: 1.9604885403403223 Time: 0.3933825000131037
Train loss: 15.172780082963923 Val loss: 1.7256532417737347 Time: 0.3793145420058863
Train loss: 10.497783581927507 Val loss: 1.2101128102357515 Time: 0.41693662499892525
Train loss: 8.19497756570223 Val loss: 0.9789915808705569 Time: 0.4709289589955006
Train loss: 7.414716517568285 Val loss: 0.8804602132741698 Time: 0.7167303750029532
Train loss: 7.196406477708663 Val loss: 0.8507561844976617 Time: 0.38642245800292585
Train loss: 6.86012206409319 Val loss: 0.8001259789889602 Time: 0.9565059169981396
Train loss: 6.781283177566358 Val loss: 0.7926683063139809 Time: 0.6715687079995405
Train loss: 6.360995490055032 Val loss: 0.7540379769399514 Time: 0.38900725000712555
Train loss: 6.161289815555364 Val loss: 0.7374324722342107 Time: 0.4394970830035163
Train loss: 6.2090163800522635 Val loss: 0.7325426770676721 Time: 0.38266437499260064
Train loss: 5.84214677235301 Val loss: 0.6972671374719381 Time: 0.3771439160045702
Train loss: 5.778985707055453 Val loss: 0.6907776262509606 Time: 0.3780138329893816
Train loss: 5.752924961669752 Val loss: 0.6798355628150796 Time: 0.3711024579970399
Train loss: 5.556632459074564 Val loss: 0.6660556676746591 Time: 0.4457522080047056
Train loss: 5.1060808636007256 Val loss: 0.6369584761321891 Time: 0.4884952910069842
Train loss: 5.303184410539698 Val loss: 0.6513489021894278 Time: 0.3924772499885876
Train loss: 4.855500582322847 Val loss: 0.6108221097932448 Time: 0.3697200000024168
Train loss: 4.540836027670736 Val loss: 0.59015233628596 Time: 0.38568033299816307
Train loss: 4.695574640013433 Val loss: 0.6038127741963788 Time: 0.36759966699173674
Train loss: 4.50473854024527 Val loss: 0.5901199100960962 Time: 0.3684482500102604
Train loss: 4.054298700029525 Val loss: 0.535211581894413 Time: 0.3740862080012448
Train loss: 4.165474615115421 Val loss: 0.5568577636813336 Time: 0.3782811249984661
Train loss: 4.14097511695708 Val loss: 0.5451627710895687 Time: 0.36799012499977835
Train loss: 3.7825150248080206 Val loss: 0.5141718274009902 Time: 0.3682912919903174
Train loss: 3.8244661790499723 Val loss: 0.5191387952311384 Time: 0.3706427910074126
Train loss: 3.3984918166978284 Val loss: 0.498705176543874 Time: 0.36949529199046083
Train loss: 3.4884974937752524 Val loss: 0.5269256891497945 Time: 0.3768225420062663
Train loss: 3.3365421842954532 Val loss: 0.4584283104266958 Time: 0.37257016700459644
Train loss: 3.1669604668729505 Val loss: 0.4502666846571686 Time: 0.37190283300878946
Train loss: 3.0911718817377136 Val loss: 0.4405277461619729 Time: 0.37192916599451564
Train loss: 2.8305484461939443 Val loss: 0.4215231318186326 Time: 0.3754004999937024
Train loss: 2.982832632161287 Val loss: 0.4370981589456608 Time: 0.3787194580072537
Train loss: 2.993627605485483 Val loss: 0.42227510795844125 Time: 0.37469849998888094
Train loss: 2.7144286372121833 Val loss: 0.3553607928405988 Time: 0.3775687500019558
Train loss: 2.7295878729722673 Val loss: 0.37892998545818957 Time: 0.3788479580107378
Train loss: 2.6088413568397764 Val loss: 0.3330422205343094 Time: 0.3833255839999765
Train loss: 2.4251830681741717 Val loss: 0.3342300488292037 Time: 0.37977504200534895
Train loss: 2.3789752899642203 Val loss: 0.30054123985419756 Time: 0.38244483299786225
Train loss: 2.3832205765309453 Val loss: 0.359672735100939 Time: 0.3798628749937052
Train loss: 2.3136634419165 Val loss: 0.32634503755873756 Time: 0.37963095799204893
Train loss: 2.1917174777058435 Val loss: 0.3104339373025515 Time: 0.38450791699870024
Train loss: 2.3150255941805975 Val loss: 0.33814678069872117 Time: 0.3866915419930592
Train loss: 2.222750155837229 Val loss: 0.3221874164761857 Time: 0.38732395799888764
Train loss: 2.3128738126309045 Val loss: 0.3177565537249767 Time: 0.38462966699444223
Train loss: 2.1742574397014955 Val loss: 0.26985492969755814 Time: 0.3847695830045268
Train loss: 2.006301859568188 Val loss: 0.2850099177688815 Time: 0.38393091699981596
Train loss: 2.1943604915537547 Val loss: 0.2973720533550113 Time: 0.3848575830052141
Train loss: 1.9609354739824596 Val loss: 0.2851719749604503 Time: 0.3885029160010163
Train loss: 2.100365435878323 Val loss: 0.29171899669010276 Time: 0.39113558299141005
Train loss: 1.932239391960966 Val loss: 0.24673245430205615 Time: 0.38703583300230093
Train loss: 1.9547125282279758 Val loss: 0.27585939789534003 Time: 0.3877973749913508
Train loss: 1.8916495122737729 Val loss: 0.29586399377108363 Time: 0.38971937500173226
Train loss: 1.8564269590944202 Val loss: 0.2680928578505998 Time: 0.40593408299901057
Train loss: 1.700661909757173 Val loss: 0.27233124445013723 Time: 0.39293654200446326
Train loss: 1.6697170997735409 Val loss: 0.2263268522742908 Time: 0.3887136670091422
Train loss: 1.764752614141667 Val loss: 0.22900274396762052 Time: 0.38952466599585023
Train loss: 1.6813705418303355 Val loss: 0.24159300688338384 Time: 0.3877737910079304
Train loss: 1.7466698897025432 Val loss: 0.2789904051661125 Time: 0.3878635419969214
Train loss: 1.6703418589968955 Val loss: 0.19470249832475417 Time: 0.3965383339964319
Train loss: 1.4798288717743011 Val loss: 0.18892144013122086 Time: 0.39054195801145397
Train loss: 1.490897331430748 Val loss: 0.20938615948302938 Time: 0.39795508299721405
Train loss: 1.4399296180499852 Val loss: 0.18022817947884637 Time: 0.39420470800541807
Train loss: 1.407050345509333 Val loss: 0.22263781819249934 Time: 0.39613179200387094
Train loss: 1.5771283386799482 Val loss: 0.19150968332600146 Time: 0.398529124999186
Train loss: 1.3582601428461318 Val loss: 0.21055801576620925 Time: 0.39515991699590813
Train loss: 1.3886171045003834 Val loss: 0.2321108801268797 Time: 0.39548129099421203
Train loss: 1.4967246579400801 Val loss: 0.1985880225014799 Time: 0.3938942499953555
Train loss: 1.304918560218998 Val loss: 0.16948201595881235 Time: 0.3935257499979343
Train loss: 1.3221580339820562 Val loss: 0.17571370060046712 Time: 0.40059679200930987
Train loss: 1.3858621194252123 Val loss: 0.19015197455716432 Time: 0.4112159159994917
Train loss: 1.3581550017360442 Val loss: 0.17480592026176664 Time: 0.4341941659949953
Train loss: 1.3847733684660755 Val loss: 0.1762779074732173 Time: 0.41746800001419615
Train loss: 1.2381169529153642 Val loss: 0.15919034051922926 Time: 0.4157826250011567
Train loss: 1.2607399519646947 Val loss: 0.2787088182492624 Time: 0.4160342910035979
Train loss: 1.426694146555839 Val loss: 0.19330963760711964 Time: 0.40053524999530055
Train loss: 1.2321289346073883 Val loss: 0.15971462868220887 Time: 0.3995503329933854
Train loss: 1.1549879369518266 Val loss: 0.15839746028189305 Time: 0.400765375001356
Train loss: 1.2066941487523124 Val loss: 0.1857732536571279 Time: 0.40059133400791325
Train loss: 1.2342482229249754 Val loss: 0.18493895273647112 Time: 0.40538300000480376
Train loss: 1.080614823727616 Val loss: 0.1472806122255147 Time: 0.4015305830107536
Train loss: 1.0623500880977517 Val loss: 0.14658214307984765 Time: 0.40961716600577347
Train loss: 1.1935275224794992 Val loss: 0.1601410489438194 Time: 0.40071674999489915
Train loss: 1.2198440847753886 Val loss: 0.15870182112852102 Time: 0.405694000000949
Train loss: 1.1138571630668963 Val loss: 0.17499590489602826 Time: 0.40592487499816343
Train loss: 1.1788995492477596 Val loss: 0.18879238535789433 Time: 0.4044421250000596
Train loss: 1.1511294981221738 Val loss: 0.17746858463883916 Time: 0.4142110840039095
Train loss: 1.0979372388968764 Val loss: 0.1602913522035203 Time: 0.4020355410029879
Train loss: 1.098243181995585 Val loss: 0.15469814984107746 Time: 0.4039572089968715
Train loss: 1.077919470781925 Val loss: 0.16391142471193892 Time: 0.40811883300193585
Train loss: 1.145681517452573 Val loss: 0.15207215153933148 Time: 0.40321316599147394
Shrinking learning rate to 1e-05
Train loss: 1.4105051827269222 Val loss: 0.17660390018491828 Time: 0.41020270899753086
Train loss: 1.300839545212316 Val loss: 0.1715946476509438 Time: 0.40681595900969114
Train loss: 1.3279320424044876 Val loss: 0.17608399152096835 Time: 0.4073855419992469
Train loss: 1.1765963458845494 Val loss: 0.16665506405708938 Time: 0.4753029170096852
Train loss: 1.2345088357449976 Val loss: 0.17473617589457452 Time: 0.4083499170083087
Train loss: 1.1879635137929654 Val loss: 0.1733029025901714 Time: 0.4136020000005374
Train loss: 1.0764968188104689 Val loss: 0.163291100163562 Time: 0.41356099999393336
Train loss: 1.0481702091427891 Val loss: 0.1617973495101487 Time: 0.4160264160018414
Train loss: 1.0921561154739123 Val loss: 0.16406740633026257 Time: 0.41998504199727904
Train loss: 1.0901502918468964 Val loss: 0.16647780712014598 Time: 0.4083622909965925
Train loss: 1.0341160089412256 Val loss: 0.16205798292607654 Time: 0.4138367499981541
Train loss: 1.0769019233144164 Val loss: 0.16469567587069872 Time: 0.41634029199485667
Train loss: 1.1627647413984619 Val loss: 0.16806509020084145 Time: 0.414931000006618
Train loss: 1.055527193058067 Val loss: 0.16497218869210412 Time: 0.4160279170027934
Train loss: 1.0306982354890977 Val loss: 0.16098366024252683 Time: 0.4107497500081081
Train loss: 1.032246532520631 Val loss: 0.1595304266431854 Time: 0.4115133340092143
Train loss: 1.0598440143103183 Val loss: 0.16161714025826768 Time: 0.4125287500064587
Train loss: 1.0668650502117183 Val loss: 0.1660300461435599 Time: 0.4119497500068974
Train loss: 1.0589899822508804 Val loss: 0.16433653293192935 Time: 0.415859000000637
Train loss: 1.0017801053005826 Val loss: 0.16219809431162804 Time: 0.41696608399797697
Train loss: 1.0617327471109892 Val loss: 0.16221060493327513 Time: 0.4127698750089621
Train loss: 1.0128618393168498 Val loss: 0.15821072054956792 Time: 0.41676145799283404
Train loss: 0.9749976863120233 Val loss: 0.15231717106546844 Time: 0.4190617919957731
Train loss: 1.064190664681469 Val loss: 0.1600305203187745 Time: 0.419921875
Train loss: 1.0565285614578555 Val loss: 0.16335500345974233 Time: 0.4171080409869319
Train loss: 1.05052276169139 Val loss: 0.15856927029166668 Time: 0.415366625005845
Train loss: 0.9807291276684893 Val loss: 0.154527732560623 Time: 0.4162957920052577
Train loss: 1.010745548953313 Val loss: 0.15350048496954558 Time: 0.4149668749887496
Train loss: 0.9673479570995482 Val loss: 0.15417026814633947 Time: 0.41988870900240727
Train loss: 1.0151968083122256 Val loss: 0.16093478123442811 Time: 0.4185144160001073
Train loss: 1.0492222162409686 Val loss: 0.15747174090289787 Time: 0.41852574999211356
Train loss: 0.9735055332434035 Val loss: 0.1521781082109535 Time: 0.42762729100650176
Train loss: 1.0545011636746295 Val loss: 0.15707221422218423 Time: 0.4203581670008134
Train loss: 1.1219093766975599 Val loss: 0.16137347710734623 Time: 0.4188517920119921
Train loss: 0.9804888891876544 Val loss: 0.15340472902331925 Time: 0.4302865420031594
Train loss: 0.9729930763920152 Val loss: 0.1503444546392453 Time: 0.41811191700981
Train loss: 1.0616704413293974 Val loss: 0.1600474366016698 Time: 0.4198787920031464
Train loss: 1.0252924037359143 Val loss: 0.15534556013291181 Time: 0.42164295799739193
Shrinking learning rate to 1.0000000000000002e-06
Train loss: 0.9230688201870407 Val loss: 0.15037279616728344 Time: 0.4236977910040878
Train loss: 1.1210182786086476 Val loss: 0.16184826984426728 Time: 0.42307158300536685
Train loss: 0.9647335166330322 Val loss: 0.15061002883842775 Time: 0.42152062500827014
Train loss: 0.946059320082614 Val loss: 0.1489521471486515 Time: 0.42057070799637586
Train loss: 0.9946532384452738 Val loss: 0.15165014668936164 Time: 0.42189212499943096
Train loss: 1.0245617761360002 Val loss: 0.1534931675884149 Time: 0.43272525000793394
Train loss: 0.9839272410351612 Val loss: 0.1506867918330152 Time: 0.42255408299388364
Train loss: 0.991886593968192 Val loss: 0.1510461426914061 Time: 0.42474087500886526
Train loss: 0.9863153334696335 Val loss: 0.15066478218069865 Time: 0.4244940420030616
Train loss: 1.0558168893797593 Val loss: 0.15524821149040857 Time: 0.4273036249942379
Shrinking learning rate to 1.0000000000000002e-07
Learning rate getting small
Complete
 Total time: 57.20189645899518