starting log for model: models/rnn_comb_alpha_0.1_22-23.pth
Train loss: 13.189897983097723 Val loss: 1.5066917538404248 Time: 0.21720058299979428
Train loss: 9.891389035106897 Val loss: 1.1767211201001964 Time: 0.2159977080009412
Train loss: 7.744208030081445 Val loss: 0.9454384690888739 Time: 0.21638516700113541
Train loss: 6.410317210913718 Val loss: 0.8042352599987735 Time: 0.21579195799859008
Train loss: 5.944854605911274 Val loss: 0.7438080505851102 Time: 0.21548816699942108
Train loss: 5.6240430091665985 Val loss: 0.7096773448605964 Time: 0.22509541700128466
Train loss: 5.32406527705734 Val loss: 0.6808282258339236 Time: 0.21580345799884526
Train loss: 5.318662046504102 Val loss: 0.6763308852914538 Time: 0.21456283299994539
Train loss: 4.922701410258071 Val loss: 0.6438767902603983 Time: 0.2167045419992064
Train loss: 4.811650776777038 Val loss: 0.6341520075734902 Time: 0.21459904199946322
Train loss: 4.6877974422760165 Val loss: 0.6199450558673956 Time: 0.21467229100016993
Train loss: 4.3491316579310535 Val loss: 0.5876320142208745 Time: 0.21413479200055008
Train loss: 4.205820608805709 Val loss: 0.5766313253922357 Time: 0.21417504100099904
Train loss: 3.8952044963468495 Val loss: 0.5364281825541432 Time: 0.21460987500176998
Train loss: 3.821230652917613 Val loss: 0.5153121530979137 Time: 0.22619133400075953
Train loss: 3.688442882246477 Val loss: 0.4969797457149936 Time: 0.21617662499920698
Train loss: 3.5123543315940253 Val loss: 0.46652375625173315 Time: 0.21594349999941187
Train loss: 3.196583600233339 Val loss: 0.4358335973166733 Time: 0.2150787919999857
Train loss: 2.8793269375510278 Val loss: 0.4067954279551024 Time: 0.21513199999753851
Train loss: 2.7964396523270096 Val loss: 0.39570014255841784 Time: 0.21531391700045788
Train loss: 2.6114451145793396 Val loss: 0.36188780625634875 Time: 0.21505670899932738
Train loss: 2.512155866864873 Val loss: 0.3577242493044696 Time: 0.21562762499888777
Train loss: 2.5695352465343344 Val loss: 0.35007385486927967 Time: 0.21475208300034865
Train loss: 2.4020915592797536 Val loss: 0.3494785970790195 Time: 0.21523783399970853
Train loss: 2.4050261545423837 Val loss: 0.3421151693206736 Time: 0.22561887499978184
Train loss: 2.463087084634946 Val loss: 0.3277894347463769 Time: 0.2156749160021718
Train loss: 2.0806903447065324 Val loss: 0.297326457732191 Time: 0.21461850000196137
Train loss: 2.0775975355055323 Val loss: 0.28463535963400294 Time: 0.21432950000234996
Train loss: 1.975153939605229 Val loss: 0.3007095805652756 Time: 0.21458545799760032
Train loss: 1.9387504595127112 Val loss: 0.2542216877307719 Time: 0.21460941699842806
Train loss: 2.0812322242513908 Val loss: 0.29648778417235555 Time: 0.21490049999920302
Train loss: 1.9506848572082482 Val loss: 0.26978943811583894 Time: 0.21529962500062538
Train loss: 1.979280490041484 Val loss: 0.2807227636497517 Time: 0.21364025000002584
Train loss: 1.9036501725752029 Val loss: 0.29910832910149915 Time: 0.2252635000004375
Train loss: 1.7374560838046378 Val loss: 0.26353091150202784 Time: 0.21500599999853875
Train loss: 1.6610220403224787 Val loss: 0.2622585368664885 Time: 0.2153628749983909
Train loss: 1.6748410845092143 Val loss: 0.31075684254393715 Time: 0.21424083300007624
Train loss: 1.6646517245166486 Val loss: 0.3027113961243568 Time: 0.21453316699989955
Train loss: 1.46872866475573 Val loss: 0.32319123652620624 Time: 0.2153483750007581
Train loss: 1.542749463402778 Val loss: 0.3068603409293768 Time: 0.21537249999892083
Train loss: 1.5628225893661494 Val loss: 0.27817155714913777 Time: 0.2143511659996875
Train loss: 1.3724426398847527 Val loss: 0.3093595232857476 Time: 0.2137572080027894
Train loss: 1.3963251383854427 Val loss: 0.2921785632988082 Time: 0.21351537499867845
Train loss: 1.3781239319708334 Val loss: 0.34036023926874936 Time: 0.22547566700086463
Train loss: 1.4293273442822105 Val loss: 0.36511554592814677 Time: 0.21563349999996717
Train loss: 1.4590965624555565 Val loss: 0.31403778604241556 Time: 0.21355029200276476
Train loss: 1.2444570325608026 Val loss: 0.332756043471042 Time: 0.2138530419979361
Train loss: 1.4130568618612074 Val loss: 0.3372198281854168 Time: 0.215060792001168
Train loss: 1.1314835410700539 Val loss: 0.33251254061055985 Time: 0.21564983400094206
Train loss: 1.2264498186510089 Val loss: 0.36936589006771464 Time: 0.21501754200289724
Train loss: 1.3118683825112427 Val loss: 0.31935344664906923 Time: 0.2140155409979343
Train loss: 1.2633692198811808 Val loss: 0.3315631998925745 Time: 0.21438558400041074
Train loss: 1.0734666781316307 Val loss: 0.3373030172233296 Time: 0.22506916699785506
Train loss: 1.218881200490956 Val loss: 0.3233552215566169 Time: 0.21506849999786937
Train loss: 1.2065395334270796 Val loss: 0.3347607852813417 Time: 0.21511362499950337
Train loss: 1.087208013983087 Val loss: 0.3500370441586131 Time: 0.21312958300040918
Train loss: 1.0543774161226018 Val loss: 0.28743110489314977 Time: 0.2131176669972774
Train loss: 1.1005207211938868 Val loss: 0.36050679802628033 Time: 0.21472170800188906
Train loss: 1.1803620845736242 Val loss: 0.3608200695206725 Time: 0.21385429199654027
Train loss: 1.1065996987193234 Val loss: 0.30995588566139587 Time: 0.21312083300290396
Train loss: 1.202831295857301 Val loss: 0.3423221185183123 Time: 0.21404358300060267
Train loss: 1.0057080975998103 Val loss: 0.3287926739167248 Time: 0.2149056250018475
Train loss: 0.9903180249657524 Val loss: 0.32484971306840876 Time: 0.22606862500106217
Train loss: 1.1029058482229743 Val loss: 0.36756930917908126 Time: 0.2138863330001186
Train loss: 0.9016656067255546 Val loss: 0.3056159474961457 Time: 0.21644041699983063
Train loss: 1.010806488393719 Val loss: 0.35813996210231963 Time: 0.21665320800093468
Train loss: 0.9471711449434475 Val loss: 0.3117381032906625 Time: 0.21495120799954748
Train loss: 0.9214739548518409 Val loss: 0.35736321637928287 Time: 0.21685691599850543
Train loss: 0.9928065445906533 Val loss: 0.3554615078840887 Time: 0.21496775000196067
Train loss: 0.9684511938433502 Val loss: 0.32608645974404266 Time: 0.21612354200260597
Train loss: 0.9290870750653915 Val loss: 0.33600494507581924 Time: 0.21543491600095876
Train loss: 0.9366629054040914 Val loss: 0.32546625969843523 Time: 0.2264493330003461
Train loss: 0.8090784971643075 Val loss: 0.3172557118469803 Time: 0.21614854099971126
Train loss: 0.9378045321699062 Val loss: 0.34008247192128827 Time: 0.2145813340030145
Train loss: 0.9337305187689395 Val loss: 0.3464441993787706 Time: 0.21479804200134822
Train loss: 0.8914912781204158 Val loss: 0.3445978338287955 Time: 0.2145595410001988
Train loss: 0.8666230519099898 Val loss: 0.31970297261534825 Time: 0.21482154200202785
Train loss: 0.8821852927826583 Val loss: 0.37281533001096856 Time: 0.21482187500077998
Train loss: 0.9692010585944892 Val loss: 0.34579403197073866 Time: 0.21524904200123274
Train loss: 0.8133321571953127 Val loss: 0.32142176610915174 Time: 0.21459070800119662
Train loss: 0.7851581238187253 Val loss: 0.35508484645583 Time: 0.21527824999793665
Train loss: 0.9146356800130562 Val loss: 0.3483998815855243 Time: 0.22710604200256057
Train loss: 0.9839002797172647 Val loss: 0.3331087810236482 Time: 0.21481279200088466
Train loss: 0.9194920522399741 Val loss: 0.324372716667635 Time: 0.21485699999902863
Train loss: 0.6784713719206366 Val loss: 0.3542473535800131 Time: 0.21564933300032862
Train loss: 0.7449237836475504 Val loss: 0.30707981310520255 Time: 0.21482112500234507
Train loss: 0.802561804372214 Val loss: 0.29005525624832357 Time: 0.21457433300020057
Train loss: 0.6810666398482255 Val loss: 0.31836082746462063 Time: 0.21570787499877042
Train loss: 0.8711352970387694 Val loss: 0.308480140634961 Time: 0.2146977499978675
Train loss: 0.7764210298887737 Val loss: 0.3274520423720029 Time: 0.21519925000029616
Train loss: 0.7295260129264172 Val loss: 0.3061686463823129 Time: 0.22441354100010358
Train loss: 0.7432405113822256 Val loss: 0.3292170477778072 Time: 0.2154326250019949
Train loss: 0.7436682178684606 Val loss: 0.359010293827349 Time: 0.21455787499871803
Train loss: 0.8355184565317302 Val loss: 0.3075961703008136 Time: 0.21470108300127322
Shrinking learning rate to 1e-05
Train loss: 0.9656507921414921 Val loss: 0.3331366302630739 Time: 0.2171400410006754
Train loss: 0.7910749080854202 Val loss: 0.32694143771750017 Time: 0.21474533299988252
Train loss: 0.7629111723999955 Val loss: 0.32705209690658743 Time: 0.22982729200157337
Train loss: 0.8727773807704375 Val loss: 0.3285238353689935 Time: 0.21833116700145183
Train loss: 0.7779507139061508 Val loss: 0.32918850799652916 Time: 0.21440370799973607
Train loss: 0.8602049142934618 Val loss: 0.32671534897950905 Time: 0.21487683300074423
Train loss: 0.7763160769121527 Val loss: 0.3308413512038395 Time: 0.2264196250034729
Train loss: 0.7212213359110962 Val loss: 0.33354301950672044 Time: 0.21522612500120886
Train loss: 0.8625193013008783 Val loss: 0.3319495881588265 Time: 0.2149732079997193
Train loss: 0.8554876318339666 Val loss: 0.3321616741590781 Time: 0.2161770830025489
Shrinking learning rate to 1.0000000000000002e-06
Train loss: 1.112035910121449 Val loss: 0.36031295307756267 Time: 0.21622812500208966
Train loss: 1.0294740465812424 Val loss: 0.35367685721366304 Time: 0.23735287499948754
Train loss: 1.0483881831018778 Val loss: 0.3502954338625353 Time: 0.22080845899836277
Train loss: 1.0360104434780197 Val loss: 0.3466737883876668 Time: 0.21785933399951318
Train loss: 0.8183783444024755 Val loss: 0.33816485232338944 Time: 0.2167753329995321
Train loss: 0.932591630858326 Val loss: 0.3386130842338037 Time: 0.22644745800062083
Train loss: 0.8745455590622875 Val loss: 0.3350127176633101 Time: 0.21511741699941922
Train loss: 0.9354220032030014 Val loss: 0.33457367165210694 Time: 0.21538725000209524
Train loss: 0.8552783742537926 Val loss: 0.330569761699773 Time: 0.21690099999977974
Train loss: 0.8266790867023133 Val loss: 0.3292130480398388 Time: 0.21664958399924217
Shrinking learning rate to 1.0000000000000002e-07
Learning rate getting small
Complete
 Total time: 24.772761416999856