starting log for model: models/rnn_lin1_fcast_19_new_23-24.pth
Train loss: 17.495240566349636 Val loss: 1.9202635312735707 Time: 0.4086070000048494
Train loss: 14.829156243598607 Val loss: 1.631032410492578 Time: 0.3888507079973351
Train loss: 11.227035161963329 Val loss: 1.2458950433789067 Time: 0.3972763329948066
Train loss: 8.501901796843365 Val loss: 0.9657770764320854 Time: 0.41284095800074283
Train loss: 7.5668510976317975 Val loss: 0.8688084064191796 Time: 0.38393766699300613
Train loss: 7.318403955126229 Val loss: 0.8341993439981124 Time: 0.37736154200683814
Train loss: 7.164131369296797 Val loss: 0.8156253764550633 Time: 0.3709757080068812
Train loss: 6.786524844043402 Val loss: 0.7798000422467409 Time: 0.3699061250081286
Train loss: 6.70997001929392 Val loss: 0.7725610708086336 Time: 0.37116466599400155
Train loss: 6.740147708625798 Val loss: 0.7636011955001164 Time: 0.3737640420004027
Train loss: 6.392763674713797 Val loss: 0.7358036195184711 Time: 0.3695108749961946
Train loss: 6.18458138973533 Val loss: 0.7120093795060379 Time: 0.3683697079977719
Train loss: 6.136698630279344 Val loss: 0.7028219033687206 Time: 0.3688427919987589
Train loss: 6.025830451001678 Val loss: 0.6844720909659818 Time: 0.3703836670028977
Train loss: 5.641606790503118 Val loss: 0.6596742782536487 Time: 0.37027837500500027
Train loss: 5.580692908876724 Val loss: 0.6511776588947722 Time: 0.37412000000767875
Train loss: 5.6038461553477745 Val loss: 0.6506963677482341 Time: 0.3689029590022983
Train loss: 5.360170614320808 Val loss: 0.6136858300775008 Time: 0.4239532499923371
Train loss: 5.22052422185476 Val loss: 0.5949828813957946 Time: 0.3693074580078246
Train loss: 4.980027792680488 Val loss: 0.5737192944783934 Time: 0.36753466598747764
Train loss: 4.7390200850528 Val loss: 0.5542263042966981 Time: 0.3709986659960123
Train loss: 4.983949543449313 Val loss: 0.5683463604793115 Time: 0.3684364170039771
Train loss: 4.609429802288193 Val loss: 0.5353033673570877 Time: 0.36769441700016614
Train loss: 4.562957154174647 Val loss: 0.5362106617526258 Time: 0.36797308300447185
Train loss: 4.671931638299387 Val loss: 0.5307719983605527 Time: 0.3679257920011878
Train loss: 4.462898086733601 Val loss: 0.5160421565871757 Time: 0.3677413749974221
Train loss: 4.103980876753553 Val loss: 0.4746810676554987 Time: 0.3701467499922728
Train loss: 4.174832452853725 Val loss: 0.4848578588521376 Time: 0.36821279099967796
Train loss: 4.098805901722358 Val loss: 0.4781240388264387 Time: 0.3683823329920415
Train loss: 3.9282767684710302 Val loss: 0.4666177236557261 Time: 0.367557334000594
Train loss: 4.006927159956106 Val loss: 0.44659428047014227 Time: 0.3678355830052169
Train loss: 3.6885359326344656 Val loss: 0.41594602129120245 Time: 0.3711120420048246
Train loss: 3.818392350988521 Val loss: 0.43409980797480874 Time: 0.36748762500064913
Train loss: 3.5153420502319195 Val loss: 0.3957385952868647 Time: 0.366224790996057
Train loss: 3.6069828667895862 Val loss: 0.40917867761830146 Time: 0.3673337500076741
Train loss: 3.4585757108085247 Val loss: 0.3864536733102603 Time: 0.3665377500001341
Train loss: 3.363595884848948 Val loss: 0.37366875053273496 Time: 0.36792237499321345
Train loss: 3.373048608683135 Val loss: 0.3660248445279556 Time: 0.37143108299642336
Train loss: 3.2922885351532756 Val loss: 0.36499963078693454 Time: 0.36727695900481194
Train loss: 3.303578314152116 Val loss: 0.3537346408982825 Time: 0.3709633329999633
Train loss: 3.239264455356974 Val loss: 0.3696169831791673 Time: 0.36778887499531265
Train loss: 3.0268455350996604 Val loss: 0.3311199677001412 Time: 0.37489916699996684
Train loss: 2.9668468002899626 Val loss: 0.32735648239044046 Time: 0.3829275419993792
Train loss: 2.9989924290774184 Val loss: 0.3236847721213225 Time: 0.3683502909989329
Train loss: 3.068167468962656 Val loss: 0.3353981831403033 Time: 0.36776391699095257
Train loss: 2.7986718834158495 Val loss: 0.31138319411650534 Time: 0.3669570409983862
Train loss: 2.8329530630805984 Val loss: 0.3029001620140655 Time: 0.36759075000009034
Train loss: 2.699129284415619 Val loss: 0.2901352112069572 Time: 0.3675692499964498
Train loss: 2.6236828975529676 Val loss: 0.2872221022509048 Time: 0.3714754590037046
Train loss: 2.7571566518651736 Val loss: 0.3078476174599319 Time: 0.36756137500924524
Train loss: 2.7017477560889187 Val loss: 0.3186107588979693 Time: 0.3674533750017872
Train loss: 2.7473631737775577 Val loss: 0.2923830689422253 Time: 0.36717691698868293
Train loss: 2.5571511690960196 Val loss: 0.276329568017752 Time: 0.3745587500015972
Train loss: 2.499040247641574 Val loss: 0.27532514594244034 Time: 0.36925791700195987
Train loss: 2.614331635141884 Val loss: 0.2849479114199717 Time: 0.3691806249989895
Train loss: 2.3199509889909353 Val loss: 0.2820933884539874 Time: 0.3685107089986559
Train loss: 2.3652787125821355 Val loss: 0.31739804456679893 Time: 0.36652550000872
Train loss: 2.4714246083358304 Val loss: 0.2816870288985578 Time: 0.36722662500687875
Train loss: 2.3745798539891503 Val loss: 0.2591338570437555 Time: 0.3680774999957066
Train loss: 2.394206226384455 Val loss: 0.2703772854257029 Time: 0.3714759170106845
Train loss: 2.3873159234524906 Val loss: 0.30023619283835506 Time: 0.3682320840016473
Train loss: 2.239198019209409 Val loss: 0.28367176493803525 Time: 0.3680467079975642
Train loss: 2.1399198077141057 Val loss: 0.25739900153945355 Time: 0.3690424999949755
Train loss: 1.9970574921422894 Val loss: 0.25897876811302606 Time: 0.36998233300982974
Train loss: 2.154970450999315 Val loss: 0.24392524585153022 Time: 0.3677168750000419
Train loss: 2.153208820325233 Val loss: 0.24044179989135953 Time: 0.38060725000104867
Train loss: 2.14542894264369 Val loss: 0.2416179963003741 Time: 0.3694395420025103
Train loss: 2.019908401855674 Val loss: 0.3084014082339217 Time: 0.36882079200586304
Train loss: 2.175501090602623 Val loss: 0.29011792550031185 Time: 0.3716387080057757
Train loss: 1.9776687077659916 Val loss: 0.22569291173650746 Time: 0.37058279100165237
Train loss: 1.9712543404344878 Val loss: 0.22560119114163657 Time: 0.3753594160079956
Train loss: 1.942678239208488 Val loss: 0.2214978504882499 Time: 0.3699617920065066
Train loss: 1.8925959865462048 Val loss: 0.2710256552055555 Time: 0.37497725000139326
Train loss: 1.8847454436942144 Val loss: 0.23034669852051812 Time: 0.3710851670039119
Train loss: 1.7312486048613849 Val loss: 0.2519927031830941 Time: 0.3735170419968199
Train loss: 1.718873314111562 Val loss: 0.21777729472296806 Time: 0.37530454200168606
Train loss: 1.6870321729387943 Val loss: 0.21838913714777813 Time: 0.3808804159925785
Train loss: 1.7452310258190913 Val loss: 0.21115440648198724 Time: 0.37835912499576807
Train loss: 1.6732330922126226 Val loss: 0.3315231559052701 Time: 0.3746529170020949
Train loss: 1.6643630553325437 Val loss: 0.2523013529240192 Time: 0.3828622919972986
Train loss: 1.7233354974111954 Val loss: 0.20196586233082545 Time: 0.3790752079949016
Train loss: 1.502454848646579 Val loss: 0.21369341953156973 Time: 0.37893658300163224
Train loss: 1.5447811263130653 Val loss: 0.19805112366292027 Time: 0.3769690420012921
Train loss: 1.502466870941241 Val loss: 0.18896466210336177 Time: 0.37951362499734387
Train loss: 1.4782793352812291 Val loss: 0.18080817449410577 Time: 0.3770009169966215
Train loss: 1.441826012093621 Val loss: 0.24697601540734646 Time: 0.3805934999982128
Train loss: 1.441196430459165 Val loss: 0.23491594794046342 Time: 0.38232808400061913
Train loss: 1.2895134564414548 Val loss: 0.17199662951027117 Time: 0.37660950000281446
Train loss: 1.2747483520611134 Val loss: 0.18146976195343165 Time: 0.38116887499927543
Train loss: 1.1896317737910316 Val loss: 0.15541002392932338 Time: 0.37885416600329336
Train loss: 1.1357266359442966 Val loss: 0.15258925767671883 Time: 0.3823593750130385
Train loss: 1.2369675612036948 Val loss: 0.16511165494282665 Time: 0.38100004200532567
Train loss: 1.2007051910579882 Val loss: 0.19211254952752835 Time: 0.3841104170132894
Train loss: 1.0681821964008265 Val loss: 0.1528719954302442 Time: 0.3830949999974109
Train loss: 1.177185484184973 Val loss: 0.19615256786322607 Time: 0.38986562499485444
Train loss: 1.2864492914825725 Val loss: 0.171770603001854 Time: 0.3985529580095317
Train loss: 1.0229968230270323 Val loss: 0.183223521198227 Time: 0.38435062499775086
Train loss: 0.9651641174511738 Val loss: 0.18856713749975085 Time: 0.43907908399705775
Train loss: 1.0144518565539613 Val loss: 0.20570583669331935 Time: 0.38203020799846854
Train loss: 1.3595343239800066 Val loss: 0.17511679166993788 Time: 0.3837150829931488
Train loss: 1.0918776355049715 Val loss: 0.16919229951325682 Time: 0.3844045830046525
Train loss: 0.9933024491307529 Val loss: 0.14094862467067043 Time: 0.3850510000047507
Train loss: 0.9178924626599443 Val loss: 0.20643361918730596 Time: 0.3879854999977397
Train loss: 1.2086231308063589 Val loss: 0.15910033780900576 Time: 0.3875409580068663
Train loss: 0.9630938113783287 Val loss: 0.13916505286456593 Time: 0.38346287499007303
Train loss: 1.160016262347142 Val loss: 0.22472410059616302 Time: 0.3843644169974141
Train loss: 1.019262530184646 Val loss: 0.14356420412130708 Time: 0.38722424999286886
Train loss: 1.2030956523349232 Val loss: 0.17859194471252676 Time: 0.3854549579991726
Train loss: 1.0361928883028408 Val loss: 0.1557082354020303 Time: 0.39053062499442603
Train loss: 1.0003788330676988 Val loss: 0.28998357150856663 Time: 0.38901041699864436
Train loss: 1.0854716116347731 Val loss: 0.1547861508108923 Time: 0.38645770800940227
Train loss: 0.9710094448647466 Val loss: 0.23543129365461632 Time: 0.39270716698956676
Shrinking learning rate to 1e-05
Train loss: 1.880907776241898 Val loss: 0.21416798446095808 Time: 0.3908629159996053
Train loss: 1.0622213308030837 Val loss: 0.14590018241801606 Time: 0.3943452920066193
Train loss: 0.9321757358139422 Val loss: 0.1372272952407512 Time: 0.3886731250095181
Train loss: 0.9716381997011787 Val loss: 0.13944195518654415 Time: 0.39154599999892525
Train loss: 1.0247896229740354 Val loss: 0.143371455644912 Time: 0.39009375000023283
Train loss: 0.9220202939374298 Val loss: 0.13766534315627185 Time: 0.39540337499056477
Train loss: 0.7875489716629431 Val loss: 0.12855034571302532 Time: 0.3914142499997979
Train loss: 0.850784042247895 Val loss: 0.13329403328804557 Time: 0.3905194999970263
Train loss: 0.8694635203425154 Val loss: 0.13341801836617456 Time: 0.3904802079923684
Train loss: 0.8881226373291042 Val loss: 0.13511567449019435 Time: 0.3913510839920491
Train loss: 0.8270751259350355 Val loss: 0.13240175418553002 Time: 0.39146512499428354
Train loss: 0.7517907458088047 Val loss: 0.12625992696841729 Time: 0.395790084003238
Train loss: 0.8776622654599215 Val loss: 0.13494507748782206 Time: 0.3913772080122726
Train loss: 0.8228662053079461 Val loss: 0.13088386189783835 Time: 0.3926476670021657
Train loss: 0.7987787161996796 Val loss: 0.13031746791416166 Time: 0.39206729098805226
Train loss: 0.9124082133729914 Val loss: 0.1382474200624337 Time: 0.39109304099110886
Train loss: 0.7519453121560864 Val loss: 0.1264201610592725 Time: 0.3913964999956079
Train loss: 0.787727633323648 Val loss: 0.1302081764511384 Time: 0.3968881250038976
Train loss: 0.7614100327452533 Val loss: 0.1291918464338673 Time: 0.3958360420074314
Train loss: 0.7482436526397862 Val loss: 0.1300821329758457 Time: 0.3940719579986762
Train loss: 0.6983370676025835 Val loss: 0.12697510722838012 Time: 0.3948251249967143
Train loss: 0.7959927739821202 Val loss: 0.13233993369482983 Time: 0.39244199999666307
Train loss: 0.7986632661040097 Val loss: 0.1317590551476624 Time: 0.3993617089872714
Train loss: 0.7958189843886823 Val loss: 0.12970245126663948 Time: 0.39767883300373796
Train loss: 0.8026629128734157 Val loss: 0.13058901706711568 Time: 0.39661666699976195
Train loss: 0.7826974570030494 Val loss: 0.13101938867396257 Time: 0.3963196670083562
Train loss: 0.7332480002686133 Val loss: 0.129604568800866 Time: 0.39396329199371394
Train loss: 0.8676945222737515 Val loss: 0.1347440827330668 Time: 0.40000624999811407
Train loss: 0.7939485952637604 Val loss: 0.12997003172052493 Time: 0.39271370800270233
Train loss: 0.790831079484235 Val loss: 0.1287089970096193 Time: 0.3957799579948187
Shrinking learning rate to 1.0000000000000002e-06
Train loss: 0.7399388232741666 Val loss: 0.1278930738979474 Time: 0.39828145899809897
Train loss: 0.7941518807515919 Val loss: 0.1303197302129176 Time: 0.40536987500672694
Train loss: 0.7555789009259648 Val loss: 0.12757508159887204 Time: 0.40046154099400155
Train loss: 0.7180646320247774 Val loss: 0.12527266480640487 Time: 0.39716204200522043
Train loss: 0.7393335231104681 Val loss: 0.1264475440592126 Time: 0.3917456660128664
Train loss: 0.7955658078759456 Val loss: 0.12959379462591555 Time: 0.4116003749950323
Train loss: 0.8040954802679665 Val loss: 0.12995666076321669 Time: 0.3992737499938812
Train loss: 0.6987978078330173 Val loss: 0.12331304765679284 Time: 0.3977939579926897
Train loss: 0.7356382941965478 Val loss: 0.1253991826672609 Time: 0.3952670829894487
Train loss: 0.7867603794425548 Val loss: 0.1282399371532465 Time: 0.39517183300631586
Shrinking learning rate to 1.0000000000000002e-07
Learning rate getting small
Complete
 Total time: 58.132025750004686