starting log for model: models/rnn_comb_alpha_0.0_22-23.pth
Train loss: 13.189897983097723 Val loss: 0.7282760143280029 Time: 0.21587491700120154
Train loss: 9.891389035106897 Val loss: 0.6373984813690186 Time: 0.21671266599878436
Train loss: 7.744208030081445 Val loss: 0.5423341393470764 Time: 0.2146829590019479
Train loss: 6.410317210913718 Val loss: 0.48566725850105286 Time: 0.2150616250000894
Train loss: 5.944854605911274 Val loss: 0.44703182578086853 Time: 0.21608924999964074
Train loss: 5.6240430091665985 Val loss: 0.4328317642211914 Time: 0.21493883299990557
Train loss: 5.32406527705734 Val loss: 0.4243469834327698 Time: 0.22715387499920325
Train loss: 5.318662046504102 Val loss: 0.4177820086479187 Time: 0.21487874999729684
Train loss: 4.922701410258071 Val loss: 0.41502702236175537 Time: 0.21534291699936148
Train loss: 4.811650776777038 Val loss: 0.4130725562572479 Time: 0.2174808749987278
Train loss: 4.6877974422760165 Val loss: 0.40568143129348755 Time: 0.21567041700109257
Train loss: 4.3491316579310535 Val loss: 0.3951732814311981 Time: 0.21491695800068555
Train loss: 4.205820608805709 Val loss: 0.3944799304008484 Time: 0.21508449999964796
Train loss: 3.8952044963468495 Val loss: 0.3688211143016815 Time: 0.21495724999840604
Train loss: 3.821230652917613 Val loss: 0.3457290530204773 Time: 0.21564279200174497
Train loss: 3.688442882246477 Val loss: 0.3330807089805603 Time: 0.225794500001939
Train loss: 3.5123543315940253 Val loss: 0.30704736709594727 Time: 0.2173562080024567
Train loss: 3.196583600233339 Val loss: 0.2962591052055359 Time: 0.217786959001387
Train loss: 2.8793269375510278 Val loss: 0.28736263513565063 Time: 0.21574908399998094
Train loss: 2.7964396523270096 Val loss: 0.2799604535102844 Time: 0.21416908299943316
Train loss: 2.6114451145793396 Val loss: 0.2505320906639099 Time: 0.21495058300206438
Train loss: 2.512155866864873 Val loss: 0.2546710968017578 Time: 0.2163475829984236
Train loss: 2.5695352465343344 Val loss: 0.23775321245193481 Time: 0.2135889999990468
Train loss: 2.4020915592797536 Val loss: 0.25384020805358887 Time: 0.21515816699684365
Train loss: 2.4050261545423837 Val loss: 0.24331313371658325 Time: 0.21524924999903305
Train loss: 2.463087084634946 Val loss: 0.21628206968307495 Time: 0.2272175839971169
Train loss: 2.0806903447065324 Val loss: 0.21239185333251953 Time: 0.21505604199774098
Train loss: 2.0775975355055323 Val loss: 0.19455891847610474 Time: 0.21405874999982188
Train loss: 1.975153939605229 Val loss: 0.22674638032913208 Time: 0.21548820800308022
Train loss: 1.9387504595127112 Val loss: 0.16444188356399536 Time: 0.2153012079979817
Train loss: 2.0812322242513908 Val loss: 0.21116280555725098 Time: 0.21493208300307742
Train loss: 1.9506848572082482 Val loss: 0.1863722801208496 Time: 0.21542041700013215
Train loss: 1.979280490041484 Val loss: 0.1990722417831421 Time: 0.21493791600005352
Train loss: 1.9036501725752029 Val loss: 0.23070967197418213 Time: 0.21530716699999175
Train loss: 1.7374560838046378 Val loss: 0.19814389944076538 Time: 0.22546408400012297
Train loss: 1.6610220403224787 Val loss: 0.20295220613479614 Time: 0.22157325000080164
Train loss: 1.6748410845092143 Val loss: 0.2617611289024353 Time: 0.21578695900097955
Train loss: 1.6646517245166486 Val loss: 0.25283104181289673 Time: 0.21514145800028928
Train loss: 1.46872866475573 Val loss: 0.2878904938697815 Time: 0.21563291600250523
Train loss: 1.542749463402778 Val loss: 0.265259325504303 Time: 0.21538525000141817
Train loss: 1.5628225893661494 Val loss: 0.23012012243270874 Time: 0.21576462499797344
Train loss: 1.3724426398847527 Val loss: 0.2772495746612549 Time: 0.21559183399949688
Train loss: 1.3963251383854427 Val loss: 0.2566536068916321 Time: 0.21604587500041816
Train loss: 1.3781239319708334 Val loss: 0.31121188402175903 Time: 0.2151869590015849
Train loss: 1.4293273442822105 Val loss: 0.3359755873680115 Time: 0.2262538750001113
Train loss: 1.4590965624555565 Val loss: 0.2780829071998596 Time: 0.2144655000010971
Train loss: 1.2444570325608026 Val loss: 0.3086095452308655 Time: 0.21502295799655258
Train loss: 1.4130568618612074 Val loss: 0.30618607997894287 Time: 0.21557716699680896
Train loss: 1.1314835410700539 Val loss: 0.31266921758651733 Time: 0.21465724999870872
Train loss: 1.2264498186510089 Val loss: 0.3484097719192505 Time: 0.21495479099758086
Train loss: 1.3118683825112427 Val loss: 0.2911642789840698 Time: 0.21418804199856822
Train loss: 1.2633692198811808 Val loss: 0.30655038356781006 Time: 0.21462358399730874
Train loss: 1.0734666781316307 Val loss: 0.319765567779541 Time: 0.21531483400030993
Train loss: 1.218881200490956 Val loss: 0.29950273036956787 Time: 0.2263074170004984
Train loss: 1.2065395334270796 Val loss: 0.31226176023483276 Time: 0.21533604200158152
Train loss: 1.087208013983087 Val loss: 0.3327246904373169 Time: 0.214493458999641
Train loss: 1.0543774161226018 Val loss: 0.26739394664764404 Time: 0.2141455409982882
Train loss: 1.1005207211938868 Val loss: 0.3432982563972473 Time: 0.21567275000052177
Train loss: 1.1803620845736242 Val loss: 0.3409671187400818 Time: 0.21420408400081214
Train loss: 1.1065996987193234 Val loss: 0.2895289659500122 Time: 0.21349658300096053
Train loss: 1.202831295857301 Val loss: 0.32049399614334106 Time: 0.21427658299944596
Train loss: 1.0057080975998103 Val loss: 0.3130337595939636 Time: 0.21344979100103956
Train loss: 0.9903180249657524 Val loss: 0.30938655138015747 Time: 0.2149915419977333
Train loss: 1.1029058482229743 Val loss: 0.35063254833221436 Time: 0.22682083399922703
Train loss: 0.9016656067255546 Val loss: 0.29201215505599976 Time: 0.21420191699871793
Train loss: 1.010806488393719 Val loss: 0.34357959032058716 Time: 0.21636383300210582
Train loss: 0.9471711449434475 Val loss: 0.297000527381897 Time: 0.2144808750017546
Train loss: 0.9214739548518409 Val loss: 0.34527862071990967 Time: 0.21447762500247336
Train loss: 0.9928065445906533 Val loss: 0.34131544828414917 Time: 0.21324150000145892
Train loss: 0.9684511938433502 Val loss: 0.31137341260910034 Time: 0.2137871669983724
Train loss: 0.9290870750653915 Val loss: 0.32290446758270264 Time: 0.21414849999928265
Train loss: 0.9366629054040914 Val loss: 0.3116968274116516 Time: 0.213380542001687
Train loss: 0.8090784971643075 Val loss: 0.3067655563354492 Time: 0.224827792000724
Train loss: 0.9378045321699062 Val loss: 0.3268964886665344 Time: 0.21432270900186268
Train loss: 0.9337305187689395 Val loss: 0.33362412452697754 Time: 0.21517258300082176
Train loss: 0.8914912781204158 Val loss: 0.33286648988723755 Time: 0.21447012499993434
Train loss: 0.8666230519099898 Val loss: 0.30773305892944336 Time: 0.21398300000146264
Train loss: 0.8821852927826583 Val loss: 0.36222749948501587 Time: 0.21434229100123048
Train loss: 0.9692010585944892 Val loss: 0.33193373680114746 Time: 0.2137174999988929
Train loss: 0.8133321571953127 Val loss: 0.31096118688583374 Time: 0.21381920899875695
Train loss: 0.7851581238187253 Val loss: 0.34629541635513306 Time: 0.21395729199866764
Train loss: 0.9146356800130562 Val loss: 0.33617985248565674 Time: 0.21335000000181026
Train loss: 0.9839002797172647 Val loss: 0.3182465434074402 Time: 0.22354404099678504
Train loss: 0.9194920522399741 Val loss: 0.31106752157211304 Time: 0.2159334999996645
Train loss: 0.6784713719206366 Val loss: 0.3476894497871399 Time: 0.21326637499805656
Train loss: 0.7449237836475504 Val loss: 0.2979075312614441 Time: 0.2132840420017601
Train loss: 0.802561804372214 Val loss: 0.2787310481071472 Time: 0.21401083300224855
Train loss: 0.6810666398482255 Val loss: 0.31099051237106323 Time: 0.21346887500112643
Train loss: 0.8711352970387694 Val loss: 0.2959243655204773 Time: 0.2138249169984192
Train loss: 0.7764210298887737 Val loss: 0.3181140422821045 Time: 0.21363329199812142
Train loss: 0.7295260129264172 Val loss: 0.2973502278327942 Time: 0.21302600000126404
Train loss: 0.7432405113822256 Val loss: 0.32071763277053833 Time: 0.22506020899891155
Train loss: 0.7436682178684606 Val loss: 0.35122352838516235 Time: 0.21388429199942038
Train loss: 0.8355184565317302 Val loss: 0.29603123664855957 Time: 0.21309608299998217
Shrinking learning rate to 1e-05
Train loss: 0.9656507921414921 Val loss: 0.318834125995636 Time: 0.2159412919972965
Train loss: 0.7910749080854202 Val loss: 0.3172265887260437 Time: 0.2142727919999743
Train loss: 0.7629111723999955 Val loss: 0.3180294632911682 Time: 0.21499395900173113
Train loss: 0.8727773807704375 Val loss: 0.31671833992004395 Time: 0.2143123329988157
Train loss: 0.7779507139061508 Val loss: 0.31986403465270996 Time: 0.21404954100216855
Train loss: 0.8602049142934618 Val loss: 0.31518787145614624 Time: 0.2141641249982058
Train loss: 0.7763160769121527 Val loss: 0.32160431146621704 Time: 0.21530258399798186
Train loss: 0.7212213359110962 Val loss: 0.32565218210220337 Time: 0.22465008300059708
Train loss: 0.8625193013008783 Val loss: 0.3205481767654419 Time: 0.2153087919978134
Train loss: 0.8554876318339666 Val loss: 0.3209560513496399 Time: 0.21533958299914957
Shrinking learning rate to 1.0000000000000002e-06
Train loss: 1.112035910121449 Val loss: 0.34272319078445435 Time: 0.2158127910006442
Train loss: 1.0294740465812424 Val loss: 0.338362455368042 Time: 0.21428512499915087
Train loss: 1.0483881831018778 Val loss: 0.33423900604248047 Time: 0.21442141700026696
Train loss: 1.0360104434780197 Val loss: 0.3308315873146057 Time: 0.21443708299921127
Train loss: 0.8183783444024755 Val loss: 0.3281128406524658 Time: 0.21443299999737064
Train loss: 0.932591630858326 Val loss: 0.32551735639572144 Time: 0.21511774999817135
Train loss: 0.8745455590622875 Val loss: 0.32339638471603394 Time: 0.2247255000002042
Train loss: 0.9354220032030014 Val loss: 0.32123106718063354 Time: 0.21371637500124052
Train loss: 0.8552783742537926 Val loss: 0.3193138837814331 Time: 0.2149505000015779
Train loss: 0.8266790867023133 Val loss: 0.3186647891998291 Time: 0.214599459002784
Shrinking learning rate to 1.0000000000000002e-07
Learning rate getting small
Complete
 Total time: 24.698685167000804