starting log for model: models/rnn_comb_new_23-24.pth
Train loss: 15.107285799831573 Val loss: 1.6549429219130922 Time: 0.3615970829996513
Train loss: 10.363307048659092 Val loss: 1.1677738491049992 Time: 0.3661322499974631
Train loss: 7.831969167309129 Val loss: 0.9105017088185027 Time: 0.34039695800311165
Train loss: 7.263852687001389 Val loss: 0.8430428354794944 Time: 0.28472579200024484
Train loss: 6.763580358142311 Val loss: 0.7896550281384844 Time: 0.29694245800055796
Train loss: 6.438454007936054 Val loss: 0.7547944701031322 Time: 0.29022625000652624
Train loss: 6.174146635938783 Val loss: 0.7251944905635928 Time: 0.2825139170017792
Train loss: 5.869894471537833 Val loss: 0.6799517119201071 Time: 0.28364095900178654
Train loss: 5.323723662153334 Val loss: 0.6341563060306433 Time: 0.2813522500000545
Train loss: 5.012095953567801 Val loss: 0.5890226234789466 Time: 0.31883612499950686
Train loss: 5.0147886968992745 Val loss: 0.5957409472375244 Time: 0.2900571249992936
Train loss: 4.669426062603435 Val loss: 0.5411421183600986 Time: 0.2766691249998985
Train loss: 4.5329671739662984 Val loss: 0.5273193297968923 Time: 0.2754789160026121
Train loss: 4.327741187021901 Val loss: 0.5122516686171025 Time: 0.2961684999972931
Train loss: 3.9368269955039494 Val loss: 0.4638578672063122 Time: 0.29137166700093076
Train loss: 3.7750225157932853 Val loss: 0.4448738356982154 Time: 0.2952201670050272
Train loss: 3.457765453893659 Val loss: 0.41856917607071387 Time: 0.34341024999594083
Train loss: 3.4519088029509084 Val loss: 0.4080983639927207 Time: 0.3093964159997995
Train loss: 3.244156964008873 Val loss: 0.39083141589758413 Time: 0.3344785410008626
Train loss: 3.092130658765768 Val loss: 0.35610770135039643 Time: 0.3341775420049089
Train loss: 2.839336475334296 Val loss: 0.3434601089710469 Time: 0.2959573339976487
Train loss: 2.768726762812946 Val loss: 0.34865098675337486 Time: 0.2943314160002046
Train loss: 2.6309035647607004 Val loss: 0.320448778908294 Time: 0.29430729200248607
Train loss: 2.4399726770960726 Val loss: 0.32379766731254683 Time: 0.33040641700063134
Train loss: 2.5006464739964436 Val loss: 0.32975665910174445 Time: 0.2896963750026771
Train loss: 2.4863662788994816 Val loss: 0.32315319638503287 Time: 0.2766227500032983
Train loss: 2.3547286332581105 Val loss: 0.30042482232830064 Time: 0.30549462500493973
Train loss: 2.1734543701227835 Val loss: 0.29510461642903435 Time: 0.28455020900582895
Train loss: 2.1243180510382444 Val loss: 0.2580466426908775 Time: 0.29370487500273157
Train loss: 1.9307797182862694 Val loss: 0.26512593053317035 Time: 0.34754037499806145
Train loss: 2.002998920988759 Val loss: 0.2423647340738587 Time: 0.30839470800128765
Train loss: 2.000803080533842 Val loss: 0.24087151267948478 Time: 0.2956015000017942
Train loss: 1.822213075625241 Val loss: 0.2380107747472612 Time: 0.2995474170020316
Train loss: 1.979983597444349 Val loss: 0.23797812926181255 Time: 0.2932611669966718
Train loss: 1.852895880993266 Val loss: 0.2475050897200471 Time: 0.301314917000127
Train loss: 1.6951202633348998 Val loss: 0.17938259930968875 Time: 0.29955158299708273
Train loss: 1.8306540131755873 Val loss: 0.24941098652021318 Time: 0.36031929200544255
Train loss: 1.6400411425027102 Val loss: 0.1692132075658936 Time: 0.27568737500405405
Train loss: 1.5469152294412822 Val loss: 0.16662219003688644 Time: 0.31272733399964636
Train loss: 1.4839171594106944 Val loss: 0.17366353845560756 Time: 0.3217135419981787
Train loss: 1.4250015217589649 Val loss: 0.16370334622357524 Time: 0.30280670800129883
Train loss: 1.6697710220358744 Val loss: 0.17432526924197525 Time: 0.2812165420036763
Train loss: 1.356348360692543 Val loss: 0.13953283120493917 Time: 0.2890601249964675
Train loss: 1.4270519510889808 Val loss: 0.14775584202231595 Time: 0.32589537499734433
Train loss: 1.29255772549873 Val loss: 0.13224750737600519 Time: 0.28849012499995297
Train loss: 1.3153435017933184 Val loss: 0.13223133083158886 Time: 0.290941750005004
Train loss: 1.2478459139539133 Val loss: 0.14221658009811072 Time: 0.3279285829994478
Train loss: 1.3443078885448045 Val loss: 0.15873790835709695 Time: 0.27805270799581194
Train loss: 1.2411689629807605 Val loss: 0.14535707921582516 Time: 0.28010037499916507
Train loss: 1.252108634938594 Val loss: 0.1306845858071736 Time: 0.2849590830010129
Train loss: 1.2961544206024964 Val loss: 0.17278653849822173 Time: 0.340905916003976
Train loss: 1.247266748609384 Val loss: 0.14654370661767632 Time: 0.2893332090025069
Train loss: 1.1352858848908625 Val loss: 0.1550655825594233 Time: 0.30616595900210086
Train loss: 1.277208431806855 Val loss: 0.17048810239184484 Time: 0.3237902499968186
Train loss: 1.1622187832488544 Val loss: 0.1533747514179841 Time: 0.3818112079970888
Train loss: 1.1127996842034222 Val loss: 0.11328514247938741 Time: 0.44972204200166743
Train loss: 1.1810873711070258 Val loss: 0.15516342607930148 Time: 0.36444449999544304
Train loss: 0.9976152836317951 Val loss: 0.15476053219318664 Time: 0.3680865419955808
Train loss: 1.1107961377983886 Val loss: 0.16281276835880656 Time: 0.3165581670036772
Train loss: 1.045594702200276 Val loss: 0.15873331487035108 Time: 0.28965608299768064
Train loss: 1.0332183747323862 Val loss: 0.14701443598532235 Time: 0.28152337500068825
Train loss: 0.9614050459569512 Val loss: 0.1404421648311858 Time: 0.3092312920052791
Train loss: 0.9916827498770531 Val loss: 0.10061714401219336 Time: 0.3229428749982617
Train loss: 0.9614484771387737 Val loss: 0.13989391917383712 Time: 0.3187908330000937
Train loss: 0.9076673919617464 Val loss: 0.1809739642137639 Time: 0.3041167920018779
Train loss: 0.9583939612489019 Val loss: 0.14041199659771234 Time: 0.2878584580030292
Train loss: 1.043985903326714 Val loss: 0.145203108665389 Time: 0.28700520799611695
Train loss: 0.9208403400855332 Val loss: 0.16502841596122217 Time: 0.2972271250037011
Train loss: 0.9222748812258601 Val loss: 0.14223670537678004 Time: 0.3098664999997709
Train loss: 0.9624695645356596 Val loss: 0.1406424349288312 Time: 0.3550219169992488
Train loss: 0.9059340732578871 Val loss: 0.15472235418704983 Time: 0.29984904199955054
Train loss: 0.753589976143815 Val loss: 0.125385657955387 Time: 0.30759333400055766
Train loss: 0.8306446189627188 Val loss: 0.13292555285825539 Time: 0.3042397079989314
Train loss: 0.875772620747874 Val loss: 0.14954579092261894 Time: 0.29997766699671047
Train loss: 0.9447852969843733 Val loss: 0.14609303192607534 Time: 0.30698000000120373
Train loss: 0.8384168624670902 Val loss: 0.13093767390186606 Time: 0.29310612499830313
Train loss: 0.8594799252777994 Val loss: 0.1744406505599982 Time: 0.36751574999652803
Train loss: 0.7938919677699001 Val loss: 0.1277977086800712 Time: 0.36770979200082365
Train loss: 0.7692042661256551 Val loss: 0.1279269930833027 Time: 0.3219888340026955
Train loss: 0.7574380589819043 Val loss: 0.125529205658781 Time: 0.3248499589972198
Train loss: 0.8780133710249974 Val loss: 0.1639460175185422 Time: 0.3147579170035897
Shrinking learning rate to 1e-05
Train loss: 0.9330321793416019 Val loss: 0.13718376009524286 Time: 0.31158845799654955
Train loss: 0.8648954438469092 Val loss: 0.13371056071100162 Time: 0.342885624995688
Train loss: 0.8372560314340447 Val loss: 0.13212961327978895 Time: 0.3087160840004799
Train loss: 0.7696846546262093 Val loss: 0.13072446635129706 Time: 0.3103710420036805
Train loss: 0.8657282170891385 Val loss: 0.13490233091322248 Time: 0.3032224580019829
Train loss: 0.7498212688445065 Val loss: 0.1293737560417974 Time: 0.30167687500215834
Train loss: 0.801947952544225 Val loss: 0.1315729717299704 Time: 0.2932872499950463
Train loss: 0.8647584300871767 Val loss: 0.13617468486615678 Time: 0.29847741599951405
Train loss: 0.7487782057402512 Val loss: 0.12965952112842904 Time: 0.3323229590023402
Train loss: 0.7164283990015017 Val loss: 0.12765031915088898 Time: 0.3067605000032927
Train loss: 0.7669232235616885 Val loss: 0.1314767520027134 Time: 0.3059265000047162
Train loss: 0.7941414647057172 Val loss: 0.1323195462458234 Time: 0.31490479199419497
Train loss: 0.6981121668161112 Val loss: 0.12680209022504974 Time: 0.3783479170015198
Train loss: 0.7781614231985827 Val loss: 0.13370844839452406 Time: 0.3563987080051447
Train loss: 0.7682449223660086 Val loss: 0.13453806955901476 Time: 0.3990893750014948
Train loss: 0.7874695205474005 Val loss: 0.13447282178498557 Time: 0.3006355000034091
Train loss: 0.7220365720411195 Val loss: 0.12926559800583134 Time: 0.32561366700247163
Train loss: 0.6734497255735046 Val loss: 0.12703972767735058 Time: 0.3813990000053309
Train loss: 0.7334652803709298 Val loss: 0.13206306605173812 Time: 0.3166872500005411
Train loss: 0.7109283103665689 Val loss: 0.12704950931492456 Time: 0.3111136669976986
Train loss: 0.6964946708304893 Val loss: 0.12677255857168204 Time: 0.3555850830016425
Train loss: 0.724029559275067 Val loss: 0.12968046069920847 Time: 0.3251736250022077
Train loss: 0.6776923312835681 Val loss: 0.12627812663715518 Time: 0.3249740000028396
Train loss: 0.7727324931950221 Val loss: 0.1325291086237256 Time: 0.30415529199672164
Train loss: 0.7344246754992767 Val loss: 0.13012721496090385 Time: 0.31380162500136066
Train loss: 0.7033494476337907 Val loss: 0.12999565172102337 Time: 0.33031887499964796
Train loss: 0.7344056663636422 Val loss: 0.1279988924407224 Time: 0.4181077909961459
Shrinking learning rate to 1.0000000000000002e-06
Train loss: 0.6922452631066278 Val loss: 0.12727588043770216 Time: 0.5125973329995759
Train loss: 0.6684271945601745 Val loss: 0.12587269706996862 Time: 0.3392464589996962
Train loss: 0.738040346828825 Val loss: 0.12937320033004976 Time: 0.3091262089947122
Train loss: 0.7590616193461699 Val loss: 0.13045669611723854 Time: 0.3161697079995065
Train loss: 0.7243446316828006 Val loss: 0.12830936811631732 Time: 0.3191772080026567
Train loss: 0.6754546381174862 Val loss: 0.1254906803070152 Time: 0.35989541599701624
Train loss: 0.7121519252244255 Val loss: 0.12765600180330097 Time: 0.3146171660046093
Train loss: 0.6158697392813295 Val loss: 0.12258050889285972 Time: 0.31868779200158315
Train loss: 0.7448150205668185 Val loss: 0.12926318475211485 Time: 0.3191012919996865
Train loss: 0.7597933524239773 Val loss: 0.12953269077614568 Time: 0.34376604100543773
Train loss: 0.6925595668385682 Val loss: 0.12566520713492427 Time: 0.33013845800451236
Train loss: 0.6263492397387438 Val loss: 0.12225020754576045 Time: 0.3522517500023241
Train loss: 0.7354318147491519 Val loss: 0.12800551414626807 Time: 0.31617420799739193
Train loss: 0.8358610885474036 Val loss: 0.13407786821143197 Time: 0.31985595900187036
Train loss: 0.6452917257904289 Val loss: 0.1232307834243287 Time: 0.31087316699995426
Train loss: 0.6759912870317137 Val loss: 0.12510249891492228 Time: 0.31593529200472403
Train loss: 0.7035276523319851 Val loss: 0.12678356387050868 Time: 0.31416495799931
Shrinking learning rate to 1.0000000000000002e-07
Learning rate getting small
Complete
 Total time: 39.96095383299689