starting log for model: models/rnn_comb_fcast_20_new_22-23.pth
Train loss: 13.286642235883349 Val loss: 1.511378934761798 Time: 0.2773929590039188
Train loss: 9.329220368726647 Val loss: 1.1000442320209396 Time: 0.24524770901189186
Train loss: 7.014418168928046 Val loss: 0.8578617792606062 Time: 0.2523913749901112
Train loss: 6.204855583065019 Val loss: 0.7989832138456228 Time: 0.2682912500022212
Train loss: 5.957107881324902 Val loss: 0.7670209822252896 Time: 0.24510641700180713
Train loss: 5.663719714126273 Val loss: 0.7439493071615916 Time: 0.25818595799501054
Train loss: 5.476976512243548 Val loss: 0.7261794958531751 Time: 0.25617333299305756
Train loss: 5.3375579856770425 Val loss: 0.7082119231489573 Time: 0.24272470899450127
Train loss: 4.789229165142217 Val loss: 0.6729161529144532 Time: 0.24548741699254606
Train loss: 4.937541980129389 Val loss: 0.6756523865913766 Time: 0.25362520800263155
Train loss: 5.003132835136853 Val loss: 0.6167890251523285 Time: 0.2733753750071628
Train loss: 4.908467646270182 Val loss: 0.6003661935788243 Time: 0.26419158300268464
Train loss: 4.459275536335301 Val loss: 0.5680355762637658 Time: 0.2507617079972988
Train loss: 4.246718761912781 Val loss: 0.5366531503770592 Time: 0.25908800000615884
Train loss: 4.269352587473264 Val loss: 0.5211885579461847 Time: 0.3672890419984469
Train loss: 4.307566661279743 Val loss: 0.5322067606849288 Time: 0.2500016670092009
Train loss: 3.6021451697669953 Val loss: 0.4661908318476897 Time: 0.257939000002807
Train loss: 3.7833851431930015 Val loss: 0.48518009338852164 Time: 0.2461372090037912
Train loss: 3.4895008421174127 Val loss: 0.45851530984879574 Time: 0.2653760420071194
Train loss: 3.5841514388375835 Val loss: 0.4455016258565206 Time: 0.26176470900827553
Train loss: 3.271524421314595 Val loss: 0.4345665559754369 Time: 0.24757087499892805
Train loss: 3.2104468850252488 Val loss: 0.4248711756049918 Time: 0.262733625000692
Train loss: 3.372891647359893 Val loss: 0.4147796659942636 Time: 0.257799957995303
Train loss: 3.0012063924325876 Val loss: 0.4027857408118841 Time: 0.2688044579990674
Train loss: 2.962176413570333 Val loss: 0.38717193701412234 Time: 0.26474870899983216
Train loss: 3.009161053366377 Val loss: 0.3882980432113032 Time: 0.24780895900039468
Train loss: 2.7027163400439562 Val loss: 0.3630065491949895 Time: 0.25302241698955186
Train loss: 2.482936215678773 Val loss: 0.3406956398615485 Time: 0.24863212500349618
Train loss: 2.492474354932387 Val loss: 0.34799809288335337 Time: 0.27298949999385513
Train loss: 2.212927338830511 Val loss: 0.3162820135526772 Time: 0.26402266600052826
Train loss: 2.5024078431713463 Val loss: 0.35011035718490036 Time: 0.24702141700254288
Train loss: 2.4916101314099706 Val loss: 0.3324288737788994 Time: 0.24493962500127964
Train loss: 2.2439978008005887 Val loss: 0.2976058178487676 Time: 0.24396816700755153
Train loss: 1.9863758227258188 Val loss: 0.29048131509542446 Time: 0.25186225000652485
Train loss: 2.096089205671703 Val loss: 0.3102925115005216 Time: 0.25258995800686534
Train loss: 1.962754526759987 Val loss: 0.2925393458051314 Time: 0.2523982499988051
Train loss: 2.0119030079999476 Val loss: 0.28986334464272656 Time: 0.24758908301009797
Train loss: 1.8982179249073763 Val loss: 0.2934090270421851 Time: 0.3010316250001779
Train loss: 1.8017059400473485 Val loss: 0.30063204978516145 Time: 0.3263332910137251
Train loss: 1.9581794340604546 Val loss: 0.29960760619861004 Time: 0.2658655420091236
Train loss: 1.8437658480047219 Val loss: 0.2881316229534169 Time: 0.31708154099760577
Train loss: 2.0198517255222157 Val loss: 0.2809213405627022 Time: 0.26223329099593684
Train loss: 1.6759180532761895 Val loss: 0.2734564770335144 Time: 0.2569547919993056
Train loss: 1.8195260106685964 Val loss: 0.2673194434686745 Time: 0.248242499990738
Train loss: 1.5890353867901377 Val loss: 0.27245749692444526 Time: 0.2547297919954872
Train loss: 1.5341409612846197 Val loss: 0.2672920567478473 Time: 0.2843447500054026
Train loss: 1.650536874334131 Val loss: 0.2616935124438585 Time: 0.3322341669991147
Train loss: 1.3917416475555626 Val loss: 0.253810399924918 Time: 0.2574962499929825
Train loss: 1.3181897130227571 Val loss: 0.23251967377351573 Time: 0.26592691701080184
Train loss: 1.3011026071866496 Val loss: 0.2315017731796466 Time: 0.2756899170053657
Train loss: 1.311435322332244 Val loss: 0.20934397358228468 Time: 0.32325008300540503
Train loss: 1.181671139246447 Val loss: 0.227275728806562 Time: 0.24306233300012536
Train loss: 1.4263391832515673 Val loss: 0.27358820441745507 Time: 0.2596728329954203
Train loss: 1.2748955288121735 Val loss: 0.2651771802065985 Time: 0.26577783399261534
Train loss: 1.196292743021779 Val loss: 0.21337883959472298 Time: 0.2499860840034671
Train loss: 1.084203651710041 Val loss: 0.24219257575297967 Time: 0.26024716699612327
Train loss: 1.2187197978998263 Val loss: 0.22829536481473484 Time: 0.27721095900051296
Train loss: 1.221677079546538 Val loss: 0.27931071720706957 Time: 0.3090110829944024
Train loss: 1.2313136578742778 Val loss: 0.2189390413639068 Time: 0.24353783299739007
Train loss: 0.9974434457635795 Val loss: 0.2538491463277676 Time: 0.24252108301152475
Train loss: 1.2092684512723508 Val loss: 0.22705989889942313 Time: 0.25240991701139137
Train loss: 1.2036009637142087 Val loss: 0.2186218392044356 Time: 0.2443145419965731
Train loss: 1.0376952633616296 Val loss: 0.23694710852726206 Time: 0.24215774999174755
Train loss: 1.0084253923958952 Val loss: 0.21970266286039408 Time: 0.24323520800680853
Train loss: 1.0134419354182302 Val loss: 0.2196729874936002 Time: 0.24180083400278818
Train loss: 1.103467141798781 Val loss: 0.21233856202884524 Time: 0.24196337501052767
Train loss: 1.0945252880402858 Val loss: 0.2467511472851304 Time: 0.24229891700088046
Train loss: 1.0499210219931001 Val loss: 0.18225389277910103 Time: 0.24346641699958127
Train loss: 1.0116957303908918 Val loss: 0.23778386453313502 Time: 0.2506626249960391
Shrinking learning rate to 1e-05
Train loss: 1.0000857324981105 Val loss: 0.24045252441886944 Time: 0.24320012499811128
Train loss: 1.0106120589386052 Val loss: 0.23804984073375504 Time: 0.2420278329955181
Train loss: 1.092296417406601 Val loss: 0.2433664579137454 Time: 0.2443363339989446
Train loss: 0.9780490983684409 Val loss: 0.23296545966297175 Time: 0.24088891700375825
Train loss: 0.967390100508176 Val loss: 0.22915276018774505 Time: 0.2433349999919301
Train loss: 1.0299587665900294 Val loss: 0.23106214430606092 Time: 0.24215608400118072
Train loss: 0.9416697323425045 Val loss: 0.22749868015888008 Time: 0.24338362499838695
Train loss: 0.9068574726740621 Val loss: 0.22524026270671788 Time: 0.24268829199718311
Train loss: 0.9826250346401082 Val loss: 0.22341734448450543 Time: 0.25171679200138897
Train loss: 0.9519950189048894 Val loss: 0.22307639127891052 Time: 0.2605176670040237
Train loss: 0.9382086314622669 Val loss: 0.22908190043760504 Time: 0.24342450000403915
Train loss: 1.0093260658527665 Val loss: 0.2330947334247122 Time: 0.24557650000497233
Train loss: 1.0417119118999096 Val loss: 0.23081045421905688 Time: 0.24224258300091606
Train loss: 0.9145454874255088 Val loss: 0.22687499860630947 Time: 0.24420087499311194
Train loss: 0.9055345054848463 Val loss: 0.2308783919399697 Time: 0.2430980420031119
Train loss: 0.8676214885667397 Val loss: 0.21880198056223604 Time: 0.2426395410002442
Train loss: 0.9135750380821861 Val loss: 0.2180290869307028 Time: 0.25820266699884087
Train loss: 0.9281328322665274 Val loss: 0.2254355280781004 Time: 0.2607270000007702
Train loss: 0.8515861746650994 Val loss: 0.2235927126842776 Time: 0.24416316699353047
Train loss: 0.9534744752141648 Val loss: 0.224431294164085 Time: 0.24713941701338626
Train loss: 0.9666970258325591 Val loss: 0.2260403994800506 Time: 0.2581399579939898
Train loss: 0.9761118329595604 Val loss: 0.22486075679897305 Time: 0.2551700420008274
Train loss: 1.0447050185905766 Val loss: 0.22590518747781188 Time: 0.26493016599852126
Train loss: 0.8522629208866235 Val loss: 0.21859307219298013 Time: 0.27172679199429695
Train loss: 1.0003913557584454 Val loss: 0.22297781823357038 Time: 0.2996677500050282
Train loss: 0.8532105832361196 Val loss: 0.21918367467386976 Time: 0.27605016600864474
Train loss: 0.9845044576301234 Val loss: 0.22373405212302172 Time: 0.2707547500031069
Train loss: 0.9366646841949731 Val loss: 0.21989104890965583 Time: 0.2707377499900758
Shrinking learning rate to 1.0000000000000002e-06
Train loss: 0.994154567100793 Val loss: 0.2292903474331731 Time: 0.27168175000406336
Train loss: 1.0762973466836456 Val loss: 0.23243506894241098 Time: 0.2646732089924626
Train loss: 0.8899419593828384 Val loss: 0.2233701878185756 Time: 0.3336124580091564
Train loss: 0.9298827442750053 Val loss: 0.22529660379257213 Time: 0.27127304099849425
Train loss: 1.0687883808439125 Val loss: 0.23131736611397638 Time: 0.25083429100050125
Train loss: 0.8356403715771643 Val loss: 0.22054294388761245 Time: 0.2669683330022963
Train loss: 0.8630092726359919 Val loss: 0.221082729287246 Time: 0.27191008400404826
Train loss: 0.8944193129723317 Val loss: 0.2214406376197166 Time: 0.29329795799276326
Train loss: 0.9401095049568399 Val loss: 0.22357676900372847 Time: 0.2802297079906566
Train loss: 0.9297107208711068 Val loss: 0.22220092538012245 Time: 0.28444491600384936
Train loss: 0.8293708678899065 Val loss: 0.21830503755748337 Time: 0.2710694169945782
Train loss: 0.827993443667765 Val loss: 0.2180863329974099 Time: 0.2864122079918161
Train loss: 1.1103170385354701 Val loss: 0.2294146944844099 Time: 0.2647049160004826
Train loss: 0.8992054512801388 Val loss: 0.22044456545016233 Time: 0.2600372500019148
Train loss: 0.8593144116005895 Val loss: 0.21821844449242145 Time: 0.25425866700243205
Train loss: 0.8163252373185585 Val loss: 0.21626307670070122 Time: 0.26492895900446456
Train loss: 0.8555668313048841 Val loss: 0.2181729577281684 Time: 0.3292734999995446
Train loss: 1.0296819256228673 Val loss: 0.22600602552178636 Time: 0.265931540998281
Train loss: 0.8861863207236524 Val loss: 0.22023262197296095 Time: 0.30040883299079724
Train loss: 0.8595788244151947 Val loss: 0.21867298044151504 Time: 0.3411958750075428
Train loss: 0.8887291923094409 Val loss: 0.2191854796022584 Time: 0.25799179200839717
Train loss: 0.8294483657439002 Val loss: 0.21704186446184337 Time: 0.25418129200988915
Train loss: 0.8359239464618895 Val loss: 0.21694135948573925 Time: 0.25587274999998044
Train loss: 0.859145961541742 Val loss: 0.21808872195215484 Time: 0.2563600830035284
Train loss: 0.8247877905753285 Val loss: 0.21724846837828793 Time: 0.2559632500051521
Shrinking learning rate to 1.0000000000000002e-07
Learning rate getting small
Complete
 Total time: 32.25821291700413