starting log for model: models/rnn_comb_alpha_0.05_22-23.pth
Train loss: 13.189897983097723 Val loss: 0.9825067302857498 Time: 0.21682916699865018
Train loss: 9.891389035106897 Val loss: 0.8067687194364402 Time: 0.21647733299687388
Train loss: 7.744208030081445 Val loss: 0.6663769306738334 Time: 0.21617900000273949
Train loss: 6.410317210913718 Val loss: 0.5818961271921906 Time: 0.21469908400104032
Train loss: 5.944854605911274 Val loss: 0.5368339538204882 Time: 0.2166332919987326
Train loss: 5.6240430091665985 Val loss: 0.5161569388676455 Time: 0.2247229580025305
Train loss: 5.32406527705734 Val loss: 0.50093366829792 Time: 0.21779899999819463
Train loss: 5.318662046504102 Val loss: 0.4952395598719852 Time: 0.2159654999995837
Train loss: 4.922701410258071 Val loss: 0.48252450945714354 Time: 0.21497058300155913
Train loss: 4.811650776777038 Val loss: 0.47802603980018177 Time: 0.21479299999919022
Train loss: 4.6877974422760165 Val loss: 0.46852538441994424 Time: 0.2144509999998263
Train loss: 4.3491316579310535 Val loss: 0.45105353097181955 Time: 0.21426887499910663
Train loss: 4.205820608805709 Val loss: 0.4470310201459125 Time: 0.21463175000099
Train loss: 3.8952044963468495 Val loss: 0.41708579396286777 Time: 0.2145970000019588
Train loss: 3.821230652917613 Val loss: 0.3950102370311799 Time: 0.2186172500005341
Train loss: 3.688442882246477 Val loss: 0.3807286250519909 Time: 0.22340225000152714
Train loss: 3.5123543315940253 Val loss: 0.3537225862412827 Time: 0.2144544170005247
Train loss: 3.196583600233339 Val loss: 0.336622673330818 Time: 0.21444612499908544
Train loss: 2.8793269375510278 Val loss: 0.3214087632678557 Time: 0.21561779200055753
Train loss: 2.7964396523270096 Val loss: 0.3129345656082932 Time: 0.21623445799923502
Train loss: 2.6114451145793396 Val loss: 0.28251626929892076 Time: 0.2156479169971135
Train loss: 2.512155866864873 Val loss: 0.28396247163096977 Time: 0.21552408300340176
Train loss: 2.5695352465343344 Val loss: 0.2702459407450378 Time: 0.2151001250022091
Train loss: 2.4020915592797536 Val loss: 0.2808201575254114 Time: 0.2153963329983526
Train loss: 2.4050261545423837 Val loss: 0.27140681282728746 Time: 0.2242420000002312
Train loss: 2.463087084634946 Val loss: 0.24888738142507985 Time: 0.21511549999922863
Train loss: 2.0806903447065324 Val loss: 0.236502600701155 Time: 0.21582154200223158
Train loss: 2.0775975355055323 Val loss: 0.22055430523442118 Time: 0.21597666699744877
Train loss: 1.975153939605229 Val loss: 0.24731963873742124 Time: 0.21535058299923548
Train loss: 1.9387504595127112 Val loss: 0.19088744440304733 Time: 0.21573120799803291
Train loss: 2.0812322242513908 Val loss: 0.2354114470007042 Time: 0.2150805829987803
Train loss: 1.9506848572082482 Val loss: 0.21035102882514825 Time: 0.21452087500074413
Train loss: 1.979280490041484 Val loss: 0.22231427213342134 Time: 0.2155375410002307
Train loss: 1.9036501725752029 Val loss: 0.24957296065739717 Time: 0.22054091700192657
Train loss: 1.7374560838046378 Val loss: 0.21635130920210888 Time: 0.2191190830017149
Train loss: 1.6610220403224787 Val loss: 0.21928767298020518 Time: 0.2158852909997222
Train loss: 1.6748410845092143 Val loss: 0.2748301661939194 Time: 0.21497679199819686
Train loss: 1.6646517245166486 Val loss: 0.2661788855526211 Time: 0.21482025000295835
Train loss: 1.46872866475573 Val loss: 0.29710914860918464 Time: 0.21437100000184728
Train loss: 1.542749463402778 Val loss: 0.2762475330823276 Time: 0.2150502080003207
Train loss: 1.5628225893661494 Val loss: 0.24302532144414016 Time: 0.21473854199939524
Train loss: 1.3724426398847527 Val loss: 0.2856156922322044 Time: 0.21556425000017043
Train loss: 1.3963251383854427 Val loss: 0.2659800437264086 Time: 0.21394154199879267
Train loss: 1.3781239319708334 Val loss: 0.3187489618587795 Time: 0.2244949580017419
Train loss: 1.4293273442822105 Val loss: 0.3434924117794488 Time: 0.21437841599981766
Train loss: 1.4590965624555565 Val loss: 0.28749349596669105 Time: 0.2139063750000787
Train loss: 1.2444570325608026 Val loss: 0.31481984478797825 Time: 0.2148081670020474
Train loss: 1.4130568618612074 Val loss: 0.3142319840659194 Time: 0.2140895839984296
Train loss: 1.1314835410700539 Val loss: 0.31774624645374805 Time: 0.2144588749979448
Train loss: 1.2264498186510089 Val loss: 0.35376520046917687 Time: 0.21397512499970617
Train loss: 1.3118683825112427 Val loss: 0.2984612772017417 Time: 0.21393275000082213
Train loss: 1.2633692198811808 Val loss: 0.31299104161290214 Time: 0.21423850000064704
Train loss: 1.0734666781316307 Val loss: 0.3242388704489633 Time: 0.21952570900248247
Train loss: 1.218881200490956 Val loss: 0.30564041609561676 Time: 0.21995391699965694
Train loss: 1.2065395334270796 Val loss: 0.3180357700310804 Time: 0.21402387499983888
Train loss: 1.087208013983087 Val loss: 0.3371361339144485 Time: 0.21454895799979568
Train loss: 1.0543774161226018 Val loss: 0.2725413767538363 Time: 0.21362533300271025
Train loss: 1.1005207211938868 Val loss: 0.34768025179729856 Time: 0.2153086659964174
Train loss: 1.1803620845736242 Val loss: 0.34603715506959726 Time: 0.2146001669971156
Train loss: 1.1065996987193234 Val loss: 0.29476843344750736 Time: 0.21439195800121524
Train loss: 1.202831295857301 Val loss: 0.3260880393078874 Time: 0.2147311249973427
Train loss: 1.0057080975998103 Val loss: 0.31704693120968064 Time: 0.21384533300079056
Train loss: 0.9903180249657524 Val loss: 0.3133238941596012 Time: 0.22492837500249152
Train loss: 1.1029058482229743 Val loss: 0.3549425125637301 Time: 0.21494000000166125
Train loss: 0.9016656067255546 Val loss: 0.29547182753407925 Time: 0.2139947920004488
Train loss: 1.010806488393719 Val loss: 0.3472769201621519 Time: 0.2144927919980546
Train loss: 0.9471711449434475 Val loss: 0.3007526329222383 Time: 0.24621037500037346
Train loss: 0.9214739548518409 Val loss: 0.3483390755426657 Time: 0.2149967499972263
Train loss: 0.9928065445906533 Val loss: 0.3449063602267502 Time: 0.21382070900290273
Train loss: 0.9684511938433502 Val loss: 0.31511608395475244 Time: 0.2144059579986788
Train loss: 0.9290870750653915 Val loss: 0.3262289106861968 Time: 0.2147012919995177
Train loss: 0.9366629054040914 Val loss: 0.31519558327233743 Time: 0.22474554200016428
Train loss: 0.8090784971643075 Val loss: 0.30942143847870623 Time: 0.21587108399762656
Train loss: 0.9378045321699062 Val loss: 0.33024234685137777 Time: 0.21446750000177417
Train loss: 0.9337305187689395 Val loss: 0.3368748850398223 Time: 0.213768292000168
Train loss: 0.8914912781204158 Val loss: 0.3358377462961279 Time: 0.21375308400092763
Train loss: 0.8666230519099898 Val loss: 0.3107687634613986 Time: 0.21385758399992483
Train loss: 0.8821852927826583 Val loss: 0.3649032592484921 Time: 0.21385429099973408
Train loss: 0.9692010585944892 Val loss: 0.33545250387607056 Time: 0.21440608400007477
Train loss: 0.8133321571953127 Val loss: 0.3136090444235726 Time: 0.21413658399978885
Train loss: 0.7851581238187253 Val loss: 0.3485135558153675 Time: 0.21437458400032483
Train loss: 0.9146356800130562 Val loss: 0.33927612542759367 Time: 0.2258197500013921
Train loss: 0.9839002797172647 Val loss: 0.3220264147424136 Time: 0.2151670830025978
Train loss: 0.9194920522399741 Val loss: 0.3144466044694206 Time: 0.21900937499958673
Train loss: 0.6784713719206366 Val loss: 0.3493404671657347 Time: 0.2153455000006943
Train loss: 0.7449237836475504 Val loss: 0.30022687386524505 Time: 0.214148250001017
Train loss: 0.802561804372214 Val loss: 0.28160479541993205 Time: 0.2139755000025616
Train loss: 0.6810666398482255 Val loss: 0.3128493698325151 Time: 0.21414129199911258
Train loss: 0.8711352970387694 Val loss: 0.299112724358333 Time: 0.2144009580006241
Train loss: 0.7764210298887737 Val loss: 0.3204740518921843 Time: 0.21461929100041743
Train loss: 0.7295260129264172 Val loss: 0.29957916900388015 Time: 0.2243327500000305
Train loss: 0.7432405113822256 Val loss: 0.3228634635791687 Time: 0.2160669160002726
Train loss: 0.7436682178684606 Val loss: 0.35318631476459006 Time: 0.2143973750025907
Train loss: 0.8355184565317302 Val loss: 0.29896441393531836 Time: 0.21339654099938343
Shrinking learning rate to 1e-05
Train loss: 0.9656507921414921 Val loss: 0.3224692288115407 Time: 0.2212526670009538
Train loss: 0.7910749080854202 Val loss: 0.3196829794816552 Time: 0.2144857499988575
Train loss: 0.7629111723999955 Val loss: 0.32030894955292827 Time: 0.214620124999783
Train loss: 0.8727773807704375 Val loss: 0.3197105843300621 Time: 0.21400120800171862
Train loss: 0.7779507139061508 Val loss: 0.32222045085232837 Time: 0.21482308299891884
Train loss: 0.8602049142934618 Val loss: 0.31810890517162943 Time: 0.21404529100254877
Train loss: 0.7763160769121527 Val loss: 0.3239382653868484 Time: 0.22526658400238375
Train loss: 0.7212213359110962 Val loss: 0.3276427082148481 Time: 0.21500391700101318
Train loss: 0.8625193013008783 Val loss: 0.3234362108522179 Time: 0.21419162500023958
Train loss: 0.8554876318339666 Val loss: 0.3237938149787684 Time: 0.21353029199963203
Shrinking learning rate to 1.0000000000000002e-06
Train loss: 1.112035910121449 Val loss: 0.34720418368011724 Time: 0.2162391670026409
Train loss: 1.0294740465812424 Val loss: 0.34225530417241323 Time: 0.21491212500041001
Train loss: 1.0483881831018778 Val loss: 0.3383245595821185 Time: 0.21566545800305903
Train loss: 1.0360104434780197 Val loss: 0.33486240944989687 Time: 0.21446541700061061
Train loss: 0.8183783444024755 Val loss: 0.33065449337261055 Time: 0.2147718749984051
Train loss: 0.932591630858326 Val loss: 0.3288401848766762 Time: 0.22573583299890743
Train loss: 0.8745455590622875 Val loss: 0.3263392352822289 Time: 0.21502645800137543
Train loss: 0.9354220032030014 Val loss: 0.3246181361726413 Time: 0.2143930829988676
Train loss: 0.8552783742537926 Val loss: 0.3221647235797987 Time: 0.2155345409992151
Train loss: 0.8266790867023133 Val loss: 0.3213343175833371 Time: 0.21519208300014725
Shrinking learning rate to 1.0000000000000002e-07
Learning rate getting small
Complete
 Total time: 24.724844625001424