starting log for model: models/rnn_lin1_fcast_19_new_22-23.pth
Train loss: 14.544518684788898 Val loss: 1.650746401014303 Time: 0.407926583000517
Train loss: 14.21432542370394 Val loss: 1.6290130741784203 Time: 0.4076709170003596
Train loss: 13.871959030779465 Val loss: 1.5852003218893125 Time: 0.3833341669997026
Train loss: 12.018775206887938 Val loss: 1.3772915803500996 Time: 0.38249658300082956
Train loss: 8.53047417301687 Val loss: 1.0000075218014477 Time: 0.37657695800044166
Train loss: 6.768661591606138 Val loss: 0.8276604481674954 Time: 0.42103441700055555
Train loss: 6.245305793113879 Val loss: 0.7722723509164108 Time: 0.3844452089997503
Train loss: 6.050973373849018 Val loss: 0.7437066254942701 Time: 0.4042884160007816
Train loss: 5.936460601781118 Val loss: 0.7304596069824923 Time: 0.3776294580002286
Train loss: 5.979728342119792 Val loss: 0.7313573361067051 Time: 0.4083032500002446
Train loss: 5.727724347684294 Val loss: 0.7059178201759109 Time: 0.3684557500000665
Train loss: 5.661934101196042 Val loss: 0.6897635501152238 Time: 0.3642345419993944
Train loss: 5.5478986328257065 Val loss: 0.6856803218919959 Time: 0.3794303750000836
Train loss: 5.568838989192557 Val loss: 0.6807584364687363 Time: 0.3558057080008439
Train loss: 5.320597054527824 Val loss: 0.6565916298457058 Time: 0.37514541699965775
Train loss: 5.076015276671377 Val loss: 0.6352509743997619 Time: 0.3776801250005519
Train loss: 5.034662029201449 Val loss: 0.6300518685842045 Time: 0.3710032910003065
Train loss: 4.769936214198562 Val loss: 0.5985214316222051 Time: 0.3871914999999717
Train loss: 4.60707206252971 Val loss: 0.5773007323777171 Time: 0.37615433300015866
Train loss: 4.2776518627480655 Val loss: 0.5506902126677454 Time: 0.3698567500014178
Train loss: 4.281949626490828 Val loss: 0.5491268672634081 Time: 0.3620815409994975
Train loss: 4.339304875216669 Val loss: 0.5351423400769126 Time: 0.3606162079995556
Train loss: 3.837736725713796 Val loss: 0.4914699877172033 Time: 0.3779697079990001
Train loss: 3.6186143360900447 Val loss: 0.468758850825862 Time: 0.3729077090010833
Train loss: 3.4981047981260507 Val loss: 0.4458765928459943 Time: 0.3702459589985665
Train loss: 3.530722407817933 Val loss: 0.4497566490773255 Time: 0.40522533300099894
Train loss: 3.300634669153449 Val loss: 0.41891768920045463 Time: 0.3746712499996647
Train loss: 3.0069757559557786 Val loss: 0.3812737143743978 Time: 0.3728146249995916
Train loss: 2.9275438902976347 Val loss: 0.3676410622358085 Time: 0.36843254099949263
Train loss: 2.823523767891607 Val loss: 0.349955618187717 Time: 0.4063793330005865
Train loss: 2.57298694835103 Val loss: 0.32416302527389274 Time: 0.3608672909995221
Train loss: 2.591969787714512 Val loss: 0.31789643469610707 Time: 0.36245533299916133
Train loss: 2.405584723633293 Val loss: 0.28624790921396637 Time: 0.37834558299982746
Train loss: 2.2652355809187554 Val loss: 0.2744642671514326 Time: 0.373251082999559
Train loss: 2.353773975145222 Val loss: 0.28004887143039386 Time: 0.360759416998917
Train loss: 2.2033891667157075 Val loss: 0.2794795884466192 Time: 0.360100166999473
Train loss: 2.089021042874439 Val loss: 0.2708859095238438 Time: 0.35750554200058104
Train loss: 1.9349847876196122 Val loss: 0.2529495603241932 Time: 0.3705140840011154
Train loss: 1.9318518219002456 Val loss: 0.2400786728088299 Time: 0.36912300000039977
Train loss: 1.828256086636344 Val loss: 0.2560618054705455 Time: 0.3902613749996817
Train loss: 1.8707329462326694 Val loss: 0.24538084318970896 Time: 0.37968104100036726
Train loss: 1.7506667294977696 Val loss: 0.22622196950782697 Time: 0.3820466249999299
Train loss: 1.5468898622118354 Val loss: 0.1846411935248443 Time: 0.36452537500008475
Train loss: 1.8196508253240893 Val loss: 0.24788013050248547 Time: 0.3602172499995504
Train loss: 1.6600099235929004 Val loss: 0.21221632967163806 Time: 0.36994091700034915
Train loss: 1.555725140296289 Val loss: 0.18667713283038115 Time: 0.4000971669993305
Train loss: 1.5548781974419994 Val loss: 0.18389234357717124 Time: 0.3865504580007837
Train loss: 1.439531587815351 Val loss: 0.19272786407871556 Time: 0.3679209589990933
Train loss: 1.4316801534594745 Val loss: 0.15267040194706624 Time: 0.35218791700026486
Train loss: 1.4196637239494176 Val loss: 0.17334776351713266 Time: 0.3626200830003654
Train loss: 1.3482466056848548 Val loss: 0.15721124728476407 Time: 0.37561529199956567
Train loss: 1.3863707219209545 Val loss: 0.16840640243836658 Time: 0.3748419160001504
Train loss: 1.2847487212995539 Val loss: 0.13833061857332177 Time: 0.36305241599984583
Train loss: 1.3678171443082054 Val loss: 0.14992978613172633 Time: 0.3622714159992029
Train loss: 1.3909896052487136 Val loss: 0.1503290732106853 Time: 0.36660399999891524
Train loss: 1.3196671522994734 Val loss: 0.1458433011029587 Time: 0.3706822910007759
Train loss: 1.308695922380367 Val loss: 0.13832692191898135 Time: 0.37675995899917325
Train loss: 1.2105141208128893 Val loss: 0.12449308310376696 Time: 0.3673774170001707
Train loss: 1.3239882940248222 Val loss: 0.14886212313828984 Time: 0.3626404589995218
Train loss: 1.1023674132957817 Val loss: 0.11368843383219174 Time: 0.3616883750000852
Train loss: 1.23395985546653 Val loss: 0.13226842961584562 Time: 0.3821386250001524
Train loss: 1.1712140964801065 Val loss: 0.11717217550015546 Time: 0.3788004590005585
Train loss: 1.2112492099698944 Val loss: 0.12249897529806768 Time: 0.3603365830003895
Train loss: 1.0440247857093254 Val loss: 0.10725978145634031 Time: 0.359179667000717
Train loss: 1.12796023840788 Val loss: 0.1130619933559267 Time: 0.36973187500007043
Train loss: 1.0262678418123556 Val loss: 0.112977226404621 Time: 0.38152849999823957
Train loss: 0.9779500295892314 Val loss: 0.09800599828739945 Time: 0.3748886670000502
Train loss: 1.1822458190922802 Val loss: 0.11828296547256698 Time: 0.3679754580007284
Train loss: 1.042192043486665 Val loss: 0.10461688598727048 Time: 0.3682002090008609
Train loss: 0.9754409293603814 Val loss: 0.11813217180432882 Time: 0.36443525000140653
Train loss: 0.9664938975127608 Val loss: 0.09665730824316807 Time: 0.38028279100035434
Train loss: 0.9111654190549565 Val loss: 0.09279183558820518 Time: 0.3794203329998709
Train loss: 0.9489307238523697 Val loss: 0.09778503569844153 Time: 0.38892691699948045
Train loss: 0.952411234420862 Val loss: 0.10650698910306274 Time: 0.38811933300166856
Train loss: 0.9434797536455355 Val loss: 0.09938128327314044 Time: 0.3928669159995479
Train loss: 0.9742978507497497 Val loss: 0.09816246335823214 Time: 0.39005654199900164
Train loss: 0.8965176920326217 Val loss: 0.0905254569786331 Time: 0.375739541999792
Train loss: 0.9159457654741425 Val loss: 0.1188573054513157 Time: 0.37632270799986145
Train loss: 0.977386971185247 Val loss: 0.10387545509765946 Time: 0.3801904160009144
Train loss: 0.8131051928950939 Val loss: 0.08952709602720578 Time: 0.3922047089999978
Train loss: 0.8659340260407076 Val loss: 0.09698465032428552 Time: 0.38790120799967553
Train loss: 0.8025479115332814 Val loss: 0.08283997288275499 Time: 0.3865948329985258
Train loss: 0.7719894605590429 Val loss: 0.09393166634723828 Time: 0.3959616250012914
Train loss: 0.8368198187454254 Val loss: 0.09912979252555645 Time: 0.3875878749986441
Train loss: 0.8157974355663824 Val loss: 0.1357983491769978 Time: 0.40266129200063006
Train loss: 0.8015597952141178 Val loss: 0.13122224813166994 Time: 0.40064812499986147
Train loss: 0.7501639622263383 Val loss: 0.1585130347175692 Time: 0.3906499160002568
Train loss: 0.7533536228783362 Val loss: 0.13388631582798452 Time: 0.3809842500013474
Train loss: 0.7692359209468407 Val loss: 0.13714676296870976 Time: 0.38812891700035834
Train loss: 0.791899275282824 Val loss: 0.12987261485768506 Time: 0.385051499999463
Train loss: 0.6699173574920607 Val loss: 0.13010881172788877 Time: 0.381680165999569
Train loss: 0.7988192324974364 Val loss: 0.18715356518577045 Time: 0.3811823750002077
Train loss: 0.7594872659945633 Val loss: 0.1290736113861293 Time: 0.38440566700046475
Train loss: 0.6057930017555719 Val loss: 0.12000339006545924 Time: 0.3937777499995718
Train loss: 0.5455239075936618 Val loss: 0.17117810961476013 Time: 0.39634470799865085
Train loss: 0.7156628863474221 Val loss: 0.12353980783739278 Time: 0.3945134169989615
Train loss: 0.6254138903005924 Val loss: 0.15348385027428674 Time: 0.3926877499998227
Train loss: 0.7096888646704933 Val loss: 0.12341704049150756 Time: 0.3964440830004605
Train loss: 0.7431505311640514 Val loss: 0.13906875483000106 Time: 0.3798472079997737
Train loss: 0.5313124839293524 Val loss: 0.1754113897822057 Time: 0.40185304199985694
Train loss: 0.6120767137798566 Val loss: 0.13068637145664194 Time: 0.4102914579998469
Train loss: 0.6131429636996018 Val loss: 0.12971943540958372 Time: 0.39800854199893365
Train loss: 0.6897751278133946 Val loss: 0.13359624591238595 Time: 0.4049650409997412
Train loss: 0.6233058085344823 Val loss: 0.13241333473827674 Time: 0.39242666700010886
Train loss: 0.521532029252481 Val loss: 0.1945800434732041 Time: 0.3972696669989091
Train loss: 0.6380781540502376 Val loss: 0.15488747037518508 Time: 0.4477472090002266
Train loss: 0.5597909863803103 Val loss: 0.14286804989123933 Time: 0.39424595899981796
Train loss: 0.6868143500201986 Val loss: 0.14768806009378607 Time: 0.4016685829992639
Train loss: 0.7151286542216759 Val loss: 0.12746893503900655 Time: 0.4044037500007107
Train loss: 0.5427611161926258 Val loss: 0.2689855168578477 Time: 0.4024092500003462
Train loss: 0.5382372201415793 Val loss: 0.17348510869495287 Time: 0.39548862500123505
Train loss: 0.5314002151812307 Val loss: 0.1298187247676685 Time: 0.39538345799883245
Train loss: 0.49991780597815705 Val loss: 0.15402863421550672 Time: 0.4004775410012371
Train loss: 0.5353656319222635 Val loss: 0.19337460262993417 Time: 0.41649800000050163
Train loss: 0.47652999637847415 Val loss: 0.11194591068438817 Time: 0.40498562500033586
Train loss: 0.4759140098095971 Val loss: 0.13389398082841436 Time: 0.4067894999989221
Train loss: 0.5199809072851878 Val loss: 0.2823158174986554 Time: 0.4074452909990214
Train loss: 0.5197919876182624 Val loss: 0.1283233969724323 Time: 0.4150888330004818
Train loss: 0.527229482006085 Val loss: 0.12286373823616546 Time: 0.4001555830000143
Train loss: 0.546003617274157 Val loss: 0.1273336929165651 Time: 0.40641074999984994
Train loss: 0.5311396149322025 Val loss: 0.2592675105689086 Time: 0.4041667500005133
Train loss: 0.5416746018234733 Val loss: 0.2743856485452394 Time: 0.40610533300059615
Train loss: 0.48158119464099425 Val loss: 0.13419705577948043 Time: 0.3993171660004009
Train loss: 0.6448548807443899 Val loss: 0.12343818533094257 Time: 0.40914066700133844
Train loss: 0.5797501422617444 Val loss: 0.28192674548706653 Time: 0.4152200829994399
Shrinking learning rate to 1e-05
Train loss: 0.45105384090191336 Val loss: 0.1332902884963423 Time: 0.40984808299981523
Train loss: 0.5002603037904976 Val loss: 0.1412217404913199 Time: 0.4160164580007404
Train loss: 0.4460794069343592 Val loss: 0.13324852649719338 Time: 0.41495920899978955
Train loss: 0.3858000295325077 Val loss: 0.1398921684477823 Time: 0.4085007499998028
Train loss: 0.4176292619571882 Val loss: 0.13681763243313994 Time: 0.41053595800076437
Train loss: 0.46079152478172425 Val loss: 0.14118383835729623 Time: 0.3910368329998164
Train loss: 0.43049521367196153 Val loss: 0.13649001991068638 Time: 0.39937599999939266
Train loss: 0.5190560291532691 Val loss: 0.14083606313029798 Time: 0.426855458999853
Train loss: 0.4199915153196443 Val loss: 0.1418025763222331 Time: 0.4054782499988505
Train loss: 0.3975060658499956 Val loss: 0.138289080178001 Time: 0.4143411669992929
Train loss: 0.42547868698334046 Val loss: 0.1356399179306558 Time: 0.4130678330002411
Train loss: 0.4726281699363213 Val loss: 0.14261191337492654 Time: 0.40072929199959617
Train loss: 0.3984734783447301 Val loss: 0.13397311694632522 Time: 0.405835166999168
Shrinking learning rate to 1.0000000000000002e-06
Train loss: 0.44902157211132376 Val loss: 0.1410245823626065 Time: 0.4207150830006867
Train loss: 0.4074327254063699 Val loss: 0.13982661063065283 Time: 0.41156991600109905
Train loss: 0.4449421129397422 Val loss: 0.14074536110211347 Time: 0.4198519170004147
Train loss: 0.4328892799659094 Val loss: 0.14028065954863322 Time: 0.41291595799884817
Train loss: 0.42422538682933464 Val loss: 0.14007298481750882 Time: 0.4152717910001229
Train loss: 0.41717428295007153 Val loss: 0.13966527586942526 Time: 0.4357551249995595
Train loss: 0.4126643855078669 Val loss: 0.13926103401394566 Time: 0.41410204200110456
Train loss: 0.44359936807766953 Val loss: 0.1398625786913622 Time: 0.4162986249993992
Train loss: 0.44763127730438157 Val loss: 0.1398096960670823 Time: 0.4157067080013803
Train loss: 0.48170107978004495 Val loss: 0.1409431350544352 Time: 0.4141611249997368
Shrinking learning rate to 1.0000000000000002e-07
Learning rate getting small
Complete
 Total time: 57.67190687499897