starting log for model: models/rnn_comb_fcast_19_new_23-24.pth
Train loss: 20.984447762075888 Val loss: 2.249806265459217 Time: 0.3167622910114005
Train loss: 13.371678237999532 Val loss: 1.5176267060412107 Time: 0.3852299170102924
Train loss: 10.174924840793295 Val loss: 1.2009312293434264 Time: 0.30221862500184216
Train loss: 8.365493615383983 Val loss: 1.0208988860186101 Time: 0.2781339999928605
Train loss: 7.6555522265438745 Val loss: 0.9429756536849276 Time: 0.27943179199064616
Train loss: 7.034994366043406 Val loss: 0.8819274945303006 Time: 0.2850800000014715
Train loss: 6.968484441062746 Val loss: 0.8437869378162599 Time: 0.280065957995248
Train loss: 6.735193452126168 Val loss: 0.8120671945756832 Time: 0.2983314999873983
Train loss: 6.464746618658072 Val loss: 0.7829334032472013 Time: 0.2762612920050742
Train loss: 6.389183206459872 Val loss: 0.780471855053755 Time: 0.27922962499724235
Train loss: 6.238482197145838 Val loss: 0.7535203408479338 Time: 0.2780899999925168
Train loss: 6.014156292654727 Val loss: 0.7349728995477744 Time: 0.2772911659994861
Train loss: 6.053136055086327 Val loss: 0.727027889672174 Time: 0.2779237079957966
Train loss: 5.695776691499589 Val loss: 0.6889144324040299 Time: 0.28030008300265763
Train loss: 5.605621664410592 Val loss: 0.6794866140919598 Time: 0.29579262499464676
Train loss: 5.575741701736604 Val loss: 0.6708464508575598 Time: 0.2765090000029886
Train loss: 5.1867051060902725 Val loss: 0.6454092611552669 Time: 0.2740134169871453
Train loss: 4.927404877618219 Val loss: 0.6124277046077387 Time: 0.26970500001334585
Train loss: 5.043065016996366 Val loss: 0.6196445002294894 Time: 0.2748686670092866
Train loss: 4.841439361805369 Val loss: 0.5954229407041268 Time: 0.2723199580068467
Train loss: 4.641665552668655 Val loss: 0.5761050860648023 Time: 0.2688172920024954
Train loss: 4.593257508129351 Val loss: 0.5646800141048578 Time: 0.26919929101131856
Train loss: 4.178866660824937 Val loss: 0.5296019577998792 Time: 0.28147099999478087
Train loss: 4.301948515790936 Val loss: 0.541264223028751 Time: 0.2687866249907529
Train loss: 4.102821474357441 Val loss: 0.5163777078937749 Time: 0.29609912500018254
Train loss: 4.204974181236167 Val loss: 0.522338384205811 Time: 0.27206416700209957
Train loss: 4.050324524444562 Val loss: 0.4996773706660032 Time: 0.2711572920088656
Train loss: 4.022286434769008 Val loss: 0.49382443315157903 Time: 0.2780056249903282
Train loss: 3.771471595485629 Val loss: 0.4637866283869146 Time: 0.2755045420053648
Train loss: 3.592442480389324 Val loss: 0.4537551280432871 Time: 0.2879152920068009
Train loss: 3.575521018490548 Val loss: 0.43582686895856326 Time: 0.27145812500384636
Train loss: 3.3793338244971807 Val loss: 0.42252082008362774 Time: 0.2775135000119917
Train loss: 3.3398476408672604 Val loss: 0.4175340725770739 Time: 0.27360912499716505
Train loss: 3.3421433989058897 Val loss: 0.4047236315356745 Time: 0.27684304099238943
Train loss: 3.2446515933823434 Val loss: 0.3835653172948257 Time: 0.2758936669997638
Train loss: 2.940291200256607 Val loss: 0.3661894097348871 Time: 0.2758531250001397
Train loss: 3.1000062862107427 Val loss: 0.35721334605305405 Time: 0.2867207500094082
Train loss: 2.8521618206644384 Val loss: 0.3491649719552538 Time: 0.2757675839966396
Train loss: 2.7827664442356195 Val loss: 0.3434478117198723 Time: 0.2784642089973204
Train loss: 2.948948411125002 Val loss: 0.34648642309474137 Time: 0.2771433329908177
Train loss: 2.825323607851331 Val loss: 0.33733508517075045 Time: 0.2755063750082627
Train loss: 2.521430995880209 Val loss: 0.312358721858363 Time: 0.27780199999688193
Train loss: 2.634215050809267 Val loss: 0.31734248895944267 Time: 0.277016583000659
Train loss: 2.4110301411100163 Val loss: 0.29264543204983323 Time: 0.27815420800470747
Train loss: 2.4958117597621623 Val loss: 0.2886207405373498 Time: 0.2886724999989383
Train loss: 2.4631576001122424 Val loss: 0.29749739160428146 Time: 0.28056695900158957
Train loss: 2.707144092573323 Val loss: 0.32097265583331364 Time: 0.27943087500170805
Train loss: 2.2775190212217638 Val loss: 0.2801094489683847 Time: 0.28029791700828355
Train loss: 2.3669525832963814 Val loss: 0.28229953026831067 Time: 0.2822893330012448
Train loss: 2.2497489371247585 Val loss: 0.2692012588978339 Time: 0.2806554999988293
Train loss: 2.1730165766910616 Val loss: 0.26498353179710593 Time: 0.280811791002634
Train loss: 2.0282951453272062 Val loss: 0.25098566817037893 Time: 0.2921032089943765
Train loss: 2.1984919875197484 Val loss: 0.2639858434142679 Time: 0.28205420800077263
Train loss: 2.0684823231840426 Val loss: 0.23302072666031495 Time: 0.28158420899126213
Train loss: 1.949685956039147 Val loss: 0.24619698917181285 Time: 0.28021562499634456
Train loss: 2.0727586764535473 Val loss: 0.24949356052862273 Time: 0.2830837500077905
Train loss: 2.135310780742501 Val loss: 0.252265379292711 Time: 0.2846572499984177
Train loss: 1.8558373756524702 Val loss: 0.22372429016305997 Time: 0.2870931659999769
Train loss: 1.6613917001891867 Val loss: 0.2006083628396279 Time: 0.2952973750070669
Train loss: 2.041798307903406 Val loss: 0.2439173822164006 Time: 0.2886576669989154
Train loss: 1.970967601228791 Val loss: 0.2145505248625358 Time: 0.2827835420030169
Train loss: 1.813730104754086 Val loss: 0.21120283311028404 Time: 0.30094333400484174
Train loss: 1.8390487564675952 Val loss: 0.22552527946500844 Time: 0.2833499580010539
Train loss: 1.7737280254496568 Val loss: 0.20518240264566734 Time: 0.2856190409947885
Train loss: 1.6530781002965753 Val loss: 0.2169754957660283 Time: 0.28656212499481626
Train loss: 1.775862694074974 Val loss: 0.19345790365351145 Time: 0.2998942919948604
Train loss: 1.721169369316101 Val loss: 0.193308610553115 Time: 0.2850995420012623
Train loss: 1.722041414727201 Val loss: 0.1896013038375164 Time: 0.28624695900361985
Train loss: 1.7671183272303272 Val loss: 0.1848367580797809 Time: 0.2878535830095643
Train loss: 1.481632528316979 Val loss: 0.17636627021749499 Time: 0.2889707919966895
Train loss: 1.597391949697169 Val loss: 0.19141095970922953 Time: 0.2882286250096513
Train loss: 1.753203933099826 Val loss: 0.19430111135356157 Time: 0.29136804200243205
Train loss: 1.4858073831819496 Val loss: 0.16577721266074477 Time: 0.30052570899715647
Train loss: 1.567376145243299 Val loss: 0.1693031107707089 Time: 0.28953779200674035
Train loss: 1.5646518663219435 Val loss: 0.17135517544246118 Time: 0.3078908340103226
Train loss: 1.5058556021146927 Val loss: 0.16636748811475544 Time: 0.2946463330008555
Train loss: 1.4975556352258845 Val loss: 0.16343797033528626 Time: 0.2890916250034934
Train loss: 1.4293253100853747 Val loss: 0.15116362691942473 Time: 0.2897545000014361
Train loss: 1.32793863971483 Val loss: 0.13642851883749985 Time: 0.29067820800992195
Train loss: 1.3742635612257565 Val loss: 0.16417841156388366 Time: 0.3035537079995265
Train loss: 1.3879592029472292 Val loss: 0.14796046041707347 Time: 0.29733575000136625
Train loss: 1.3821806238229408 Val loss: 0.15183177112144614 Time: 0.290178166993428
Train loss: 1.2934099745691583 Val loss: 0.14485404778720018 Time: 0.2960517500032438
Train loss: 1.4313866218261069 Val loss: 0.14979337953521052 Time: 0.2918922919925535
Train loss: 1.2327353857414138 Val loss: 0.12989171391755824 Time: 0.29131475000758655
Train loss: 1.2850695724971644 Val loss: 0.1340824090688024 Time: 0.2948436670121737
Train loss: 1.2240237623547774 Val loss: 0.12612042925287661 Time: 0.31403608300024644
Train loss: 1.3308291615275374 Val loss: 0.14561113027075087 Time: 0.2919770000007702
Train loss: 1.230257137927083 Val loss: 0.14716678496544125 Time: 0.2939195409999229
Train loss: 1.309610298936633 Val loss: 0.13276498047984955 Time: 0.3070964579965221
Train loss: 1.3184959402251337 Val loss: 0.13634353004741726 Time: 0.29412245900311973
Train loss: 1.1951444508729665 Val loss: 0.1418452570914406 Time: 0.2946054579952033
Train loss: 1.2794761225880364 Val loss: 0.13726080869698787 Time: 0.29394337499979883
Train loss: 1.316440065580728 Val loss: 0.1328198242938505 Time: 0.30556749999232125
Train loss: 1.0993446105797062 Val loss: 0.12461037595897485 Time: 0.29848629199841525
Train loss: 1.2856121181176263 Val loss: 0.1291826335514987 Time: 0.3029517919931095
Train loss: 1.2292710386524988 Val loss: 0.12548405686108324 Time: 0.32341066699882504
Train loss: 1.2197973277944953 Val loss: 0.12486712883209411 Time: 0.3430094170034863
Train loss: 1.084176821151123 Val loss: 0.1103704116879816 Time: 0.43230870900151785
Train loss: 1.1345873117285086 Val loss: 0.11439200880216736 Time: 0.35247604199685156
Train loss: 1.127482183067702 Val loss: 0.11570567157148653 Time: 0.30484024999896064
Train loss: 0.9582083575185489 Val loss: 0.09970898951721509 Time: 0.33767866699781734
Train loss: 1.0364310589745251 Val loss: 0.10503988700426217 Time: 0.3928826659976039
Train loss: 1.2212693123498415 Val loss: 0.16302887620023462 Time: 0.4545539170067059
Train loss: 1.1520052280129853 Val loss: 0.15522653714184387 Time: 0.38202987500699237
Train loss: 0.9841431672982663 Val loss: 0.14711656264005604 Time: 0.33666445799462963
Train loss: 1.0881064782765657 Val loss: 0.14778347932356511 Time: 0.30808454198995605
Train loss: 1.0559022007594336 Val loss: 0.14590847720249375 Time: 0.3462476249987958
Train loss: 0.9660817051161477 Val loss: 0.14350187119482077 Time: 0.31381800000963267
Train loss: 1.0401570970378202 Val loss: 0.1534250497350568 Time: 0.31687345799582545
Train loss: 0.9721735856389557 Val loss: 0.14116948828541157 Time: 0.31001045800803695
Shrinking learning rate to 5e-06
Train loss: 1.473664931903869 Val loss: 0.14741115721683065 Time: 0.33399566599109676
Train loss: 1.259290712888827 Val loss: 0.12666984665635467 Time: 0.32193283300148323
Train loss: 1.2471787674358232 Val loss: 0.1250975434749623 Time: 0.3097742910031229
Train loss: 1.1720185571649608 Val loss: 0.11741602280292587 Time: 0.31339570801355876
Train loss: 1.0649336754232408 Val loss: 0.10655040960147984 Time: 0.30917737500567455
Train loss: 1.2056498164432208 Val loss: 0.12061148966720409 Time: 0.4123990420048358
Train loss: 1.078445526187238 Val loss: 0.10788222163489829 Time: 0.327608791005332
Train loss: 1.0251511510890092 Val loss: 0.10252100504176162 Time: 0.31345420799334534
Train loss: 1.1239387757858061 Val loss: 0.11239403609833047 Time: 0.33743983299063984
Train loss: 1.0855805036502097 Val loss: 0.10880847411845294 Time: 0.31150366699148435
Shrinking learning rate to 5.000000000000001e-07
Learning rate getting small
Complete
 Total time: 36.26236329200037