starting log for model: models/rnn_lin1_alpha_1.0_22-23.pth
Train loss: 14.509361087864505 Val loss: 14.530810558212536 Time: 0.341186875000858
Train loss: 13.06137329753063 Val loss: 13.083460923560622 Time: 0.31723054200119805
Train loss: 10.2952072137895 Val loss: 10.314587723512588 Time: 0.3076099999998405
Train loss: 7.660518769533748 Val loss: 7.679192325337996 Time: 0.30782783399990876
Train loss: 6.860173052331719 Val loss: 6.877502106054907 Time: 0.3066607090004254
Train loss: 6.3312977481872394 Val loss: 6.3483227052891475 Time: 0.3061315420018218
Train loss: 5.9767604131433245 Val loss: 5.993378607475429 Time: 0.3180367919994751
Train loss: 5.905608939473964 Val loss: 5.921268713535457 Time: 0.30702924999786774
Train loss: 5.6867265251752315 Val loss: 5.701956145874541 Time: 0.3066610000023502
Train loss: 5.439400411867268 Val loss: 5.455238894819227 Time: 0.30922424999880604
Train loss: 5.413860941661767 Val loss: 5.428524164929654 Time: 0.33622174999982235
Train loss: 5.075543066752051 Val loss: 5.090870610462328 Time: 0.36164429200289305
Train loss: 5.100258616229972 Val loss: 5.114995444751922 Time: 0.3188860830014164
Train loss: 4.826680510232165 Val loss: 4.840387984798684 Time: 0.3077397499982908
Train loss: 4.679397053289719 Val loss: 4.694170483267949 Time: 0.33346829199945205
Train loss: 4.737906273134342 Val loss: 4.751612968654767 Time: 0.3077607919985894
Train loss: 4.442785432880589 Val loss: 4.456268077526588 Time: 0.30605362499773037
Train loss: 4.351572995101776 Val loss: 4.364818251293062 Time: 0.3068741669994779
Train loss: 4.143452569374794 Val loss: 4.156353591854261 Time: 0.30688337500032503
Train loss: 3.9478093807183647 Val loss: 3.9608907457683085 Time: 0.3168404170028225
Train loss: 3.7505730324154527 Val loss: 3.762015327293358 Time: 0.3065390000010666
Train loss: 3.6807532730954193 Val loss: 3.6917498185271675 Time: 0.31316591699942364
Train loss: 3.5831256905373206 Val loss: 3.5946236211761424 Time: 0.30820520799898077
Train loss: 3.3804831388164445 Val loss: 3.390583897204289 Time: 0.3082239590003155
Train loss: 3.235843109054451 Val loss: 3.2449310847366 Time: 0.30626491700240877
Train loss: 3.312406398280544 Val loss: 3.3193074683398573 Time: 0.3068089999978838
Train loss: 2.805358167849022 Val loss: 2.8126194254971657 Time: 0.3184746669976448
Train loss: 2.73064868721616 Val loss: 2.736456473758774 Time: 0.30552437499864027
Train loss: 2.4927149225008947 Val loss: 2.500693923269137 Time: 0.30736500000057276
Train loss: 2.5458092093183495 Val loss: 2.550138238984498 Time: 0.307333374999871
Train loss: 2.630503483639746 Val loss: 2.6352255562773856 Time: 0.30572570900039864
Train loss: 2.3185244928391384 Val loss: 2.323461991755444 Time: 0.3067102919994795
Train loss: 2.387365138246244 Val loss: 2.39157685348495 Time: 0.31775966699933633
Train loss: 2.0297628002718966 Val loss: 2.0345913298755933 Time: 0.30539587499879417
Train loss: 2.1507081820416776 Val loss: 2.1558020620517104 Time: 0.30504712499896414
Train loss: 2.0711018050522796 Val loss: 2.074959541513478 Time: 0.30717229199944995
Train loss: 2.044216831309063 Val loss: 2.04587480634729 Time: 0.30529091700009303
Train loss: 2.2206371420652715 Val loss: 2.2247523422273994 Time: 0.3063228329992853
Train loss: 1.8586498967096325 Val loss: 1.8605160643686651 Time: 0.3067580419992737
Train loss: 1.8977308045149783 Val loss: 1.9002647565913062 Time: 0.3182566659997974
Train loss: 1.842193808616706 Val loss: 1.8428842050964267 Time: 0.3055733750006766
Train loss: 1.9065804387096748 Val loss: 1.909177035913387 Time: 0.3064578330013319
Train loss: 1.7151620182406617 Val loss: 1.7168193174910646 Time: 0.30656500000259257
Train loss: 1.9057704064674539 Val loss: 1.9091677889133305 Time: 0.30652041700159316
Train loss: 1.5203355540394905 Val loss: 1.5226875060775147 Time: 0.3062473329991917
Train loss: 1.6708603873904204 Val loss: 1.674226808347262 Time: 0.3062062499993772
Train loss: 1.458822705888764 Val loss: 1.4619042603819226 Time: 0.3157657500014466
Train loss: 1.49343179489275 Val loss: 1.5003531787552815 Time: 0.36225212499994086
Train loss: 1.4367221473548222 Val loss: 1.4394417722952964 Time: 0.30529124999884516
Train loss: 1.5598061359315096 Val loss: 1.5629401014641733 Time: 0.3084464999992633
Train loss: 1.391166560673497 Val loss: 1.3924068318641885 Time: 0.3056405830029689
Train loss: 1.3998965810700028 Val loss: 1.4032722081425262 Time: 0.3085715000015625
Train loss: 1.412355484183994 Val loss: 1.414081029639339 Time: 0.3209992919983051
Train loss: 1.338366120362725 Val loss: 1.3393311168064455 Time: 0.3051073330025247
Train loss: 1.4528276814586594 Val loss: 1.4559512749381402 Time: 0.3065984170025331
Train loss: 1.1771802407630219 Val loss: 1.1793752145689116 Time: 0.3054524999970454
Train loss: 1.208839836649986 Val loss: 1.2129657067532418 Time: 0.3061455829993065
Train loss: 1.1655011624736886 Val loss: 1.1678793111915486 Time: 0.30662424999900395
Train loss: 1.1108026157842659 Val loss: 1.1125170507409543 Time: 0.3058858330005023
Train loss: 1.140278372134826 Val loss: 1.1402783856459013 Time: 0.3183352919986646
Train loss: 1.1670728037003606 Val loss: 1.169877885585322 Time: 0.3213023329990392
Train loss: 1.1033387563320645 Val loss: 1.108190146176153 Time: 0.3071868750012072
Train loss: 1.0702911019793646 Val loss: 1.0715649864948538 Time: 0.30928133400084334
Train loss: 1.0604262545531071 Val loss: 1.0664151789941787 Time: 0.30746999999973923
Train loss: 0.9814909244773844 Val loss: 0.9818642207819376 Time: 0.3070473750012752
Train loss: 1.086554001862737 Val loss: 1.0867394135082489 Time: 0.3196184170010383
Train loss: 1.0999418479275391 Val loss: 1.1034660798732867 Time: 0.3072566669980006
Train loss: 1.0654447282760353 Val loss: 1.0654681857398935 Time: 0.33582087499962654
Train loss: 1.0180201877152157 Val loss: 1.0195501251831331 Time: 0.3134259159996873
Train loss: 0.986848307403875 Val loss: 0.987725922147434 Time: 0.3089084160019411
Train loss: 1.1559750935326747 Val loss: 1.163328753910525 Time: 0.3095962090010289
Train loss: 0.903693932226389 Val loss: 0.9097884746692012 Time: 0.30637812500208383
Train loss: 0.8632652497038373 Val loss: 0.8671465588124326 Time: 0.3199002080000355
Train loss: 0.9092715802464832 Val loss: 0.9129431876847987 Time: 0.30834766699990723
Train loss: 0.9503691204353153 Val loss: 0.95297515044761 Time: 0.3061080830011633
Train loss: 0.8727007924149532 Val loss: 0.8742203825442733 Time: 0.30591383399951155
Train loss: 0.7845254440461531 Val loss: 0.7914282764125395 Time: 0.30696279099720414
Train loss: 0.8674276533437606 Val loss: 0.8736339929251519 Time: 0.306060292001348
Train loss: 0.8948148894183419 Val loss: 0.897647201411409 Time: 0.30650129199784715
Train loss: 0.8001427941309507 Val loss: 0.8024736915336452 Time: 0.3148635830002604
Train loss: 0.7444001125408808 Val loss: 0.7548228539506902 Time: 0.30712108300213004
Train loss: 0.7994631629900679 Val loss: 0.8128840120424762 Time: 0.30581845800043084
Train loss: 0.7336832562505471 Val loss: 0.7342816765787342 Time: 0.3056485839988454
Train loss: 0.7992802130318495 Val loss: 0.8024491847295326 Time: 0.3071947080024984
Train loss: 0.6838263995080149 Val loss: 0.6984376973008055 Time: 0.3062105409990181
Train loss: 0.777183329945194 Val loss: 0.7771921558806155 Time: 0.3185307499988994
Train loss: 0.730666541240879 Val loss: 0.7310177785291545 Time: 0.30555666700092843
Train loss: 0.6407044862960447 Val loss: 0.6565660941411698 Time: 0.30649800000173855
Train loss: 0.6609817122889723 Val loss: 0.662467791294368 Time: 0.3058920000003127
Train loss: 0.7109452572012742 Val loss: 0.7116148932467788 Time: 0.30509916699884343
Train loss: 0.7413589480491405 Val loss: 0.7514851973523563 Time: 0.30500033299904317
Train loss: 0.759849708642486 Val loss: 0.7818939963033831 Time: 0.31630570799825364
Train loss: 0.6439332397435855 Val loss: 0.6498336078212218 Time: 0.34757116599939764
Train loss: 0.6788589139801575 Val loss: 0.6808910493795712 Time: 0.30812629199863295
Train loss: 0.6237510248700744 Val loss: 0.6302213469711087 Time: 0.30461149999973713
Train loss: 0.6186060345586704 Val loss: 0.6397697540790961 Time: 0.30754816599801416
Train loss: 0.6069990561836391 Val loss: 0.6288365911732767 Time: 0.30534925000029034
Train loss: 0.6544290188568862 Val loss: 0.6638276521987246 Time: 0.30732391700075823
Train loss: 0.5650828985143619 Val loss: 0.5673738643755897 Time: 0.31538833399827126
Train loss: 0.746764571872518 Val loss: 0.7494343595343419 Time: 0.30962683300094795
Train loss: 0.6649088587687473 Val loss: 0.6752897640023221 Time: 0.30464437499904307
Train loss: 0.6003220265995708 Val loss: 0.6162955675277519 Time: 0.3057970409972768
Train loss: 0.5534056366158095 Val loss: 0.5539453543574306 Time: 0.30638616700161947
Train loss: 0.6318751999619368 Val loss: 0.6371554177564189 Time: 0.3085587499990652
Train loss: 0.5639119238391572 Val loss: 0.5837276572714296 Time: 0.3077694590028841
Train loss: 0.4467398696961036 Val loss: 0.47162418436567083 Time: 0.3985610420022567
Train loss: 0.5734206987794886 Val loss: 0.5795541704173334 Time: 0.3081695410000975
Train loss: 0.5254374210554076 Val loss: 0.5327348662569927 Time: 0.3065301249989716
Train loss: 0.49917849956014493 Val loss: 0.5285224790875106 Time: 0.3076485839992529
Train loss: 0.5109012398276782 Val loss: 0.5358674840017086 Time: 0.30796045899842284
Train loss: 0.580202881118673 Val loss: 0.5828412794713663 Time: 0.3067091669981892
Train loss: 0.5862839867728837 Val loss: 0.5932535333174987 Time: 0.310249540998484
Train loss: 0.5475164729494857 Val loss: 0.5574461602757971 Time: 0.3264356250001583
Train loss: 0.6204772389069184 Val loss: 0.6580887644173816 Time: 0.31494520799969905
Train loss: 0.6442705682985235 Val loss: 0.6515080950021678 Time: 0.3074721250013681
Shrinking learning rate to 1e-05
Train loss: 0.4522484720116893 Val loss: 0.47160222816632447 Time: 0.31213795799703803
Train loss: 0.515748505114459 Val loss: 0.5299921437027537 Time: 0.3092853330017533
Train loss: 0.5561688925348616 Val loss: 0.5689074723931928 Time: 0.3083935829999973
Train loss: 0.42543681568099956 Val loss: 0.44239084946298685 Time: 0.31810629200117546
Train loss: 0.46667057912035403 Val loss: 0.4810216725077136 Time: 0.30924195899933693
Train loss: 0.4660268936996559 Val loss: 0.4812422484615028 Time: 0.30831312500231434
Train loss: 0.43963517599328755 Val loss: 0.454430333597685 Time: 0.30806441599997925
Train loss: 0.45999620685095977 Val loss: 0.47493836967255754 Time: 0.3095224999997299
Train loss: 0.42884893138058544 Val loss: 0.4452721106123602 Time: 0.30773054200108163
Train loss: 0.4895199014577969 Val loss: 0.5024465741405802 Time: 0.308203415999742
Train loss: 0.44734160490710906 Val loss: 0.4613462572248186 Time: 0.3196847910003271
Train loss: 0.4122094111450032 Val loss: 0.42924182591418014 Time: 0.35505649999686284
Train loss: 0.456140573379912 Val loss: 0.47083889056427974 Time: 0.309267374999763
Train loss: 0.5431011573224538 Val loss: 0.5558887532474964 Time: 0.30948350000107894
Train loss: 0.5250340520321308 Val loss: 0.5387899139736831 Time: 0.30865408400131855
Train loss: 0.41928487286735305 Val loss: 0.4364906710137152 Time: 0.30736933300067903
Train loss: 0.453782226429408 Val loss: 0.4697105226037226 Time: 0.3178049579983053
Train loss: 0.41930962530102533 Val loss: 0.4374049855923485 Time: 0.30669079199651605
Train loss: 0.515215777977506 Val loss: 0.5291540751123883 Time: 0.30708345800303505
Train loss: 0.4042957861530694 Val loss: 0.4230614946529837 Time: 0.30749145799927646
Train loss: 0.47136081955662534 Val loss: 0.48784287262115916 Time: 0.3091745829988213
Train loss: 0.4456617225503976 Val loss: 0.4628559183808836 Time: 0.30692604199794005
Train loss: 0.4270685677985 Val loss: 0.4447837009848352 Time: 0.30734750000192435
Train loss: 0.4239224600111591 Val loss: 0.44275179500579753 Time: 0.31961470800160896
Train loss: 0.42250540344359955 Val loss: 0.4391355724639142 Time: 0.30721237499892595
Train loss: 0.4642949055827046 Val loss: 0.47984718985694735 Time: 0.30870375000085915
Train loss: 0.37469482017482747 Val loss: 0.39524397891541097 Time: 0.3095405000021856
Train loss: 0.42139241334899324 Val loss: 0.4376934043014537 Time: 0.3073058750014752
Train loss: 0.4235277024396886 Val loss: 0.44004112804232093 Time: 0.3457052500016289
Train loss: 0.45482834529469285 Val loss: 0.4684750004231952 Time: 0.320486874999915
Train loss: 0.4379312709009202 Val loss: 0.4518326668601452 Time: 0.3270093339997402
Train loss: 0.4990219149347226 Val loss: 0.5123283214794863 Time: 0.32689537500118604
Train loss: 0.39651289473513884 Val loss: 0.4131605419308045 Time: 0.30870879200301715
Train loss: 0.43138251523351556 Val loss: 0.44691698079355835 Time: 0.30736429099852103
Train loss: 0.44560737385452853 Val loss: 0.45922141947930106 Time: 0.3069367919997603
Train loss: 0.38987558238196485 Val loss: 0.40687101444196283 Time: 0.3073097920023429
Shrinking learning rate to 1.0000000000000002e-06
Train loss: 0.44986886836321105 Val loss: 0.4668780638533458 Time: 0.3240821250001318
Train loss: 0.41738911147944435 Val loss: 0.4356934103059999 Time: 0.3252267080024467
Train loss: 0.4739519073834728 Val loss: 0.4901897466684605 Time: 0.308459457999561
Train loss: 0.4094709070409892 Val loss: 0.4283724156272469 Time: 0.30782308299967553
Train loss: 0.4899684854730495 Val loss: 0.5058810999012708 Time: 0.30619066700091935
Train loss: 0.436535197317518 Val loss: 0.45431492012109065 Time: 0.30777149999994435
Train loss: 0.43920572439225225 Val loss: 0.45682965410588566 Time: 0.3165530830010539
Train loss: 0.4215265726493911 Val loss: 0.43981340918106904 Time: 0.3091922080020595
Train loss: 0.47921961563718796 Val loss: 0.4951704041092422 Time: 0.3079412080005568
Train loss: 0.40900821020302125 Val loss: 0.42759637019345154 Time: 0.3059797919995617
Shrinking learning rate to 1.0000000000000002e-07
Learning rate getting small
Complete
 Total time: 50.372080791999906