starting log for model: models/rnn_comb_new_22-23.pth
Train loss: 13.860161754633396 Val loss: 1.5698079851574653 Time: 0.3018511669943109
Train loss: 11.682909157486108 Val loss: 1.349358903077262 Time: 0.24634991699713282
Train loss: 9.456463391215095 Val loss: 1.1213053174802625 Time: 0.2593505830009235
Train loss: 7.465225135538958 Val loss: 0.9082189187462383 Time: 0.2771915839985013
Train loss: 6.453670744368028 Val loss: 0.7921443962318828 Time: 0.2666921249910956
Train loss: 6.009661793023709 Val loss: 0.7377906865626549 Time: 0.24776087499049027
Train loss: 5.804614085776153 Val loss: 0.7094359812284701 Time: 0.24627350000082515
Train loss: 5.530764305090751 Val loss: 0.6758612509451013 Time: 0.25316424999618903
Train loss: 5.30882902278099 Val loss: 0.6498007272817713 Time: 0.2538723750039935
Train loss: 5.210660085293966 Val loss: 0.6402353453707187 Time: 0.24518358299974352
Train loss: 5.090024393631031 Val loss: 0.6201839295845383 Time: 0.24362475000089034
Train loss: 5.243694141642564 Val loss: 0.6292666929265486 Time: 0.24541695800144225
Train loss: 4.830154747850896 Val loss: 0.5872953467295469 Time: 0.24256341700674966
Train loss: 4.718434704379305 Val loss: 0.5759323352889435 Time: 0.243900624991511
Train loss: 4.721258627232596 Val loss: 0.5714500587331445 Time: 0.24295120900205802
Train loss: 4.451681973806785 Val loss: 0.5462469004114441 Time: 0.29801195800246205
Train loss: 4.524134779608269 Val loss: 0.5469946709199476 Time: 0.2525217079964932
Train loss: 4.214246714893221 Val loss: 0.5127221509437841 Time: 0.24340254100388847
Train loss: 4.223247372472628 Val loss: 0.515412748831575 Time: 0.24255933301174082
Train loss: 4.030756464743959 Val loss: 0.4929521858899786 Time: 0.2427775410033064
Train loss: 3.9444707870420297 Val loss: 0.4844493240389436 Time: 0.24274920800235122
Train loss: 4.053174862890279 Val loss: 0.4906923325260794 Time: 0.24272183299763128
Train loss: 3.9279407560524646 Val loss: 0.4753184436868212 Time: 0.24308050000399817
Train loss: 3.6137209758784934 Val loss: 0.441266015111258 Time: 0.24338387500029057
Train loss: 3.581340524602183 Val loss: 0.4357892285441044 Time: 0.2543317919917172
Train loss: 3.4857689775290908 Val loss: 0.43142373186176813 Time: 0.2437865419924492
Train loss: 3.3549465570440553 Val loss: 0.4156957866761336 Time: 0.24388800001179334
Train loss: 3.137998704409604 Val loss: 0.3850320363057085 Time: 0.24339441600022838
Train loss: 3.148486154032792 Val loss: 0.3841371747659966 Time: 0.24205254200205673
Train loss: 3.0752395981004703 Val loss: 0.38153496086934235 Time: 0.24321483400126453
Train loss: 3.1096033596868864 Val loss: 0.37807890422606766 Time: 0.24315320799360052
Train loss: 2.9445384688447325 Val loss: 0.36176666000653546 Time: 0.24339299999701325
Train loss: 2.87375993540212 Val loss: 0.3537742932887024 Time: 0.24186724999162834
Train loss: 2.7345653812518265 Val loss: 0.3322825957454151 Time: 0.25249008399259765
Train loss: 2.6766541873634067 Val loss: 0.3268117679371061 Time: 0.26144445801037364
Train loss: 2.741220052662449 Val loss: 0.3266093811139408 Time: 0.24487295899598394
Train loss: 2.6863508887179277 Val loss: 0.31322622663075145 Time: 0.2430129590065917
Train loss: 2.5145277317315475 Val loss: 0.30034361689384464 Time: 0.24295874999370426
Train loss: 2.459635666062404 Val loss: 0.29717340105178697 Time: 0.2431220839935122
Train loss: 2.3941894630113065 Val loss: 0.2929128046013643 Time: 0.24253037499147467
Train loss: 2.288240476394426 Val loss: 0.2779093497890195 Time: 0.24230716700549237
Train loss: 2.328923564984941 Val loss: 0.2745319896102697 Time: 0.2513967499980936
Train loss: 2.2702052411108555 Val loss: 0.2742523154776016 Time: 0.2432244169904152
Train loss: 2.229687669957242 Val loss: 0.2685362978202073 Time: 0.24315691700030584
Train loss: 2.074332024626786 Val loss: 0.26418359555842497 Time: 0.24141516600502655
Train loss: 2.1266105076646307 Val loss: 0.2577927659357877 Time: 0.24292879200947937
Train loss: 2.0023358834953178 Val loss: 0.2559258976563727 Time: 0.24239608300558757
Train loss: 2.141990542897903 Val loss: 0.2549930417155155 Time: 0.2425247500068508
Train loss: 1.9290800355941293 Val loss: 0.24608926128107772 Time: 0.2536786250129808
Train loss: 2.06609221526851 Val loss: 0.2558448893308224 Time: 0.25614029199641664
Train loss: 1.9044311361733834 Val loss: 0.243136957455647 Time: 0.24329341600241605
Train loss: 1.8887005389143496 Val loss: 0.23680272821619405 Time: 0.2422981669951696
Train loss: 1.7755044787810448 Val loss: 0.22919551843313016 Time: 0.24244429099780973
Train loss: 1.8737874358785405 Val loss: 0.23672703643162082 Time: 0.24115299999539275
Train loss: 1.8877211450581703 Val loss: 0.23371508602846536 Time: 0.24205541699484456
Train loss: 1.883849164186035 Val loss: 0.23306394165006736 Time: 0.24327033299778122
Train loss: 1.7960653218823879 Val loss: 0.22582407678512983 Time: 0.2430310829950031
Train loss: 1.6658623223626847 Val loss: 0.21498198882079225 Time: 0.24187229199742433
Train loss: 1.715774247933286 Val loss: 0.21704949441176402 Time: 0.2553662499994971
Train loss: 1.715236840169844 Val loss: 0.21801468763075293 Time: 0.24200104200281203
Train loss: 1.7739221176426923 Val loss: 0.2186513534428572 Time: 0.24115445899951737
Train loss: 1.7097030816089227 Val loss: 0.21726310413498792 Time: 0.2412146249989746
Train loss: 1.6201477301048612 Val loss: 0.20673940798637416 Time: 0.24093579201144166
Train loss: 1.5338169983410417 Val loss: 0.20796304661852338 Time: 0.24347270900034346
Train loss: 1.5839209294920806 Val loss: 0.2004958240693167 Time: 0.2414510410017101
Train loss: 1.5633446555303152 Val loss: 0.20465139158731752 Time: 0.24219241700484417
Train loss: 1.5046054113416858 Val loss: 0.2051479389567923 Time: 0.25120729199261405
Train loss: 1.4203830697838384 Val loss: 0.20741065305773612 Time: 0.24132762500084937
Train loss: 1.4088347767193667 Val loss: 0.19198308994825267 Time: 0.24284274999808986
Train loss: 1.4292241962378966 Val loss: 0.20351545276818334 Time: 0.24225116698653437
Train loss: 1.4644327108374746 Val loss: 0.20156676833170042 Time: 0.24270283299847506
Train loss: 1.421187902720249 Val loss: 0.2087459335680431 Time: 0.24214837500767317
Train loss: 1.3785181491793779 Val loss: 0.19405337488765537 Time: 0.24213999998755753
Train loss: 1.3867690180817291 Val loss: 0.1956110848750675 Time: 0.2423522079916438
Train loss: 1.3227096109768581 Val loss: 0.19632467690719183 Time: 0.24805520799418446
Train loss: 1.3011613024025965 Val loss: 0.19095264158653064 Time: 0.24621512500743847
Train loss: 1.2343087422492047 Val loss: 0.18953231716326982 Time: 0.24170895900169853
Train loss: 1.2757731760101518 Val loss: 0.19116169882545214 Time: 0.2420248749986058
Train loss: 1.2412540031117034 Val loss: 0.18699628344187225 Time: 0.24283062499307562
Train loss: 1.2796331551174376 Val loss: 0.20767734999586446 Time: 0.24155362500459887
Train loss: 1.26310083968729 Val loss: 0.1969824932170563 Time: 0.2424780000001192
Train loss: 1.1928106901089457 Val loss: 0.18812427116549962 Time: 0.2460551249969285
Train loss: 1.1847130054572825 Val loss: 0.20318227554490959 Time: 0.24261920900607947
Train loss: 1.1733889265006923 Val loss: 0.19442832473227384 Time: 0.25097304199880455
Train loss: 1.0811869392052893 Val loss: 0.17975450057309797 Time: 0.2619341249956051
Train loss: 1.1088693664964264 Val loss: 0.18767228303353256 Time: 0.24136949999956414
Train loss: 1.1454955659561534 Val loss: 0.18317069602080144 Time: 0.24347800000396091
Train loss: 1.119298296591026 Val loss: 0.19810997560609528 Time: 0.24144495799555443
Train loss: 1.0987417509715627 Val loss: 0.18152630334384498 Time: 0.2414309160085395
Train loss: 1.030255924483221 Val loss: 0.19296168946129622 Time: 0.24261058299452998
Train loss: 1.0427374576408823 Val loss: 0.1908032164889066 Time: 0.24175858299713582
Train loss: 1.0085046960787487 Val loss: 0.1782908768277665 Time: 0.2531190840090858
Train loss: 0.9893861590136908 Val loss: 0.19071473844429088 Time: 0.24207266700977925
Train loss: 0.9295058541752326 Val loss: 0.1629632202750676 Time: 0.24112766698817722
Train loss: 1.0135376535629206 Val loss: 0.19002095516979703 Time: 0.24264020800183062
Train loss: 0.9912233396110182 Val loss: 0.18595294471186546 Time: 0.2448987919924548
Train loss: 1.0325256264963514 Val loss: 0.1786623326974723 Time: 0.27010395799879916
Train loss: 0.9589262669481471 Val loss: 0.17748077379625085 Time: 0.2610598749888595
Train loss: 0.8561474355413647 Val loss: 0.18289359678045256 Time: 0.2454105829965556
Train loss: 0.9962297503315654 Val loss: 0.1809010171737302 Time: 0.26604195800609887
Train loss: 0.8976179359316525 Val loss: 0.17820294495132769 Time: 0.24427929100056645
Train loss: 0.8899281767336902 Val loss: 0.20093979622456176 Time: 0.24634295899886638
Train loss: 0.9142086693414804 Val loss: 0.18309613417085657 Time: 0.24520929199934471
Train loss: 0.9088502432296277 Val loss: 0.18172082221292882 Time: 0.24396087499917485
Train loss: 0.8075877012948496 Val loss: 0.17897781807370997 Time: 0.24323100000037812
Train loss: 0.906701942490429 Val loss: 0.18041786105924698 Time: 0.24465437499748077
Train loss: 0.9411397378649831 Val loss: 0.17871244732324168 Time: 0.24397758400300518
Train loss: 0.7855825782709447 Val loss: 0.17322872128026093 Time: 0.24397025001235306
Train loss: 0.8161692331689623 Val loss: 0.18936696674490036 Time: 0.25422787500428967
Train loss: 0.770739491405829 Val loss: 0.16255079622056046 Time: 0.24485537500004284
Train loss: 0.7770344726230292 Val loss: 0.1776222907356191 Time: 0.2449340829916764
Train loss: 0.6888281740917463 Val loss: 0.16507034191412165 Time: 0.24380520900012925
Train loss: 0.7809505623833672 Val loss: 0.1762713615506867 Time: 0.24923408300674055
Train loss: 0.7043892808157608 Val loss: 0.15917219647616077 Time: 0.24536904100386892
Train loss: 0.7452238689729027 Val loss: 0.19342164528438727 Time: 0.24510954100696836
Train loss: 0.7012174089374428 Val loss: 0.1678933093408998 Time: 0.2436287500022445
Train loss: 0.6705627292971599 Val loss: 0.15010169921512564 Time: 0.2549417920090491
Train loss: 0.7228480922616072 Val loss: 0.1671370053833969 Time: 0.24672787499730475
Train loss: 0.7877516781180081 Val loss: 0.16835780237336015 Time: 0.24821249999513384
Train loss: 0.7195482572874994 Val loss: 0.17117039542974663 Time: 0.2445093749993248
Train loss: 0.6851762577391174 Val loss: 0.1586598388448557 Time: 0.24876241601305082
Train loss: 0.7312755063063143 Val loss: 0.15081678886649738 Time: 0.297637791998568
Train loss: 0.7621402022429322 Val loss: 0.17616097226644312 Time: 0.25705270799517166
Train loss: 0.721855101297006 Val loss: 0.1608214488831564 Time: 0.2666495000012219
Train loss: 0.7669422392967569 Val loss: 0.16202303319596426 Time: 0.26065037499938626
Train loss: 0.6929515041057721 Val loss: 0.16840442214327475 Time: 0.24898933299118653
Shrinking learning rate to 5e-06
Train loss: 0.7723113920534113 Val loss: 0.15723777728371663 Time: 0.2448480409948388
Train loss: 0.7449483312780787 Val loss: 0.15507420393227042 Time: 0.24256004201015458
Train loss: 0.707493118233117 Val loss: 0.15411470195968 Time: 0.24267504199815448
Train loss: 0.6790633050012502 Val loss: 0.15388154959158612 Time: 0.25448708300245926
Train loss: 0.7099556289585394 Val loss: 0.15693261085917343 Time: 0.2483432500011986
Train loss: 0.7359467727846507 Val loss: 0.1593005174357676 Time: 0.2587156249937834
Train loss: 0.7256950950824148 Val loss: 0.1590880673150962 Time: 0.2543029169901274
Train loss: 0.6304060434512344 Val loss: 0.1563485513781373 Time: 0.24581937499169726
Train loss: 0.7042628263773785 Val loss: 0.15843330383226825 Time: 0.24313333300233353
Train loss: 0.6808900125561195 Val loss: 0.15494968352964658 Time: 0.24445383400598075
Train loss: 0.6833327518980497 Val loss: 0.15469520788820498 Time: 0.2426934590039309
Train loss: 0.6442538288200663 Val loss: 0.15746875390087336 Time: 0.24318266700720415
Train loss: 0.6826720084561027 Val loss: 0.159207496066783 Time: 0.24369962500350084
Train loss: 0.6413257941006272 Val loss: 0.15605594996436728 Time: 0.24311583398957737
Train loss: 0.6466361164151699 Val loss: 0.1608306635830905 Time: 0.2568722500000149
Train loss: 0.8055743941779987 Val loss: 0.1655241825913789 Time: 0.24607912500505336
Train loss: 0.7040165369610332 Val loss: 0.15949697609346217 Time: 0.24378179099585395
Shrinking learning rate to 5.000000000000001e-07
Learning rate getting small
Complete
 Total time: 35.64653033298964