starting log for model: models/rnn_lin1_alpha_10_22-23.pth
Train loss: 14.509361087864505 Val loss: 145.0957573952605 Time: 0.33075820800149813
Train loss: 13.06137329753063 Val loss: 130.61594358678232 Time: 0.3588619580004888
Train loss: 10.2952072137895 Val loss: 102.95401199476156 Time: 0.3089365829982853
Train loss: 7.660518769533748 Val loss: 76.60705730406983 Time: 0.32244229199932306
Train loss: 6.860173052331719 Val loss: 68.60346559543972 Time: 0.30836941599773127
Train loss: 6.3312977481872394 Val loss: 63.314682243650005 Time: 0.3085034159994393
Train loss: 5.9767604131433245 Val loss: 59.769268238017965 Time: 0.310398207999242
Train loss: 5.905608939473964 Val loss: 59.05765742756293 Time: 0.3056265830018674
Train loss: 5.6867265251752315 Val loss: 56.868790232697066 Time: 0.30792591700082994
Train loss: 5.439400411867268 Val loss: 54.395590249772155 Time: 0.31926170899896533
Train loss: 5.413860941661767 Val loss: 54.140077704771144 Time: 0.30791095799941104
Train loss: 5.075543066752051 Val loss: 50.756965713047656 Time: 0.31003812499693595
Train loss: 5.100258616229972 Val loss: 51.0040619528505 Time: 0.3062987080011226
Train loss: 4.826680510232165 Val loss: 48.26817777667841 Time: 0.30810979200032307
Train loss: 4.679397053289719 Val loss: 46.79545018457775 Time: 0.30846537499746773
Train loss: 4.737906273134342 Val loss: 47.38043536367577 Time: 0.30883383300169953
Train loss: 4.442785432880589 Val loss: 44.429204618558764 Time: 0.3214728749990172
Train loss: 4.351572995101776 Val loss: 43.517056472204395 Time: 0.30787312499887776
Train loss: 4.143452569374794 Val loss: 41.435817784275955 Time: 0.3084552500004065
Train loss: 3.9478093807183647 Val loss: 39.47940408924908 Time: 0.3088588749997143
Train loss: 3.7505730324154527 Val loss: 37.5068762815502 Time: 0.3091019169987703
Train loss: 3.6807532730954193 Val loss: 36.80863401167527 Time: 0.3094076250017679
Train loss: 3.5831256905373206 Val loss: 35.832408524722204 Time: 0.30797070799962967
Train loss: 3.3804831388164445 Val loss: 33.80584295790281 Time: 0.3180300839994743
Train loss: 3.235843109054451 Val loss: 32.359341151509746 Time: 0.307153500001732
Train loss: 3.312406398280544 Val loss: 33.12475480149243 Time: 0.307582834000641
Train loss: 2.805358167849022 Val loss: 28.054308734568544 Time: 0.30652808300146717
Train loss: 2.73064868721616 Val loss: 27.307068262252443 Time: 0.30784124999991036
Train loss: 2.4927149225008947 Val loss: 24.927948389285483 Time: 0.3064234999983455
Train loss: 2.5458092093183495 Val loss: 25.458525360528895 Time: 0.3190655409998726
Train loss: 2.630503483639746 Val loss: 26.305507463249985 Time: 0.3051377909978328
Train loss: 2.3185244928391384 Val loss: 23.18573919875611 Time: 0.3061323749971052
Train loss: 2.387365138246244 Val loss: 23.87407292177358 Time: 0.38798120799765456
Train loss: 2.0297628002718966 Val loss: 20.298111424243352 Time: 0.3051215410014265
Train loss: 2.1507081820416776 Val loss: 21.50759180560546 Time: 0.3092217499979597
Train loss: 2.0711018050522796 Val loss: 20.71140417985 Time: 0.30800516700037406
Train loss: 2.044216831309063 Val loss: 20.442334177157115 Time: 0.3180531250000058
Train loss: 2.2206371420652715 Val loss: 22.206783318155473 Time: 0.3092651670012856
Train loss: 1.8586498967096325 Val loss: 18.58668567661023 Time: 0.30736220899780164
Train loss: 1.8977308045149783 Val loss: 18.97756160783689 Time: 0.30620812499910244
Train loss: 1.842193808616706 Val loss: 18.42200713862256 Time: 0.30831345800106646
Train loss: 1.9065804387096748 Val loss: 19.066064221863574 Time: 0.3096519579994492
Train loss: 1.7151620182406617 Val loss: 17.151785991599624 Time: 0.3168877499992959
Train loss: 1.9057704064674539 Val loss: 19.058044102708166 Time: 0.3638119999995979
Train loss: 1.5203355540394905 Val loss: 15.203590915699635 Time: 0.30571129199961433
Train loss: 1.6708603873904204 Val loss: 16.708940851732187 Time: 0.30701008300093235
Train loss: 1.458822705888764 Val loss: 14.588535536542649 Time: 0.30718466699909186
Train loss: 1.49343179489275 Val loss: 14.935011675076206 Time: 0.3072461250012566
Train loss: 1.4367221473548222 Val loss: 14.367493690867377 Time: 0.3067964590009069
Train loss: 1.5598061359315096 Val loss: 15.598375067552196 Time: 0.32336012499945355
Train loss: 1.391166560673497 Val loss: 13.91178968858783 Time: 0.3087562500004424
Train loss: 1.3998965810700028 Val loss: 13.99930377631695 Time: 0.3078804159995343
Train loss: 1.412355484183994 Val loss: 14.123727500739374 Time: 0.30632458299805876
Train loss: 1.338366120362725 Val loss: 13.383757737712845 Time: 0.308596499999112
Train loss: 1.4528276814586594 Val loss: 14.528589506357314 Time: 0.30700295900169294
Train loss: 1.1771802407630219 Val loss: 11.772022107598387 Time: 0.316788791998988
Train loss: 1.208839836649986 Val loss: 12.08881165054216 Time: 0.37664820800273446
Train loss: 1.1655011624736886 Val loss: 11.655249679802388 Time: 0.3071536669995112
Train loss: 1.1108026157842659 Val loss: 11.108197732317917 Time: 0.308641624997108
Train loss: 1.140278372134826 Val loss: 11.402783722699368 Time: 0.30813329100055853
Train loss: 1.1670728037003606 Val loss: 11.67100887891645 Time: 0.30844516700017266
Train loss: 1.1033387563320645 Val loss: 11.033873758172884 Time: 0.3069091249999474
Train loss: 1.0702911019793646 Val loss: 10.703038483296497 Time: 0.3203555000000051
Train loss: 1.0604262545531071 Val loss: 10.604863112138542 Time: 0.30934775000059744
Train loss: 0.9814909244773844 Val loss: 9.814946581432185 Time: 0.3075134999999136
Train loss: 1.086554001862737 Val loss: 10.86555856135805 Time: 0.30621187499855296
Train loss: 1.0999418479275391 Val loss: 10.999771461391079 Time: 0.30749916700005997
Train loss: 1.0654447282760353 Val loss: 10.654449628532303 Time: 0.3085192910002661
Train loss: 1.0180201877152157 Val loss: 10.180354984711364 Time: 0.31101508400024613
Train loss: 0.986848307403875 Val loss: 9.868570874146135 Time: 0.31926316599856364
Train loss: 1.1559750935326747 Val loss: 11.5604886168187 Time: 0.306798166999215
Train loss: 0.903693932226389 Val loss: 9.03755081090986 Time: 0.3065999999998894
Train loss: 0.8632652497038373 Val loss: 8.633041491718714 Time: 0.3090094590006629
Train loss: 0.9092715802464832 Val loss: 9.093083697057331 Time: 0.30818729200109374
Train loss: 0.9503691204353153 Val loss: 9.503952161074524 Time: 0.3072208330013382
Train loss: 0.8727007924149532 Val loss: 8.727160014136494 Time: 0.31865962499796296
Train loss: 0.7845254440461531 Val loss: 7.8459477298750135 Time: 0.3089557080020313
Train loss: 0.8674276533437606 Val loss: 8.674899365315728 Time: 0.3074899169987475
Train loss: 0.8948148894183419 Val loss: 8.948432569134827 Time: 0.30670266699962667
Train loss: 0.8001427941309507 Val loss: 8.001661367151977 Time: 0.309054000001197
Train loss: 0.7444001125408808 Val loss: 7.44505062228478 Time: 0.30730516699986765
Train loss: 0.7994631629900679 Val loss: 7.995984865284862 Time: 0.30761504100155435
Train loss: 0.7336832562505471 Val loss: 7.3368924286987784 Time: 0.32097662500018487
Train loss: 0.7992802130318495 Val loss: 7.993119649395518 Time: 0.30867312500049593
Train loss: 0.6838263995080149 Val loss: 6.839740575398769 Time: 0.30875250000099186
Train loss: 0.777183329945194 Val loss: 7.771834182050443 Time: 0.30787729199801106
Train loss: 0.730666541240879 Val loss: 7.3067005444952855 Time: 0.3079879999968398
Train loss: 0.6407044862960447 Val loss: 6.408650456469268 Time: 0.3092225000000326
Train loss: 0.6609817122889723 Val loss: 6.60996589617285 Time: 0.3184744589998445
Train loss: 0.7109452572012742 Val loss: 7.109519566837989 Time: 0.3096721250003611
Train loss: 0.7413589480491405 Val loss: 7.414608951066806 Time: 0.3064782080000441
Train loss: 0.759849708642486 Val loss: 7.600733162934895 Time: 0.3198264169986942
Train loss: 0.6439332397435855 Val loss: 6.4399251102225 Time: 0.33644208400073694
Train loss: 0.6788589139801575 Val loss: 6.788792654446502 Time: 0.31211083400194184
Train loss: 0.6237510248700744 Val loss: 6.238160602918013 Time: 0.3089947089974885
Train loss: 0.6186060345586704 Val loss: 6.188212545758453 Time: 0.3196187919966178
Train loss: 0.6069990561836391 Val loss: 6.072213190013462 Time: 0.3082106660003774
Train loss: 0.6544290188568862 Val loss: 6.545236732410857 Time: 0.3083872919996793
Train loss: 0.5650828985143619 Val loss: 5.651058541470117 Time: 0.3101667919981992
Train loss: 0.746764571872518 Val loss: 7.467913169945216 Time: 0.30834145799963153
Train loss: 0.6649088587687473 Val loss: 6.650134699523984 Time: 0.3076735840004403
Train loss: 0.6003220265995708 Val loss: 6.004838653369074 Time: 0.3124795420008013
Train loss: 0.5534056366158095 Val loss: 5.5341103639872395 Time: 0.31485375000193017
Train loss: 0.6318751999619368 Val loss: 6.319282205341298 Time: 0.3075296669994714
Train loss: 0.5639119238391572 Val loss: 5.641135267374251 Time: 0.30797270800030674
Train loss: 0.4467398696961036 Val loss: 4.469955701985385 Time: 0.3085290829985752
Train loss: 0.5734206987794886 Val loss: 5.734823582076006 Time: 0.30940383399865823
Train loss: 0.5254374210554076 Val loss: 5.255108971164753 Time: 0.3068050830006541
Train loss: 0.49917849956014493 Val loss: 4.994804728794655 Time: 0.3174794170008681
Train loss: 0.5109012398276782 Val loss: 5.111569384181217 Time: 0.3053912499999569
Train loss: 0.580202881118673 Val loss: 5.802293244885018 Time: 0.30689220799831674
Train loss: 0.5862839867728837 Val loss: 5.863540923049662 Time: 0.30753283399826614
Train loss: 0.5475164729494857 Val loss: 5.476166610737813 Time: 0.31485645799693884
Train loss: 0.6204772389069184 Val loss: 6.2086463273411026 Time: 0.31209358400155907
Train loss: 0.6442705682985235 Val loss: 6.443433459751709 Time: 0.3075913339998806
Shrinking learning rate to 1e-05
Train loss: 0.4522484720116893 Val loss: 4.524461075627163 Time: 0.3185917079972569
Train loss: 0.515748505114459 Val loss: 5.158928881525578 Time: 0.3088434999990568
Train loss: 0.5561688925348616 Val loss: 5.562977222447239 Time: 0.307077625002421
Train loss: 0.42543681568099956 Val loss: 4.256096990580768 Time: 0.3084550420026062
Train loss: 0.46667057912035403 Val loss: 4.668162739414539 Time: 0.30770037500042235
Train loss: 0.4660268936996559 Val loss: 4.6618150543739905 Time: 0.3066027499990014
Train loss: 0.43963517599328755 Val loss: 4.3978559136456425 Time: 0.3947584579982504
Train loss: 0.45999620685095977 Val loss: 4.6014803027283575 Time: 0.307207957997889
Train loss: 0.42884893138058544 Val loss: 4.290162752293894 Time: 0.35078462499950547
Train loss: 0.4895199014577969 Val loss: 4.896508574307562 Time: 0.3093866250019346
Train loss: 0.44734160490710906 Val loss: 4.474838209998356 Time: 0.3166500410006847
Train loss: 0.4122094111450032 Val loss: 4.123832175310807 Time: 0.3141929999983404
Train loss: 0.456140573379912 Val loss: 4.562899002445697 Time: 0.3073312079977768
Train loss: 0.5431011573224538 Val loss: 5.432305233268924 Time: 0.31779804100006004
Train loss: 0.5250340520321308 Val loss: 5.251733941750507 Time: 0.307387541000935
Train loss: 0.41928487286735305 Val loss: 4.194604243883545 Time: 0.30942379200132564
Train loss: 0.453782226429408 Val loss: 4.539442759672655 Time: 0.30781429200214916
Train loss: 0.41930962530102533 Val loss: 4.194944427112185 Time: 0.3092102080008772
Train loss: 0.515215777977506 Val loss: 5.153570269728331 Time: 0.3079702919967531
Train loss: 0.4042957861530694 Val loss: 4.04487752789497 Time: 0.31898554200233775
Train loss: 0.47136081955662534 Val loss: 4.715284919012161 Time: 0.3127365000000282
Train loss: 0.4456617225503976 Val loss: 4.45836946931189 Time: 0.3448770840004727
Train loss: 0.4270685677985 Val loss: 4.272493550516666 Time: 0.324389291999978
Train loss: 0.4239224600111591 Val loss: 4.241148913922997 Time: 0.3084479999997711
Train loss: 0.42250540344359955 Val loss: 4.226749440050599 Time: 0.30764162500054226
Train loss: 0.4642949055827046 Val loss: 4.6445300624787444 Time: 0.30842179199680686
Train loss: 0.37469482017482747 Val loss: 3.7490588713952824 Time: 0.3179178749996936
Train loss: 0.42139241334899324 Val loss: 4.215585434189395 Time: 0.30907412500164355
Train loss: 0.4235277024396886 Val loss: 4.236960225564911 Time: 0.30856008299815585
Train loss: 0.45482834529469285 Val loss: 4.549668380298595 Time: 0.3060133750004752
Train loss: 0.4379312709009202 Val loss: 4.380724684809418 Time: 0.31927079199886066
Train loss: 0.4990219149347226 Val loss: 4.991567348630751 Time: 0.31005554200237384
Train loss: 0.39651289473513884 Val loss: 3.9668282956086274 Time: 0.31639991699921666
Train loss: 0.43138251523351556 Val loss: 4.315406279620943 Time: 0.308924458000547
Train loss: 0.44560737385452853 Val loss: 4.457455725391785 Time: 0.30855966599847306
Train loss: 0.38987558238196485 Val loss: 3.9004920236327854 Time: 0.30711191699811025
Shrinking learning rate to 1.0000000000000002e-06
Train loss: 0.44986886836321105 Val loss: 4.500421424713986 Time: 0.30772945799981244
Train loss: 0.41738911147944435 Val loss: 4.175761261801551 Time: 0.3083232910030347
Train loss: 0.4739519073834728 Val loss: 4.741170385935276 Time: 0.30704829200112727
Train loss: 0.4094709070409892 Val loss: 4.096642390306285 Time: 0.31546979199993075
Train loss: 0.4899684854730495 Val loss: 4.901301688955288 Time: 0.3076768329992774
Train loss: 0.436535197317518 Val loss: 4.36716577631901 Time: 0.3074439160009206
Train loss: 0.43920572439225225 Val loss: 4.393854628731347 Time: 0.307489999999234
Train loss: 0.4215265726493911 Val loss: 4.217133662619691 Time: 0.3070760419977887
Train loss: 0.47921961563718796 Val loss: 4.793817506981223 Time: 0.3066425420001906
Train loss: 0.40900821020302125 Val loss: 4.091982715156189 Time: 0.3056487499998184
Shrinking learning rate to 1.0000000000000002e-07
Learning rate getting small
Complete
 Total time: 50.48598412499996