starting log for model: models/rnn_fcast_24_new_22-23.pth
Train loss: 16.339665749070264 Val loss: 1.970160352131175 Time: 0.3588485419986682
Train loss: 12.852580778490506 Val loss: 1.5833709250049195 Time: 0.29535395899983996
Train loss: 10.6174241975285 Val loss: 1.3732956469760078 Time: 0.2979655830004049
Train loss: 8.050924910373453 Val loss: 1.0875405661218032 Time: 0.2858694580008887
Train loss: 6.717631569377005 Val loss: 0.9126187532980669 Time: 0.26937945800091256
Train loss: 6.36894878453521 Val loss: 0.887099906598957 Time: 0.2991063329991448
Train loss: 6.148886899284481 Val loss: 0.8661348042971944 Time: 0.29081870799927856
Train loss: 6.027507122256509 Val loss: 0.8542864318962579 Time: 0.29186433299946657
Train loss: 5.889949929272408 Val loss: 0.841881751216305 Time: 0.29191329200148175
Train loss: 5.780258588148403 Val loss: 0.8321232243524749 Time: 0.29239741699893784
Train loss: 5.669678934204285 Val loss: 0.8225885951323055 Time: 0.26888570799928857
Train loss: 5.575748163998611 Val loss: 0.813879510100044 Time: 0.2731762080002227
Train loss: 5.4744233082962745 Val loss: 0.8043499471300055 Time: 0.2700739159990917
Train loss: 5.379843822007899 Val loss: 0.7952966742833456 Time: 0.27112504199976684
Train loss: 5.292772554563697 Val loss: 0.7871209856549499 Time: 0.269417457999225
Train loss: 5.200524554633285 Val loss: 0.7787658249675707 Time: 0.2730771670012473
Train loss: 5.112800637920885 Val loss: 0.7701027428163745 Time: 0.2690522079992661
Train loss: 5.027189594675779 Val loss: 0.7613626795329571 Time: 0.2748465839995333
Train loss: 4.943571573607127 Val loss: 0.7526142870229612 Time: 0.2689424580003106
Train loss: 4.863549517054366 Val loss: 0.7436777192512909 Time: 0.27790674999960174
Train loss: 4.789443610070634 Val loss: 0.7356989226490235 Time: 0.28630874999907974
Train loss: 4.7058175811385325 Val loss: 0.7280777627445562 Time: 0.35409120800068195
Train loss: 4.637286665298696 Val loss: 0.7211116378481419 Time: 0.28587395799877413
Train loss: 4.573845205433809 Val loss: 0.7143351235869949 Time: 0.30758495800000674
Train loss: 4.514220814654834 Val loss: 0.7078098767067385 Time: 0.27580062500055647
Train loss: 4.4520804221318855 Val loss: 0.7007590524548926 Time: 0.27169524999953865
Train loss: 4.382412108358536 Val loss: 0.6931988804564768 Time: 0.29095979100020486
Train loss: 4.302466412000619 Val loss: 0.6844497024849043 Time: 0.2836261669999658
Train loss: 4.213415335775199 Val loss: 0.672936330140442 Time: 0.28478016699955333
Train loss: 4.124646307705348 Val loss: 0.6632524983884214 Time: 0.307575208000344
Train loss: 4.043368655004045 Val loss: 0.6538033002675504 Time: 0.29233874999954423
Train loss: 3.9661748158416916 Val loss: 0.5430709929797228 Time: 0.2898178329996881
Train loss: 3.8889665625649883 Val loss: 0.530407841824735 Time: 0.290428583000903
Train loss: 3.8062060360355527 Val loss: 0.5185246603862257 Time: 0.30276329099979193
Train loss: 3.7232714682521255 Val loss: 0.5070745012790725 Time: 0.3220583330003137
Train loss: 3.638624085674408 Val loss: 0.49484810604429014 Time: 0.28980908400080807
Train loss: 3.5686535586079247 Val loss: 0.48440525666494233 Time: 0.27412454200020875
Train loss: 3.4918402584521218 Val loss: 0.47389099651747446 Time: 0.27877233300023363
Train loss: 3.421830527572454 Val loss: 0.46248600325028094 Time: 0.2799332920003508
Train loss: 3.3627410234198845 Val loss: 0.45306230636727907 Time: 0.2683466669986956
Train loss: 3.2988778396699034 Val loss: 0.4438642423964309 Time: 0.28876674999992247
Train loss: 3.2328373564038237 Val loss: 0.43410908043945917 Time: 0.30035366700030863
Train loss: 3.1746438938738417 Val loss: 0.42526101993030285 Time: 0.2845922500000597
Train loss: 3.1064352335110925 Val loss: 0.41592480156733497 Time: 0.26780287499968836
Train loss: 3.0463118934250426 Val loss: 0.40677701460618004 Time: 0.273938915999679
Train loss: 2.9944294040086623 Val loss: 0.39949963062009275 Time: 0.27520833400012634
Train loss: 2.9343373393341743 Val loss: 0.3906879286155013 Time: 0.26934895799968217
Train loss: 2.8793399930158965 Val loss: 0.383435242229228 Time: 0.2689908749998722
Train loss: 2.8297363276122773 Val loss: 0.3765301689795585 Time: 0.27400104200023634
Train loss: 2.7744574931377994 Val loss: 0.4321064618660714 Time: 0.26871199999914097
Train loss: 2.7331416949224696 Val loss: 0.4255785975430925 Time: 0.27554362500086427
Train loss: 2.679838964367897 Val loss: 0.4190183273444257 Time: 0.3520479159997194
Train loss: 2.614460938168998 Val loss: 0.41194271290373186 Time: 0.27910220800004026
Train loss: 2.564854505066709 Val loss: 0.40644344397551735 Time: 0.2914112500002375
Train loss: 2.517642508709372 Val loss: 0.40089053825278104 Time: 0.2729744580010447
Train loss: 2.4734072921608785 Val loss: 0.39630279667007573 Time: 0.28788429199994425
Train loss: 2.431901211515603 Val loss: 0.39210990553718045 Time: 0.2845530829999916
Train loss: 2.3827715210623843 Val loss: 0.3881642789151169 Time: 0.3014937909993023
Train loss: 2.3611398035596096 Val loss: 0.3852115178599755 Time: 0.29672329200002423
Train loss: 2.306975425084204 Val loss: 0.38112099624573254 Time: 0.29436441700090654
Train loss: 2.274262754487527 Val loss: 0.3783586609256447 Time: 0.2985742079999909
Train loss: 2.22813204363203 Val loss: 0.37501372951352274 Time: 0.28576574999897275
Train loss: 2.1875679993497616 Val loss: 0.3722849619542046 Time: 0.2882689170000958
Train loss: 2.1576046497439876 Val loss: 0.3700866977856614 Time: 0.2866660409999895
Train loss: 2.115567202219168 Val loss: 0.3674874868461448 Time: 0.281816250000702
Train loss: 2.090615807799036 Val loss: 0.3659171450275991 Time: 0.29625550000127987
Train loss: 2.0518543544023373 Val loss: 0.36357048163274963 Time: 0.28058845799932897
Train loss: 2.011184377611329 Val loss: 0.36123635228035794 Time: 0.2839045000000624
Train loss: 1.9929209720489176 Val loss: 0.36019959811933355 Time: 0.28704341699994984
Train loss: 1.9529569702686809 Val loss: 0.3579718137945755 Time: 0.28996679200099607
Train loss: 1.9167874964459486 Val loss: 0.3560068603414871 Time: 0.28152708299967344
Train loss: 1.9176296224332532 Val loss: 0.3560551391781676 Time: 0.2856846249997034
Train loss: 1.8771966510223876 Val loss: 0.3539241160826943 Time: 0.3563669579998532
Train loss: 1.8439741653927477 Val loss: 0.3521927279652166 Time: 0.28049791600096796
Train loss: 1.8232081579659933 Val loss: 0.3510991628150472 Time: 0.29464754199943854
Train loss: 1.7999040066054093 Val loss: 0.3499266227652079 Time: 0.2898620000014489
Train loss: 1.766321808460816 Val loss: 0.43732270102344306 Time: 0.308675416999904
Train loss: 1.7665305784238967 Val loss: 0.4373775807674053 Time: 0.3151213330002065
Train loss: 1.7329040926460948 Val loss: 0.4360997357641728 Time: 0.31327499999861175
Train loss: 1.7023948912792548 Val loss: 0.43495930624686324 Time: 0.2980547500010289
Train loss: 1.694623300607617 Val loss: 0.4346331679112964 Time: 0.31553579200044624
Train loss: 1.65385186551244 Val loss: 0.43318385172169155 Time: 0.2993032080012199
Train loss: 1.638810304656019 Val loss: 0.43262336825755543 Time: 0.2922621669986256
Train loss: 1.6204780907504492 Val loss: 0.43201319611160033 Time: 0.27346816699900955
Train loss: 1.5951150271992152 Val loss: 0.43112679534634685 Time: 0.26745512500019686
Train loss: 1.5750008059114506 Val loss: 0.43037418478697004 Time: 0.27506358299979183
Train loss: 1.5452573697879188 Val loss: 0.4294283491544091 Time: 0.2683567080002831
Train loss: 1.521159734462369 Val loss: 0.4285215704174063 Time: 0.27594891599983384
Train loss: 1.508319383886942 Val loss: 0.42822998233450055 Time: 0.26867870800015226
Train loss: 1.4827905765475577 Val loss: 0.4274181083018148 Time: 0.2670338330008235
Train loss: 1.4576303562967325 Val loss: 0.5215504795329119 Time: 0.2709937910003646
Train loss: 1.4412535775916808 Val loss: 0.5213580046128488 Time: 0.26978583299933234
Train loss: 1.427158335160641 Val loss: 0.521257905809296 Time: 0.26853720799954317
Train loss: 1.4112476241216996 Val loss: 0.5209368865746125 Time: 0.26791324999976496
Train loss: 1.3926890838532415 Val loss: 0.520680924933074 Time: 0.27164470899879234
Train loss: 1.3817576625292407 Val loss: 0.5205980746609703 Time: 0.29220512499887263
Train loss: 1.3623315134529177 Val loss: 0.5199943064409421 Time: 0.2774360000003071
Train loss: 1.3376012818793015 Val loss: 0.519545433317696 Time: 0.26854291599920543
Train loss: 1.3234559835061077 Val loss: 0.5193517547002239 Time: 0.2682085409996944
Train loss: 1.3047705575089736 Val loss: 0.519213276142236 Time: 0.27372379200096475
Train loss: 1.2898709306442253 Val loss: 0.5190746673706239 Time: 0.3140560000010737
Train loss: 1.279931254579969 Val loss: 0.5188660975251802 Time: 0.2666032080014702
Train loss: 1.2601867854058133 Val loss: 0.5184956159016731 Time: 0.2766170830000192
Train loss: 1.2465955065244572 Val loss: 0.42299615285552417 Time: 0.26762991700161365
Train loss: 1.240866683102418 Val loss: 0.4228834195601459 Time: 0.26704699999936565
Train loss: 1.21736606504901 Val loss: 0.42268816424783745 Time: 0.2747208340006182
Train loss: 1.204189572653604 Val loss: 0.4224983677227246 Time: 0.2693154999997205
Train loss: 1.1928815975840692 Val loss: 0.42243831515603975 Time: 0.2666144159993564
Train loss: 1.182824875924755 Val loss: 0.4229288344835962 Time: 0.2719502910003939
Train loss: 1.1701733610375022 Val loss: 0.4229994160583223 Time: 0.2707987089997914
Train loss: 1.1629560611891918 Val loss: 0.4229631538000217 Time: 0.2727258749982866
Train loss: 1.1510798475579325 Val loss: 0.4229887328449485 Time: 0.27141383299931476
Train loss: 1.1357227465618998 Val loss: 0.42307655365151947 Time: 0.2666259999987233
Train loss: 1.136517299969313 Val loss: 0.4240701253278216 Time: 0.26655187500000466
Train loss: 1.1215311757008735 Val loss: 0.42332592749879083 Time: 0.27924566700130526
Train loss: 1.1120047100165742 Val loss: 0.4239001372193321 Time: 0.26620666699818685
Train loss: 1.1007619732702665 Val loss: 0.42312954140973497 Time: 0.2699525839998387
Train loss: 1.0960051002881528 Val loss: 0.42337540702444215 Time: 0.26966695800001617
Train loss: 1.0875419700348417 Val loss: 0.42295018491495723 Time: 0.2710484159997577
Train loss: 1.0871908287417114 Val loss: 0.423824024766373 Time: 0.2668504169996595
Train loss: 1.0768831324236583 Val loss: 0.42317668336100567 Time: 0.2707436250002502
Train loss: 1.0634326174866828 Val loss: 0.4229106092743683 Time: 0.2681239590001496
Train loss: 1.0626031616664093 Val loss: 0.42445888707507984 Time: 0.26920141599839553
Train loss: 1.0463536293670437 Val loss: 0.42262899886431926 Time: 0.27145104100054596
Train loss: 1.0450747859270315 Val loss: 0.423355440201554 Time: 0.26744679199873644
Train loss: 1.0512901663112189 Val loss: 0.42257261991832207 Time: 0.2763682080003491
Train loss: 1.0350814036333214 Val loss: 0.4244461995333265 Time: 0.2664101250011299
Train loss: 1.0271598600897462 Val loss: 0.4231147276701423 Time: 0.2677580420004233
Train loss: 1.021401011000358 Val loss: 0.42347443150414377 Time: 0.27304499999991094
Train loss: 1.0169777354013476 Val loss: 0.4230513626981323 Time: 0.26863516599951254
Train loss: 1.0188672052917132 Val loss: 0.42402625685123146 Time: 0.26932624999972177
Train loss: 1.0081368851794394 Val loss: 0.422920012506028 Time: 0.26804454200100736
Train loss: 1.0082562224718112 Val loss: 0.4256795657311466 Time: 0.2683203750002576
Train loss: 0.9901969140743425 Val loss: 0.42210625325782536 Time: 0.2768663330007257
Train loss: 0.9953549539972784 Val loss: 0.423178700680487 Time: 0.26651925000078336
Train loss: 0.9803851800220116 Val loss: 0.4230208711206513 Time: 0.26852504199996474
Train loss: 0.9736927853018023 Val loss: 0.4244136235972334 Time: 0.26522141699933854
Train loss: 0.9720052348935424 Val loss: 0.3288981040867009 Time: 0.27597966699977405
Train loss: 0.9754979321585893 Val loss: 0.4240563045778962 Time: 0.26764175000062096
Train loss: 0.9614115949508388 Val loss: 0.4225111427381047 Time: 0.27153979200011236
Train loss: 0.9636746189767109 Val loss: 0.4234160765147455 Time: 0.2692228329997306
Train loss: 0.9563337897705537 Val loss: 0.42331669685173257 Time: 0.27295924999998533
Train loss: 0.9585352817933881 Val loss: 0.3284918996562926 Time: 0.2699089580000873
Train loss: 0.9597594281665991 Val loss: 0.3320906157025945 Time: 0.269497750001392
Train loss: 0.9487901715254026 Val loss: 0.33095985052494414 Time: 0.27130695800042304
Train loss: 0.9418920048816017 Val loss: 0.3289034152691894 Time: 0.2676319999991392
Train loss: 0.944913077165566 Val loss: 0.33061868564839664 Time: 0.27203504200042516
Train loss: 0.9362361432388866 Val loss: 0.33167115493920696 Time: 0.2698068340014288
Train loss: 0.9239961042708273 Val loss: 0.32977650171200934 Time: 0.2766092090005259
Train loss: 0.9270368657374757 Val loss: 0.3293616647183857 Time: 0.2660490830003255
Train loss: 0.9257454222288501 Val loss: 0.3327297182931024 Time: 0.27429387499978475
Train loss: 0.9181327105315304 Val loss: 0.332077544434011 Time: 0.2669945409998036
Train loss: 0.9124506777709485 Val loss: 0.3316974058425037 Time: 0.26903124999989814
Train loss: 0.9118193386955298 Val loss: 0.33557276634825073 Time: 0.27057549999881303
Train loss: 0.9067117376500349 Val loss: 0.3312790859284784 Time: 0.26591470899984415
Train loss: 0.8948656950763025 Val loss: 0.3331717520440406 Time: 0.2717368749999878
Train loss: 0.8987969659239639 Val loss: 0.33269791824858164 Time: 0.26733654100098647
Train loss: 0.895114395554927 Val loss: 0.33632699218987183 Time: 0.2743530000007013
Train loss: 0.8891837162185752 Val loss: 0.3318425457923288 Time: 0.27004958300130966
Train loss: 0.8846783443855184 Val loss: 0.3367855975459563 Time: 0.27061583300019265
Train loss: 0.8856981307037799 Val loss: 0.33888560956795405 Time: 0.2684750839998742
Train loss: 0.878019675861637 Val loss: 0.33675823164762325 Time: 0.2725004580006498
Train loss: 0.8813802630958485 Val loss: 0.33411374712455694 Time: 0.26942416699967
Train loss: 0.8603802240581899 Val loss: 0.33819435884004 Time: 0.274942165999164
Train loss: 0.8670507130019232 Val loss: 0.34228613009639625 Time: 0.27210995799941884
Train loss: 0.8667768604235562 Val loss: 0.3462823090176109 Time: 0.26819904200056044
Train loss: 0.8675108175570898 Val loss: 0.35336771878511714 Time: 0.2667439580000064
Train loss: 0.8623877255142816 Val loss: 0.3400039576018062 Time: 0.2735742080003547
Train loss: 0.846283647442565 Val loss: 0.34554035929413296 Time: 0.26658929199948034
Train loss: 0.845877714640892 Val loss: 0.3479401131608598 Time: 0.26968316700003925
Train loss: 0.8420512996441296 Val loss: 0.35051010385046316 Time: 0.26999783300016134
Train loss: 0.8460699273204 Val loss: 0.3479267242491839 Time: 0.2731745000000956
Train loss: 0.8297716656392462 Val loss: 0.348562132219423 Time: 0.2673385830003099
Train loss: 0.8376254316179939 Val loss: 0.3576697930035635 Time: 0.26740029100074025
Train loss: 0.8285209981731505 Val loss: 0.356557310907868 Time: 0.2700267919990438
Train loss: 0.8306042943869478 Val loss: 0.3556233735321459 Time: 0.2671627500003524
Train loss: 0.8189018705335798 Val loss: 0.35442687860311395 Time: 0.2726301250004326
Train loss: 0.8201701863922608 Val loss: 0.3534999607419145 Time: 0.30289354200067464
Train loss: 0.8064314535438877 Val loss: 0.35240801524167376 Time: 0.27513358399846766
Train loss: 0.8129624773788251 Val loss: 0.3539345124855114 Time: 0.27860025000154565
Train loss: 0.8260015334063233 Val loss: 0.3706501975970272 Time: 0.26859800000056566
Train loss: 0.8004838983606675 Val loss: 0.3616311445017808 Time: 0.27143975000035425
Train loss: 0.8059050908760739 Val loss: 0.3415134784378583 Time: 0.2774014159986109
Train loss: 0.8423471613069609 Val loss: 0.38581520756005183 Time: 0.3881444159997045
Train loss: 0.8209603787091027 Val loss: 0.3891357275577166 Time: 0.27993983299893443
Train loss: 0.8013394947767978 Val loss: 0.33700331523902693 Time: 0.324930917000529
Train loss: 0.818597974527929 Val loss: 0.3744479934340596 Time: 0.27181691699843213
Train loss: 0.8121802893417689 Val loss: 0.3853671902087997 Time: 0.2654376669997873
Train loss: 0.7904602249159147 Val loss: 0.335084250909637 Time: 0.2772673340004985
Train loss: 0.7984521510373348 Val loss: 0.44546798694191875 Time: 0.2637164160005341
Train loss: 0.8394558321821393 Val loss: 0.39639128792929823 Time: 0.2712403749992518
Train loss: 0.7767734271985489 Val loss: 0.3575122340616901 Time: 0.27089387500018347
Train loss: 0.7728636082085956 Val loss: 0.3465906469843825 Time: 0.27445629099929647
Train loss: 0.8496840449525648 Val loss: 0.41273567878071327 Time: 0.2641677499996149
Train loss: 0.7939820740127743 Val loss: 0.3480883631228019 Time: 0.266386290999435
Train loss: 0.783733985396168 Val loss: 0.35567222737423815 Time: 0.26966858400010096
Train loss: 0.8264121793893082 Val loss: 0.4146954829879163 Time: 0.2692676249989745
Train loss: 0.7881373973217478 Val loss: 0.34890553467712726 Time: 0.26559804099997564
Train loss: 0.7847009800498199 Val loss: 0.3575369896459185 Time: 0.26926370900037
Train loss: 0.8148562100311165 Val loss: 0.4078551837912939 Time: 0.2679174160002731
Train loss: 0.7703612992182869 Val loss: 0.35453977186591834 Time: 0.277231332998781
Train loss: 0.7697082396693473 Val loss: 0.3576239675985771 Time: 0.2668249170001218
Train loss: 0.7990054516984628 Val loss: 0.40056161796861445 Time: 0.26369837500169524
Train loss: 0.747242746579218 Val loss: 0.36426712259772875 Time: 0.2661579579998943
Train loss: 0.755512200100398 Val loss: 0.3579575602586583 Time: 0.2643410409982607
Train loss: 0.7854950380396062 Val loss: 0.3968217114191651 Time: 0.26666554100120266
Train loss: 0.7568652585393538 Val loss: 0.3785621822625564 Time: 0.26535100000000966
Train loss: 0.7435725853357944 Val loss: 0.3608665241644775 Time: 0.26376895800058264
Train loss: 0.772379677064456 Val loss: 0.3878113807933072 Time: 0.26961008299986133
Train loss: 0.7602354059589536 Val loss: 0.3961814388138535 Time: 0.2652257080007985
Train loss: 0.7436726826334024 Val loss: 0.36390657550546973 Time: 0.2731685420003487
Train loss: 0.7736767054837834 Val loss: 0.384216857967972 Time: 0.26695124999969266
Train loss: 0.779827598490705 Val loss: 0.4163032764991247 Time: 0.2822724580000795
Train loss: 0.7505055914017902 Val loss: 0.3889745345758894 Time: 0.2670353329995123
Train loss: 0.7475092414098854 Val loss: 0.35329781501576163 Time: 0.271934209000392
Train loss: 0.7949871416109886 Val loss: 0.41042975402790693 Time: 0.26897708300020895
Train loss: 0.7594469221481743 Val loss: 0.3995247449383541 Time: 0.26259954099987226
Shrinking learning rate to 1e-05
Train loss: 0.995836805700435 Val loss: 0.3799085819312164 Time: 0.27445629199974064
Train loss: 0.862343967579211 Val loss: 0.3744532052235092 Time: 0.26598474999991595
Train loss: 0.8334943921842282 Val loss: 0.37086497210261077 Time: 0.26422445900061575
Train loss: 0.8200307369880946 Val loss: 0.3688308760619483 Time: 0.266025458000513
Train loss: 0.8110852960271018 Val loss: 0.36763230959674764 Time: 0.26312250000046333
Train loss: 0.80414380932696 Val loss: 0.36684467375411356 Time: 0.26616995800031873
Train loss: 0.7989580791092123 Val loss: 0.36628682516919625 Time: 0.2712584170003538
Train loss: 0.7937173832422104 Val loss: 0.3660372609308088 Time: 0.2660149170005752
Train loss: 0.7893062698283089 Val loss: 0.3659782294831811 Time: 0.2660007909998967
Train loss: 0.7854306102164941 Val loss: 0.36602611597509255 Time: 0.2652437500000815
Shrinking learning rate to 1.0000000000000002e-06
Train loss: 1.2174822431708208 Val loss: 0.3764552195788449 Time: 0.265988125000149
Train loss: 1.1426795704165045 Val loss: 0.37688367928614047 Time: 0.26473937499940803
Train loss: 1.074684587091813 Val loss: 0.3774559311365338 Time: 0.2657526250004594
Train loss: 1.0174846152305577 Val loss: 0.37822147785149074 Time: 0.263603334000436
Train loss: 0.9711098427223988 Val loss: 0.37908242877727066 Time: 0.26917108300040127
Train loss: 0.9345947354177611 Val loss: 0.3799724733212657 Time: 0.268981667000844
Train loss: 0.9064023396607679 Val loss: 0.38077325873440415 Time: 0.2631941670006199
Train loss: 0.8855282977015344 Val loss: 0.381465364638447 Time: 0.26612849999946775
Train loss: 0.8700633455821531 Val loss: 0.38202874717215374 Time: 0.2670857090015488
Train loss: 0.8583412656323661 Val loss: 0.38245049221582755 Time: 0.2628215420008928
Shrinking learning rate to 1.0000000000000002e-07
Learning rate getting small
Complete
 Total time: 66.06991212499997