starting log for model: models/rnn_comb_alpha_0.01_22-23.pth
Train loss: 13.189897983097723 Val loss: 0.7401238368853783 Time: 0.21783045800111722
Train loss: 9.891389035106897 Val loss: 0.6450277371988854 Time: 0.21661029200186022
Train loss: 7.744208030081445 Val loss: 0.5478353717154926 Time: 0.21569566700054565
Train loss: 6.410317210913718 Val loss: 0.48987947768240114 Time: 0.21624033300031442
Train loss: 5.944854605911274 Val loss: 0.45096738561620975 Time: 0.2161386660009157
Train loss: 5.6240430091665985 Val loss: 0.4364702992137318 Time: 0.21650983300060034
Train loss: 5.32406527705734 Val loss: 0.4276738587474434 Time: 0.22780045800027438
Train loss: 5.318662046504102 Val loss: 0.42115391883061226 Time: 0.21605662499860046
Train loss: 4.922701410258071 Val loss: 0.41793627290284424 Time: 0.21602716699999291
Train loss: 4.811650776777038 Val loss: 0.415865525203356 Time: 0.21564354200017988
Train loss: 4.6877974422760165 Val loss: 0.4083809106487638 Time: 0.21455958299702615
Train loss: 4.3491316579310535 Val loss: 0.3975593251011762 Time: 0.215250917000958
Train loss: 4.205820608805709 Val loss: 0.39671565155461624 Time: 0.21589550000135205
Train loss: 3.8952044963468495 Val loss: 0.37087231786906133 Time: 0.2150463750003837
Train loss: 3.821230652917613 Val loss: 0.3478343836838384 Time: 0.2148550410020107
Train loss: 3.688442882246477 Val loss: 0.3351167256114684 Time: 0.22488329199768486
Train loss: 3.5123543315940253 Val loss: 0.3090497515540502 Time: 0.21528079199924832
Train loss: 3.196583600233339 Val loss: 0.2979786436785577 Time: 0.2172234580029908
Train loss: 2.8793269375510278 Val loss: 0.2888015519927754 Time: 0.2154947919989354
Train loss: 2.7964396523270096 Val loss: 0.2813536262474589 Time: 0.2167765000012878
Train loss: 2.6114451145793396 Val loss: 0.25188944600970403 Time: 0.21539537499847938
Train loss: 2.512155866864873 Val loss: 0.2559071320931729 Time: 0.21757016699848464
Train loss: 2.5695352465343344 Val loss: 0.23913770336258788 Time: 0.21528487500108895
Train loss: 2.4020915592797536 Val loss: 0.25497422538485254 Time: 0.2156152919997112
Train loss: 2.4050261545423837 Val loss: 0.2444988673171866 Time: 0.21664712500205496
Train loss: 2.463087084634946 Val loss: 0.21768007135483036 Time: 0.22412325000186684
Train loss: 2.0806903447065324 Val loss: 0.2134085907199567 Time: 0.21636812500219094
Train loss: 2.0775975355055323 Val loss: 0.1956650554149755 Time: 0.21568487499826006
Train loss: 1.975153939605229 Val loss: 0.22760501818034948 Time: 0.2145650000020396
Train loss: 1.9387504595127112 Val loss: 0.1655808213667896 Time: 0.21515529099997366
Train loss: 2.0812322242513908 Val loss: 0.21218596373920595 Time: 0.21626887499951408
Train loss: 1.9506848572082482 Val loss: 0.18739035177580138 Time: 0.21485766600017087
Train loss: 1.979280490041484 Val loss: 0.2000537742068159 Time: 0.21535299999959534
Train loss: 1.9036501725752029 Val loss: 0.23149371728059767 Time: 0.2141407920025813
Train loss: 1.7374560838046378 Val loss: 0.19890419867339934 Time: 0.226384165998752
Train loss: 1.6610220403224787 Val loss: 0.20363078695723907 Time: 0.21599329200034845
Train loss: 1.6748410845092143 Val loss: 0.2622963931702328 Time: 0.21428408399879117
Train loss: 1.6646517245166486 Val loss: 0.25337845654393815 Time: 0.21482029099934152
Train loss: 1.46872866475573 Val loss: 0.28826490048157827 Time: 0.2135003749972384
Train loss: 1.542749463402778 Val loss: 0.26570757866060335 Time: 0.21465320899733342
Train loss: 1.5628225893661494 Val loss: 0.23065019443527068 Time: 0.21524008399865124
Train loss: 1.3724426398847527 Val loss: 0.27758906053701776 Time: 0.2140473750005185
Train loss: 1.3963251383854427 Val loss: 0.257033161906578 Time: 0.21367479200125672
Train loss: 1.3781239319708334 Val loss: 0.311516868425387 Time: 0.21854179200090584
Train loss: 1.4293273442822105 Val loss: 0.3362794863993217 Time: 0.2213608749989362
Train loss: 1.4590965624555565 Val loss: 0.278465436911985 Time: 0.21535270800086437
Train loss: 1.2444570325608026 Val loss: 0.30886035475306733 Time: 0.21513758400033112
Train loss: 1.4130568618612074 Val loss: 0.30651197128718627 Time: 0.21475641600045492
Train loss: 1.1314835410700539 Val loss: 0.3128738805438002 Time: 0.21398845799922128
Train loss: 1.2264498186510089 Val loss: 0.34862556860418464 Time: 0.21443283299959148
Train loss: 1.3118683825112427 Val loss: 0.29145966654344563 Time: 0.21386904200335266
Train loss: 1.2633692198811808 Val loss: 0.30681060582083175 Time: 0.21875008300048648
Train loss: 1.0734666781316307 Val loss: 0.3199457007185409 Time: 0.21430599999803235
Train loss: 1.218881200490956 Val loss: 0.2997506507697975 Time: 0.22520091600017622
Train loss: 1.2065395334270796 Val loss: 0.3124947690274646 Time: 0.2157195830004639
Train loss: 1.087208013983087 Val loss: 0.3329022705737755 Time: 0.21469358399917837
Train loss: 1.0543774161226018 Val loss: 0.2676017449071774 Time: 0.2133581249981944
Train loss: 1.1005207211938868 Val loss: 0.34347460958732867 Time: 0.21576137500233017
Train loss: 1.1803620845736242 Val loss: 0.3411713668041076 Time: 0.21559754199915915
Train loss: 1.1065996987193234 Val loss: 0.289740363797321 Time: 0.21777945900248596
Train loss: 1.202831295857301 Val loss: 0.32071963126156977 Time: 0.2243081250016985
Train loss: 1.0057080975998103 Val loss: 0.31319527378823775 Time: 0.23625183300100616
Train loss: 0.9903180249657524 Val loss: 0.30954500666940826 Time: 0.22757287499916856
Train loss: 1.1029058482229743 Val loss: 0.3508059635766574 Time: 0.21675741700164508
Train loss: 0.9016656067255546 Val loss: 0.29215132857319753 Time: 0.21557783300158917
Train loss: 1.010806488393719 Val loss: 0.3437282471089049 Time: 0.2163104999999632
Train loss: 0.9471711449434475 Val loss: 0.29715152125288924 Time: 0.21511883399944054
Train loss: 0.9214739548518409 Val loss: 0.34540155956681823 Time: 0.21541674999753013
Train loss: 0.9928065445906533 Val loss: 0.3414598098179461 Time: 0.2149184999980207
Train loss: 0.9684511938433502 Val loss: 0.31152398278675547 Time: 0.21448216700082412
Train loss: 0.9290870750653915 Val loss: 0.3230381021863737 Time: 0.21540195900161052
Train loss: 0.9366629054040914 Val loss: 0.3118375313497799 Time: 0.215206875000149
Train loss: 0.8090784971643075 Val loss: 0.30687223294924393 Time: 0.2259933329987689
Train loss: 0.9378045321699062 Val loss: 0.3270309802397404 Time: 0.21565916599865886
Train loss: 0.9337305187689395 Val loss: 0.3337547628642328 Time: 0.2146092500006489
Train loss: 0.8914912781204158 Val loss: 0.3329858491884406 Time: 0.2151114999978745
Train loss: 0.8666230519099898 Val loss: 0.3078550618545721 Time: 0.21493399999963003
Train loss: 0.8821852927826583 Val loss: 0.36233490926523676 Time: 0.21524425000097835
Train loss: 0.9692010585944892 Val loss: 0.33207520337413254 Time: 0.21498504099872662
Train loss: 0.8133321571953127 Val loss: 0.3110675339363451 Time: 0.21503412499805563
Train loss: 0.7851581238187253 Val loss: 0.34638441465590625 Time: 0.21485233299972606
Train loss: 0.9146356800130562 Val loss: 0.3363042507313775 Time: 0.22591300000203773
Train loss: 0.9839002797172647 Val loss: 0.31839859981919905 Time: 0.2153470830016886
Train loss: 0.9194920522399741 Val loss: 0.31120338934598746 Time: 0.21476941700166208
Train loss: 0.6784713719206366 Val loss: 0.34775564098017975 Time: 0.21591300000000047
Train loss: 0.7449237836475504 Val loss: 0.2980006515540405 Time: 0.21621933300048113
Train loss: 0.802561804372214 Val loss: 0.2788465666345787 Time: 0.21610616600082722
Train loss: 0.6810666398482255 Val loss: 0.31106507994567284 Time: 0.21571304199824226
Train loss: 0.8711352970387694 Val loss: 0.2960525591500126 Time: 0.21541379100017366
Train loss: 0.7764210298887737 Val loss: 0.318208778726524 Time: 0.21591079200152308
Train loss: 0.7295260129264172 Val loss: 0.2974397061802076 Time: 0.2155531249991327
Train loss: 0.7432405113822256 Val loss: 0.3208037415862132 Time: 0.2256314590013062
Train loss: 0.7436682178684606 Val loss: 0.35130225039579477 Time: 0.21594774999903166
Train loss: 0.8355184565317302 Val loss: 0.2961491215262946 Time: 0.2155575830001908
Shrinking learning rate to 1e-05
Train loss: 0.9656507921414921 Val loss: 0.3189803254820545 Time: 0.21676037499855738
Train loss: 0.7910749080854202 Val loss: 0.31732520943943726 Time: 0.2163619999992079
Train loss: 0.7629111723999955 Val loss: 0.3181209563467421 Time: 0.2156365420014481
Train loss: 0.8727773807704375 Val loss: 0.3168385722688242 Time: 0.2155357500014361
Train loss: 0.7779507139061508 Val loss: 0.31995862450578944 Time: 0.21641120799904456
Train loss: 0.8602049142934618 Val loss: 0.3153052323741451 Time: 0.21557125000254018
Train loss: 0.7763160769121527 Val loss: 0.321697994738523 Time: 0.22499191699898802
Train loss: 0.7212213359110962 Val loss: 0.3257320366949864 Time: 0.21517987500192248
Train loss: 0.8625193013008783 Val loss: 0.3206641975371754 Time: 0.21379954199801432
Train loss: 0.8554876318339666 Val loss: 0.3210700434590165 Time: 0.2153744999995979
Shrinking learning rate to 1.0000000000000002e-06
Train loss: 1.112035910121449 Val loss: 0.3429035547905817 Time: 0.21609175000048708
Train loss: 1.0294740465812424 Val loss: 0.3385190288358228 Time: 0.2148636659985641
Train loss: 1.0483881831018778 Val loss: 0.3344033865535935 Time: 0.21431400000074063
Train loss: 1.0360104434780197 Val loss: 0.3309937626738624 Time: 0.215190208000422
Train loss: 0.8183783444024755 Val loss: 0.3282148846601706 Time: 0.2142085000014049
Train loss: 0.932591630858326 Val loss: 0.32565092051129507 Time: 0.2153147919998446
Train loss: 0.8745455590622875 Val loss: 0.32351461271616244 Time: 0.22593704199971398
Train loss: 0.9354220032030014 Val loss: 0.32136723534675454 Time: 0.21483679100128938
Train loss: 0.8552783742537926 Val loss: 0.31942840588358634 Time: 0.21479120799995144
Train loss: 0.8266790867023133 Val loss: 0.3187719995655368 Time: 0.21493145899876254
Shrinking learning rate to 1.0000000000000002e-07
Learning rate getting small
Complete
 Total time: 24.782932250000158