starting log for model: models/rnn_fcast_19_new_23-24.pth
Train loss: 17.296186029195617 Val loss: 1.9208655936103283 Time: 0.36881108400120866
Train loss: 15.911693943642167 Val loss: 1.778220875625226 Time: 0.30870224999671336
Train loss: 13.596254934277487 Val loss: 1.5244478306765767 Time: 0.30693975000758655
Train loss: 10.321131459432763 Val loss: 1.1640031191251947 Time: 0.3036943339975551
Train loss: 8.30711835546235 Val loss: 0.9490753225868062 Time: 0.29016808299638797
Train loss: 7.539193436397268 Val loss: 0.8649397033456857 Time: 0.28986287501174957
Train loss: 7.195857539031977 Val loss: 0.8237847192200738 Time: 0.28959433299314696
Train loss: 6.957357921360046 Val loss: 0.795200326690759 Time: 0.2921263329917565
Train loss: 6.743351553990566 Val loss: 0.7693368653708403 Time: 0.29176312500203494
Train loss: 6.540482606411757 Val loss: 0.7451312853674787 Time: 0.29022212501149625
Train loss: 6.329838428538267 Val loss: 0.7205051782536251 Time: 0.28889629199693445
Train loss: 6.101263137637758 Val loss: 0.6944301563861442 Time: 0.2893487080000341
Train loss: 5.88475271786318 Val loss: 0.6687706757057243 Time: 0.28969966700242367
Train loss: 5.671852770221683 Val loss: 0.6444582069020436 Time: 0.2898902500019176
Train loss: 5.4631987312899355 Val loss: 0.6203507224457577 Time: 0.2910435000085272
Train loss: 5.246164447126459 Val loss: 0.5960119920482002 Time: 0.293029624997871
Train loss: 5.034349429997216 Val loss: 0.5716678026186619 Time: 0.29011629198794253
Train loss: 4.836098899893514 Val loss: 0.548982392171609 Time: 0.2880025409976952
Train loss: 4.667222538812524 Val loss: 0.5290684203506717 Time: 0.29039912499138154
Train loss: 4.512163430863676 Val loss: 0.5093734251533288 Time: 0.28975320800964255
Train loss: 4.368562447794046 Val loss: 0.49127765696060854 Time: 0.2903619169956073
Train loss: 4.244742018482245 Val loss: 0.4753352574565886 Time: 0.29000199999427423
Train loss: 4.122666686348958 Val loss: 0.4602728613155208 Time: 0.2920848749927245
Train loss: 3.9981757252033816 Val loss: 0.4447410636626873 Time: 0.288063375002821
Train loss: 3.8904475285384024 Val loss: 0.4309553430596834 Time: 0.2889457919955021
Train loss: 3.800057676378131 Val loss: 0.4190756331292356 Time: 0.2889107079972746
Train loss: 3.7186506949945652 Val loss: 0.40798102275360687 Time: 0.28734275000169873
Train loss: 3.642312708321988 Val loss: 0.3984853026511498 Time: 0.2885984579916112
Train loss: 3.5679637994674493 Val loss: 0.38896066168796223 Time: 0.28813858299690764
Train loss: 3.493805551978369 Val loss: 0.37955038298158267 Time: 0.29362958400452044
Train loss: 3.4183006295345137 Val loss: 0.3695940617215153 Time: 0.2875635840027826
Train loss: 3.359261811908156 Val loss: 0.3619835437490912 Time: 0.2878410840057768
Train loss: 3.3018260902339875 Val loss: 0.3543574719623126 Time: 0.2887043749942677
Train loss: 3.236668593700635 Val loss: 0.34592956226254773 Time: 0.3534867080015829
Train loss: 3.184369041324784 Val loss: 0.33939142764105845 Time: 0.2889255840127589
Train loss: 3.126156804202026 Val loss: 0.3320607242594123 Time: 0.2913769579899963
Train loss: 3.08016762552581 Val loss: 0.3263322128258273 Time: 0.2900590000062948
Train loss: 3.032456503456956 Val loss: 0.32084462567686417 Time: 0.28848249999282416
Train loss: 2.9900329247425823 Val loss: 0.3152531749556356 Time: 0.28888258400547784
Train loss: 2.9297826253493717 Val loss: 0.30832143922759675 Time: 0.2892595409939531
Train loss: 2.891003632356174 Val loss: 0.30434661083845155 Time: 0.28768862500146497
Train loss: 2.840796046273624 Val loss: 0.29852265983190446 Time: 0.2880021669989219
Train loss: 2.7908525769140127 Val loss: 0.2929963882156712 Time: 0.2911990419961512
Train loss: 2.7529570859517722 Val loss: 0.2887997083988678 Time: 0.2901844159932807
Train loss: 2.7060316498889723 Val loss: 0.28346497299453416 Time: 0.28816683299373835
Train loss: 2.659220240391061 Val loss: 0.27860347914410477 Time: 0.2874743330030469
Train loss: 2.620392626412496 Val loss: 0.2743134439994238 Time: 0.28905183300958015
Train loss: 2.5864441539050347 Val loss: 0.27061872502841544 Time: 0.2873468750040047
Train loss: 2.544487727562597 Val loss: 0.2664777741478137 Time: 0.2882891670014942
Train loss: 2.5111741970177093 Val loss: 0.26326338223222 Time: 0.2889643749949755
Train loss: 2.4911374661666237 Val loss: 0.2618632620663502 Time: 0.29179204200045206
Train loss: 2.441179901857325 Val loss: 0.2573032890950722 Time: 0.28864245799195487
Train loss: 2.4090615355360114 Val loss: 0.2542239095934864 Time: 0.28779262500756886
Train loss: 2.3754397199959385 Val loss: 0.2506870719175808 Time: 0.2893178750091465
Train loss: 2.3196618564316793 Val loss: 0.24532540756328994 Time: 0.2885645000060322
Train loss: 2.3006989136445952 Val loss: 0.24401146738960272 Time: 0.28741245799756143
Train loss: 2.2524906592053213 Val loss: 0.2392140327727844 Time: 0.28820149999228306
Train loss: 2.2199004876265462 Val loss: 0.23548127835212845 Time: 0.29235124999831896
Train loss: 2.1816593860310434 Val loss: 0.23193497014040235 Time: 0.28870916699816007
Train loss: 2.1458959525584334 Val loss: 0.22831223536113499 Time: 0.2887488749984186
Train loss: 2.110313991327591 Val loss: 0.22482513091645437 Time: 0.29009249999944586
Train loss: 2.076505338485603 Val loss: 0.2221070079466962 Time: 0.2879078750120243
Train loss: 2.025739411749486 Val loss: 0.2180739602039312 Time: 0.28844783299427945
Train loss: 1.9973544255273943 Val loss: 0.21452267066314426 Time: 0.2905125419929391
Train loss: 1.9553595569438116 Val loss: 0.21022260082491465 Time: 0.29233550000935793
Train loss: 1.919708775556023 Val loss: 0.20661102974448156 Time: 0.2886076669965405
Train loss: 1.882812742622093 Val loss: 0.2019919095454535 Time: 0.2892299999948591
Train loss: 1.8485123383538848 Val loss: 0.19817898499378617 Time: 0.28950437500316184
Train loss: 1.8228679830979218 Val loss: 0.19568663734136843 Time: 0.2886079589952715
Train loss: 1.7749587688931001 Val loss: 0.19111088600928508 Time: 0.28870000000461005
Train loss: 1.749357519157428 Val loss: 0.18946487938431714 Time: 0.2877394160022959
Train loss: 1.7115463844342047 Val loss: 0.1857367447334625 Time: 0.2914722090063151
Train loss: 1.672410182942409 Val loss: 0.1827075357731403 Time: 0.2885429169982672
Train loss: 1.6459043995437703 Val loss: 0.17909224578200444 Time: 0.28856312501011416
Train loss: 1.6136886734306621 Val loss: 0.17673995767773204 Time: 0.2884582499973476
Train loss: 1.5783083493757601 Val loss: 0.17389950131986254 Time: 0.2886099169991212
Train loss: 1.5534879406257716 Val loss: 0.17082960732152602 Time: 0.2884268340130802
Train loss: 1.5184426716232444 Val loss: 0.16804617842484165 Time: 0.28818712499924004
Train loss: 1.4930999975144772 Val loss: 0.16418281945571944 Time: 0.2919183750054799
Train loss: 1.4663893953432137 Val loss: 0.1619672463905211 Time: 0.28821841700118966
Train loss: 1.4076045721031498 Val loss: 0.15391622336069968 Time: 0.2893354590050876
Train loss: 1.4126102586410099 Val loss: 0.15700236509926344 Time: 0.28871604200685397
Train loss: 1.371339543406819 Val loss: 0.15345668908240473 Time: 0.2885240830073599
Train loss: 1.341461675687853 Val loss: 0.15121055815313544 Time: 0.28874799999175593
Train loss: 1.3218126934404992 Val loss: 0.14933907251158277 Time: 0.30080208300205413
Train loss: 1.3044225371283034 Val loss: 0.14694045427104385 Time: 0.29123850000905804
Train loss: 1.2395609688529907 Val loss: 0.13995859789332987 Time: 0.2880077500012703
Train loss: 1.2547336429572766 Val loss: 0.14473789233742768 Time: 0.2878135829960229
Train loss: 1.2187230598882195 Val loss: 0.14216939045549673 Time: 0.28803316698758863
Train loss: 1.1981525080993833 Val loss: 0.13925116498135942 Time: 0.28734058399277274
Train loss: 1.173402662678086 Val loss: 0.13601094156902066 Time: 0.2887700830033282
Train loss: 1.1561222103222377 Val loss: 0.13502610095905926 Time: 0.28907850000541657
Train loss: 1.1206588999115752 Val loss: 0.12879123674051898 Time: 0.29288266600633506
Train loss: 1.1114144504054906 Val loss: 0.12818417465969667 Time: 0.2883518750022631
Train loss: 1.0887218476569558 Val loss: 0.1253833245455643 Time: 0.28840658300032374
Train loss: 1.0785429665178583 Val loss: 0.12456713003759924 Time: 0.28815587499411777
Train loss: 1.0490312726192252 Val loss: 0.12488728396978549 Time: 0.28746079199481755
Train loss: 1.0236741683530397 Val loss: 0.1173697001981447 Time: 0.28818225000577513
Train loss: 1.0197191645450232 Val loss: 0.11529652019609284 Time: 0.28799854099634103
Train loss: 1.0073981244229344 Val loss: 0.11262201112141443 Time: 0.2917579589993693
Train loss: 0.9564523910861278 Val loss: 0.10883441388638392 Time: 0.2872139170067385
Train loss: 0.9688433711415882 Val loss: 0.11217158679557707 Time: 0.2882332909939578
Train loss: 0.9321283248029317 Val loss: 0.11196494161086422 Time: 0.2876663750066655
Train loss: 0.934241802156337 Val loss: 0.11050463338930853 Time: 0.28816112500499
Train loss: 0.9073808417126941 Val loss: 0.10924381258537467 Time: 0.2885309589910321
Train loss: 0.9068157989574175 Val loss: 0.14741296691639572 Time: 0.2886291249888018
Train loss: 0.8757053375889807 Val loss: 0.14327817486528852 Time: 0.29196904199488927
Train loss: 0.8849830673794372 Val loss: 0.14240142077059542 Time: 0.2878988750017015
Train loss: 0.8517139679947499 Val loss: 0.13749899922494738 Time: 0.2884545410051942
Train loss: 0.8309580789211637 Val loss: 0.13762803303160628 Time: 0.2872652090009069
Train loss: 0.8199068405287671 Val loss: 0.13924005439971884 Time: 0.2885286249947967
Train loss: 0.8460050548501314 Val loss: 0.13413543849248805 Time: 0.2892394160007825
Train loss: 0.7903782764266793 Val loss: 0.1302203315569729 Time: 0.2875357500015525
Train loss: 0.7839970144084312 Val loss: 0.128123086541842 Time: 0.29180187499150634
Train loss: 0.7889309541293783 Val loss: 0.12774323574023633 Time: 0.288903125008801
Train loss: 0.7608512329881023 Val loss: 0.12629285002584142 Time: 0.28836454199336004
Train loss: 0.7550010672319445 Val loss: 0.12602296279532782 Time: 0.2886423750023823
Train loss: 0.763242457354663 Val loss: 0.1280565321052714 Time: 0.28821820800658315
Train loss: 0.7348033636928264 Val loss: 0.12543235341761136 Time: 0.288660541002173
Train loss: 0.7282336643204417 Val loss: 0.12370865323277733 Time: 0.28795691700361203
Train loss: 0.7131826345909396 Val loss: 0.1229649097204703 Time: 0.29242500000691507
Train loss: 0.7092012492108211 Val loss: 0.12260037282908738 Time: 0.28727933300251607
Train loss: 0.6880295630913666 Val loss: 0.12407878997110874 Time: 0.2889123750064755
Train loss: 0.6581947092177529 Val loss: 0.14018562847483154 Time: 0.28877670799556654
Train loss: 0.6530068039682106 Val loss: 0.1396832739987479 Time: 0.2874102499918081
Train loss: 0.6583778160366478 Val loss: 0.14120708807320584 Time: 0.28845454200927634
Train loss: 0.6372230267888028 Val loss: 0.12532199534955432 Time: 0.2894904580025468
Train loss: 0.6593765094227138 Val loss: 0.12001877993726678 Time: 0.2927474999887636
Train loss: 0.6907946294651097 Val loss: 0.12196888724867011 Time: 0.28738624999823514
Train loss: 0.6758699113065632 Val loss: 0.12537567732752022 Time: 0.2879849169985391
Train loss: 0.6381429874674964 Val loss: 0.1528028884373942 Time: 0.2880273749906337
Train loss: 0.603005662613441 Val loss: 0.19170048811531082 Time: 0.2880556659947615
Train loss: 0.661061650237059 Val loss: 0.19313789532317419 Time: 0.29451508400961757
Train loss: 0.766788207558939 Val loss: 0.18937776625017888 Time: 0.2882512500073062
Train loss: 0.6558029612433529 Val loss: 0.12219888078161723 Time: 0.30550266698992345
Train loss: 0.7992366831372806 Val loss: 0.13896772142043845 Time: 0.28865316600422375
Train loss: 0.9614554975978535 Val loss: 0.13879881584911244 Time: 0.28781916700245347
Train loss: 0.6823827672076881 Val loss: 0.1729136405176844 Time: 0.341084542000317
Train loss: 0.60614925838604 Val loss: 0.22300308735946714 Time: 0.28780937498959247
Train loss: 0.6034812135867114 Val loss: 0.19081147795797584 Time: 0.287771208997583
Train loss: 0.6315432232072691 Val loss: 0.17528454890686626 Time: 0.2886971660045674
Shrinking learning rate to 1e-05
Train loss: 0.7330483201229543 Val loss: 0.15480982708715224 Time: 0.2932561670022551
Train loss: 0.6259826161571276 Val loss: 0.14412093664418135 Time: 0.2886691249877913
Train loss: 0.5946121088280023 Val loss: 0.1402573273421784 Time: 0.28832175000570714
Train loss: 0.5734683634296767 Val loss: 0.13685454645049433 Time: 0.28867325000464916
Train loss: 0.5594284507507126 Val loss: 0.13471833910510364 Time: 0.2876769579888787
Train loss: 0.5488937040310032 Val loss: 0.1319305162901928 Time: 0.28807462500117254
Train loss: 0.5413755149724475 Val loss: 0.1295999328190825 Time: 0.2928917090030154
Train loss: 0.5355871878798304 Val loss: 0.1275381359379219 Time: 0.299989540988463
Train loss: 0.5309445690864898 Val loss: 0.1257327865396885 Time: 0.2944413750083186
Train loss: 0.5275998839054239 Val loss: 0.1241373645548765 Time: 0.28953862500202376
Train loss: 0.5240727960232476 Val loss: 0.12278503009608893 Time: 0.29009291699912865
Train loss: 0.5219773846434848 Val loss: 0.12159815960876606 Time: 0.28959533300076146
Train loss: 0.5188562723493746 Val loss: 0.12054322658716661 Time: 0.28905716601002496
Train loss: 0.5172298621348403 Val loss: 0.11966062616887031 Time: 0.3178405840008054
Train loss: 0.5152235593347179 Val loss: 0.11878063763608442 Time: 0.30023012500896584
Train loss: 0.5127501084793673 Val loss: 0.1180973388187564 Time: 0.2912015420006355
Train loss: 0.5109880687357367 Val loss: 0.11741467799664175 Time: 0.2897473749908386
Train loss: 0.509120579023417 Val loss: 0.11684028069448582 Time: 0.2970346249931026
Train loss: 0.5073818325690382 Val loss: 0.11633340933922728 Time: 0.3026459170068847
Train loss: 0.5060260159981169 Val loss: 0.11590342884455437 Time: 0.2913555839913897
Train loss: 0.5044821822229579 Val loss: 0.11550584223014175 Time: 0.2978452920069685
Train loss: 0.5032728241090467 Val loss: 0.11516170789589633 Time: 0.3000075830059359
Train loss: 0.501959022148343 Val loss: 0.1148465722388786 Time: 0.2925749999994878
Train loss: 0.5008028757070466 Val loss: 0.11453283907094441 Time: 0.3048014170053648
Train loss: 0.499476590859282 Val loss: 0.11426524484896566 Time: 0.29459379200125113
Train loss: 0.4983112105509093 Val loss: 0.11399651396697551 Time: 0.2938401670107851
Train loss: 0.4972563760770541 Val loss: 0.11377606428686322 Time: 0.29057945900422055
Train loss: 0.4961664218585753 Val loss: 0.11355368137591539 Time: 0.29132366699923296
Train loss: 0.4951357341680449 Val loss: 0.11335072018223416 Time: 0.29461745799926575
Train loss: 0.4941119833329388 Val loss: 0.11316233799546226 Time: 0.2956069159990875
Train loss: 0.4931424747732258 Val loss: 0.11301482687940709 Time: 0.35526758299965877
Train loss: 0.49214974907283704 Val loss: 0.11286984740020686 Time: 0.29092158400453627
Train loss: 0.491104212498783 Val loss: 0.11273538259165888 Time: 0.29606158399838023
Train loss: 0.4904641218510477 Val loss: 0.1126146072133073 Time: 0.2897742909990484
Train loss: 0.4892857188567312 Val loss: 0.11248439467711538 Time: 0.2885495410009753
Train loss: 0.48866366903660463 Val loss: 0.11237018000023857 Time: 0.29198329099745024
Train loss: 0.4876086338790202 Val loss: 0.11224014152729896 Time: 0.28886537499784026
Train loss: 0.4870040508758722 Val loss: 0.11214353037635548 Time: 0.30215074999432545
Train loss: 0.48601699815198174 Val loss: 0.1120417691102854 Time: 0.2890713329979917
Train loss: 0.4855186294905369 Val loss: 0.1119534626500201 Time: 0.289553791997605
Train loss: 0.48456932811898756 Val loss: 0.11185245024012466 Time: 0.29051916699972935
Train loss: 0.48368270863456786 Val loss: 0.11176403548749304 Time: 0.29008441700716503
Train loss: 0.4832396256741198 Val loss: 0.11169185471695069 Time: 0.2931549589993665
Train loss: 0.4821866460208213 Val loss: 0.11159568929094854 Time: 0.2898448750056559
Train loss: 0.4817044940933499 Val loss: 0.1115282415284097 Time: 0.2890283750020899
Train loss: 0.4807889927415516 Val loss: 0.11145446995134312 Time: 0.28959587500139605
Train loss: 0.48000758042590475 Val loss: 0.11137816489633481 Time: 0.28852662499411963
Train loss: 0.4795089787749056 Val loss: 0.11132109254879 Time: 0.28864524999517016
Train loss: 0.47855620522335673 Val loss: 0.11124592798773222 Time: 0.2888758329936536
Train loss: 0.47795921779749406 Val loss: 0.1111910278490092 Time: 0.2937666670040926
Train loss: 0.47729111698509996 Val loss: 0.1111323574645792 Time: 0.28888820800057147
Train loss: 0.47659145646507284 Val loss: 0.11108046976442465 Time: 0.2888007080036914
Train loss: 0.47604606750954304 Val loss: 0.11103523107087317 Time: 0.2871927499945741
Train loss: 0.47516535454178666 Val loss: 0.11096821635589145 Time: 0.2877841250010533
Train loss: 0.47448769609716757 Val loss: 0.11092114675764495 Time: 0.29006704200583044
Train loss: 0.4742644111398171 Val loss: 0.1108865620267432 Time: 0.2894204579934012
Train loss: 0.4732584046361552 Val loss: 0.11082275408254633 Time: 0.29305849999946076
Train loss: 0.47299924490856565 Val loss: 0.11079339929632095 Time: 0.2895072090032045
Train loss: 0.47181901093151524 Val loss: 0.11073185911137487 Time: 0.2898700420046225
Train loss: 0.4717342577306063 Val loss: 0.11071052100426737 Time: 0.2885231669934001
Train loss: 0.4707382003281282 Val loss: 0.11065260506529678 Time: 0.2892741250107065
Train loss: 0.4703350516093394 Val loss: 0.11062509413917439 Time: 0.2883296250074636
Train loss: 0.46947105838575 Val loss: 0.11057923043449831 Time: 0.2877511249971576
Train loss: 0.4692255707183506 Val loss: 0.11055647711688897 Time: 0.2926354580122279
Train loss: 0.46845123585325155 Val loss: 0.11050949328286529 Time: 0.28899637499125674
Train loss: 0.46777072230824857 Val loss: 0.11046834889472798 Time: 0.2978812079963973
Train loss: 0.4675265135641098 Val loss: 0.11045098434828617 Time: 0.2888185829942813
Train loss: 0.4664471521782616 Val loss: 0.11039975018039387 Time: 0.2890018749894807
Train loss: 0.46636488477881244 Val loss: 0.11038615438976286 Time: 0.28731725001125596
Train loss: 0.46541320564605826 Val loss: 0.11033794017745682 Time: 0.2895589160034433
Train loss: 0.4652401627429299 Val loss: 0.11032478550560963 Time: 0.31168020800396334
Train loss: 0.46422014350937957 Val loss: 0.11027565554193994 Time: 0.2897653749969322
Train loss: 0.46405386178728136 Val loss: 0.1102657352322737 Time: 0.2946741670020856
Train loss: 0.46317834189241935 Val loss: 0.11022411921355585 Time: 0.28305600000021514
Train loss: 0.46280918889890543 Val loss: 0.11020617752824863 Time: 0.2858282500092173
Train loss: 0.462076368034122 Val loss: 0.11017215365417407 Time: 0.29524587499327026
Train loss: 0.4617381598745389 Val loss: 0.11015586837425663 Time: 0.30859133299964014
Train loss: 0.46115986491857663 Val loss: 0.11013239397904857 Time: 0.2903517910017399
Train loss: 0.46032035508085745 Val loss: 0.11009251305857205 Time: 0.28320612499373965
Train loss: 0.4601723640613522 Val loss: 0.11008519055470149 Time: 0.2842337500042049
Train loss: 0.45926864759725916 Val loss: 0.11004614567317708 Time: 0.2819595000037225
Train loss: 0.4590532911028653 Val loss: 0.11003634248406505 Time: 0.530757916989387
Train loss: 0.45868769007065957 Val loss: 0.11002121303740459 Time: 0.3593039580009645
Train loss: 0.4575177725527537 Val loss: 0.10997070500636016 Time: 0.3321523330087075
Train loss: 0.45741496355011435 Val loss: 0.10996596007105794 Time: 0.33230420800100546
Train loss: 0.45696609021013135 Val loss: 0.10994725200262113 Time: 0.28645583300385624
Train loss: 0.45623074941757125 Val loss: 0.10991596754909476 Time: 0.28935533299227245
Train loss: 0.4557198120338022 Val loss: 0.10989465178046298 Time: 0.28593774999899324
Train loss: 0.4549319053164105 Val loss: 0.10986193257230788 Time: 0.297277916004532
Train loss: 0.4548006612826363 Val loss: 0.10985660616221667 Time: 0.35631716599164065
Train loss: 0.4541433449466483 Val loss: 0.10982989875619312 Time: 0.33451899999636225
Train loss: 0.453383759680392 Val loss: 0.10979894608715525 Time: 0.4222174579917919
Train loss: 0.4531299421117403 Val loss: 0.1097897087353761 Time: 0.3834855839959346
Train loss: 0.4525197990293286 Val loss: 0.10976426105834437 Time: 0.342965167001239
Train loss: 0.45183695618809594 Val loss: 0.10973809014356697 Time: 0.31338229098764714
Train loss: 0.45159887565749557 Val loss: 0.10972897348490275 Time: 0.2873152919928543
Train loss: 0.45108281644768056 Val loss: 0.10970857911775668 Time: 0.2839380419900408
Train loss: 0.45035058876398537 Val loss: 0.10968147499847837 Time: 0.2831174590101
Train loss: 0.45023797071216975 Val loss: 0.1096816110577235 Time: 0.282944459002465
Train loss: 0.44955126034795345 Val loss: 0.10965182218496157 Time: 0.28399491700110957
Train loss: 0.4488096584342962 Val loss: 0.10962558343688475 Time: 0.284018708000076
Train loss: 0.4487511980349126 Val loss: 0.10962368093104216 Time: 0.2841975839983206
Train loss: 0.44787222422098694 Val loss: 0.10959198152147553 Time: 0.28460845799418166
Train loss: 0.44763203546248675 Val loss: 0.10958593094169701 Time: 0.2884092909953324
Train loss: 0.44721128160769297 Val loss: 0.10957009156311655 Time: 0.2832717080018483
Train loss: 0.4464970676476696 Val loss: 0.10954602792392441 Time: 0.30980458301200997
Train loss: 0.4463367050785296 Val loss: 0.10953814637253434 Time: 0.2858963750040857
Train loss: 0.4458165580584037 Val loss: 0.10951989082839134 Time: 0.28264874999877065
Train loss: 0.44509759304707863 Val loss: 0.10949035490899961 Time: 0.28422441700240597
Complete
 Total time: 73.91482775000622